

================================================================
== Vitis HLS Report for 'stage_rgb2eq_Pipeline_PASS2'
================================================================
* Date:           Fri Apr 10 10:37:27 2026

* Version:        2025.1.1 (Build 6214317 on Sep 11 2025)
* Project:        project_1
* Solution:       hls (Vivado IP Flow Target)
* Product family: zynquplus
* Target device:  xczu3eg-sbva484-1-e


================================================================
== Performance Estimates
================================================================
+ Timing: 
    * Summary: 
    +--------+---------+----------+------------+
    |  Clock |  Target | Estimated| Uncertainty|
    +--------+---------+----------+------------+
    |ap_clk  |  4.00 ns|  3.320 ns|     1.08 ns|
    +--------+---------+----------+------------+

+ Latency: 
    * Summary: 
    +---------+---------+-----------+-----------+------+------+------------------------------------------------+
    |  Latency (cycles) |   Latency (absolute)  |   Interval  |                    Pipeline                    |
    |   min   |   max   |    min    |    max    |  min |  max |                      Type                      |
    +---------+---------+-----------+-----------+------+------+------------------------------------------------+
    |     4166|     4166|  16.664 us|  16.664 us|  4097|  4097|  loop auto-rewind stp (delay=0 clock cycles(s))|
    +---------+---------+-----------+-----------+------+------+------------------------------------------------+

    + Detail: 
        * Instance: 
        N/A

        * Loop: 
        +----------+---------+---------+----------+-----------+-----------+------+----------+
        |          |  Latency (cycles) | Iteration|  Initiation Interval  | Trip |          |
        | Loop Name|   min   |   max   |  Latency |  achieved |   target  | Count| Pipelined|
        +----------+---------+---------+----------+-----------+-----------+------+----------+
        |- PASS2   |     4164|     4164|        70|          1|          1|  4096|       yes|
        +----------+---------+---------+----------+-----------+-----------+------+----------+



================================================================
== Utilization Estimates
================================================================
* Summary: 
+-----------------+---------+-----+--------+-------+-----+
|       Name      | BRAM_18K| DSP |   FF   |  LUT  | URAM|
+-----------------+---------+-----+--------+-------+-----+
|DSP              |        -|    -|       -|      -|    -|
|Expression       |        -|    -|       0|   2487|    -|
|FIFO             |        -|    -|       -|      -|    -|
|Instance         |        -|    -|       0|   1460|    -|
|Memory           |        -|    -|       -|      -|    -|
|Multiplexer      |        -|    -|       0|     45|    -|
|Register         |        -|    -|    1179|    128|    -|
+-----------------+---------+-----+--------+-------+-----+
|Total            |        0|    0|    1179|   4120|    0|
+-----------------+---------+-----+--------+-------+-----+
|Available        |      432|  360|  141120|  70560|    0|
+-----------------+---------+-----+--------+-------+-----+
|Utilization (%)  |        0|    0|      ~0|      5|    0|
+-----------------+---------+-----+--------+-------+-----+

+ Detail: 
    * Instance: 
    +-----------------------------------+------------------------------+---------+----+---+------+-----+
    |              Instance             |            Module            | BRAM_18K| DSP| FF|  LUT | URAM|
    +-----------------------------------+------------------------------+---------+----+---+------+-----+
    |bitselect_1ns_54ns_6ns_1_1_1_U813  |bitselect_1ns_54ns_6ns_1_1_1  |        0|   0|  0|    17|    0|
    |bitselect_1ns_54ns_6ns_1_1_1_U814  |bitselect_1ns_54ns_6ns_1_1_1  |        0|   0|  0|    17|    0|
    |ctlz_16_16_1_1_U811                |ctlz_16_16_1_1                |        0|   0|  0|    19|    0|
    |fcmp_32ns_32ns_1_3_no_dsp_1_U810   |fcmp_32ns_32ns_1_3_no_dsp_1   |        0|   0|  0|     0|    0|
    |sparsemux_513_8_32_1_1_U812        |sparsemux_513_8_32_1_1        |        0|   0|  0|  1362|    0|
    |sparsemux_7_2_16_1_1_U815          |sparsemux_7_2_16_1_1          |        0|   0|  0|     9|    0|
    |sparsemux_7_2_16_1_1_U819          |sparsemux_7_2_16_1_1          |        0|   0|  0|     9|    0|
    |sparsemux_7_2_1_1_1_U816           |sparsemux_7_2_1_1_1           |        0|   0|  0|     9|    0|
    |sparsemux_7_2_1_1_1_U817           |sparsemux_7_2_1_1_1           |        0|   0|  0|     9|    0|
    |sparsemux_7_2_1_1_1_U818           |sparsemux_7_2_1_1_1           |        0|   0|  0|     9|    0|
    +-----------------------------------+------------------------------+---------+----+---+------+-----+
    |Total                              |                              |        0|   0|  0|  1460|    0|
    +-----------------------------------+------------------------------+---------+----+---+------+-----+

    * DSP: 
    N/A

    * Memory: 
    N/A

    * FIFO: 
    N/A

    * Expression: 
    +-----------------------------------+----------+----+---+-----+------------+------------+
    |           Variable Name           | Operation| DSP| FF| LUT | Bitwidth P0| Bitwidth P1|
    +-----------------------------------+----------+----+---+-----+------------+------------+
    |add_ln109_fu_2824_p2               |         +|   0|  0|   20|          13|           1|
    |add_ln317_fu_3005_p2               |         +|   0|  0|   16|           9|           8|
    |add_ln46_2_fu_4280_p2              |         +|   0|  0|   23|          16|          16|
    |add_ln46_3_fu_4164_p2              |         +|   0|  0|   19|          12|          12|
    |add_ln46_4_fu_4175_p2              |         +|   0|  0|   19|          12|           2|
    |add_ln46_5_fu_4184_p2              |         +|   0|  0|   19|          12|           3|
    |add_ln46_fu_4049_p2                |         +|   0|  0|   19|          12|           5|
    |add_ln51_1_fu_2938_p2              |         +|   0|  0|   15|           8|           8|
    |add_ln51_fu_2882_p2                |         +|   0|  0|   12|           5|           4|
    |tmp_15_fu_4145_p2                  |         +|   0|  0|   13|           6|           5|
    |result_2_fu_3096_p2                |         -|   0|  0|   39|           1|          32|
    |sub_ln18_fu_3019_p2                |         -|   0|  0|   15|           7|           8|
    |sub_ln46_1_fu_4029_p2              |         -|   0|  0|   19|          11|          12|
    |sub_ln46_2_fu_4059_p2              |         -|   0|  0|   18|           4|          11|
    |sub_ln46_fu_4017_p2                |         -|   0|  0|   61|           1|          54|
    |sub_ln51_1_fu_2928_p2              |         -|   0|  0|   12|           2|           5|
    |sub_ln51_fu_2853_p2                |         -|   0|  0|   23|           1|          16|
    |pi_assign_1_fu_2951_p5             |      1003|   0|  0|    2|          64|           9|
    |Range1_all_ones_2_i1_fu_4457_p2    |       and|   0|  0|    2|           1|           1|
    |Range1_all_zeros_2_i1_fu_4476_p2   |       and|   0|  0|    2|           1|           1|
    |and_ln116_fu_3961_p2               |       and|   0|  0|    2|           1|           1|
    |and_ln46_10_fu_4582_p2             |       and|   0|  0|    2|           1|           1|
    |and_ln46_11_fu_4597_p2             |       and|   0|  0|    2|           1|           1|
    |and_ln46_12_fu_4603_p2             |       and|   0|  0|    2|           1|           1|
    |and_ln46_13_fu_4613_p2             |       and|   0|  0|    2|           1|           1|
    |and_ln46_14_fu_4638_p2             |       and|   0|  0|    2|           1|           1|
    |and_ln46_15_fu_4644_p2             |       and|   0|  0|    2|           1|           1|
    |and_ln46_1_fu_4335_p2              |       and|   0|  0|    2|           1|           1|
    |and_ln46_3_fu_4395_p2              |       and|   0|  0|    2|           1|           1|
    |and_ln46_6_fu_4443_p2              |       and|   0|  0|    2|           1|           1|
    |and_ln46_7_fu_4501_p2              |       and|   0|  0|    2|           1|           1|
    |and_ln46_8_fu_4535_p2              |       and|   0|  0|    2|           1|           1|
    |and_ln46_9_fu_4545_p2              |       and|   0|  0|    2|           1|           1|
    |and_ln46_fu_4304_p2                |       and|   0|  0|    2|           1|           1|
    |ap_block_pp0_stage0_00001_grp1     |       and|   0|  0|    2|           1|           1|
    |carry_1_i85_fu_4341_p2             |       and|   0|  0|    2|           1|           1|
    |lD_0_i101_fu_4217_p2               |       and|   0|  0|    2|           1|           1|
    |neg_src_0_i1_fu_4556_p2            |       and|   0|  0|    2|           1|           1|
    |ashr_ln46_fu_4112_p2               |      ashr|   0|  0|  159|          54|          54|
    |icmp_ln109_fu_2818_p2              |      icmp|   0|  0|   21|          13|          14|
    |icmp_ln114_fu_3141_p2              |      icmp|   0|  0|   30|          23|           1|
    |icmp_ln116_1_fu_3951_p2            |      icmp|   0|  0|   30|          23|           1|
    |icmp_ln116_fu_3945_p2              |      icmp|   0|  0|   15|           8|           2|
    |icmp_ln46_10_fu_4365_p2            |      icmp|   0|  0|   19|          12|           6|
    |icmp_ln46_11_fu_4370_p2            |      icmp|   0|  0|   61|          54|          54|
    |icmp_ln46_12_fu_4411_p2            |      icmp|   0|  0|   61|          54|           1|
    |icmp_ln46_13_fu_4422_p2            |      icmp|   0|  0|   19|          12|           6|
    |icmp_ln46_14_fu_4243_p2            |      icmp|   0|  0|   61|          54|           1|
    |icmp_ln46_1_fu_4043_p2             |      icmp|   0|  0|   19|          12|           4|
    |icmp_ln46_2_fu_4088_p2             |      icmp|   0|  0|   19|          12|           4|
    |icmp_ln46_3_fu_4097_p2             |      icmp|   0|  0|   18|          11|           6|
    |icmp_ln46_4_fu_4130_p2             |      icmp|   0|  0|   19|          12|           6|
    |icmp_ln46_5_fu_4135_p2             |      icmp|   0|  0|   14|           7|           1|
    |icmp_ln46_6_fu_4169_p2             |      icmp|   0|  0|   19|          12|           2|
    |icmp_ln46_7_fu_4189_p2             |      icmp|   0|  0|   19|          12|           6|
    |icmp_ln46_8_fu_4203_p2             |      icmp|   0|  0|   19|          12|           6|
    |icmp_ln46_9_fu_4360_p2             |      icmp|   0|  0|   19|          12|           6|
    |icmp_ln46_fu_4023_p2               |      icmp|   0|  0|   70|          63|           1|
    |icmp_ln51_fu_2848_p2               |      icmp|   0|  0|   23|          16|           1|
    |lshr_ln18_fu_3057_p2               |      lshr|   0|  0|  240|          79|          79|
    |lshr_ln46_1_fu_4237_p2             |      lshr|   0|  0|  159|           2|          54|
    |lshr_ln46_fu_4231_p2               |      lshr|   0|  0|  159|          54|          54|
    |Range1_all_zeros_2_i1_fu_4476_p6   |        or|   0|  0|    2|           1|           1|
    |deleted_ones_0_i147_fu_4520_p2     |        or|   0|  0|    2|           1|           1|
    |or_ln116_fu_3957_p2                |        or|   0|  0|    2|           1|           1|
    |or_ln46_1_fu_4438_p2               |        or|   0|  0|    2|           1|           1|
    |or_ln46_2_fu_4496_p2               |        or|   0|  0|    2|           1|           1|
    |or_ln46_3_fu_4587_p2               |        or|   0|  0|    2|           1|           1|
    |or_ln46_4_fu_4619_p2               |        or|   0|  0|    2|           1|           1|
    |Range2_all_ones_1_i114_fu_4387_p3  |    select|   0|  0|    2|           1|           1|
    |bin_1_fu_3119_p3                   |    select|   0|  0|   30|           1|           1|
    |bin_2_fu_3146_p3                   |    select|   0|  0|    8|           1|           2|
    |cond193_i139_fu_4507_p3            |    select|   0|  0|    2|           1|           1|
    |cond64_i72_fu_4264_p3              |    select|   0|  0|    2|           1|           1|
    |data_fu_2974_p3                    |    select|   0|  0|   32|           1|           1|
    |p_0_fu_4656_p4                     |    select|   0|  0|   17|           1|          15|
    |ref_tmp_i_i_i1_fu_4316_p6          |    select|   0|  0|   16|           1|          16|
    |result_fu_3101_p3                  |    select|   0|  0|   32|           1|          32|
    |select_ln18_fu_3029_p3             |    select|   0|  0|    8|           1|           9|
    |select_ln46_1_fu_4065_p3           |    select|   0|  0|   10|           1|          11|
    |select_ln46_2_fu_4102_p3           |    select|   0|  0|    2|           1|           2|
    |select_ln46_3_fu_4122_p3           |    select|   0|  0|   16|           1|          16|
    |select_ln46_5_fu_4530_p3           |    select|   0|  0|    2|           1|           1|
    |select_ln46_fu_4083_p3             |    select|   0|  0|   53|           1|          54|
    |select_ln51_1_fu_2920_p3           |    select|   0|  0|    7|           1|           7|
    |select_ln51_fu_2858_p3             |    select|   0|  0|   16|           1|          16|
    |select_ln735_fu_3969_p3            |    select|   0|  0|   56|           1|          62|
    |val_fu_3089_p3                     |    select|   0|  0|   32|           1|          32|
    |shl_ln18_fu_3063_p2                |       shl|   0|  0|  240|          79|          79|
    |shl_ln46_fu_4252_p2                |       shl|   0|  0|   35|          16|          16|
    |shl_ln51_fu_2892_p2                |       shl|   0|  0|  133|          40|          40|
    |ap_enable_pp0                      |       xor|   0|  0|    2|           1|           2|
    |neg_src_0_i1_fu_4556_p4            |       xor|   0|  0|    2|           2|           1|
    |not_icmp_ln46_25100_fu_4515_p2     |       xor|   0|  0|    2|           1|           2|
    |xor_ln46_10_fu_4633_p2             |       xor|   0|  0|    2|           1|           2|
    |xor_ln46_1_fu_4299_p2              |       xor|   0|  0|    2|           1|           2|
    |xor_ln46_2_fu_4355_p2              |       xor|   0|  0|    2|           1|           2|
    |xor_ln46_3_fu_4381_p2              |       xor|   0|  0|    2|           1|           2|
    |xor_ln46_4_fu_4406_p2              |       xor|   0|  0|    2|           1|           2|
    |xor_ln46_5_fu_4432_p2              |       xor|   0|  0|    2|           1|           2|
    |xor_ln46_7_fu_4576_p2              |       xor|   0|  0|    2|           1|           2|
    |xor_ln46_8_fu_4592_p2              |       xor|   0|  0|    2|           1|           2|
    |xor_ln46_9_fu_4607_p2              |       xor|   0|  0|    2|           2|           1|
    |xor_ln46_fu_4293_p2                |       xor|   0|  0|    2|           1|           2|
    +-----------------------------------+----------+----+---+-----+------------+------------+
    |Total                              |          |   0|  0| 2487|        1015|        1047|
    +-----------------------------------+----------+----+---+-----+------------+------------+

    * Multiplexer: 
    +-------------------------+----+-----------+-----+-----------+
    |           Name          | LUT| Input Size| Bits| Total Bits|
    +-------------------------+----+-----------+-----+-----------+
    |ap_done_int              |   9|          2|    1|          2|
    |ap_enable_reg_pp0_iter1  |   9|          2|    1|          2|
    |ap_sig_allocacmp_idx_1   |   9|          2|   13|         26|
    |equalized_stream_blk_n   |   9|          2|    1|          2|
    |idx_fu_1214              |   9|          2|   13|         26|
    +-------------------------+----+-----------+-----+-----------+
    |Total                    |  45|         10|   29|         58|
    +-------------------------+----+-----------+-----+-----------+

    * Register: 
    +---------------------------------------+----+----+-----+-----------+
    |                  Name                 | FF | LUT| Bits| Const Bits|
    +---------------------------------------+----+----+-----+-----------+
    |LD_reg_6010                            |  32|   0|   32|          0|
    |Range1_all_ones_2_i1_reg_6275          |   1|   0|    1|          0|
    |Range1_all_zeros_2_i1_reg_6281         |   1|   0|    1|          0|
    |add_ln46_5_reg_6212                    |  12|   0|   12|          0|
    |add_ln46_reg_6157                      |  12|   0|   12|          0|
    |ap_CS_fsm                              |   1|   0|    1|          0|
    |ap_done_reg                            |   1|   0|    1|          0|
    |ap_enable_reg_pp0_iter1                |   1|   0|    1|          0|
    |ap_enable_reg_pp0_iter10               |   1|   0|    1|          0|
    |ap_enable_reg_pp0_iter11               |   1|   0|    1|          0|
    |ap_enable_reg_pp0_iter12               |   1|   0|    1|          0|
    |ap_enable_reg_pp0_iter13               |   1|   0|    1|          0|
    |ap_enable_reg_pp0_iter14               |   1|   0|    1|          0|
    |ap_enable_reg_pp0_iter15               |   1|   0|    1|          0|
    |ap_enable_reg_pp0_iter16               |   1|   0|    1|          0|
    |ap_enable_reg_pp0_iter17               |   1|   0|    1|          0|
    |ap_enable_reg_pp0_iter18               |   1|   0|    1|          0|
    |ap_enable_reg_pp0_iter19               |   1|   0|    1|          0|
    |ap_enable_reg_pp0_iter2                |   1|   0|    1|          0|
    |ap_enable_reg_pp0_iter20               |   1|   0|    1|          0|
    |ap_enable_reg_pp0_iter21               |   1|   0|    1|          0|
    |ap_enable_reg_pp0_iter22               |   1|   0|    1|          0|
    |ap_enable_reg_pp0_iter23               |   1|   0|    1|          0|
    |ap_enable_reg_pp0_iter24               |   1|   0|    1|          0|
    |ap_enable_reg_pp0_iter25               |   1|   0|    1|          0|
    |ap_enable_reg_pp0_iter26               |   1|   0|    1|          0|
    |ap_enable_reg_pp0_iter27               |   1|   0|    1|          0|
    |ap_enable_reg_pp0_iter28               |   1|   0|    1|          0|
    |ap_enable_reg_pp0_iter29               |   1|   0|    1|          0|
    |ap_enable_reg_pp0_iter3                |   1|   0|    1|          0|
    |ap_enable_reg_pp0_iter30               |   1|   0|    1|          0|
    |ap_enable_reg_pp0_iter31               |   1|   0|    1|          0|
    |ap_enable_reg_pp0_iter32               |   1|   0|    1|          0|
    |ap_enable_reg_pp0_iter33               |   1|   0|    1|          0|
    |ap_enable_reg_pp0_iter34               |   1|   0|    1|          0|
    |ap_enable_reg_pp0_iter35               |   1|   0|    1|          0|
    |ap_enable_reg_pp0_iter36               |   1|   0|    1|          0|
    |ap_enable_reg_pp0_iter37               |   1|   0|    1|          0|
    |ap_enable_reg_pp0_iter38               |   1|   0|    1|          0|
    |ap_enable_reg_pp0_iter39               |   1|   0|    1|          0|
    |ap_enable_reg_pp0_iter4                |   1|   0|    1|          0|
    |ap_enable_reg_pp0_iter40               |   1|   0|    1|          0|
    |ap_enable_reg_pp0_iter41               |   1|   0|    1|          0|
    |ap_enable_reg_pp0_iter42               |   1|   0|    1|          0|
    |ap_enable_reg_pp0_iter43               |   1|   0|    1|          0|
    |ap_enable_reg_pp0_iter44               |   1|   0|    1|          0|
    |ap_enable_reg_pp0_iter45               |   1|   0|    1|          0|
    |ap_enable_reg_pp0_iter46               |   1|   0|    1|          0|
    |ap_enable_reg_pp0_iter47               |   1|   0|    1|          0|
    |ap_enable_reg_pp0_iter48               |   1|   0|    1|          0|
    |ap_enable_reg_pp0_iter49               |   1|   0|    1|          0|
    |ap_enable_reg_pp0_iter5                |   1|   0|    1|          0|
    |ap_enable_reg_pp0_iter50               |   1|   0|    1|          0|
    |ap_enable_reg_pp0_iter51               |   1|   0|    1|          0|
    |ap_enable_reg_pp0_iter52               |   1|   0|    1|          0|
    |ap_enable_reg_pp0_iter53               |   1|   0|    1|          0|
    |ap_enable_reg_pp0_iter54               |   1|   0|    1|          0|
    |ap_enable_reg_pp0_iter55               |   1|   0|    1|          0|
    |ap_enable_reg_pp0_iter56               |   1|   0|    1|          0|
    |ap_enable_reg_pp0_iter57               |   1|   0|    1|          0|
    |ap_enable_reg_pp0_iter58               |   1|   0|    1|          0|
    |ap_enable_reg_pp0_iter59               |   1|   0|    1|          0|
    |ap_enable_reg_pp0_iter6                |   1|   0|    1|          0|
    |ap_enable_reg_pp0_iter60               |   1|   0|    1|          0|
    |ap_enable_reg_pp0_iter61               |   1|   0|    1|          0|
    |ap_enable_reg_pp0_iter62               |   1|   0|    1|          0|
    |ap_enable_reg_pp0_iter63               |   1|   0|    1|          0|
    |ap_enable_reg_pp0_iter64               |   1|   0|    1|          0|
    |ap_enable_reg_pp0_iter65               |   1|   0|    1|          0|
    |ap_enable_reg_pp0_iter66               |   1|   0|    1|          0|
    |ap_enable_reg_pp0_iter67               |   1|   0|    1|          0|
    |ap_enable_reg_pp0_iter68               |   1|   0|    1|          0|
    |ap_enable_reg_pp0_iter69               |   1|   0|    1|          0|
    |ap_enable_reg_pp0_iter7                |   1|   0|    1|          0|
    |ap_enable_reg_pp0_iter8                |   1|   0|    1|          0|
    |ap_enable_reg_pp0_iter9                |   1|   0|    1|          0|
    |ap_loop_exit_ready_pp0_iter10_reg      |   1|   0|    1|          0|
    |ap_loop_exit_ready_pp0_iter11_reg      |   1|   0|    1|          0|
    |ap_loop_exit_ready_pp0_iter12_reg      |   1|   0|    1|          0|
    |ap_loop_exit_ready_pp0_iter13_reg      |   1|   0|    1|          0|
    |ap_loop_exit_ready_pp0_iter14_reg      |   1|   0|    1|          0|
    |ap_loop_exit_ready_pp0_iter15_reg      |   1|   0|    1|          0|
    |ap_loop_exit_ready_pp0_iter16_reg      |   1|   0|    1|          0|
    |ap_loop_exit_ready_pp0_iter17_reg      |   1|   0|    1|          0|
    |ap_loop_exit_ready_pp0_iter18_reg      |   1|   0|    1|          0|
    |ap_loop_exit_ready_pp0_iter19_reg      |   1|   0|    1|          0|
    |ap_loop_exit_ready_pp0_iter1_reg       |   1|   0|    1|          0|
    |ap_loop_exit_ready_pp0_iter20_reg      |   1|   0|    1|          0|
    |ap_loop_exit_ready_pp0_iter21_reg      |   1|   0|    1|          0|
    |ap_loop_exit_ready_pp0_iter22_reg      |   1|   0|    1|          0|
    |ap_loop_exit_ready_pp0_iter23_reg      |   1|   0|    1|          0|
    |ap_loop_exit_ready_pp0_iter24_reg      |   1|   0|    1|          0|
    |ap_loop_exit_ready_pp0_iter25_reg      |   1|   0|    1|          0|
    |ap_loop_exit_ready_pp0_iter26_reg      |   1|   0|    1|          0|
    |ap_loop_exit_ready_pp0_iter27_reg      |   1|   0|    1|          0|
    |ap_loop_exit_ready_pp0_iter28_reg      |   1|   0|    1|          0|
    |ap_loop_exit_ready_pp0_iter29_reg      |   1|   0|    1|          0|
    |ap_loop_exit_ready_pp0_iter2_reg       |   1|   0|    1|          0|
    |ap_loop_exit_ready_pp0_iter30_reg      |   1|   0|    1|          0|
    |ap_loop_exit_ready_pp0_iter31_reg      |   1|   0|    1|          0|
    |ap_loop_exit_ready_pp0_iter32_reg      |   1|   0|    1|          0|
    |ap_loop_exit_ready_pp0_iter33_reg      |   1|   0|    1|          0|
    |ap_loop_exit_ready_pp0_iter34_reg      |   1|   0|    1|          0|
    |ap_loop_exit_ready_pp0_iter35_reg      |   1|   0|    1|          0|
    |ap_loop_exit_ready_pp0_iter36_reg      |   1|   0|    1|          0|
    |ap_loop_exit_ready_pp0_iter37_reg      |   1|   0|    1|          0|
    |ap_loop_exit_ready_pp0_iter38_reg      |   1|   0|    1|          0|
    |ap_loop_exit_ready_pp0_iter39_reg      |   1|   0|    1|          0|
    |ap_loop_exit_ready_pp0_iter3_reg       |   1|   0|    1|          0|
    |ap_loop_exit_ready_pp0_iter40_reg      |   1|   0|    1|          0|
    |ap_loop_exit_ready_pp0_iter41_reg      |   1|   0|    1|          0|
    |ap_loop_exit_ready_pp0_iter42_reg      |   1|   0|    1|          0|
    |ap_loop_exit_ready_pp0_iter43_reg      |   1|   0|    1|          0|
    |ap_loop_exit_ready_pp0_iter44_reg      |   1|   0|    1|          0|
    |ap_loop_exit_ready_pp0_iter45_reg      |   1|   0|    1|          0|
    |ap_loop_exit_ready_pp0_iter46_reg      |   1|   0|    1|          0|
    |ap_loop_exit_ready_pp0_iter47_reg      |   1|   0|    1|          0|
    |ap_loop_exit_ready_pp0_iter48_reg      |   1|   0|    1|          0|
    |ap_loop_exit_ready_pp0_iter49_reg      |   1|   0|    1|          0|
    |ap_loop_exit_ready_pp0_iter4_reg       |   1|   0|    1|          0|
    |ap_loop_exit_ready_pp0_iter50_reg      |   1|   0|    1|          0|
    |ap_loop_exit_ready_pp0_iter51_reg      |   1|   0|    1|          0|
    |ap_loop_exit_ready_pp0_iter52_reg      |   1|   0|    1|          0|
    |ap_loop_exit_ready_pp0_iter53_reg      |   1|   0|    1|          0|
    |ap_loop_exit_ready_pp0_iter54_reg      |   1|   0|    1|          0|
    |ap_loop_exit_ready_pp0_iter55_reg      |   1|   0|    1|          0|
    |ap_loop_exit_ready_pp0_iter56_reg      |   1|   0|    1|          0|
    |ap_loop_exit_ready_pp0_iter57_reg      |   1|   0|    1|          0|
    |ap_loop_exit_ready_pp0_iter58_reg      |   1|   0|    1|          0|
    |ap_loop_exit_ready_pp0_iter59_reg      |   1|   0|    1|          0|
    |ap_loop_exit_ready_pp0_iter5_reg       |   1|   0|    1|          0|
    |ap_loop_exit_ready_pp0_iter60_reg      |   1|   0|    1|          0|
    |ap_loop_exit_ready_pp0_iter61_reg      |   1|   0|    1|          0|
    |ap_loop_exit_ready_pp0_iter62_reg      |   1|   0|    1|          0|
    |ap_loop_exit_ready_pp0_iter63_reg      |   1|   0|    1|          0|
    |ap_loop_exit_ready_pp0_iter64_reg      |   1|   0|    1|          0|
    |ap_loop_exit_ready_pp0_iter65_reg      |   1|   0|    1|          0|
    |ap_loop_exit_ready_pp0_iter66_reg      |   1|   0|    1|          0|
    |ap_loop_exit_ready_pp0_iter67_reg      |   1|   0|    1|          0|
    |ap_loop_exit_ready_pp0_iter68_reg      |   1|   0|    1|          0|
    |ap_loop_exit_ready_pp0_iter6_reg       |   1|   0|    1|          0|
    |ap_loop_exit_ready_pp0_iter7_reg       |   1|   0|    1|          0|
    |ap_loop_exit_ready_pp0_iter8_reg       |   1|   0|    1|          0|
    |ap_loop_exit_ready_pp0_iter9_reg       |   1|   0|    1|          0|
    |bin_2_reg_6061                         |   8|   0|    8|          0|
    |carry_1_i85_reg_6262                   |   1|   0|    1|          0|
    |cdf_normalized_reg_6081                |  32|   0|   32|          0|
    |conv_reg_6071                          |  32|   0|   32|          0|
    |deleted_ones_0_i147_reg_6291           |   1|   0|    1|          0|
    |icmp_ln116_1_reg_6093                  |   1|   0|    1|          0|
    |icmp_ln116_1_reg_6093_pp0_iter65_reg   |   1|   0|    1|          0|
    |icmp_ln116_reg_6088                    |   1|   0|    1|          0|
    |icmp_ln116_reg_6088_pp0_iter65_reg     |   1|   0|    1|          0|
    |icmp_ln46_14_reg_6252                  |   1|   0|    1|          0|
    |icmp_ln46_1_reg_6151                   |   1|   0|    1|          0|
    |icmp_ln46_1_reg_6151_pp0_iter67_reg    |   1|   0|    1|          0|
    |icmp_ln46_2_reg_6174                   |   1|   0|    1|          0|
    |icmp_ln46_4_reg_6192                   |   1|   0|    1|          0|
    |icmp_ln46_5_reg_6197                   |   1|   0|    1|          0|
    |icmp_ln46_6_reg_6207                   |   1|   0|    1|          0|
    |icmp_ln46_6_reg_6207_pp0_iter68_reg    |   1|   0|    1|          0|
    |icmp_ln46_7_reg_6220                   |   1|   0|    1|          0|
    |icmp_ln46_7_reg_6220_pp0_iter68_reg    |   1|   0|    1|          0|
    |icmp_ln46_reg_6133                     |   1|   0|    1|          0|
    |icmp_ln51_reg_5995                     |   1|   0|    1|          0|
    |idx_fu_1214                            |  13|   0|   13|          0|
    |lD_0_i101_reg_6234                     |   1|   0|    1|          0|
    |lshr_ln46_1_reg_6247                   |  54|   0|   54|          0|
    |lshr_ln46_reg_6241                     |  54|   0|   54|          0|
    |not_icmp_ln46_25100_reg_6286           |   1|   0|    1|          0|
    |phitmp_reg_6020                        |  32|   0|   32|          0|
    |ref_tmp_i_i_i1_reg_6257                |  16|   0|   16|          0|
    |select_ln18_reg_6040                   |   9|   0|    9|          0|
    |select_ln46_1_reg_6162                 |  11|   0|   11|          0|
    |select_ln46_1_reg_6162_pp0_iter67_reg  |  11|   0|   11|          0|
    |select_ln46_3_reg_6186                 |  16|   0|   16|          0|
    |select_ln51_reg_6000                   |  16|   0|   16|          0|
    |sub1_reg_6076                          |  32|   0|   32|          0|
    |sub_ln46_1_reg_6139                    |  12|   0|   12|          0|
    |sub_ln46_reg_6128                      |  54|   0|   54|          0|
    |tmp_10_reg_6098                        |   1|   0|    1|          0|
    |tmp_11_reg_6103                        |  64|   0|   64|          0|
    |tmp_12_reg_6108                        |   1|   0|    1|          0|
    |tmp_14_reg_6169                        |   7|   0|    7|          0|
    |tmp_15_reg_6202                        |   1|   0|    1|          0|
    |tmp_18_reg_6268                        |   1|   0|    1|          0|
    |tmp_19_reg_6227                        |   1|   0|    1|          0|
    |tmp_4_reg_6035                         |   1|   0|    1|          0|
    |tmp_7_reg_6056                         |  23|   0|   23|          0|
    |tmp_8_reg_6066                         |  32|   0|   32|          0|
    |tmp_reg_5989                           |   1|   0|    1|          0|
    |tmp_reg_5989_pp0_iter2_reg             |   1|   0|    1|          0|
    |trunc_ln112_reg_6051                   |   8|   0|    8|          0|
    |trunc_ln342_reg_6030                   |  23|   0|   23|          0|
    |trunc_ln46_2_reg_6146                  |   6|   0|    6|          0|
    |trunc_ln46_5_reg_6180                  |  16|   0|   16|          0|
    |trunc_ln51_reg_6005                    |   4|   0|    4|          0|
    |v_reg_5982                             |  16|   0|   16|          0|
    |val_reg_6045                           |  32|   0|   32|          0|
    |xs_sign_reg_6025                       |   1|   0|    1|          0|
    |xs_sign_reg_6025_pp0_iter12_reg        |   1|   0|    1|          0|
    |zext_ln46_1_reg_6123                   |  52|   0|   54|          2|
    |zext_ln46_reg_6118                     |  11|   0|   12|          1|
    |cdf_normalized_reg_6081                |  64|  32|   32|          0|
    |icmp_ln46_reg_6133                     |  64|  32|    1|          0|
    |icmp_ln51_reg_5995                     |  64|  32|    1|          0|
    |tmp_12_reg_6108                        |  64|  32|    1|          0|
    +---------------------------------------+----+----+-----+-----------+
    |Total                                  |1179| 128|  961|          3|
    +---------------------------------------+----+----+-----+-----------+



================================================================
== Interface
================================================================
* Summary: 
+---------------------------------+-----+-----+------------+-----------------------------+--------------+
|            RTL Ports            | Dir | Bits|  Protocol  |        Source Object        |    C Type    |
+---------------------------------+-----+-----+------------+-----------------------------+--------------+
|ap_clk                           |   in|    1|  ap_ctrl_hs|  stage_rgb2eq_Pipeline_PASS2|  return value|
|ap_rst                           |   in|    1|  ap_ctrl_hs|  stage_rgb2eq_Pipeline_PASS2|  return value|
|ap_start                         |   in|    1|  ap_ctrl_hs|  stage_rgb2eq_Pipeline_PASS2|  return value|
|ap_done                          |  out|    1|  ap_ctrl_hs|  stage_rgb2eq_Pipeline_PASS2|  return value|
|ap_idle                          |  out|    1|  ap_ctrl_hs|  stage_rgb2eq_Pipeline_PASS2|  return value|
|ap_ready                         |  out|    1|  ap_ctrl_hs|  stage_rgb2eq_Pipeline_PASS2|  return value|
|grp_fu_3204_p_din0               |  out|   32|  ap_ctrl_hs|  stage_rgb2eq_Pipeline_PASS2|  return value|
|grp_fu_3204_p_din1               |  out|   32|  ap_ctrl_hs|  stage_rgb2eq_Pipeline_PASS2|  return value|
|grp_fu_3204_p_opcode             |  out|    1|  ap_ctrl_hs|  stage_rgb2eq_Pipeline_PASS2|  return value|
|grp_fu_3204_p_dout0              |   in|   32|  ap_ctrl_hs|  stage_rgb2eq_Pipeline_PASS2|  return value|
|grp_fu_3204_p_ce                 |  out|    1|  ap_ctrl_hs|  stage_rgb2eq_Pipeline_PASS2|  return value|
|grp_fu_9967_p_din0               |  out|   32|  ap_ctrl_hs|  stage_rgb2eq_Pipeline_PASS2|  return value|
|grp_fu_9967_p_din1               |  out|   32|  ap_ctrl_hs|  stage_rgb2eq_Pipeline_PASS2|  return value|
|grp_fu_9967_p_dout0              |   in|   32|  ap_ctrl_hs|  stage_rgb2eq_Pipeline_PASS2|  return value|
|grp_fu_9967_p_ce                 |  out|    1|  ap_ctrl_hs|  stage_rgb2eq_Pipeline_PASS2|  return value|
|grp_fu_9960_p_din0               |  out|   32|  ap_ctrl_hs|  stage_rgb2eq_Pipeline_PASS2|  return value|
|grp_fu_9960_p_din1               |  out|   32|  ap_ctrl_hs|  stage_rgb2eq_Pipeline_PASS2|  return value|
|grp_fu_9960_p_dout0              |   in|   32|  ap_ctrl_hs|  stage_rgb2eq_Pipeline_PASS2|  return value|
|grp_fu_9960_p_ce                 |  out|    1|  ap_ctrl_hs|  stage_rgb2eq_Pipeline_PASS2|  return value|
|grp_fu_3209_p_din0               |  out|   32|  ap_ctrl_hs|  stage_rgb2eq_Pipeline_PASS2|  return value|
|grp_fu_3209_p_dout0              |   in|   32|  ap_ctrl_hs|  stage_rgb2eq_Pipeline_PASS2|  return value|
|grp_fu_3209_p_ce                 |  out|    1|  ap_ctrl_hs|  stage_rgb2eq_Pipeline_PASS2|  return value|
|grp_fu_9964_p_din0               |  out|   32|  ap_ctrl_hs|  stage_rgb2eq_Pipeline_PASS2|  return value|
|grp_fu_9964_p_dout0              |   in|   64|  ap_ctrl_hs|  stage_rgb2eq_Pipeline_PASS2|  return value|
|grp_fu_9964_p_ce                 |  out|    1|  ap_ctrl_hs|  stage_rgb2eq_Pipeline_PASS2|  return value|
|equalized_stream_din             |  out|   16|     ap_fifo|             equalized_stream|       pointer|
|equalized_stream_full_n          |   in|    1|     ap_fifo|             equalized_stream|       pointer|
|equalized_stream_write           |  out|    1|     ap_fifo|             equalized_stream|       pointer|
|equalized_stream_num_data_valid  |   in|   32|     ap_fifo|             equalized_stream|       pointer|
|equalized_stream_fifo_cap        |   in|   32|     ap_fifo|             equalized_stream|       pointer|
|intensity_buf_address0           |  out|   12|   ap_memory|                intensity_buf|         array|
|intensity_buf_ce0                |  out|    1|   ap_memory|                intensity_buf|         array|
|intensity_buf_q0                 |   in|   16|   ap_memory|                intensity_buf|         array|
|histogram_reload                 |   in|   32|     ap_none|             histogram_reload|        scalar|
|cdf_1_reload                     |   in|   32|     ap_none|                 cdf_1_reload|        scalar|
|cdf_2_reload                     |   in|   32|     ap_none|                 cdf_2_reload|        scalar|
|cdf_3_reload                     |   in|   32|     ap_none|                 cdf_3_reload|        scalar|
|cdf_4_reload                     |   in|   32|     ap_none|                 cdf_4_reload|        scalar|
|cdf_5_reload                     |   in|   32|     ap_none|                 cdf_5_reload|        scalar|
|cdf_6_reload                     |   in|   32|     ap_none|                 cdf_6_reload|        scalar|
|cdf_7_reload                     |   in|   32|     ap_none|                 cdf_7_reload|        scalar|
|cdf_8_reload                     |   in|   32|     ap_none|                 cdf_8_reload|        scalar|
|cdf_9_reload                     |   in|   32|     ap_none|                 cdf_9_reload|        scalar|
|cdf_10_reload                    |   in|   32|     ap_none|                cdf_10_reload|        scalar|
|cdf_11_reload                    |   in|   32|     ap_none|                cdf_11_reload|        scalar|
|cdf_12_reload                    |   in|   32|     ap_none|                cdf_12_reload|        scalar|
|cdf_13_reload                    |   in|   32|     ap_none|                cdf_13_reload|        scalar|
|cdf_14_reload                    |   in|   32|     ap_none|                cdf_14_reload|        scalar|
|cdf_15_reload                    |   in|   32|     ap_none|                cdf_15_reload|        scalar|
|cdf_16_reload                    |   in|   32|     ap_none|                cdf_16_reload|        scalar|
|cdf_17_reload                    |   in|   32|     ap_none|                cdf_17_reload|        scalar|
|cdf_18_reload                    |   in|   32|     ap_none|                cdf_18_reload|        scalar|
|cdf_19_reload                    |   in|   32|     ap_none|                cdf_19_reload|        scalar|
|cdf_20_reload                    |   in|   32|     ap_none|                cdf_20_reload|        scalar|
|cdf_21_reload                    |   in|   32|     ap_none|                cdf_21_reload|        scalar|
|cdf_22_reload                    |   in|   32|     ap_none|                cdf_22_reload|        scalar|
|cdf_23_reload                    |   in|   32|     ap_none|                cdf_23_reload|        scalar|
|cdf_24_reload                    |   in|   32|     ap_none|                cdf_24_reload|        scalar|
|cdf_25_reload                    |   in|   32|     ap_none|                cdf_25_reload|        scalar|
|cdf_26_reload                    |   in|   32|     ap_none|                cdf_26_reload|        scalar|
|cdf_27_reload                    |   in|   32|     ap_none|                cdf_27_reload|        scalar|
|cdf_28_reload                    |   in|   32|     ap_none|                cdf_28_reload|        scalar|
|cdf_29_reload                    |   in|   32|     ap_none|                cdf_29_reload|        scalar|
|cdf_30_reload                    |   in|   32|     ap_none|                cdf_30_reload|        scalar|
|cdf_31_reload                    |   in|   32|     ap_none|                cdf_31_reload|        scalar|
|cdf_32_reload                    |   in|   32|     ap_none|                cdf_32_reload|        scalar|
|cdf_33_reload                    |   in|   32|     ap_none|                cdf_33_reload|        scalar|
|cdf_34_reload                    |   in|   32|     ap_none|                cdf_34_reload|        scalar|
|cdf_35_reload                    |   in|   32|     ap_none|                cdf_35_reload|        scalar|
|cdf_36_reload                    |   in|   32|     ap_none|                cdf_36_reload|        scalar|
|cdf_37_reload                    |   in|   32|     ap_none|                cdf_37_reload|        scalar|
|cdf_38_reload                    |   in|   32|     ap_none|                cdf_38_reload|        scalar|
|cdf_39_reload                    |   in|   32|     ap_none|                cdf_39_reload|        scalar|
|cdf_40_reload                    |   in|   32|     ap_none|                cdf_40_reload|        scalar|
|cdf_41_reload                    |   in|   32|     ap_none|                cdf_41_reload|        scalar|
|cdf_42_reload                    |   in|   32|     ap_none|                cdf_42_reload|        scalar|
|cdf_43_reload                    |   in|   32|     ap_none|                cdf_43_reload|        scalar|
|cdf_44_reload                    |   in|   32|     ap_none|                cdf_44_reload|        scalar|
|cdf_45_reload                    |   in|   32|     ap_none|                cdf_45_reload|        scalar|
|cdf_46_reload                    |   in|   32|     ap_none|                cdf_46_reload|        scalar|
|cdf_47_reload                    |   in|   32|     ap_none|                cdf_47_reload|        scalar|
|cdf_48_reload                    |   in|   32|     ap_none|                cdf_48_reload|        scalar|
|cdf_49_reload                    |   in|   32|     ap_none|                cdf_49_reload|        scalar|
|cdf_50_reload                    |   in|   32|     ap_none|                cdf_50_reload|        scalar|
|cdf_51_reload                    |   in|   32|     ap_none|                cdf_51_reload|        scalar|
|cdf_52_reload                    |   in|   32|     ap_none|                cdf_52_reload|        scalar|
|cdf_53_reload                    |   in|   32|     ap_none|                cdf_53_reload|        scalar|
|cdf_54_reload                    |   in|   32|     ap_none|                cdf_54_reload|        scalar|
|cdf_55_reload                    |   in|   32|     ap_none|                cdf_55_reload|        scalar|
|cdf_56_reload                    |   in|   32|     ap_none|                cdf_56_reload|        scalar|
|cdf_57_reload                    |   in|   32|     ap_none|                cdf_57_reload|        scalar|
|cdf_58_reload                    |   in|   32|     ap_none|                cdf_58_reload|        scalar|
|cdf_59_reload                    |   in|   32|     ap_none|                cdf_59_reload|        scalar|
|cdf_60_reload                    |   in|   32|     ap_none|                cdf_60_reload|        scalar|
|cdf_61_reload                    |   in|   32|     ap_none|                cdf_61_reload|        scalar|
|cdf_62_reload                    |   in|   32|     ap_none|                cdf_62_reload|        scalar|
|cdf_63_reload                    |   in|   32|     ap_none|                cdf_63_reload|        scalar|
|cdf_64_reload                    |   in|   32|     ap_none|                cdf_64_reload|        scalar|
|cdf_65_reload                    |   in|   32|     ap_none|                cdf_65_reload|        scalar|
|cdf_66_reload                    |   in|   32|     ap_none|                cdf_66_reload|        scalar|
|cdf_67_reload                    |   in|   32|     ap_none|                cdf_67_reload|        scalar|
|cdf_68_reload                    |   in|   32|     ap_none|                cdf_68_reload|        scalar|
|cdf_69_reload                    |   in|   32|     ap_none|                cdf_69_reload|        scalar|
|cdf_70_reload                    |   in|   32|     ap_none|                cdf_70_reload|        scalar|
|cdf_71_reload                    |   in|   32|     ap_none|                cdf_71_reload|        scalar|
|cdf_72_reload                    |   in|   32|     ap_none|                cdf_72_reload|        scalar|
|cdf_73_reload                    |   in|   32|     ap_none|                cdf_73_reload|        scalar|
|cdf_74_reload                    |   in|   32|     ap_none|                cdf_74_reload|        scalar|
|cdf_75_reload                    |   in|   32|     ap_none|                cdf_75_reload|        scalar|
|cdf_76_reload                    |   in|   32|     ap_none|                cdf_76_reload|        scalar|
|cdf_77_reload                    |   in|   32|     ap_none|                cdf_77_reload|        scalar|
|cdf_78_reload                    |   in|   32|     ap_none|                cdf_78_reload|        scalar|
|cdf_79_reload                    |   in|   32|     ap_none|                cdf_79_reload|        scalar|
|cdf_80_reload                    |   in|   32|     ap_none|                cdf_80_reload|        scalar|
|cdf_81_reload                    |   in|   32|     ap_none|                cdf_81_reload|        scalar|
|cdf_82_reload                    |   in|   32|     ap_none|                cdf_82_reload|        scalar|
|cdf_83_reload                    |   in|   32|     ap_none|                cdf_83_reload|        scalar|
|cdf_84_reload                    |   in|   32|     ap_none|                cdf_84_reload|        scalar|
|cdf_85_reload                    |   in|   32|     ap_none|                cdf_85_reload|        scalar|
|cdf_86_reload                    |   in|   32|     ap_none|                cdf_86_reload|        scalar|
|cdf_87_reload                    |   in|   32|     ap_none|                cdf_87_reload|        scalar|
|cdf_88_reload                    |   in|   32|     ap_none|                cdf_88_reload|        scalar|
|cdf_89_reload                    |   in|   32|     ap_none|                cdf_89_reload|        scalar|
|cdf_90_reload                    |   in|   32|     ap_none|                cdf_90_reload|        scalar|
|cdf_91_reload                    |   in|   32|     ap_none|                cdf_91_reload|        scalar|
|cdf_92_reload                    |   in|   32|     ap_none|                cdf_92_reload|        scalar|
|cdf_93_reload                    |   in|   32|     ap_none|                cdf_93_reload|        scalar|
|cdf_94_reload                    |   in|   32|     ap_none|                cdf_94_reload|        scalar|
|cdf_95_reload                    |   in|   32|     ap_none|                cdf_95_reload|        scalar|
|cdf_96_reload                    |   in|   32|     ap_none|                cdf_96_reload|        scalar|
|cdf_97_reload                    |   in|   32|     ap_none|                cdf_97_reload|        scalar|
|cdf_98_reload                    |   in|   32|     ap_none|                cdf_98_reload|        scalar|
|cdf_99_reload                    |   in|   32|     ap_none|                cdf_99_reload|        scalar|
|cdf_100_reload                   |   in|   32|     ap_none|               cdf_100_reload|        scalar|
|cdf_101_reload                   |   in|   32|     ap_none|               cdf_101_reload|        scalar|
|cdf_102_reload                   |   in|   32|     ap_none|               cdf_102_reload|        scalar|
|cdf_103_reload                   |   in|   32|     ap_none|               cdf_103_reload|        scalar|
|cdf_104_reload                   |   in|   32|     ap_none|               cdf_104_reload|        scalar|
|cdf_105_reload                   |   in|   32|     ap_none|               cdf_105_reload|        scalar|
|cdf_106_reload                   |   in|   32|     ap_none|               cdf_106_reload|        scalar|
|cdf_107_reload                   |   in|   32|     ap_none|               cdf_107_reload|        scalar|
|cdf_108_reload                   |   in|   32|     ap_none|               cdf_108_reload|        scalar|
|cdf_109_reload                   |   in|   32|     ap_none|               cdf_109_reload|        scalar|
|cdf_110_reload                   |   in|   32|     ap_none|               cdf_110_reload|        scalar|
|cdf_111_reload                   |   in|   32|     ap_none|               cdf_111_reload|        scalar|
|cdf_112_reload                   |   in|   32|     ap_none|               cdf_112_reload|        scalar|
|cdf_113_reload                   |   in|   32|     ap_none|               cdf_113_reload|        scalar|
|cdf_114_reload                   |   in|   32|     ap_none|               cdf_114_reload|        scalar|
|cdf_115_reload                   |   in|   32|     ap_none|               cdf_115_reload|        scalar|
|cdf_116_reload                   |   in|   32|     ap_none|               cdf_116_reload|        scalar|
|cdf_117_reload                   |   in|   32|     ap_none|               cdf_117_reload|        scalar|
|cdf_118_reload                   |   in|   32|     ap_none|               cdf_118_reload|        scalar|
|cdf_119_reload                   |   in|   32|     ap_none|               cdf_119_reload|        scalar|
|cdf_120_reload                   |   in|   32|     ap_none|               cdf_120_reload|        scalar|
|cdf_121_reload                   |   in|   32|     ap_none|               cdf_121_reload|        scalar|
|cdf_122_reload                   |   in|   32|     ap_none|               cdf_122_reload|        scalar|
|cdf_123_reload                   |   in|   32|     ap_none|               cdf_123_reload|        scalar|
|cdf_124_reload                   |   in|   32|     ap_none|               cdf_124_reload|        scalar|
|cdf_125_reload                   |   in|   32|     ap_none|               cdf_125_reload|        scalar|
|cdf_126_reload                   |   in|   32|     ap_none|               cdf_126_reload|        scalar|
|cdf_127_reload                   |   in|   32|     ap_none|               cdf_127_reload|        scalar|
|cdf_128_reload                   |   in|   32|     ap_none|               cdf_128_reload|        scalar|
|cdf_129_reload                   |   in|   32|     ap_none|               cdf_129_reload|        scalar|
|cdf_130_reload                   |   in|   32|     ap_none|               cdf_130_reload|        scalar|
|cdf_131_reload                   |   in|   32|     ap_none|               cdf_131_reload|        scalar|
|cdf_132_reload                   |   in|   32|     ap_none|               cdf_132_reload|        scalar|
|cdf_133_reload                   |   in|   32|     ap_none|               cdf_133_reload|        scalar|
|cdf_134_reload                   |   in|   32|     ap_none|               cdf_134_reload|        scalar|
|cdf_135_reload                   |   in|   32|     ap_none|               cdf_135_reload|        scalar|
|cdf_136_reload                   |   in|   32|     ap_none|               cdf_136_reload|        scalar|
|cdf_137_reload                   |   in|   32|     ap_none|               cdf_137_reload|        scalar|
|cdf_138_reload                   |   in|   32|     ap_none|               cdf_138_reload|        scalar|
|cdf_139_reload                   |   in|   32|     ap_none|               cdf_139_reload|        scalar|
|cdf_140_reload                   |   in|   32|     ap_none|               cdf_140_reload|        scalar|
|cdf_141_reload                   |   in|   32|     ap_none|               cdf_141_reload|        scalar|
|cdf_142_reload                   |   in|   32|     ap_none|               cdf_142_reload|        scalar|
|cdf_143_reload                   |   in|   32|     ap_none|               cdf_143_reload|        scalar|
|cdf_144_reload                   |   in|   32|     ap_none|               cdf_144_reload|        scalar|
|cdf_145_reload                   |   in|   32|     ap_none|               cdf_145_reload|        scalar|
|cdf_146_reload                   |   in|   32|     ap_none|               cdf_146_reload|        scalar|
|cdf_147_reload                   |   in|   32|     ap_none|               cdf_147_reload|        scalar|
|cdf_148_reload                   |   in|   32|     ap_none|               cdf_148_reload|        scalar|
|cdf_149_reload                   |   in|   32|     ap_none|               cdf_149_reload|        scalar|
|cdf_150_reload                   |   in|   32|     ap_none|               cdf_150_reload|        scalar|
|cdf_151_reload                   |   in|   32|     ap_none|               cdf_151_reload|        scalar|
|cdf_152_reload                   |   in|   32|     ap_none|               cdf_152_reload|        scalar|
|cdf_153_reload                   |   in|   32|     ap_none|               cdf_153_reload|        scalar|
|cdf_154_reload                   |   in|   32|     ap_none|               cdf_154_reload|        scalar|
|cdf_155_reload                   |   in|   32|     ap_none|               cdf_155_reload|        scalar|
|cdf_156_reload                   |   in|   32|     ap_none|               cdf_156_reload|        scalar|
|cdf_157_reload                   |   in|   32|     ap_none|               cdf_157_reload|        scalar|
|cdf_158_reload                   |   in|   32|     ap_none|               cdf_158_reload|        scalar|
|cdf_159_reload                   |   in|   32|     ap_none|               cdf_159_reload|        scalar|
|cdf_160_reload                   |   in|   32|     ap_none|               cdf_160_reload|        scalar|
|cdf_161_reload                   |   in|   32|     ap_none|               cdf_161_reload|        scalar|
|cdf_162_reload                   |   in|   32|     ap_none|               cdf_162_reload|        scalar|
|cdf_163_reload                   |   in|   32|     ap_none|               cdf_163_reload|        scalar|
|cdf_164_reload                   |   in|   32|     ap_none|               cdf_164_reload|        scalar|
|cdf_165_reload                   |   in|   32|     ap_none|               cdf_165_reload|        scalar|
|cdf_166_reload                   |   in|   32|     ap_none|               cdf_166_reload|        scalar|
|cdf_167_reload                   |   in|   32|     ap_none|               cdf_167_reload|        scalar|
|cdf_168_reload                   |   in|   32|     ap_none|               cdf_168_reload|        scalar|
|cdf_169_reload                   |   in|   32|     ap_none|               cdf_169_reload|        scalar|
|cdf_170_reload                   |   in|   32|     ap_none|               cdf_170_reload|        scalar|
|cdf_171_reload                   |   in|   32|     ap_none|               cdf_171_reload|        scalar|
|cdf_172_reload                   |   in|   32|     ap_none|               cdf_172_reload|        scalar|
|cdf_173_reload                   |   in|   32|     ap_none|               cdf_173_reload|        scalar|
|cdf_174_reload                   |   in|   32|     ap_none|               cdf_174_reload|        scalar|
|cdf_175_reload                   |   in|   32|     ap_none|               cdf_175_reload|        scalar|
|cdf_176_reload                   |   in|   32|     ap_none|               cdf_176_reload|        scalar|
|cdf_177_reload                   |   in|   32|     ap_none|               cdf_177_reload|        scalar|
|cdf_178_reload                   |   in|   32|     ap_none|               cdf_178_reload|        scalar|
|cdf_179_reload                   |   in|   32|     ap_none|               cdf_179_reload|        scalar|
|cdf_180_reload                   |   in|   32|     ap_none|               cdf_180_reload|        scalar|
|cdf_181_reload                   |   in|   32|     ap_none|               cdf_181_reload|        scalar|
|cdf_182_reload                   |   in|   32|     ap_none|               cdf_182_reload|        scalar|
|cdf_183_reload                   |   in|   32|     ap_none|               cdf_183_reload|        scalar|
|cdf_184_reload                   |   in|   32|     ap_none|               cdf_184_reload|        scalar|
|cdf_185_reload                   |   in|   32|     ap_none|               cdf_185_reload|        scalar|
|cdf_186_reload                   |   in|   32|     ap_none|               cdf_186_reload|        scalar|
|cdf_187_reload                   |   in|   32|     ap_none|               cdf_187_reload|        scalar|
|cdf_188_reload                   |   in|   32|     ap_none|               cdf_188_reload|        scalar|
|cdf_189_reload                   |   in|   32|     ap_none|               cdf_189_reload|        scalar|
|cdf_190_reload                   |   in|   32|     ap_none|               cdf_190_reload|        scalar|
|cdf_191_reload                   |   in|   32|     ap_none|               cdf_191_reload|        scalar|
|cdf_192_reload                   |   in|   32|     ap_none|               cdf_192_reload|        scalar|
|cdf_193_reload                   |   in|   32|     ap_none|               cdf_193_reload|        scalar|
|cdf_194_reload                   |   in|   32|     ap_none|               cdf_194_reload|        scalar|
|cdf_195_reload                   |   in|   32|     ap_none|               cdf_195_reload|        scalar|
|cdf_196_reload                   |   in|   32|     ap_none|               cdf_196_reload|        scalar|
|cdf_197_reload                   |   in|   32|     ap_none|               cdf_197_reload|        scalar|
|cdf_198_reload                   |   in|   32|     ap_none|               cdf_198_reload|        scalar|
|cdf_199_reload                   |   in|   32|     ap_none|               cdf_199_reload|        scalar|
|cdf_200_reload                   |   in|   32|     ap_none|               cdf_200_reload|        scalar|
|cdf_201_reload                   |   in|   32|     ap_none|               cdf_201_reload|        scalar|
|cdf_202_reload                   |   in|   32|     ap_none|               cdf_202_reload|        scalar|
|cdf_203_reload                   |   in|   32|     ap_none|               cdf_203_reload|        scalar|
|cdf_204_reload                   |   in|   32|     ap_none|               cdf_204_reload|        scalar|
|cdf_205_reload                   |   in|   32|     ap_none|               cdf_205_reload|        scalar|
|cdf_206_reload                   |   in|   32|     ap_none|               cdf_206_reload|        scalar|
|cdf_207_reload                   |   in|   32|     ap_none|               cdf_207_reload|        scalar|
|cdf_208_reload                   |   in|   32|     ap_none|               cdf_208_reload|        scalar|
|cdf_209_reload                   |   in|   32|     ap_none|               cdf_209_reload|        scalar|
|cdf_210_reload                   |   in|   32|     ap_none|               cdf_210_reload|        scalar|
|cdf_211_reload                   |   in|   32|     ap_none|               cdf_211_reload|        scalar|
|cdf_212_reload                   |   in|   32|     ap_none|               cdf_212_reload|        scalar|
|cdf_213_reload                   |   in|   32|     ap_none|               cdf_213_reload|        scalar|
|cdf_214_reload                   |   in|   32|     ap_none|               cdf_214_reload|        scalar|
|cdf_215_reload                   |   in|   32|     ap_none|               cdf_215_reload|        scalar|
|cdf_216_reload                   |   in|   32|     ap_none|               cdf_216_reload|        scalar|
|cdf_217_reload                   |   in|   32|     ap_none|               cdf_217_reload|        scalar|
|cdf_218_reload                   |   in|   32|     ap_none|               cdf_218_reload|        scalar|
|cdf_219_reload                   |   in|   32|     ap_none|               cdf_219_reload|        scalar|
|cdf_220_reload                   |   in|   32|     ap_none|               cdf_220_reload|        scalar|
|cdf_221_reload                   |   in|   32|     ap_none|               cdf_221_reload|        scalar|
|cdf_222_reload                   |   in|   32|     ap_none|               cdf_222_reload|        scalar|
|cdf_223_reload                   |   in|   32|     ap_none|               cdf_223_reload|        scalar|
|cdf_224_reload                   |   in|   32|     ap_none|               cdf_224_reload|        scalar|
|cdf_225_reload                   |   in|   32|     ap_none|               cdf_225_reload|        scalar|
|cdf_226_reload                   |   in|   32|     ap_none|               cdf_226_reload|        scalar|
|cdf_227_reload                   |   in|   32|     ap_none|               cdf_227_reload|        scalar|
|cdf_228_reload                   |   in|   32|     ap_none|               cdf_228_reload|        scalar|
|cdf_229_reload                   |   in|   32|     ap_none|               cdf_229_reload|        scalar|
|cdf_230_reload                   |   in|   32|     ap_none|               cdf_230_reload|        scalar|
|cdf_231_reload                   |   in|   32|     ap_none|               cdf_231_reload|        scalar|
|cdf_232_reload                   |   in|   32|     ap_none|               cdf_232_reload|        scalar|
|cdf_233_reload                   |   in|   32|     ap_none|               cdf_233_reload|        scalar|
|cdf_234_reload                   |   in|   32|     ap_none|               cdf_234_reload|        scalar|
|cdf_235_reload                   |   in|   32|     ap_none|               cdf_235_reload|        scalar|
|cdf_236_reload                   |   in|   32|     ap_none|               cdf_236_reload|        scalar|
|cdf_237_reload                   |   in|   32|     ap_none|               cdf_237_reload|        scalar|
|cdf_238_reload                   |   in|   32|     ap_none|               cdf_238_reload|        scalar|
|cdf_239_reload                   |   in|   32|     ap_none|               cdf_239_reload|        scalar|
|cdf_240_reload                   |   in|   32|     ap_none|               cdf_240_reload|        scalar|
|cdf_241_reload                   |   in|   32|     ap_none|               cdf_241_reload|        scalar|
|cdf_242_reload                   |   in|   32|     ap_none|               cdf_242_reload|        scalar|
|cdf_243_reload                   |   in|   32|     ap_none|               cdf_243_reload|        scalar|
|cdf_244_reload                   |   in|   32|     ap_none|               cdf_244_reload|        scalar|
|cdf_245_reload                   |   in|   32|     ap_none|               cdf_245_reload|        scalar|
|cdf_246_reload                   |   in|   32|     ap_none|               cdf_246_reload|        scalar|
|cdf_247_reload                   |   in|   32|     ap_none|               cdf_247_reload|        scalar|
|cdf_248_reload                   |   in|   32|     ap_none|               cdf_248_reload|        scalar|
|cdf_249_reload                   |   in|   32|     ap_none|               cdf_249_reload|        scalar|
|cdf_250_reload                   |   in|   32|     ap_none|               cdf_250_reload|        scalar|
|cdf_251_reload                   |   in|   32|     ap_none|               cdf_251_reload|        scalar|
|cdf_252_reload                   |   in|   32|     ap_none|               cdf_252_reload|        scalar|
|cdf_253_reload                   |   in|   32|     ap_none|               cdf_253_reload|        scalar|
|cdf_254_reload                   |   in|   32|     ap_none|               cdf_254_reload|        scalar|
|cdf_reload                       |   in|   32|     ap_none|                   cdf_reload|        scalar|
|cdf_min                          |   in|   32|     ap_none|                      cdf_min|        scalar|
|sub                              |   in|   32|     ap_none|                          sub|        scalar|
+---------------------------------+-----+-----+------------+-----------------------------+--------------+

