

================================================================
== Vitis HLS Report for 'stage_bilateral'
================================================================
* Date:           Fri Apr 10 10:37:21 2026

* Version:        2025.1.1 (Build 6214317 on Sep 11 2025)
* Project:        project_1
* Solution:       hls (Vivado IP Flow Target)
* Product family: zynquplus
* Target device:  xczu3eg-sbva484-1-e


================================================================
== Performance Estimates
================================================================
+ Timing: 
    * Summary: 
    +--------+---------+----------+------------+
    |  Clock |  Target | Estimated| Uncertainty|
    +--------+---------+----------+------------+
    |ap_clk  |  4.00 ns|  3.018 ns|     1.08 ns|
    +--------+---------+----------+------------+

+ Latency: 
    * Summary: 
    +---------+---------+-----------+-----------+------+------+---------+
    |  Latency (cycles) |   Latency (absolute)  |   Interval  | Pipeline|
    |   min   |   max   |    min    |    max    |  min |  max |   Type  |
    +---------+---------+-----------+-----------+------+------+---------+
    |     8362|     8362|  33.448 us|  33.448 us|  8362|  8362|       no|
    +---------+---------+-----------+-----------+------+------+---------+

    + Detail: 
        * Instance: 
        N/A

        * Loop: 
        N/A

============================================================
+ Verbose Summary: Synthesis Manager
============================================================
InlineROM: 1
ExposeGlobal: 0
============================================================
+ Verbose Summary: CDFG Model
============================================================
IsTopModel: 0
ResetActiveHigh: 1
IsCombinational: 2
IsDatapathOnly: 0
HasWiredReturn: 1
HasMFsm: 0
HasVarLatency: 1
IsPipeline: 0
IsRtlPipelined: 0
IsInstanceOverlapped: 0
IsDontTouch: 0
HasImplIP: 0
IsGatedGlobalClock: 0


============================================================
+ Verbose Summary: Schedule
============================================================
* Number of FSM states : 4
* Pipeline : 0
* Dataflow Pipeline: 0

* FSM state transitions: 
1 --> 2 
2 --> 3 
3 --> 4 
4 --> 

* FSM state operations: 

State 1 <SV = 0> <Delay = 0.00>
ST_1 : Operation 5 [1/1] (0.00ns)   --->   "%grid = alloca i64 1" [top.cpp:177]   --->   Operation 5 'alloca' 'grid' <Predicate = true> <Delay = 0.00> <CoreInst = "RAM_2P_BRAM">   --->   Core 93 'RAM_2P_BRAM' <Latency = 1> <II = 1> <Delay = 1.35> <Storage> <Opcode : 'load' 'store'> <Ports = 2> <Width = 16> <Depth = 484> <RAM>
ST_1 : Operation 6 [1/1] (0.00ns)   --->   "%grid_25 = alloca i64 1" [top.cpp:177]   --->   Operation 6 'alloca' 'grid_25' <Predicate = true> <Delay = 0.00> <CoreInst = "RAM_2P_BRAM">   --->   Core 93 'RAM_2P_BRAM' <Latency = 1> <II = 1> <Delay = 1.35> <Storage> <Opcode : 'load' 'store'> <Ports = 2> <Width = 16> <Depth = 484> <RAM>
ST_1 : Operation 7 [1/1] (0.00ns)   --->   "%grid_26 = alloca i64 1" [top.cpp:177]   --->   Operation 7 'alloca' 'grid_26' <Predicate = true> <Delay = 0.00> <CoreInst = "RAM_2P_BRAM">   --->   Core 93 'RAM_2P_BRAM' <Latency = 1> <II = 1> <Delay = 1.35> <Storage> <Opcode : 'load' 'store'> <Ports = 2> <Width = 16> <Depth = 484> <RAM>
ST_1 : Operation 8 [1/1] (0.00ns)   --->   "%grid_27 = alloca i64 1" [top.cpp:177]   --->   Operation 8 'alloca' 'grid_27' <Predicate = true> <Delay = 0.00> <CoreInst = "RAM_2P_BRAM">   --->   Core 93 'RAM_2P_BRAM' <Latency = 1> <II = 1> <Delay = 1.35> <Storage> <Opcode : 'load' 'store'> <Ports = 2> <Width = 16> <Depth = 484> <RAM>
ST_1 : Operation 9 [1/1] (0.00ns)   --->   "%grid_28 = alloca i64 1" [top.cpp:177]   --->   Operation 9 'alloca' 'grid_28' <Predicate = true> <Delay = 0.00> <CoreInst = "RAM_2P_BRAM">   --->   Core 93 'RAM_2P_BRAM' <Latency = 1> <II = 1> <Delay = 1.35> <Storage> <Opcode : 'load' 'store'> <Ports = 2> <Width = 16> <Depth = 484> <RAM>
ST_1 : Operation 10 [1/1] (0.00ns)   --->   "%grid_29 = alloca i64 1" [top.cpp:177]   --->   Operation 10 'alloca' 'grid_29' <Predicate = true> <Delay = 0.00> <CoreInst = "RAM_2P_BRAM">   --->   Core 93 'RAM_2P_BRAM' <Latency = 1> <II = 1> <Delay = 1.35> <Storage> <Opcode : 'load' 'store'> <Ports = 2> <Width = 16> <Depth = 484> <RAM>
ST_1 : Operation 11 [1/1] (0.00ns)   --->   "%grid_30 = alloca i64 1" [top.cpp:177]   --->   Operation 11 'alloca' 'grid_30' <Predicate = true> <Delay = 0.00> <CoreInst = "RAM_2P_BRAM">   --->   Core 93 'RAM_2P_BRAM' <Latency = 1> <II = 1> <Delay = 1.35> <Storage> <Opcode : 'load' 'store'> <Ports = 2> <Width = 16> <Depth = 484> <RAM>
ST_1 : Operation 12 [1/1] (0.00ns)   --->   "%grid_31 = alloca i64 1" [top.cpp:177]   --->   Operation 12 'alloca' 'grid_31' <Predicate = true> <Delay = 0.00> <CoreInst = "RAM_2P_BRAM">   --->   Core 93 'RAM_2P_BRAM' <Latency = 1> <II = 1> <Delay = 1.35> <Storage> <Opcode : 'load' 'store'> <Ports = 2> <Width = 16> <Depth = 484> <RAM>
ST_1 : Operation 13 [1/1] (0.00ns)   --->   "%grid_32 = alloca i64 1" [top.cpp:177]   --->   Operation 13 'alloca' 'grid_32' <Predicate = true> <Delay = 0.00> <CoreInst = "RAM_2P_BRAM">   --->   Core 93 'RAM_2P_BRAM' <Latency = 1> <II = 1> <Delay = 1.35> <Storage> <Opcode : 'load' 'store'> <Ports = 2> <Width = 16> <Depth = 484> <RAM>
ST_1 : Operation 14 [2/2] (0.00ns)   --->   "%call_ln0 = call void @stage_bilateral_Pipeline_VITIS_LOOP_181_1, i16 %grid_32, i16 %grid_31, i16 %grid_30, i16 %grid_29, i16 %grid_28, i16 %grid_27, i16 %grid_26, i16 %grid_25, i16 %grid, i16 %gaussian_stream"   --->   Operation 14 'call' 'call_ln0' <Predicate = true> <Delay = 0.00> <CoreType = "Generic">   --->   Generic Core

State 2 <SV = 1> <Delay = 0.00>
ST_2 : Operation 15 [1/2] (0.00ns)   --->   "%call_ln0 = call void @stage_bilateral_Pipeline_VITIS_LOOP_181_1, i16 %grid_32, i16 %grid_31, i16 %grid_30, i16 %grid_29, i16 %grid_28, i16 %grid_27, i16 %grid_26, i16 %grid_25, i16 %grid, i16 %gaussian_stream"   --->   Operation 15 'call' 'call_ln0' <Predicate = true> <Delay = 0.00> <CoreType = "Generic">   --->   Generic Core

State 3 <SV = 2> <Delay = 0.00>
ST_3 : Operation 16 [1/1] (0.00ns)   --->   "%fence_ln199 = fence void @_ssdm_op_Fence, i16 %gaussian_stream, i32 4294967295, i16 %bilateral_stream, i32 0" [top.cpp:199]   --->   Operation 16 'fence' 'fence_ln199' <Predicate = true> <Delay = 0.00>
ST_3 : Operation 17 [1/1] (0.00ns)   --->   "%fence_ln199 = fence void @_ssdm_op_Fence, i16 %gaussian_stream, i32 4294967295, i16 %bilateral_stream, i32 0" [top.cpp:199]   --->   Operation 17 'fence' 'fence_ln199' <Predicate = true> <Delay = 0.00>
ST_3 : Operation 18 [2/2] (0.00ns)   --->   "%call_ln0 = call void @stage_bilateral_Pipeline_BILATERAL_OUT_VITIS_LOOP_200_4, i16 %bilateral_stream, i16 %grid, i16 %grid_25, i16 %grid_26, i16 %grid_27, i16 %grid_28, i16 %grid_29, i16 %grid_30, i16 %grid_31, i16 %grid_32"   --->   Operation 18 'call' 'call_ln0' <Predicate = true> <Delay = 0.00> <CoreType = "Generic">   --->   Generic Core

State 4 <SV = 3> <Delay = 0.00>
ST_4 : Operation 19 [1/1] (0.00ns)   --->   "%specinterface_ln0 = specinterface void @_ssdm_op_SpecInterface, i16 %bilateral_stream, void @empty_18, i32 0, i32 0, void @empty_3, i32 0, i32 0, void @empty_3, void @empty_3, void @empty_3, i32 0, i32 0, i32 0, i32 0, void @empty_3, void @empty_3, i32 4294967295, i32 0, i32 0"   --->   Operation 19 'specinterface' 'specinterface_ln0' <Predicate = true> <Delay = 0.00>
ST_4 : Operation 20 [1/1] (0.00ns)   --->   "%specinterface_ln0 = specinterface void @_ssdm_op_SpecInterface, i16 %gaussian_stream, void @empty_18, i32 0, i32 0, void @empty_3, i32 0, i32 0, void @empty_3, void @empty_3, void @empty_3, i32 0, i32 0, i32 0, i32 0, void @empty_3, void @empty_3, i32 4294967295, i32 0, i32 0"   --->   Operation 20 'specinterface' 'specinterface_ln0' <Predicate = true> <Delay = 0.00>
ST_4 : Operation 21 [1/1] (0.00ns)   --->   "%specmemcore_ln178 = specmemcore void @_ssdm_op_SpecMemCore, i16 %grid_32, i64 666, i64 22, i64 18446744073709551615" [top.cpp:178]   --->   Operation 21 'specmemcore' 'specmemcore_ln178' <Predicate = true> <Delay = 0.00>
ST_4 : Operation 22 [1/1] (0.00ns)   --->   "%specmemcore_ln178 = specmemcore void @_ssdm_op_SpecMemCore, i16 %grid_31, i64 666, i64 22, i64 18446744073709551615" [top.cpp:178]   --->   Operation 22 'specmemcore' 'specmemcore_ln178' <Predicate = true> <Delay = 0.00>
ST_4 : Operation 23 [1/1] (0.00ns)   --->   "%specmemcore_ln178 = specmemcore void @_ssdm_op_SpecMemCore, i16 %grid_30, i64 666, i64 22, i64 18446744073709551615" [top.cpp:178]   --->   Operation 23 'specmemcore' 'specmemcore_ln178' <Predicate = true> <Delay = 0.00>
ST_4 : Operation 24 [1/1] (0.00ns)   --->   "%specmemcore_ln178 = specmemcore void @_ssdm_op_SpecMemCore, i16 %grid_29, i64 666, i64 22, i64 18446744073709551615" [top.cpp:178]   --->   Operation 24 'specmemcore' 'specmemcore_ln178' <Predicate = true> <Delay = 0.00>
ST_4 : Operation 25 [1/1] (0.00ns)   --->   "%specmemcore_ln178 = specmemcore void @_ssdm_op_SpecMemCore, i16 %grid_28, i64 666, i64 22, i64 18446744073709551615" [top.cpp:178]   --->   Operation 25 'specmemcore' 'specmemcore_ln178' <Predicate = true> <Delay = 0.00>
ST_4 : Operation 26 [1/1] (0.00ns)   --->   "%specmemcore_ln178 = specmemcore void @_ssdm_op_SpecMemCore, i16 %grid_27, i64 666, i64 22, i64 18446744073709551615" [top.cpp:178]   --->   Operation 26 'specmemcore' 'specmemcore_ln178' <Predicate = true> <Delay = 0.00>
ST_4 : Operation 27 [1/1] (0.00ns)   --->   "%specmemcore_ln178 = specmemcore void @_ssdm_op_SpecMemCore, i16 %grid_26, i64 666, i64 22, i64 18446744073709551615" [top.cpp:178]   --->   Operation 27 'specmemcore' 'specmemcore_ln178' <Predicate = true> <Delay = 0.00>
ST_4 : Operation 28 [1/1] (0.00ns)   --->   "%specmemcore_ln178 = specmemcore void @_ssdm_op_SpecMemCore, i16 %grid_25, i64 666, i64 22, i64 18446744073709551615" [top.cpp:178]   --->   Operation 28 'specmemcore' 'specmemcore_ln178' <Predicate = true> <Delay = 0.00>
ST_4 : Operation 29 [1/1] (0.00ns)   --->   "%specmemcore_ln178 = specmemcore void @_ssdm_op_SpecMemCore, i16 %grid, i64 666, i64 22, i64 18446744073709551615" [top.cpp:178]   --->   Operation 29 'specmemcore' 'specmemcore_ln178' <Predicate = true> <Delay = 0.00>
ST_4 : Operation 30 [1/2] (0.00ns)   --->   "%call_ln0 = call void @stage_bilateral_Pipeline_BILATERAL_OUT_VITIS_LOOP_200_4, i16 %bilateral_stream, i16 %grid, i16 %grid_25, i16 %grid_26, i16 %grid_27, i16 %grid_28, i16 %grid_29, i16 %grid_30, i16 %grid_31, i16 %grid_32"   --->   Operation 30 'call' 'call_ln0' <Predicate = true> <Delay = 0.00> <CoreType = "Generic">   --->   Generic Core
ST_4 : Operation 31 [1/1] (0.00ns)   --->   "%ret_ln239 = ret" [top.cpp:239]   --->   Operation 31 'ret' 'ret_ln239' <Predicate = true> <Delay = 0.00>


============================================================
+ Verbose Summary: Timing violations
============================================================
Target clock period: 4.000ns, clock uncertainty: 1.080ns.

 <State 1>: 0.000ns
The critical path consists of the following:

 <State 2>: 0.000ns
The critical path consists of the following:

 <State 3>: 0.000ns
The critical path consists of the following:

 <State 4>: 0.000ns
The critical path consists of the following:


============================================================
+ Verbose Summary: Binding
============================================================
N/A
* FSMD analyzer results:
  - Output states:
 - Input state : 
  - Chain level:
	State 1
	State 2
	State 3
	State 4


============================================================
+ Verbose Summary: Datapath Resource usage 
============================================================
N/A
