

================================================================
== Vitis HLS Report for 'stage_bilateral_Pipeline_VITIS_LOOP_181_1'
================================================================
* Date:           Fri Apr 10 10:37:17 2026

* Version:        2025.1.1 (Build 6214317 on Sep 11 2025)
* Project:        project_1
* Solution:       hls (Vivado IP Flow Target)
* Product family: zynquplus
* Target device:  xczu3eg-sbva484-1-e


================================================================
== Performance Estimates
================================================================
+ Timing: 
    * Summary: 
    +--------+---------+----------+------------+
    |  Clock |  Target | Estimated| Uncertainty|
    +--------+---------+----------+------------+
    |ap_clk  |  4.00 ns|  2.812 ns|     1.08 ns|
    +--------+---------+----------+------------+

+ Latency: 
    * Summary: 
    +---------+---------+-----------+-----------+------+------+------------------------------------------------+
    |  Latency (cycles) |   Latency (absolute)  |   Interval  |                    Pipeline                    |
    |   min   |   max   |    min    |    max    |  min |  max |                      Type                      |
    +---------+---------+-----------+-----------+------+------+------------------------------------------------+
    |     4107|     4107|  16.428 us|  16.428 us|  4097|  4097|  loop auto-rewind stp (delay=0 clock cycles(s))|
    +---------+---------+-----------+-----------+------+------+------------------------------------------------+

    + Detail: 
        * Instance: 
        N/A

        * Loop: 
        +--------------------+---------+---------+----------+-----------+-----------+------+----------+
        |                    |  Latency (cycles) | Iteration|  Initiation Interval  | Trip |          |
        |      Loop Name     |   min   |   max   |  Latency |  achieved |   target  | Count| Pipelined|
        +--------------------+---------+---------+----------+-----------+-----------+------+----------+
        |- VITIS_LOOP_181_1  |     4105|     4105|        11|          1|          1|  4096|       yes|
        +--------------------+---------+---------+----------+-----------+-----------+------+----------+

============================================================
+ Verbose Summary: Synthesis Manager
============================================================
InlineROM: 1
ExposeGlobal: 0
============================================================
+ Verbose Summary: CDFG Model
============================================================
IsTopModel: 0
ResetActiveHigh: 1
IsCombinational: 0
IsDatapathOnly: 0
HasWiredReturn: 1
HasMFsm: 2
HasVarLatency: 1
IsPipeline: 0
IsRtlPipelined: 0
IsInstanceOverlapped: 0
IsDontTouch: 0
HasImplIP: 0
IsGatedGlobalClock: 0

+ Individual pipeline summary: 
  * Pipeline-0: initiation interval (II) = 1, depth = 11


============================================================
+ Verbose Summary: Schedule
============================================================
* Number of FSM states : 11
* Pipeline : 1
  Pipeline-0 : II = 1, D = 11, States = { 1 2 3 4 5 6 7 8 9 10 11 }
* Dataflow Pipeline: 0

* FSM state transitions: 
1 --> 2 
2 --> 3 
3 --> 4 
4 --> 5 
5 --> 6 
6 --> 7 
7 --> 8 
8 --> 9 
9 --> 10 
10 --> 11 
11 --> 

* FSM state operations: 

State 1 <SV = 0> <Delay = 2.65>
ST_1 : Operation 14 [1/1] (0.00ns)   --->   "%i = alloca i32 1" [top.cpp:181]   --->   Operation 14 'alloca' 'i' <Predicate = true> <Delay = 0.00>
ST_1 : Operation 15 [1/1] (0.00ns)   --->   "%specmemcore_ln0 = specmemcore void @_ssdm_op_SpecMemCore, i16 %grid, i64 666, i64 22, i64 18446744073709551615"   --->   Operation 15 'specmemcore' 'specmemcore_ln0' <Predicate = true> <Delay = 0.00>
ST_1 : Operation 16 [1/1] (0.00ns)   --->   "%specmemcore_ln0 = specmemcore void @_ssdm_op_SpecMemCore, i16 %grid_25, i64 666, i64 22, i64 18446744073709551615"   --->   Operation 16 'specmemcore' 'specmemcore_ln0' <Predicate = true> <Delay = 0.00>
ST_1 : Operation 17 [1/1] (0.00ns)   --->   "%specmemcore_ln0 = specmemcore void @_ssdm_op_SpecMemCore, i16 %grid_26, i64 666, i64 22, i64 18446744073709551615"   --->   Operation 17 'specmemcore' 'specmemcore_ln0' <Predicate = true> <Delay = 0.00>
ST_1 : Operation 18 [1/1] (0.00ns)   --->   "%specmemcore_ln0 = specmemcore void @_ssdm_op_SpecMemCore, i16 %grid_27, i64 666, i64 22, i64 18446744073709551615"   --->   Operation 18 'specmemcore' 'specmemcore_ln0' <Predicate = true> <Delay = 0.00>
ST_1 : Operation 19 [1/1] (0.00ns)   --->   "%specmemcore_ln0 = specmemcore void @_ssdm_op_SpecMemCore, i16 %grid_28, i64 666, i64 22, i64 18446744073709551615"   --->   Operation 19 'specmemcore' 'specmemcore_ln0' <Predicate = true> <Delay = 0.00>
ST_1 : Operation 20 [1/1] (0.00ns)   --->   "%specmemcore_ln0 = specmemcore void @_ssdm_op_SpecMemCore, i16 %grid_29, i64 666, i64 22, i64 18446744073709551615"   --->   Operation 20 'specmemcore' 'specmemcore_ln0' <Predicate = true> <Delay = 0.00>
ST_1 : Operation 21 [1/1] (0.00ns)   --->   "%specmemcore_ln0 = specmemcore void @_ssdm_op_SpecMemCore, i16 %grid_30, i64 666, i64 22, i64 18446744073709551615"   --->   Operation 21 'specmemcore' 'specmemcore_ln0' <Predicate = true> <Delay = 0.00>
ST_1 : Operation 22 [1/1] (0.00ns)   --->   "%specmemcore_ln0 = specmemcore void @_ssdm_op_SpecMemCore, i16 %grid_31, i64 666, i64 22, i64 18446744073709551615"   --->   Operation 22 'specmemcore' 'specmemcore_ln0' <Predicate = true> <Delay = 0.00>
ST_1 : Operation 23 [1/1] (0.00ns)   --->   "%specmemcore_ln0 = specmemcore void @_ssdm_op_SpecMemCore, i16 %grid_32, i64 666, i64 22, i64 18446744073709551615"   --->   Operation 23 'specmemcore' 'specmemcore_ln0' <Predicate = true> <Delay = 0.00>
ST_1 : Operation 24 [1/1] (0.00ns)   --->   "%specinterface_ln0 = specinterface void @_ssdm_op_SpecInterface, i16 %gaussian_stream, void @empty_18, i32 0, i32 0, void @empty_3, i32 0, i32 0, void @empty_3, void @empty_3, void @empty_3, i32 0, i32 0, i32 0, i32 0, void @empty_3, void @empty_3, i32 4294967295, i32 0, i32 0"   --->   Operation 24 'specinterface' 'specinterface_ln0' <Predicate = true> <Delay = 0.00>
ST_1 : Operation 25 [1/1] (0.48ns)   --->   "%store_ln181 = store i13 0, i13 %i" [top.cpp:181]   --->   Operation 25 'store' 'store_ln181' <Predicate = true> <Delay = 0.48>
ST_1 : Operation 26 [1/1] (0.00ns)   --->   "%br_ln181 = br void %for.inc" [top.cpp:181]   --->   Operation 26 'br' 'br_ln181' <Predicate = true> <Delay = 0.00>
ST_1 : Operation 27 [1/1] (0.00ns)   --->   "%i_6 = load i13 %i" [top.cpp:181]   --->   Operation 27 'load' 'i_6' <Predicate = true> <Delay = 0.00>
ST_1 : Operation 28 [1/1] (0.97ns)   --->   "%icmp_ln181 = icmp_eq  i13 %i_6, i13 4096" [top.cpp:181]   --->   Operation 28 'icmp' 'icmp_ln181' <Predicate = true> <Delay = 0.97> <CoreInst = "Cmp">   --->   Core 9 'Cmp' <Latency = 0> <II = 1> <Delay = 0.97> <FuncUnit> <Opcode : 'seteq' 'setne' 'setle' 'setge' 'setlt' 'setgt'> <InPorts = 2> <OutPorts = 1>
ST_1 : Operation 29 [1/1] (0.97ns)   --->   "%i_7 = add i13 %i_6, i13 1" [top.cpp:181]   --->   Operation 29 'add' 'i_7' <Predicate = true> <Delay = 0.97> <CoreInst = "Adder">   --->   Core 1 'Adder' <Latency = 0> <II = 1> <Delay = 0.97> <FuncUnit> <Opcode : 'add' 'sub'> <InPorts = 2> <OutPorts = 1>
ST_1 : Operation 30 [1/1] (0.00ns)   --->   "%br_ln181 = br i1 %icmp_ln181, void %for.inc.split, void %for.body34.preheader.exitStub" [top.cpp:181]   --->   Operation 30 'br' 'br_ln181' <Predicate = true> <Delay = 0.00>
ST_1 : Operation 31 [1/1] (0.00ns)   --->   "%c = trunc i13 %i_6" [top.cpp:181]   --->   Operation 31 'trunc' 'c' <Predicate = (!icmp_ln181)> <Delay = 0.00>
ST_1 : Operation 32 [1/1] (0.00ns)   --->   "%trunc_ln = partselect i6 @_ssdm_op_PartSelect.i6.i13.i32.i32, i13 %i_6, i32 6, i32 11" [top.cpp:183]   --->   Operation 32 'partselect' 'trunc_ln' <Predicate = (!icmp_ln181)> <Delay = 0.00>
ST_1 : Operation 33 [1/1] (0.00ns)   --->   "%zext_ln183 = zext i6 %trunc_ln" [top.cpp:183]   --->   Operation 33 'zext' 'zext_ln183' <Predicate = (!icmp_ln181)> <Delay = 0.00>
ST_1 : Operation 34 [1/1] (2.17ns)   --->   "%mul_ln183 = mul i13 %zext_ln183, i13 86" [top.cpp:183]   --->   Operation 34 'mul' 'mul_ln183' <Predicate = (!icmp_ln181)> <Delay = 2.17> <CoreInst = "Multiplier">   --->   Core 3 'Multiplier' <Latency = 0> <II = 1> <Delay = 2.17> <FuncUnit> <Opcode : 'mul'> <InPorts = 2> <OutPorts = 1>
ST_1 : Operation 35 [1/1] (0.00ns)   --->   "%tmp = partselect i5 @_ssdm_op_PartSelect.i5.i13.i32.i32, i13 %mul_ln183, i32 8, i32 12" [top.cpp:183]   --->   Operation 35 'partselect' 'tmp' <Predicate = (!icmp_ln181)> <Delay = 0.00>
ST_1 : Operation 36 [10/10] (1.53ns)   --->   "%urem_ln183 = urem i6 %trunc_ln, i6 3" [top.cpp:183]   --->   Operation 36 'urem' 'urem_ln183' <Predicate = (!icmp_ln181)> <Delay = 1.53> <CoreInst = "Divider">   --->   Core 6 'Divider' <Latency = 9> <II = 1> <Delay = 1.53> <FuncUnit> <Opcode : 'udiv' 'sdiv' 'urem' 'srem'> <InPorts = 2> <OutPorts = 1>
ST_1 : Operation 37 [1/1] (0.00ns)   --->   "%zext_ln184 = zext i6 %c" [top.cpp:184]   --->   Operation 37 'zext' 'zext_ln184' <Predicate = (!icmp_ln181)> <Delay = 0.00>
ST_1 : Operation 38 [1/1] (2.17ns)   --->   "%mul_ln184 = mul i13 %zext_ln184, i13 86" [top.cpp:184]   --->   Operation 38 'mul' 'mul_ln184' <Predicate = (!icmp_ln181)> <Delay = 2.17> <CoreInst = "Multiplier">   --->   Core 3 'Multiplier' <Latency = 0> <II = 1> <Delay = 2.17> <FuncUnit> <Opcode : 'mul'> <InPorts = 2> <OutPorts = 1>
ST_1 : Operation 39 [1/1] (0.00ns)   --->   "%tmp_346 = partselect i5 @_ssdm_op_PartSelect.i5.i13.i32.i32, i13 %mul_ln184, i32 8, i32 12" [top.cpp:184]   --->   Operation 39 'partselect' 'tmp_346' <Predicate = (!icmp_ln181)> <Delay = 0.00>
ST_1 : Operation 40 [10/10] (1.53ns)   --->   "%urem_ln184 = urem i6 %c, i6 3" [top.cpp:184]   --->   Operation 40 'urem' 'urem_ln184' <Predicate = (!icmp_ln181)> <Delay = 1.53> <CoreInst = "Divider">   --->   Core 6 'Divider' <Latency = 9> <II = 1> <Delay = 1.53> <FuncUnit> <Opcode : 'udiv' 'sdiv' 'urem' 'srem'> <InPorts = 2> <OutPorts = 1>
ST_1 : Operation 41 [1/1] (0.48ns)   --->   "%store_ln181 = store i13 %i_7, i13 %i" [top.cpp:181]   --->   Operation 41 'store' 'store_ln181' <Predicate = (!icmp_ln181)> <Delay = 0.48>
ST_1 : Operation 42 [1/1] (0.00ns)   --->   "%br_ln181 = br void %for.inc" [top.cpp:181]   --->   Operation 42 'br' 'br_ln181' <Predicate = (!icmp_ln181)> <Delay = 0.00>

State 2 <SV = 1> <Delay = 1.53>
ST_2 : Operation 43 [1/1] (0.00ns)   --->   "%zext_ln183_1 = zext i5 %tmp" [top.cpp:183]   --->   Operation 43 'zext' 'zext_ln183_1' <Predicate = true> <Delay = 0.00>
ST_2 : Operation 44 [3/3] (1.08ns) (grouped into DSP with root node add_ln185)   --->   "%mul_ln183_1 = mul i9 %zext_ln183_1, i9 22" [top.cpp:183]   --->   Operation 44 'mul' 'mul_ln183_1' <Predicate = true> <Delay = 1.08> <CoreInst = "DSP48">   --->   Core 124 'DSP48' <Latency = 3> <II = 1> <Delay = 0.69> <IPBlock> <Opcode : 'add' 'sub' 'mul' 'select'> <InPorts = 0> <OutPorts = 1> <Sync> <CReg>
ST_2 : Operation 45 [9/10] (1.53ns)   --->   "%urem_ln183 = urem i6 %trunc_ln, i6 3" [top.cpp:183]   --->   Operation 45 'urem' 'urem_ln183' <Predicate = true> <Delay = 1.53> <CoreInst = "Divider">   --->   Core 6 'Divider' <Latency = 9> <II = 1> <Delay = 1.53> <FuncUnit> <Opcode : 'udiv' 'sdiv' 'urem' 'srem'> <InPorts = 2> <OutPorts = 1>
ST_2 : Operation 46 [9/10] (1.53ns)   --->   "%urem_ln184 = urem i6 %c, i6 3" [top.cpp:184]   --->   Operation 46 'urem' 'urem_ln184' <Predicate = true> <Delay = 1.53> <CoreInst = "Divider">   --->   Core 6 'Divider' <Latency = 9> <II = 1> <Delay = 1.53> <FuncUnit> <Opcode : 'udiv' 'sdiv' 'urem' 'srem'> <InPorts = 2> <OutPorts = 1>

State 3 <SV = 2> <Delay = 1.53>
ST_3 : Operation 47 [2/3] (1.08ns) (grouped into DSP with root node add_ln185)   --->   "%mul_ln183_1 = mul i9 %zext_ln183_1, i9 22" [top.cpp:183]   --->   Operation 47 'mul' 'mul_ln183_1' <Predicate = true> <Delay = 1.08> <CoreInst = "DSP48">   --->   Core 124 'DSP48' <Latency = 3> <II = 1> <Delay = 0.69> <IPBlock> <Opcode : 'add' 'sub' 'mul' 'select'> <InPorts = 0> <OutPorts = 1> <Sync> <CReg>
ST_3 : Operation 48 [8/10] (1.53ns)   --->   "%urem_ln183 = urem i6 %trunc_ln, i6 3" [top.cpp:183]   --->   Operation 48 'urem' 'urem_ln183' <Predicate = true> <Delay = 1.53> <CoreInst = "Divider">   --->   Core 6 'Divider' <Latency = 9> <II = 1> <Delay = 1.53> <FuncUnit> <Opcode : 'udiv' 'sdiv' 'urem' 'srem'> <InPorts = 2> <OutPorts = 1>
ST_3 : Operation 49 [8/10] (1.53ns)   --->   "%urem_ln184 = urem i6 %c, i6 3" [top.cpp:184]   --->   Operation 49 'urem' 'urem_ln184' <Predicate = true> <Delay = 1.53> <CoreInst = "Divider">   --->   Core 6 'Divider' <Latency = 9> <II = 1> <Delay = 1.53> <FuncUnit> <Opcode : 'udiv' 'sdiv' 'urem' 'srem'> <InPorts = 2> <OutPorts = 1>

State 4 <SV = 3> <Delay = 1.53>
ST_4 : Operation 50 [1/3] (0.00ns) (grouped into DSP with root node add_ln185)   --->   "%mul_ln183_1 = mul i9 %zext_ln183_1, i9 22" [top.cpp:183]   --->   Operation 50 'mul' 'mul_ln183_1' <Predicate = true> <Delay = 0.00> <CoreInst = "DSP48">   --->   Core 124 'DSP48' <Latency = 3> <II = 1> <Delay = 0.69> <IPBlock> <Opcode : 'add' 'sub' 'mul' 'select'> <InPorts = 0> <OutPorts = 1> <Sync> <CReg>
ST_4 : Operation 51 [7/10] (1.53ns)   --->   "%urem_ln183 = urem i6 %trunc_ln, i6 3" [top.cpp:183]   --->   Operation 51 'urem' 'urem_ln183' <Predicate = true> <Delay = 1.53> <CoreInst = "Divider">   --->   Core 6 'Divider' <Latency = 9> <II = 1> <Delay = 1.53> <FuncUnit> <Opcode : 'udiv' 'sdiv' 'urem' 'srem'> <InPorts = 2> <OutPorts = 1>
ST_4 : Operation 52 [1/1] (0.00ns)   --->   "%zext_ln185 = zext i5 %tmp_346" [top.cpp:185]   --->   Operation 52 'zext' 'zext_ln185' <Predicate = true> <Delay = 0.00>
ST_4 : Operation 53 [2/2] (0.83ns) (root node of the DSP)   --->   "%add_ln185 = add i9 %mul_ln183_1, i9 %zext_ln185" [top.cpp:185]   --->   Operation 53 'add' 'add_ln185' <Predicate = true> <Delay = 0.83> <CoreInst = "DSP48">   --->   Core 124 'DSP48' <Latency = 3> <II = 1> <Delay = 0.69> <IPBlock> <Opcode : 'add' 'sub' 'mul' 'select'> <InPorts = 0> <OutPorts = 1> <Sync> <CReg>
ST_4 : Operation 54 [7/10] (1.53ns)   --->   "%urem_ln184 = urem i6 %c, i6 3" [top.cpp:184]   --->   Operation 54 'urem' 'urem_ln184' <Predicate = true> <Delay = 1.53> <CoreInst = "Divider">   --->   Core 6 'Divider' <Latency = 9> <II = 1> <Delay = 1.53> <FuncUnit> <Opcode : 'udiv' 'sdiv' 'urem' 'srem'> <InPorts = 2> <OutPorts = 1>

State 5 <SV = 4> <Delay = 1.53>
ST_5 : Operation 55 [6/10] (1.53ns)   --->   "%urem_ln183 = urem i6 %trunc_ln, i6 3" [top.cpp:183]   --->   Operation 55 'urem' 'urem_ln183' <Predicate = true> <Delay = 1.53> <CoreInst = "Divider">   --->   Core 6 'Divider' <Latency = 9> <II = 1> <Delay = 1.53> <FuncUnit> <Opcode : 'udiv' 'sdiv' 'urem' 'srem'> <InPorts = 2> <OutPorts = 1>
ST_5 : Operation 56 [1/2] (0.83ns) (root node of the DSP)   --->   "%add_ln185 = add i9 %mul_ln183_1, i9 %zext_ln185" [top.cpp:185]   --->   Operation 56 'add' 'add_ln185' <Predicate = true> <Delay = 0.83> <CoreInst = "DSP48">   --->   Core 124 'DSP48' <Latency = 3> <II = 1> <Delay = 0.69> <IPBlock> <Opcode : 'add' 'sub' 'mul' 'select'> <InPorts = 0> <OutPorts = 1> <Sync> <CReg>
ST_5 : Operation 57 [6/10] (1.53ns)   --->   "%urem_ln184 = urem i6 %c, i6 3" [top.cpp:184]   --->   Operation 57 'urem' 'urem_ln184' <Predicate = true> <Delay = 1.53> <CoreInst = "Divider">   --->   Core 6 'Divider' <Latency = 9> <II = 1> <Delay = 1.53> <FuncUnit> <Opcode : 'udiv' 'sdiv' 'urem' 'srem'> <InPorts = 2> <OutPorts = 1>

State 6 <SV = 5> <Delay = 1.53>
ST_6 : Operation 58 [5/10] (1.53ns)   --->   "%urem_ln183 = urem i6 %trunc_ln, i6 3" [top.cpp:183]   --->   Operation 58 'urem' 'urem_ln183' <Predicate = true> <Delay = 1.53> <CoreInst = "Divider">   --->   Core 6 'Divider' <Latency = 9> <II = 1> <Delay = 1.53> <FuncUnit> <Opcode : 'udiv' 'sdiv' 'urem' 'srem'> <InPorts = 2> <OutPorts = 1>
ST_6 : Operation 59 [5/10] (1.53ns)   --->   "%urem_ln184 = urem i6 %c, i6 3" [top.cpp:184]   --->   Operation 59 'urem' 'urem_ln184' <Predicate = true> <Delay = 1.53> <CoreInst = "Divider">   --->   Core 6 'Divider' <Latency = 9> <II = 1> <Delay = 1.53> <FuncUnit> <Opcode : 'udiv' 'sdiv' 'urem' 'srem'> <InPorts = 2> <OutPorts = 1>

State 7 <SV = 6> <Delay = 1.53>
ST_7 : Operation 60 [4/10] (1.53ns)   --->   "%urem_ln183 = urem i6 %trunc_ln, i6 3" [top.cpp:183]   --->   Operation 60 'urem' 'urem_ln183' <Predicate = true> <Delay = 1.53> <CoreInst = "Divider">   --->   Core 6 'Divider' <Latency = 9> <II = 1> <Delay = 1.53> <FuncUnit> <Opcode : 'udiv' 'sdiv' 'urem' 'srem'> <InPorts = 2> <OutPorts = 1>
ST_7 : Operation 61 [4/10] (1.53ns)   --->   "%urem_ln184 = urem i6 %c, i6 3" [top.cpp:184]   --->   Operation 61 'urem' 'urem_ln184' <Predicate = true> <Delay = 1.53> <CoreInst = "Divider">   --->   Core 6 'Divider' <Latency = 9> <II = 1> <Delay = 1.53> <FuncUnit> <Opcode : 'udiv' 'sdiv' 'urem' 'srem'> <InPorts = 2> <OutPorts = 1>

State 8 <SV = 7> <Delay = 1.53>
ST_8 : Operation 62 [3/10] (1.53ns)   --->   "%urem_ln183 = urem i6 %trunc_ln, i6 3" [top.cpp:183]   --->   Operation 62 'urem' 'urem_ln183' <Predicate = true> <Delay = 1.53> <CoreInst = "Divider">   --->   Core 6 'Divider' <Latency = 9> <II = 1> <Delay = 1.53> <FuncUnit> <Opcode : 'udiv' 'sdiv' 'urem' 'srem'> <InPorts = 2> <OutPorts = 1>
ST_8 : Operation 63 [3/10] (1.53ns)   --->   "%urem_ln184 = urem i6 %c, i6 3" [top.cpp:184]   --->   Operation 63 'urem' 'urem_ln184' <Predicate = true> <Delay = 1.53> <CoreInst = "Divider">   --->   Core 6 'Divider' <Latency = 9> <II = 1> <Delay = 1.53> <FuncUnit> <Opcode : 'udiv' 'sdiv' 'urem' 'srem'> <InPorts = 2> <OutPorts = 1>

State 9 <SV = 8> <Delay = 1.53>
ST_9 : Operation 64 [2/10] (1.53ns)   --->   "%urem_ln183 = urem i6 %trunc_ln, i6 3" [top.cpp:183]   --->   Operation 64 'urem' 'urem_ln183' <Predicate = true> <Delay = 1.53> <CoreInst = "Divider">   --->   Core 6 'Divider' <Latency = 9> <II = 1> <Delay = 1.53> <FuncUnit> <Opcode : 'udiv' 'sdiv' 'urem' 'srem'> <InPorts = 2> <OutPorts = 1>
ST_9 : Operation 65 [2/10] (1.53ns)   --->   "%urem_ln184 = urem i6 %c, i6 3" [top.cpp:184]   --->   Operation 65 'urem' 'urem_ln184' <Predicate = true> <Delay = 1.53> <CoreInst = "Divider">   --->   Core 6 'Divider' <Latency = 9> <II = 1> <Delay = 1.53> <FuncUnit> <Opcode : 'udiv' 'sdiv' 'urem' 'srem'> <InPorts = 2> <OutPorts = 1>

State 10 <SV = 9> <Delay = 2.15>
ST_10 : Operation 66 [1/10] (1.53ns)   --->   "%urem_ln183 = urem i6 %trunc_ln, i6 3" [top.cpp:183]   --->   Operation 66 'urem' 'urem_ln183' <Predicate = true> <Delay = 1.53> <CoreInst = "Divider">   --->   Core 6 'Divider' <Latency = 9> <II = 1> <Delay = 1.53> <FuncUnit> <Opcode : 'udiv' 'sdiv' 'urem' 'srem'> <InPorts = 2> <OutPorts = 1>
ST_10 : Operation 67 [1/1] (0.00ns)   --->   "%trunc_ln183 = trunc i2 %urem_ln183" [top.cpp:183]   --->   Operation 67 'trunc' 'trunc_ln183' <Predicate = true> <Delay = 0.00>
ST_10 : Operation 68 [1/10] (1.53ns)   --->   "%urem_ln184 = urem i6 %c, i6 3" [top.cpp:184]   --->   Operation 68 'urem' 'urem_ln184' <Predicate = true> <Delay = 1.53> <CoreInst = "Divider">   --->   Core 6 'Divider' <Latency = 9> <II = 1> <Delay = 1.53> <FuncUnit> <Opcode : 'udiv' 'sdiv' 'urem' 'srem'> <InPorts = 2> <OutPorts = 1>
ST_10 : Operation 69 [1/1] (0.00ns)   --->   "%trunc_ln184 = trunc i2 %urem_ln184" [top.cpp:184]   --->   Operation 69 'trunc' 'trunc_ln184' <Predicate = true> <Delay = 0.00>
ST_10 : Operation 70 [1/1] (0.62ns)   --->   "%switch_ln185 = switch i2 %trunc_ln183, void %arrayidx26.case.2, i2 0, void %arrayidx26.case.0, i2 1, void %arrayidx26.case.1" [top.cpp:185]   --->   Operation 70 'switch' 'switch_ln185' <Predicate = true> <Delay = 0.62>
ST_10 : Operation 71 [1/1] (0.62ns)   --->   "%switch_ln185 = switch i2 %trunc_ln184, void %arrayidx26.case.22968, i2 0, void %arrayidx26.case.02966, i2 1, void %arrayidx26.case.12967" [top.cpp:185]   --->   Operation 71 'switch' 'switch_ln185' <Predicate = (trunc_ln183 == 1)> <Delay = 0.62>
ST_10 : Operation 72 [1/1] (0.00ns)   --->   "%br_ln185 = br void %arrayidx26.exit" [top.cpp:185]   --->   Operation 72 'br' 'br_ln185' <Predicate = (trunc_ln183 == 1)> <Delay = 0.00>
ST_10 : Operation 73 [1/1] (0.62ns)   --->   "%switch_ln185 = switch i2 %trunc_ln184, void %arrayidx26.case.22963, i2 0, void %arrayidx26.case.02961, i2 1, void %arrayidx26.case.12962" [top.cpp:185]   --->   Operation 73 'switch' 'switch_ln185' <Predicate = (trunc_ln183 == 0)> <Delay = 0.62>
ST_10 : Operation 74 [1/1] (0.00ns)   --->   "%br_ln185 = br void %arrayidx26.exit" [top.cpp:185]   --->   Operation 74 'br' 'br_ln185' <Predicate = (trunc_ln183 == 0)> <Delay = 0.00>
ST_10 : Operation 75 [1/1] (0.62ns)   --->   "%switch_ln185 = switch i2 %trunc_ln184, void %arrayidx26.case.22973, i2 0, void %arrayidx26.case.02971, i2 1, void %arrayidx26.case.12972" [top.cpp:185]   --->   Operation 75 'switch' 'switch_ln185' <Predicate = (trunc_ln183 != 0 & trunc_ln183 != 1)> <Delay = 0.62>
ST_10 : Operation 76 [1/1] (0.00ns)   --->   "%br_ln185 = br void %arrayidx26.exit" [top.cpp:185]   --->   Operation 76 'br' 'br_ln185' <Predicate = (trunc_ln183 != 0 & trunc_ln183 != 1)> <Delay = 0.00>
ST_10 : Operation 109 [1/1] (0.48ns)   --->   "%ret_ln0 = ret"   --->   Operation 109 'ret' 'ret_ln0' <Predicate = (icmp_ln181)> <Delay = 0.48>

State 11 <SV = 10> <Delay = 2.81>
ST_11 : Operation 77 [1/1] (0.00ns)   --->   "%specpipeline_ln182 = specpipeline void @_ssdm_op_SpecPipeline, i32 1, i32 0, i32 0, i32 0, void @empty_3" [top.cpp:182]   --->   Operation 77 'specpipeline' 'specpipeline_ln182' <Predicate = true> <Delay = 0.00>
ST_11 : Operation 78 [1/1] (0.00ns)   --->   "%speclooptripcount_ln181 = speclooptripcount void @_ssdm_op_SpecLoopTripCount, i64 4096, i64 4096, i64 4096" [top.cpp:181]   --->   Operation 78 'speclooptripcount' 'speclooptripcount_ln181' <Predicate = true> <Delay = 0.00>
ST_11 : Operation 79 [1/1] (0.00ns)   --->   "%specloopname_ln181 = specloopname void @_ssdm_op_SpecLoopName, void @empty_12" [top.cpp:181]   --->   Operation 79 'specloopname' 'specloopname_ln181' <Predicate = true> <Delay = 0.00>
ST_11 : Operation 80 [1/1] (0.00ns)   --->   "%zext_ln185_1 = zext i9 %add_ln185" [top.cpp:185]   --->   Operation 80 'zext' 'zext_ln185_1' <Predicate = true> <Delay = 0.00>
ST_11 : Operation 81 [1/1] (0.00ns)   --->   "%grid_addr = getelementptr i16 %grid, i64 0, i64 %zext_ln185_1" [top.cpp:185]   --->   Operation 81 'getelementptr' 'grid_addr' <Predicate = true> <Delay = 0.00>
ST_11 : Operation 82 [1/1] (0.00ns)   --->   "%grid_25_addr = getelementptr i16 %grid_25, i64 0, i64 %zext_ln185_1" [top.cpp:185]   --->   Operation 82 'getelementptr' 'grid_25_addr' <Predicate = true> <Delay = 0.00>
ST_11 : Operation 83 [1/1] (0.00ns)   --->   "%grid_26_addr = getelementptr i16 %grid_26, i64 0, i64 %zext_ln185_1" [top.cpp:185]   --->   Operation 83 'getelementptr' 'grid_26_addr' <Predicate = true> <Delay = 0.00>
ST_11 : Operation 84 [1/1] (0.00ns)   --->   "%grid_27_addr = getelementptr i16 %grid_27, i64 0, i64 %zext_ln185_1" [top.cpp:185]   --->   Operation 84 'getelementptr' 'grid_27_addr' <Predicate = true> <Delay = 0.00>
ST_11 : Operation 85 [1/1] (0.00ns)   --->   "%grid_28_addr = getelementptr i16 %grid_28, i64 0, i64 %zext_ln185_1" [top.cpp:185]   --->   Operation 85 'getelementptr' 'grid_28_addr' <Predicate = true> <Delay = 0.00>
ST_11 : Operation 86 [1/1] (0.00ns)   --->   "%grid_29_addr = getelementptr i16 %grid_29, i64 0, i64 %zext_ln185_1" [top.cpp:185]   --->   Operation 86 'getelementptr' 'grid_29_addr' <Predicate = true> <Delay = 0.00>
ST_11 : Operation 87 [1/1] (0.00ns)   --->   "%grid_30_addr = getelementptr i16 %grid_30, i64 0, i64 %zext_ln185_1" [top.cpp:185]   --->   Operation 87 'getelementptr' 'grid_30_addr' <Predicate = true> <Delay = 0.00>
ST_11 : Operation 88 [1/1] (0.00ns)   --->   "%grid_31_addr = getelementptr i16 %grid_31, i64 0, i64 %zext_ln185_1" [top.cpp:185]   --->   Operation 88 'getelementptr' 'grid_31_addr' <Predicate = true> <Delay = 0.00>
ST_11 : Operation 89 [1/1] (0.00ns)   --->   "%grid_32_addr = getelementptr i16 %grid_32, i64 0, i64 %zext_ln185_1" [top.cpp:185]   --->   Operation 89 'getelementptr' 'grid_32_addr' <Predicate = true> <Delay = 0.00>
ST_11 : Operation 90 [1/1] ( I:1.46ns O:1.46ns )   --->   "%gaussian_stream_read = read i16 @_ssdm_op_Read.ap_fifo.volatile.i16P0A, i16 %gaussian_stream" [top.cpp:185]   --->   Operation 90 'read' 'gaussian_stream_read' <Predicate = true> <Delay = 1.46> <CoreInst = "FIFO">   --->   Core 77 'FIFO' <Latency = 0> <II = 1> <Delay = 1.89> <Storage> <Opcode : 'read' 'write' 'nbread' 'nbwrite'> <Ports = 0> <Width = 16> <Depth = 128> <FIFO>
ST_11 : Operation 91 [1/1] ( I:1.35ns O:1.35ns )   --->   "%store_ln185 = store i16 %gaussian_stream_read, i9 %grid_28_addr" [top.cpp:185]   --->   Operation 91 'store' 'store_ln185' <Predicate = (trunc_ln183 == 1 & trunc_ln184 == 1)> <Delay = 1.35> <CoreInst = "RAM_2P_BRAM">   --->   Core 93 'RAM_2P_BRAM' <Latency = 1> <II = 1> <Delay = 1.35> <Storage> <Opcode : 'load' 'store'> <Ports = 2> <Width = 16> <Depth = 484> <RAM>
ST_11 : Operation 92 [1/1] (0.00ns)   --->   "%br_ln185 = br void %arrayidx26.exit2965" [top.cpp:185]   --->   Operation 92 'br' 'br_ln185' <Predicate = (trunc_ln183 == 1 & trunc_ln184 == 1)> <Delay = 0.00>
ST_11 : Operation 93 [1/1] ( I:1.35ns O:1.35ns )   --->   "%store_ln185 = store i16 %gaussian_stream_read, i9 %grid_27_addr" [top.cpp:185]   --->   Operation 93 'store' 'store_ln185' <Predicate = (trunc_ln183 == 1 & trunc_ln184 == 0)> <Delay = 1.35> <CoreInst = "RAM_2P_BRAM">   --->   Core 93 'RAM_2P_BRAM' <Latency = 1> <II = 1> <Delay = 1.35> <Storage> <Opcode : 'load' 'store'> <Ports = 2> <Width = 16> <Depth = 484> <RAM>
ST_11 : Operation 94 [1/1] (0.00ns)   --->   "%br_ln185 = br void %arrayidx26.exit2965" [top.cpp:185]   --->   Operation 94 'br' 'br_ln185' <Predicate = (trunc_ln183 == 1 & trunc_ln184 == 0)> <Delay = 0.00>
ST_11 : Operation 95 [1/1] ( I:1.35ns O:1.35ns )   --->   "%store_ln185 = store i16 %gaussian_stream_read, i9 %grid_29_addr" [top.cpp:185]   --->   Operation 95 'store' 'store_ln185' <Predicate = (trunc_ln183 == 1 & trunc_ln184 != 0 & trunc_ln184 != 1)> <Delay = 1.35> <CoreInst = "RAM_2P_BRAM">   --->   Core 93 'RAM_2P_BRAM' <Latency = 1> <II = 1> <Delay = 1.35> <Storage> <Opcode : 'load' 'store'> <Ports = 2> <Width = 16> <Depth = 484> <RAM>
ST_11 : Operation 96 [1/1] (0.00ns)   --->   "%br_ln185 = br void %arrayidx26.exit2965" [top.cpp:185]   --->   Operation 96 'br' 'br_ln185' <Predicate = (trunc_ln183 == 1 & trunc_ln184 != 0 & trunc_ln184 != 1)> <Delay = 0.00>
ST_11 : Operation 97 [1/1] ( I:1.35ns O:1.35ns )   --->   "%store_ln185 = store i16 %gaussian_stream_read, i9 %grid_25_addr" [top.cpp:185]   --->   Operation 97 'store' 'store_ln185' <Predicate = (trunc_ln183 == 0 & trunc_ln184 == 1)> <Delay = 1.35> <CoreInst = "RAM_2P_BRAM">   --->   Core 93 'RAM_2P_BRAM' <Latency = 1> <II = 1> <Delay = 1.35> <Storage> <Opcode : 'load' 'store'> <Ports = 2> <Width = 16> <Depth = 484> <RAM>
ST_11 : Operation 98 [1/1] (0.00ns)   --->   "%br_ln185 = br void %arrayidx26.exit2960" [top.cpp:185]   --->   Operation 98 'br' 'br_ln185' <Predicate = (trunc_ln183 == 0 & trunc_ln184 == 1)> <Delay = 0.00>
ST_11 : Operation 99 [1/1] ( I:1.35ns O:1.35ns )   --->   "%store_ln185 = store i16 %gaussian_stream_read, i9 %grid_addr" [top.cpp:185]   --->   Operation 99 'store' 'store_ln185' <Predicate = (trunc_ln183 == 0 & trunc_ln184 == 0)> <Delay = 1.35> <CoreInst = "RAM_2P_BRAM">   --->   Core 93 'RAM_2P_BRAM' <Latency = 1> <II = 1> <Delay = 1.35> <Storage> <Opcode : 'load' 'store'> <Ports = 2> <Width = 16> <Depth = 484> <RAM>
ST_11 : Operation 100 [1/1] (0.00ns)   --->   "%br_ln185 = br void %arrayidx26.exit2960" [top.cpp:185]   --->   Operation 100 'br' 'br_ln185' <Predicate = (trunc_ln183 == 0 & trunc_ln184 == 0)> <Delay = 0.00>
ST_11 : Operation 101 [1/1] ( I:1.35ns O:1.35ns )   --->   "%store_ln185 = store i16 %gaussian_stream_read, i9 %grid_26_addr" [top.cpp:185]   --->   Operation 101 'store' 'store_ln185' <Predicate = (trunc_ln183 == 0 & trunc_ln184 != 0 & trunc_ln184 != 1)> <Delay = 1.35> <CoreInst = "RAM_2P_BRAM">   --->   Core 93 'RAM_2P_BRAM' <Latency = 1> <II = 1> <Delay = 1.35> <Storage> <Opcode : 'load' 'store'> <Ports = 2> <Width = 16> <Depth = 484> <RAM>
ST_11 : Operation 102 [1/1] (0.00ns)   --->   "%br_ln185 = br void %arrayidx26.exit2960" [top.cpp:185]   --->   Operation 102 'br' 'br_ln185' <Predicate = (trunc_ln183 == 0 & trunc_ln184 != 0 & trunc_ln184 != 1)> <Delay = 0.00>
ST_11 : Operation 103 [1/1] ( I:1.35ns O:1.35ns )   --->   "%store_ln185 = store i16 %gaussian_stream_read, i9 %grid_31_addr" [top.cpp:185]   --->   Operation 103 'store' 'store_ln185' <Predicate = (trunc_ln183 != 0 & trunc_ln183 != 1 & trunc_ln184 == 1)> <Delay = 1.35> <CoreInst = "RAM_2P_BRAM">   --->   Core 93 'RAM_2P_BRAM' <Latency = 1> <II = 1> <Delay = 1.35> <Storage> <Opcode : 'load' 'store'> <Ports = 2> <Width = 16> <Depth = 484> <RAM>
ST_11 : Operation 104 [1/1] (0.00ns)   --->   "%br_ln185 = br void %arrayidx26.exit2970" [top.cpp:185]   --->   Operation 104 'br' 'br_ln185' <Predicate = (trunc_ln183 != 0 & trunc_ln183 != 1 & trunc_ln184 == 1)> <Delay = 0.00>
ST_11 : Operation 105 [1/1] ( I:1.35ns O:1.35ns )   --->   "%store_ln185 = store i16 %gaussian_stream_read, i9 %grid_30_addr" [top.cpp:185]   --->   Operation 105 'store' 'store_ln185' <Predicate = (trunc_ln183 != 0 & trunc_ln183 != 1 & trunc_ln184 == 0)> <Delay = 1.35> <CoreInst = "RAM_2P_BRAM">   --->   Core 93 'RAM_2P_BRAM' <Latency = 1> <II = 1> <Delay = 1.35> <Storage> <Opcode : 'load' 'store'> <Ports = 2> <Width = 16> <Depth = 484> <RAM>
ST_11 : Operation 106 [1/1] (0.00ns)   --->   "%br_ln185 = br void %arrayidx26.exit2970" [top.cpp:185]   --->   Operation 106 'br' 'br_ln185' <Predicate = (trunc_ln183 != 0 & trunc_ln183 != 1 & trunc_ln184 == 0)> <Delay = 0.00>
ST_11 : Operation 107 [1/1] ( I:1.35ns O:1.35ns )   --->   "%store_ln185 = store i16 %gaussian_stream_read, i9 %grid_32_addr" [top.cpp:185]   --->   Operation 107 'store' 'store_ln185' <Predicate = (trunc_ln183 != 0 & trunc_ln183 != 1 & trunc_ln184 != 0 & trunc_ln184 != 1)> <Delay = 1.35> <CoreInst = "RAM_2P_BRAM">   --->   Core 93 'RAM_2P_BRAM' <Latency = 1> <II = 1> <Delay = 1.35> <Storage> <Opcode : 'load' 'store'> <Ports = 2> <Width = 16> <Depth = 484> <RAM>
ST_11 : Operation 108 [1/1] (0.00ns)   --->   "%br_ln185 = br void %arrayidx26.exit2970" [top.cpp:185]   --->   Operation 108 'br' 'br_ln185' <Predicate = (trunc_ln183 != 0 & trunc_ln183 != 1 & trunc_ln184 != 0 & trunc_ln184 != 1)> <Delay = 0.00>


============================================================
+ Verbose Summary: Timing violations
============================================================
Target clock period: 4.000ns, clock uncertainty: 1.080ns.

 <State 1>: 2.659ns
The critical path consists of the following:
	'store' operation 0 bit ('store_ln181', top.cpp:181) of constant 0 on local variable 'i', top.cpp:181 [22]  (0.489 ns)
	'load' operation 13 bit ('i', top.cpp:181) on local variable 'i', top.cpp:181 [25]  (0.000 ns)
	'mul' operation 13 bit ('mul_ln183', top.cpp:183) [36]  (2.170 ns)

 <State 2>: 1.534ns
The critical path consists of the following:
	'urem' operation 2 bit ('urem_ln183', top.cpp:183) [40]  (1.534 ns)

 <State 3>: 1.534ns
The critical path consists of the following:
	'urem' operation 2 bit ('urem_ln183', top.cpp:183) [40]  (1.534 ns)

 <State 4>: 1.534ns
The critical path consists of the following:
	'urem' operation 2 bit ('urem_ln183', top.cpp:183) [40]  (1.534 ns)

 <State 5>: 1.534ns
The critical path consists of the following:
	'urem' operation 2 bit ('urem_ln183', top.cpp:183) [40]  (1.534 ns)

 <State 6>: 1.534ns
The critical path consists of the following:
	'urem' operation 2 bit ('urem_ln183', top.cpp:183) [40]  (1.534 ns)

 <State 7>: 1.534ns
The critical path consists of the following:
	'urem' operation 2 bit ('urem_ln183', top.cpp:183) [40]  (1.534 ns)

 <State 8>: 1.534ns
The critical path consists of the following:
	'urem' operation 2 bit ('urem_ln183', top.cpp:183) [40]  (1.534 ns)

 <State 9>: 1.534ns
The critical path consists of the following:
	'urem' operation 2 bit ('urem_ln183', top.cpp:183) [40]  (1.534 ns)

 <State 10>: 2.159ns
The critical path consists of the following:
	'urem' operation 2 bit ('urem_ln184', top.cpp:184) [57]  (1.534 ns)
	blocking operation 0.625 ns on control path)

 <State 11>: 2.812ns
The critical path consists of the following:
	fifo read operation ('gaussian_stream_read', top.cpp:185) on port 'gaussian_stream' (top.cpp:185) [59]  (1.460 ns)
	'store' operation 0 bit ('store_ln185', top.cpp:185) of variable 'gaussian_stream_read', top.cpp:185 on array 'grid_28' [64]  (1.352 ns)


============================================================
+ Verbose Summary: Binding
============================================================
N/A
* FSMD analyzer results:
  - Output states:
 - Input state : 
  - Chain level:
	State 1
	State 2
	State 3
	State 4
	State 5
	State 6
	State 7
	State 8
	State 9
	State 10
	State 11


============================================================
+ Verbose Summary: Datapath Resource usage 
============================================================
N/A
