

================================================================
== Vitis HLS Report for 'stage_gaussian'
================================================================
* Date:           Fri Apr 10 10:37:17 2026

* Version:        2025.1.1 (Build 6214317 on Sep 11 2025)
* Project:        project_1
* Solution:       hls (Vivado IP Flow Target)
* Product family: zynquplus
* Target device:  xczu3eg-sbva484-1-e


================================================================
== Performance Estimates
================================================================
+ Timing: 
    * Summary: 
    +--------+---------+----------+------------+
    |  Clock |  Target | Estimated| Uncertainty|
    +--------+---------+----------+------------+
    |ap_clk  |  4.00 ns|  3.018 ns|     1.08 ns|
    +--------+---------+----------+------------+

+ Latency: 
    * Summary: 
    +---------+---------+-----------+-----------+------+------+---------+
    |  Latency (cycles) |   Latency (absolute)  |   Interval  | Pipeline|
    |   min   |   max   |    min    |    max    |  min |  max |   Type  |
    +---------+---------+-----------+-----------+------+------+---------+
    |     8256|     8256|  33.024 us|  33.024 us|  8256|  8256|       no|
    +---------+---------+-----------+-----------+------+------+---------+

    + Detail: 
        * Instance: 
        N/A

        * Loop: 
        N/A

============================================================
+ Verbose Summary: Synthesis Manager
============================================================
InlineROM: 1
ExposeGlobal: 0
============================================================
+ Verbose Summary: CDFG Model
============================================================
IsTopModel: 0
ResetActiveHigh: 1
IsCombinational: 2
IsDatapathOnly: 0
HasWiredReturn: 1
HasMFsm: 0
HasVarLatency: 1
IsPipeline: 0
IsRtlPipelined: 0
IsInstanceOverlapped: 0
IsDontTouch: 0
HasImplIP: 0
IsGatedGlobalClock: 0


============================================================
+ Verbose Summary: Schedule
============================================================
* Number of FSM states : 4
* Pipeline : 0
* Dataflow Pipeline: 0

* FSM state transitions: 
1 --> 2 
2 --> 3 
3 --> 4 
4 --> 

* FSM state operations: 

State 1 <SV = 0> <Delay = 0.00>
ST_1 : Operation 5 [1/1] (0.00ns)   --->   "%grid = alloca i64 1" [top.cpp:129]   --->   Operation 5 'alloca' 'grid' <Predicate = true> <Delay = 0.00> <CoreInst = "RAM_2P_BRAM">   --->   Core 93 'RAM_2P_BRAM' <Latency = 1> <II = 1> <Delay = 1.35> <Storage> <Opcode : 'load' 'store'> <Ports = 2> <Width = 16> <Depth = 169> <RAM>
ST_1 : Operation 6 [1/1] (0.00ns)   --->   "%grid_1 = alloca i64 1" [top.cpp:129]   --->   Operation 6 'alloca' 'grid_1' <Predicate = true> <Delay = 0.00> <CoreInst = "RAM_2P_BRAM">   --->   Core 93 'RAM_2P_BRAM' <Latency = 1> <II = 1> <Delay = 1.35> <Storage> <Opcode : 'load' 'store'> <Ports = 2> <Width = 16> <Depth = 169> <RAM>
ST_1 : Operation 7 [1/1] (0.00ns)   --->   "%grid_2 = alloca i64 1" [top.cpp:129]   --->   Operation 7 'alloca' 'grid_2' <Predicate = true> <Delay = 0.00> <CoreInst = "RAM_2P_BRAM">   --->   Core 93 'RAM_2P_BRAM' <Latency = 1> <II = 1> <Delay = 1.35> <Storage> <Opcode : 'load' 'store'> <Ports = 2> <Width = 16> <Depth = 169> <RAM>
ST_1 : Operation 8 [1/1] (0.00ns)   --->   "%grid_3 = alloca i64 1" [top.cpp:129]   --->   Operation 8 'alloca' 'grid_3' <Predicate = true> <Delay = 0.00> <CoreInst = "RAM_2P_BRAM">   --->   Core 93 'RAM_2P_BRAM' <Latency = 1> <II = 1> <Delay = 1.35> <Storage> <Opcode : 'load' 'store'> <Ports = 2> <Width = 16> <Depth = 169> <RAM>
ST_1 : Operation 9 [1/1] (0.00ns)   --->   "%grid_4 = alloca i64 1" [top.cpp:129]   --->   Operation 9 'alloca' 'grid_4' <Predicate = true> <Delay = 0.00> <CoreInst = "RAM_2P_BRAM">   --->   Core 93 'RAM_2P_BRAM' <Latency = 1> <II = 1> <Delay = 1.35> <Storage> <Opcode : 'load' 'store'> <Ports = 2> <Width = 16> <Depth = 169> <RAM>
ST_1 : Operation 10 [1/1] (0.00ns)   --->   "%grid_5 = alloca i64 1" [top.cpp:129]   --->   Operation 10 'alloca' 'grid_5' <Predicate = true> <Delay = 0.00> <CoreInst = "RAM_2P_BRAM">   --->   Core 93 'RAM_2P_BRAM' <Latency = 1> <II = 1> <Delay = 1.35> <Storage> <Opcode : 'load' 'store'> <Ports = 2> <Width = 16> <Depth = 169> <RAM>
ST_1 : Operation 11 [1/1] (0.00ns)   --->   "%grid_6 = alloca i64 1" [top.cpp:129]   --->   Operation 11 'alloca' 'grid_6' <Predicate = true> <Delay = 0.00> <CoreInst = "RAM_2P_BRAM">   --->   Core 93 'RAM_2P_BRAM' <Latency = 1> <II = 1> <Delay = 1.35> <Storage> <Opcode : 'load' 'store'> <Ports = 2> <Width = 16> <Depth = 169> <RAM>
ST_1 : Operation 12 [1/1] (0.00ns)   --->   "%grid_7 = alloca i64 1" [top.cpp:129]   --->   Operation 12 'alloca' 'grid_7' <Predicate = true> <Delay = 0.00> <CoreInst = "RAM_2P_BRAM">   --->   Core 93 'RAM_2P_BRAM' <Latency = 1> <II = 1> <Delay = 1.35> <Storage> <Opcode : 'load' 'store'> <Ports = 2> <Width = 16> <Depth = 169> <RAM>
ST_1 : Operation 13 [1/1] (0.00ns)   --->   "%grid_8 = alloca i64 1" [top.cpp:129]   --->   Operation 13 'alloca' 'grid_8' <Predicate = true> <Delay = 0.00> <CoreInst = "RAM_2P_BRAM">   --->   Core 93 'RAM_2P_BRAM' <Latency = 1> <II = 1> <Delay = 1.35> <Storage> <Opcode : 'load' 'store'> <Ports = 2> <Width = 16> <Depth = 169> <RAM>
ST_1 : Operation 14 [1/1] (0.00ns)   --->   "%grid_9 = alloca i64 1" [top.cpp:129]   --->   Operation 14 'alloca' 'grid_9' <Predicate = true> <Delay = 0.00> <CoreInst = "RAM_2P_BRAM">   --->   Core 93 'RAM_2P_BRAM' <Latency = 1> <II = 1> <Delay = 1.35> <Storage> <Opcode : 'load' 'store'> <Ports = 2> <Width = 16> <Depth = 169> <RAM>
ST_1 : Operation 15 [1/1] (0.00ns)   --->   "%grid_10 = alloca i64 1" [top.cpp:129]   --->   Operation 15 'alloca' 'grid_10' <Predicate = true> <Delay = 0.00> <CoreInst = "RAM_2P_BRAM">   --->   Core 93 'RAM_2P_BRAM' <Latency = 1> <II = 1> <Delay = 1.35> <Storage> <Opcode : 'load' 'store'> <Ports = 2> <Width = 16> <Depth = 169> <RAM>
ST_1 : Operation 16 [1/1] (0.00ns)   --->   "%grid_11 = alloca i64 1" [top.cpp:129]   --->   Operation 16 'alloca' 'grid_11' <Predicate = true> <Delay = 0.00> <CoreInst = "RAM_2P_BRAM">   --->   Core 93 'RAM_2P_BRAM' <Latency = 1> <II = 1> <Delay = 1.35> <Storage> <Opcode : 'load' 'store'> <Ports = 2> <Width = 16> <Depth = 169> <RAM>
ST_1 : Operation 17 [1/1] (0.00ns)   --->   "%grid_12 = alloca i64 1" [top.cpp:129]   --->   Operation 17 'alloca' 'grid_12' <Predicate = true> <Delay = 0.00> <CoreInst = "RAM_2P_BRAM">   --->   Core 93 'RAM_2P_BRAM' <Latency = 1> <II = 1> <Delay = 1.35> <Storage> <Opcode : 'load' 'store'> <Ports = 2> <Width = 16> <Depth = 169> <RAM>
ST_1 : Operation 18 [1/1] (0.00ns)   --->   "%grid_13 = alloca i64 1" [top.cpp:129]   --->   Operation 18 'alloca' 'grid_13' <Predicate = true> <Delay = 0.00> <CoreInst = "RAM_2P_BRAM">   --->   Core 93 'RAM_2P_BRAM' <Latency = 1> <II = 1> <Delay = 1.35> <Storage> <Opcode : 'load' 'store'> <Ports = 2> <Width = 16> <Depth = 169> <RAM>
ST_1 : Operation 19 [1/1] (0.00ns)   --->   "%grid_14 = alloca i64 1" [top.cpp:129]   --->   Operation 19 'alloca' 'grid_14' <Predicate = true> <Delay = 0.00> <CoreInst = "RAM_2P_BRAM">   --->   Core 93 'RAM_2P_BRAM' <Latency = 1> <II = 1> <Delay = 1.35> <Storage> <Opcode : 'load' 'store'> <Ports = 2> <Width = 16> <Depth = 169> <RAM>
ST_1 : Operation 20 [1/1] (0.00ns)   --->   "%grid_15 = alloca i64 1" [top.cpp:129]   --->   Operation 20 'alloca' 'grid_15' <Predicate = true> <Delay = 0.00> <CoreInst = "RAM_2P_BRAM">   --->   Core 93 'RAM_2P_BRAM' <Latency = 1> <II = 1> <Delay = 1.35> <Storage> <Opcode : 'load' 'store'> <Ports = 2> <Width = 16> <Depth = 169> <RAM>
ST_1 : Operation 21 [1/1] (0.00ns)   --->   "%grid_16 = alloca i64 1" [top.cpp:129]   --->   Operation 21 'alloca' 'grid_16' <Predicate = true> <Delay = 0.00> <CoreInst = "RAM_2P_BRAM">   --->   Core 93 'RAM_2P_BRAM' <Latency = 1> <II = 1> <Delay = 1.35> <Storage> <Opcode : 'load' 'store'> <Ports = 2> <Width = 16> <Depth = 169> <RAM>
ST_1 : Operation 22 [1/1] (0.00ns)   --->   "%grid_17 = alloca i64 1" [top.cpp:129]   --->   Operation 22 'alloca' 'grid_17' <Predicate = true> <Delay = 0.00> <CoreInst = "RAM_2P_BRAM">   --->   Core 93 'RAM_2P_BRAM' <Latency = 1> <II = 1> <Delay = 1.35> <Storage> <Opcode : 'load' 'store'> <Ports = 2> <Width = 16> <Depth = 169> <RAM>
ST_1 : Operation 23 [1/1] (0.00ns)   --->   "%grid_18 = alloca i64 1" [top.cpp:129]   --->   Operation 23 'alloca' 'grid_18' <Predicate = true> <Delay = 0.00> <CoreInst = "RAM_2P_BRAM">   --->   Core 93 'RAM_2P_BRAM' <Latency = 1> <II = 1> <Delay = 1.35> <Storage> <Opcode : 'load' 'store'> <Ports = 2> <Width = 16> <Depth = 169> <RAM>
ST_1 : Operation 24 [1/1] (0.00ns)   --->   "%grid_19 = alloca i64 1" [top.cpp:129]   --->   Operation 24 'alloca' 'grid_19' <Predicate = true> <Delay = 0.00> <CoreInst = "RAM_2P_BRAM">   --->   Core 93 'RAM_2P_BRAM' <Latency = 1> <II = 1> <Delay = 1.35> <Storage> <Opcode : 'load' 'store'> <Ports = 2> <Width = 16> <Depth = 169> <RAM>
ST_1 : Operation 25 [1/1] (0.00ns)   --->   "%grid_20 = alloca i64 1" [top.cpp:129]   --->   Operation 25 'alloca' 'grid_20' <Predicate = true> <Delay = 0.00> <CoreInst = "RAM_2P_BRAM">   --->   Core 93 'RAM_2P_BRAM' <Latency = 1> <II = 1> <Delay = 1.35> <Storage> <Opcode : 'load' 'store'> <Ports = 2> <Width = 16> <Depth = 169> <RAM>
ST_1 : Operation 26 [1/1] (0.00ns)   --->   "%grid_21 = alloca i64 1" [top.cpp:129]   --->   Operation 26 'alloca' 'grid_21' <Predicate = true> <Delay = 0.00> <CoreInst = "RAM_2P_BRAM">   --->   Core 93 'RAM_2P_BRAM' <Latency = 1> <II = 1> <Delay = 1.35> <Storage> <Opcode : 'load' 'store'> <Ports = 2> <Width = 16> <Depth = 169> <RAM>
ST_1 : Operation 27 [1/1] (0.00ns)   --->   "%grid_22 = alloca i64 1" [top.cpp:129]   --->   Operation 27 'alloca' 'grid_22' <Predicate = true> <Delay = 0.00> <CoreInst = "RAM_2P_BRAM">   --->   Core 93 'RAM_2P_BRAM' <Latency = 1> <II = 1> <Delay = 1.35> <Storage> <Opcode : 'load' 'store'> <Ports = 2> <Width = 16> <Depth = 169> <RAM>
ST_1 : Operation 28 [1/1] (0.00ns)   --->   "%grid_23 = alloca i64 1" [top.cpp:129]   --->   Operation 28 'alloca' 'grid_23' <Predicate = true> <Delay = 0.00> <CoreInst = "RAM_2P_BRAM">   --->   Core 93 'RAM_2P_BRAM' <Latency = 1> <II = 1> <Delay = 1.35> <Storage> <Opcode : 'load' 'store'> <Ports = 2> <Width = 16> <Depth = 169> <RAM>
ST_1 : Operation 29 [1/1] (0.00ns)   --->   "%grid_24 = alloca i64 1" [top.cpp:129]   --->   Operation 29 'alloca' 'grid_24' <Predicate = true> <Delay = 0.00> <CoreInst = "RAM_2P_BRAM">   --->   Core 93 'RAM_2P_BRAM' <Latency = 1> <II = 1> <Delay = 1.35> <Storage> <Opcode : 'load' 'store'> <Ports = 2> <Width = 16> <Depth = 169> <RAM>
ST_1 : Operation 30 [2/2] (0.00ns)   --->   "%call_ln0 = call void @stage_gaussian_Pipeline_READ_IN, i16 %grid_24, i16 %grid_23, i16 %grid_22, i16 %grid_21, i16 %grid_20, i16 %grid_19, i16 %grid_18, i16 %grid_17, i16 %grid_16, i16 %grid_15, i16 %grid_14, i16 %grid_13, i16 %grid_12, i16 %grid_11, i16 %grid_10, i16 %grid_9, i16 %grid_8, i16 %grid_7, i16 %grid_6, i16 %grid_5, i16 %grid_4, i16 %grid_3, i16 %grid_2, i16 %grid_1, i16 %grid, i16 %equalized_stream"   --->   Operation 30 'call' 'call_ln0' <Predicate = true> <Delay = 0.00> <CoreType = "Generic">   --->   Generic Core

State 2 <SV = 1> <Delay = 0.00>
ST_2 : Operation 31 [1/2] (0.00ns)   --->   "%call_ln0 = call void @stage_gaussian_Pipeline_READ_IN, i16 %grid_24, i16 %grid_23, i16 %grid_22, i16 %grid_21, i16 %grid_20, i16 %grid_19, i16 %grid_18, i16 %grid_17, i16 %grid_16, i16 %grid_15, i16 %grid_14, i16 %grid_13, i16 %grid_12, i16 %grid_11, i16 %grid_10, i16 %grid_9, i16 %grid_8, i16 %grid_7, i16 %grid_6, i16 %grid_5, i16 %grid_4, i16 %grid_3, i16 %grid_2, i16 %grid_1, i16 %grid, i16 %equalized_stream"   --->   Operation 31 'call' 'call_ln0' <Predicate = true> <Delay = 0.00> <CoreType = "Generic">   --->   Generic Core

State 3 <SV = 2> <Delay = 0.00>
ST_3 : Operation 32 [1/1] (0.00ns)   --->   "%fence_ln143 = fence void @_ssdm_op_Fence, i16 %equalized_stream, i32 4294967295, i16 %gaussian_stream, i32 0" [top.cpp:143]   --->   Operation 32 'fence' 'fence_ln143' <Predicate = true> <Delay = 0.00>
ST_3 : Operation 33 [1/1] (0.00ns)   --->   "%fence_ln143 = fence void @_ssdm_op_Fence, i16 %equalized_stream, i32 4294967295, i16 %gaussian_stream, i32 0" [top.cpp:143]   --->   Operation 33 'fence' 'fence_ln143' <Predicate = true> <Delay = 0.00>
ST_3 : Operation 34 [2/2] (0.00ns)   --->   "%call_ln0 = call void @stage_gaussian_Pipeline_GAUSSIAN_OUT_VITIS_LOOP_144_1, i16 %grid, i16 %grid_1, i16 %grid_2, i16 %grid_3, i16 %grid_4, i16 %grid_5, i16 %grid_6, i16 %grid_7, i16 %grid_8, i16 %grid_9, i16 %grid_10, i16 %grid_11, i16 %grid_12, i16 %grid_13, i16 %grid_14, i16 %grid_15, i16 %grid_16, i16 %grid_17, i16 %grid_18, i16 %grid_19, i16 %grid_20, i16 %grid_21, i16 %grid_22, i16 %grid_23, i16 %grid_24, i16 %gaussian_stream"   --->   Operation 34 'call' 'call_ln0' <Predicate = true> <Delay = 0.00> <CoreType = "Generic">   --->   Generic Core

State 4 <SV = 3> <Delay = 0.00>
ST_4 : Operation 35 [1/1] (0.00ns)   --->   "%specinterface_ln0 = specinterface void @_ssdm_op_SpecInterface, i16 %gaussian_stream, void @empty_18, i32 0, i32 0, void @empty_3, i32 0, i32 0, void @empty_3, void @empty_3, void @empty_3, i32 0, i32 0, i32 0, i32 0, void @empty_3, void @empty_3, i32 4294967295, i32 0, i32 0"   --->   Operation 35 'specinterface' 'specinterface_ln0' <Predicate = true> <Delay = 0.00>
ST_4 : Operation 36 [1/1] (0.00ns)   --->   "%specinterface_ln0 = specinterface void @_ssdm_op_SpecInterface, i16 %equalized_stream, void @empty_18, i32 0, i32 0, void @empty_3, i32 0, i32 0, void @empty_3, void @empty_3, void @empty_3, i32 0, i32 0, i32 0, i32 0, void @empty_3, void @empty_3, i32 4294967295, i32 0, i32 0"   --->   Operation 36 'specinterface' 'specinterface_ln0' <Predicate = true> <Delay = 0.00>
ST_4 : Operation 37 [1/1] (0.00ns)   --->   "%specmemcore_ln130 = specmemcore void @_ssdm_op_SpecMemCore, i16 %grid_24, i64 666, i64 22, i64 18446744073709551615" [top.cpp:130]   --->   Operation 37 'specmemcore' 'specmemcore_ln130' <Predicate = true> <Delay = 0.00>
ST_4 : Operation 38 [1/1] (0.00ns)   --->   "%specmemcore_ln130 = specmemcore void @_ssdm_op_SpecMemCore, i16 %grid_23, i64 666, i64 22, i64 18446744073709551615" [top.cpp:130]   --->   Operation 38 'specmemcore' 'specmemcore_ln130' <Predicate = true> <Delay = 0.00>
ST_4 : Operation 39 [1/1] (0.00ns)   --->   "%specmemcore_ln130 = specmemcore void @_ssdm_op_SpecMemCore, i16 %grid_22, i64 666, i64 22, i64 18446744073709551615" [top.cpp:130]   --->   Operation 39 'specmemcore' 'specmemcore_ln130' <Predicate = true> <Delay = 0.00>
ST_4 : Operation 40 [1/1] (0.00ns)   --->   "%specmemcore_ln130 = specmemcore void @_ssdm_op_SpecMemCore, i16 %grid_21, i64 666, i64 22, i64 18446744073709551615" [top.cpp:130]   --->   Operation 40 'specmemcore' 'specmemcore_ln130' <Predicate = true> <Delay = 0.00>
ST_4 : Operation 41 [1/1] (0.00ns)   --->   "%specmemcore_ln130 = specmemcore void @_ssdm_op_SpecMemCore, i16 %grid_20, i64 666, i64 22, i64 18446744073709551615" [top.cpp:130]   --->   Operation 41 'specmemcore' 'specmemcore_ln130' <Predicate = true> <Delay = 0.00>
ST_4 : Operation 42 [1/1] (0.00ns)   --->   "%specmemcore_ln130 = specmemcore void @_ssdm_op_SpecMemCore, i16 %grid_19, i64 666, i64 22, i64 18446744073709551615" [top.cpp:130]   --->   Operation 42 'specmemcore' 'specmemcore_ln130' <Predicate = true> <Delay = 0.00>
ST_4 : Operation 43 [1/1] (0.00ns)   --->   "%specmemcore_ln130 = specmemcore void @_ssdm_op_SpecMemCore, i16 %grid_18, i64 666, i64 22, i64 18446744073709551615" [top.cpp:130]   --->   Operation 43 'specmemcore' 'specmemcore_ln130' <Predicate = true> <Delay = 0.00>
ST_4 : Operation 44 [1/1] (0.00ns)   --->   "%specmemcore_ln130 = specmemcore void @_ssdm_op_SpecMemCore, i16 %grid_17, i64 666, i64 22, i64 18446744073709551615" [top.cpp:130]   --->   Operation 44 'specmemcore' 'specmemcore_ln130' <Predicate = true> <Delay = 0.00>
ST_4 : Operation 45 [1/1] (0.00ns)   --->   "%specmemcore_ln130 = specmemcore void @_ssdm_op_SpecMemCore, i16 %grid_16, i64 666, i64 22, i64 18446744073709551615" [top.cpp:130]   --->   Operation 45 'specmemcore' 'specmemcore_ln130' <Predicate = true> <Delay = 0.00>
ST_4 : Operation 46 [1/1] (0.00ns)   --->   "%specmemcore_ln130 = specmemcore void @_ssdm_op_SpecMemCore, i16 %grid_15, i64 666, i64 22, i64 18446744073709551615" [top.cpp:130]   --->   Operation 46 'specmemcore' 'specmemcore_ln130' <Predicate = true> <Delay = 0.00>
ST_4 : Operation 47 [1/1] (0.00ns)   --->   "%specmemcore_ln130 = specmemcore void @_ssdm_op_SpecMemCore, i16 %grid_14, i64 666, i64 22, i64 18446744073709551615" [top.cpp:130]   --->   Operation 47 'specmemcore' 'specmemcore_ln130' <Predicate = true> <Delay = 0.00>
ST_4 : Operation 48 [1/1] (0.00ns)   --->   "%specmemcore_ln130 = specmemcore void @_ssdm_op_SpecMemCore, i16 %grid_13, i64 666, i64 22, i64 18446744073709551615" [top.cpp:130]   --->   Operation 48 'specmemcore' 'specmemcore_ln130' <Predicate = true> <Delay = 0.00>
ST_4 : Operation 49 [1/1] (0.00ns)   --->   "%specmemcore_ln130 = specmemcore void @_ssdm_op_SpecMemCore, i16 %grid_12, i64 666, i64 22, i64 18446744073709551615" [top.cpp:130]   --->   Operation 49 'specmemcore' 'specmemcore_ln130' <Predicate = true> <Delay = 0.00>
ST_4 : Operation 50 [1/1] (0.00ns)   --->   "%specmemcore_ln130 = specmemcore void @_ssdm_op_SpecMemCore, i16 %grid_11, i64 666, i64 22, i64 18446744073709551615" [top.cpp:130]   --->   Operation 50 'specmemcore' 'specmemcore_ln130' <Predicate = true> <Delay = 0.00>
ST_4 : Operation 51 [1/1] (0.00ns)   --->   "%specmemcore_ln130 = specmemcore void @_ssdm_op_SpecMemCore, i16 %grid_10, i64 666, i64 22, i64 18446744073709551615" [top.cpp:130]   --->   Operation 51 'specmemcore' 'specmemcore_ln130' <Predicate = true> <Delay = 0.00>
ST_4 : Operation 52 [1/1] (0.00ns)   --->   "%specmemcore_ln130 = specmemcore void @_ssdm_op_SpecMemCore, i16 %grid_9, i64 666, i64 22, i64 18446744073709551615" [top.cpp:130]   --->   Operation 52 'specmemcore' 'specmemcore_ln130' <Predicate = true> <Delay = 0.00>
ST_4 : Operation 53 [1/1] (0.00ns)   --->   "%specmemcore_ln130 = specmemcore void @_ssdm_op_SpecMemCore, i16 %grid_8, i64 666, i64 22, i64 18446744073709551615" [top.cpp:130]   --->   Operation 53 'specmemcore' 'specmemcore_ln130' <Predicate = true> <Delay = 0.00>
ST_4 : Operation 54 [1/1] (0.00ns)   --->   "%specmemcore_ln130 = specmemcore void @_ssdm_op_SpecMemCore, i16 %grid_7, i64 666, i64 22, i64 18446744073709551615" [top.cpp:130]   --->   Operation 54 'specmemcore' 'specmemcore_ln130' <Predicate = true> <Delay = 0.00>
ST_4 : Operation 55 [1/1] (0.00ns)   --->   "%specmemcore_ln130 = specmemcore void @_ssdm_op_SpecMemCore, i16 %grid_6, i64 666, i64 22, i64 18446744073709551615" [top.cpp:130]   --->   Operation 55 'specmemcore' 'specmemcore_ln130' <Predicate = true> <Delay = 0.00>
ST_4 : Operation 56 [1/1] (0.00ns)   --->   "%specmemcore_ln130 = specmemcore void @_ssdm_op_SpecMemCore, i16 %grid_5, i64 666, i64 22, i64 18446744073709551615" [top.cpp:130]   --->   Operation 56 'specmemcore' 'specmemcore_ln130' <Predicate = true> <Delay = 0.00>
ST_4 : Operation 57 [1/1] (0.00ns)   --->   "%specmemcore_ln130 = specmemcore void @_ssdm_op_SpecMemCore, i16 %grid_4, i64 666, i64 22, i64 18446744073709551615" [top.cpp:130]   --->   Operation 57 'specmemcore' 'specmemcore_ln130' <Predicate = true> <Delay = 0.00>
ST_4 : Operation 58 [1/1] (0.00ns)   --->   "%specmemcore_ln130 = specmemcore void @_ssdm_op_SpecMemCore, i16 %grid_3, i64 666, i64 22, i64 18446744073709551615" [top.cpp:130]   --->   Operation 58 'specmemcore' 'specmemcore_ln130' <Predicate = true> <Delay = 0.00>
ST_4 : Operation 59 [1/1] (0.00ns)   --->   "%specmemcore_ln130 = specmemcore void @_ssdm_op_SpecMemCore, i16 %grid_2, i64 666, i64 22, i64 18446744073709551615" [top.cpp:130]   --->   Operation 59 'specmemcore' 'specmemcore_ln130' <Predicate = true> <Delay = 0.00>
ST_4 : Operation 60 [1/1] (0.00ns)   --->   "%specmemcore_ln130 = specmemcore void @_ssdm_op_SpecMemCore, i16 %grid_1, i64 666, i64 22, i64 18446744073709551615" [top.cpp:130]   --->   Operation 60 'specmemcore' 'specmemcore_ln130' <Predicate = true> <Delay = 0.00>
ST_4 : Operation 61 [1/1] (0.00ns)   --->   "%specmemcore_ln130 = specmemcore void @_ssdm_op_SpecMemCore, i16 %grid, i64 666, i64 22, i64 18446744073709551615" [top.cpp:130]   --->   Operation 61 'specmemcore' 'specmemcore_ln130' <Predicate = true> <Delay = 0.00>
ST_4 : Operation 62 [1/2] (0.00ns)   --->   "%call_ln0 = call void @stage_gaussian_Pipeline_GAUSSIAN_OUT_VITIS_LOOP_144_1, i16 %grid, i16 %grid_1, i16 %grid_2, i16 %grid_3, i16 %grid_4, i16 %grid_5, i16 %grid_6, i16 %grid_7, i16 %grid_8, i16 %grid_9, i16 %grid_10, i16 %grid_11, i16 %grid_12, i16 %grid_13, i16 %grid_14, i16 %grid_15, i16 %grid_16, i16 %grid_17, i16 %grid_18, i16 %grid_19, i16 %grid_20, i16 %grid_21, i16 %grid_22, i16 %grid_23, i16 %grid_24, i16 %gaussian_stream"   --->   Operation 62 'call' 'call_ln0' <Predicate = true> <Delay = 0.00> <CoreType = "Generic">   --->   Generic Core
ST_4 : Operation 63 [1/1] (0.00ns)   --->   "%ret_ln168 = ret" [top.cpp:168]   --->   Operation 63 'ret' 'ret_ln168' <Predicate = true> <Delay = 0.00>


============================================================
+ Verbose Summary: Timing violations
============================================================
Target clock period: 4.000ns, clock uncertainty: 1.080ns.

 <State 1>: 0.000ns
The critical path consists of the following:

 <State 2>: 0.000ns
The critical path consists of the following:

 <State 3>: 0.000ns
The critical path consists of the following:

 <State 4>: 0.000ns
The critical path consists of the following:


============================================================
+ Verbose Summary: Binding
============================================================
N/A
* FSMD analyzer results:
  - Output states:
 - Input state : 
  - Chain level:
	State 1
	State 2
	State 3
	State 4


============================================================
+ Verbose Summary: Datapath Resource usage 
============================================================
N/A
