

================================================================
== Vitis HLS Report for 'stage_morphology'
================================================================
* Date:           Fri Apr 10 10:37:22 2026

* Version:        2025.1.1 (Build 6214317 on Sep 11 2025)
* Project:        project_1
* Solution:       hls (Vivado IP Flow Target)
* Product family: zynquplus
* Target device:  xczu3eg-sbva484-1-e


================================================================
== Performance Estimates
================================================================
+ Timing: 
    * Summary: 
    +--------+---------+----------+------------+
    |  Clock |  Target | Estimated| Uncertainty|
    +--------+---------+----------+------------+
    |ap_clk  |  4.00 ns|  3.018 ns|     1.08 ns|
    +--------+---------+----------+------------+

+ Latency: 
    * Summary: 
    +---------+---------+-----------+-----------+-------+-------+---------+
    |  Latency (cycles) |   Latency (absolute)  |    Interval   | Pipeline|
    |   min   |   max   |    min    |    max    |  min  |  max  |   Type  |
    +---------+---------+-----------+-----------+-------+-------+---------+
    |    12344|    12344|  49.376 us|  49.376 us|  12344|  12344|       no|
    +---------+---------+-----------+-----------+-------+-------+---------+

    + Detail: 
        * Instance: 
        N/A

        * Loop: 
        N/A

============================================================
+ Verbose Summary: Synthesis Manager
============================================================
InlineROM: 1
ExposeGlobal: 0
============================================================
+ Verbose Summary: CDFG Model
============================================================
IsTopModel: 0
ResetActiveHigh: 1
IsCombinational: 2
IsDatapathOnly: 0
HasWiredReturn: 1
HasMFsm: 0
HasVarLatency: 1
IsPipeline: 0
IsRtlPipelined: 0
IsInstanceOverlapped: 0
IsDontTouch: 0
HasImplIP: 0
IsGatedGlobalClock: 0


============================================================
+ Verbose Summary: Schedule
============================================================
* Number of FSM states : 6
* Pipeline : 0
* Dataflow Pipeline: 0

* FSM state transitions: 
1 --> 2 
2 --> 3 
3 --> 4 
4 --> 5 
5 --> 6 
6 --> 

* FSM state operations: 

State 1 <SV = 0> <Delay = 0.00>
ST_1 : Operation 7 [1/1] (0.00ns)   --->   "%bilateral_buf = alloca i64 1" [top.cpp:248]   --->   Operation 7 'alloca' 'bilateral_buf' <Predicate = true> <Delay = 0.00> <CoreInst = "RAM_2P_BRAM">   --->   Core 93 'RAM_2P_BRAM' <Latency = 1> <II = 1> <Delay = 1.35> <Storage> <Opcode : 'load' 'store'> <Ports = 2> <Width = 16> <Depth = 484> <RAM>
ST_1 : Operation 8 [1/1] (0.00ns)   --->   "%bilateral_buf_1 = alloca i64 1" [top.cpp:248]   --->   Operation 8 'alloca' 'bilateral_buf_1' <Predicate = true> <Delay = 0.00> <CoreInst = "RAM_2P_BRAM">   --->   Core 93 'RAM_2P_BRAM' <Latency = 1> <II = 1> <Delay = 1.35> <Storage> <Opcode : 'load' 'store'> <Ports = 2> <Width = 16> <Depth = 484> <RAM>
ST_1 : Operation 9 [1/1] (0.00ns)   --->   "%bilateral_buf_2 = alloca i64 1" [top.cpp:248]   --->   Operation 9 'alloca' 'bilateral_buf_2' <Predicate = true> <Delay = 0.00> <CoreInst = "RAM_2P_BRAM">   --->   Core 93 'RAM_2P_BRAM' <Latency = 1> <II = 1> <Delay = 1.35> <Storage> <Opcode : 'load' 'store'> <Ports = 2> <Width = 16> <Depth = 484> <RAM>
ST_1 : Operation 10 [1/1] (0.00ns)   --->   "%bilateral_buf_3 = alloca i64 1" [top.cpp:248]   --->   Operation 10 'alloca' 'bilateral_buf_3' <Predicate = true> <Delay = 0.00> <CoreInst = "RAM_2P_BRAM">   --->   Core 93 'RAM_2P_BRAM' <Latency = 1> <II = 1> <Delay = 1.35> <Storage> <Opcode : 'load' 'store'> <Ports = 2> <Width = 16> <Depth = 484> <RAM>
ST_1 : Operation 11 [1/1] (0.00ns)   --->   "%bilateral_buf_4 = alloca i64 1" [top.cpp:248]   --->   Operation 11 'alloca' 'bilateral_buf_4' <Predicate = true> <Delay = 0.00> <CoreInst = "RAM_2P_BRAM">   --->   Core 93 'RAM_2P_BRAM' <Latency = 1> <II = 1> <Delay = 1.35> <Storage> <Opcode : 'load' 'store'> <Ports = 2> <Width = 16> <Depth = 484> <RAM>
ST_1 : Operation 12 [1/1] (0.00ns)   --->   "%bilateral_buf_5 = alloca i64 1" [top.cpp:248]   --->   Operation 12 'alloca' 'bilateral_buf_5' <Predicate = true> <Delay = 0.00> <CoreInst = "RAM_2P_BRAM">   --->   Core 93 'RAM_2P_BRAM' <Latency = 1> <II = 1> <Delay = 1.35> <Storage> <Opcode : 'load' 'store'> <Ports = 2> <Width = 16> <Depth = 484> <RAM>
ST_1 : Operation 13 [1/1] (0.00ns)   --->   "%bilateral_buf_6 = alloca i64 1" [top.cpp:248]   --->   Operation 13 'alloca' 'bilateral_buf_6' <Predicate = true> <Delay = 0.00> <CoreInst = "RAM_2P_BRAM">   --->   Core 93 'RAM_2P_BRAM' <Latency = 1> <II = 1> <Delay = 1.35> <Storage> <Opcode : 'load' 'store'> <Ports = 2> <Width = 16> <Depth = 484> <RAM>
ST_1 : Operation 14 [1/1] (0.00ns)   --->   "%bilateral_buf_7 = alloca i64 1" [top.cpp:248]   --->   Operation 14 'alloca' 'bilateral_buf_7' <Predicate = true> <Delay = 0.00> <CoreInst = "RAM_2P_BRAM">   --->   Core 93 'RAM_2P_BRAM' <Latency = 1> <II = 1> <Delay = 1.35> <Storage> <Opcode : 'load' 'store'> <Ports = 2> <Width = 16> <Depth = 484> <RAM>
ST_1 : Operation 15 [1/1] (0.00ns)   --->   "%bilateral_buf_8 = alloca i64 1" [top.cpp:248]   --->   Operation 15 'alloca' 'bilateral_buf_8' <Predicate = true> <Delay = 0.00> <CoreInst = "RAM_2P_BRAM">   --->   Core 93 'RAM_2P_BRAM' <Latency = 1> <II = 1> <Delay = 1.35> <Storage> <Opcode : 'load' 'store'> <Ports = 2> <Width = 16> <Depth = 484> <RAM>
ST_1 : Operation 16 [1/1] (0.00ns)   --->   "%eroded_buf = alloca i64 1" [top.cpp:249]   --->   Operation 16 'alloca' 'eroded_buf' <Predicate = true> <Delay = 0.00> <CoreInst = "RAM_2P_BRAM">   --->   Core 93 'RAM_2P_BRAM' <Latency = 1> <II = 1> <Delay = 1.35> <Storage> <Opcode : 'load' 'store'> <Ports = 2> <Width = 16> <Depth = 484> <RAM>
ST_1 : Operation 17 [1/1] (0.00ns)   --->   "%eroded_buf_1 = alloca i64 1" [top.cpp:249]   --->   Operation 17 'alloca' 'eroded_buf_1' <Predicate = true> <Delay = 0.00> <CoreInst = "RAM_2P_BRAM">   --->   Core 93 'RAM_2P_BRAM' <Latency = 1> <II = 1> <Delay = 1.35> <Storage> <Opcode : 'load' 'store'> <Ports = 2> <Width = 16> <Depth = 484> <RAM>
ST_1 : Operation 18 [1/1] (0.00ns)   --->   "%eroded_buf_2 = alloca i64 1" [top.cpp:249]   --->   Operation 18 'alloca' 'eroded_buf_2' <Predicate = true> <Delay = 0.00> <CoreInst = "RAM_2P_BRAM">   --->   Core 93 'RAM_2P_BRAM' <Latency = 1> <II = 1> <Delay = 1.35> <Storage> <Opcode : 'load' 'store'> <Ports = 2> <Width = 16> <Depth = 484> <RAM>
ST_1 : Operation 19 [1/1] (0.00ns)   --->   "%eroded_buf_3 = alloca i64 1" [top.cpp:249]   --->   Operation 19 'alloca' 'eroded_buf_3' <Predicate = true> <Delay = 0.00> <CoreInst = "RAM_2P_BRAM">   --->   Core 93 'RAM_2P_BRAM' <Latency = 1> <II = 1> <Delay = 1.35> <Storage> <Opcode : 'load' 'store'> <Ports = 2> <Width = 16> <Depth = 484> <RAM>
ST_1 : Operation 20 [1/1] (0.00ns)   --->   "%eroded_buf_4 = alloca i64 1" [top.cpp:249]   --->   Operation 20 'alloca' 'eroded_buf_4' <Predicate = true> <Delay = 0.00> <CoreInst = "RAM_2P_BRAM">   --->   Core 93 'RAM_2P_BRAM' <Latency = 1> <II = 1> <Delay = 1.35> <Storage> <Opcode : 'load' 'store'> <Ports = 2> <Width = 16> <Depth = 484> <RAM>
ST_1 : Operation 21 [1/1] (0.00ns)   --->   "%eroded_buf_5 = alloca i64 1" [top.cpp:249]   --->   Operation 21 'alloca' 'eroded_buf_5' <Predicate = true> <Delay = 0.00> <CoreInst = "RAM_2P_BRAM">   --->   Core 93 'RAM_2P_BRAM' <Latency = 1> <II = 1> <Delay = 1.35> <Storage> <Opcode : 'load' 'store'> <Ports = 2> <Width = 16> <Depth = 484> <RAM>
ST_1 : Operation 22 [1/1] (0.00ns)   --->   "%eroded_buf_6 = alloca i64 1" [top.cpp:249]   --->   Operation 22 'alloca' 'eroded_buf_6' <Predicate = true> <Delay = 0.00> <CoreInst = "RAM_2P_BRAM">   --->   Core 93 'RAM_2P_BRAM' <Latency = 1> <II = 1> <Delay = 1.35> <Storage> <Opcode : 'load' 'store'> <Ports = 2> <Width = 16> <Depth = 484> <RAM>
ST_1 : Operation 23 [1/1] (0.00ns)   --->   "%eroded_buf_7 = alloca i64 1" [top.cpp:249]   --->   Operation 23 'alloca' 'eroded_buf_7' <Predicate = true> <Delay = 0.00> <CoreInst = "RAM_2P_BRAM">   --->   Core 93 'RAM_2P_BRAM' <Latency = 1> <II = 1> <Delay = 1.35> <Storage> <Opcode : 'load' 'store'> <Ports = 2> <Width = 16> <Depth = 484> <RAM>
ST_1 : Operation 24 [1/1] (0.00ns)   --->   "%eroded_buf_8 = alloca i64 1" [top.cpp:249]   --->   Operation 24 'alloca' 'eroded_buf_8' <Predicate = true> <Delay = 0.00> <CoreInst = "RAM_2P_BRAM">   --->   Core 93 'RAM_2P_BRAM' <Latency = 1> <II = 1> <Delay = 1.35> <Storage> <Opcode : 'load' 'store'> <Ports = 2> <Width = 16> <Depth = 484> <RAM>
ST_1 : Operation 25 [2/2] (0.00ns)   --->   "%call_ln0 = call void @stage_morphology_Pipeline_READ_BILATERAL, i16 %bilateral_buf_8, i16 %bilateral_buf_7, i16 %bilateral_buf_6, i16 %bilateral_buf_5, i16 %bilateral_buf_4, i16 %bilateral_buf_3, i16 %bilateral_buf_2, i16 %bilateral_buf_1, i16 %bilateral_buf, i16 %bilateral_stream"   --->   Operation 25 'call' 'call_ln0' <Predicate = true> <Delay = 0.00> <CoreType = "Generic">   --->   Generic Core

State 2 <SV = 1> <Delay = 0.00>
ST_2 : Operation 26 [1/2] (0.00ns)   --->   "%call_ln0 = call void @stage_morphology_Pipeline_READ_BILATERAL, i16 %bilateral_buf_8, i16 %bilateral_buf_7, i16 %bilateral_buf_6, i16 %bilateral_buf_5, i16 %bilateral_buf_4, i16 %bilateral_buf_3, i16 %bilateral_buf_2, i16 %bilateral_buf_1, i16 %bilateral_buf, i16 %bilateral_stream"   --->   Operation 26 'call' 'call_ln0' <Predicate = true> <Delay = 0.00> <CoreType = "Generic">   --->   Generic Core

State 3 <SV = 2> <Delay = 0.00>
ST_3 : Operation 27 [2/2] (0.00ns)   --->   "%call_ln0 = call void @stage_morphology_Pipeline_EROSION_LOOP_VITIS_LOOP_265_1, i16 %bilateral_buf, i16 %bilateral_buf_1, i16 %bilateral_buf_2, i16 %bilateral_buf_3, i16 %bilateral_buf_4, i16 %bilateral_buf_5, i16 %bilateral_buf_6, i16 %bilateral_buf_7, i16 %bilateral_buf_8, i16 %eroded_buf, i16 %eroded_buf_1, i16 %eroded_buf_2, i16 %eroded_buf_3, i16 %eroded_buf_4, i16 %eroded_buf_5, i16 %eroded_buf_6, i16 %eroded_buf_7, i16 %eroded_buf_8"   --->   Operation 27 'call' 'call_ln0' <Predicate = true> <Delay = 0.00> <CoreType = "Generic">   --->   Generic Core

State 4 <SV = 3> <Delay = 0.00>
ST_4 : Operation 28 [1/2] (0.00ns)   --->   "%call_ln0 = call void @stage_morphology_Pipeline_EROSION_LOOP_VITIS_LOOP_265_1, i16 %bilateral_buf, i16 %bilateral_buf_1, i16 %bilateral_buf_2, i16 %bilateral_buf_3, i16 %bilateral_buf_4, i16 %bilateral_buf_5, i16 %bilateral_buf_6, i16 %bilateral_buf_7, i16 %bilateral_buf_8, i16 %eroded_buf, i16 %eroded_buf_1, i16 %eroded_buf_2, i16 %eroded_buf_3, i16 %eroded_buf_4, i16 %eroded_buf_5, i16 %eroded_buf_6, i16 %eroded_buf_7, i16 %eroded_buf_8"   --->   Operation 28 'call' 'call_ln0' <Predicate = true> <Delay = 0.00> <CoreType = "Generic">   --->   Generic Core

State 5 <SV = 4> <Delay = 0.00>
ST_5 : Operation 29 [1/1] (0.00ns)   --->   "%fence_ln264 = fence void @_ssdm_op_Fence, i16 %bilateral_stream, i32 4294967295, i16 %morphology_stream, i32 0" [top.cpp:264]   --->   Operation 29 'fence' 'fence_ln264' <Predicate = true> <Delay = 0.00>
ST_5 : Operation 30 [1/1] (0.00ns)   --->   "%fence_ln264 = fence void @_ssdm_op_Fence, i16 %bilateral_stream, i32 4294967295, i16 %morphology_stream, i32 0" [top.cpp:264]   --->   Operation 30 'fence' 'fence_ln264' <Predicate = true> <Delay = 0.00>
ST_5 : Operation 31 [1/1] (0.00ns)   --->   "%fence_ln292 = fence void @_ssdm_op_Fence, i16 %bilateral_stream, i32 4294967295, i16 %morphology_stream, i32 0" [top.cpp:292]   --->   Operation 31 'fence' 'fence_ln292' <Predicate = true> <Delay = 0.00>
ST_5 : Operation 32 [2/2] (0.00ns)   --->   "%call_ln0 = call void @stage_morphology_Pipeline_DILATION_LOOP_VITIS_LOOP_293_4, i16 %eroded_buf, i16 %eroded_buf_1, i16 %eroded_buf_2, i16 %eroded_buf_3, i16 %eroded_buf_4, i16 %eroded_buf_5, i16 %eroded_buf_6, i16 %eroded_buf_7, i16 %eroded_buf_8, i16 %morphology_stream"   --->   Operation 32 'call' 'call_ln0' <Predicate = true> <Delay = 0.00> <CoreType = "Generic">   --->   Generic Core

State 6 <SV = 5> <Delay = 0.00>
ST_6 : Operation 33 [1/1] (0.00ns)   --->   "%specinterface_ln0 = specinterface void @_ssdm_op_SpecInterface, i16 %morphology_stream, void @empty_18, i32 0, i32 0, void @empty_3, i32 0, i32 0, void @empty_3, void @empty_3, void @empty_3, i32 0, i32 0, i32 0, i32 0, void @empty_3, void @empty_3, i32 4294967295, i32 0, i32 0"   --->   Operation 33 'specinterface' 'specinterface_ln0' <Predicate = true> <Delay = 0.00>
ST_6 : Operation 34 [1/1] (0.00ns)   --->   "%specinterface_ln0 = specinterface void @_ssdm_op_SpecInterface, i16 %bilateral_stream, void @empty_18, i32 0, i32 0, void @empty_3, i32 0, i32 0, void @empty_3, void @empty_3, void @empty_3, i32 0, i32 0, i32 0, i32 0, void @empty_3, void @empty_3, i32 4294967295, i32 0, i32 0"   --->   Operation 34 'specinterface' 'specinterface_ln0' <Predicate = true> <Delay = 0.00>
ST_6 : Operation 35 [1/1] (0.00ns)   --->   "%specmemcore_ln250 = specmemcore void @_ssdm_op_SpecMemCore, i16 %bilateral_buf_8, i64 666, i64 22, i64 18446744073709551615" [top.cpp:250]   --->   Operation 35 'specmemcore' 'specmemcore_ln250' <Predicate = true> <Delay = 0.00>
ST_6 : Operation 36 [1/1] (0.00ns)   --->   "%specmemcore_ln250 = specmemcore void @_ssdm_op_SpecMemCore, i16 %bilateral_buf_7, i64 666, i64 22, i64 18446744073709551615" [top.cpp:250]   --->   Operation 36 'specmemcore' 'specmemcore_ln250' <Predicate = true> <Delay = 0.00>
ST_6 : Operation 37 [1/1] (0.00ns)   --->   "%specmemcore_ln250 = specmemcore void @_ssdm_op_SpecMemCore, i16 %bilateral_buf_6, i64 666, i64 22, i64 18446744073709551615" [top.cpp:250]   --->   Operation 37 'specmemcore' 'specmemcore_ln250' <Predicate = true> <Delay = 0.00>
ST_6 : Operation 38 [1/1] (0.00ns)   --->   "%specmemcore_ln250 = specmemcore void @_ssdm_op_SpecMemCore, i16 %bilateral_buf_5, i64 666, i64 22, i64 18446744073709551615" [top.cpp:250]   --->   Operation 38 'specmemcore' 'specmemcore_ln250' <Predicate = true> <Delay = 0.00>
ST_6 : Operation 39 [1/1] (0.00ns)   --->   "%specmemcore_ln250 = specmemcore void @_ssdm_op_SpecMemCore, i16 %bilateral_buf_4, i64 666, i64 22, i64 18446744073709551615" [top.cpp:250]   --->   Operation 39 'specmemcore' 'specmemcore_ln250' <Predicate = true> <Delay = 0.00>
ST_6 : Operation 40 [1/1] (0.00ns)   --->   "%specmemcore_ln250 = specmemcore void @_ssdm_op_SpecMemCore, i16 %bilateral_buf_3, i64 666, i64 22, i64 18446744073709551615" [top.cpp:250]   --->   Operation 40 'specmemcore' 'specmemcore_ln250' <Predicate = true> <Delay = 0.00>
ST_6 : Operation 41 [1/1] (0.00ns)   --->   "%specmemcore_ln250 = specmemcore void @_ssdm_op_SpecMemCore, i16 %bilateral_buf_2, i64 666, i64 22, i64 18446744073709551615" [top.cpp:250]   --->   Operation 41 'specmemcore' 'specmemcore_ln250' <Predicate = true> <Delay = 0.00>
ST_6 : Operation 42 [1/1] (0.00ns)   --->   "%specmemcore_ln250 = specmemcore void @_ssdm_op_SpecMemCore, i16 %bilateral_buf_1, i64 666, i64 22, i64 18446744073709551615" [top.cpp:250]   --->   Operation 42 'specmemcore' 'specmemcore_ln250' <Predicate = true> <Delay = 0.00>
ST_6 : Operation 43 [1/1] (0.00ns)   --->   "%specmemcore_ln250 = specmemcore void @_ssdm_op_SpecMemCore, i16 %bilateral_buf, i64 666, i64 22, i64 18446744073709551615" [top.cpp:250]   --->   Operation 43 'specmemcore' 'specmemcore_ln250' <Predicate = true> <Delay = 0.00>
ST_6 : Operation 44 [1/1] (0.00ns)   --->   "%specmemcore_ln251 = specmemcore void @_ssdm_op_SpecMemCore, i16 %eroded_buf_8, i64 666, i64 22, i64 18446744073709551615" [top.cpp:251]   --->   Operation 44 'specmemcore' 'specmemcore_ln251' <Predicate = true> <Delay = 0.00>
ST_6 : Operation 45 [1/1] (0.00ns)   --->   "%specmemcore_ln251 = specmemcore void @_ssdm_op_SpecMemCore, i16 %eroded_buf_7, i64 666, i64 22, i64 18446744073709551615" [top.cpp:251]   --->   Operation 45 'specmemcore' 'specmemcore_ln251' <Predicate = true> <Delay = 0.00>
ST_6 : Operation 46 [1/1] (0.00ns)   --->   "%specmemcore_ln251 = specmemcore void @_ssdm_op_SpecMemCore, i16 %eroded_buf_6, i64 666, i64 22, i64 18446744073709551615" [top.cpp:251]   --->   Operation 46 'specmemcore' 'specmemcore_ln251' <Predicate = true> <Delay = 0.00>
ST_6 : Operation 47 [1/1] (0.00ns)   --->   "%specmemcore_ln251 = specmemcore void @_ssdm_op_SpecMemCore, i16 %eroded_buf_5, i64 666, i64 22, i64 18446744073709551615" [top.cpp:251]   --->   Operation 47 'specmemcore' 'specmemcore_ln251' <Predicate = true> <Delay = 0.00>
ST_6 : Operation 48 [1/1] (0.00ns)   --->   "%specmemcore_ln251 = specmemcore void @_ssdm_op_SpecMemCore, i16 %eroded_buf_4, i64 666, i64 22, i64 18446744073709551615" [top.cpp:251]   --->   Operation 48 'specmemcore' 'specmemcore_ln251' <Predicate = true> <Delay = 0.00>
ST_6 : Operation 49 [1/1] (0.00ns)   --->   "%specmemcore_ln251 = specmemcore void @_ssdm_op_SpecMemCore, i16 %eroded_buf_3, i64 666, i64 22, i64 18446744073709551615" [top.cpp:251]   --->   Operation 49 'specmemcore' 'specmemcore_ln251' <Predicate = true> <Delay = 0.00>
ST_6 : Operation 50 [1/1] (0.00ns)   --->   "%specmemcore_ln251 = specmemcore void @_ssdm_op_SpecMemCore, i16 %eroded_buf_2, i64 666, i64 22, i64 18446744073709551615" [top.cpp:251]   --->   Operation 50 'specmemcore' 'specmemcore_ln251' <Predicate = true> <Delay = 0.00>
ST_6 : Operation 51 [1/1] (0.00ns)   --->   "%specmemcore_ln251 = specmemcore void @_ssdm_op_SpecMemCore, i16 %eroded_buf_1, i64 666, i64 22, i64 18446744073709551615" [top.cpp:251]   --->   Operation 51 'specmemcore' 'specmemcore_ln251' <Predicate = true> <Delay = 0.00>
ST_6 : Operation 52 [1/1] (0.00ns)   --->   "%specmemcore_ln251 = specmemcore void @_ssdm_op_SpecMemCore, i16 %eroded_buf, i64 666, i64 22, i64 18446744073709551615" [top.cpp:251]   --->   Operation 52 'specmemcore' 'specmemcore_ln251' <Predicate = true> <Delay = 0.00>
ST_6 : Operation 53 [1/2] (0.00ns)   --->   "%call_ln0 = call void @stage_morphology_Pipeline_DILATION_LOOP_VITIS_LOOP_293_4, i16 %eroded_buf, i16 %eroded_buf_1, i16 %eroded_buf_2, i16 %eroded_buf_3, i16 %eroded_buf_4, i16 %eroded_buf_5, i16 %eroded_buf_6, i16 %eroded_buf_7, i16 %eroded_buf_8, i16 %morphology_stream"   --->   Operation 53 'call' 'call_ln0' <Predicate = true> <Delay = 0.00> <CoreType = "Generic">   --->   Generic Core
ST_6 : Operation 54 [1/1] (0.00ns)   --->   "%ret_ln316 = ret" [top.cpp:316]   --->   Operation 54 'ret' 'ret_ln316' <Predicate = true> <Delay = 0.00>


============================================================
+ Verbose Summary: Timing violations
============================================================
Target clock period: 4.000ns, clock uncertainty: 1.080ns.

 <State 1>: 0.000ns
The critical path consists of the following:

 <State 2>: 0.000ns
The critical path consists of the following:

 <State 3>: 0.000ns
The critical path consists of the following:

 <State 4>: 0.000ns
The critical path consists of the following:

 <State 5>: 0.000ns
The critical path consists of the following:

 <State 6>: 0.000ns
The critical path consists of the following:


============================================================
+ Verbose Summary: Binding
============================================================
N/A
* FSMD analyzer results:
  - Output states:
 - Input state : 
  - Chain level:
	State 1
	State 2
	State 3
	State 4
	State 5
	State 6


============================================================
+ Verbose Summary: Datapath Resource usage 
============================================================
N/A
