

================================================================
== Vitis HLS Report for 'top_kernel'
================================================================
* Date:           Fri Apr 10 10:37:22 2026

* Version:        2025.1.1 (Build 6214317 on Sep 11 2025)
* Project:        project_1
* Solution:       hls (Vivado IP Flow Target)
* Product family: zynquplus
* Target device:  xczu3eg-sbva484-1-e


================================================================
== Performance Estimates
================================================================
+ Timing: 
    * Summary: 
    +--------+---------+----------+------------+
    |  Clock |  Target | Estimated| Uncertainty|
    +--------+---------+----------+------------+
    |ap_clk  |  4.00 ns|  3.320 ns|     1.08 ns|
    +--------+---------+----------+------------+

+ Latency: 
    * Summary: 
    +---------+---------+-----------+-----------+-------+-------+----------+
    |  Latency (cycles) |   Latency (absolute)  |    Interval   | Pipeline |
    |   min   |   max   |    min    |    max    |  min  |  max  |   Type   |
    +---------+---------+-----------+-----------+-------+-------+----------+
    |    12748|    12748|  50.992 us|  50.992 us|  12749|  12749|  dataflow|
    +---------+---------+-----------+-----------+-------+-------+----------+

    + Detail: 
        * Instance: 
        N/A

        * Loop: 
        N/A

============================================================
+ Verbose Summary: Synthesis Manager
============================================================
InlineROM: 1
ExposeGlobal: 0
============================================================
+ Verbose Summary: CDFG Model
============================================================
IsTopModel: 1
ResetActiveHigh: 1
IsCombinational: 2
IsDatapathOnly: 0
HasWiredReturn: 1
HasMFsm: 0
HasVarLatency: 1
IsPipeline: 0
IsRtlPipelined: 0
IsInstanceOverlapped: 0
IsDontTouch: 0
HasImplIP: 0
IsGatedGlobalClock: 0


============================================================
+ Verbose Summary: Schedule
============================================================
* Number of FSM states : 11
* Pipeline : 0
* Dataflow Pipeline: 1
  DF-Pipeline-0: Size = 11, States = { 1 2 3 4 5 6 7 8 9 10 11 }

* FSM state transitions: 
1 --> 2 
2 --> 3 
3 --> 4 
4 --> 5 
5 --> 6 
6 --> 7 
7 --> 8 
8 --> 9 
9 --> 10 
10 --> 11 
11 --> 

* FSM state operations: 

State 1 <SV = 0> <Delay = 2.46>
ST_1 : Operation 12 [1/1] (1.00ns)   --->   "%out_r_read = read i64 @_ssdm_op_Read.s_axilite.i64, i64 %out_r" [top.cpp:339]   --->   Operation 12 'read' 'out_r_read' <Predicate = true> <Delay = 1.00> <CoreInst = "s_axilite">   --->   Core 120 's_axilite' <Latency = 0> <II = 1> <Delay = 1.00> <Adapter> <Opcode : 'read' 'write'>
ST_1 : Operation 13 [1/1] (1.00ns)   --->   "%in_b_read = read i64 @_ssdm_op_Read.s_axilite.i64, i64 %in_b" [top.cpp:339]   --->   Operation 13 'read' 'in_b_read' <Predicate = true> <Delay = 1.00> <CoreInst = "s_axilite">   --->   Core 120 's_axilite' <Latency = 0> <II = 1> <Delay = 1.00> <Adapter> <Opcode : 'read' 'write'>
ST_1 : Operation 14 [1/1] (1.00ns)   --->   "%in_g_read = read i64 @_ssdm_op_Read.s_axilite.i64, i64 %in_g" [top.cpp:339]   --->   Operation 14 'read' 'in_g_read' <Predicate = true> <Delay = 1.00> <CoreInst = "s_axilite">   --->   Core 120 's_axilite' <Latency = 0> <II = 1> <Delay = 1.00> <Adapter> <Opcode : 'read' 'write'>
ST_1 : Operation 15 [1/1] (1.00ns)   --->   "%in_r_read = read i64 @_ssdm_op_Read.s_axilite.i64, i64 %in_r" [top.cpp:339]   --->   Operation 15 'read' 'in_r_read' <Predicate = true> <Delay = 1.00> <CoreInst = "s_axilite">   --->   Core 120 's_axilite' <Latency = 0> <II = 1> <Delay = 1.00> <Adapter> <Opcode : 'read' 'write'>
ST_1 : Operation 16 [1/1] (0.00ns)   --->   "%out_r_c = alloca i64 1" [top.cpp:339]   --->   Operation 16 'alloca' 'out_r_c' <Predicate = true> <Delay = 0.00> <CoreInst = "FIFO_SRL">   --->   Core 80 'FIFO_SRL' <Latency = 0> <II = 1> <Delay = 2.14> <Storage> <Opcode : 'read' 'write' 'nbread' 'nbwrite'> <Ports = 0> <Width = 64> <Depth = 6> <FIFO>
ST_1 : Operation 17 [1/1] (0.00ns)   --->   "%equalized_stream = alloca i64 1" [top.cpp:329]   --->   Operation 17 'alloca' 'equalized_stream' <Predicate = true> <Delay = 0.00> <CoreInst = "FIFO">   --->   Core 77 'FIFO' <Latency = 0> <II = 1> <Delay = 1.89> <Storage> <Opcode : 'read' 'write' 'nbread' 'nbwrite'> <Ports = 0> <Width = 16> <Depth = 128> <FIFO>
ST_1 : Operation 18 [1/1] (0.00ns)   --->   "%gaussian_stream = alloca i64 1" [top.cpp:330]   --->   Operation 18 'alloca' 'gaussian_stream' <Predicate = true> <Delay = 0.00> <CoreInst = "FIFO">   --->   Core 77 'FIFO' <Latency = 0> <II = 1> <Delay = 1.89> <Storage> <Opcode : 'read' 'write' 'nbread' 'nbwrite'> <Ports = 0> <Width = 16> <Depth = 128> <FIFO>
ST_1 : Operation 19 [1/1] (0.00ns)   --->   "%bilateral_stream = alloca i64 1" [top.cpp:331]   --->   Operation 19 'alloca' 'bilateral_stream' <Predicate = true> <Delay = 0.00> <CoreInst = "FIFO">   --->   Core 77 'FIFO' <Latency = 0> <II = 1> <Delay = 1.89> <Storage> <Opcode : 'read' 'write' 'nbread' 'nbwrite'> <Ports = 0> <Width = 16> <Depth = 128> <FIFO>
ST_1 : Operation 20 [1/1] (0.00ns)   --->   "%morphology_stream = alloca i64 1" [top.cpp:332]   --->   Operation 20 'alloca' 'morphology_stream' <Predicate = true> <Delay = 0.00> <CoreInst = "FIFO">   --->   Core 77 'FIFO' <Latency = 0> <II = 1> <Delay = 1.89> <Storage> <Opcode : 'read' 'write' 'nbread' 'nbwrite'> <Ports = 0> <Width = 16> <Depth = 128> <FIFO>
ST_1 : Operation 21 [1/1] (1.46ns)   --->   "%call_ln339 = call void @entry_proc, i64 %out_r_read, i64 %out_r_c" [top.cpp:339]   --->   Operation 21 'call' 'call_ln339' <Predicate = true> <Delay = 1.46> <CoreType = "Generic">   --->   Generic Core

State 2 <SV = 1> <Delay = 2.92>
ST_2 : Operation 22 [2/2] (2.92ns)   --->   "%call_ln342 = call void @stage_rgb2eq, i32 %gmem0, i64 %in_r_read, i32 %gmem1, i64 %in_g_read, i32 %gmem2, i64 %in_b_read, i16 %equalized_stream" [top.cpp:342]   --->   Operation 22 'call' 'call_ln342' <Predicate = true> <Delay = 2.92> <CoreType = "Generic">   --->   Generic Core

State 3 <SV = 2> <Delay = 0.00>
ST_3 : Operation 23 [1/2] (0.00ns)   --->   "%call_ln342 = call void @stage_rgb2eq, i32 %gmem0, i64 %in_r_read, i32 %gmem1, i64 %in_g_read, i32 %gmem2, i64 %in_b_read, i16 %equalized_stream" [top.cpp:342]   --->   Operation 23 'call' 'call_ln342' <Predicate = true> <Delay = 0.00> <CoreType = "Generic">   --->   Generic Core

State 4 <SV = 3> <Delay = 0.00>
ST_4 : Operation 24 [2/2] (0.00ns)   --->   "%call_ln345 = call void @stage_gaussian, i16 %equalized_stream, i16 %gaussian_stream" [top.cpp:345]   --->   Operation 24 'call' 'call_ln345' <Predicate = true> <Delay = 0.00> <CoreType = "Generic">   --->   Generic Core

State 5 <SV = 4> <Delay = 0.00>
ST_5 : Operation 25 [1/2] (0.00ns)   --->   "%call_ln345 = call void @stage_gaussian, i16 %equalized_stream, i16 %gaussian_stream" [top.cpp:345]   --->   Operation 25 'call' 'call_ln345' <Predicate = true> <Delay = 0.00> <CoreType = "Generic">   --->   Generic Core

State 6 <SV = 5> <Delay = 0.00>
ST_6 : Operation 26 [2/2] (0.00ns)   --->   "%call_ln348 = call void @stage_bilateral, i16 %gaussian_stream, i16 %bilateral_stream" [top.cpp:348]   --->   Operation 26 'call' 'call_ln348' <Predicate = true> <Delay = 0.00> <CoreType = "Generic">   --->   Generic Core

State 7 <SV = 6> <Delay = 0.00>
ST_7 : Operation 27 [1/2] (0.00ns)   --->   "%call_ln348 = call void @stage_bilateral, i16 %gaussian_stream, i16 %bilateral_stream" [top.cpp:348]   --->   Operation 27 'call' 'call_ln348' <Predicate = true> <Delay = 0.00> <CoreType = "Generic">   --->   Generic Core

State 8 <SV = 7> <Delay = 0.00>
ST_8 : Operation 28 [2/2] (0.00ns)   --->   "%call_ln351 = call void @stage_morphology, i16 %bilateral_stream, i16 %morphology_stream" [top.cpp:351]   --->   Operation 28 'call' 'call_ln351' <Predicate = true> <Delay = 0.00> <CoreType = "Generic">   --->   Generic Core

State 9 <SV = 8> <Delay = 0.00>
ST_9 : Operation 29 [1/2] (0.00ns)   --->   "%call_ln351 = call void @stage_morphology, i16 %bilateral_stream, i16 %morphology_stream" [top.cpp:351]   --->   Operation 29 'call' 'call_ln351' <Predicate = true> <Delay = 0.00> <CoreType = "Generic">   --->   Generic Core

State 10 <SV = 9> <Delay = 0.00>
ST_10 : Operation 30 [2/2] (0.00ns)   --->   "%call_ln354 = call void @Loop_VITIS_LOOP_354_1_proc, i64 %out_r_c, i32 %gmem3, i16 %morphology_stream" [top.cpp:354]   --->   Operation 30 'call' 'call_ln354' <Predicate = true> <Delay = 0.00> <CoreType = "Generic">   --->   Generic Core

State 11 <SV = 10> <Delay = 0.00>
ST_11 : Operation 31 [1/1] (0.00ns)   --->   "%empty = specchannel i32 @_ssdm_op_SpecChannel, void @out_r_c_str, i32 1, void @p_str, void @p_str, i32 6, i32 0, i64 %out_r_c, i64 %out_r_c" [top.cpp:339]   --->   Operation 31 'specchannel' 'empty' <Predicate = true> <Delay = 0.00>
ST_11 : Operation 32 [1/1] (0.00ns)   --->   "%specinterface_ln339 = specinterface void @_ssdm_op_SpecInterface, i64 %out_r_c, void @ap_fifo_str, i32 0, i32 0, void @p_str, i32 0, i32 0, void @p_str, void @p_str, void @p_str, i32 2, i32 2, i32 16, i32 16, void @p_str, void @p_str, i32 4294967295, i32 0, i32 0" [top.cpp:339]   --->   Operation 32 'specinterface' 'specinterface_ln339' <Predicate = true> <Delay = 0.00>
ST_11 : Operation 33 [1/1] (0.00ns)   --->   "%specdataflowpipeline_ln339 = specdataflowpipeline void @_ssdm_op_SpecDataflowPipeline, i32 4294967295, i32 0, void @empty_3" [top.cpp:339]   --->   Operation 33 'specdataflowpipeline' 'specdataflowpipeline_ln339' <Predicate = true> <Delay = 0.00>
ST_11 : Operation 34 [1/1] (0.00ns)   --->   "%spectopmodule_ln321 = spectopmodule void @_ssdm_op_SpecTopModule, void @empty_8" [top.cpp:321]   --->   Operation 34 'spectopmodule' 'spectopmodule_ln321' <Predicate = true> <Delay = 0.00>
ST_11 : Operation 35 [1/1] (0.00ns)   --->   "%specinterface_ln0 = specinterface void @_ssdm_op_SpecInterface, i32 %gmem0, void @empty_17, i32 0, i32 0, void @empty_3, i32 0, i32 0, void @empty_2, void @empty_10, void @empty_3, i32 16, i32 16, i32 256, i32 16, void @empty_3, void @empty_3, i32 4294967295, i32 0, i32 0"   --->   Operation 35 'specinterface' 'specinterface_ln0' <Predicate = true> <Delay = 0.00>
ST_11 : Operation 36 [1/1] (0.00ns)   --->   "%specbitsmap_ln0 = specbitsmap void @_ssdm_op_SpecBitsMap, i32 %gmem0"   --->   Operation 36 'specbitsmap' 'specbitsmap_ln0' <Predicate = true> <Delay = 0.00>
ST_11 : Operation 37 [1/1] (0.00ns)   --->   "%specinterface_ln0 = specinterface void @_ssdm_op_SpecInterface, i32 %gmem1, void @empty_17, i32 0, i32 0, void @empty_3, i32 0, i32 0, void @empty_1, void @empty_10, void @empty_3, i32 16, i32 16, i32 256, i32 16, void @empty_3, void @empty_3, i32 4294967295, i32 0, i32 0"   --->   Operation 37 'specinterface' 'specinterface_ln0' <Predicate = true> <Delay = 0.00>
ST_11 : Operation 38 [1/1] (0.00ns)   --->   "%specbitsmap_ln0 = specbitsmap void @_ssdm_op_SpecBitsMap, i32 %gmem1"   --->   Operation 38 'specbitsmap' 'specbitsmap_ln0' <Predicate = true> <Delay = 0.00>
ST_11 : Operation 39 [1/1] (0.00ns)   --->   "%specinterface_ln0 = specinterface void @_ssdm_op_SpecInterface, i32 %gmem2, void @empty_17, i32 0, i32 0, void @empty_3, i32 0, i32 0, void @empty_0, void @empty_10, void @empty_3, i32 16, i32 16, i32 256, i32 16, void @empty_3, void @empty_3, i32 4294967295, i32 0, i32 0"   --->   Operation 39 'specinterface' 'specinterface_ln0' <Predicate = true> <Delay = 0.00>
ST_11 : Operation 40 [1/1] (0.00ns)   --->   "%specbitsmap_ln0 = specbitsmap void @_ssdm_op_SpecBitsMap, i32 %gmem2"   --->   Operation 40 'specbitsmap' 'specbitsmap_ln0' <Predicate = true> <Delay = 0.00>
ST_11 : Operation 41 [1/1] (0.00ns)   --->   "%specinterface_ln0 = specinterface void @_ssdm_op_SpecInterface, i32 %gmem3, void @empty_17, i32 0, i32 0, void @empty_3, i32 0, i32 0, void @empty, void @empty_10, void @empty_3, i32 16, i32 16, i32 16, i32 256, void @empty_3, void @empty_3, i32 4294967295, i32 0, i32 0"   --->   Operation 41 'specinterface' 'specinterface_ln0' <Predicate = true> <Delay = 0.00>
ST_11 : Operation 42 [1/1] (0.00ns)   --->   "%specbitsmap_ln0 = specbitsmap void @_ssdm_op_SpecBitsMap, i32 %gmem3"   --->   Operation 42 'specbitsmap' 'specbitsmap_ln0' <Predicate = true> <Delay = 0.00>
ST_11 : Operation 43 [1/1] (0.00ns)   --->   "%specinterface_ln0 = specinterface void @_ssdm_op_SpecInterface, i64 %in_r, void @empty_5, i32 0, i32 0, void @empty_3, i32 0, i32 0, void @empty_23, void @empty_22, void @empty_3, i32 0, i32 0, i32 0, i32 0, void @empty_3, void @empty_16, i32 4294967295, i32 0, i32 0"   --->   Operation 43 'specinterface' 'specinterface_ln0' <Predicate = true> <Delay = 0.00>
ST_11 : Operation 44 [1/1] (0.00ns)   --->   "%specinterface_ln0 = specinterface void @_ssdm_op_SpecInterface, i64 %in_r, void @empty_21, i32 0, i32 0, void @empty_3, i32 0, i32 0, void @empty_3, void @empty_3, void @empty_3, i32 0, i32 0, i32 0, i32 0, void @empty_3, void @empty_16, i32 4294967295, i32 0, i32 0"   --->   Operation 44 'specinterface' 'specinterface_ln0' <Predicate = true> <Delay = 0.00>
ST_11 : Operation 45 [1/1] (0.00ns)   --->   "%specinterface_ln0 = specinterface void @_ssdm_op_SpecInterface, i64 %in_g, void @empty_5, i32 0, i32 0, void @empty_3, i32 0, i32 0, void @empty_23, void @empty_20, void @empty_3, i32 0, i32 0, i32 0, i32 0, void @empty_3, void @empty_16, i32 4294967295, i32 0, i32 0"   --->   Operation 45 'specinterface' 'specinterface_ln0' <Predicate = true> <Delay = 0.00>
ST_11 : Operation 46 [1/1] (0.00ns)   --->   "%specinterface_ln0 = specinterface void @_ssdm_op_SpecInterface, i64 %in_g, void @empty_21, i32 0, i32 0, void @empty_3, i32 0, i32 0, void @empty_3, void @empty_3, void @empty_3, i32 0, i32 0, i32 0, i32 0, void @empty_3, void @empty_16, i32 4294967295, i32 0, i32 0"   --->   Operation 46 'specinterface' 'specinterface_ln0' <Predicate = true> <Delay = 0.00>
ST_11 : Operation 47 [1/1] (0.00ns)   --->   "%specinterface_ln0 = specinterface void @_ssdm_op_SpecInterface, i64 %in_b, void @empty_5, i32 0, i32 0, void @empty_3, i32 0, i32 0, void @empty_23, void @empty_19, void @empty_3, i32 0, i32 0, i32 0, i32 0, void @empty_3, void @empty_16, i32 4294967295, i32 0, i32 0"   --->   Operation 47 'specinterface' 'specinterface_ln0' <Predicate = true> <Delay = 0.00>
ST_11 : Operation 48 [1/1] (0.00ns)   --->   "%specinterface_ln0 = specinterface void @_ssdm_op_SpecInterface, i64 %in_b, void @empty_21, i32 0, i32 0, void @empty_3, i32 0, i32 0, void @empty_3, void @empty_3, void @empty_3, i32 0, i32 0, i32 0, i32 0, void @empty_3, void @empty_16, i32 4294967295, i32 0, i32 0"   --->   Operation 48 'specinterface' 'specinterface_ln0' <Predicate = true> <Delay = 0.00>
ST_11 : Operation 49 [1/1] (0.00ns)   --->   "%specinterface_ln0 = specinterface void @_ssdm_op_SpecInterface, i64 %out_r, void @empty_5, i32 0, i32 0, void @empty_3, i32 0, i32 0, void @empty_23, void @empty_15, void @empty_3, i32 0, i32 0, i32 0, i32 0, void @empty_3, void @empty_16, i32 4294967295, i32 0, i32 0"   --->   Operation 49 'specinterface' 'specinterface_ln0' <Predicate = true> <Delay = 0.00>
ST_11 : Operation 50 [1/1] (0.00ns)   --->   "%specinterface_ln0 = specinterface void @_ssdm_op_SpecInterface, i64 %out_r, void @empty_21, i32 0, i32 0, void @empty_3, i32 0, i32 0, void @empty_3, void @empty_3, void @empty_3, i32 0, i32 0, i32 0, i32 0, void @empty_3, void @empty_16, i32 4294967295, i32 0, i32 0"   --->   Operation 50 'specinterface' 'specinterface_ln0' <Predicate = true> <Delay = 0.00>
ST_11 : Operation 51 [1/1] (0.00ns)   --->   "%specinterface_ln0 = specinterface void @_ssdm_op_SpecInterface, i32 0, void @empty_5, i32 0, i32 0, void @empty_3, i32 0, i32 0, void @empty_23, void @empty_3, void @empty_3, i32 0, i32 0, i32 0, i32 0, void @empty_3, void @empty_3, i32 4294967295, i32 0, i32 0"   --->   Operation 51 'specinterface' 'specinterface_ln0' <Predicate = true> <Delay = 0.00>
ST_11 : Operation 52 [1/1] (0.00ns)   --->   "%empty_65 = specchannel i32 @_ssdm_op_SpecChannel, void @equalized_stream_str, i32 1, void @p_str, void @p_str, i32 128, i32 128, i16 %equalized_stream, i16 %equalized_stream"   --->   Operation 52 'specchannel' 'empty_65' <Predicate = true> <Delay = 0.00>
ST_11 : Operation 53 [1/1] (0.00ns)   --->   "%specinterface_ln0 = specinterface void @_ssdm_op_SpecInterface, i16 %equalized_stream, void @empty_18, i32 0, i32 0, void @empty_3, i32 0, i32 0, void @empty_3, void @empty_3, void @empty_3, i32 0, i32 0, i32 0, i32 0, void @empty_3, void @empty_3, i32 4294967295, i32 0, i32 0"   --->   Operation 53 'specinterface' 'specinterface_ln0' <Predicate = true> <Delay = 0.00>
ST_11 : Operation 54 [1/1] (0.00ns)   --->   "%empty_66 = specchannel i32 @_ssdm_op_SpecChannel, void @gaussian_stream_str, i32 1, void @p_str, void @p_str, i32 128, i32 128, i16 %gaussian_stream, i16 %gaussian_stream"   --->   Operation 54 'specchannel' 'empty_66' <Predicate = true> <Delay = 0.00>
ST_11 : Operation 55 [1/1] (0.00ns)   --->   "%specinterface_ln0 = specinterface void @_ssdm_op_SpecInterface, i16 %gaussian_stream, void @empty_18, i32 0, i32 0, void @empty_3, i32 0, i32 0, void @empty_3, void @empty_3, void @empty_3, i32 0, i32 0, i32 0, i32 0, void @empty_3, void @empty_3, i32 4294967295, i32 0, i32 0"   --->   Operation 55 'specinterface' 'specinterface_ln0' <Predicate = true> <Delay = 0.00>
ST_11 : Operation 56 [1/1] (0.00ns)   --->   "%empty_67 = specchannel i32 @_ssdm_op_SpecChannel, void @bilateral_stream_str, i32 1, void @p_str, void @p_str, i32 128, i32 128, i16 %bilateral_stream, i16 %bilateral_stream"   --->   Operation 56 'specchannel' 'empty_67' <Predicate = true> <Delay = 0.00>
ST_11 : Operation 57 [1/1] (0.00ns)   --->   "%specinterface_ln0 = specinterface void @_ssdm_op_SpecInterface, i16 %bilateral_stream, void @empty_18, i32 0, i32 0, void @empty_3, i32 0, i32 0, void @empty_3, void @empty_3, void @empty_3, i32 0, i32 0, i32 0, i32 0, void @empty_3, void @empty_3, i32 4294967295, i32 0, i32 0"   --->   Operation 57 'specinterface' 'specinterface_ln0' <Predicate = true> <Delay = 0.00>
ST_11 : Operation 58 [1/1] (0.00ns)   --->   "%empty_68 = specchannel i32 @_ssdm_op_SpecChannel, void @morphology_stream_str, i32 1, void @p_str, void @p_str, i32 128, i32 128, i16 %morphology_stream, i16 %morphology_stream"   --->   Operation 58 'specchannel' 'empty_68' <Predicate = true> <Delay = 0.00>
ST_11 : Operation 59 [1/1] (0.00ns)   --->   "%specinterface_ln0 = specinterface void @_ssdm_op_SpecInterface, i16 %morphology_stream, void @empty_18, i32 0, i32 0, void @empty_3, i32 0, i32 0, void @empty_3, void @empty_3, void @empty_3, i32 0, i32 0, i32 0, i32 0, void @empty_3, void @empty_3, i32 4294967295, i32 0, i32 0"   --->   Operation 59 'specinterface' 'specinterface_ln0' <Predicate = true> <Delay = 0.00>
ST_11 : Operation 60 [1/2] (0.00ns)   --->   "%call_ln354 = call void @Loop_VITIS_LOOP_354_1_proc, i64 %out_r_c, i32 %gmem3, i16 %morphology_stream" [top.cpp:354]   --->   Operation 60 'call' 'call_ln354' <Predicate = true> <Delay = 0.00> <CoreType = "Generic">   --->   Generic Core
ST_11 : Operation 61 [1/1] (0.00ns)   --->   "%ret_ln359 = ret" [top.cpp:359]   --->   Operation 61 'ret' 'ret_ln359' <Predicate = true> <Delay = 0.00>


============================================================
+ Verbose Summary: Timing violations
============================================================
Target clock period: 4.000ns, clock uncertainty: 1.080ns.

 <State 1>: 2.460ns
The critical path consists of the following:
	s_axi read operation ('out_r_read', top.cpp:339) on port 'out_r' (top.cpp:339) [9]  (1.000 ns)
	'call' operation 0 bit ('call_ln339', top.cpp:339) to 'entry_proc' [47]  (1.460 ns)

 <State 2>: 2.920ns
The critical path consists of the following:
	'call' operation 0 bit ('call_ln342', top.cpp:342) to 'stage_rgb2eq' [48]  (2.920 ns)

 <State 3>: 0.000ns
The critical path consists of the following:

 <State 4>: 0.000ns
The critical path consists of the following:

 <State 5>: 0.000ns
The critical path consists of the following:

 <State 6>: 0.000ns
The critical path consists of the following:

 <State 7>: 0.000ns
The critical path consists of the following:

 <State 8>: 0.000ns
The critical path consists of the following:

 <State 9>: 0.000ns
The critical path consists of the following:

 <State 10>: 0.000ns
The critical path consists of the following:

 <State 11>: 0.000ns
The critical path consists of the following:


============================================================
+ Verbose Summary: Binding
============================================================
N/A
* FSMD analyzer results:
  - Output states:
 - Input state : 
  - Chain level:
	State 1
	State 2
	State 3
	State 4
	State 5
	State 6
	State 7
	State 8
	State 9
	State 10
	State 11


============================================================
+ Verbose Summary: Datapath Resource usage 
============================================================
N/A
