

================================================================
== Vitis HLS Report for 'top_kernel'
================================================================
* Date:           Fri Apr 10 10:37:22 2026

* Version:        2025.1.1 (Build 6214317 on Sep 11 2025)
* Project:        project_1
* Solution:       hls (Vivado IP Flow Target)
* Product family: zynquplus
* Target device:  xczu3eg-sbva484-1-e


================================================================
== Performance Estimates
================================================================
+ Timing: 
    * Summary: 
    +--------+---------+----------+------------+
    |  Clock |  Target | Estimated| Uncertainty|
    +--------+---------+----------+------------+
    |ap_clk  |  4.00 ns|  3.320 ns|     1.08 ns|
    +--------+---------+----------+------------+

+ Latency: 
    * Summary: 
    +---------+---------+-----------+-----------+-------+-------+----------+
    |  Latency (cycles) |   Latency (absolute)  |    Interval   | Pipeline |
    |   min   |   max   |    min    |    max    |  min  |  max  |   Type   |
    +---------+---------+-----------+-----------+-------+-------+----------+
    |    12748|    12748|  50.992 us|  50.992 us|  12749|  12749|  dataflow|
    +---------+---------+-----------+-----------+-------+-------+----------+

    + Detail: 
        * Instance: 
        +---------------------------------------+----------------------------+---------+---------+-----------+-----------+-------+-------+------------------------------------------------+
        |                                       |                            |  Latency (cycles) |   Latency (absolute)  |    Interval   |                    Pipeline                    |
        |                Instance               |           Module           |   min   |   max   |    min    |    max    |  min  |  max  |                      Type                      |
        +---------------------------------------+----------------------------+---------+---------+-----------+-----------+-------+-------+------------------------------------------------+
        |call_ln339_entry_proc_fu_150           |entry_proc                  |        0|        0|       0 ns|       0 ns|      0|      0|                                              no|
        |grp_stage_rgb2eq_fu_157                |stage_rgb2eq                |    12748|    12748|  50.992 us|  50.992 us|  12748|  12748|                                              no|
        |grp_stage_gaussian_fu_171              |stage_gaussian              |     8256|     8256|  33.024 us|  33.024 us|   8256|   8256|                                              no|
        |grp_stage_bilateral_fu_177             |stage_bilateral             |     8362|     8362|  33.448 us|  33.448 us|   8362|   8362|                                              no|
        |grp_stage_morphology_fu_183            |stage_morphology            |    12344|    12344|  49.376 us|  49.376 us|  12344|  12344|                                              no|
        |grp_Loop_VITIS_LOOP_354_1_proc_fu_189  |Loop_VITIS_LOOP_354_1_proc  |     4105|     4105|  16.420 us|  16.420 us|   4096|   4096|  loop auto-rewind stp (delay=0 clock cycles(s))|
        +---------------------------------------+----------------------------+---------+---------+-----------+-----------+-------+-------+------------------------------------------------+

        * Loop: 
        N/A

============================================================
+ Verbose Summary: Synthesis Manager
============================================================
InlineROM: 1
ExposeGlobal: 0
============================================================
+ Verbose Summary: CDFG Model
============================================================
IsTopModel: 1
ResetActiveHigh: 1
IsCombinational: 2
IsDatapathOnly: 0
HasWiredReturn: 1
HasMFsm: 0
HasVarLatency: 1
IsPipeline: 0
IsRtlPipelined: 0
IsInstanceOverlapped: 0
IsDontTouch: 0
HasImplIP: 0
IsGatedGlobalClock: 0


============================================================
+ Verbose Summary: Schedule
============================================================
* Number of FSM states : 11
* Pipeline : 0
* Dataflow Pipeline: 1
  DF-Pipeline-0: Size = 11, States = { 1 2 3 4 5 6 7 8 9 10 11 }

* FSM state transitions: 
1 --> 2 
2 --> 3 
3 --> 4 
4 --> 5 
5 --> 6 
6 --> 7 
7 --> 8 
8 --> 9 
9 --> 10 
10 --> 11 
11 --> 

* FSM state operations: 

State 1 <SV = 0> <Delay = 2.46>
ST_1 : Operation 12 [1/1] (1.00ns)   --->   "%out_r_read = read i64 @_ssdm_op_Read.s_axilite.i64, i64 %out_r" [top.cpp:339]   --->   Operation 12 'read' 'out_r_read' <Predicate = true> <Delay = 1.00> <CoreInst = "s_axilite">   --->   Core 120 's_axilite' <Latency = 0> <II = 1> <Delay = 1.00> <Adapter> <Opcode : 'read' 'write'>
ST_1 : Operation 13 [1/1] (1.00ns)   --->   "%in_b_read = read i64 @_ssdm_op_Read.s_axilite.i64, i64 %in_b" [top.cpp:339]   --->   Operation 13 'read' 'in_b_read' <Predicate = true> <Delay = 1.00> <CoreInst = "s_axilite">   --->   Core 120 's_axilite' <Latency = 0> <II = 1> <Delay = 1.00> <Adapter> <Opcode : 'read' 'write'>
ST_1 : Operation 14 [1/1] (1.00ns)   --->   "%in_g_read = read i64 @_ssdm_op_Read.s_axilite.i64, i64 %in_g" [top.cpp:339]   --->   Operation 14 'read' 'in_g_read' <Predicate = true> <Delay = 1.00> <CoreInst = "s_axilite">   --->   Core 120 's_axilite' <Latency = 0> <II = 1> <Delay = 1.00> <Adapter> <Opcode : 'read' 'write'>
ST_1 : Operation 15 [1/1] (1.00ns)   --->   "%in_r_read = read i64 @_ssdm_op_Read.s_axilite.i64, i64 %in_r" [top.cpp:339]   --->   Operation 15 'read' 'in_r_read' <Predicate = true> <Delay = 1.00> <CoreInst = "s_axilite">   --->   Core 120 's_axilite' <Latency = 0> <II = 1> <Delay = 1.00> <Adapter> <Opcode : 'read' 'write'>
ST_1 : Operation 16 [1/1] (0.00ns)   --->   "%out_r_c = alloca i64 1" [top.cpp:339]   --->   Operation 16 'alloca' 'out_r_c' <Predicate = true> <Delay = 0.00> <CoreInst = "FIFO_SRL">   --->   Core 80 'FIFO_SRL' <Latency = 0> <II = 1> <Delay = 2.14> <Storage> <Opcode : 'read' 'write' 'nbread' 'nbwrite'> <Ports = 0> <Width = 64> <Depth = 6> <FIFO>
ST_1 : Operation 17 [1/1] (0.00ns)   --->   "%equalized_stream = alloca i64 1" [top.cpp:329]   --->   Operation 17 'alloca' 'equalized_stream' <Predicate = true> <Delay = 0.00> <CoreInst = "FIFO">   --->   Core 77 'FIFO' <Latency = 0> <II = 1> <Delay = 1.89> <Storage> <Opcode : 'read' 'write' 'nbread' 'nbwrite'> <Ports = 0> <Width = 16> <Depth = 128> <FIFO>
ST_1 : Operation 18 [1/1] (0.00ns)   --->   "%gaussian_stream = alloca i64 1" [top.cpp:330]   --->   Operation 18 'alloca' 'gaussian_stream' <Predicate = true> <Delay = 0.00> <CoreInst = "FIFO">   --->   Core 77 'FIFO' <Latency = 0> <II = 1> <Delay = 1.89> <Storage> <Opcode : 'read' 'write' 'nbread' 'nbwrite'> <Ports = 0> <Width = 16> <Depth = 128> <FIFO>
ST_1 : Operation 19 [1/1] (0.00ns)   --->   "%bilateral_stream = alloca i64 1" [top.cpp:331]   --->   Operation 19 'alloca' 'bilateral_stream' <Predicate = true> <Delay = 0.00> <CoreInst = "FIFO">   --->   Core 77 'FIFO' <Latency = 0> <II = 1> <Delay = 1.89> <Storage> <Opcode : 'read' 'write' 'nbread' 'nbwrite'> <Ports = 0> <Width = 16> <Depth = 128> <FIFO>
ST_1 : Operation 20 [1/1] (0.00ns)   --->   "%morphology_stream = alloca i64 1" [top.cpp:332]   --->   Operation 20 'alloca' 'morphology_stream' <Predicate = true> <Delay = 0.00> <CoreInst = "FIFO">   --->   Core 77 'FIFO' <Latency = 0> <II = 1> <Delay = 1.89> <Storage> <Opcode : 'read' 'write' 'nbread' 'nbwrite'> <Ports = 0> <Width = 16> <Depth = 128> <FIFO>
ST_1 : Operation 21 [1/1] (1.46ns)   --->   "%call_ln339 = call void @entry_proc, i64 %out_r_read, i64 %out_r_c" [top.cpp:339]   --->   Operation 21 'call' 'call_ln339' <Predicate = true> <Delay = 1.46> <CoreType = "Generic">   --->   Generic Core

State 2 <SV = 1> <Delay = 2.92>
ST_2 : Operation 22 [2/2] (2.92ns)   --->   "%call_ln342 = call void @stage_rgb2eq, i32 %gmem0, i64 %in_r_read, i32 %gmem1, i64 %in_g_read, i32 %gmem2, i64 %in_b_read, i16 %equalized_stream" [top.cpp:342]   --->   Operation 22 'call' 'call_ln342' <Predicate = true> <Delay = 2.92> <CoreType = "Generic">   --->   Generic Core

State 3 <SV = 2> <Delay = 0.00>
ST_3 : Operation 23 [1/2] (0.00ns)   --->   "%call_ln342 = call void @stage_rgb2eq, i32 %gmem0, i64 %in_r_read, i32 %gmem1, i64 %in_g_read, i32 %gmem2, i64 %in_b_read, i16 %equalized_stream" [top.cpp:342]   --->   Operation 23 'call' 'call_ln342' <Predicate = true> <Delay = 0.00> <CoreType = "Generic">   --->   Generic Core

State 4 <SV = 3> <Delay = 0.00>
ST_4 : Operation 24 [2/2] (0.00ns)   --->   "%call_ln345 = call void @stage_gaussian, i16 %equalized_stream, i16 %gaussian_stream" [top.cpp:345]   --->   Operation 24 'call' 'call_ln345' <Predicate = true> <Delay = 0.00> <CoreType = "Generic">   --->   Generic Core

State 5 <SV = 4> <Delay = 0.00>
ST_5 : Operation 25 [1/2] (0.00ns)   --->   "%call_ln345 = call void @stage_gaussian, i16 %equalized_stream, i16 %gaussian_stream" [top.cpp:345]   --->   Operation 25 'call' 'call_ln345' <Predicate = true> <Delay = 0.00> <CoreType = "Generic">   --->   Generic Core

State 6 <SV = 5> <Delay = 0.00>
ST_6 : Operation 26 [2/2] (0.00ns)   --->   "%call_ln348 = call void @stage_bilateral, i16 %gaussian_stream, i16 %bilateral_stream" [top.cpp:348]   --->   Operation 26 'call' 'call_ln348' <Predicate = true> <Delay = 0.00> <CoreType = "Generic">   --->   Generic Core

State 7 <SV = 6> <Delay = 0.00>
ST_7 : Operation 27 [1/2] (0.00ns)   --->   "%call_ln348 = call void @stage_bilateral, i16 %gaussian_stream, i16 %bilateral_stream" [top.cpp:348]   --->   Operation 27 'call' 'call_ln348' <Predicate = true> <Delay = 0.00> <CoreType = "Generic">   --->   Generic Core

State 8 <SV = 7> <Delay = 0.00>
ST_8 : Operation 28 [2/2] (0.00ns)   --->   "%call_ln351 = call void @stage_morphology, i16 %bilateral_stream, i16 %morphology_stream" [top.cpp:351]   --->   Operation 28 'call' 'call_ln351' <Predicate = true> <Delay = 0.00> <CoreType = "Generic">   --->   Generic Core

State 9 <SV = 8> <Delay = 0.00>
ST_9 : Operation 29 [1/2] (0.00ns)   --->   "%call_ln351 = call void @stage_morphology, i16 %bilateral_stream, i16 %morphology_stream" [top.cpp:351]   --->   Operation 29 'call' 'call_ln351' <Predicate = true> <Delay = 0.00> <CoreType = "Generic">   --->   Generic Core

State 10 <SV = 9> <Delay = 0.00>
ST_10 : Operation 30 [2/2] (0.00ns)   --->   "%call_ln354 = call void @Loop_VITIS_LOOP_354_1_proc, i64 %out_r_c, i32 %gmem3, i16 %morphology_stream" [top.cpp:354]   --->   Operation 30 'call' 'call_ln354' <Predicate = true> <Delay = 0.00> <CoreType = "Generic">   --->   Generic Core

State 11 <SV = 10> <Delay = 0.00>
ST_11 : Operation 31 [1/1] (0.00ns)   --->   "%empty = specchannel i32 @_ssdm_op_SpecChannel, void @out_r_c_str, i32 1, void @p_str, void @p_str, i32 6, i32 0, i64 %out_r_c, i64 %out_r_c" [top.cpp:339]   --->   Operation 31 'specchannel' 'empty' <Predicate = true> <Delay = 0.00>
ST_11 : Operation 32 [1/1] (0.00ns)   --->   "%specinterface_ln339 = specinterface void @_ssdm_op_SpecInterface, i64 %out_r_c, void @ap_fifo_str, i32 0, i32 0, void @p_str, i32 0, i32 0, void @p_str, void @p_str, void @p_str, i32 2, i32 2, i32 16, i32 16, void @p_str, void @p_str, i32 4294967295, i32 0, i32 0" [top.cpp:339]   --->   Operation 32 'specinterface' 'specinterface_ln339' <Predicate = true> <Delay = 0.00>
ST_11 : Operation 33 [1/1] (0.00ns)   --->   "%specdataflowpipeline_ln339 = specdataflowpipeline void @_ssdm_op_SpecDataflowPipeline, i32 4294967295, i32 0, void @empty_3" [top.cpp:339]   --->   Operation 33 'specdataflowpipeline' 'specdataflowpipeline_ln339' <Predicate = true> <Delay = 0.00>
ST_11 : Operation 34 [1/1] (0.00ns)   --->   "%spectopmodule_ln321 = spectopmodule void @_ssdm_op_SpecTopModule, void @empty_8" [top.cpp:321]   --->   Operation 34 'spectopmodule' 'spectopmodule_ln321' <Predicate = true> <Delay = 0.00>
ST_11 : Operation 35 [1/1] (0.00ns)   --->   "%specinterface_ln0 = specinterface void @_ssdm_op_SpecInterface, i32 %gmem0, void @empty_17, i32 0, i32 0, void @empty_3, i32 0, i32 0, void @empty_2, void @empty_10, void @empty_3, i32 16, i32 16, i32 256, i32 16, void @empty_3, void @empty_3, i32 4294967295, i32 0, i32 0"   --->   Operation 35 'specinterface' 'specinterface_ln0' <Predicate = true> <Delay = 0.00>
ST_11 : Operation 36 [1/1] (0.00ns)   --->   "%specbitsmap_ln0 = specbitsmap void @_ssdm_op_SpecBitsMap, i32 %gmem0"   --->   Operation 36 'specbitsmap' 'specbitsmap_ln0' <Predicate = true> <Delay = 0.00>
ST_11 : Operation 37 [1/1] (0.00ns)   --->   "%specinterface_ln0 = specinterface void @_ssdm_op_SpecInterface, i32 %gmem1, void @empty_17, i32 0, i32 0, void @empty_3, i32 0, i32 0, void @empty_1, void @empty_10, void @empty_3, i32 16, i32 16, i32 256, i32 16, void @empty_3, void @empty_3, i32 4294967295, i32 0, i32 0"   --->   Operation 37 'specinterface' 'specinterface_ln0' <Predicate = true> <Delay = 0.00>
ST_11 : Operation 38 [1/1] (0.00ns)   --->   "%specbitsmap_ln0 = specbitsmap void @_ssdm_op_SpecBitsMap, i32 %gmem1"   --->   Operation 38 'specbitsmap' 'specbitsmap_ln0' <Predicate = true> <Delay = 0.00>
ST_11 : Operation 39 [1/1] (0.00ns)   --->   "%specinterface_ln0 = specinterface void @_ssdm_op_SpecInterface, i32 %gmem2, void @empty_17, i32 0, i32 0, void @empty_3, i32 0, i32 0, void @empty_0, void @empty_10, void @empty_3, i32 16, i32 16, i32 256, i32 16, void @empty_3, void @empty_3, i32 4294967295, i32 0, i32 0"   --->   Operation 39 'specinterface' 'specinterface_ln0' <Predicate = true> <Delay = 0.00>
ST_11 : Operation 40 [1/1] (0.00ns)   --->   "%specbitsmap_ln0 = specbitsmap void @_ssdm_op_SpecBitsMap, i32 %gmem2"   --->   Operation 40 'specbitsmap' 'specbitsmap_ln0' <Predicate = true> <Delay = 0.00>
ST_11 : Operation 41 [1/1] (0.00ns)   --->   "%specinterface_ln0 = specinterface void @_ssdm_op_SpecInterface, i32 %gmem3, void @empty_17, i32 0, i32 0, void @empty_3, i32 0, i32 0, void @empty, void @empty_10, void @empty_3, i32 16, i32 16, i32 16, i32 256, void @empty_3, void @empty_3, i32 4294967295, i32 0, i32 0"   --->   Operation 41 'specinterface' 'specinterface_ln0' <Predicate = true> <Delay = 0.00>
ST_11 : Operation 42 [1/1] (0.00ns)   --->   "%specbitsmap_ln0 = specbitsmap void @_ssdm_op_SpecBitsMap, i32 %gmem3"   --->   Operation 42 'specbitsmap' 'specbitsmap_ln0' <Predicate = true> <Delay = 0.00>
ST_11 : Operation 43 [1/1] (0.00ns)   --->   "%specinterface_ln0 = specinterface void @_ssdm_op_SpecInterface, i64 %in_r, void @empty_5, i32 0, i32 0, void @empty_3, i32 0, i32 0, void @empty_23, void @empty_22, void @empty_3, i32 0, i32 0, i32 0, i32 0, void @empty_3, void @empty_16, i32 4294967295, i32 0, i32 0"   --->   Operation 43 'specinterface' 'specinterface_ln0' <Predicate = true> <Delay = 0.00>
ST_11 : Operation 44 [1/1] (0.00ns)   --->   "%specinterface_ln0 = specinterface void @_ssdm_op_SpecInterface, i64 %in_r, void @empty_21, i32 0, i32 0, void @empty_3, i32 0, i32 0, void @empty_3, void @empty_3, void @empty_3, i32 0, i32 0, i32 0, i32 0, void @empty_3, void @empty_16, i32 4294967295, i32 0, i32 0"   --->   Operation 44 'specinterface' 'specinterface_ln0' <Predicate = true> <Delay = 0.00>
ST_11 : Operation 45 [1/1] (0.00ns)   --->   "%specinterface_ln0 = specinterface void @_ssdm_op_SpecInterface, i64 %in_g, void @empty_5, i32 0, i32 0, void @empty_3, i32 0, i32 0, void @empty_23, void @empty_20, void @empty_3, i32 0, i32 0, i32 0, i32 0, void @empty_3, void @empty_16, i32 4294967295, i32 0, i32 0"   --->   Operation 45 'specinterface' 'specinterface_ln0' <Predicate = true> <Delay = 0.00>
ST_11 : Operation 46 [1/1] (0.00ns)   --->   "%specinterface_ln0 = specinterface void @_ssdm_op_SpecInterface, i64 %in_g, void @empty_21, i32 0, i32 0, void @empty_3, i32 0, i32 0, void @empty_3, void @empty_3, void @empty_3, i32 0, i32 0, i32 0, i32 0, void @empty_3, void @empty_16, i32 4294967295, i32 0, i32 0"   --->   Operation 46 'specinterface' 'specinterface_ln0' <Predicate = true> <Delay = 0.00>
ST_11 : Operation 47 [1/1] (0.00ns)   --->   "%specinterface_ln0 = specinterface void @_ssdm_op_SpecInterface, i64 %in_b, void @empty_5, i32 0, i32 0, void @empty_3, i32 0, i32 0, void @empty_23, void @empty_19, void @empty_3, i32 0, i32 0, i32 0, i32 0, void @empty_3, void @empty_16, i32 4294967295, i32 0, i32 0"   --->   Operation 47 'specinterface' 'specinterface_ln0' <Predicate = true> <Delay = 0.00>
ST_11 : Operation 48 [1/1] (0.00ns)   --->   "%specinterface_ln0 = specinterface void @_ssdm_op_SpecInterface, i64 %in_b, void @empty_21, i32 0, i32 0, void @empty_3, i32 0, i32 0, void @empty_3, void @empty_3, void @empty_3, i32 0, i32 0, i32 0, i32 0, void @empty_3, void @empty_16, i32 4294967295, i32 0, i32 0"   --->   Operation 48 'specinterface' 'specinterface_ln0' <Predicate = true> <Delay = 0.00>
ST_11 : Operation 49 [1/1] (0.00ns)   --->   "%specinterface_ln0 = specinterface void @_ssdm_op_SpecInterface, i64 %out_r, void @empty_5, i32 0, i32 0, void @empty_3, i32 0, i32 0, void @empty_23, void @empty_15, void @empty_3, i32 0, i32 0, i32 0, i32 0, void @empty_3, void @empty_16, i32 4294967295, i32 0, i32 0"   --->   Operation 49 'specinterface' 'specinterface_ln0' <Predicate = true> <Delay = 0.00>
ST_11 : Operation 50 [1/1] (0.00ns)   --->   "%specinterface_ln0 = specinterface void @_ssdm_op_SpecInterface, i64 %out_r, void @empty_21, i32 0, i32 0, void @empty_3, i32 0, i32 0, void @empty_3, void @empty_3, void @empty_3, i32 0, i32 0, i32 0, i32 0, void @empty_3, void @empty_16, i32 4294967295, i32 0, i32 0"   --->   Operation 50 'specinterface' 'specinterface_ln0' <Predicate = true> <Delay = 0.00>
ST_11 : Operation 51 [1/1] (0.00ns)   --->   "%specinterface_ln0 = specinterface void @_ssdm_op_SpecInterface, i32 0, void @empty_5, i32 0, i32 0, void @empty_3, i32 0, i32 0, void @empty_23, void @empty_3, void @empty_3, i32 0, i32 0, i32 0, i32 0, void @empty_3, void @empty_3, i32 4294967295, i32 0, i32 0"   --->   Operation 51 'specinterface' 'specinterface_ln0' <Predicate = true> <Delay = 0.00>
ST_11 : Operation 52 [1/1] (0.00ns)   --->   "%empty_65 = specchannel i32 @_ssdm_op_SpecChannel, void @equalized_stream_str, i32 1, void @p_str, void @p_str, i32 128, i32 128, i16 %equalized_stream, i16 %equalized_stream"   --->   Operation 52 'specchannel' 'empty_65' <Predicate = true> <Delay = 0.00>
ST_11 : Operation 53 [1/1] (0.00ns)   --->   "%specinterface_ln0 = specinterface void @_ssdm_op_SpecInterface, i16 %equalized_stream, void @empty_18, i32 0, i32 0, void @empty_3, i32 0, i32 0, void @empty_3, void @empty_3, void @empty_3, i32 0, i32 0, i32 0, i32 0, void @empty_3, void @empty_3, i32 4294967295, i32 0, i32 0"   --->   Operation 53 'specinterface' 'specinterface_ln0' <Predicate = true> <Delay = 0.00>
ST_11 : Operation 54 [1/1] (0.00ns)   --->   "%empty_66 = specchannel i32 @_ssdm_op_SpecChannel, void @gaussian_stream_str, i32 1, void @p_str, void @p_str, i32 128, i32 128, i16 %gaussian_stream, i16 %gaussian_stream"   --->   Operation 54 'specchannel' 'empty_66' <Predicate = true> <Delay = 0.00>
ST_11 : Operation 55 [1/1] (0.00ns)   --->   "%specinterface_ln0 = specinterface void @_ssdm_op_SpecInterface, i16 %gaussian_stream, void @empty_18, i32 0, i32 0, void @empty_3, i32 0, i32 0, void @empty_3, void @empty_3, void @empty_3, i32 0, i32 0, i32 0, i32 0, void @empty_3, void @empty_3, i32 4294967295, i32 0, i32 0"   --->   Operation 55 'specinterface' 'specinterface_ln0' <Predicate = true> <Delay = 0.00>
ST_11 : Operation 56 [1/1] (0.00ns)   --->   "%empty_67 = specchannel i32 @_ssdm_op_SpecChannel, void @bilateral_stream_str, i32 1, void @p_str, void @p_str, i32 128, i32 128, i16 %bilateral_stream, i16 %bilateral_stream"   --->   Operation 56 'specchannel' 'empty_67' <Predicate = true> <Delay = 0.00>
ST_11 : Operation 57 [1/1] (0.00ns)   --->   "%specinterface_ln0 = specinterface void @_ssdm_op_SpecInterface, i16 %bilateral_stream, void @empty_18, i32 0, i32 0, void @empty_3, i32 0, i32 0, void @empty_3, void @empty_3, void @empty_3, i32 0, i32 0, i32 0, i32 0, void @empty_3, void @empty_3, i32 4294967295, i32 0, i32 0"   --->   Operation 57 'specinterface' 'specinterface_ln0' <Predicate = true> <Delay = 0.00>
ST_11 : Operation 58 [1/1] (0.00ns)   --->   "%empty_68 = specchannel i32 @_ssdm_op_SpecChannel, void @morphology_stream_str, i32 1, void @p_str, void @p_str, i32 128, i32 128, i16 %morphology_stream, i16 %morphology_stream"   --->   Operation 58 'specchannel' 'empty_68' <Predicate = true> <Delay = 0.00>
ST_11 : Operation 59 [1/1] (0.00ns)   --->   "%specinterface_ln0 = specinterface void @_ssdm_op_SpecInterface, i16 %morphology_stream, void @empty_18, i32 0, i32 0, void @empty_3, i32 0, i32 0, void @empty_3, void @empty_3, void @empty_3, i32 0, i32 0, i32 0, i32 0, void @empty_3, void @empty_3, i32 4294967295, i32 0, i32 0"   --->   Operation 59 'specinterface' 'specinterface_ln0' <Predicate = true> <Delay = 0.00>
ST_11 : Operation 60 [1/2] (0.00ns)   --->   "%call_ln354 = call void @Loop_VITIS_LOOP_354_1_proc, i64 %out_r_c, i32 %gmem3, i16 %morphology_stream" [top.cpp:354]   --->   Operation 60 'call' 'call_ln354' <Predicate = true> <Delay = 0.00> <CoreType = "Generic">   --->   Generic Core
ST_11 : Operation 61 [1/1] (0.00ns)   --->   "%ret_ln359 = ret" [top.cpp:359]   --->   Operation 61 'ret' 'ret_ln359' <Predicate = true> <Delay = 0.00>


============================================================
+ Verbose Summary: Binding
============================================================
STG Binding: 
---------------- STG Properties BEGIN ----------------
- Is combinational: 0
- Is one-state seq: 0
- Is datapath-only: 0
- Is pipelined: 0
- Is top level: 1
Port [ Return ] is wired: 1; IO mode=ap_ctrl_hs:ce=0
Port [ gmem0]:  wired=1; compound=1; hidden=0; nouse=0; global=0; static=0; extern=0; dir=0; type=4; pingpong=0; private_global=0; IO mode=m_axi:ce=0
Port [ gmem1]:  wired=1; compound=1; hidden=0; nouse=0; global=0; static=0; extern=0; dir=0; type=4; pingpong=0; private_global=0; IO mode=m_axi:ce=0
Port [ gmem2]:  wired=1; compound=1; hidden=0; nouse=0; global=0; static=0; extern=0; dir=0; type=4; pingpong=0; private_global=0; IO mode=m_axi:ce=0
Port [ gmem3]:  wired=1; compound=1; hidden=0; nouse=0; global=0; static=0; extern=0; dir=1; type=4; pingpong=0; private_global=0; IO mode=m_axi:ce=0
Port [ in_r]:  wired=1; compound=0; hidden=0; nouse=0; global=0; static=0; extern=0; dir=0; type=0; pingpong=0; private_global=0; IO mode=ap_none:ce=0
Port [ in_g]:  wired=1; compound=0; hidden=0; nouse=0; global=0; static=0; extern=0; dir=0; type=0; pingpong=0; private_global=0; IO mode=ap_none:ce=0
Port [ in_b]:  wired=1; compound=0; hidden=0; nouse=0; global=0; static=0; extern=0; dir=0; type=0; pingpong=0; private_global=0; IO mode=ap_none:ce=0
Port [ out_r]:  wired=1; compound=0; hidden=0; nouse=0; global=0; static=0; extern=0; dir=0; type=0; pingpong=0; private_global=0; IO mode=ap_none:ce=0
---------------- STG Properties END ------------------

---------------- Datapath Model BEGIN ----------------

<LifeTime>
<method=bitvector/>
out_r_read                 (read                ) [ 000000000000]
in_b_read                  (read                ) [ 001100000000]
in_g_read                  (read                ) [ 001100000000]
in_r_read                  (read                ) [ 001100000000]
out_r_c                    (alloca              ) [ 011111111111]
equalized_stream           (alloca              ) [ 001111111111]
gaussian_stream            (alloca              ) [ 001111111111]
bilateral_stream           (alloca              ) [ 001111111111]
morphology_stream          (alloca              ) [ 001111111111]
call_ln339                 (call                ) [ 000000000000]
call_ln342                 (call                ) [ 000000000000]
call_ln345                 (call                ) [ 000000000000]
call_ln348                 (call                ) [ 000000000000]
call_ln351                 (call                ) [ 000000000000]
empty                      (specchannel         ) [ 000000000000]
specinterface_ln339        (specinterface       ) [ 000000000000]
specdataflowpipeline_ln339 (specdataflowpipeline) [ 000000000000]
spectopmodule_ln321        (spectopmodule       ) [ 000000000000]
specinterface_ln0          (specinterface       ) [ 000000000000]
specbitsmap_ln0            (specbitsmap         ) [ 000000000000]
specinterface_ln0          (specinterface       ) [ 000000000000]
specbitsmap_ln0            (specbitsmap         ) [ 000000000000]
specinterface_ln0          (specinterface       ) [ 000000000000]
specbitsmap_ln0            (specbitsmap         ) [ 000000000000]
specinterface_ln0          (specinterface       ) [ 000000000000]
specbitsmap_ln0            (specbitsmap         ) [ 000000000000]
specinterface_ln0          (specinterface       ) [ 000000000000]
specinterface_ln0          (specinterface       ) [ 000000000000]
specinterface_ln0          (specinterface       ) [ 000000000000]
specinterface_ln0          (specinterface       ) [ 000000000000]
specinterface_ln0          (specinterface       ) [ 000000000000]
specinterface_ln0          (specinterface       ) [ 000000000000]
specinterface_ln0          (specinterface       ) [ 000000000000]
specinterface_ln0          (specinterface       ) [ 000000000000]
specinterface_ln0          (specinterface       ) [ 000000000000]
empty_65                   (specchannel         ) [ 000000000000]
specinterface_ln0          (specinterface       ) [ 000000000000]
empty_66                   (specchannel         ) [ 000000000000]
specinterface_ln0          (specinterface       ) [ 000000000000]
empty_67                   (specchannel         ) [ 000000000000]
specinterface_ln0          (specinterface       ) [ 000000000000]
empty_68                   (specchannel         ) [ 000000000000]
specinterface_ln0          (specinterface       ) [ 000000000000]
call_ln354                 (call                ) [ 000000000000]
ret_ln359                  (ret                 ) [ 000000000000]
</LifeTime>

<model>

<comp_list>
<comp id="0" class="1000" name="gmem0">
<pin_list>
<pin id="1" dir="1" index="0" bw="1" slack="0"/>
</pin_list>
<bind>
<StgValue><ssdm name="gmem0"/><MemPortTyVec>0 </MemPortTyVec>
</StgValue>
</bind>
</comp>

<comp id="2" class="1000" name="gmem1">
<pin_list>
<pin id="3" dir="1" index="0" bw="1" slack="0"/>
</pin_list>
<bind>
<StgValue><ssdm name="gmem1"/><MemPortTyVec>0 </MemPortTyVec>
</StgValue>
</bind>
</comp>

<comp id="4" class="1000" name="gmem2">
<pin_list>
<pin id="5" dir="1" index="0" bw="1" slack="0"/>
</pin_list>
<bind>
<StgValue><ssdm name="gmem2"/><MemPortTyVec>0 </MemPortTyVec>
</StgValue>
</bind>
</comp>

<comp id="6" class="1000" name="gmem3">
<pin_list>
<pin id="7" dir="1" index="0" bw="1" slack="0"/>
</pin_list>
<bind>
<StgValue><ssdm name="gmem3"/><MemPortTyVec>1 </MemPortTyVec>
</StgValue>
</bind>
</comp>

<comp id="8" class="1000" name="in_r">
<pin_list>
<pin id="9" dir="1" index="0" bw="1" slack="0"/>
</pin_list>
<bind>
<StgValue><ssdm name="in_r"/></StgValue>
</bind>
</comp>

<comp id="10" class="1000" name="in_g">
<pin_list>
<pin id="11" dir="1" index="0" bw="1" slack="0"/>
</pin_list>
<bind>
<StgValue><ssdm name="in_g"/></StgValue>
</bind>
</comp>

<comp id="12" class="1000" name="in_b">
<pin_list>
<pin id="13" dir="1" index="0" bw="1" slack="0"/>
</pin_list>
<bind>
<StgValue><ssdm name="in_b"/></StgValue>
</bind>
</comp>

<comp id="14" class="1000" name="out_r">
<pin_list>
<pin id="15" dir="1" index="0" bw="1" slack="0"/>
</pin_list>
<bind>
<StgValue><ssdm name="out_r"/></StgValue>
</bind>
</comp>

<comp id="16" class="1001" name="const_16">
<pin_list>
<pin id="17" dir="1" index="0" bw="1" slack="0"/>
</pin_list>
<bind>
<StgValue><ssdm name="_ssdm_op_Read.s_axilite.i64"/></StgValue>
</bind>
</comp>

<comp id="18" class="1001" name="const_18">
<pin_list>
<pin id="19" dir="1" index="0" bw="1" slack="0"/>
</pin_list>
<bind>
<StgValue><ssdm name=""/></StgValue>
</bind>
</comp>

<comp id="20" class="1001" name="const_20">
<pin_list>
<pin id="21" dir="1" index="0" bw="1" slack="0"/>
</pin_list>
<bind>
<StgValue><ssdm name="entry_proc"/></StgValue>
</bind>
</comp>

<comp id="22" class="1001" name="const_22">
<pin_list>
<pin id="23" dir="1" index="0" bw="1" slack="0"/>
</pin_list>
<bind>
<StgValue><ssdm name="stage_rgb2eq"/></StgValue>
</bind>
</comp>

<comp id="24" class="1001" name="const_24">
<pin_list>
<pin id="25" dir="1" index="0" bw="1" slack="0"/>
</pin_list>
<bind>
<StgValue><ssdm name="stage_gaussian"/></StgValue>
</bind>
</comp>

<comp id="26" class="1001" name="const_26">
<pin_list>
<pin id="27" dir="1" index="0" bw="1" slack="0"/>
</pin_list>
<bind>
<StgValue><ssdm name="stage_bilateral"/></StgValue>
</bind>
</comp>

<comp id="28" class="1001" name="const_28">
<pin_list>
<pin id="29" dir="1" index="0" bw="1" slack="0"/>
</pin_list>
<bind>
<StgValue><ssdm name="stage_morphology"/></StgValue>
</bind>
</comp>

<comp id="30" class="1001" name="const_30">
<pin_list>
<pin id="31" dir="1" index="0" bw="1" slack="0"/>
</pin_list>
<bind>
<StgValue><ssdm name="Loop_VITIS_LOOP_354_1_proc"/></StgValue>
</bind>
</comp>

<comp id="32" class="1001" name="const_32">
<pin_list>
<pin id="33" dir="1" index="0" bw="1" slack="2147483647"/>
</pin_list>
<bind>
<StgValue><ssdm name="_ssdm_op_SpecChannel"/></StgValue>
</bind>
</comp>

<comp id="34" class="1001" name="const_34">
<pin_list>
<pin id="35" dir="1" index="0" bw="1" slack="2147483647"/>
</pin_list>
<bind>
<StgValue><ssdm name="out_r_c_str"/></StgValue>
</bind>
</comp>

<comp id="36" class="1001" name="const_36">
<pin_list>
<pin id="37" dir="1" index="0" bw="1" slack="2147483647"/>
</pin_list>
<bind>
<StgValue><ssdm name=""/></StgValue>
</bind>
</comp>

<comp id="38" class="1001" name="const_38">
<pin_list>
<pin id="39" dir="1" index="0" bw="1" slack="2147483647"/>
</pin_list>
<bind>
<StgValue><ssdm name="p_str"/></StgValue>
</bind>
</comp>

<comp id="40" class="1001" name="const_40">
<pin_list>
<pin id="41" dir="1" index="0" bw="1" slack="2147483647"/>
</pin_list>
<bind>
<StgValue><ssdm name=""/></StgValue>
</bind>
</comp>

<comp id="42" class="1001" name="const_42">
<pin_list>
<pin id="43" dir="1" index="0" bw="1" slack="2147483647"/>
</pin_list>
<bind>
<StgValue><ssdm name=""/></StgValue>
</bind>
</comp>

<comp id="44" class="1001" name="const_44">
<pin_list>
<pin id="45" dir="1" index="0" bw="1" slack="2147483647"/>
</pin_list>
<bind>
<StgValue><ssdm name="_ssdm_op_SpecInterface"/></StgValue>
</bind>
</comp>

<comp id="46" class="1001" name="const_46">
<pin_list>
<pin id="47" dir="1" index="0" bw="1" slack="2147483647"/>
</pin_list>
<bind>
<StgValue><ssdm name="ap_fifo_str"/></StgValue>
</bind>
</comp>

<comp id="48" class="1001" name="const_48">
<pin_list>
<pin id="49" dir="1" index="0" bw="1" slack="2147483647"/>
</pin_list>
<bind>
<StgValue><ssdm name=""/></StgValue>
</bind>
</comp>

<comp id="50" class="1001" name="const_50">
<pin_list>
<pin id="51" dir="1" index="0" bw="1" slack="2147483647"/>
</pin_list>
<bind>
<StgValue><ssdm name=""/></StgValue>
</bind>
</comp>

<comp id="52" class="1001" name="const_52">
<pin_list>
<pin id="53" dir="1" index="0" bw="1" slack="2147483647"/>
</pin_list>
<bind>
<StgValue><ssdm name=""/></StgValue>
</bind>
</comp>

<comp id="54" class="1001" name="const_54">
<pin_list>
<pin id="55" dir="1" index="0" bw="1" slack="2147483647"/>
</pin_list>
<bind>
<StgValue><ssdm name="_ssdm_op_SpecDataflowPipeline"/></StgValue>
</bind>
</comp>

<comp id="56" class="1001" name="const_56">
<pin_list>
<pin id="57" dir="1" index="0" bw="1" slack="2147483647"/>
</pin_list>
<bind>
<StgValue><ssdm name="empty_3"/></StgValue>
</bind>
</comp>

<comp id="58" class="1001" name="const_58">
<pin_list>
<pin id="59" dir="1" index="0" bw="1" slack="2147483647"/>
</pin_list>
<bind>
<StgValue><ssdm name="_ssdm_op_SpecTopModule"/></StgValue>
</bind>
</comp>

<comp id="60" class="1001" name="const_60">
<pin_list>
<pin id="61" dir="1" index="0" bw="1" slack="2147483647"/>
</pin_list>
<bind>
<StgValue><ssdm name="empty_8"/></StgValue>
</bind>
</comp>

<comp id="62" class="1001" name="const_62">
<pin_list>
<pin id="63" dir="1" index="0" bw="1" slack="2147483647"/>
</pin_list>
<bind>
<StgValue><ssdm name="empty_17"/></StgValue>
</bind>
</comp>

<comp id="64" class="1001" name="const_64">
<pin_list>
<pin id="65" dir="1" index="0" bw="1" slack="2147483647"/>
</pin_list>
<bind>
<StgValue><ssdm name="empty_2"/></StgValue>
</bind>
</comp>

<comp id="66" class="1001" name="const_66">
<pin_list>
<pin id="67" dir="1" index="0" bw="1" slack="2147483647"/>
</pin_list>
<bind>
<StgValue><ssdm name="empty_10"/></StgValue>
</bind>
</comp>

<comp id="68" class="1001" name="const_68">
<pin_list>
<pin id="69" dir="1" index="0" bw="1" slack="2147483647"/>
</pin_list>
<bind>
<StgValue><ssdm name=""/></StgValue>
</bind>
</comp>

<comp id="70" class="1001" name="const_70">
<pin_list>
<pin id="71" dir="1" index="0" bw="1" slack="2147483647"/>
</pin_list>
<bind>
<StgValue><ssdm name="_ssdm_op_SpecBitsMap"/></StgValue>
</bind>
</comp>

<comp id="72" class="1001" name="const_72">
<pin_list>
<pin id="73" dir="1" index="0" bw="1" slack="2147483647"/>
</pin_list>
<bind>
<StgValue><ssdm name="empty_1"/></StgValue>
</bind>
</comp>

<comp id="74" class="1001" name="const_74">
<pin_list>
<pin id="75" dir="1" index="0" bw="1" slack="2147483647"/>
</pin_list>
<bind>
<StgValue><ssdm name="empty_0"/></StgValue>
</bind>
</comp>

<comp id="76" class="1001" name="const_76">
<pin_list>
<pin id="77" dir="1" index="0" bw="1" slack="2147483647"/>
</pin_list>
<bind>
<StgValue><ssdm name="empty"/></StgValue>
</bind>
</comp>

<comp id="78" class="1001" name="const_78">
<pin_list>
<pin id="79" dir="1" index="0" bw="1" slack="2147483647"/>
</pin_list>
<bind>
<StgValue><ssdm name="empty_5"/></StgValue>
</bind>
</comp>

<comp id="80" class="1001" name="const_80">
<pin_list>
<pin id="81" dir="1" index="0" bw="1" slack="2147483647"/>
</pin_list>
<bind>
<StgValue><ssdm name="empty_23"/></StgValue>
</bind>
</comp>

<comp id="82" class="1001" name="const_82">
<pin_list>
<pin id="83" dir="1" index="0" bw="1" slack="2147483647"/>
</pin_list>
<bind>
<StgValue><ssdm name="empty_22"/></StgValue>
</bind>
</comp>

<comp id="84" class="1001" name="const_84">
<pin_list>
<pin id="85" dir="1" index="0" bw="1" slack="2147483647"/>
</pin_list>
<bind>
<StgValue><ssdm name="empty_16"/></StgValue>
</bind>
</comp>

<comp id="86" class="1001" name="const_86">
<pin_list>
<pin id="87" dir="1" index="0" bw="1" slack="2147483647"/>
</pin_list>
<bind>
<StgValue><ssdm name="empty_21"/></StgValue>
</bind>
</comp>

<comp id="88" class="1001" name="const_88">
<pin_list>
<pin id="89" dir="1" index="0" bw="1" slack="2147483647"/>
</pin_list>
<bind>
<StgValue><ssdm name="empty_20"/></StgValue>
</bind>
</comp>

<comp id="90" class="1001" name="const_90">
<pin_list>
<pin id="91" dir="1" index="0" bw="1" slack="2147483647"/>
</pin_list>
<bind>
<StgValue><ssdm name="empty_19"/></StgValue>
</bind>
</comp>

<comp id="92" class="1001" name="const_92">
<pin_list>
<pin id="93" dir="1" index="0" bw="1" slack="2147483647"/>
</pin_list>
<bind>
<StgValue><ssdm name="empty_15"/></StgValue>
</bind>
</comp>

<comp id="94" class="1001" name="const_94">
<pin_list>
<pin id="95" dir="1" index="0" bw="1" slack="2147483647"/>
</pin_list>
<bind>
<StgValue><ssdm name="equalized_stream_str"/></StgValue>
</bind>
</comp>

<comp id="96" class="1001" name="const_96">
<pin_list>
<pin id="97" dir="1" index="0" bw="1" slack="2147483647"/>
</pin_list>
<bind>
<StgValue><ssdm name=""/></StgValue>
</bind>
</comp>

<comp id="98" class="1001" name="const_98">
<pin_list>
<pin id="99" dir="1" index="0" bw="1" slack="2147483647"/>
</pin_list>
<bind>
<StgValue><ssdm name="empty_18"/></StgValue>
</bind>
</comp>

<comp id="100" class="1001" name="const_100">
<pin_list>
<pin id="101" dir="1" index="0" bw="1" slack="2147483647"/>
</pin_list>
<bind>
<StgValue><ssdm name="gaussian_stream_str"/></StgValue>
</bind>
</comp>

<comp id="102" class="1001" name="const_102">
<pin_list>
<pin id="103" dir="1" index="0" bw="1" slack="2147483647"/>
</pin_list>
<bind>
<StgValue><ssdm name="bilateral_stream_str"/></StgValue>
</bind>
</comp>

<comp id="104" class="1001" name="const_104">
<pin_list>
<pin id="105" dir="1" index="0" bw="1" slack="2147483647"/>
</pin_list>
<bind>
<StgValue><ssdm name="morphology_stream_str"/></StgValue>
</bind>
</comp>

<comp id="106" class="1004" name="out_r_c_fu_106">
<pin_list>
<pin id="107" dir="0" index="0" bw="1" slack="0"/>
<pin id="108" dir="1" index="1" bw="64" slack="0"/>
</pin_list>
<bind>
<opcode="alloca(26) " fcode="alloca"/>
<opset="out_r_c/1 "/>
</bind>
</comp>

<comp id="110" class="1004" name="equalized_stream_fu_110">
<pin_list>
<pin id="111" dir="0" index="0" bw="1" slack="0"/>
<pin id="112" dir="1" index="1" bw="16" slack="1"/>
</pin_list>
<bind>
<opcode="alloca(26) " fcode="alloca"/>
<opset="equalized_stream/1 "/>
</bind>
</comp>

<comp id="114" class="1004" name="gaussian_stream_fu_114">
<pin_list>
<pin id="115" dir="0" index="0" bw="1" slack="0"/>
<pin id="116" dir="1" index="1" bw="16" slack="3"/>
</pin_list>
<bind>
<opcode="alloca(26) " fcode="alloca"/>
<opset="gaussian_stream/1 "/>
</bind>
</comp>

<comp id="118" class="1004" name="bilateral_stream_fu_118">
<pin_list>
<pin id="119" dir="0" index="0" bw="1" slack="0"/>
<pin id="120" dir="1" index="1" bw="16" slack="5"/>
</pin_list>
<bind>
<opcode="alloca(26) " fcode="alloca"/>
<opset="bilateral_stream/1 "/>
</bind>
</comp>

<comp id="122" class="1004" name="morphology_stream_fu_122">
<pin_list>
<pin id="123" dir="0" index="0" bw="1" slack="0"/>
<pin id="124" dir="1" index="1" bw="16" slack="7"/>
</pin_list>
<bind>
<opcode="alloca(26) " fcode="alloca"/>
<opset="morphology_stream/1 "/>
</bind>
</comp>

<comp id="126" class="1004" name="out_r_read_read_fu_126">
<pin_list>
<pin id="127" dir="0" index="0" bw="64" slack="0"/>
<pin id="128" dir="0" index="1" bw="64" slack="0"/>
<pin id="129" dir="1" index="2" bw="64" slack="0"/>
</pin_list>
<bind>
<opcode="read(1150) " fcode="read"/>
<opset="out_r_read/1 "/>
</bind>
</comp>

<comp id="132" class="1004" name="in_b_read_read_fu_132">
<pin_list>
<pin id="133" dir="0" index="0" bw="64" slack="0"/>
<pin id="134" dir="0" index="1" bw="64" slack="0"/>
<pin id="135" dir="1" index="2" bw="64" slack="1"/>
</pin_list>
<bind>
<opcode="read(1150) " fcode="read"/>
<opset="in_b_read/1 "/>
</bind>
</comp>

<comp id="138" class="1004" name="in_g_read_read_fu_138">
<pin_list>
<pin id="139" dir="0" index="0" bw="64" slack="0"/>
<pin id="140" dir="0" index="1" bw="64" slack="0"/>
<pin id="141" dir="1" index="2" bw="64" slack="1"/>
</pin_list>
<bind>
<opcode="read(1150) " fcode="read"/>
<opset="in_g_read/1 "/>
</bind>
</comp>

<comp id="144" class="1004" name="in_r_read_read_fu_144">
<pin_list>
<pin id="145" dir="0" index="0" bw="64" slack="0"/>
<pin id="146" dir="0" index="1" bw="64" slack="0"/>
<pin id="147" dir="1" index="2" bw="64" slack="1"/>
</pin_list>
<bind>
<opcode="read(1150) " fcode="read"/>
<opset="in_r_read/1 "/>
</bind>
</comp>

<comp id="150" class="1004" name="call_ln339_entry_proc_fu_150">
<pin_list>
<pin id="151" dir="0" index="0" bw="0" slack="0"/>
<pin id="152" dir="0" index="1" bw="64" slack="0"/>
<pin id="153" dir="0" index="2" bw="64" slack="0"/>
<pin id="154" dir="1" index="3" bw="0" slack="2147483647"/>
</pin_list>
<bind>
<opcode="call(48) " fcode="call"/>
<opset="call_ln339/1 "/>
</bind>
</comp>

<comp id="157" class="1004" name="grp_stage_rgb2eq_fu_157">
<pin_list>
<pin id="158" dir="0" index="0" bw="0" slack="0"/>
<pin id="159" dir="0" index="1" bw="32" slack="0"/>
<pin id="160" dir="0" index="2" bw="64" slack="1"/>
<pin id="161" dir="0" index="3" bw="32" slack="0"/>
<pin id="162" dir="0" index="4" bw="64" slack="1"/>
<pin id="163" dir="0" index="5" bw="32" slack="0"/>
<pin id="164" dir="0" index="6" bw="64" slack="1"/>
<pin id="165" dir="0" index="7" bw="16" slack="1"/>
<pin id="166" dir="1" index="8" bw="0" slack="2147483647"/>
</pin_list>
<bind>
<opcode="call(48) " fcode="call"/>
<opset="call_ln342/2 "/>
</bind>
</comp>

<comp id="171" class="1004" name="grp_stage_gaussian_fu_171">
<pin_list>
<pin id="172" dir="0" index="0" bw="0" slack="0"/>
<pin id="173" dir="0" index="1" bw="16" slack="3"/>
<pin id="174" dir="0" index="2" bw="16" slack="3"/>
<pin id="175" dir="1" index="3" bw="0" slack="2147483647"/>
</pin_list>
<bind>
<opcode="call(48) " fcode="call"/>
<opset="call_ln345/4 "/>
</bind>
</comp>

<comp id="177" class="1004" name="grp_stage_bilateral_fu_177">
<pin_list>
<pin id="178" dir="0" index="0" bw="0" slack="0"/>
<pin id="179" dir="0" index="1" bw="16" slack="5"/>
<pin id="180" dir="0" index="2" bw="16" slack="5"/>
<pin id="181" dir="1" index="3" bw="0" slack="2147483647"/>
</pin_list>
<bind>
<opcode="call(48) " fcode="call"/>
<opset="call_ln348/6 "/>
</bind>
</comp>

<comp id="183" class="1004" name="grp_stage_morphology_fu_183">
<pin_list>
<pin id="184" dir="0" index="0" bw="0" slack="0"/>
<pin id="185" dir="0" index="1" bw="16" slack="7"/>
<pin id="186" dir="0" index="2" bw="16" slack="7"/>
<pin id="187" dir="1" index="3" bw="0" slack="2147483647"/>
</pin_list>
<bind>
<opcode="call(48) " fcode="call"/>
<opset="call_ln351/8 "/>
</bind>
</comp>

<comp id="189" class="1004" name="grp_Loop_VITIS_LOOP_354_1_proc_fu_189">
<pin_list>
<pin id="190" dir="0" index="0" bw="0" slack="0"/>
<pin id="191" dir="0" index="1" bw="64" slack="9"/>
<pin id="192" dir="0" index="2" bw="32" slack="0"/>
<pin id="193" dir="0" index="3" bw="16" slack="9"/>
<pin id="194" dir="1" index="4" bw="0" slack="2147483647"/>
</pin_list>
<bind>
<opcode="call(48) " fcode="call"/>
<opset="call_ln354/10 "/>
</bind>
</comp>

<comp id="197" class="1005" name="in_b_read_reg_197">
<pin_list>
<pin id="198" dir="0" index="0" bw="64" slack="1"/>
<pin id="199" dir="1" index="1" bw="64" slack="1"/>
</pin_list>
<bind>
<opset="in_b_read "/>
</bind>
</comp>

<comp id="202" class="1005" name="in_g_read_reg_202">
<pin_list>
<pin id="203" dir="0" index="0" bw="64" slack="1"/>
<pin id="204" dir="1" index="1" bw="64" slack="1"/>
</pin_list>
<bind>
<opset="in_g_read "/>
</bind>
</comp>

<comp id="207" class="1005" name="in_r_read_reg_207">
<pin_list>
<pin id="208" dir="0" index="0" bw="64" slack="1"/>
<pin id="209" dir="1" index="1" bw="64" slack="1"/>
</pin_list>
<bind>
<opset="in_r_read "/>
</bind>
</comp>

<comp id="212" class="1005" name="out_r_c_reg_212">
<pin_list>
<pin id="213" dir="0" index="0" bw="64" slack="0"/>
<pin id="214" dir="1" index="1" bw="64" slack="0"/>
</pin_list>
<bind>
<opset="out_r_c "/>
</bind>
</comp>

<comp id="218" class="1005" name="equalized_stream_reg_218">
<pin_list>
<pin id="219" dir="0" index="0" bw="16" slack="1"/>
<pin id="220" dir="1" index="1" bw="16" slack="1"/>
</pin_list>
<bind>
<opset="equalized_stream "/>
</bind>
</comp>

<comp id="224" class="1005" name="gaussian_stream_reg_224">
<pin_list>
<pin id="225" dir="0" index="0" bw="16" slack="3"/>
<pin id="226" dir="1" index="1" bw="16" slack="3"/>
</pin_list>
<bind>
<opset="gaussian_stream "/>
</bind>
</comp>

<comp id="230" class="1005" name="bilateral_stream_reg_230">
<pin_list>
<pin id="231" dir="0" index="0" bw="16" slack="5"/>
<pin id="232" dir="1" index="1" bw="16" slack="5"/>
</pin_list>
<bind>
<opset="bilateral_stream "/>
</bind>
</comp>

<comp id="236" class="1005" name="morphology_stream_reg_236">
<pin_list>
<pin id="237" dir="0" index="0" bw="16" slack="7"/>
<pin id="238" dir="1" index="1" bw="16" slack="7"/>
</pin_list>
<bind>
<opset="morphology_stream "/>
</bind>
</comp>

</comp_list>

<net_list>
<net id="109"><net_src comp="18" pin="0"/><net_sink comp="106" pin=0"/></net>

<net id="113"><net_src comp="18" pin="0"/><net_sink comp="110" pin=0"/></net>

<net id="117"><net_src comp="18" pin="0"/><net_sink comp="114" pin=0"/></net>

<net id="121"><net_src comp="18" pin="0"/><net_sink comp="118" pin=0"/></net>

<net id="125"><net_src comp="18" pin="0"/><net_sink comp="122" pin=0"/></net>

<net id="130"><net_src comp="16" pin="0"/><net_sink comp="126" pin=0"/></net>

<net id="131"><net_src comp="14" pin="0"/><net_sink comp="126" pin=1"/></net>

<net id="136"><net_src comp="16" pin="0"/><net_sink comp="132" pin=0"/></net>

<net id="137"><net_src comp="12" pin="0"/><net_sink comp="132" pin=1"/></net>

<net id="142"><net_src comp="16" pin="0"/><net_sink comp="138" pin=0"/></net>

<net id="143"><net_src comp="10" pin="0"/><net_sink comp="138" pin=1"/></net>

<net id="148"><net_src comp="16" pin="0"/><net_sink comp="144" pin=0"/></net>

<net id="149"><net_src comp="8" pin="0"/><net_sink comp="144" pin=1"/></net>

<net id="155"><net_src comp="20" pin="0"/><net_sink comp="150" pin=0"/></net>

<net id="156"><net_src comp="126" pin="2"/><net_sink comp="150" pin=1"/></net>

<net id="167"><net_src comp="22" pin="0"/><net_sink comp="157" pin=0"/></net>

<net id="168"><net_src comp="0" pin="0"/><net_sink comp="157" pin=1"/></net>

<net id="169"><net_src comp="2" pin="0"/><net_sink comp="157" pin=3"/></net>

<net id="170"><net_src comp="4" pin="0"/><net_sink comp="157" pin=5"/></net>

<net id="176"><net_src comp="24" pin="0"/><net_sink comp="171" pin=0"/></net>

<net id="182"><net_src comp="26" pin="0"/><net_sink comp="177" pin=0"/></net>

<net id="188"><net_src comp="28" pin="0"/><net_sink comp="183" pin=0"/></net>

<net id="195"><net_src comp="30" pin="0"/><net_sink comp="189" pin=0"/></net>

<net id="196"><net_src comp="6" pin="0"/><net_sink comp="189" pin=2"/></net>

<net id="200"><net_src comp="132" pin="2"/><net_sink comp="197" pin=0"/></net>

<net id="201"><net_src comp="197" pin="1"/><net_sink comp="157" pin=6"/></net>

<net id="205"><net_src comp="138" pin="2"/><net_sink comp="202" pin=0"/></net>

<net id="206"><net_src comp="202" pin="1"/><net_sink comp="157" pin=4"/></net>

<net id="210"><net_src comp="144" pin="2"/><net_sink comp="207" pin=0"/></net>

<net id="211"><net_src comp="207" pin="1"/><net_sink comp="157" pin=2"/></net>

<net id="215"><net_src comp="106" pin="1"/><net_sink comp="212" pin=0"/></net>

<net id="216"><net_src comp="212" pin="1"/><net_sink comp="150" pin=2"/></net>

<net id="217"><net_src comp="212" pin="1"/><net_sink comp="189" pin=1"/></net>

<net id="221"><net_src comp="110" pin="1"/><net_sink comp="218" pin=0"/></net>

<net id="222"><net_src comp="218" pin="1"/><net_sink comp="157" pin=7"/></net>

<net id="223"><net_src comp="218" pin="1"/><net_sink comp="171" pin=1"/></net>

<net id="227"><net_src comp="114" pin="1"/><net_sink comp="224" pin=0"/></net>

<net id="228"><net_src comp="224" pin="1"/><net_sink comp="171" pin=2"/></net>

<net id="229"><net_src comp="224" pin="1"/><net_sink comp="177" pin=1"/></net>

<net id="233"><net_src comp="118" pin="1"/><net_sink comp="230" pin=0"/></net>

<net id="234"><net_src comp="230" pin="1"/><net_sink comp="177" pin=2"/></net>

<net id="235"><net_src comp="230" pin="1"/><net_sink comp="183" pin=1"/></net>

<net id="239"><net_src comp="122" pin="1"/><net_sink comp="236" pin=0"/></net>

<net id="240"><net_src comp="236" pin="1"/><net_sink comp="183" pin=2"/></net>

<net id="241"><net_src comp="236" pin="1"/><net_sink comp="189" pin=3"/></net>

</net_list>

</model> 
---------------- Datapath Model END ------------------

* FSMD analyzer results:
  - Output states:
	Port: gmem3 | {10 11 }
 - Input state : 
	Port: top_kernel : gmem0 | {2 3 }
	Port: top_kernel : gmem1 | {2 3 }
	Port: top_kernel : gmem2 | {2 3 }
	Port: top_kernel : in_r | {1 }
	Port: top_kernel : in_g | {1 }
	Port: top_kernel : in_b | {1 }
	Port: top_kernel : out_r | {1 }
  - Chain level:
	State 1
		call_ln339 : 1
	State 2
	State 3
	State 4
	State 5
	State 6
	State 7
	State 8
	State 9
	State 10
	State 11


============================================================
+ Verbose Summary: Datapath Resource usage 
============================================================

* Functional unit list:
|----------|---------------------------------------|---------|---------|---------|---------|---------|---------|
| Operation|            Functional Unit            |   BRAM  |   DSP   |  Delay  |    FF   |   LUT   |   URAM  |
|----------|---------------------------------------|---------|---------|---------|---------|---------|---------|
|          |      call_ln339_entry_proc_fu_150     |    0    |    0    |    0    |    0    |    0    |    0    |
|          |        grp_stage_rgb2eq_fu_157        |    4    |    14   |   4.89  |  45392  |  10905  |    0    |
|   call   |       grp_stage_gaussian_fu_171       |    25   |    54   | 31.8419 |   8932  |  12592  |    0    |
|          |       grp_stage_bilateral_fu_177      |    9    |   158   | 24.5712 |  26372  |  36324  |    0    |
|          |      grp_stage_morphology_fu_183      |    18   |    33   | 18.8244 |   4323  |   5155  |    0    |
|          | grp_Loop_VITIS_LOOP_354_1_proc_fu_189 |    0    |    0    |    0    |   232   |   233   |    0    |
|----------|---------------------------------------|---------|---------|---------|---------|---------|---------|
|          |         out_r_read_read_fu_126        |    0    |    0    |    0    |    0    |    0    |    0    |
|   read   |         in_b_read_read_fu_132         |    0    |    0    |    0    |    0    |    0    |    0    |
|          |         in_g_read_read_fu_138         |    0    |    0    |    0    |    0    |    0    |    0    |
|          |         in_r_read_read_fu_144         |    0    |    0    |    0    |    0    |    0    |    0    |
|----------|---------------------------------------|---------|---------|---------|---------|---------|---------|
|   Total  |                                       |    56   |   259   | 80.1275 |  85251  |  65209  |    0    |
|----------|---------------------------------------|---------|---------|---------|---------|---------|---------|

Memories:
N/A

* Register list:
+-------------------------+--------+
|                         |   FF   |
+-------------------------+--------+
| bilateral_stream_reg_230|   16   |
| equalized_stream_reg_218|   16   |
| gaussian_stream_reg_224 |   16   |
|    in_b_read_reg_197    |   64   |
|    in_g_read_reg_202    |   64   |
|    in_r_read_reg_207    |   64   |
|morphology_stream_reg_236|   16   |
|     out_r_c_reg_212     |   64   |
+-------------------------+--------+
|          Total          |   320  |
+-------------------------+--------+

* Multiplexer (MUX) list: 
|--------|------|------|------|--------|
|  Comp  |  Pin | Size |  BW  | S x BW |
|--------|------|------|------|--------|
|  Total |      |      |      |    0   |
|--------|------|------|------|--------|



* Summary:
+-----------+--------+--------+--------+--------+--------+--------+
|           |  BRAM  |   DSP  |  Delay |   FF   |   LUT  |  URAM  |
+-----------+--------+--------+--------+--------+--------+--------+
|  Function |   56   |   259  |   80   |  85251 |  65209 |    0   |
|   Memory  |    -   |    -   |    -   |    -   |    -   |    -   |
|Multiplexer|    -   |    -   |    -   |    -   |    -   |    -   |
|  Register |    -   |    -   |    -   |   320  |    -   |    -   |
+-----------+--------+--------+--------+--------+--------+--------+
|   Total   |   56   |   259  |   80   |  85571 |  65209 |    0   |
+-----------+--------+--------+--------+--------+--------+--------+
