Fri Apr 10 18:52:24 2026: Running xcd server. This server was built by gradle.
Fri Apr 10 18:52:24 2026: Server was asked to start on port: '39497'
Fri Apr 10 18:52:24 2026: Server is using token UUID: 'fddbd647-1e80-45cc-b00a-0d4bb29c3e9e'
Fri Apr 10 18:52:24 2026: SESSION_MGR: creating session with session uuid: '6d04a3e9-ade5-4ab9-8d63-1f78fcd2ec76' and name 'default'
Fri Apr 10 18:52:24 2026: Attempting to start server on port '39497'
Fri Apr 10 18:52:24 2026: XCD main fifo: created main fifo '/tmp/xcdmainfddbd647-1e80-45cc-b00a-0d4bb29c3e9e', fd read = 15
Fri Apr 10 18:52:24 2026: Running Dispatch Server
Fri Apr 10 18:52:24 2026: Version 2.2.0
Fri Apr 10 18:52:28 2026: Dispatch Server: Accepted socket connection from client
Fri Apr 10 18:52:28 2026: Starting Socket connection
Fri Apr 10 18:52:28 2026: EXCHANGE_TOKEN received, server token: fddbd647-1e80-45cc-b00a-0d4bb29c3e9e, passed token: fddbd647-1e80-45cc-b00a-0d4bb29c3e9e
Fri Apr 10 18:52:28 2026: SESSION_MGR: creating session with session uuid: 'edcc2146-658e-4b57-8692-fdf3f56a02be' and name 'vitis_hls'
Fri Apr 10 18:52:28 2026: KERNEL_SVC: creating session with uuid: 'edcc2146-658e-4b57-8692-fdf3f56a02be' and name 'vitis_hls'
Fri Apr 10 18:52:28 2026: GUIDANCE_SMGR: creating guidance session with uuid: 'edcc2146-658e-4b57-8692-fdf3f56a02be' and name 'vitis_hls'
Fri Apr 10 18:54:40 2026: Running xcd server. This server was built by gradle.
Fri Apr 10 18:54:40 2026: Server was asked to start on port: '39385'
Fri Apr 10 18:54:40 2026: Server is using token UUID: '2cf9d2ed-3255-45ad-bcb9-8cdbe0deb548'
Fri Apr 10 18:54:40 2026: SESSION_MGR: creating session with session uuid: '6d04a3e9-ade5-4ab9-8d63-1f78fcd2ec76' and name 'default'
Fri Apr 10 18:54:40 2026: Attempting to start server on port '39385'
Fri Apr 10 18:54:40 2026: XCD main fifo: created main fifo '/tmp/xcdmain2cf9d2ed-3255-45ad-bcb9-8cdbe0deb548', fd read = 15
Fri Apr 10 18:54:40 2026: Running Dispatch Server
Fri Apr 10 18:54:40 2026: Version 2.2.0
Fri Apr 10 18:54:41 2026: Dispatch Server: Accepted socket connection from client
Fri Apr 10 18:54:41 2026: Starting Socket connection
Fri Apr 10 18:54:41 2026: EXCHANGE_TOKEN received, server token: 2cf9d2ed-3255-45ad-bcb9-8cdbe0deb548, passed token: 2cf9d2ed-3255-45ad-bcb9-8cdbe0deb548
Fri Apr 10 18:54:41 2026: SESSION_MGR: creating session with session uuid: 'c5130bf6-eb28-4a82-a6fd-472ebfff5f6e' and name 'vitis_hls'
Fri Apr 10 18:54:41 2026: KERNEL_SVC: creating session with uuid: 'c5130bf6-eb28-4a82-a6fd-472ebfff5f6e' and name 'vitis_hls'
Fri Apr 10 18:54:41 2026: GUIDANCE_SMGR: creating guidance session with uuid: 'c5130bf6-eb28-4a82-a6fd-472ebfff5f6e' and name 'vitis_hls'
Fri Apr 10 18:54:41 2026: STOP_SERVER received, server token: fddbd647-1e80-45cc-b00a-0d4bb29c3e9e, passed token: fddbd647-1e80-45cc-b00a-0d4bb29c3e9e
Fri Apr 10 18:54:41 2026: Socket received request to stop server.
Fri Apr 10 18:54:41 2026: Dispatch Server: do_await_stop
Fri Apr 10 18:54:41 2026: Dispatch Server: stopping mainFifo_
Fri Apr 10 18:54:41 2026: XCD main fifo: Stopping
Fri Apr 10 18:54:41 2026: XCD main fifo: do_read error code: Operation canceled
Fri Apr 10 18:54:41 2026: XCD main fifo: bytes_transferred: 0
Fri Apr 10 18:54:41 2026: SERVER: destructor for server bound to port 39497
Fri Apr 10 18:54:41 2026: XCD main fifo: Good unlink of /tmp/xcdmainfddbd647-1e80-45cc-b00a-0d4bb29c3e9e
Fri Apr 10 18:54:41 2026: Server exiting with status 0.
Fri Apr 10 18:54:41 2026: Closing log file.
Fri Apr 10 19:22:39 2026: Running xcd server. This server was built by gradle.
Fri Apr 10 19:22:39 2026: Server was asked to start on port: '41973'
Fri Apr 10 19:22:39 2026: Server is using token UUID: '5fd5be7d-cce9-4b87-95df-ba4f101b96aa'
Fri Apr 10 19:22:39 2026: SESSION_MGR: creating session with session uuid: '6d04a3e9-ade5-4ab9-8d63-1f78fcd2ec76' and name 'default'
Fri Apr 10 19:22:39 2026: Attempting to start server on port '41973'
Fri Apr 10 19:22:39 2026: XCD main fifo: created main fifo '/tmp/xcdmain5fd5be7d-cce9-4b87-95df-ba4f101b96aa', fd read = 15
Fri Apr 10 19:22:39 2026: Running Dispatch Server
Fri Apr 10 19:22:39 2026: Version 2.2.0
Fri Apr 10 19:22:41 2026: Dispatch Server: Accepted socket connection from client
Fri Apr 10 19:22:41 2026: Starting Socket connection
Fri Apr 10 19:22:41 2026: EXCHANGE_TOKEN received, server token: 5fd5be7d-cce9-4b87-95df-ba4f101b96aa, passed token: 5fd5be7d-cce9-4b87-95df-ba4f101b96aa
Fri Apr 10 19:22:41 2026: SESSION_MGR: creating session with session uuid: '97ed73ea-f3bb-4fea-90a5-514a3c76b342' and name 'vitis_hls'
Fri Apr 10 19:22:41 2026: KERNEL_SVC: creating session with uuid: '97ed73ea-f3bb-4fea-90a5-514a3c76b342' and name 'vitis_hls'
Fri Apr 10 19:22:41 2026: GUIDANCE_SMGR: creating guidance session with uuid: '97ed73ea-f3bb-4fea-90a5-514a3c76b342' and name 'vitis_hls'
Fri Apr 10 19:22:41 2026: STOP_SERVER received, server token: 2cf9d2ed-3255-45ad-bcb9-8cdbe0deb548, passed token: 2cf9d2ed-3255-45ad-bcb9-8cdbe0deb548
Fri Apr 10 19:22:41 2026: Socket received request to stop server.
Fri Apr 10 19:22:41 2026: Dispatch Server: do_await_stop
Fri Apr 10 19:22:41 2026: Dispatch Server: stopping mainFifo_
Fri Apr 10 19:22:41 2026: XCD main fifo: Stopping
Fri Apr 10 19:22:41 2026: XCD main fifo: do_read error code: Operation canceled
Fri Apr 10 19:22:41 2026: XCD main fifo: bytes_transferred: 0
Fri Apr 10 19:22:41 2026: SERVER: destructor for server bound to port 39385
Fri Apr 10 19:22:41 2026: XCD main fifo: Good unlink of /tmp/xcdmain2cf9d2ed-3255-45ad-bcb9-8cdbe0deb548
Fri Apr 10 19:22:41 2026: Server exiting with status 0.
Fri Apr 10 19:22:41 2026: Closing log file.
Fri Apr 10 19:24:15 2026: Dispatch Server: Accepted socket connection from client
Fri Apr 10 19:24:15 2026: Starting Socket connection
Fri Apr 10 19:43:48 2026: Dispatch Server: Accepted socket connection from client
Fri Apr 10 19:43:48 2026: Starting Socket connection
Fri Apr 10 19:49:20 2026: Dispatch Server: Accepted socket connection from client
Fri Apr 10 19:49:20 2026: Starting Socket connection
Fri Apr 10 20:24:12 2026: STOP_SERVER received, server token: 5fd5be7d-cce9-4b87-95df-ba4f101b96aa, passed token: 5fd5be7d-cce9-4b87-95df-ba4f101b96aa
Fri Apr 10 20:24:12 2026: Socket received request to stop server.
Fri Apr 10 20:24:12 2026: Dispatch Server: do_await_stop
Fri Apr 10 20:24:12 2026: Dispatch Server: stopping mainFifo_
Fri Apr 10 20:24:12 2026: XCD main fifo: Stopping
Fri Apr 10 20:24:12 2026: XCD main fifo: do_read error code: Operation canceled
Fri Apr 10 20:24:12 2026: XCD main fifo: bytes_transferred: 0
Fri Apr 10 20:24:12 2026: SERVER: destructor for server bound to port 41973
Fri Apr 10 20:24:12 2026: XCD main fifo: Good unlink of /tmp/xcdmain5fd5be7d-cce9-4b87-95df-ba4f101b96aa
Fri Apr 10 20:24:12 2026: Server exiting with status 0.
Fri Apr 10 20:24:12 2026: Closing log file.
