Fri Apr 10 10:35:45 2026: Running xcd server. This server was built by gradle.
Fri Apr 10 10:35:45 2026: Server was asked to start on port: '35831'
Fri Apr 10 10:35:45 2026: Server is using token UUID: '7a33d3f2-7459-4619-a1fb-9df7ce7d73d6'
Fri Apr 10 10:35:45 2026: SESSION_MGR: creating session with session uuid: '6d04a3e9-ade5-4ab9-8d63-1f78fcd2ec76' and name 'default'
Fri Apr 10 10:35:45 2026: Attempting to start server on port '35831'
Fri Apr 10 10:35:45 2026: XCD main fifo: created main fifo '/tmp/xcdmain7a33d3f2-7459-4619-a1fb-9df7ce7d73d6', fd read = 15
Fri Apr 10 10:35:45 2026: Running Dispatch Server
Fri Apr 10 10:35:45 2026: Version 2.2.0
Fri Apr 10 10:35:49 2026: Dispatch Server: Accepted socket connection from client
Fri Apr 10 10:35:49 2026: Starting Socket connection
Fri Apr 10 10:35:49 2026: EXCHANGE_TOKEN received, server token: 7a33d3f2-7459-4619-a1fb-9df7ce7d73d6, passed token: 7a33d3f2-7459-4619-a1fb-9df7ce7d73d6
Fri Apr 10 10:35:49 2026: SESSION_MGR: creating session with session uuid: '0e0d538e-bfa2-444f-b40e-4b6d0a0dea17' and name 'vitis_hls'
Fri Apr 10 10:35:49 2026: KERNEL_SVC: creating session with uuid: '0e0d538e-bfa2-444f-b40e-4b6d0a0dea17' and name 'vitis_hls'
Fri Apr 10 10:35:49 2026: GUIDANCE_SMGR: creating guidance session with uuid: '0e0d538e-bfa2-444f-b40e-4b6d0a0dea17' and name 'vitis_hls'
Fri Apr 10 10:37:48 2026: Running xcd server. This server was built by gradle.
Fri Apr 10 10:37:48 2026: Server was asked to start on port: '46535'
Fri Apr 10 10:37:48 2026: Server is using token UUID: '404a6097-98e9-4c40-a876-ef1f1817b5ca'
Fri Apr 10 10:37:48 2026: SESSION_MGR: creating session with session uuid: '6d04a3e9-ade5-4ab9-8d63-1f78fcd2ec76' and name 'default'
Fri Apr 10 10:37:48 2026: Attempting to start server on port '46535'
Fri Apr 10 10:37:48 2026: XCD main fifo: created main fifo '/tmp/xcdmain404a6097-98e9-4c40-a876-ef1f1817b5ca', fd read = 15
Fri Apr 10 10:37:48 2026: Running Dispatch Server
Fri Apr 10 10:37:48 2026: Version 2.2.0
Fri Apr 10 10:37:50 2026: Dispatch Server: Accepted socket connection from client
Fri Apr 10 10:37:50 2026: Starting Socket connection
Fri Apr 10 10:37:50 2026: EXCHANGE_TOKEN received, server token: 404a6097-98e9-4c40-a876-ef1f1817b5ca, passed token: 404a6097-98e9-4c40-a876-ef1f1817b5ca
Fri Apr 10 10:37:50 2026: SESSION_MGR: creating session with session uuid: '83258aa8-d04d-473e-96d8-725cf322dbc9' and name 'vitis_hls'
Fri Apr 10 10:37:50 2026: KERNEL_SVC: creating session with uuid: '83258aa8-d04d-473e-96d8-725cf322dbc9' and name 'vitis_hls'
Fri Apr 10 10:37:50 2026: GUIDANCE_SMGR: creating guidance session with uuid: '83258aa8-d04d-473e-96d8-725cf322dbc9' and name 'vitis_hls'
Fri Apr 10 10:37:50 2026: STOP_SERVER received, server token: 7a33d3f2-7459-4619-a1fb-9df7ce7d73d6, passed token: 7a33d3f2-7459-4619-a1fb-9df7ce7d73d6
Fri Apr 10 10:37:50 2026: Socket received request to stop server.
Fri Apr 10 10:37:50 2026: Dispatch Server: do_await_stop
Fri Apr 10 10:37:50 2026: Dispatch Server: stopping mainFifo_
Fri Apr 10 10:37:50 2026: XCD main fifo: Stopping
Fri Apr 10 10:37:50 2026: XCD main fifo: do_read error code: Operation canceled
Fri Apr 10 10:37:50 2026: XCD main fifo: bytes_transferred: 0
Fri Apr 10 10:37:50 2026: SERVER: destructor for server bound to port 35831
Fri Apr 10 10:37:50 2026: XCD main fifo: Good unlink of /tmp/xcdmain7a33d3f2-7459-4619-a1fb-9df7ce7d73d6
Fri Apr 10 10:37:50 2026: Server exiting with status 0.
Fri Apr 10 10:37:50 2026: Closing log file.
Fri Apr 10 11:06:11 2026: Running xcd server. This server was built by gradle.
Fri Apr 10 11:06:11 2026: Server was asked to start on port: '43161'
Fri Apr 10 11:06:11 2026: Server is using token UUID: '13ee45f2-492c-4926-9904-7c3aa24d338e'
Fri Apr 10 11:06:11 2026: SESSION_MGR: creating session with session uuid: '6d04a3e9-ade5-4ab9-8d63-1f78fcd2ec76' and name 'default'
Fri Apr 10 11:06:11 2026: Attempting to start server on port '43161'
Fri Apr 10 11:06:11 2026: XCD main fifo: created main fifo '/tmp/xcdmain13ee45f2-492c-4926-9904-7c3aa24d338e', fd read = 15
Fri Apr 10 11:06:11 2026: Running Dispatch Server
Fri Apr 10 11:06:11 2026: Version 2.2.0
Fri Apr 10 11:06:13 2026: Dispatch Server: Accepted socket connection from client
Fri Apr 10 11:06:13 2026: Starting Socket connection
Fri Apr 10 11:06:13 2026: EXCHANGE_TOKEN received, server token: 13ee45f2-492c-4926-9904-7c3aa24d338e, passed token: 13ee45f2-492c-4926-9904-7c3aa24d338e
Fri Apr 10 11:06:13 2026: SESSION_MGR: creating session with session uuid: '18d3eaf7-e342-49bc-bc10-07d13fc91966' and name 'vitis_hls'
Fri Apr 10 11:06:13 2026: KERNEL_SVC: creating session with uuid: '18d3eaf7-e342-49bc-bc10-07d13fc91966' and name 'vitis_hls'
Fri Apr 10 11:06:13 2026: GUIDANCE_SMGR: creating guidance session with uuid: '18d3eaf7-e342-49bc-bc10-07d13fc91966' and name 'vitis_hls'
Fri Apr 10 11:06:13 2026: STOP_SERVER received, server token: 404a6097-98e9-4c40-a876-ef1f1817b5ca, passed token: 404a6097-98e9-4c40-a876-ef1f1817b5ca
Fri Apr 10 11:06:13 2026: Socket received request to stop server.
Fri Apr 10 11:06:13 2026: Dispatch Server: do_await_stop
Fri Apr 10 11:06:13 2026: Dispatch Server: stopping mainFifo_
Fri Apr 10 11:06:13 2026: XCD main fifo: Stopping
Fri Apr 10 11:06:13 2026: XCD main fifo: do_read error code: Operation canceled
Fri Apr 10 11:06:13 2026: XCD main fifo: bytes_transferred: 0
Fri Apr 10 11:06:13 2026: SERVER: destructor for server bound to port 46535
Fri Apr 10 11:06:13 2026: XCD main fifo: Good unlink of /tmp/xcdmain404a6097-98e9-4c40-a876-ef1f1817b5ca
Fri Apr 10 11:06:13 2026: Server exiting with status 0.
Fri Apr 10 11:06:13 2026: Closing log file.
Fri Apr 10 11:07:39 2026: Dispatch Server: Accepted socket connection from client
Fri Apr 10 11:07:39 2026: Starting Socket connection
Fri Apr 10 11:27:36 2026: Dispatch Server: Accepted socket connection from client
Fri Apr 10 11:27:36 2026: Starting Socket connection
Fri Apr 10 11:32:54 2026: Dispatch Server: Accepted socket connection from client
Fri Apr 10 11:32:54 2026: Starting Socket connection
Fri Apr 10 12:20:31 2026: STOP_SERVER received, server token: 13ee45f2-492c-4926-9904-7c3aa24d338e, passed token: 13ee45f2-492c-4926-9904-7c3aa24d338e
Fri Apr 10 12:20:31 2026: Socket received request to stop server.
Fri Apr 10 12:20:31 2026: Dispatch Server: do_await_stop
Fri Apr 10 12:20:31 2026: Dispatch Server: stopping mainFifo_
Fri Apr 10 12:20:31 2026: XCD main fifo: Stopping
Fri Apr 10 12:20:31 2026: XCD main fifo: do_read error code: Operation canceled
Fri Apr 10 12:20:31 2026: XCD main fifo: bytes_transferred: 0
Fri Apr 10 12:20:31 2026: SERVER: destructor for server bound to port 43161
Fri Apr 10 12:20:31 2026: XCD main fifo: Good unlink of /tmp/xcdmain13ee45f2-492c-4926-9904-7c3aa24d338e
Fri Apr 10 12:20:31 2026: Server exiting with status 0.
Fri Apr 10 12:20:31 2026: Closing log file.
