

================================================================
== Vitis HLS Report for 'k5_threshold'
================================================================
* Date:           Sat Mar 28 22:53:02 2026

* Version:        2025.1.1 (Build 6214317 on Sep 11 2025)
* Project:        project_1
* Solution:       hls (Vivado IP Flow Target)
* Product family: zynquplus
* Target device:  xczu3eg-sbva484-1-e


================================================================
== Performance Estimates
================================================================
+ Timing: 
    * Summary: 
    +--------+----------+----------+------------+
    |  Clock |  Target  | Estimated| Uncertainty|
    +--------+----------+----------+------------+
    |ap_clk  |  10.00 ns|  7.300 ns|     2.70 ns|
    +--------+----------+----------+------------+

+ Latency: 
    * Summary: 
    +---------+---------+----------+----------+-------+-------+---------+
    |  Latency (cycles) |  Latency (absolute) |    Interval   | Pipeline|
    |   min   |   max   |    min   |    max   |  min  |  max  |   Type  |
    +---------+---------+----------+----------+-------+-------+---------+
    |    32782|    32782|  0.328 ms|  0.328 ms|  32782|  32782|       no|
    +---------+---------+----------+----------+-------+-------+---------+

    + Detail: 
        * Instance: 
        +---------------------------------------------------+----------------------------------------+---------+---------+----------+----------+-------+-------+------------------------------------------------+
        |                                                   |                                        |  Latency (cycles) |  Latency (absolute) |    Interval   |                    Pipeline                    |
        |                      Instance                     |                 Module                 |   min   |   max   |    min   |    max   |  min  |  max  |                      Type                      |
        +---------------------------------------------------+----------------------------------------+---------+---------+----------+----------+-------+-------+------------------------------------------------+
        |grp_k5_threshold_Pipeline_VITIS_LOOP_116_1_fu_102  |k5_threshold_Pipeline_VITIS_LOOP_116_1  |    16386|    16386|  0.164 ms|  0.164 ms|  16385|  16385|  loop auto-rewind stp (delay=0 clock cycles(s))|
        |grp_k5_threshold_Pipeline_VITIS_LOOP_125_2_fu_111  |k5_threshold_Pipeline_VITIS_LOOP_125_2  |    16387|    16387|  0.164 ms|  0.164 ms|  16385|  16385|  loop auto-rewind stp (delay=0 clock cycles(s))|
        +---------------------------------------------------+----------------------------------------+---------+---------+----------+----------+-------+-------+------------------------------------------------+

        * Loop: 
        N/A



================================================================
== Utilization Estimates
================================================================
* Summary: 
+-----------------+---------+-----+--------+-------+-----+
|       Name      | BRAM_18K| DSP |   FF   |  LUT  | URAM|
+-----------------+---------+-----+--------+-------+-----+
|DSP              |        -|    -|       -|      -|    -|
|Expression       |        -|    -|       0|     94|    -|
|FIFO             |        -|    -|       -|      -|    -|
|Instance         |        -|    -|     102|    267|    -|
|Memory           |       16|    -|       0|      0|    0|
|Multiplexer      |        -|    -|       0|    278|    -|
|Register         |        -|    -|      91|      -|    -|
+-----------------+---------+-----+--------+-------+-----+
|Total            |       16|    0|     193|    639|    0|
+-----------------+---------+-----+--------+-------+-----+
|Available        |      432|  360|  141120|  70560|    0|
+-----------------+---------+-----+--------+-------+-----+
|Utilization (%)  |        3|    0|      ~0|     ~0|    0|
+-----------------+---------+-----+--------+-------+-----+

+ Detail: 
    * Instance: 
    +---------------------------------------------------+----------------------------------------+---------+----+----+-----+-----+
    |                      Instance                     |                 Module                 | BRAM_18K| DSP| FF | LUT | URAM|
    +---------------------------------------------------+----------------------------------------+---------+----+----+-----+-----+
    |grp_k5_threshold_Pipeline_VITIS_LOOP_116_1_fu_102  |k5_threshold_Pipeline_VITIS_LOOP_116_1  |        0|   0|  65|  142|    0|
    |grp_k5_threshold_Pipeline_VITIS_LOOP_125_2_fu_111  |k5_threshold_Pipeline_VITIS_LOOP_125_2  |        0|   0|  37|  125|    0|
    +---------------------------------------------------+----------------------------------------+---------+----+----+-----+-----+
    |Total                                              |                                        |        0|   0| 102|  267|    0|
    +---------------------------------------------------+----------------------------------------+---------+----+----+-----+-----+

    * DSP: 
    N/A

    * Memory: 
    +-----------------+------------------------------------------+---------+---+----+-----+-------+-----+------+-------------+
    |      Memory     |                  Module                  | BRAM_18K| FF| LUT| URAM| Words | Bits| Banks| W*Bits*Banks|
    +-----------------+------------------------------------------+---------+---+----+-----+-------+-----+------+-------------+
    |local_storage_U  |k5_threshold_local_storage_RAM_AUTO_1R1W  |       16|  0|   0|    0|  16384|   16|     1|       262144|
    +-----------------+------------------------------------------+---------+---+----+-----+-------+-----+------+-------------+
    |Total            |                                          |       16|  0|   0|    0|  16384|   16|     1|       262144|
    +-----------------+------------------------------------------+---------+---+----+-----+-------+-----+------+-------------+

    * FIFO: 
    N/A

    * Expression: 
    +-----------------------+----------+----+---+----+------------+------------+
    |     Variable Name     | Operation| DSP| FF| LUT| Bitwidth P0| Bitwidth P1|
    +-----------------------+----------+----+---+----+------------+------------+
    |sub_ln123_1_fu_180_p2  |         -|   0|  0|  26|           1|          19|
    |sub_ln123_fu_160_p2    |         -|   0|  0|  51|           1|          44|
    |ap_block_state1        |        or|   0|  0|   2|           1|           1|
    |global_avg_fu_210_p3   |    select|   0|  0|  15|           1|          15|
    +-----------------------+----------+----+---+----+------------+------------+
    |Total                  |          |   0|  0|  94|           4|          79|
    +-----------------------+----------+----+---+----+------------+------------+

    * Multiplexer: 
    +------------------------+----+-----------+-----+-----------+
    |          Name          | LUT| Input Size| Bits| Total Bits|
    +------------------------+----+-----------+-----+-----------+
    |ap_NS_fsm               |  59|         11|    1|         11|
    |ap_done                 |   9|          2|    1|          2|
    |gmem1_blk_n_AW          |   9|          2|    1|          2|
    |gmem1_blk_n_B           |   9|          2|    1|          2|
    |local_storage_address0  |  14|          3|   14|         42|
    |local_storage_ce0       |  14|          3|    1|          3|
    |local_storage_we0       |   9|          2|    1|          2|
    |m_axi_gmem1_0_AWADDR    |  14|          3|   64|        192|
    |m_axi_gmem1_0_AWBURST   |   9|          2|    2|          4|
    |m_axi_gmem1_0_AWCACHE   |   9|          2|    4|          8|
    |m_axi_gmem1_0_AWID      |   9|          2|    1|          2|
    |m_axi_gmem1_0_AWLEN     |  14|          3|   32|         96|
    |m_axi_gmem1_0_AWLOCK    |   9|          2|    2|          4|
    |m_axi_gmem1_0_AWPROT    |   9|          2|    3|          6|
    |m_axi_gmem1_0_AWQOS     |   9|          2|    4|          8|
    |m_axi_gmem1_0_AWREGION  |   9|          2|    4|          8|
    |m_axi_gmem1_0_AWSIZE    |   9|          2|    3|          6|
    |m_axi_gmem1_0_AWUSER    |   9|          2|    1|          2|
    |m_axi_gmem1_0_AWVALID   |  14|          3|    1|          3|
    |m_axi_gmem1_0_BREADY    |  14|          3|    1|          3|
    |m_axi_gmem1_0_WVALID    |   9|          2|    1|          2|
    |out_r_blk_n             |   9|          2|    1|          2|
    +------------------------+----+-----------+-----+-----------+
    |Total                   | 278|         59|  144|        410|
    +------------------------+----+-----------+-----+-----------+

    * Register: 
    +----------------------------------------------------------------+----+----+-----+-----------+
    |                              Name                              | FF | LUT| Bits| Const Bits|
    +----------------------------------------------------------------+----+----+-----+-----------+
    |ap_CS_fsm                                                       |  10|   0|   10|          0|
    |ap_done_reg                                                     |   1|   0|    1|          0|
    |global_avg_reg_236                                              |  15|   0|   15|          0|
    |grp_k5_threshold_Pipeline_VITIS_LOOP_116_1_fu_102_ap_start_reg  |   1|   0|    1|          0|
    |grp_k5_threshold_Pipeline_VITIS_LOOP_125_2_fu_111_ap_start_reg  |   1|   0|    1|          0|
    |trunc_ln1_reg_225                                               |  63|   0|   63|          0|
    +----------------------------------------------------------------+----+----+-----+-----------+
    |Total                                                           |  91|   0|   91|          0|
    +----------------------------------------------------------------+----+----+-----+-----------+



================================================================
== Interface
================================================================
* Summary: 
+------------------------+-----+-----+------------+--------------+--------------+
|        RTL Ports       | Dir | Bits|  Protocol  | Source Object|    C Type    |
+------------------------+-----+-----+------------+--------------+--------------+
|ap_clk                  |   in|    1|  ap_ctrl_hs|  k5_threshold|  return value|
|ap_rst                  |   in|    1|  ap_ctrl_hs|  k5_threshold|  return value|
|ap_start                |   in|    1|  ap_ctrl_hs|  k5_threshold|  return value|
|ap_done                 |  out|    1|  ap_ctrl_hs|  k5_threshold|  return value|
|ap_continue             |   in|    1|  ap_ctrl_hs|  k5_threshold|  return value|
|ap_idle                 |  out|    1|  ap_ctrl_hs|  k5_threshold|  return value|
|ap_ready                |  out|    1|  ap_ctrl_hs|  k5_threshold|  return value|
|m_axi_gmem1_0_AWVALID   |  out|    1|       m_axi|         gmem1|       pointer|
|m_axi_gmem1_0_AWREADY   |   in|    1|       m_axi|         gmem1|       pointer|
|m_axi_gmem1_0_AWADDR    |  out|   64|       m_axi|         gmem1|       pointer|
|m_axi_gmem1_0_AWID      |  out|    1|       m_axi|         gmem1|       pointer|
|m_axi_gmem1_0_AWLEN     |  out|   32|       m_axi|         gmem1|       pointer|
|m_axi_gmem1_0_AWSIZE    |  out|    3|       m_axi|         gmem1|       pointer|
|m_axi_gmem1_0_AWBURST   |  out|    2|       m_axi|         gmem1|       pointer|
|m_axi_gmem1_0_AWLOCK    |  out|    2|       m_axi|         gmem1|       pointer|
|m_axi_gmem1_0_AWCACHE   |  out|    4|       m_axi|         gmem1|       pointer|
|m_axi_gmem1_0_AWPROT    |  out|    3|       m_axi|         gmem1|       pointer|
|m_axi_gmem1_0_AWQOS     |  out|    4|       m_axi|         gmem1|       pointer|
|m_axi_gmem1_0_AWREGION  |  out|    4|       m_axi|         gmem1|       pointer|
|m_axi_gmem1_0_AWUSER    |  out|    1|       m_axi|         gmem1|       pointer|
|m_axi_gmem1_0_WVALID    |  out|    1|       m_axi|         gmem1|       pointer|
|m_axi_gmem1_0_WREADY    |   in|    1|       m_axi|         gmem1|       pointer|
|m_axi_gmem1_0_WDATA     |  out|   16|       m_axi|         gmem1|       pointer|
|m_axi_gmem1_0_WSTRB     |  out|    2|       m_axi|         gmem1|       pointer|
|m_axi_gmem1_0_WLAST     |  out|    1|       m_axi|         gmem1|       pointer|
|m_axi_gmem1_0_WID       |  out|    1|       m_axi|         gmem1|       pointer|
|m_axi_gmem1_0_WUSER     |  out|    1|       m_axi|         gmem1|       pointer|
|m_axi_gmem1_0_ARVALID   |  out|    1|       m_axi|         gmem1|       pointer|
|m_axi_gmem1_0_ARREADY   |   in|    1|       m_axi|         gmem1|       pointer|
|m_axi_gmem1_0_ARADDR    |  out|   64|       m_axi|         gmem1|       pointer|
|m_axi_gmem1_0_ARID      |  out|    1|       m_axi|         gmem1|       pointer|
|m_axi_gmem1_0_ARLEN     |  out|   32|       m_axi|         gmem1|       pointer|
|m_axi_gmem1_0_ARSIZE    |  out|    3|       m_axi|         gmem1|       pointer|
|m_axi_gmem1_0_ARBURST   |  out|    2|       m_axi|         gmem1|       pointer|
|m_axi_gmem1_0_ARLOCK    |  out|    2|       m_axi|         gmem1|       pointer|
|m_axi_gmem1_0_ARCACHE   |  out|    4|       m_axi|         gmem1|       pointer|
|m_axi_gmem1_0_ARPROT    |  out|    3|       m_axi|         gmem1|       pointer|
|m_axi_gmem1_0_ARQOS     |  out|    4|       m_axi|         gmem1|       pointer|
|m_axi_gmem1_0_ARREGION  |  out|    4|       m_axi|         gmem1|       pointer|
|m_axi_gmem1_0_ARUSER    |  out|    1|       m_axi|         gmem1|       pointer|
|m_axi_gmem1_0_RVALID    |   in|    1|       m_axi|         gmem1|       pointer|
|m_axi_gmem1_0_RREADY    |  out|    1|       m_axi|         gmem1|       pointer|
|m_axi_gmem1_0_RDATA     |   in|   16|       m_axi|         gmem1|       pointer|
|m_axi_gmem1_0_RLAST     |   in|    1|       m_axi|         gmem1|       pointer|
|m_axi_gmem1_0_RID       |   in|    1|       m_axi|         gmem1|       pointer|
|m_axi_gmem1_0_RFIFONUM  |   in|   10|       m_axi|         gmem1|       pointer|
|m_axi_gmem1_0_RUSER     |   in|    1|       m_axi|         gmem1|       pointer|
|m_axi_gmem1_0_RRESP     |   in|    2|       m_axi|         gmem1|       pointer|
|m_axi_gmem1_0_BVALID    |   in|    1|       m_axi|         gmem1|       pointer|
|m_axi_gmem1_0_BREADY    |  out|    1|       m_axi|         gmem1|       pointer|
|m_axi_gmem1_0_BRESP     |   in|    2|       m_axi|         gmem1|       pointer|
|m_axi_gmem1_0_BID       |   in|    1|       m_axi|         gmem1|       pointer|
|m_axi_gmem1_0_BUSER     |   in|    1|       m_axi|         gmem1|       pointer|
|out_r_dout              |   in|   64|     ap_fifo|         out_r|       pointer|
|out_r_empty_n           |   in|    1|     ap_fifo|         out_r|       pointer|
|out_r_read              |  out|    1|     ap_fifo|         out_r|       pointer|
|out_r_num_data_valid    |   in|    4|     ap_fifo|         out_r|       pointer|
|out_r_fifo_cap          |   in|    4|     ap_fifo|         out_r|       pointer|
|s4_dout                 |   in|   16|     ap_fifo|            s4|       pointer|
|s4_empty_n              |   in|    1|     ap_fifo|            s4|       pointer|
|s4_read                 |  out|    1|     ap_fifo|            s4|       pointer|
|s4_num_data_valid       |   in|    9|     ap_fifo|            s4|       pointer|
|s4_fifo_cap             |   in|    9|     ap_fifo|            s4|       pointer|
+------------------------+-----+-----+------------+--------------+--------------+

