

================================================================
== Vitis HLS Report for 'Loop_VITIS_LOOP_145_1_proc'
================================================================
* Date:           Sat Mar 28 22:53:01 2026

* Version:        2025.1.1 (Build 6214317 on Sep 11 2025)
* Project:        project_1
* Solution:       hls (Vivado IP Flow Target)
* Product family: zynquplus
* Target device:  xczu3eg-sbva484-1-e


================================================================
== Performance Estimates
================================================================
+ Timing: 
    * Summary: 
    +--------+----------+----------+------------+
    |  Clock |  Target  | Estimated| Uncertainty|
    +--------+----------+----------+------------+
    |ap_clk  |  10.00 ns|  7.300 ns|     2.70 ns|
    +--------+----------+----------+------------+

+ Latency: 
    * Summary: 
    +---------+---------+----------+----------+-------+-------+---------+
    |  Latency (cycles) |  Latency (absolute) |    Interval   | Pipeline|
    |   min   |   max   |    min   |    max   |  min  |  max  |   Type  |
    +---------+---------+----------+----------+-------+-------+---------+
    |    49160|    49160|  0.492 ms|  0.492 ms|  49160|  49160|       no|
    +---------+---------+----------+----------+-------+-------+---------+

    + Detail: 
        * Instance: 
        N/A

        * Loop: 
        +--------------------+---------+---------+----------+-----------+-----------+-------+----------+
        |                    |  Latency (cycles) | Iteration|  Initiation Interval  |  Trip |          |
        |      Loop Name     |   min   |   max   |  Latency |  achieved |   target  | Count | Pipelined|
        +--------------------+---------+---------+----------+-----------+-----------+-------+----------+
        |- VITIS_LOOP_145_1  |    49152|    49152|         3|          -|          -|  16384|        no|
        +--------------------+---------+---------+----------+-----------+-----------+-------+----------+



================================================================
== Utilization Estimates
================================================================
* Summary: 
+-----------------+---------+-----+--------+-------+-----+
|       Name      | BRAM_18K| DSP |   FF   |  LUT  | URAM|
+-----------------+---------+-----+--------+-------+-----+
|DSP              |        -|    -|       -|      -|    -|
|Expression       |        -|    -|       0|     47|    -|
|FIFO             |        -|    -|       -|      -|    -|
|Instance         |        -|    -|       -|      -|    -|
|Memory           |        -|    -|       -|      -|    -|
|Multiplexer      |        -|    -|       0|    119|    -|
|Register         |        -|    -|      44|      -|    -|
+-----------------+---------+-----+--------+-------+-----+
|Total            |        0|    0|      44|    166|    0|
+-----------------+---------+-----+--------+-------+-----+
|Available        |      432|  360|  141120|  70560|    0|
+-----------------+---------+-----+--------+-------+-----+
|Utilization (%)  |        0|    0|      ~0|     ~0|    0|
+-----------------+---------+-----+--------+-------+-----+

+ Detail: 
    * Instance: 
    N/A

    * DSP: 
    N/A

    * Memory: 
    N/A

    * FIFO: 
    N/A

    * Expression: 
    +----------------------+----------+----+---+----+------------+------------+
    |     Variable Name    | Operation| DSP| FF| LUT| Bitwidth P0| Bitwidth P1|
    +----------------------+----------+----+---+----+------------+------------+
    |add_ln145_fu_116_p2   |         +|   0|  0|  22|          15|           1|
    |icmp_ln145_fu_110_p2  |      icmp|   0|  0|  23|          15|          16|
    |ap_block_state1       |        or|   0|  0|   2|           1|           1|
    +----------------------+----------+----+---+----+------------+------------+
    |Total                 |          |   0|  0|  47|          31|          18|
    +----------------------+----------+----+---+----+------------+------------+

    * Multiplexer: 
    +-----------------+----+-----------+-----+-----------+
    |       Name      | LUT| Input Size| Bits| Total Bits|
    +-----------------+----+-----------+-----+-----------+
    |ap_NS_fsm        |  65|         12|    1|         12|
    |ap_done          |   9|          2|    1|          2|
    |gmem0_blk_n_AR   |   9|          2|    1|          2|
    |gmem0_blk_n_R    |   9|          2|    1|          2|
    |i_fu_52          |   9|          2|   15|         30|
    |in_stream_blk_n  |   9|          2|    1|          2|
    |real_start       |   9|          2|    1|          2|
    +-----------------+----+-----------+-----+-----------+
    |Total            | 119|         24|   21|         52|
    +-----------------+----+-----------+-----+-----------+

    * Register: 
    +-------------------------+----+----+-----+-----------+
    |           Name          | FF | LUT| Bits| Const Bits|
    +-------------------------+----+----+-----+-----------+
    |ap_CS_fsm                |  11|   0|   11|          0|
    |ap_done_reg              |   1|   0|    1|          0|
    |gmem0_addr_read_reg_143  |  16|   0|   16|          0|
    |i_fu_52                  |  15|   0|   15|          0|
    |start_once_reg           |   1|   0|    1|          0|
    +-------------------------+----+----+-----+-----------+
    |Total                    |  44|   0|   44|          0|
    +-------------------------+----+----+-----+-----------+



================================================================
== Interface
================================================================
* Summary: 
+--------------------------+-----+-----+------------+----------------------------+--------------+
|         RTL Ports        | Dir | Bits|  Protocol  |        Source Object       |    C Type    |
+--------------------------+-----+-----+------------+----------------------------+--------------+
|ap_clk                    |   in|    1|  ap_ctrl_hs|  Loop_VITIS_LOOP_145_1_proc|  return value|
|ap_rst                    |   in|    1|  ap_ctrl_hs|  Loop_VITIS_LOOP_145_1_proc|  return value|
|ap_start                  |   in|    1|  ap_ctrl_hs|  Loop_VITIS_LOOP_145_1_proc|  return value|
|start_full_n              |   in|    1|  ap_ctrl_hs|  Loop_VITIS_LOOP_145_1_proc|  return value|
|ap_done                   |  out|    1|  ap_ctrl_hs|  Loop_VITIS_LOOP_145_1_proc|  return value|
|ap_continue               |   in|    1|  ap_ctrl_hs|  Loop_VITIS_LOOP_145_1_proc|  return value|
|ap_idle                   |  out|    1|  ap_ctrl_hs|  Loop_VITIS_LOOP_145_1_proc|  return value|
|ap_ready                  |  out|    1|  ap_ctrl_hs|  Loop_VITIS_LOOP_145_1_proc|  return value|
|start_out                 |  out|    1|  ap_ctrl_hs|  Loop_VITIS_LOOP_145_1_proc|  return value|
|start_write               |  out|    1|  ap_ctrl_hs|  Loop_VITIS_LOOP_145_1_proc|  return value|
|in_r                      |   in|   64|     ap_none|                        in_r|        scalar|
|m_axi_gmem0_0_AWVALID     |  out|    1|       m_axi|                       gmem0|       pointer|
|m_axi_gmem0_0_AWREADY     |   in|    1|       m_axi|                       gmem0|       pointer|
|m_axi_gmem0_0_AWADDR      |  out|   64|       m_axi|                       gmem0|       pointer|
|m_axi_gmem0_0_AWID        |  out|    1|       m_axi|                       gmem0|       pointer|
|m_axi_gmem0_0_AWLEN       |  out|   32|       m_axi|                       gmem0|       pointer|
|m_axi_gmem0_0_AWSIZE      |  out|    3|       m_axi|                       gmem0|       pointer|
|m_axi_gmem0_0_AWBURST     |  out|    2|       m_axi|                       gmem0|       pointer|
|m_axi_gmem0_0_AWLOCK      |  out|    2|       m_axi|                       gmem0|       pointer|
|m_axi_gmem0_0_AWCACHE     |  out|    4|       m_axi|                       gmem0|       pointer|
|m_axi_gmem0_0_AWPROT      |  out|    3|       m_axi|                       gmem0|       pointer|
|m_axi_gmem0_0_AWQOS       |  out|    4|       m_axi|                       gmem0|       pointer|
|m_axi_gmem0_0_AWREGION    |  out|    4|       m_axi|                       gmem0|       pointer|
|m_axi_gmem0_0_AWUSER      |  out|    1|       m_axi|                       gmem0|       pointer|
|m_axi_gmem0_0_WVALID      |  out|    1|       m_axi|                       gmem0|       pointer|
|m_axi_gmem0_0_WREADY      |   in|    1|       m_axi|                       gmem0|       pointer|
|m_axi_gmem0_0_WDATA       |  out|   16|       m_axi|                       gmem0|       pointer|
|m_axi_gmem0_0_WSTRB       |  out|    2|       m_axi|                       gmem0|       pointer|
|m_axi_gmem0_0_WLAST       |  out|    1|       m_axi|                       gmem0|       pointer|
|m_axi_gmem0_0_WID         |  out|    1|       m_axi|                       gmem0|       pointer|
|m_axi_gmem0_0_WUSER       |  out|    1|       m_axi|                       gmem0|       pointer|
|m_axi_gmem0_0_ARVALID     |  out|    1|       m_axi|                       gmem0|       pointer|
|m_axi_gmem0_0_ARREADY     |   in|    1|       m_axi|                       gmem0|       pointer|
|m_axi_gmem0_0_ARADDR      |  out|   64|       m_axi|                       gmem0|       pointer|
|m_axi_gmem0_0_ARID        |  out|    1|       m_axi|                       gmem0|       pointer|
|m_axi_gmem0_0_ARLEN       |  out|   32|       m_axi|                       gmem0|       pointer|
|m_axi_gmem0_0_ARSIZE      |  out|    3|       m_axi|                       gmem0|       pointer|
|m_axi_gmem0_0_ARBURST     |  out|    2|       m_axi|                       gmem0|       pointer|
|m_axi_gmem0_0_ARLOCK      |  out|    2|       m_axi|                       gmem0|       pointer|
|m_axi_gmem0_0_ARCACHE     |  out|    4|       m_axi|                       gmem0|       pointer|
|m_axi_gmem0_0_ARPROT      |  out|    3|       m_axi|                       gmem0|       pointer|
|m_axi_gmem0_0_ARQOS       |  out|    4|       m_axi|                       gmem0|       pointer|
|m_axi_gmem0_0_ARREGION    |  out|    4|       m_axi|                       gmem0|       pointer|
|m_axi_gmem0_0_ARUSER      |  out|    1|       m_axi|                       gmem0|       pointer|
|m_axi_gmem0_0_RVALID      |   in|    1|       m_axi|                       gmem0|       pointer|
|m_axi_gmem0_0_RREADY      |  out|    1|       m_axi|                       gmem0|       pointer|
|m_axi_gmem0_0_RDATA       |   in|   16|       m_axi|                       gmem0|       pointer|
|m_axi_gmem0_0_RLAST       |   in|    1|       m_axi|                       gmem0|       pointer|
|m_axi_gmem0_0_RID         |   in|    1|       m_axi|                       gmem0|       pointer|
|m_axi_gmem0_0_RFIFONUM    |   in|   10|       m_axi|                       gmem0|       pointer|
|m_axi_gmem0_0_RUSER       |   in|    1|       m_axi|                       gmem0|       pointer|
|m_axi_gmem0_0_RRESP       |   in|    2|       m_axi|                       gmem0|       pointer|
|m_axi_gmem0_0_BVALID      |   in|    1|       m_axi|                       gmem0|       pointer|
|m_axi_gmem0_0_BREADY      |  out|    1|       m_axi|                       gmem0|       pointer|
|m_axi_gmem0_0_BRESP       |   in|    2|       m_axi|                       gmem0|       pointer|
|m_axi_gmem0_0_BID         |   in|    1|       m_axi|                       gmem0|       pointer|
|m_axi_gmem0_0_BUSER       |   in|    1|       m_axi|                       gmem0|       pointer|
|in_stream_din             |  out|   16|     ap_fifo|                   in_stream|       pointer|
|in_stream_full_n          |   in|    1|     ap_fifo|                   in_stream|       pointer|
|in_stream_write           |  out|    1|     ap_fifo|                   in_stream|       pointer|
|in_stream_num_data_valid  |   in|    3|     ap_fifo|                   in_stream|       pointer|
|in_stream_fifo_cap        |   in|    3|     ap_fifo|                   in_stream|       pointer|
+--------------------------+-----+-----+------------+----------------------------+--------------+

