

================================================================
== Vitis HLS Report for 'stage_morphology_Pipeline_DILATION_LOOP_VITIS_LOOP_332_4'
================================================================
* Date:           Fri Apr 10 20:50:55 2026

* Version:        2025.1.1 (Build 6214317 on Sep 11 2025)
* Project:        project_1
* Solution:       hls (Vivado IP Flow Target)
* Product family: zynquplus
* Target device:  xczu3eg-sbva484-1-e


================================================================
== Performance Estimates
================================================================
+ Timing: 
    * Summary: 
    +--------+---------+----------+------------+
    |  Clock |  Target | Estimated| Uncertainty|
    +--------+---------+----------+------------+
    |ap_clk  |  4.00 ns|  3.018 ns|     1.08 ns|
    +--------+---------+----------+------------+

+ Latency: 
    * Summary: 
    +---------+---------+-----------+-----------+------+------+------------------------------------------------+
    |  Latency (cycles) |   Latency (absolute)  |   Interval  |                    Pipeline                    |
    |   min   |   max   |    min    |    max    |  min |  max |                      Type                      |
    +---------+---------+-----------+-----------+------+------+------------------------------------------------+
    |     4118|     4118|  16.472 us|  16.472 us|  4097|  4097|  loop auto-rewind stp (delay=0 clock cycles(s))|
    +---------+---------+-----------+-----------+------+------+------------------------------------------------+

    + Detail: 
        * Instance: 
        N/A

        * Loop: 
        +----------------------------------+---------+---------+----------+-----------+-----------+------+----------+
        |                                  |  Latency (cycles) | Iteration|  Initiation Interval  | Trip |          |
        |             Loop Name            |   min   |   max   |  Latency |  achieved |   target  | Count| Pipelined|
        +----------------------------------+---------+---------+----------+-----------+-----------+------+----------+
        |- DILATION_LOOP_VITIS_LOOP_332_4  |     4116|     4116|        22|          1|          1|  4096|       yes|
        +----------------------------------+---------+---------+----------+-----------+-----------+------+----------+



================================================================
== Utilization Estimates
================================================================
* Summary: 
+-----------------+---------+-----+--------+-------+-----+
|       Name      | BRAM_18K| DSP |   FF   |  LUT  | URAM|
+-----------------+---------+-----+--------+-------+-----+
|DSP              |        -|    -|       -|      -|    -|
|Expression       |        -|    -|       0|    716|    -|
|FIFO             |        -|    -|       -|      -|    -|
|Instance         |        -|    0|     316|    662|    -|
|Memory           |        -|    -|       -|      -|    -|
|Multiplexer      |        -|    -|       0|    549|    -|
|Register         |        -|    -|    1458|    512|    -|
+-----------------+---------+-----+--------+-------+-----+
|Total            |        0|    0|    1774|   2439|    0|
+-----------------+---------+-----+--------+-------+-----+
|Available        |      432|  360|  141120|  70560|    0|
+-----------------+---------+-----+--------+-------+-----+
|Utilization (%)  |        0|    0|       1|      3|    0|
+-----------------+---------+-----+--------+-------+-----+

+ Detail: 
    * Instance: 
    +------------------------------+------------------------+---------+----+-----+----+-----+
    |           Instance           |         Module         | BRAM_18K| DSP|  FF | LUT| URAM|
    +------------------------------+------------------------+---------+----+-----+----+-----+
    |mul_6ns_6ns_9_1_1_U1596       |mul_6ns_6ns_9_1_1       |        0|   0|    0|  23|    0|
    |mul_6ns_6ns_9_1_1_U1598       |mul_6ns_6ns_9_1_1       |        0|   0|    0|  23|    0|
    |mul_6ns_8ns_13_1_1_U1599      |mul_6ns_8ns_13_1_1      |        0|   0|    0|  40|    0|
    |mul_6ns_8ns_13_1_1_U1600      |mul_6ns_8ns_13_1_1      |        0|   0|    0|  40|    0|
    |mul_7ns_9ns_15_1_1_U1592      |mul_7ns_9ns_15_1_1      |        0|   0|    0|  50|    0|
    |mul_7ns_9ns_15_1_1_U1593      |mul_7ns_9ns_15_1_1      |        0|   0|    0|  50|    0|
    |mul_7ns_9ns_15_1_1_U1595      |mul_7ns_9ns_15_1_1      |        0|   0|    0|  50|    0|
    |mul_9s_6ns_9_1_1_U1597        |mul_9s_6ns_9_1_1        |        0|   0|    0|  50|    0|
    |sparsemux_7_2_14_1_1_U1588    |sparsemux_7_2_14_1_1    |        0|   0|    0|   9|    0|
    |sparsemux_7_2_14_1_1_U1589    |sparsemux_7_2_14_1_1    |        0|   0|    0|   9|    0|
    |sparsemux_7_2_14_1_1_U1590    |sparsemux_7_2_14_1_1    |        0|   0|    0|   9|    0|
    |sparsemux_7_2_14_1_1_U1607    |sparsemux_7_2_14_1_1    |        0|   0|    0|   9|    0|
    |sparsemux_7_2_14_1_1_U1608    |sparsemux_7_2_14_1_1    |        0|   0|    0|   9|    0|
    |sparsemux_7_2_14_1_1_U1609    |sparsemux_7_2_14_1_1    |        0|   0|    0|   9|    0|
    |sparsemux_7_2_14_1_1_x_U1582  |sparsemux_7_2_14_1_1_x  |        0|   0|    0|   9|    0|
    |sparsemux_7_2_14_1_1_x_U1583  |sparsemux_7_2_14_1_1_x  |        0|   0|    0|   9|    0|
    |sparsemux_7_2_14_1_1_x_U1584  |sparsemux_7_2_14_1_1_x  |        0|   0|    0|   9|    0|
    |sparsemux_7_2_14_1_1_x_U1585  |sparsemux_7_2_14_1_1_x  |        0|   0|    0|   9|    0|
    |sparsemux_7_2_14_1_1_x_U1586  |sparsemux_7_2_14_1_1_x  |        0|   0|    0|   9|    0|
    |sparsemux_7_2_14_1_1_x_U1587  |sparsemux_7_2_14_1_1_x  |        0|   0|    0|   9|    0|
    |sparsemux_7_2_14_1_1_x_U1601  |sparsemux_7_2_14_1_1_x  |        0|   0|    0|   9|    0|
    |sparsemux_7_2_14_1_1_x_U1602  |sparsemux_7_2_14_1_1_x  |        0|   0|    0|   9|    0|
    |sparsemux_7_2_14_1_1_x_U1603  |sparsemux_7_2_14_1_1_x  |        0|   0|    0|   9|    0|
    |sparsemux_7_2_14_1_1_x_U1604  |sparsemux_7_2_14_1_1_x  |        0|   0|    0|   9|    0|
    |sparsemux_7_2_14_1_1_x_U1605  |sparsemux_7_2_14_1_1_x  |        0|   0|    0|   9|    0|
    |sparsemux_7_2_14_1_1_x_U1606  |sparsemux_7_2_14_1_1_x  |        0|   0|    0|   9|    0|
    |urem_7ns_3ns_2_11_1_U1591     |urem_7ns_3ns_2_11_1     |        0|   0|  158|  87|    0|
    |urem_7ns_3ns_2_11_1_U1594     |urem_7ns_3ns_2_11_1     |        0|   0|  158|  87|    0|
    +------------------------------+------------------------+---------+----+-----+----+-----+
    |Total                         |                        |        0|   0|  316| 662|    0|
    +------------------------------+------------------------+---------+----+-----+----+-----+

    * DSP: 
    N/A

    * Memory: 
    N/A

    * FIFO: 
    N/A

    * Expression: 
    +--------------------------------+----------+----+---+----+------------+------------+
    |          Variable Name         | Operation| DSP| FF| LUT| Bitwidth P0| Bitwidth P1|
    +--------------------------------+----------+----+---+----+------------+------------+
    |add_ln331_1_fu_1057_p2          |         +|   0|  0|  14|           7|           2|
    |add_ln331_2_fu_1063_p2          |         +|   0|  0|  14|           7|           1|
    |add_ln331_fu_1026_p2            |         +|   0|  0|  20|          13|           1|
    |add_ln332_fu_1131_p2            |         +|   0|  0|  14|           7|           1|
    |add_ln344_1_fu_1242_p2          |         +|   0|  0|  13|           6|           1|
    |add_ln344_2_fu_1337_p2          |         +|   0|  0|  16|           9|           9|
    |add_ln344_3_fu_1355_p2          |         +|   0|  0|  16|           9|           9|
    |add_ln344_4_fu_1376_p2          |         +|   0|  0|  16|           9|           9|
    |add_ln344_5_fu_1394_p2          |         +|   0|  0|  16|           9|           9|
    |add_ln344_6_fu_1412_p2          |         +|   0|  0|  16|           9|           9|
    |add_ln344_7_fu_1433_p2          |         +|   0|  0|  16|           9|           9|
    |add_ln344_8_fu_1451_p2          |         +|   0|  0|  16|           9|           9|
    |add_ln344_9_fu_1469_p2          |         +|   0|  0|  16|           9|           9|
    |add_ln344_fu_1237_p2            |         +|   0|  0|  13|           6|           2|
    |add_ln350_fu_1319_p2            |         +|   0|  0|  16|           9|           9|
    |empty_fu_1214_p2                |         +|   0|  0|  14|           7|           2|
    |and_ln339_1_fu_1113_p2          |       and|   0|  0|   2|           1|           1|
    |and_ln339_2_fu_1119_p2          |       and|   0|  0|   2|           1|           1|
    |and_ln339_fu_1125_p2            |       and|   0|  0|   2|           1|           1|
    |ap_block_pp0_stage0_01001_grp1  |       and|   0|  0|   2|           1|           1|
    |ap_condition_744                |       and|   0|  0|   2|           1|           1|
    |ap_condition_749                |       and|   0|  0|   2|           1|           1|
    |ap_condition_754                |       and|   0|  0|   2|           1|           1|
    |ap_condition_759                |       and|   0|  0|   2|           1|           1|
    |ap_condition_763                |       and|   0|  0|   2|           1|           1|
    |ap_condition_767                |       and|   0|  0|   2|           1|           1|
    |ap_condition_771                |       and|   0|  0|   2|           1|           1|
    |ap_condition_775                |       and|   0|  0|   2|           1|           1|
    |ap_condition_790                |       and|   0|  0|   2|           1|           1|
    |cmp67_fu_1085_p2                |      icmp|   0|  0|  14|           7|           1|
    |cmp69_fu_1091_p2                |      icmp|   0|  0|  14|           7|           6|
    |icmp_ln331_fu_1020_p2           |      icmp|   0|  0|  21|          13|          14|
    |icmp_ln332_fu_1043_p2           |      icmp|   0|  0|  15|           7|           8|
    |icmp_ln336_1_fu_1107_p2         |      icmp|   0|  0|  14|           7|           6|
    |icmp_ln336_fu_1101_p2           |      icmp|   0|  0|  14|           7|           1|
    |icmp_ln345_1_fu_1668_p2         |      icmp|   0|  0|  21|          14|          14|
    |icmp_ln345_2_fu_1678_p2         |      icmp|   0|  0|  21|          14|          14|
    |icmp_ln345_3_fu_1690_p2         |      icmp|   0|  0|  21|          14|          14|
    |icmp_ln345_4_fu_1700_p2         |      icmp|   0|  0|  21|          14|          14|
    |icmp_ln345_5_fu_1710_p2         |      icmp|   0|  0|  21|          14|          14|
    |icmp_ln345_6_fu_1722_p2         |      icmp|   0|  0|  21|          14|          14|
    |icmp_ln345_7_fu_1732_p2         |      icmp|   0|  0|  21|          14|          14|
    |icmp_ln345_8_fu_1742_p2         |      icmp|   0|  0|  21|          14|          14|
    |icmp_ln345_fu_1658_p2           |      icmp|   0|  0|  21|          14|          14|
    |p_0_fu_1754_p3                  |    select|   0|  0|  14|           1|          14|
    |select_ln331_1_fu_1069_p3       |    select|   0|  0|   7|           1|           7|
    |select_ln331_2_fu_1077_p3       |    select|   0|  0|   7|           1|           7|
    |select_ln331_fu_1049_p3         |    select|   0|  0|   7|           1|           1|
    |select_ln345_1_fu_1673_p3       |    select|   0|  0|  14|           1|          14|
    |select_ln345_2_fu_1683_p3       |    select|   0|  0|  14|           1|          14|
    |select_ln345_3_fu_1694_p3       |    select|   0|  0|  14|           1|          14|
    |select_ln345_4_fu_1705_p3       |    select|   0|  0|  14|           1|          14|
    |select_ln345_5_fu_1715_p3       |    select|   0|  0|  14|           1|          14|
    |select_ln345_6_fu_1726_p3       |    select|   0|  0|  14|           1|          14|
    |select_ln345_7_fu_1737_p3       |    select|   0|  0|  14|           1|          14|
    |select_ln345_8_fu_1747_p3       |    select|   0|  0|  14|           1|          14|
    |select_ln345_fu_1662_p3         |    select|   0|  0|  14|           1|          14|
    |ap_enable_pp0                   |       xor|   0|  0|   2|           1|           2|
    +--------------------------------+----------+----+---+----+------------+------------+
    |Total                           |          |   0|  0| 716|         335|         423|
    +--------------------------------+----------+----+---+----+------------+------------+

    * Multiplexer: 
    +---------------------------------------+----+-----------+-----+-----------+
    |                  Name                 | LUT| Input Size| Bits| Total Bits|
    +---------------------------------------+----+-----------+-----+-----------+
    |ap_done_int                            |   9|          2|    1|          2|
    |ap_enable_reg_pp0_iter1                |   9|          2|    1|          2|
    |ap_sig_allocacmp_indvar_flatten6_load  |   9|          2|   13|         26|
    |c_fu_114                               |   9|          2|    7|         14|
    |eroded_buf_1_address0_local            |  54|         10|    9|         90|
    |eroded_buf_2_address0_local            |  54|         10|    9|         90|
    |eroded_buf_3_address0_local            |  54|         10|    9|         90|
    |eroded_buf_4_address0_local            |  54|         10|    9|         90|
    |eroded_buf_5_address0_local            |  54|         10|    9|         90|
    |eroded_buf_6_address0_local            |  54|         10|    9|         90|
    |eroded_buf_7_address0_local            |  54|         10|    9|         90|
    |eroded_buf_8_address0_local            |  54|         10|    9|         90|
    |eroded_buf_address0_local              |  54|         10|    9|         90|
    |indvar_flatten6_fu_122                 |   9|          2|   13|         26|
    |morphology_stream_blk_n                |   9|          2|    1|          2|
    |r_fu_118                               |   9|          2|    7|         14|
    +---------------------------------------+----+-----------+-----+-----------+
    |Total                                  | 549|        104|  124|        896|
    +---------------------------------------+----+-----------+-----+-----------+

    * Register: 
    +---------------------------------------+----+----+-----+-----------+
    |                  Name                 | FF | LUT| Bits| Const Bits|
    +---------------------------------------+----+----+-----+-----------+
    |add_ln344_1_reg_1865                   |   6|   0|    6|          0|
    |add_ln344_reg_1860                     |   6|   0|    6|          0|
    |and_ln339_reg_1825                     |   1|   0|    1|          0|
    |ap_CS_fsm                              |   1|   0|    1|          0|
    |ap_done_reg                            |   1|   0|    1|          0|
    |ap_enable_reg_pp0_iter1                |   1|   0|    1|          0|
    |ap_enable_reg_pp0_iter10               |   1|   0|    1|          0|
    |ap_enable_reg_pp0_iter11               |   1|   0|    1|          0|
    |ap_enable_reg_pp0_iter12               |   1|   0|    1|          0|
    |ap_enable_reg_pp0_iter13               |   1|   0|    1|          0|
    |ap_enable_reg_pp0_iter14               |   1|   0|    1|          0|
    |ap_enable_reg_pp0_iter15               |   1|   0|    1|          0|
    |ap_enable_reg_pp0_iter16               |   1|   0|    1|          0|
    |ap_enable_reg_pp0_iter17               |   1|   0|    1|          0|
    |ap_enable_reg_pp0_iter18               |   1|   0|    1|          0|
    |ap_enable_reg_pp0_iter19               |   1|   0|    1|          0|
    |ap_enable_reg_pp0_iter2                |   1|   0|    1|          0|
    |ap_enable_reg_pp0_iter20               |   1|   0|    1|          0|
    |ap_enable_reg_pp0_iter21               |   1|   0|    1|          0|
    |ap_enable_reg_pp0_iter3                |   1|   0|    1|          0|
    |ap_enable_reg_pp0_iter4                |   1|   0|    1|          0|
    |ap_enable_reg_pp0_iter5                |   1|   0|    1|          0|
    |ap_enable_reg_pp0_iter6                |   1|   0|    1|          0|
    |ap_enable_reg_pp0_iter7                |   1|   0|    1|          0|
    |ap_enable_reg_pp0_iter8                |   1|   0|    1|          0|
    |ap_enable_reg_pp0_iter9                |   1|   0|    1|          0|
    |ap_loop_exit_ready_pp0_iter10_reg      |   1|   0|    1|          0|
    |ap_loop_exit_ready_pp0_iter11_reg      |   1|   0|    1|          0|
    |ap_loop_exit_ready_pp0_iter12_reg      |   1|   0|    1|          0|
    |ap_loop_exit_ready_pp0_iter13_reg      |   1|   0|    1|          0|
    |ap_loop_exit_ready_pp0_iter14_reg      |   1|   0|    1|          0|
    |ap_loop_exit_ready_pp0_iter15_reg      |   1|   0|    1|          0|
    |ap_loop_exit_ready_pp0_iter16_reg      |   1|   0|    1|          0|
    |ap_loop_exit_ready_pp0_iter17_reg      |   1|   0|    1|          0|
    |ap_loop_exit_ready_pp0_iter18_reg      |   1|   0|    1|          0|
    |ap_loop_exit_ready_pp0_iter19_reg      |   1|   0|    1|          0|
    |ap_loop_exit_ready_pp0_iter1_reg       |   1|   0|    1|          0|
    |ap_loop_exit_ready_pp0_iter20_reg      |   1|   0|    1|          0|
    |ap_loop_exit_ready_pp0_iter2_reg       |   1|   0|    1|          0|
    |ap_loop_exit_ready_pp0_iter3_reg       |   1|   0|    1|          0|
    |ap_loop_exit_ready_pp0_iter4_reg       |   1|   0|    1|          0|
    |ap_loop_exit_ready_pp0_iter5_reg       |   1|   0|    1|          0|
    |ap_loop_exit_ready_pp0_iter6_reg       |   1|   0|    1|          0|
    |ap_loop_exit_ready_pp0_iter7_reg       |   1|   0|    1|          0|
    |ap_loop_exit_ready_pp0_iter8_reg       |   1|   0|    1|          0|
    |ap_loop_exit_ready_pp0_iter9_reg       |   1|   0|    1|          0|
    |c_fu_114                               |   7|   0|    7|          0|
    |cmp67_reg_1803                         |   1|   0|    1|          0|
    |cmp69_reg_1807                         |   1|   0|    1|          0|
    |empty_reg_1845                         |   7|   0|    7|          0|
    |icmp_ln336_1_reg_1821                  |   1|   0|    1|          0|
    |icmp_ln336_reg_1817                    |   1|   0|    1|          0|
    |icmp_ln345_1_reg_2394                  |   1|   0|    1|          0|
    |icmp_ln345_4_reg_2410                  |   1|   0|    1|          0|
    |icmp_ln345_7_reg_2426                  |   1|   0|    1|          0|
    |indvar_flatten6_fu_122                 |  13|   0|   13|          0|
    |mul_ln331_2_reg_1870                   |   9|   0|    9|          0|
    |mul_ln332_2_reg_1897                   |   9|   0|    9|          0|
    |mul_ln344_reg_1890                     |   9|   0|    9|          0|
    |p_0_reg_2431                           |  14|   0|   14|          0|
    |r_fu_118                               |   7|   0|    7|          0|
    |select_ln331_1_reg_1791                |   7|   0|    7|          0|
    |select_ln331_2_reg_1796                |   7|   0|    7|          0|
    |select_ln331_reg_1785                  |   7|   0|    7|          0|
    |select_ln345_2_reg_2399                |  14|   0|   14|          0|
    |select_ln345_3_reg_2405                |  14|   0|   14|          0|
    |select_ln345_5_reg_2415                |  14|   0|   14|          0|
    |select_ln345_6_reg_2421                |  14|   0|   14|          0|
    |select_ln345_reg_2389                  |  14|   0|   14|          0|
    |tmp_100_reg_1917                       |   5|   0|    5|          0|
    |tmp_101_reg_1922                       |   5|   0|    5|          0|
    |tmp_52_reg_2332                        |  14|   0|   14|          0|
    |tmp_56_reg_2341                        |  14|   0|   14|          0|
    |tmp_60_reg_2347                        |  14|   0|   14|          0|
    |tmp_60_reg_2347_pp0_iter15_reg         |  14|   0|   14|          0|
    |tmp_64_reg_2353                        |  14|   0|   14|          0|
    |tmp_64_reg_2353_pp0_iter15_reg         |  14|   0|   14|          0|
    |tmp_68_reg_2359                        |  14|   0|   14|          0|
    |tmp_72_reg_2365                        |  14|   0|   14|          0|
    |tmp_76_reg_2371                        |  14|   0|   14|          0|
    |tmp_80_reg_2377                        |  14|   0|   14|          0|
    |tmp_84_reg_2383                        |  14|   0|   14|          0|
    |tmp_98_reg_1830                        |   6|   0|    6|          0|
    |tmp_99_reg_1835                        |   6|   0|    6|          0|
    |tmp_reg_1840                           |   6|   0|    6|          0|
    |trunc_ln331_reg_1877                   |   2|   0|    2|          0|
    |trunc_ln331_reg_1877_pp0_iter13_reg    |   2|   0|    2|          0|
    |trunc_ln332_1_reg_1904                 |   2|   0|    2|          0|
    |trunc_ln332_1_reg_1904_pp0_iter13_reg  |   2|   0|    2|          0|
    |trunc_ln332_reg_1811                   |   6|   0|    6|          0|
    |udiv_ln331_1_cast_reg_1855             |   9|   0|    9|          0|
    |and_ln339_reg_1825                     |  64|  32|    1|          0|
    |cmp67_reg_1803                         |  64|  32|    1|          0|
    |cmp69_reg_1807                         |  64|  32|    1|          0|
    |icmp_ln336_1_reg_1821                  |  64|  32|    1|          0|
    |icmp_ln336_reg_1817                    |  64|  32|    1|          0|
    |select_ln331_2_reg_1796                |  64|  32|    7|          0|
    |tmp_52_reg_2332                        |  64|  32|   14|          0|
    |tmp_68_reg_2359                        |  64|  32|   14|          0|
    |tmp_72_reg_2365                        |  64|  32|   14|          0|
    |tmp_76_reg_2371                        |  64|  32|   14|          0|
    |tmp_80_reg_2377                        |  64|  32|   14|          0|
    |tmp_84_reg_2383                        |  64|  32|   14|          0|
    |tmp_98_reg_1830                        |  64|  32|    6|          0|
    |tmp_99_reg_1835                        |  64|  32|    6|          0|
    |tmp_reg_1840                           |  64|  32|    6|          0|
    |trunc_ln332_reg_1811                   |  64|  32|    6|          0|
    +---------------------------------------+----+----+-----+-----------+
    |Total                                  |1458| 512|  554|          0|
    +---------------------------------------+----+----+-----+-----------+



================================================================
== Interface
================================================================
* Summary: 
+----------------------------------+-----+-----+------------+----------------------------------------------------------+--------------+
|             RTL Ports            | Dir | Bits|  Protocol  |                       Source Object                      |    C Type    |
+----------------------------------+-----+-----+------------+----------------------------------------------------------+--------------+
|ap_clk                            |   in|    1|  ap_ctrl_hs|  stage_morphology_Pipeline_DILATION_LOOP_VITIS_LOOP_332_4|  return value|
|ap_rst                            |   in|    1|  ap_ctrl_hs|  stage_morphology_Pipeline_DILATION_LOOP_VITIS_LOOP_332_4|  return value|
|ap_start                          |   in|    1|  ap_ctrl_hs|  stage_morphology_Pipeline_DILATION_LOOP_VITIS_LOOP_332_4|  return value|
|ap_done                           |  out|    1|  ap_ctrl_hs|  stage_morphology_Pipeline_DILATION_LOOP_VITIS_LOOP_332_4|  return value|
|ap_idle                           |  out|    1|  ap_ctrl_hs|  stage_morphology_Pipeline_DILATION_LOOP_VITIS_LOOP_332_4|  return value|
|ap_ready                          |  out|    1|  ap_ctrl_hs|  stage_morphology_Pipeline_DILATION_LOOP_VITIS_LOOP_332_4|  return value|
|grp_fu_201_p_din0                 |  out|   64|  ap_ctrl_hs|  stage_morphology_Pipeline_DILATION_LOOP_VITIS_LOOP_332_4|  return value|
|grp_fu_201_p_din1                 |  out|   66|  ap_ctrl_hs|  stage_morphology_Pipeline_DILATION_LOOP_VITIS_LOOP_332_4|  return value|
|grp_fu_201_p_dout0                |   in|  129|  ap_ctrl_hs|  stage_morphology_Pipeline_DILATION_LOOP_VITIS_LOOP_332_4|  return value|
|grp_fu_201_p_ce                   |  out|    1|  ap_ctrl_hs|  stage_morphology_Pipeline_DILATION_LOOP_VITIS_LOOP_332_4|  return value|
|morphology_stream_din             |  out|   14|     ap_fifo|                                         morphology_stream|       pointer|
|morphology_stream_full_n          |   in|    1|     ap_fifo|                                         morphology_stream|       pointer|
|morphology_stream_write           |  out|    1|     ap_fifo|                                         morphology_stream|       pointer|
|morphology_stream_num_data_valid  |   in|   32|     ap_fifo|                                         morphology_stream|       pointer|
|morphology_stream_fifo_cap        |   in|   32|     ap_fifo|                                         morphology_stream|       pointer|
|eroded_buf_address0               |  out|    9|   ap_memory|                                                eroded_buf|         array|
|eroded_buf_ce0                    |  out|    1|   ap_memory|                                                eroded_buf|         array|
|eroded_buf_q0                     |   in|   14|   ap_memory|                                                eroded_buf|         array|
|eroded_buf_1_address0             |  out|    9|   ap_memory|                                              eroded_buf_1|         array|
|eroded_buf_1_ce0                  |  out|    1|   ap_memory|                                              eroded_buf_1|         array|
|eroded_buf_1_q0                   |   in|   14|   ap_memory|                                              eroded_buf_1|         array|
|eroded_buf_2_address0             |  out|    9|   ap_memory|                                              eroded_buf_2|         array|
|eroded_buf_2_ce0                  |  out|    1|   ap_memory|                                              eroded_buf_2|         array|
|eroded_buf_2_q0                   |   in|   14|   ap_memory|                                              eroded_buf_2|         array|
|eroded_buf_3_address0             |  out|    9|   ap_memory|                                              eroded_buf_3|         array|
|eroded_buf_3_ce0                  |  out|    1|   ap_memory|                                              eroded_buf_3|         array|
|eroded_buf_3_q0                   |   in|   14|   ap_memory|                                              eroded_buf_3|         array|
|eroded_buf_4_address0             |  out|    9|   ap_memory|                                              eroded_buf_4|         array|
|eroded_buf_4_ce0                  |  out|    1|   ap_memory|                                              eroded_buf_4|         array|
|eroded_buf_4_q0                   |   in|   14|   ap_memory|                                              eroded_buf_4|         array|
|eroded_buf_5_address0             |  out|    9|   ap_memory|                                              eroded_buf_5|         array|
|eroded_buf_5_ce0                  |  out|    1|   ap_memory|                                              eroded_buf_5|         array|
|eroded_buf_5_q0                   |   in|   14|   ap_memory|                                              eroded_buf_5|         array|
|eroded_buf_6_address0             |  out|    9|   ap_memory|                                              eroded_buf_6|         array|
|eroded_buf_6_ce0                  |  out|    1|   ap_memory|                                              eroded_buf_6|         array|
|eroded_buf_6_q0                   |   in|   14|   ap_memory|                                              eroded_buf_6|         array|
|eroded_buf_7_address0             |  out|    9|   ap_memory|                                              eroded_buf_7|         array|
|eroded_buf_7_ce0                  |  out|    1|   ap_memory|                                              eroded_buf_7|         array|
|eroded_buf_7_q0                   |   in|   14|   ap_memory|                                              eroded_buf_7|         array|
|eroded_buf_8_address0             |  out|    9|   ap_memory|                                              eroded_buf_8|         array|
|eroded_buf_8_ce0                  |  out|    1|   ap_memory|                                              eroded_buf_8|         array|
|eroded_buf_8_q0                   |   in|   14|   ap_memory|                                              eroded_buf_8|         array|
+----------------------------------+-----+-----+------------+----------------------------------------------------------+--------------+

