

================================================================
== Vitis HLS Report for 'stage_morphology'
================================================================
* Date:           Sat Apr 11 20:28:40 2026

* Version:        2025.1.1 (Build 6214317 on Sep 11 2025)
* Project:        project_1
* Solution:       hls (Vivado IP Flow Target)
* Product family: zynquplus
* Target device:  xczu3eg-sbva484-1-e


================================================================
== Performance Estimates
================================================================
+ Timing: 
    * Summary: 
    +--------+---------+----------+------------+
    |  Clock |  Target | Estimated| Uncertainty|
    +--------+---------+----------+------------+
    |ap_clk  |  4.00 ns|  3.018 ns|     1.08 ns|
    +--------+---------+----------+------------+

+ Latency: 
    * Summary: 
    +---------+---------+-----------+-----------+-------+-------+---------+
    |  Latency (cycles) |   Latency (absolute)  |    Interval   | Pipeline|
    |   min   |   max   |    min    |    max    |  min  |  max  |   Type  |
    +---------+---------+-----------+-----------+-------+-------+---------+
    |    12344|    12344|  49.376 us|  49.376 us|  12344|  12344|       no|
    +---------+---------+-----------+-----------+-------+-------+---------+

    + Detail: 
        * Instance: 
        +---------------------------------------------------------------------+----------------------------------------------------------+---------+---------+-----------+-----------+------+------+------------------------------------------------+
        |                                                                     |                                                          |  Latency (cycles) |   Latency (absolute)  |   Interval  |                    Pipeline                    |
        |                               Instance                              |                          Module                          |   min   |   max   |    min    |    max    |  min |  max |                      Type                      |
        +---------------------------------------------------------------------+----------------------------------------------------------+---------+---------+-----------+-----------+------+------+------------------------------------------------+
        |grp_stage_morphology_Pipeline_READ_BILATERAL_fu_104                  |stage_morphology_Pipeline_READ_BILATERAL                  |     4107|     4107|  16.428 us|  16.428 us|  4097|  4097|  loop auto-rewind stp (delay=0 clock cycles(s))|
        |grp_stage_morphology_Pipeline_EROSION_LOOP_VITIS_LOOP_316_1_fu_128   |stage_morphology_Pipeline_EROSION_LOOP_VITIS_LOOP_316_1   |     4116|     4116|  16.464 us|  16.464 us|  4097|  4097|  loop auto-rewind stp (delay=0 clock cycles(s))|
        |grp_stage_morphology_Pipeline_DILATION_LOOP_VITIS_LOOP_345_4_fu_150  |stage_morphology_Pipeline_DILATION_LOOP_VITIS_LOOP_345_4  |     4116|     4116|  16.464 us|  16.464 us|  4097|  4097|  loop auto-rewind stp (delay=0 clock cycles(s))|
        +---------------------------------------------------------------------+----------------------------------------------------------+---------+---------+-----------+-----------+------+------+------------------------------------------------+

        * Loop: 
        N/A



================================================================
== Utilization Estimates
================================================================
* Summary: 
+-----------------+---------+-----+--------+-------+-----+
|       Name      | BRAM_18K| DSP |   FF   |  LUT  | URAM|
+-----------------+---------+-----+--------+-------+-----+
|DSP              |        -|    -|       -|      -|    -|
|Expression       |        -|    -|       0|      2|    -|
|FIFO             |        -|    -|       -|      -|    -|
|Instance         |        -|   17|    4436|   5471|    -|
|Memory           |       18|    -|       0|      0|    -|
|Multiplexer      |        -|    -|       0|    574|    -|
|Register         |        -|    -|      10|      -|    -|
+-----------------+---------+-----+--------+-------+-----+
|Total            |       18|   17|    4446|   6047|    0|
+-----------------+---------+-----+--------+-------+-----+
|Available        |      432|  360|  141120|  70560|    0|
+-----------------+---------+-----+--------+-------+-----+
|Utilization (%)  |        4|    4|       3|      8|    0|
+-----------------+---------+-----+--------+-------+-----+

+ Detail: 
    * Instance: 
    +---------------------------------------------------------------------+----------------------------------------------------------+---------+----+------+------+-----+
    |                               Instance                              |                          Module                          | BRAM_18K| DSP|  FF  |  LUT | URAM|
    +---------------------------------------------------------------------+----------------------------------------------------------+---------+----+------+------+-----+
    |mul_64ns_66ns_129_5_1_U1599                                          |mul_64ns_66ns_129_5_1                                     |        0|  16|   441|   249|    0|
    |grp_stage_morphology_Pipeline_DILATION_LOOP_VITIS_LOOP_345_4_fu_150  |stage_morphology_Pipeline_DILATION_LOOP_VITIS_LOOP_345_4  |        0|   0|  1652|  2369|    0|
    |grp_stage_morphology_Pipeline_EROSION_LOOP_VITIS_LOOP_316_1_fu_128   |stage_morphology_Pipeline_EROSION_LOOP_VITIS_LOOP_316_1   |        0|   0|  1902|  2483|    0|
    |grp_stage_morphology_Pipeline_READ_BILATERAL_fu_104                  |stage_morphology_Pipeline_READ_BILATERAL                  |        0|   1|   441|   370|    0|
    +---------------------------------------------------------------------+----------------------------------------------------------+---------+----+------+------+-----+
    |Total                                                                |                                                          |        0|  17|  4436|  5471|    0|
    +---------------------------------------------------------------------+----------------------------------------------------------+---------+----+------+------+-----+

    * DSP: 
    N/A

    * Memory: 
    +-------------------+---------------------------------------+---------+---+----+-----+------+-----+------+-------------+
    |       Memory      |                 Module                | BRAM_18K| FF| LUT| URAM| Words| Bits| Banks| W*Bits*Banks|
    +-------------------+---------------------------------------+---------+---+----+-----+------+-----+------+-------------+
    |bilateral_buf_U    |stage_bilateral_grid_RAM_2P_BRAM_1R1W  |        1|  0|   0|    0|   484|   12|     1|         5808|
    |bilateral_buf_1_U  |stage_bilateral_grid_RAM_2P_BRAM_1R1W  |        1|  0|   0|    0|   484|   12|     1|         5808|
    |bilateral_buf_2_U  |stage_bilateral_grid_RAM_2P_BRAM_1R1W  |        1|  0|   0|    0|   484|   12|     1|         5808|
    |bilateral_buf_3_U  |stage_bilateral_grid_RAM_2P_BRAM_1R1W  |        1|  0|   0|    0|   484|   12|     1|         5808|
    |bilateral_buf_4_U  |stage_bilateral_grid_RAM_2P_BRAM_1R1W  |        1|  0|   0|    0|   484|   12|     1|         5808|
    |bilateral_buf_5_U  |stage_bilateral_grid_RAM_2P_BRAM_1R1W  |        1|  0|   0|    0|   484|   12|     1|         5808|
    |bilateral_buf_6_U  |stage_bilateral_grid_RAM_2P_BRAM_1R1W  |        1|  0|   0|    0|   484|   12|     1|         5808|
    |bilateral_buf_7_U  |stage_bilateral_grid_RAM_2P_BRAM_1R1W  |        1|  0|   0|    0|   484|   12|     1|         5808|
    |bilateral_buf_8_U  |stage_bilateral_grid_RAM_2P_BRAM_1R1W  |        1|  0|   0|    0|   484|   12|     1|         5808|
    |eroded_buf_U       |stage_bilateral_grid_RAM_2P_BRAM_1R1W  |        1|  0|   0|    0|   484|   12|     1|         5808|
    |eroded_buf_1_U     |stage_bilateral_grid_RAM_2P_BRAM_1R1W  |        1|  0|   0|    0|   484|   12|     1|         5808|
    |eroded_buf_2_U     |stage_bilateral_grid_RAM_2P_BRAM_1R1W  |        1|  0|   0|    0|   484|   12|     1|         5808|
    |eroded_buf_3_U     |stage_bilateral_grid_RAM_2P_BRAM_1R1W  |        1|  0|   0|    0|   484|   12|     1|         5808|
    |eroded_buf_4_U     |stage_bilateral_grid_RAM_2P_BRAM_1R1W  |        1|  0|   0|    0|   484|   12|     1|         5808|
    |eroded_buf_5_U     |stage_bilateral_grid_RAM_2P_BRAM_1R1W  |        1|  0|   0|    0|   484|   12|     1|         5808|
    |eroded_buf_6_U     |stage_bilateral_grid_RAM_2P_BRAM_1R1W  |        1|  0|   0|    0|   484|   12|     1|         5808|
    |eroded_buf_7_U     |stage_bilateral_grid_RAM_2P_BRAM_1R1W  |        1|  0|   0|    0|   484|   12|     1|         5808|
    |eroded_buf_8_U     |stage_bilateral_grid_RAM_2P_BRAM_1R1W  |        1|  0|   0|    0|   484|   12|     1|         5808|
    +-------------------+---------------------------------------+---------+---+----+-----+------+-----+------+-------------+
    |Total              |                                       |       18|  0|   0|    0|  8712|  216|    18|       104544|
    +-------------------+---------------------------------------+---------+---+----+-----+------+-----+------+-------------+

    * FIFO: 
    N/A

    * Expression: 
    +-----------------+----------+----+---+----+------------+------------+
    |  Variable Name  | Operation| DSP| FF| LUT| Bitwidth P0| Bitwidth P1|
    +-----------------+----------+----+---+----+------------+------------+
    |ap_block_state1  |        or|   0|  0|   2|           1|           1|
    +-----------------+----------+----+---+----+------------+------------+
    |Total            |          |   0|  0|   2|           1|           1|
    +-----------------+----------+----+---+----+------------+------------+

    * Multiplexer: 
    +---------------------+----+-----------+-----+-----------+
    |         Name        | LUT| Input Size| Bits| Total Bits|
    +---------------------+----+-----------+-----+-----------+
    |ap_NS_fsm            |  37|          7|    1|          7|
    |ap_done              |   9|          2|    1|          2|
    |bilateral_buf_1_ce0  |   9|          2|    1|          2|
    |bilateral_buf_1_ce1  |   9|          2|    1|          2|
    |bilateral_buf_1_we1  |   9|          2|    1|          2|
    |bilateral_buf_2_ce0  |   9|          2|    1|          2|
    |bilateral_buf_2_ce1  |   9|          2|    1|          2|
    |bilateral_buf_2_we1  |   9|          2|    1|          2|
    |bilateral_buf_3_ce0  |   9|          2|    1|          2|
    |bilateral_buf_3_ce1  |   9|          2|    1|          2|
    |bilateral_buf_3_we1  |   9|          2|    1|          2|
    |bilateral_buf_4_ce0  |   9|          2|    1|          2|
    |bilateral_buf_4_ce1  |   9|          2|    1|          2|
    |bilateral_buf_4_we1  |   9|          2|    1|          2|
    |bilateral_buf_5_ce0  |   9|          2|    1|          2|
    |bilateral_buf_5_ce1  |   9|          2|    1|          2|
    |bilateral_buf_5_we1  |   9|          2|    1|          2|
    |bilateral_buf_6_ce0  |   9|          2|    1|          2|
    |bilateral_buf_6_ce1  |   9|          2|    1|          2|
    |bilateral_buf_6_we1  |   9|          2|    1|          2|
    |bilateral_buf_7_ce0  |   9|          2|    1|          2|
    |bilateral_buf_7_ce1  |   9|          2|    1|          2|
    |bilateral_buf_7_we1  |   9|          2|    1|          2|
    |bilateral_buf_8_ce0  |   9|          2|    1|          2|
    |bilateral_buf_8_ce1  |   9|          2|    1|          2|
    |bilateral_buf_8_we1  |   9|          2|    1|          2|
    |bilateral_buf_ce0    |   9|          2|    1|          2|
    |bilateral_buf_ce1    |   9|          2|    1|          2|
    |bilateral_buf_we1    |   9|          2|    1|          2|
    |eroded_buf_1_ce0     |   9|          2|    1|          2|
    |eroded_buf_1_ce1     |   9|          2|    1|          2|
    |eroded_buf_1_we1     |   9|          2|    1|          2|
    |eroded_buf_2_ce0     |   9|          2|    1|          2|
    |eroded_buf_2_ce1     |   9|          2|    1|          2|
    |eroded_buf_2_we1     |   9|          2|    1|          2|
    |eroded_buf_3_ce0     |   9|          2|    1|          2|
    |eroded_buf_3_ce1     |   9|          2|    1|          2|
    |eroded_buf_3_we1     |   9|          2|    1|          2|
    |eroded_buf_4_ce0     |   9|          2|    1|          2|
    |eroded_buf_4_ce1     |   9|          2|    1|          2|
    |eroded_buf_4_we1     |   9|          2|    1|          2|
    |eroded_buf_5_ce0     |   9|          2|    1|          2|
    |eroded_buf_5_ce1     |   9|          2|    1|          2|
    |eroded_buf_5_we1     |   9|          2|    1|          2|
    |eroded_buf_6_ce0     |   9|          2|    1|          2|
    |eroded_buf_6_ce1     |   9|          2|    1|          2|
    |eroded_buf_6_we1     |   9|          2|    1|          2|
    |eroded_buf_7_ce0     |   9|          2|    1|          2|
    |eroded_buf_7_ce1     |   9|          2|    1|          2|
    |eroded_buf_7_we1     |   9|          2|    1|          2|
    |eroded_buf_8_ce0     |   9|          2|    1|          2|
    |eroded_buf_8_ce1     |   9|          2|    1|          2|
    |eroded_buf_8_we1     |   9|          2|    1|          2|
    |eroded_buf_ce0       |   9|          2|    1|          2|
    |eroded_buf_ce1       |   9|          2|    1|          2|
    |eroded_buf_we1       |   9|          2|    1|          2|
    |grp_fu_201_ce        |  14|          3|    1|          3|
    |grp_fu_201_p0        |  14|          3|   64|        192|
    |grp_fu_201_p1        |  14|          3|   66|        198|
    +---------------------+----+-----------+-----+-----------+
    |Total                | 574|        126|  187|        510|
    +---------------------+----+-----------+-----+-----------+

    * Register: 
    +----------------------------------------------------------------------------------+---+----+-----+-----------+
    |                                       Name                                       | FF| LUT| Bits| Const Bits|
    +----------------------------------------------------------------------------------+---+----+-----+-----------+
    |ap_CS_fsm                                                                         |  6|   0|    6|          0|
    |ap_done_reg                                                                       |  1|   0|    1|          0|
    |grp_stage_morphology_Pipeline_DILATION_LOOP_VITIS_LOOP_345_4_fu_150_ap_start_reg  |  1|   0|    1|          0|
    |grp_stage_morphology_Pipeline_EROSION_LOOP_VITIS_LOOP_316_1_fu_128_ap_start_reg   |  1|   0|    1|          0|
    |grp_stage_morphology_Pipeline_READ_BILATERAL_fu_104_ap_start_reg                  |  1|   0|    1|          0|
    +----------------------------------------------------------------------------------+---+----+-----+-----------+
    |Total                                                                             | 10|   0|   10|          0|
    +----------------------------------------------------------------------------------+---+----+-----+-----------+



================================================================
== Interface
================================================================
* Summary: 
+----------------------------------+-----+-----+------------+-------------------+--------------+
|             RTL Ports            | Dir | Bits|  Protocol  |   Source Object   |    C Type    |
+----------------------------------+-----+-----+------------+-------------------+--------------+
|ap_clk                            |   in|    1|  ap_ctrl_hs|   stage_morphology|  return value|
|ap_rst                            |   in|    1|  ap_ctrl_hs|   stage_morphology|  return value|
|ap_start                          |   in|    1|  ap_ctrl_hs|   stage_morphology|  return value|
|ap_done                           |  out|    1|  ap_ctrl_hs|   stage_morphology|  return value|
|ap_continue                       |   in|    1|  ap_ctrl_hs|   stage_morphology|  return value|
|ap_idle                           |  out|    1|  ap_ctrl_hs|   stage_morphology|  return value|
|ap_ready                          |  out|    1|  ap_ctrl_hs|   stage_morphology|  return value|
|bilateral_stream_dout             |   in|   12|     ap_fifo|   bilateral_stream|       pointer|
|bilateral_stream_empty_n          |   in|    1|     ap_fifo|   bilateral_stream|       pointer|
|bilateral_stream_read             |  out|    1|     ap_fifo|   bilateral_stream|       pointer|
|bilateral_stream_num_data_valid   |   in|    9|     ap_fifo|   bilateral_stream|       pointer|
|bilateral_stream_fifo_cap         |   in|    9|     ap_fifo|   bilateral_stream|       pointer|
|morphology_stream_din             |  out|   12|     ap_fifo|  morphology_stream|       pointer|
|morphology_stream_full_n          |   in|    1|     ap_fifo|  morphology_stream|       pointer|
|morphology_stream_write           |  out|    1|     ap_fifo|  morphology_stream|       pointer|
|morphology_stream_num_data_valid  |   in|   32|     ap_fifo|  morphology_stream|       pointer|
|morphology_stream_fifo_cap        |   in|   32|     ap_fifo|  morphology_stream|       pointer|
+----------------------------------+-----+-----+------------+-------------------+--------------+

