

================================================================
== Vitis HLS Report for 'stage_morphology_Pipeline_EROSION_LOOP_VITIS_LOOP_304_1'
================================================================
* Date:           Fri Apr 10 20:50:54 2026

* Version:        2025.1.1 (Build 6214317 on Sep 11 2025)
* Project:        project_1
* Solution:       hls (Vivado IP Flow Target)
* Product family: zynquplus
* Target device:  xczu3eg-sbva484-1-e


================================================================
== Performance Estimates
================================================================
+ Timing: 
    * Summary: 
    +--------+---------+----------+------------+
    |  Clock |  Target | Estimated| Uncertainty|
    +--------+---------+----------+------------+
    |ap_clk  |  4.00 ns|  3.018 ns|     1.08 ns|
    +--------+---------+----------+------------+

+ Latency: 
    * Summary: 
    +---------+---------+-----------+-----------+------+------+------------------------------------------------+
    |  Latency (cycles) |   Latency (absolute)  |   Interval  |                    Pipeline                    |
    |   min   |   max   |    min    |    max    |  min |  max |                      Type                      |
    +---------+---------+-----------+-----------+------+------+------------------------------------------------+
    |     4118|     4118|  16.472 us|  16.472 us|  4097|  4097|  loop auto-rewind stp (delay=0 clock cycles(s))|
    +---------+---------+-----------+-----------+------+------+------------------------------------------------+

    + Detail: 
        * Instance: 
        N/A

        * Loop: 
        +---------------------------------+---------+---------+----------+-----------+-----------+------+----------+
        |                                 |  Latency (cycles) | Iteration|  Initiation Interval  | Trip |          |
        |            Loop Name            |   min   |   max   |  Latency |  achieved |   target  | Count| Pipelined|
        +---------------------------------+---------+---------+----------+-----------+-----------+------+----------+
        |- EROSION_LOOP_VITIS_LOOP_304_1  |     4116|     4116|        22|          1|          1|  4096|       yes|
        +---------------------------------+---------+---------+----------+-----------+-----------+------+----------+



================================================================
== Utilization Estimates
================================================================
* Summary: 
+-----------------+---------+-----+--------+-------+-----+
|       Name      | BRAM_18K| DSP |   FF   |  LUT  | URAM|
+-----------------+---------+-----+--------+-------+-----+
|DSP              |        -|    -|       -|      -|    -|
|Expression       |        -|    -|       0|    701|    -|
|FIFO             |        -|    -|       -|      -|    -|
|Instance         |        -|    0|     316|    672|    -|
|Memory           |        -|    -|       -|      -|    -|
|Multiplexer      |        -|    -|       0|    540|    -|
|Register         |        -|    -|    1715|    640|    -|
+-----------------+---------+-----+--------+-------+-----+
|Total            |        0|    0|    2031|   2553|    0|
+-----------------+---------+-----+--------+-------+-----+
|Available        |      432|  360|  141120|  70560|    0|
+-----------------+---------+-----+--------+-------+-----+
|Utilization (%)  |        0|    0|       1|      3|    0|
+-----------------+---------+-----+--------+-------+-----+

+ Detail: 
    * Instance: 
    +------------------------------+------------------------+---------+----+-----+----+-----+
    |           Instance           |         Module         | BRAM_18K| DSP|  FF | LUT| URAM|
    +------------------------------+------------------------+---------+----+-----+----+-----+
    |mul_6ns_6ns_9_1_1_U1551       |mul_6ns_6ns_9_1_1       |        0|   0|    0|  23|    0|
    |mul_6ns_6ns_9_1_1_U1553       |mul_6ns_6ns_9_1_1       |        0|   0|    0|  23|    0|
    |mul_6ns_8ns_13_1_1_U1549      |mul_6ns_8ns_13_1_1      |        0|   0|    0|  40|    0|
    |mul_7ns_9ns_15_1_1_U1545      |mul_7ns_9ns_15_1_1      |        0|   0|    0|  50|    0|
    |mul_7ns_9ns_15_1_1_U1546      |mul_7ns_9ns_15_1_1      |        0|   0|    0|  50|    0|
    |mul_7ns_9ns_15_1_1_U1548      |mul_7ns_9ns_15_1_1      |        0|   0|    0|  50|    0|
    |mul_7ns_9ns_15_1_1_U1550      |mul_7ns_9ns_15_1_1      |        0|   0|    0|  50|    0|
    |mul_9s_6ns_9_1_1_U1552        |mul_9s_6ns_9_1_1        |        0|   0|    0|  50|    0|
    |sparsemux_7_2_14_1_1_U1541    |sparsemux_7_2_14_1_1    |        0|   0|    0|   9|    0|
    |sparsemux_7_2_14_1_1_U1542    |sparsemux_7_2_14_1_1    |        0|   0|    0|   9|    0|
    |sparsemux_7_2_14_1_1_U1543    |sparsemux_7_2_14_1_1    |        0|   0|    0|   9|    0|
    |sparsemux_7_2_14_1_1_U1560    |sparsemux_7_2_14_1_1    |        0|   0|    0|   9|    0|
    |sparsemux_7_2_14_1_1_U1561    |sparsemux_7_2_14_1_1    |        0|   0|    0|   9|    0|
    |sparsemux_7_2_14_1_1_U1562    |sparsemux_7_2_14_1_1    |        0|   0|    0|   9|    0|
    |sparsemux_7_2_14_1_1_x_U1535  |sparsemux_7_2_14_1_1_x  |        0|   0|    0|   9|    0|
    |sparsemux_7_2_14_1_1_x_U1536  |sparsemux_7_2_14_1_1_x  |        0|   0|    0|   9|    0|
    |sparsemux_7_2_14_1_1_x_U1537  |sparsemux_7_2_14_1_1_x  |        0|   0|    0|   9|    0|
    |sparsemux_7_2_14_1_1_x_U1538  |sparsemux_7_2_14_1_1_x  |        0|   0|    0|   9|    0|
    |sparsemux_7_2_14_1_1_x_U1539  |sparsemux_7_2_14_1_1_x  |        0|   0|    0|   9|    0|
    |sparsemux_7_2_14_1_1_x_U1540  |sparsemux_7_2_14_1_1_x  |        0|   0|    0|   9|    0|
    |sparsemux_7_2_14_1_1_x_U1554  |sparsemux_7_2_14_1_1_x  |        0|   0|    0|   9|    0|
    |sparsemux_7_2_14_1_1_x_U1555  |sparsemux_7_2_14_1_1_x  |        0|   0|    0|   9|    0|
    |sparsemux_7_2_14_1_1_x_U1556  |sparsemux_7_2_14_1_1_x  |        0|   0|    0|   9|    0|
    |sparsemux_7_2_14_1_1_x_U1557  |sparsemux_7_2_14_1_1_x  |        0|   0|    0|   9|    0|
    |sparsemux_7_2_14_1_1_x_U1558  |sparsemux_7_2_14_1_1_x  |        0|   0|    0|   9|    0|
    |sparsemux_7_2_14_1_1_x_U1559  |sparsemux_7_2_14_1_1_x  |        0|   0|    0|   9|    0|
    |urem_7ns_3ns_2_11_1_U1544     |urem_7ns_3ns_2_11_1     |        0|   0|  158|  87|    0|
    |urem_7ns_3ns_2_11_1_U1547     |urem_7ns_3ns_2_11_1     |        0|   0|  158|  87|    0|
    +------------------------------+------------------------+---------+----+-----+----+-----+
    |Total                         |                        |        0|   0|  316| 672|    0|
    +------------------------------+------------------------+---------+----+-----+----+-----+

    * DSP: 
    N/A

    * Memory: 
    N/A

    * FIFO: 
    N/A

    * Expression: 
    +-----------------------------+----------+----+---+----+------------+------------+
    |        Variable Name        | Operation| DSP| FF| LUT| Bitwidth P0| Bitwidth P1|
    +-----------------------------+----------+----+---+----+------------+------------+
    |add_ln303_1_fu_1216_p2       |         +|   0|  0|  14|           7|           2|
    |add_ln303_2_fu_1222_p2       |         +|   0|  0|  14|           7|           1|
    |add_ln303_fu_1185_p2         |         +|   0|  0|  20|          13|           1|
    |add_ln304_fu_1290_p2         |         +|   0|  0|  14|           7|           1|
    |add_ln316_1_fu_1501_p2       |         +|   0|  0|  16|           9|           9|
    |add_ln316_2_fu_1519_p2       |         +|   0|  0|  16|           9|           9|
    |add_ln316_3_fu_1540_p2       |         +|   0|  0|  16|           9|           9|
    |add_ln316_4_fu_1558_p2       |         +|   0|  0|  16|           9|           9|
    |add_ln316_5_fu_1576_p2       |         +|   0|  0|  16|           9|           9|
    |add_ln316_6_fu_1597_p2       |         +|   0|  0|  16|           9|           9|
    |add_ln316_7_fu_1615_p2       |         +|   0|  0|  16|           9|           9|
    |add_ln316_8_fu_1633_p2       |         +|   0|  0|  16|           9|           9|
    |add_ln316_fu_1296_p2         |         +|   0|  0|  13|           6|           2|
    |add_ln322_fu_1483_p2         |         +|   0|  0|  16|           9|           9|
    |empty_fu_1417_p2             |         +|   0|  0|  14|           7|           2|
    |and_ln311_1_fu_1272_p2       |       and|   0|  0|   2|           1|           1|
    |and_ln311_2_fu_1278_p2       |       and|   0|  0|   2|           1|           1|
    |and_ln311_fu_1284_p2         |       and|   0|  0|   2|           1|           1|
    |ap_condition_817             |       and|   0|  0|   2|           1|           1|
    |ap_condition_824             |       and|   0|  0|   2|           1|           1|
    |ap_condition_832             |       and|   0|  0|   2|           1|           1|
    |ap_condition_839             |       and|   0|  0|   2|           1|           1|
    |ap_condition_847             |       and|   0|  0|   2|           1|           1|
    |ap_condition_855             |       and|   0|  0|   2|           1|           1|
    |ap_condition_863             |       and|   0|  0|   2|           1|           1|
    |ap_condition_880             |       and|   0|  0|   2|           1|           1|
    |ap_condition_898             |       and|   0|  0|   2|           1|           1|
    |cmp13_fu_1244_p2             |      icmp|   0|  0|  14|           7|           1|
    |cmp14_fu_1250_p2             |      icmp|   0|  0|  14|           7|           6|
    |icmp_ln303_fu_1179_p2        |      icmp|   0|  0|  21|          13|          14|
    |icmp_ln304_fu_1202_p2        |      icmp|   0|  0|  15|           7|           8|
    |icmp_ln308_1_fu_1266_p2      |      icmp|   0|  0|  14|           7|           6|
    |icmp_ln308_fu_1260_p2        |      icmp|   0|  0|  14|           7|           1|
    |icmp_ln317_1_fu_1832_p2      |      icmp|   0|  0|  21|          14|          14|
    |icmp_ln317_2_fu_1842_p2      |      icmp|   0|  0|  21|          14|          14|
    |icmp_ln317_3_fu_1854_p2      |      icmp|   0|  0|  21|          14|          14|
    |icmp_ln317_4_fu_1864_p2      |      icmp|   0|  0|  21|          14|          14|
    |icmp_ln317_5_fu_1874_p2      |      icmp|   0|  0|  21|          14|          14|
    |icmp_ln317_6_fu_1886_p2      |      icmp|   0|  0|  21|          14|          14|
    |icmp_ln317_7_fu_1896_p2      |      icmp|   0|  0|  21|          14|          14|
    |icmp_ln317_8_fu_1906_p2      |      icmp|   0|  0|  21|          14|          14|
    |icmp_ln317_fu_1822_p2        |      icmp|   0|  0|  21|          14|          14|
    |result_0_0_0_067_fu_1918_p3  |    select|   0|  0|  14|           1|          14|
    |select_ln303_1_fu_1228_p3    |    select|   0|  0|   7|           1|           7|
    |select_ln303_2_fu_1236_p3    |    select|   0|  0|   7|           1|           7|
    |select_ln303_fu_1208_p3      |    select|   0|  0|   7|           1|           1|
    |select_ln317_1_fu_1837_p3    |    select|   0|  0|  14|           1|          14|
    |select_ln317_2_fu_1847_p3    |    select|   0|  0|  14|           1|          14|
    |select_ln317_3_fu_1858_p3    |    select|   0|  0|  14|           1|          14|
    |select_ln317_4_fu_1869_p3    |    select|   0|  0|  14|           1|          14|
    |select_ln317_5_fu_1879_p3    |    select|   0|  0|  14|           1|          14|
    |select_ln317_6_fu_1890_p3    |    select|   0|  0|  14|           1|          14|
    |select_ln317_7_fu_1901_p3    |    select|   0|  0|  14|           1|          14|
    |select_ln317_8_fu_1911_p3    |    select|   0|  0|  14|           1|          14|
    |select_ln317_fu_1826_p3      |    select|   0|  0|  14|           1|          14|
    |ap_enable_pp0                |       xor|   0|  0|   2|           1|           2|
    +-----------------------------+----------+----+---+----+------------+------------+
    |Total                        |          |   0|  0| 701|         328|         421|
    +-----------------------------+----------+----+---+----+------------+------------+

    * Multiplexer: 
    +--------------------------------------+----+-----------+-----+-----------+
    |                 Name                 | LUT| Input Size| Bits| Total Bits|
    +--------------------------------------+----+-----------+-----+-----------+
    |ap_done_int                           |   9|          2|    1|          2|
    |ap_enable_reg_pp0_iter1               |   9|          2|    1|          2|
    |ap_sig_allocacmp_indvar_flatten_load  |   9|          2|   13|         26|
    |bilateral_buf_1_address0_local        |  54|         10|    9|         90|
    |bilateral_buf_2_address0_local        |  54|         10|    9|         90|
    |bilateral_buf_3_address0_local        |  54|         10|    9|         90|
    |bilateral_buf_4_address0_local        |  54|         10|    9|         90|
    |bilateral_buf_5_address0_local        |  54|         10|    9|         90|
    |bilateral_buf_6_address0_local        |  54|         10|    9|         90|
    |bilateral_buf_7_address0_local        |  54|         10|    9|         90|
    |bilateral_buf_8_address0_local        |  54|         10|    9|         90|
    |bilateral_buf_address0_local          |  54|         10|    9|         90|
    |c_fu_120                              |   9|          2|    7|         14|
    |indvar_flatten_fu_128                 |   9|          2|   13|         26|
    |r_fu_124                              |   9|          2|    7|         14|
    +--------------------------------------+----+-----------+-----+-----------+
    |Total                                 | 540|        102|  123|        894|
    +--------------------------------------+----+-----------+-----+-----------+

    * Register: 
    +-----------------------------------+----+----+-----+-----------+
    |                Name               | FF | LUT| Bits| Const Bits|
    +-----------------------------------+----+----+-----+-----------+
    |add_ln304_reg_1988                 |   7|   0|    7|          0|
    |add_ln316_reg_1993                 |   6|   0|    6|          0|
    |and_ln311_reg_1983                 |   1|   0|    1|          0|
    |ap_CS_fsm                          |   1|   0|    1|          0|
    |ap_done_reg                        |   1|   0|    1|          0|
    |ap_enable_reg_pp0_iter1            |   1|   0|    1|          0|
    |ap_enable_reg_pp0_iter10           |   1|   0|    1|          0|
    |ap_enable_reg_pp0_iter11           |   1|   0|    1|          0|
    |ap_enable_reg_pp0_iter12           |   1|   0|    1|          0|
    |ap_enable_reg_pp0_iter13           |   1|   0|    1|          0|
    |ap_enable_reg_pp0_iter14           |   1|   0|    1|          0|
    |ap_enable_reg_pp0_iter15           |   1|   0|    1|          0|
    |ap_enable_reg_pp0_iter16           |   1|   0|    1|          0|
    |ap_enable_reg_pp0_iter17           |   1|   0|    1|          0|
    |ap_enable_reg_pp0_iter18           |   1|   0|    1|          0|
    |ap_enable_reg_pp0_iter19           |   1|   0|    1|          0|
    |ap_enable_reg_pp0_iter2            |   1|   0|    1|          0|
    |ap_enable_reg_pp0_iter20           |   1|   0|    1|          0|
    |ap_enable_reg_pp0_iter21           |   1|   0|    1|          0|
    |ap_enable_reg_pp0_iter3            |   1|   0|    1|          0|
    |ap_enable_reg_pp0_iter4            |   1|   0|    1|          0|
    |ap_enable_reg_pp0_iter5            |   1|   0|    1|          0|
    |ap_enable_reg_pp0_iter6            |   1|   0|    1|          0|
    |ap_enable_reg_pp0_iter7            |   1|   0|    1|          0|
    |ap_enable_reg_pp0_iter8            |   1|   0|    1|          0|
    |ap_enable_reg_pp0_iter9            |   1|   0|    1|          0|
    |ap_loop_exit_ready_pp0_iter10_reg  |   1|   0|    1|          0|
    |ap_loop_exit_ready_pp0_iter11_reg  |   1|   0|    1|          0|
    |ap_loop_exit_ready_pp0_iter12_reg  |   1|   0|    1|          0|
    |ap_loop_exit_ready_pp0_iter13_reg  |   1|   0|    1|          0|
    |ap_loop_exit_ready_pp0_iter14_reg  |   1|   0|    1|          0|
    |ap_loop_exit_ready_pp0_iter15_reg  |   1|   0|    1|          0|
    |ap_loop_exit_ready_pp0_iter16_reg  |   1|   0|    1|          0|
    |ap_loop_exit_ready_pp0_iter17_reg  |   1|   0|    1|          0|
    |ap_loop_exit_ready_pp0_iter18_reg  |   1|   0|    1|          0|
    |ap_loop_exit_ready_pp0_iter19_reg  |   1|   0|    1|          0|
    |ap_loop_exit_ready_pp0_iter1_reg   |   1|   0|    1|          0|
    |ap_loop_exit_ready_pp0_iter20_reg  |   1|   0|    1|          0|
    |ap_loop_exit_ready_pp0_iter2_reg   |   1|   0|    1|          0|
    |ap_loop_exit_ready_pp0_iter3_reg   |   1|   0|    1|          0|
    |ap_loop_exit_ready_pp0_iter4_reg   |   1|   0|    1|          0|
    |ap_loop_exit_ready_pp0_iter5_reg   |   1|   0|    1|          0|
    |ap_loop_exit_ready_pp0_iter6_reg   |   1|   0|    1|          0|
    |ap_loop_exit_ready_pp0_iter7_reg   |   1|   0|    1|          0|
    |ap_loop_exit_ready_pp0_iter8_reg   |   1|   0|    1|          0|
    |ap_loop_exit_ready_pp0_iter9_reg   |   1|   0|    1|          0|
    |c_fu_120                           |   7|   0|    7|          0|
    |cmp13_reg_1967                     |   1|   0|    1|          0|
    |cmp14_reg_1971                     |   1|   0|    1|          0|
    |empty_reg_2023                     |   7|   0|    7|          0|
    |icmp_ln308_1_reg_1979              |   1|   0|    1|          0|
    |icmp_ln308_reg_1975                |   1|   0|    1|          0|
    |icmp_ln317_1_reg_2565              |   1|   0|    1|          0|
    |icmp_ln317_4_reg_2581              |   1|   0|    1|          0|
    |icmp_ln317_7_reg_2597              |   1|   0|    1|          0|
    |indvar_flatten_fu_128              |  13|   0|   13|          0|
    |mul_ln303_2_reg_2038               |   9|   0|    9|          0|
    |mul_ln316_1_reg_2065               |   9|   0|    9|          0|
    |mul_ln316_reg_2058                 |   9|   0|    9|          0|
    |r_fu_124                           |   7|   0|    7|          0|
    |result_0_0_0_067_reg_2602          |  14|   0|   14|          0|
    |select_ln303_1_reg_1955            |   7|   0|    7|          0|
    |select_ln303_2_reg_1960            |   7|   0|    7|          0|
    |select_ln303_reg_1949              |   7|   0|    7|          0|
    |select_ln317_2_reg_2570            |  14|   0|   14|          0|
    |select_ln317_3_reg_2576            |  14|   0|   14|          0|
    |select_ln317_5_reg_2586            |  14|   0|   14|          0|
    |select_ln317_6_reg_2592            |  14|   0|   14|          0|
    |select_ln317_reg_2560              |  14|   0|   14|          0|
    |tmp_17_reg_2503                    |  14|   0|   14|          0|
    |tmp_21_reg_2512                    |  14|   0|   14|          0|
    |tmp_25_reg_2518                    |  14|   0|   14|          0|
    |tmp_25_reg_2518_pp0_iter15_reg     |  14|   0|   14|          0|
    |tmp_29_reg_2524                    |  14|   0|   14|          0|
    |tmp_29_reg_2524_pp0_iter15_reg     |  14|   0|   14|          0|
    |tmp_33_reg_2530                    |  14|   0|   14|          0|
    |tmp_37_reg_2536                    |  14|   0|   14|          0|
    |tmp_41_reg_2542                    |  14|   0|   14|          0|
    |tmp_45_reg_2548                    |  14|   0|   14|          0|
    |tmp_49_reg_2554                    |  14|   0|   14|          0|
    |tmp_62_reg_2018                    |   6|   0|    6|          0|
    |tmp_63_reg_1998                    |   6|   0|    6|          0|
    |tmp_64_reg_2003                    |   6|   0|    6|          0|
    |tmp_65_reg_2008                    |   6|   0|    6|          0|
    |tmp_66_reg_2013                    |   5|   0|    5|          0|
    |trunc_ln303_reg_2045               |   2|   0|    2|          0|
    |trunc_ln304_1_reg_2072             |   2|   0|    2|          0|
    |udiv_ln303_1_cast_reg_2033         |   9|   0|    9|          0|
    |zext_ln322_1_reg_2085              |   9|   0|   64|         55|
    |and_ln311_reg_1983                 |  64|  32|    1|          0|
    |cmp13_reg_1967                     |  64|  32|    1|          0|
    |cmp14_reg_1971                     |  64|  32|    1|          0|
    |icmp_ln308_1_reg_1979              |  64|  32|    1|          0|
    |icmp_ln308_reg_1975                |  64|  32|    1|          0|
    |select_ln303_2_reg_1960            |  64|  32|    7|          0|
    |tmp_17_reg_2503                    |  64|  32|   14|          0|
    |tmp_33_reg_2530                    |  64|  32|   14|          0|
    |tmp_37_reg_2536                    |  64|  32|   14|          0|
    |tmp_41_reg_2542                    |  64|  32|   14|          0|
    |tmp_45_reg_2548                    |  64|  32|   14|          0|
    |tmp_49_reg_2554                    |  64|  32|   14|          0|
    |tmp_62_reg_2018                    |  64|  32|    6|          0|
    |tmp_63_reg_1998                    |  64|  32|    6|          0|
    |tmp_64_reg_2003                    |  64|  32|    6|          0|
    |tmp_65_reg_2008                    |  64|  32|    6|          0|
    |tmp_66_reg_2013                    |  64|  32|    5|          0|
    |trunc_ln303_reg_2045               |  64|  32|    2|          0|
    |trunc_ln304_1_reg_2072             |  64|  32|    2|          0|
    |zext_ln322_1_reg_2085              |  64|  32|   64|         55|
    +-----------------------------------+----+----+-----+-----------+
    |Total                              |1715| 640|  683|        110|
    +-----------------------------------+----+----+-----+-----------+



================================================================
== Interface
================================================================
* Summary: 
+--------------------------+-----+-----+------------+---------------------------------------------------------+--------------+
|         RTL Ports        | Dir | Bits|  Protocol  |                      Source Object                      |    C Type    |
+--------------------------+-----+-----+------------+---------------------------------------------------------+--------------+
|ap_clk                    |   in|    1|  ap_ctrl_hs|  stage_morphology_Pipeline_EROSION_LOOP_VITIS_LOOP_304_1|  return value|
|ap_rst                    |   in|    1|  ap_ctrl_hs|  stage_morphology_Pipeline_EROSION_LOOP_VITIS_LOOP_304_1|  return value|
|ap_start                  |   in|    1|  ap_ctrl_hs|  stage_morphology_Pipeline_EROSION_LOOP_VITIS_LOOP_304_1|  return value|
|ap_done                   |  out|    1|  ap_ctrl_hs|  stage_morphology_Pipeline_EROSION_LOOP_VITIS_LOOP_304_1|  return value|
|ap_idle                   |  out|    1|  ap_ctrl_hs|  stage_morphology_Pipeline_EROSION_LOOP_VITIS_LOOP_304_1|  return value|
|ap_ready                  |  out|    1|  ap_ctrl_hs|  stage_morphology_Pipeline_EROSION_LOOP_VITIS_LOOP_304_1|  return value|
|grp_fu_201_p_din0         |  out|   64|  ap_ctrl_hs|  stage_morphology_Pipeline_EROSION_LOOP_VITIS_LOOP_304_1|  return value|
|grp_fu_201_p_din1         |  out|   66|  ap_ctrl_hs|  stage_morphology_Pipeline_EROSION_LOOP_VITIS_LOOP_304_1|  return value|
|grp_fu_201_p_dout0        |   in|  129|  ap_ctrl_hs|  stage_morphology_Pipeline_EROSION_LOOP_VITIS_LOOP_304_1|  return value|
|grp_fu_201_p_ce           |  out|    1|  ap_ctrl_hs|  stage_morphology_Pipeline_EROSION_LOOP_VITIS_LOOP_304_1|  return value|
|bilateral_buf_address0    |  out|    9|   ap_memory|                                            bilateral_buf|         array|
|bilateral_buf_ce0         |  out|    1|   ap_memory|                                            bilateral_buf|         array|
|bilateral_buf_q0          |   in|   14|   ap_memory|                                            bilateral_buf|         array|
|bilateral_buf_1_address0  |  out|    9|   ap_memory|                                          bilateral_buf_1|         array|
|bilateral_buf_1_ce0       |  out|    1|   ap_memory|                                          bilateral_buf_1|         array|
|bilateral_buf_1_q0        |   in|   14|   ap_memory|                                          bilateral_buf_1|         array|
|bilateral_buf_2_address0  |  out|    9|   ap_memory|                                          bilateral_buf_2|         array|
|bilateral_buf_2_ce0       |  out|    1|   ap_memory|                                          bilateral_buf_2|         array|
|bilateral_buf_2_q0        |   in|   14|   ap_memory|                                          bilateral_buf_2|         array|
|bilateral_buf_3_address0  |  out|    9|   ap_memory|                                          bilateral_buf_3|         array|
|bilateral_buf_3_ce0       |  out|    1|   ap_memory|                                          bilateral_buf_3|         array|
|bilateral_buf_3_q0        |   in|   14|   ap_memory|                                          bilateral_buf_3|         array|
|bilateral_buf_4_address0  |  out|    9|   ap_memory|                                          bilateral_buf_4|         array|
|bilateral_buf_4_ce0       |  out|    1|   ap_memory|                                          bilateral_buf_4|         array|
|bilateral_buf_4_q0        |   in|   14|   ap_memory|                                          bilateral_buf_4|         array|
|bilateral_buf_5_address0  |  out|    9|   ap_memory|                                          bilateral_buf_5|         array|
|bilateral_buf_5_ce0       |  out|    1|   ap_memory|                                          bilateral_buf_5|         array|
|bilateral_buf_5_q0        |   in|   14|   ap_memory|                                          bilateral_buf_5|         array|
|bilateral_buf_6_address0  |  out|    9|   ap_memory|                                          bilateral_buf_6|         array|
|bilateral_buf_6_ce0       |  out|    1|   ap_memory|                                          bilateral_buf_6|         array|
|bilateral_buf_6_q0        |   in|   14|   ap_memory|                                          bilateral_buf_6|         array|
|bilateral_buf_7_address0  |  out|    9|   ap_memory|                                          bilateral_buf_7|         array|
|bilateral_buf_7_ce0       |  out|    1|   ap_memory|                                          bilateral_buf_7|         array|
|bilateral_buf_7_q0        |   in|   14|   ap_memory|                                          bilateral_buf_7|         array|
|bilateral_buf_8_address0  |  out|    9|   ap_memory|                                          bilateral_buf_8|         array|
|bilateral_buf_8_ce0       |  out|    1|   ap_memory|                                          bilateral_buf_8|         array|
|bilateral_buf_8_q0        |   in|   14|   ap_memory|                                          bilateral_buf_8|         array|
|eroded_buf_address1       |  out|    9|   ap_memory|                                               eroded_buf|         array|
|eroded_buf_ce1            |  out|    1|   ap_memory|                                               eroded_buf|         array|
|eroded_buf_we1            |  out|    1|   ap_memory|                                               eroded_buf|         array|
|eroded_buf_d1             |  out|   14|   ap_memory|                                               eroded_buf|         array|
|eroded_buf_1_address1     |  out|    9|   ap_memory|                                             eroded_buf_1|         array|
|eroded_buf_1_ce1          |  out|    1|   ap_memory|                                             eroded_buf_1|         array|
|eroded_buf_1_we1          |  out|    1|   ap_memory|                                             eroded_buf_1|         array|
|eroded_buf_1_d1           |  out|   14|   ap_memory|                                             eroded_buf_1|         array|
|eroded_buf_2_address1     |  out|    9|   ap_memory|                                             eroded_buf_2|         array|
|eroded_buf_2_ce1          |  out|    1|   ap_memory|                                             eroded_buf_2|         array|
|eroded_buf_2_we1          |  out|    1|   ap_memory|                                             eroded_buf_2|         array|
|eroded_buf_2_d1           |  out|   14|   ap_memory|                                             eroded_buf_2|         array|
|eroded_buf_3_address1     |  out|    9|   ap_memory|                                             eroded_buf_3|         array|
|eroded_buf_3_ce1          |  out|    1|   ap_memory|                                             eroded_buf_3|         array|
|eroded_buf_3_we1          |  out|    1|   ap_memory|                                             eroded_buf_3|         array|
|eroded_buf_3_d1           |  out|   14|   ap_memory|                                             eroded_buf_3|         array|
|eroded_buf_4_address1     |  out|    9|   ap_memory|                                             eroded_buf_4|         array|
|eroded_buf_4_ce1          |  out|    1|   ap_memory|                                             eroded_buf_4|         array|
|eroded_buf_4_we1          |  out|    1|   ap_memory|                                             eroded_buf_4|         array|
|eroded_buf_4_d1           |  out|   14|   ap_memory|                                             eroded_buf_4|         array|
|eroded_buf_5_address1     |  out|    9|   ap_memory|                                             eroded_buf_5|         array|
|eroded_buf_5_ce1          |  out|    1|   ap_memory|                                             eroded_buf_5|         array|
|eroded_buf_5_we1          |  out|    1|   ap_memory|                                             eroded_buf_5|         array|
|eroded_buf_5_d1           |  out|   14|   ap_memory|                                             eroded_buf_5|         array|
|eroded_buf_6_address1     |  out|    9|   ap_memory|                                             eroded_buf_6|         array|
|eroded_buf_6_ce1          |  out|    1|   ap_memory|                                             eroded_buf_6|         array|
|eroded_buf_6_we1          |  out|    1|   ap_memory|                                             eroded_buf_6|         array|
|eroded_buf_6_d1           |  out|   14|   ap_memory|                                             eroded_buf_6|         array|
|eroded_buf_7_address1     |  out|    9|   ap_memory|                                             eroded_buf_7|         array|
|eroded_buf_7_ce1          |  out|    1|   ap_memory|                                             eroded_buf_7|         array|
|eroded_buf_7_we1          |  out|    1|   ap_memory|                                             eroded_buf_7|         array|
|eroded_buf_7_d1           |  out|   14|   ap_memory|                                             eroded_buf_7|         array|
|eroded_buf_8_address1     |  out|    9|   ap_memory|                                             eroded_buf_8|         array|
|eroded_buf_8_ce1          |  out|    1|   ap_memory|                                             eroded_buf_8|         array|
|eroded_buf_8_we1          |  out|    1|   ap_memory|                                             eroded_buf_8|         array|
|eroded_buf_8_d1           |  out|   14|   ap_memory|                                             eroded_buf_8|         array|
+--------------------------+-----+-----+------------+---------------------------------------------------------+--------------+

