

================================================================
== Vitis HLS Report for 'top_kernel_Pipeline_K2_Apply_Equal_VITIS_LOOP_65_5'
================================================================
* Date:           Thu Apr  9 00:35:03 2026

* Version:        2025.1.1 (Build 6214317 on Sep 11 2025)
* Project:        project_1
* Solution:       hls (Vivado IP Flow Target)
* Product family: zynquplus
* Target device:  xczu3eg-sbva484-1-e


================================================================
== Performance Estimates
================================================================
+ Timing: 
    * Summary: 
    +--------+---------+----------+------------+
    |  Clock |  Target | Estimated| Uncertainty|
    +--------+---------+----------+------------+
    |ap_clk  |  4.00 ns|  2.819 ns|     1.08 ns|
    +--------+---------+----------+------------+

+ Latency: 
    * Summary: 
    +---------+---------+-----------+-----------+------+------+------------------------------------------------+
    |  Latency (cycles) |   Latency (absolute)  |   Interval  |                    Pipeline                    |
    |   min   |   max   |    min    |    max    |  min |  max |                      Type                      |
    +---------+---------+-----------+-----------+------+------+------------------------------------------------+
    |     4141|     4141|  16.564 us|  16.564 us|  4097|  4097|  loop auto-rewind stp (delay=0 clock cycles(s))|
    +---------+---------+-----------+-----------+------+------+------------------------------------------------+

    + Detail: 
        * Instance: 
        N/A

        * Loop: 
        +----------------------------------+---------+---------+----------+-----------+-----------+------+----------+
        |                                  |  Latency (cycles) | Iteration|  Initiation Interval  | Trip |          |
        |             Loop Name            |   min   |   max   |  Latency |  achieved |   target  | Count| Pipelined|
        +----------------------------------+---------+---------+----------+-----------+-----------+------+----------+
        |- K2_Apply_Equal_VITIS_LOOP_65_5  |     4139|     4139|        45|          1|          1|  4096|       yes|
        +----------------------------------+---------+---------+----------+-----------+-----------+------+----------+



================================================================
== Utilization Estimates
================================================================
* Summary: 
+-----------------+---------+-----+--------+-------+-----+
|       Name      | BRAM_18K| DSP |   FF   |  LUT  | URAM|
+-----------------+---------+-----+--------+-------+-----+
|DSP              |        -|    -|       -|      -|    -|
|Expression       |        -|    -|       0|    822|    -|
|FIFO             |        -|    -|       -|      -|    -|
|Instance         |        -|    0|     158|   1499|    -|
|Memory           |        -|    -|       -|      -|    -|
|Multiplexer      |        -|    -|       0|     54|    -|
|Register         |        -|    -|     625|    128|    -|
+-----------------+---------+-----+--------+-------+-----+
|Total            |        0|    0|     783|   2503|    0|
+-----------------+---------+-----+--------+-------+-----+
|Available        |      432|  360|  141120|  70560|    0|
+-----------------+---------+-----+--------+-------+-----+
|Utilization (%)  |        0|    0|      ~0|      3|    0|
+-----------------+---------+-----+--------+-------+-----+

+ Detail: 
    * Instance: 
    +-----------------------------+------------------------+---------+----+-----+------+-----+
    |           Instance          |         Module         | BRAM_18K| DSP|  FF |  LUT | URAM|
    +-----------------------------+------------------------+---------+----+-----+------+-----+
    |mul_7ns_9ns_15_1_1_U794      |mul_7ns_9ns_15_1_1      |        0|   0|    0|    50|    0|
    |sparsemux_513_8_32_1_1_U796  |sparsemux_513_8_32_1_1  |        0|   0|    0|  1362|    0|
    |urem_7ns_4ns_3_11_1_U795     |urem_7ns_4ns_3_11_1     |        0|   0|  158|    87|    0|
    +-----------------------------+------------------------+---------+----+-----+------+-----+
    |Total                        |                        |        0|   0|  158|  1499|    0|
    +-----------------------------+------------------------+---------+----+-----+------+-----+

    * DSP: 
    N/A

    * Memory: 
    N/A

    * FIFO: 
    N/A

    * Expression: 
    +--------------------------+----------+----+---+-----+------------+------------+
    |       Variable Name      | Operation| DSP| FF| LUT | Bitwidth P0| Bitwidth P1|
    +--------------------------+----------+----+---+-----+------------+------------+
    |add_ln317_fu_3059_p2      |         +|   0|  0|   16|           9|           8|
    |add_ln64_1_fu_2894_p2     |         +|   0|  0|   20|          13|           1|
    |add_ln64_fu_2911_p2       |         +|   0|  0|   14|           7|           1|
    |add_ln65_fu_2971_p2       |         +|   0|  0|   14|           7|           1|
    |result_5_fu_3136_p2       |         -|   0|  0|   39|           1|          32|
    |sub_ln18_fu_3073_p2       |         -|   0|  0|   15|           7|           8|
    |icmp_ln64_fu_2888_p2      |      icmp|   0|  0|   21|          13|          14|
    |icmp_ln65_fu_2917_p2      |      icmp|   0|  0|   15|           7|           8|
    |icmp_ln69_fu_3188_p2      |      icmp|   0|  0|   30|          23|           1|
    |lshr_ln18_fu_3099_p2      |      lshr|   0|  0|  240|          79|          79|
    |bin_3_fu_3161_p3          |    select|   0|  0|   30|           1|           1|
    |bin_4_fu_3193_p3          |    select|   0|  0|    8|           1|           2|
    |result_fu_3142_p3         |    select|   0|  0|   32|           1|          32|
    |select_ln18_fu_3083_p3    |    select|   0|  0|    8|           1|           9|
    |select_ln64_1_fu_2931_p3  |    select|   0|  0|    7|           1|           7|
    |select_ln64_fu_2923_p3    |    select|   0|  0|    7|           1|           1|
    |select_ln67_fu_3011_p3    |    select|   0|  0|   32|           1|          32|
    |val_fu_3131_p3            |    select|   0|  0|   32|           1|          32|
    |shl_ln18_fu_3105_p2       |       shl|   0|  0|  240|          79|          79|
    |ap_enable_pp0             |       xor|   0|  0|    2|           1|           2|
    +--------------------------+----------+----+---+-----+------------+------------+
    |Total                     |          |   0|  0|  822|         254|         350|
    +--------------------------+----------+----+---+-----+------------+------------+

    * Multiplexer: 
    +----------------------------------------+----+-----------+-----+-----------+
    |                  Name                  | LUT| Input Size| Bits| Total Bits|
    +----------------------------------------+----+-----------+-----+-----------+
    |ap_done_int                             |   9|          2|    1|          2|
    |ap_enable_reg_pp0_iter1                 |   9|          2|    1|          2|
    |ap_sig_allocacmp_indvar_flatten13_load  |   9|          2|   13|         26|
    |c_fu_1146                               |   9|          2|    7|         14|
    |indvar_flatten13_fu_1154                |   9|          2|   13|         26|
    |r_fu_1150                               |   9|          2|    7|         14|
    +----------------------------------------+----+-----------+-----+-----------+
    |Total                                   |  54|         12|   42|         84|
    +----------------------------------------+----+-----------+-----+-----------+

    * Register: 
    +-----------------------------------+----+----+-----+-----------+
    |                Name               | FF | LUT| Bits| Const Bits|
    +-----------------------------------+----+----+-----+-----------+
    |ap_CS_fsm                          |   1|   0|    1|          0|
    |ap_done_reg                        |   1|   0|    1|          0|
    |ap_enable_reg_pp0_iter1            |   1|   0|    1|          0|
    |ap_enable_reg_pp0_iter10           |   1|   0|    1|          0|
    |ap_enable_reg_pp0_iter11           |   1|   0|    1|          0|
    |ap_enable_reg_pp0_iter12           |   1|   0|    1|          0|
    |ap_enable_reg_pp0_iter13           |   1|   0|    1|          0|
    |ap_enable_reg_pp0_iter14           |   1|   0|    1|          0|
    |ap_enable_reg_pp0_iter15           |   1|   0|    1|          0|
    |ap_enable_reg_pp0_iter16           |   1|   0|    1|          0|
    |ap_enable_reg_pp0_iter17           |   1|   0|    1|          0|
    |ap_enable_reg_pp0_iter18           |   1|   0|    1|          0|
    |ap_enable_reg_pp0_iter19           |   1|   0|    1|          0|
    |ap_enable_reg_pp0_iter2            |   1|   0|    1|          0|
    |ap_enable_reg_pp0_iter20           |   1|   0|    1|          0|
    |ap_enable_reg_pp0_iter21           |   1|   0|    1|          0|
    |ap_enable_reg_pp0_iter22           |   1|   0|    1|          0|
    |ap_enable_reg_pp0_iter23           |   1|   0|    1|          0|
    |ap_enable_reg_pp0_iter24           |   1|   0|    1|          0|
    |ap_enable_reg_pp0_iter25           |   1|   0|    1|          0|
    |ap_enable_reg_pp0_iter26           |   1|   0|    1|          0|
    |ap_enable_reg_pp0_iter27           |   1|   0|    1|          0|
    |ap_enable_reg_pp0_iter28           |   1|   0|    1|          0|
    |ap_enable_reg_pp0_iter29           |   1|   0|    1|          0|
    |ap_enable_reg_pp0_iter3            |   1|   0|    1|          0|
    |ap_enable_reg_pp0_iter30           |   1|   0|    1|          0|
    |ap_enable_reg_pp0_iter31           |   1|   0|    1|          0|
    |ap_enable_reg_pp0_iter32           |   1|   0|    1|          0|
    |ap_enable_reg_pp0_iter33           |   1|   0|    1|          0|
    |ap_enable_reg_pp0_iter34           |   1|   0|    1|          0|
    |ap_enable_reg_pp0_iter35           |   1|   0|    1|          0|
    |ap_enable_reg_pp0_iter36           |   1|   0|    1|          0|
    |ap_enable_reg_pp0_iter37           |   1|   0|    1|          0|
    |ap_enable_reg_pp0_iter38           |   1|   0|    1|          0|
    |ap_enable_reg_pp0_iter39           |   1|   0|    1|          0|
    |ap_enable_reg_pp0_iter4            |   1|   0|    1|          0|
    |ap_enable_reg_pp0_iter40           |   1|   0|    1|          0|
    |ap_enable_reg_pp0_iter41           |   1|   0|    1|          0|
    |ap_enable_reg_pp0_iter42           |   1|   0|    1|          0|
    |ap_enable_reg_pp0_iter43           |   1|   0|    1|          0|
    |ap_enable_reg_pp0_iter44           |   1|   0|    1|          0|
    |ap_enable_reg_pp0_iter5            |   1|   0|    1|          0|
    |ap_enable_reg_pp0_iter6            |   1|   0|    1|          0|
    |ap_enable_reg_pp0_iter7            |   1|   0|    1|          0|
    |ap_enable_reg_pp0_iter8            |   1|   0|    1|          0|
    |ap_enable_reg_pp0_iter9            |   1|   0|    1|          0|
    |ap_loop_exit_ready_pp0_iter10_reg  |   1|   0|    1|          0|
    |ap_loop_exit_ready_pp0_iter11_reg  |   1|   0|    1|          0|
    |ap_loop_exit_ready_pp0_iter12_reg  |   1|   0|    1|          0|
    |ap_loop_exit_ready_pp0_iter13_reg  |   1|   0|    1|          0|
    |ap_loop_exit_ready_pp0_iter14_reg  |   1|   0|    1|          0|
    |ap_loop_exit_ready_pp0_iter15_reg  |   1|   0|    1|          0|
    |ap_loop_exit_ready_pp0_iter16_reg  |   1|   0|    1|          0|
    |ap_loop_exit_ready_pp0_iter17_reg  |   1|   0|    1|          0|
    |ap_loop_exit_ready_pp0_iter18_reg  |   1|   0|    1|          0|
    |ap_loop_exit_ready_pp0_iter19_reg  |   1|   0|    1|          0|
    |ap_loop_exit_ready_pp0_iter1_reg   |   1|   0|    1|          0|
    |ap_loop_exit_ready_pp0_iter20_reg  |   1|   0|    1|          0|
    |ap_loop_exit_ready_pp0_iter21_reg  |   1|   0|    1|          0|
    |ap_loop_exit_ready_pp0_iter22_reg  |   1|   0|    1|          0|
    |ap_loop_exit_ready_pp0_iter23_reg  |   1|   0|    1|          0|
    |ap_loop_exit_ready_pp0_iter24_reg  |   1|   0|    1|          0|
    |ap_loop_exit_ready_pp0_iter25_reg  |   1|   0|    1|          0|
    |ap_loop_exit_ready_pp0_iter26_reg  |   1|   0|    1|          0|
    |ap_loop_exit_ready_pp0_iter27_reg  |   1|   0|    1|          0|
    |ap_loop_exit_ready_pp0_iter28_reg  |   1|   0|    1|          0|
    |ap_loop_exit_ready_pp0_iter29_reg  |   1|   0|    1|          0|
    |ap_loop_exit_ready_pp0_iter2_reg   |   1|   0|    1|          0|
    |ap_loop_exit_ready_pp0_iter30_reg  |   1|   0|    1|          0|
    |ap_loop_exit_ready_pp0_iter31_reg  |   1|   0|    1|          0|
    |ap_loop_exit_ready_pp0_iter32_reg  |   1|   0|    1|          0|
    |ap_loop_exit_ready_pp0_iter33_reg  |   1|   0|    1|          0|
    |ap_loop_exit_ready_pp0_iter34_reg  |   1|   0|    1|          0|
    |ap_loop_exit_ready_pp0_iter35_reg  |   1|   0|    1|          0|
    |ap_loop_exit_ready_pp0_iter36_reg  |   1|   0|    1|          0|
    |ap_loop_exit_ready_pp0_iter37_reg  |   1|   0|    1|          0|
    |ap_loop_exit_ready_pp0_iter38_reg  |   1|   0|    1|          0|
    |ap_loop_exit_ready_pp0_iter39_reg  |   1|   0|    1|          0|
    |ap_loop_exit_ready_pp0_iter3_reg   |   1|   0|    1|          0|
    |ap_loop_exit_ready_pp0_iter40_reg  |   1|   0|    1|          0|
    |ap_loop_exit_ready_pp0_iter41_reg  |   1|   0|    1|          0|
    |ap_loop_exit_ready_pp0_iter42_reg  |   1|   0|    1|          0|
    |ap_loop_exit_ready_pp0_iter43_reg  |   1|   0|    1|          0|
    |ap_loop_exit_ready_pp0_iter4_reg   |   1|   0|    1|          0|
    |ap_loop_exit_ready_pp0_iter5_reg   |   1|   0|    1|          0|
    |ap_loop_exit_ready_pp0_iter6_reg   |   1|   0|    1|          0|
    |ap_loop_exit_ready_pp0_iter7_reg   |   1|   0|    1|          0|
    |ap_loop_exit_ready_pp0_iter8_reg   |   1|   0|    1|          0|
    |ap_loop_exit_ready_pp0_iter9_reg   |   1|   0|    1|          0|
    |bin_4_reg_5376                     |   8|   0|    8|          0|
    |c_fu_1146                          |   7|   0|    7|          0|
    |dc_reg_5337                        |  32|   0|   32|          0|
    |div1_reg_5386                      |  32|   0|   32|          0|
    |indvar_flatten13_fu_1154           |  13|   0|   13|          0|
    |lshr_ln2_reg_5312                  |   5|   0|    5|          0|
    |r_fu_1150                          |   7|   0|    7|          0|
    |select_ln64_1_reg_5301             |   7|   0|    7|          0|
    |select_ln67_reg_5332               |  32|   0|   32|          0|
    |tmp_115_cast_reg_5327              |   4|   0|    4|          0|
    |tmp_1_reg_5381                     |  32|   0|   32|          0|
    |tmp_88_reg_5352                    |  32|   0|   32|          0|
    |tmp_89_reg_5357                    |  32|   0|   32|          0|
    |tmp_9_reg_5367                     |  23|   0|   23|          0|
    |tmp_reg_5347                       |   1|   0|    1|          0|
    |trunc_ln64_1_reg_5372              |   3|   0|    3|          0|
    |trunc_ln65_reg_5307                |   1|   0|    1|          0|
    |trunc_ln67_reg_5362                |   8|   0|    8|          0|
    |xs_sign_reg_5342                   |   1|   0|    1|          0|
    |lshr_ln2_reg_5312                  |  64|  32|    5|          0|
    |tmp_115_cast_reg_5327              |  64|  32|    4|          0|
    |trunc_ln64_1_reg_5372              |  64|  32|    3|          0|
    |trunc_ln65_reg_5307                |  64|  32|    1|          0|
    +-----------------------------------+----+----+-----+-----------+
    |Total                              | 625| 128|  382|          0|
    +-----------------------------------+----+----+-----+-----------+



================================================================
== Interface
================================================================
* Summary: 
+---------------------------------------------------------------------------+-----+-----+------------+------------------------------------------------------------------+--------------+
|                                 RTL Ports                                 | Dir | Bits|  Protocol  |                           Source Object                          |    C Type    |
+---------------------------------------------------------------------------+-----+-----+------------+------------------------------------------------------------------+--------------+
|ap_clk                                                                     |   in|    1|  ap_ctrl_hs|                top_kernel_Pipeline_K2_Apply_Equal_VITIS_LOOP_65_5|  return value|
|ap_rst                                                                     |   in|    1|  ap_ctrl_hs|                top_kernel_Pipeline_K2_Apply_Equal_VITIS_LOOP_65_5|  return value|
|ap_start                                                                   |   in|    1|  ap_ctrl_hs|                top_kernel_Pipeline_K2_Apply_Equal_VITIS_LOOP_65_5|  return value|
|ap_done                                                                    |  out|    1|  ap_ctrl_hs|                top_kernel_Pipeline_K2_Apply_Equal_VITIS_LOOP_65_5|  return value|
|ap_idle                                                                    |  out|    1|  ap_ctrl_hs|                top_kernel_Pipeline_K2_Apply_Equal_VITIS_LOOP_65_5|  return value|
|ap_ready                                                                   |  out|    1|  ap_ctrl_hs|                top_kernel_Pipeline_K2_Apply_Equal_VITIS_LOOP_65_5|  return value|
|grp_fu_10523_p_din0                                                        |  out|   32|  ap_ctrl_hs|                top_kernel_Pipeline_K2_Apply_Equal_VITIS_LOOP_65_5|  return value|
|grp_fu_10523_p_din1                                                        |  out|   32|  ap_ctrl_hs|                top_kernel_Pipeline_K2_Apply_Equal_VITIS_LOOP_65_5|  return value|
|grp_fu_10523_p_dout0                                                       |   in|   32|  ap_ctrl_hs|                top_kernel_Pipeline_K2_Apply_Equal_VITIS_LOOP_65_5|  return value|
|grp_fu_10523_p_ce                                                          |  out|    1|  ap_ctrl_hs|                top_kernel_Pipeline_K2_Apply_Equal_VITIS_LOOP_65_5|  return value|
|grp_fu_10507_p_din0                                                        |  out|   32|  ap_ctrl_hs|                top_kernel_Pipeline_K2_Apply_Equal_VITIS_LOOP_65_5|  return value|
|grp_fu_10507_p_din1                                                        |  out|   32|  ap_ctrl_hs|                top_kernel_Pipeline_K2_Apply_Equal_VITIS_LOOP_65_5|  return value|
|grp_fu_10507_p_dout0                                                       |   in|   32|  ap_ctrl_hs|                top_kernel_Pipeline_K2_Apply_Equal_VITIS_LOOP_65_5|  return value|
|grp_fu_10507_p_ce                                                          |  out|    1|  ap_ctrl_hs|                top_kernel_Pipeline_K2_Apply_Equal_VITIS_LOOP_65_5|  return value|
|mux_case_011331749_reload                                                  |   in|   32|     ap_none|                                         mux_case_011331749_reload|        scalar|
|mux_case_111351753_reload                                                  |   in|   32|     ap_none|                                         mux_case_111351753_reload|        scalar|
|mux_case_211371757_reload                                                  |   in|   32|     ap_none|                                         mux_case_211371757_reload|        scalar|
|mux_case_311391761_reload                                                  |   in|   32|     ap_none|                                         mux_case_311391761_reload|        scalar|
|mux_case_411411765_reload                                                  |   in|   32|     ap_none|                                         mux_case_411411765_reload|        scalar|
|mux_case_511431769_reload                                                  |   in|   32|     ap_none|                                         mux_case_511431769_reload|        scalar|
|mux_case_611451773_reload                                                  |   in|   32|     ap_none|                                         mux_case_611451773_reload|        scalar|
|mux_case_711471777_reload                                                  |   in|   32|     ap_none|                                         mux_case_711471777_reload|        scalar|
|mux_case_811491781_reload                                                  |   in|   32|     ap_none|                                         mux_case_811491781_reload|        scalar|
|mux_case_911511785_reload                                                  |   in|   32|     ap_none|                                         mux_case_911511785_reload|        scalar|
|mux_case_1011531789_reload                                                 |   in|   32|     ap_none|                                        mux_case_1011531789_reload|        scalar|
|mux_case_1111551793_reload                                                 |   in|   32|     ap_none|                                        mux_case_1111551793_reload|        scalar|
|mux_case_1211571797_reload                                                 |   in|   32|     ap_none|                                        mux_case_1211571797_reload|        scalar|
|mux_case_1311591801_reload                                                 |   in|   32|     ap_none|                                        mux_case_1311591801_reload|        scalar|
|mux_case_1411611805_reload                                                 |   in|   32|     ap_none|                                        mux_case_1411611805_reload|        scalar|
|mux_case_1511631809_reload                                                 |   in|   32|     ap_none|                                        mux_case_1511631809_reload|        scalar|
|mux_case_1611651813_reload                                                 |   in|   32|     ap_none|                                        mux_case_1611651813_reload|        scalar|
|mux_case_1711671817_reload                                                 |   in|   32|     ap_none|                                        mux_case_1711671817_reload|        scalar|
|mux_case_1811691821_reload                                                 |   in|   32|     ap_none|                                        mux_case_1811691821_reload|        scalar|
|mux_case_1911711825_reload                                                 |   in|   32|     ap_none|                                        mux_case_1911711825_reload|        scalar|
|mux_case_2011731829_reload                                                 |   in|   32|     ap_none|                                        mux_case_2011731829_reload|        scalar|
|mux_case_2111751833_reload                                                 |   in|   32|     ap_none|                                        mux_case_2111751833_reload|        scalar|
|mux_case_2211771837_reload                                                 |   in|   32|     ap_none|                                        mux_case_2211771837_reload|        scalar|
|mux_case_2311791841_reload                                                 |   in|   32|     ap_none|                                        mux_case_2311791841_reload|        scalar|
|mux_case_2411811845_reload                                                 |   in|   32|     ap_none|                                        mux_case_2411811845_reload|        scalar|
|mux_case_2511831849_reload                                                 |   in|   32|     ap_none|                                        mux_case_2511831849_reload|        scalar|
|mux_case_2611851853_reload                                                 |   in|   32|     ap_none|                                        mux_case_2611851853_reload|        scalar|
|mux_case_2711871857_reload                                                 |   in|   32|     ap_none|                                        mux_case_2711871857_reload|        scalar|
|mux_case_2811891861_reload                                                 |   in|   32|     ap_none|                                        mux_case_2811891861_reload|        scalar|
|mux_case_2911911865_reload                                                 |   in|   32|     ap_none|                                        mux_case_2911911865_reload|        scalar|
|mux_case_3011931869_reload                                                 |   in|   32|     ap_none|                                        mux_case_3011931869_reload|        scalar|
|mux_case_3111951873_reload                                                 |   in|   32|     ap_none|                                        mux_case_3111951873_reload|        scalar|
|mux_case_3211971877_reload                                                 |   in|   32|     ap_none|                                        mux_case_3211971877_reload|        scalar|
|mux_case_3311991881_reload                                                 |   in|   32|     ap_none|                                        mux_case_3311991881_reload|        scalar|
|mux_case_3412011885_reload                                                 |   in|   32|     ap_none|                                        mux_case_3412011885_reload|        scalar|
|mux_case_3512031889_reload                                                 |   in|   32|     ap_none|                                        mux_case_3512031889_reload|        scalar|
|mux_case_3612051893_reload                                                 |   in|   32|     ap_none|                                        mux_case_3612051893_reload|        scalar|
|mux_case_3712071897_reload                                                 |   in|   32|     ap_none|                                        mux_case_3712071897_reload|        scalar|
|mux_case_3812091901_reload                                                 |   in|   32|     ap_none|                                        mux_case_3812091901_reload|        scalar|
|mux_case_3912111905_reload                                                 |   in|   32|     ap_none|                                        mux_case_3912111905_reload|        scalar|
|mux_case_4012131909_reload                                                 |   in|   32|     ap_none|                                        mux_case_4012131909_reload|        scalar|
|mux_case_4112151913_reload                                                 |   in|   32|     ap_none|                                        mux_case_4112151913_reload|        scalar|
|mux_case_4212171917_reload                                                 |   in|   32|     ap_none|                                        mux_case_4212171917_reload|        scalar|
|mux_case_4312191921_reload                                                 |   in|   32|     ap_none|                                        mux_case_4312191921_reload|        scalar|
|mux_case_4412211925_reload                                                 |   in|   32|     ap_none|                                        mux_case_4412211925_reload|        scalar|
|mux_case_4512231929_reload                                                 |   in|   32|     ap_none|                                        mux_case_4512231929_reload|        scalar|
|mux_case_4612251933_reload                                                 |   in|   32|     ap_none|                                        mux_case_4612251933_reload|        scalar|
|mux_case_4712271937_reload                                                 |   in|   32|     ap_none|                                        mux_case_4712271937_reload|        scalar|
|mux_case_4812291941_reload                                                 |   in|   32|     ap_none|                                        mux_case_4812291941_reload|        scalar|
|mux_case_4912311945_reload                                                 |   in|   32|     ap_none|                                        mux_case_4912311945_reload|        scalar|
|mux_case_5012331949_reload                                                 |   in|   32|     ap_none|                                        mux_case_5012331949_reload|        scalar|
|mux_case_5112351953_reload                                                 |   in|   32|     ap_none|                                        mux_case_5112351953_reload|        scalar|
|mux_case_5212371957_reload                                                 |   in|   32|     ap_none|                                        mux_case_5212371957_reload|        scalar|
|mux_case_5312391961_reload                                                 |   in|   32|     ap_none|                                        mux_case_5312391961_reload|        scalar|
|mux_case_5412411965_reload                                                 |   in|   32|     ap_none|                                        mux_case_5412411965_reload|        scalar|
|mux_case_5512431969_reload                                                 |   in|   32|     ap_none|                                        mux_case_5512431969_reload|        scalar|
|mux_case_5612451973_reload                                                 |   in|   32|     ap_none|                                        mux_case_5612451973_reload|        scalar|
|mux_case_5712471977_reload                                                 |   in|   32|     ap_none|                                        mux_case_5712471977_reload|        scalar|
|mux_case_5812491981_reload                                                 |   in|   32|     ap_none|                                        mux_case_5812491981_reload|        scalar|
|mux_case_5912511985_reload                                                 |   in|   32|     ap_none|                                        mux_case_5912511985_reload|        scalar|
|mux_case_6012531989_reload                                                 |   in|   32|     ap_none|                                        mux_case_6012531989_reload|        scalar|
|mux_case_6112551993_reload                                                 |   in|   32|     ap_none|                                        mux_case_6112551993_reload|        scalar|
|mux_case_6212571997_reload                                                 |   in|   32|     ap_none|                                        mux_case_6212571997_reload|        scalar|
|mux_case_6312592001_reload                                                 |   in|   32|     ap_none|                                        mux_case_6312592001_reload|        scalar|
|mux_case_6412612005_reload                                                 |   in|   32|     ap_none|                                        mux_case_6412612005_reload|        scalar|
|mux_case_6512632009_reload                                                 |   in|   32|     ap_none|                                        mux_case_6512632009_reload|        scalar|
|mux_case_6612652013_reload                                                 |   in|   32|     ap_none|                                        mux_case_6612652013_reload|        scalar|
|mux_case_6712672017_reload                                                 |   in|   32|     ap_none|                                        mux_case_6712672017_reload|        scalar|
|mux_case_6812692021_reload                                                 |   in|   32|     ap_none|                                        mux_case_6812692021_reload|        scalar|
|mux_case_6912712025_reload                                                 |   in|   32|     ap_none|                                        mux_case_6912712025_reload|        scalar|
|mux_case_7012732029_reload                                                 |   in|   32|     ap_none|                                        mux_case_7012732029_reload|        scalar|
|mux_case_7112752033_reload                                                 |   in|   32|     ap_none|                                        mux_case_7112752033_reload|        scalar|
|mux_case_7212772037_reload                                                 |   in|   32|     ap_none|                                        mux_case_7212772037_reload|        scalar|
|mux_case_7312792041_reload                                                 |   in|   32|     ap_none|                                        mux_case_7312792041_reload|        scalar|
|mux_case_7412812045_reload                                                 |   in|   32|     ap_none|                                        mux_case_7412812045_reload|        scalar|
|mux_case_7512832049_reload                                                 |   in|   32|     ap_none|                                        mux_case_7512832049_reload|        scalar|
|mux_case_7612852053_reload                                                 |   in|   32|     ap_none|                                        mux_case_7612852053_reload|        scalar|
|mux_case_7712872057_reload                                                 |   in|   32|     ap_none|                                        mux_case_7712872057_reload|        scalar|
|mux_case_7812892061_reload                                                 |   in|   32|     ap_none|                                        mux_case_7812892061_reload|        scalar|
|mux_case_7912912065_reload                                                 |   in|   32|     ap_none|                                        mux_case_7912912065_reload|        scalar|
|mux_case_8012932069_reload                                                 |   in|   32|     ap_none|                                        mux_case_8012932069_reload|        scalar|
|mux_case_8112952073_reload                                                 |   in|   32|     ap_none|                                        mux_case_8112952073_reload|        scalar|
|mux_case_8212972077_reload                                                 |   in|   32|     ap_none|                                        mux_case_8212972077_reload|        scalar|
|mux_case_8312992081_reload                                                 |   in|   32|     ap_none|                                        mux_case_8312992081_reload|        scalar|
|mux_case_8413012085_reload                                                 |   in|   32|     ap_none|                                        mux_case_8413012085_reload|        scalar|
|mux_case_8513032089_reload                                                 |   in|   32|     ap_none|                                        mux_case_8513032089_reload|        scalar|
|mux_case_8613052093_reload                                                 |   in|   32|     ap_none|                                        mux_case_8613052093_reload|        scalar|
|mux_case_8713072097_reload                                                 |   in|   32|     ap_none|                                        mux_case_8713072097_reload|        scalar|
|mux_case_8813092101_reload                                                 |   in|   32|     ap_none|                                        mux_case_8813092101_reload|        scalar|
|mux_case_8913112105_reload                                                 |   in|   32|     ap_none|                                        mux_case_8913112105_reload|        scalar|
|mux_case_9013132109_reload                                                 |   in|   32|     ap_none|                                        mux_case_9013132109_reload|        scalar|
|mux_case_9113152113_reload                                                 |   in|   32|     ap_none|                                        mux_case_9113152113_reload|        scalar|
|mux_case_9213172117_reload                                                 |   in|   32|     ap_none|                                        mux_case_9213172117_reload|        scalar|
|mux_case_9313192121_reload                                                 |   in|   32|     ap_none|                                        mux_case_9313192121_reload|        scalar|
|mux_case_9413212125_reload                                                 |   in|   32|     ap_none|                                        mux_case_9413212125_reload|        scalar|
|mux_case_9513232129_reload                                                 |   in|   32|     ap_none|                                        mux_case_9513232129_reload|        scalar|
|mux_case_9613252133_reload                                                 |   in|   32|     ap_none|                                        mux_case_9613252133_reload|        scalar|
|mux_case_9713272137_reload                                                 |   in|   32|     ap_none|                                        mux_case_9713272137_reload|        scalar|
|mux_case_9813292141_reload                                                 |   in|   32|     ap_none|                                        mux_case_9813292141_reload|        scalar|
|mux_case_9913312145_reload                                                 |   in|   32|     ap_none|                                        mux_case_9913312145_reload|        scalar|
|mux_case_10013332149_reload                                                |   in|   32|     ap_none|                                       mux_case_10013332149_reload|        scalar|
|mux_case_10113352153_reload                                                |   in|   32|     ap_none|                                       mux_case_10113352153_reload|        scalar|
|mux_case_10213372157_reload                                                |   in|   32|     ap_none|                                       mux_case_10213372157_reload|        scalar|
|mux_case_10313392161_reload                                                |   in|   32|     ap_none|                                       mux_case_10313392161_reload|        scalar|
|mux_case_10413412165_reload                                                |   in|   32|     ap_none|                                       mux_case_10413412165_reload|        scalar|
|mux_case_10513432169_reload                                                |   in|   32|     ap_none|                                       mux_case_10513432169_reload|        scalar|
|mux_case_10613452173_reload                                                |   in|   32|     ap_none|                                       mux_case_10613452173_reload|        scalar|
|mux_case_10713472177_reload                                                |   in|   32|     ap_none|                                       mux_case_10713472177_reload|        scalar|
|mux_case_10813492181_reload                                                |   in|   32|     ap_none|                                       mux_case_10813492181_reload|        scalar|
|mux_case_10913512185_reload                                                |   in|   32|     ap_none|                                       mux_case_10913512185_reload|        scalar|
|mux_case_11013532189_reload                                                |   in|   32|     ap_none|                                       mux_case_11013532189_reload|        scalar|
|mux_case_11113552193_reload                                                |   in|   32|     ap_none|                                       mux_case_11113552193_reload|        scalar|
|mux_case_11213572197_reload                                                |   in|   32|     ap_none|                                       mux_case_11213572197_reload|        scalar|
|mux_case_11313592201_reload                                                |   in|   32|     ap_none|                                       mux_case_11313592201_reload|        scalar|
|mux_case_11413612205_reload                                                |   in|   32|     ap_none|                                       mux_case_11413612205_reload|        scalar|
|mux_case_11513632209_reload                                                |   in|   32|     ap_none|                                       mux_case_11513632209_reload|        scalar|
|mux_case_11613652213_reload                                                |   in|   32|     ap_none|                                       mux_case_11613652213_reload|        scalar|
|mux_case_11713672217_reload                                                |   in|   32|     ap_none|                                       mux_case_11713672217_reload|        scalar|
|mux_case_11813692221_reload                                                |   in|   32|     ap_none|                                       mux_case_11813692221_reload|        scalar|
|mux_case_11913712225_reload                                                |   in|   32|     ap_none|                                       mux_case_11913712225_reload|        scalar|
|mux_case_12013732229_reload                                                |   in|   32|     ap_none|                                       mux_case_12013732229_reload|        scalar|
|mux_case_12113752233_reload                                                |   in|   32|     ap_none|                                       mux_case_12113752233_reload|        scalar|
|mux_case_12213772237_reload                                                |   in|   32|     ap_none|                                       mux_case_12213772237_reload|        scalar|
|mux_case_12313792241_reload                                                |   in|   32|     ap_none|                                       mux_case_12313792241_reload|        scalar|
|mux_case_12413812245_reload                                                |   in|   32|     ap_none|                                       mux_case_12413812245_reload|        scalar|
|mux_case_12513832249_reload                                                |   in|   32|     ap_none|                                       mux_case_12513832249_reload|        scalar|
|mux_case_12613852253_reload                                                |   in|   32|     ap_none|                                       mux_case_12613852253_reload|        scalar|
|mux_case_12713872257_reload                                                |   in|   32|     ap_none|                                       mux_case_12713872257_reload|        scalar|
|mux_case_12813892261_reload                                                |   in|   32|     ap_none|                                       mux_case_12813892261_reload|        scalar|
|mux_case_12913912265_reload                                                |   in|   32|     ap_none|                                       mux_case_12913912265_reload|        scalar|
|mux_case_13013932269_reload                                                |   in|   32|     ap_none|                                       mux_case_13013932269_reload|        scalar|
|mux_case_13113952273_reload                                                |   in|   32|     ap_none|                                       mux_case_13113952273_reload|        scalar|
|mux_case_13213972277_reload                                                |   in|   32|     ap_none|                                       mux_case_13213972277_reload|        scalar|
|mux_case_13313992281_reload                                                |   in|   32|     ap_none|                                       mux_case_13313992281_reload|        scalar|
|mux_case_13414012285_reload                                                |   in|   32|     ap_none|                                       mux_case_13414012285_reload|        scalar|
|mux_case_13514032289_reload                                                |   in|   32|     ap_none|                                       mux_case_13514032289_reload|        scalar|
|mux_case_13614052293_reload                                                |   in|   32|     ap_none|                                       mux_case_13614052293_reload|        scalar|
|mux_case_13714072297_reload                                                |   in|   32|     ap_none|                                       mux_case_13714072297_reload|        scalar|
|mux_case_13814092301_reload                                                |   in|   32|     ap_none|                                       mux_case_13814092301_reload|        scalar|
|mux_case_13914112305_reload                                                |   in|   32|     ap_none|                                       mux_case_13914112305_reload|        scalar|
|mux_case_14014132309_reload                                                |   in|   32|     ap_none|                                       mux_case_14014132309_reload|        scalar|
|mux_case_14114152313_reload                                                |   in|   32|     ap_none|                                       mux_case_14114152313_reload|        scalar|
|mux_case_14214172317_reload                                                |   in|   32|     ap_none|                                       mux_case_14214172317_reload|        scalar|
|mux_case_14314192321_reload                                                |   in|   32|     ap_none|                                       mux_case_14314192321_reload|        scalar|
|mux_case_14414212325_reload                                                |   in|   32|     ap_none|                                       mux_case_14414212325_reload|        scalar|
|mux_case_14514232329_reload                                                |   in|   32|     ap_none|                                       mux_case_14514232329_reload|        scalar|
|mux_case_14614252333_reload                                                |   in|   32|     ap_none|                                       mux_case_14614252333_reload|        scalar|
|mux_case_14714272337_reload                                                |   in|   32|     ap_none|                                       mux_case_14714272337_reload|        scalar|
|mux_case_14814292341_reload                                                |   in|   32|     ap_none|                                       mux_case_14814292341_reload|        scalar|
|mux_case_14914312345_reload                                                |   in|   32|     ap_none|                                       mux_case_14914312345_reload|        scalar|
|mux_case_15014332349_reload                                                |   in|   32|     ap_none|                                       mux_case_15014332349_reload|        scalar|
|mux_case_15114352353_reload                                                |   in|   32|     ap_none|                                       mux_case_15114352353_reload|        scalar|
|mux_case_15214372357_reload                                                |   in|   32|     ap_none|                                       mux_case_15214372357_reload|        scalar|
|mux_case_15314392361_reload                                                |   in|   32|     ap_none|                                       mux_case_15314392361_reload|        scalar|
|mux_case_15414412365_reload                                                |   in|   32|     ap_none|                                       mux_case_15414412365_reload|        scalar|
|mux_case_15514432369_reload                                                |   in|   32|     ap_none|                                       mux_case_15514432369_reload|        scalar|
|mux_case_15614452373_reload                                                |   in|   32|     ap_none|                                       mux_case_15614452373_reload|        scalar|
|mux_case_15714472377_reload                                                |   in|   32|     ap_none|                                       mux_case_15714472377_reload|        scalar|
|mux_case_15814492381_reload                                                |   in|   32|     ap_none|                                       mux_case_15814492381_reload|        scalar|
|mux_case_15914512385_reload                                                |   in|   32|     ap_none|                                       mux_case_15914512385_reload|        scalar|
|mux_case_16014532389_reload                                                |   in|   32|     ap_none|                                       mux_case_16014532389_reload|        scalar|
|mux_case_16114552393_reload                                                |   in|   32|     ap_none|                                       mux_case_16114552393_reload|        scalar|
|mux_case_16214572397_reload                                                |   in|   32|     ap_none|                                       mux_case_16214572397_reload|        scalar|
|mux_case_16314592401_reload                                                |   in|   32|     ap_none|                                       mux_case_16314592401_reload|        scalar|
|mux_case_16414612405_reload                                                |   in|   32|     ap_none|                                       mux_case_16414612405_reload|        scalar|
|mux_case_16514632409_reload                                                |   in|   32|     ap_none|                                       mux_case_16514632409_reload|        scalar|
|mux_case_16614652413_reload                                                |   in|   32|     ap_none|                                       mux_case_16614652413_reload|        scalar|
|mux_case_16714672417_reload                                                |   in|   32|     ap_none|                                       mux_case_16714672417_reload|        scalar|
|mux_case_16814692421_reload                                                |   in|   32|     ap_none|                                       mux_case_16814692421_reload|        scalar|
|mux_case_16914712425_reload                                                |   in|   32|     ap_none|                                       mux_case_16914712425_reload|        scalar|
|mux_case_17014732429_reload                                                |   in|   32|     ap_none|                                       mux_case_17014732429_reload|        scalar|
|mux_case_17114752433_reload                                                |   in|   32|     ap_none|                                       mux_case_17114752433_reload|        scalar|
|mux_case_17214772437_reload                                                |   in|   32|     ap_none|                                       mux_case_17214772437_reload|        scalar|
|mux_case_17314792441_reload                                                |   in|   32|     ap_none|                                       mux_case_17314792441_reload|        scalar|
|mux_case_17414812445_reload                                                |   in|   32|     ap_none|                                       mux_case_17414812445_reload|        scalar|
|mux_case_17514832449_reload                                                |   in|   32|     ap_none|                                       mux_case_17514832449_reload|        scalar|
|mux_case_17614852453_reload                                                |   in|   32|     ap_none|                                       mux_case_17614852453_reload|        scalar|
|mux_case_17714872457_reload                                                |   in|   32|     ap_none|                                       mux_case_17714872457_reload|        scalar|
|mux_case_17814892461_reload                                                |   in|   32|     ap_none|                                       mux_case_17814892461_reload|        scalar|
|mux_case_17914912465_reload                                                |   in|   32|     ap_none|                                       mux_case_17914912465_reload|        scalar|
|mux_case_18014932469_reload                                                |   in|   32|     ap_none|                                       mux_case_18014932469_reload|        scalar|
|mux_case_18114952473_reload                                                |   in|   32|     ap_none|                                       mux_case_18114952473_reload|        scalar|
|mux_case_18214972477_reload                                                |   in|   32|     ap_none|                                       mux_case_18214972477_reload|        scalar|
|mux_case_18314992481_reload                                                |   in|   32|     ap_none|                                       mux_case_18314992481_reload|        scalar|
|mux_case_18415012485_reload                                                |   in|   32|     ap_none|                                       mux_case_18415012485_reload|        scalar|
|mux_case_18515032489_reload                                                |   in|   32|     ap_none|                                       mux_case_18515032489_reload|        scalar|
|mux_case_18615052493_reload                                                |   in|   32|     ap_none|                                       mux_case_18615052493_reload|        scalar|
|mux_case_18715072497_reload                                                |   in|   32|     ap_none|                                       mux_case_18715072497_reload|        scalar|
|mux_case_18815092501_reload                                                |   in|   32|     ap_none|                                       mux_case_18815092501_reload|        scalar|
|mux_case_18915112505_reload                                                |   in|   32|     ap_none|                                       mux_case_18915112505_reload|        scalar|
|mux_case_19015132509_reload                                                |   in|   32|     ap_none|                                       mux_case_19015132509_reload|        scalar|
|mux_case_19115152513_reload                                                |   in|   32|     ap_none|                                       mux_case_19115152513_reload|        scalar|
|mux_case_19215172517_reload                                                |   in|   32|     ap_none|                                       mux_case_19215172517_reload|        scalar|
|mux_case_19315192521_reload                                                |   in|   32|     ap_none|                                       mux_case_19315192521_reload|        scalar|
|mux_case_19415212525_reload                                                |   in|   32|     ap_none|                                       mux_case_19415212525_reload|        scalar|
|mux_case_19515232529_reload                                                |   in|   32|     ap_none|                                       mux_case_19515232529_reload|        scalar|
|mux_case_19615252533_reload                                                |   in|   32|     ap_none|                                       mux_case_19615252533_reload|        scalar|
|mux_case_19715272537_reload                                                |   in|   32|     ap_none|                                       mux_case_19715272537_reload|        scalar|
|mux_case_19815292541_reload                                                |   in|   32|     ap_none|                                       mux_case_19815292541_reload|        scalar|
|mux_case_19915312545_reload                                                |   in|   32|     ap_none|                                       mux_case_19915312545_reload|        scalar|
|mux_case_20015332549_reload                                                |   in|   32|     ap_none|                                       mux_case_20015332549_reload|        scalar|
|mux_case_20115352553_reload                                                |   in|   32|     ap_none|                                       mux_case_20115352553_reload|        scalar|
|mux_case_20215372557_reload                                                |   in|   32|     ap_none|                                       mux_case_20215372557_reload|        scalar|
|mux_case_20315392561_reload                                                |   in|   32|     ap_none|                                       mux_case_20315392561_reload|        scalar|
|mux_case_20415412565_reload                                                |   in|   32|     ap_none|                                       mux_case_20415412565_reload|        scalar|
|mux_case_20515432569_reload                                                |   in|   32|     ap_none|                                       mux_case_20515432569_reload|        scalar|
|mux_case_20615452573_reload                                                |   in|   32|     ap_none|                                       mux_case_20615452573_reload|        scalar|
|mux_case_20715472577_reload                                                |   in|   32|     ap_none|                                       mux_case_20715472577_reload|        scalar|
|mux_case_20815492581_reload                                                |   in|   32|     ap_none|                                       mux_case_20815492581_reload|        scalar|
|mux_case_20915512585_reload                                                |   in|   32|     ap_none|                                       mux_case_20915512585_reload|        scalar|
|mux_case_21015532589_reload                                                |   in|   32|     ap_none|                                       mux_case_21015532589_reload|        scalar|
|mux_case_21115552593_reload                                                |   in|   32|     ap_none|                                       mux_case_21115552593_reload|        scalar|
|mux_case_21215572597_reload                                                |   in|   32|     ap_none|                                       mux_case_21215572597_reload|        scalar|
|mux_case_21315592601_reload                                                |   in|   32|     ap_none|                                       mux_case_21315592601_reload|        scalar|
|mux_case_21415612605_reload                                                |   in|   32|     ap_none|                                       mux_case_21415612605_reload|        scalar|
|mux_case_21515632609_reload                                                |   in|   32|     ap_none|                                       mux_case_21515632609_reload|        scalar|
|mux_case_21615652613_reload                                                |   in|   32|     ap_none|                                       mux_case_21615652613_reload|        scalar|
|mux_case_21715672617_reload                                                |   in|   32|     ap_none|                                       mux_case_21715672617_reload|        scalar|
|mux_case_21815692621_reload                                                |   in|   32|     ap_none|                                       mux_case_21815692621_reload|        scalar|
|mux_case_21915712625_reload                                                |   in|   32|     ap_none|                                       mux_case_21915712625_reload|        scalar|
|mux_case_22015732629_reload                                                |   in|   32|     ap_none|                                       mux_case_22015732629_reload|        scalar|
|mux_case_22115752633_reload                                                |   in|   32|     ap_none|                                       mux_case_22115752633_reload|        scalar|
|mux_case_22215772637_reload                                                |   in|   32|     ap_none|                                       mux_case_22215772637_reload|        scalar|
|mux_case_22315792641_reload                                                |   in|   32|     ap_none|                                       mux_case_22315792641_reload|        scalar|
|mux_case_22415812645_reload                                                |   in|   32|     ap_none|                                       mux_case_22415812645_reload|        scalar|
|mux_case_22515832649_reload                                                |   in|   32|     ap_none|                                       mux_case_22515832649_reload|        scalar|
|mux_case_22615852653_reload                                                |   in|   32|     ap_none|                                       mux_case_22615852653_reload|        scalar|
|mux_case_22715872657_reload                                                |   in|   32|     ap_none|                                       mux_case_22715872657_reload|        scalar|
|mux_case_22815892661_reload                                                |   in|   32|     ap_none|                                       mux_case_22815892661_reload|        scalar|
|mux_case_22915912665_reload                                                |   in|   32|     ap_none|                                       mux_case_22915912665_reload|        scalar|
|mux_case_23015932669_reload                                                |   in|   32|     ap_none|                                       mux_case_23015932669_reload|        scalar|
|mux_case_23115952673_reload                                                |   in|   32|     ap_none|                                       mux_case_23115952673_reload|        scalar|
|mux_case_23215972677_reload                                                |   in|   32|     ap_none|                                       mux_case_23215972677_reload|        scalar|
|mux_case_23315992681_reload                                                |   in|   32|     ap_none|                                       mux_case_23315992681_reload|        scalar|
|mux_case_23416012685_reload                                                |   in|   32|     ap_none|                                       mux_case_23416012685_reload|        scalar|
|mux_case_23516032689_reload                                                |   in|   32|     ap_none|                                       mux_case_23516032689_reload|        scalar|
|mux_case_23616052693_reload                                                |   in|   32|     ap_none|                                       mux_case_23616052693_reload|        scalar|
|mux_case_23716072697_reload                                                |   in|   32|     ap_none|                                       mux_case_23716072697_reload|        scalar|
|mux_case_23816092701_reload                                                |   in|   32|     ap_none|                                       mux_case_23816092701_reload|        scalar|
|mux_case_23916112705_reload                                                |   in|   32|     ap_none|                                       mux_case_23916112705_reload|        scalar|
|mux_case_24016132709_reload                                                |   in|   32|     ap_none|                                       mux_case_24016132709_reload|        scalar|
|mux_case_24116152713_reload                                                |   in|   32|     ap_none|                                       mux_case_24116152713_reload|        scalar|
|mux_case_24216172717_reload                                                |   in|   32|     ap_none|                                       mux_case_24216172717_reload|        scalar|
|mux_case_24316192721_reload                                                |   in|   32|     ap_none|                                       mux_case_24316192721_reload|        scalar|
|mux_case_24416212725_reload                                                |   in|   32|     ap_none|                                       mux_case_24416212725_reload|        scalar|
|mux_case_24516232729_reload                                                |   in|   32|     ap_none|                                       mux_case_24516232729_reload|        scalar|
|mux_case_24616252733_reload                                                |   in|   32|     ap_none|                                       mux_case_24616252733_reload|        scalar|
|mux_case_24716272737_reload                                                |   in|   32|     ap_none|                                       mux_case_24716272737_reload|        scalar|
|mux_case_24816292741_reload                                                |   in|   32|     ap_none|                                       mux_case_24816292741_reload|        scalar|
|mux_case_24916312745_reload                                                |   in|   32|     ap_none|                                       mux_case_24916312745_reload|        scalar|
|mux_case_25016332749_reload                                                |   in|   32|     ap_none|                                       mux_case_25016332749_reload|        scalar|
|mux_case_25116352753_reload                                                |   in|   32|     ap_none|                                       mux_case_25116352753_reload|        scalar|
|mux_case_25216372757_reload                                                |   in|   32|     ap_none|                                       mux_case_25216372757_reload|        scalar|
|mux_case_25316392761_reload                                                |   in|   32|     ap_none|                                       mux_case_25316392761_reload|        scalar|
|mux_case_25416412765_reload                                                |   in|   32|     ap_none|                                       mux_case_25416412765_reload|        scalar|
|p_reload                                                                   |   in|   32|     ap_none|                                                          p_reload|        scalar|
|p_ZZ10top_kernelPKfS0_S0_PfE9equalized_0_0_address0                        |  out|    9|   ap_memory|                        p_ZZ10top_kernelPKfS0_S0_PfE9equalized_0_0|         array|
|p_ZZ10top_kernelPKfS0_S0_PfE9equalized_0_0_ce0                             |  out|    1|   ap_memory|                        p_ZZ10top_kernelPKfS0_S0_PfE9equalized_0_0|         array|
|p_ZZ10top_kernelPKfS0_S0_PfE9equalized_0_0_we0                             |  out|    1|   ap_memory|                        p_ZZ10top_kernelPKfS0_S0_PfE9equalized_0_0|         array|
|p_ZZ10top_kernelPKfS0_S0_PfE9equalized_0_0_d0                              |  out|   32|   ap_memory|                        p_ZZ10top_kernelPKfS0_S0_PfE9equalized_0_0|         array|
|top_kernel_float_const_float_const_float_const_float_intensity_address0    |  out|   11|   ap_memory|    top_kernel_float_const_float_const_float_const_float_intensity|         array|
|top_kernel_float_const_float_const_float_const_float_intensity_ce0         |  out|    1|   ap_memory|    top_kernel_float_const_float_const_float_const_float_intensity|         array|
|top_kernel_float_const_float_const_float_const_float_intensity_q0          |   in|   32|   ap_memory|    top_kernel_float_const_float_const_float_const_float_intensity|         array|
|top_kernel_float_const_float_const_float_const_float_intensity_1_address0  |  out|   11|   ap_memory|  top_kernel_float_const_float_const_float_const_float_intensity_1|         array|
|top_kernel_float_const_float_const_float_const_float_intensity_1_ce0       |  out|    1|   ap_memory|  top_kernel_float_const_float_const_float_const_float_intensity_1|         array|
|top_kernel_float_const_float_const_float_const_float_intensity_1_q0        |   in|   32|   ap_memory|  top_kernel_float_const_float_const_float_const_float_intensity_1|         array|
|p_ZZ10top_kernelPKfS0_S0_PfE9equalized_0_1_address0                        |  out|    9|   ap_memory|                        p_ZZ10top_kernelPKfS0_S0_PfE9equalized_0_1|         array|
|p_ZZ10top_kernelPKfS0_S0_PfE9equalized_0_1_ce0                             |  out|    1|   ap_memory|                        p_ZZ10top_kernelPKfS0_S0_PfE9equalized_0_1|         array|
|p_ZZ10top_kernelPKfS0_S0_PfE9equalized_0_1_we0                             |  out|    1|   ap_memory|                        p_ZZ10top_kernelPKfS0_S0_PfE9equalized_0_1|         array|
|p_ZZ10top_kernelPKfS0_S0_PfE9equalized_0_1_d0                              |  out|   32|   ap_memory|                        p_ZZ10top_kernelPKfS0_S0_PfE9equalized_0_1|         array|
|p_ZZ10top_kernelPKfS0_S0_PfE9equalized_0_2_address0                        |  out|    9|   ap_memory|                        p_ZZ10top_kernelPKfS0_S0_PfE9equalized_0_2|         array|
|p_ZZ10top_kernelPKfS0_S0_PfE9equalized_0_2_ce0                             |  out|    1|   ap_memory|                        p_ZZ10top_kernelPKfS0_S0_PfE9equalized_0_2|         array|
|p_ZZ10top_kernelPKfS0_S0_PfE9equalized_0_2_we0                             |  out|    1|   ap_memory|                        p_ZZ10top_kernelPKfS0_S0_PfE9equalized_0_2|         array|
|p_ZZ10top_kernelPKfS0_S0_PfE9equalized_0_2_d0                              |  out|   32|   ap_memory|                        p_ZZ10top_kernelPKfS0_S0_PfE9equalized_0_2|         array|
|p_ZZ10top_kernelPKfS0_S0_PfE9equalized_0_3_address0                        |  out|    9|   ap_memory|                        p_ZZ10top_kernelPKfS0_S0_PfE9equalized_0_3|         array|
|p_ZZ10top_kernelPKfS0_S0_PfE9equalized_0_3_ce0                             |  out|    1|   ap_memory|                        p_ZZ10top_kernelPKfS0_S0_PfE9equalized_0_3|         array|
|p_ZZ10top_kernelPKfS0_S0_PfE9equalized_0_3_we0                             |  out|    1|   ap_memory|                        p_ZZ10top_kernelPKfS0_S0_PfE9equalized_0_3|         array|
|p_ZZ10top_kernelPKfS0_S0_PfE9equalized_0_3_d0                              |  out|   32|   ap_memory|                        p_ZZ10top_kernelPKfS0_S0_PfE9equalized_0_3|         array|
|p_ZZ10top_kernelPKfS0_S0_PfE9equalized_0_4_address0                        |  out|    9|   ap_memory|                        p_ZZ10top_kernelPKfS0_S0_PfE9equalized_0_4|         array|
|p_ZZ10top_kernelPKfS0_S0_PfE9equalized_0_4_ce0                             |  out|    1|   ap_memory|                        p_ZZ10top_kernelPKfS0_S0_PfE9equalized_0_4|         array|
|p_ZZ10top_kernelPKfS0_S0_PfE9equalized_0_4_we0                             |  out|    1|   ap_memory|                        p_ZZ10top_kernelPKfS0_S0_PfE9equalized_0_4|         array|
|p_ZZ10top_kernelPKfS0_S0_PfE9equalized_0_4_d0                              |  out|   32|   ap_memory|                        p_ZZ10top_kernelPKfS0_S0_PfE9equalized_0_4|         array|
|p_ZZ10top_kernelPKfS0_S0_PfE9equalized_1_0_address0                        |  out|    9|   ap_memory|                        p_ZZ10top_kernelPKfS0_S0_PfE9equalized_1_0|         array|
|p_ZZ10top_kernelPKfS0_S0_PfE9equalized_1_0_ce0                             |  out|    1|   ap_memory|                        p_ZZ10top_kernelPKfS0_S0_PfE9equalized_1_0|         array|
|p_ZZ10top_kernelPKfS0_S0_PfE9equalized_1_0_we0                             |  out|    1|   ap_memory|                        p_ZZ10top_kernelPKfS0_S0_PfE9equalized_1_0|         array|
|p_ZZ10top_kernelPKfS0_S0_PfE9equalized_1_0_d0                              |  out|   32|   ap_memory|                        p_ZZ10top_kernelPKfS0_S0_PfE9equalized_1_0|         array|
|p_ZZ10top_kernelPKfS0_S0_PfE9equalized_1_1_address0                        |  out|    9|   ap_memory|                        p_ZZ10top_kernelPKfS0_S0_PfE9equalized_1_1|         array|
|p_ZZ10top_kernelPKfS0_S0_PfE9equalized_1_1_ce0                             |  out|    1|   ap_memory|                        p_ZZ10top_kernelPKfS0_S0_PfE9equalized_1_1|         array|
|p_ZZ10top_kernelPKfS0_S0_PfE9equalized_1_1_we0                             |  out|    1|   ap_memory|                        p_ZZ10top_kernelPKfS0_S0_PfE9equalized_1_1|         array|
|p_ZZ10top_kernelPKfS0_S0_PfE9equalized_1_1_d0                              |  out|   32|   ap_memory|                        p_ZZ10top_kernelPKfS0_S0_PfE9equalized_1_1|         array|
|p_ZZ10top_kernelPKfS0_S0_PfE9equalized_1_2_address0                        |  out|    9|   ap_memory|                        p_ZZ10top_kernelPKfS0_S0_PfE9equalized_1_2|         array|
|p_ZZ10top_kernelPKfS0_S0_PfE9equalized_1_2_ce0                             |  out|    1|   ap_memory|                        p_ZZ10top_kernelPKfS0_S0_PfE9equalized_1_2|         array|
|p_ZZ10top_kernelPKfS0_S0_PfE9equalized_1_2_we0                             |  out|    1|   ap_memory|                        p_ZZ10top_kernelPKfS0_S0_PfE9equalized_1_2|         array|
|p_ZZ10top_kernelPKfS0_S0_PfE9equalized_1_2_d0                              |  out|   32|   ap_memory|                        p_ZZ10top_kernelPKfS0_S0_PfE9equalized_1_2|         array|
|p_ZZ10top_kernelPKfS0_S0_PfE9equalized_1_3_address0                        |  out|    9|   ap_memory|                        p_ZZ10top_kernelPKfS0_S0_PfE9equalized_1_3|         array|
|p_ZZ10top_kernelPKfS0_S0_PfE9equalized_1_3_ce0                             |  out|    1|   ap_memory|                        p_ZZ10top_kernelPKfS0_S0_PfE9equalized_1_3|         array|
|p_ZZ10top_kernelPKfS0_S0_PfE9equalized_1_3_we0                             |  out|    1|   ap_memory|                        p_ZZ10top_kernelPKfS0_S0_PfE9equalized_1_3|         array|
|p_ZZ10top_kernelPKfS0_S0_PfE9equalized_1_3_d0                              |  out|   32|   ap_memory|                        p_ZZ10top_kernelPKfS0_S0_PfE9equalized_1_3|         array|
|p_ZZ10top_kernelPKfS0_S0_PfE9equalized_1_4_address0                        |  out|    9|   ap_memory|                        p_ZZ10top_kernelPKfS0_S0_PfE9equalized_1_4|         array|
|p_ZZ10top_kernelPKfS0_S0_PfE9equalized_1_4_ce0                             |  out|    1|   ap_memory|                        p_ZZ10top_kernelPKfS0_S0_PfE9equalized_1_4|         array|
|p_ZZ10top_kernelPKfS0_S0_PfE9equalized_1_4_we0                             |  out|    1|   ap_memory|                        p_ZZ10top_kernelPKfS0_S0_PfE9equalized_1_4|         array|
|p_ZZ10top_kernelPKfS0_S0_PfE9equalized_1_4_d0                              |  out|   32|   ap_memory|                        p_ZZ10top_kernelPKfS0_S0_PfE9equalized_1_4|         array|
+---------------------------------------------------------------------------+-----+-----+------------+------------------------------------------------------------------+--------------+

