

================================================================
== Vitis HLS Report for 'top_kernel_Pipeline_K3_Gaussian_VITIS_LOOP_86_6'
================================================================
* Date:           Thu Apr  9 00:35:04 2026

* Version:        2025.1.1 (Build 6214317 on Sep 11 2025)
* Project:        project_1
* Solution:       hls (Vivado IP Flow Target)
* Product family: zynquplus
* Target device:  xczu3eg-sbva484-1-e


================================================================
== Performance Estimates
================================================================
+ Timing: 
    * Summary: 
    +--------+---------+----------+------------+
    |  Clock |  Target | Estimated| Uncertainty|
    +--------+---------+----------+------------+
    |ap_clk  |  4.00 ns|  2.861 ns|     1.08 ns|
    +--------+---------+----------+------------+

+ Latency: 
    * Summary: 
    +---------+---------+-----------+-----------+------+------+------------------------------------------------+
    |  Latency (cycles) |   Latency (absolute)  |   Interval  |                    Pipeline                    |
    |   min   |   max   |    min    |    max    |  min |  max |                      Type                      |
    +---------+---------+-----------+-----------+------+------+------------------------------------------------+
    |     7471|     7471|  29.884 us|  29.884 us|  7202|  7202|  loop auto-rewind stp (delay=0 clock cycles(s))|
    +---------+---------+-----------+-----------+------+------+------------------------------------------------+

    + Detail: 
        * Instance: 
        N/A

        * Loop: 
        +-------------------------------+---------+---------+----------+-----------+-----------+------+----------+
        |                               |  Latency (cycles) | Iteration|  Initiation Interval  | Trip |          |
        |           Loop Name           |   min   |   max   |  Latency |  achieved |   target  | Count| Pipelined|
        +-------------------------------+---------+---------+----------+-----------+-----------+------+----------+
        |- K3_Gaussian_VITIS_LOOP_86_6  |     7469|     7469|       272|          2|          1|  3600|       yes|
        +-------------------------------+---------+---------+----------+-----------+-----------+------+----------+



================================================================
== Utilization Estimates
================================================================
* Summary: 
+-----------------+---------+-----+--------+-------+-----+
|       Name      | BRAM_18K| DSP |   FF   |  LUT  | URAM|
+-----------------+---------+-----+--------+-------+-----+
|DSP              |        -|    1|       -|      -|    -|
|Expression       |        -|    -|       0|    829|    -|
|FIFO             |        -|    -|       -|      -|    -|
|Instance         |        -|    0|     256|    896|    -|
|Memory           |        -|    -|       -|      -|    -|
|Multiplexer      |        -|    -|       0|   2143|    -|
|Register         |        -|    -|    4781|    992|    -|
+-----------------+---------+-----+--------+-------+-----+
|Total            |        0|    1|    5037|   4860|    0|
+-----------------+---------+-----+--------+-------+-----+
|Available        |      432|  360|  141120|  70560|    0|
+-----------------+---------+-----+--------+-------+-----+
|Utilization (%)  |        0|   ~0|       3|      6|    0|
+-----------------+---------+-----+--------+-------+-----+

+ Detail: 
    * Instance: 
    +-----------------------------+-----------------------+---------+----+-----+----+-----+
    |           Instance          |         Module        | BRAM_18K| DSP|  FF | LUT| URAM|
    +-----------------------------+-----------------------+---------+----+-----+----+-----+
    |mul_6ns_8ns_13_1_1_U1115     |mul_6ns_8ns_13_1_1     |        0|   0|    0|  40|    0|
    |mul_6ns_8ns_13_1_1_U1116     |mul_6ns_8ns_13_1_1     |        0|   0|    0|  40|    0|
    |mul_6ns_8ns_13_1_1_U1117     |mul_6ns_8ns_13_1_1     |        0|   0|    0|  40|    0|
    |mul_6ns_8ns_13_1_1_U1118     |mul_6ns_8ns_13_1_1     |        0|   0|    0|  40|    0|
    |mul_6ns_8ns_13_1_1_U1119     |mul_6ns_8ns_13_1_1     |        0|   0|    0|  40|    0|
    |mul_6ns_8ns_13_1_1_U1120     |mul_6ns_8ns_13_1_1     |        0|   0|    0|  40|    0|
    |sparsemux_11_3_32_1_1_U1093  |sparsemux_11_3_32_1_1  |        0|   0|    0|  26|    0|
    |sparsemux_11_3_32_1_1_U1094  |sparsemux_11_3_32_1_1  |        0|   0|    0|  26|    0|
    |sparsemux_11_3_32_1_1_U1095  |sparsemux_11_3_32_1_1  |        0|   0|    0|  26|    0|
    |sparsemux_11_3_32_1_1_U1096  |sparsemux_11_3_32_1_1  |        0|   0|    0|  26|    0|
    |sparsemux_11_3_32_1_1_U1097  |sparsemux_11_3_32_1_1  |        0|   0|    0|  26|    0|
    |sparsemux_11_3_32_1_1_U1098  |sparsemux_11_3_32_1_1  |        0|   0|    0|  26|    0|
    |sparsemux_11_3_32_1_1_U1099  |sparsemux_11_3_32_1_1  |        0|   0|    0|  26|    0|
    |sparsemux_11_3_32_1_1_U1100  |sparsemux_11_3_32_1_1  |        0|   0|    0|  26|    0|
    |sparsemux_11_3_32_1_1_U1101  |sparsemux_11_3_32_1_1  |        0|   0|    0|  26|    0|
    |sparsemux_11_3_32_1_1_U1102  |sparsemux_11_3_32_1_1  |        0|   0|    0|  26|    0|
    |sparsemux_11_3_32_1_1_U1103  |sparsemux_11_3_32_1_1  |        0|   0|    0|  26|    0|
    |sparsemux_11_3_32_1_1_U1104  |sparsemux_11_3_32_1_1  |        0|   0|    0|  26|    0|
    |sparsemux_11_3_32_1_1_U1105  |sparsemux_11_3_32_1_1  |        0|   0|    0|  26|    0|
    |sparsemux_11_3_32_1_1_U1106  |sparsemux_11_3_32_1_1  |        0|   0|    0|  26|    0|
    |sparsemux_11_3_32_1_1_U1107  |sparsemux_11_3_32_1_1  |        0|   0|    0|  26|    0|
    |sparsemux_11_3_32_1_1_U1108  |sparsemux_11_3_32_1_1  |        0|   0|    0|  26|    0|
    |sparsemux_11_3_32_1_1_U1109  |sparsemux_11_3_32_1_1  |        0|   0|    0|  26|    0|
    |sparsemux_11_3_32_1_1_U1110  |sparsemux_11_3_32_1_1  |        0|   0|    0|  26|    0|
    |sparsemux_11_3_32_1_1_U1111  |sparsemux_11_3_32_1_1  |        0|   0|    0|  26|    0|
    |sparsemux_11_3_32_1_1_U1112  |sparsemux_11_3_32_1_1  |        0|   0|    0|  26|    0|
    |urem_6ns_3ns_2_10_1_U1114    |urem_6ns_3ns_2_10_1    |        0|   0|  128|  68|    0|
    |urem_6ns_4ns_3_10_1_U1113    |urem_6ns_4ns_3_10_1    |        0|   0|  128|  68|    0|
    +-----------------------------+-----------------------+---------+----+-----+----+-----+
    |Total                        |                       |        0|   0|  256| 896|    0|
    +-----------------------------+-----------------------+---------+----+-----+----+-----+

    * DSP: 
    +-------------------------------------+-------------------------------+--------------+
    |               Instance              |             Module            |  Expression  |
    +-------------------------------------+-------------------------------+--------------+
    |mac_muladd_6ns_5ns_5ns_11_4_1_U1121  |mac_muladd_6ns_5ns_5ns_11_4_1  |  i0 * i1 + i2|
    +-------------------------------------+-------------------------------+--------------+

    * Memory: 
    N/A

    * FIFO: 
    N/A

    * Expression: 
    +------------------------------------+----------+----+---+----+------------+------------+
    |            Variable Name           | Operation| DSP| FF| LUT| Bitwidth P0| Bitwidth P1|
    +------------------------------------+----------+----+---+----+------------+------------+
    |add_ln85_fu_2984_p2                 |         +|   0|  0|  19|          12|           1|
    |add_ln91_1_fu_3431_p2               |         +|   0|  0|  13|           6|           2|
    |add_ln91_2_fu_3072_p2               |         +|   0|  0|  13|           6|           1|
    |add_ln91_3_fu_3680_p2               |         +|   0|  0|  12|           5|           1|
    |add_ln91_fu_3311_p2                 |         +|   0|  0|  13|           6|           3|
    |empty_38_fu_3098_p2                 |         +|   0|  0|  13|           6|           2|
    |empty_39_fu_3160_p2                 |         +|   0|  0|  13|           6|           2|
    |empty_fu_3093_p2                    |         +|   0|  0|  13|           6|           3|
    |indvars_iv_next243101_fu_3013_p2    |         +|   0|  0|  13|           6|           1|
    |indvars_iv_next243_mid1_fu_3007_p2  |         +|   0|  0|  13|           6|           2|
    |ap_condition_3734                   |       and|   0|  0|   2|           1|           1|
    |icmp_ln85_fu_2978_p2                |      icmp|   0|  0|  19|          12|          10|
    |icmp_ln86_fu_3001_p2                |      icmp|   0|  0|  13|           6|           3|
    |grp_fu_2493_p3                      |    select|   0|  0|  32|           1|          32|
    |grp_fu_2608_p3                      |    select|   0|  0|  32|           1|          32|
    |grp_fu_2723_p3                      |    select|   0|  0|  32|           1|          32|
    |grp_fu_2838_p3                      |    select|   0|  0|  32|           1|          32|
    |grp_fu_2953_p3                      |    select|   0|  0|  32|           1|          32|
    |grp_fu_3035_p0                      |    select|   0|  0|   6|           1|           6|
    |select_ln85_1_fu_3019_p3            |    select|   0|  0|   6|           1|           6|
    |select_ln85_fu_3046_p3              |    select|   0|  0|   6|           1|           2|
    |select_ln91_10_fu_3811_p3           |    select|   0|  0|  32|           1|          32|
    |select_ln91_11_fu_3818_p3           |    select|   0|  0|  32|           1|          32|
    |select_ln91_13_fu_3825_p3           |    select|   0|  0|  32|           1|          32|
    |select_ln91_15_fu_3832_p3           |    select|   0|  0|  32|           1|          32|
    |select_ln91_16_fu_3839_p3           |    select|   0|  0|  32|           1|          32|
    |select_ln91_18_fu_3846_p3           |    select|   0|  0|  32|           1|          32|
    |select_ln91_1_fu_3666_p3            |    select|   0|  0|  32|           1|          32|
    |select_ln91_20_fu_3853_p3           |    select|   0|  0|  32|           1|          32|
    |select_ln91_21_fu_3860_p3           |    select|   0|  0|  32|           1|          32|
    |select_ln91_23_fu_3867_p3           |    select|   0|  0|  32|           1|          32|
    |select_ln91_3_fu_3673_p3            |    select|   0|  0|  32|           1|          32|
    |select_ln91_5_fu_3790_p3            |    select|   0|  0|  32|           1|          32|
    |select_ln91_6_fu_3797_p3            |    select|   0|  0|  32|           1|          32|
    |select_ln91_8_fu_3804_p3            |    select|   0|  0|  32|           1|          32|
    |select_ln91_fu_3659_p3              |    select|   0|  0|  32|           1|          32|
    |ap_enable_pp0                       |       xor|   0|  0|   2|           1|           2|
    +------------------------------------+----------+----+---+----+------------+------------+
    |Total                               |          |   0|  0| 829|         108|         688|
    +------------------------------------+----------+----+---+----+------------+------------+

    * Multiplexer: 
    +-----------------------------------------------------------+----+-----------+-----+-----------+
    |                            Name                           | LUT| Input Size| Bits| Total Bits|
    +-----------------------------------------------------------+----+-----------+-----+-----------+
    |ap_NS_fsm                                                  |  14|          3|    1|          3|
    |ap_done_int                                                |   9|          2|    1|          2|
    |ap_enable_reg_pp0_iter0                                    |   9|          2|    1|          2|
    |ap_enable_reg_pp0_iter1                                    |   9|          2|    1|          2|
    |ap_sig_allocacmp_indvar_flatten20_load                     |   9|          2|   12|         24|
    |c_fu_118                                                   |   9|          2|    6|         12|
    |grp_fu_2259_p0                                             |  14|          3|   32|         96|
    |grp_fu_2259_p1                                             |  14|          3|   32|         96|
    |grp_fu_2264_p0                                             |  14|          3|   32|         96|
    |grp_fu_2264_p1                                             |  14|          3|   32|         96|
    |grp_fu_2268_p0                                             |  14|          3|   32|         96|
    |grp_fu_2268_p1                                             |  14|          3|   32|         96|
    |grp_fu_2272_p0                                             |  14|          3|   32|         96|
    |grp_fu_2272_p1                                             |  14|          3|   32|         96|
    |grp_fu_2276_p0                                             |  14|          3|   32|         96|
    |grp_fu_2276_p1                                             |  14|          3|   32|         96|
    |grp_fu_2280_p0                                             |  14|          3|   32|         96|
    |grp_fu_2280_p1                                             |  14|          3|   32|         96|
    |grp_fu_2284_p0                                             |  14|          3|   32|         96|
    |grp_fu_2284_p1                                             |  14|          3|   32|         96|
    |grp_fu_2288_p0                                             |  14|          3|   32|         96|
    |grp_fu_2288_p1                                             |  14|          3|   32|         96|
    |grp_fu_2292_p0                                             |  14|          3|   32|         96|
    |grp_fu_2292_p1                                             |  14|          3|   32|         96|
    |grp_fu_2296_p0                                             |  14|          3|   32|         96|
    |grp_fu_2296_p1                                             |  14|          3|   32|         96|
    |grp_fu_2300_p0                                             |  14|          3|   32|         96|
    |grp_fu_2300_p1                                             |  14|          3|   32|         96|
    |grp_fu_2304_p0                                             |  14|          3|   32|         96|
    |grp_fu_2304_p1                                             |  14|          3|   32|         96|
    |grp_fu_2312_p0                                             |  14|          3|   32|         96|
    |grp_fu_2317_p0                                             |  14|          3|   32|         96|
    |grp_fu_2322_p0                                             |  14|          3|   32|         96|
    |grp_fu_2327_p0                                             |  14|          3|   32|         96|
    |grp_fu_2327_p1                                             |  14|          3|   32|         96|
    |grp_fu_2332_p0                                             |  14|          3|   32|         96|
    |grp_fu_2332_p1                                             |  14|          3|   32|         96|
    |grp_fu_2337_p0                                             |  14|          3|   32|         96|
    |grp_fu_2342_p0                                             |  14|          3|   32|         96|
    |grp_fu_2342_p1                                             |  14|          3|   32|         96|
    |grp_fu_2347_p0                                             |  14|          3|   32|         96|
    |grp_fu_2347_p1                                             |  14|          3|   32|         96|
    |grp_fu_2352_p0                                             |  14|          3|   32|         96|
    |grp_fu_2352_p1                                             |  14|          3|   32|         96|
    |grp_fu_2357_p0                                             |  14|          3|   32|         96|
    |grp_fu_2357_p1                                             |  14|          3|   32|         96|
    |grp_fu_2362_p0                                             |  14|          3|   32|         96|
    |grp_fu_2362_p1                                             |  14|          3|   32|         96|
    |grp_fu_2367_p0                                             |  14|          3|   32|         96|
    |grp_fu_2367_p1                                             |  14|          3|   32|         96|
    |grp_fu_2439_p12                                            |  14|          3|    3|          9|
    |grp_fu_2466_p12                                            |  14|          3|    3|          9|
    |grp_fu_2493_p0                                             |  14|          3|    1|          3|
    |grp_fu_2554_p12                                            |  14|          3|    3|          9|
    |grp_fu_2581_p12                                            |  14|          3|    3|          9|
    |grp_fu_2608_p0                                             |  14|          3|    1|          3|
    |grp_fu_2669_p12                                            |  14|          3|    3|          9|
    |grp_fu_2696_p12                                            |  14|          3|    3|          9|
    |grp_fu_2723_p0                                             |  14|          3|    1|          3|
    |grp_fu_2784_p12                                            |  14|          3|    3|          9|
    |grp_fu_2811_p12                                            |  14|          3|    3|          9|
    |grp_fu_2838_p0                                             |  14|          3|    1|          3|
    |grp_fu_2899_p12                                            |  14|          3|    3|          9|
    |grp_fu_2926_p12                                            |  14|          3|    3|          9|
    |grp_fu_2953_p0                                             |  14|          3|    1|          3|
    |indvar_flatten20_fu_126                                    |   9|          2|   12|         24|
    |p_ZZ10top_kernelPKfS0_S0_PfE9equalized_0_0_address0_local  |  65|         16|    9|        144|
    |p_ZZ10top_kernelPKfS0_S0_PfE9equalized_0_0_address1_local  |  59|         11|    9|         99|
    |p_ZZ10top_kernelPKfS0_S0_PfE9equalized_0_1_address0_local  |  65|         16|    9|        144|
    |p_ZZ10top_kernelPKfS0_S0_PfE9equalized_0_1_address1_local  |  59|         11|    9|         99|
    |p_ZZ10top_kernelPKfS0_S0_PfE9equalized_0_2_address0_local  |  65|         16|    9|        144|
    |p_ZZ10top_kernelPKfS0_S0_PfE9equalized_0_2_address1_local  |  59|         11|    9|         99|
    |p_ZZ10top_kernelPKfS0_S0_PfE9equalized_0_3_address0_local  |  65|         16|    9|        144|
    |p_ZZ10top_kernelPKfS0_S0_PfE9equalized_0_3_address1_local  |  59|         11|    9|         99|
    |p_ZZ10top_kernelPKfS0_S0_PfE9equalized_0_4_address0_local  |  65|         16|    9|        144|
    |p_ZZ10top_kernelPKfS0_S0_PfE9equalized_0_4_address1_local  |  59|         11|    9|         99|
    |p_ZZ10top_kernelPKfS0_S0_PfE9equalized_1_0_address0_local  |  65|         16|    9|        144|
    |p_ZZ10top_kernelPKfS0_S0_PfE9equalized_1_0_address1_local  |  59|         11|    9|         99|
    |p_ZZ10top_kernelPKfS0_S0_PfE9equalized_1_1_address0_local  |  65|         16|    9|        144|
    |p_ZZ10top_kernelPKfS0_S0_PfE9equalized_1_1_address1_local  |  59|         11|    9|         99|
    |p_ZZ10top_kernelPKfS0_S0_PfE9equalized_1_2_address0_local  |  65|         16|    9|        144|
    |p_ZZ10top_kernelPKfS0_S0_PfE9equalized_1_2_address1_local  |  59|         11|    9|         99|
    |p_ZZ10top_kernelPKfS0_S0_PfE9equalized_1_3_address0_local  |  65|         16|    9|        144|
    |p_ZZ10top_kernelPKfS0_S0_PfE9equalized_1_3_address1_local  |  59|         11|    9|         99|
    |p_ZZ10top_kernelPKfS0_S0_PfE9equalized_1_4_address0_local  |  65|         16|    9|        144|
    |p_ZZ10top_kernelPKfS0_S0_PfE9equalized_1_4_address1_local  |  59|         11|    9|         99|
    |r_fu_122                                                   |   9|          2|    6|         12|
    +-----------------------------------------------------------+----+-----------+-----+-----------+
    |Total                                                      |2143|        464| 1663|       6840|
    +-----------------------------------------------------------+----+-----------+-----+-----------+

    * Register: 
    +-------------------------------------+----+----+-----+-----------+
    |                 Name                | FF | LUT| Bits| Const Bits|
    +-------------------------------------+----+----+-----+-----------+
    |ap_CS_fsm                            |   2|   0|    2|          0|
    |ap_done_reg                          |   1|   0|    1|          0|
    |ap_enable_reg_pp0_iter0_reg          |   1|   0|    1|          0|
    |ap_enable_reg_pp0_iter1              |   1|   0|    1|          0|
    |ap_enable_reg_pp0_iter10             |   1|   0|    1|          0|
    |ap_enable_reg_pp0_iter100            |   1|   0|    1|          0|
    |ap_enable_reg_pp0_iter101            |   1|   0|    1|          0|
    |ap_enable_reg_pp0_iter102            |   1|   0|    1|          0|
    |ap_enable_reg_pp0_iter103            |   1|   0|    1|          0|
    |ap_enable_reg_pp0_iter104            |   1|   0|    1|          0|
    |ap_enable_reg_pp0_iter105            |   1|   0|    1|          0|
    |ap_enable_reg_pp0_iter106            |   1|   0|    1|          0|
    |ap_enable_reg_pp0_iter107            |   1|   0|    1|          0|
    |ap_enable_reg_pp0_iter108            |   1|   0|    1|          0|
    |ap_enable_reg_pp0_iter109            |   1|   0|    1|          0|
    |ap_enable_reg_pp0_iter11             |   1|   0|    1|          0|
    |ap_enable_reg_pp0_iter110            |   1|   0|    1|          0|
    |ap_enable_reg_pp0_iter111            |   1|   0|    1|          0|
    |ap_enable_reg_pp0_iter112            |   1|   0|    1|          0|
    |ap_enable_reg_pp0_iter113            |   1|   0|    1|          0|
    |ap_enable_reg_pp0_iter114            |   1|   0|    1|          0|
    |ap_enable_reg_pp0_iter115            |   1|   0|    1|          0|
    |ap_enable_reg_pp0_iter116            |   1|   0|    1|          0|
    |ap_enable_reg_pp0_iter117            |   1|   0|    1|          0|
    |ap_enable_reg_pp0_iter118            |   1|   0|    1|          0|
    |ap_enable_reg_pp0_iter119            |   1|   0|    1|          0|
    |ap_enable_reg_pp0_iter12             |   1|   0|    1|          0|
    |ap_enable_reg_pp0_iter120            |   1|   0|    1|          0|
    |ap_enable_reg_pp0_iter121            |   1|   0|    1|          0|
    |ap_enable_reg_pp0_iter122            |   1|   0|    1|          0|
    |ap_enable_reg_pp0_iter123            |   1|   0|    1|          0|
    |ap_enable_reg_pp0_iter124            |   1|   0|    1|          0|
    |ap_enable_reg_pp0_iter125            |   1|   0|    1|          0|
    |ap_enable_reg_pp0_iter126            |   1|   0|    1|          0|
    |ap_enable_reg_pp0_iter127            |   1|   0|    1|          0|
    |ap_enable_reg_pp0_iter128            |   1|   0|    1|          0|
    |ap_enable_reg_pp0_iter129            |   1|   0|    1|          0|
    |ap_enable_reg_pp0_iter13             |   1|   0|    1|          0|
    |ap_enable_reg_pp0_iter130            |   1|   0|    1|          0|
    |ap_enable_reg_pp0_iter131            |   1|   0|    1|          0|
    |ap_enable_reg_pp0_iter132            |   1|   0|    1|          0|
    |ap_enable_reg_pp0_iter133            |   1|   0|    1|          0|
    |ap_enable_reg_pp0_iter134            |   1|   0|    1|          0|
    |ap_enable_reg_pp0_iter135            |   1|   0|    1|          0|
    |ap_enable_reg_pp0_iter14             |   1|   0|    1|          0|
    |ap_enable_reg_pp0_iter15             |   1|   0|    1|          0|
    |ap_enable_reg_pp0_iter16             |   1|   0|    1|          0|
    |ap_enable_reg_pp0_iter17             |   1|   0|    1|          0|
    |ap_enable_reg_pp0_iter18             |   1|   0|    1|          0|
    |ap_enable_reg_pp0_iter19             |   1|   0|    1|          0|
    |ap_enable_reg_pp0_iter2              |   1|   0|    1|          0|
    |ap_enable_reg_pp0_iter20             |   1|   0|    1|          0|
    |ap_enable_reg_pp0_iter21             |   1|   0|    1|          0|
    |ap_enable_reg_pp0_iter22             |   1|   0|    1|          0|
    |ap_enable_reg_pp0_iter23             |   1|   0|    1|          0|
    |ap_enable_reg_pp0_iter24             |   1|   0|    1|          0|
    |ap_enable_reg_pp0_iter25             |   1|   0|    1|          0|
    |ap_enable_reg_pp0_iter26             |   1|   0|    1|          0|
    |ap_enable_reg_pp0_iter27             |   1|   0|    1|          0|
    |ap_enable_reg_pp0_iter28             |   1|   0|    1|          0|
    |ap_enable_reg_pp0_iter29             |   1|   0|    1|          0|
    |ap_enable_reg_pp0_iter3              |   1|   0|    1|          0|
    |ap_enable_reg_pp0_iter30             |   1|   0|    1|          0|
    |ap_enable_reg_pp0_iter31             |   1|   0|    1|          0|
    |ap_enable_reg_pp0_iter32             |   1|   0|    1|          0|
    |ap_enable_reg_pp0_iter33             |   1|   0|    1|          0|
    |ap_enable_reg_pp0_iter34             |   1|   0|    1|          0|
    |ap_enable_reg_pp0_iter35             |   1|   0|    1|          0|
    |ap_enable_reg_pp0_iter36             |   1|   0|    1|          0|
    |ap_enable_reg_pp0_iter37             |   1|   0|    1|          0|
    |ap_enable_reg_pp0_iter38             |   1|   0|    1|          0|
    |ap_enable_reg_pp0_iter39             |   1|   0|    1|          0|
    |ap_enable_reg_pp0_iter4              |   1|   0|    1|          0|
    |ap_enable_reg_pp0_iter40             |   1|   0|    1|          0|
    |ap_enable_reg_pp0_iter41             |   1|   0|    1|          0|
    |ap_enable_reg_pp0_iter42             |   1|   0|    1|          0|
    |ap_enable_reg_pp0_iter43             |   1|   0|    1|          0|
    |ap_enable_reg_pp0_iter44             |   1|   0|    1|          0|
    |ap_enable_reg_pp0_iter45             |   1|   0|    1|          0|
    |ap_enable_reg_pp0_iter46             |   1|   0|    1|          0|
    |ap_enable_reg_pp0_iter47             |   1|   0|    1|          0|
    |ap_enable_reg_pp0_iter48             |   1|   0|    1|          0|
    |ap_enable_reg_pp0_iter49             |   1|   0|    1|          0|
    |ap_enable_reg_pp0_iter5              |   1|   0|    1|          0|
    |ap_enable_reg_pp0_iter50             |   1|   0|    1|          0|
    |ap_enable_reg_pp0_iter51             |   1|   0|    1|          0|
    |ap_enable_reg_pp0_iter52             |   1|   0|    1|          0|
    |ap_enable_reg_pp0_iter53             |   1|   0|    1|          0|
    |ap_enable_reg_pp0_iter54             |   1|   0|    1|          0|
    |ap_enable_reg_pp0_iter55             |   1|   0|    1|          0|
    |ap_enable_reg_pp0_iter56             |   1|   0|    1|          0|
    |ap_enable_reg_pp0_iter57             |   1|   0|    1|          0|
    |ap_enable_reg_pp0_iter58             |   1|   0|    1|          0|
    |ap_enable_reg_pp0_iter59             |   1|   0|    1|          0|
    |ap_enable_reg_pp0_iter6              |   1|   0|    1|          0|
    |ap_enable_reg_pp0_iter60             |   1|   0|    1|          0|
    |ap_enable_reg_pp0_iter61             |   1|   0|    1|          0|
    |ap_enable_reg_pp0_iter62             |   1|   0|    1|          0|
    |ap_enable_reg_pp0_iter63             |   1|   0|    1|          0|
    |ap_enable_reg_pp0_iter64             |   1|   0|    1|          0|
    |ap_enable_reg_pp0_iter65             |   1|   0|    1|          0|
    |ap_enable_reg_pp0_iter66             |   1|   0|    1|          0|
    |ap_enable_reg_pp0_iter67             |   1|   0|    1|          0|
    |ap_enable_reg_pp0_iter68             |   1|   0|    1|          0|
    |ap_enable_reg_pp0_iter69             |   1|   0|    1|          0|
    |ap_enable_reg_pp0_iter7              |   1|   0|    1|          0|
    |ap_enable_reg_pp0_iter70             |   1|   0|    1|          0|
    |ap_enable_reg_pp0_iter71             |   1|   0|    1|          0|
    |ap_enable_reg_pp0_iter72             |   1|   0|    1|          0|
    |ap_enable_reg_pp0_iter73             |   1|   0|    1|          0|
    |ap_enable_reg_pp0_iter74             |   1|   0|    1|          0|
    |ap_enable_reg_pp0_iter75             |   1|   0|    1|          0|
    |ap_enable_reg_pp0_iter76             |   1|   0|    1|          0|
    |ap_enable_reg_pp0_iter77             |   1|   0|    1|          0|
    |ap_enable_reg_pp0_iter78             |   1|   0|    1|          0|
    |ap_enable_reg_pp0_iter79             |   1|   0|    1|          0|
    |ap_enable_reg_pp0_iter8              |   1|   0|    1|          0|
    |ap_enable_reg_pp0_iter80             |   1|   0|    1|          0|
    |ap_enable_reg_pp0_iter81             |   1|   0|    1|          0|
    |ap_enable_reg_pp0_iter82             |   1|   0|    1|          0|
    |ap_enable_reg_pp0_iter83             |   1|   0|    1|          0|
    |ap_enable_reg_pp0_iter84             |   1|   0|    1|          0|
    |ap_enable_reg_pp0_iter85             |   1|   0|    1|          0|
    |ap_enable_reg_pp0_iter86             |   1|   0|    1|          0|
    |ap_enable_reg_pp0_iter87             |   1|   0|    1|          0|
    |ap_enable_reg_pp0_iter88             |   1|   0|    1|          0|
    |ap_enable_reg_pp0_iter89             |   1|   0|    1|          0|
    |ap_enable_reg_pp0_iter9              |   1|   0|    1|          0|
    |ap_enable_reg_pp0_iter90             |   1|   0|    1|          0|
    |ap_enable_reg_pp0_iter91             |   1|   0|    1|          0|
    |ap_enable_reg_pp0_iter92             |   1|   0|    1|          0|
    |ap_enable_reg_pp0_iter93             |   1|   0|    1|          0|
    |ap_enable_reg_pp0_iter94             |   1|   0|    1|          0|
    |ap_enable_reg_pp0_iter95             |   1|   0|    1|          0|
    |ap_enable_reg_pp0_iter96             |   1|   0|    1|          0|
    |ap_enable_reg_pp0_iter97             |   1|   0|    1|          0|
    |ap_enable_reg_pp0_iter98             |   1|   0|    1|          0|
    |ap_enable_reg_pp0_iter99             |   1|   0|    1|          0|
    |ap_loop_exit_ready_pp0_iter100_reg   |   1|   0|    1|          0|
    |ap_loop_exit_ready_pp0_iter101_reg   |   1|   0|    1|          0|
    |ap_loop_exit_ready_pp0_iter102_reg   |   1|   0|    1|          0|
    |ap_loop_exit_ready_pp0_iter103_reg   |   1|   0|    1|          0|
    |ap_loop_exit_ready_pp0_iter104_reg   |   1|   0|    1|          0|
    |ap_loop_exit_ready_pp0_iter105_reg   |   1|   0|    1|          0|
    |ap_loop_exit_ready_pp0_iter106_reg   |   1|   0|    1|          0|
    |ap_loop_exit_ready_pp0_iter107_reg   |   1|   0|    1|          0|
    |ap_loop_exit_ready_pp0_iter108_reg   |   1|   0|    1|          0|
    |ap_loop_exit_ready_pp0_iter109_reg   |   1|   0|    1|          0|
    |ap_loop_exit_ready_pp0_iter10_reg    |   1|   0|    1|          0|
    |ap_loop_exit_ready_pp0_iter110_reg   |   1|   0|    1|          0|
    |ap_loop_exit_ready_pp0_iter111_reg   |   1|   0|    1|          0|
    |ap_loop_exit_ready_pp0_iter112_reg   |   1|   0|    1|          0|
    |ap_loop_exit_ready_pp0_iter113_reg   |   1|   0|    1|          0|
    |ap_loop_exit_ready_pp0_iter114_reg   |   1|   0|    1|          0|
    |ap_loop_exit_ready_pp0_iter115_reg   |   1|   0|    1|          0|
    |ap_loop_exit_ready_pp0_iter116_reg   |   1|   0|    1|          0|
    |ap_loop_exit_ready_pp0_iter117_reg   |   1|   0|    1|          0|
    |ap_loop_exit_ready_pp0_iter118_reg   |   1|   0|    1|          0|
    |ap_loop_exit_ready_pp0_iter119_reg   |   1|   0|    1|          0|
    |ap_loop_exit_ready_pp0_iter11_reg    |   1|   0|    1|          0|
    |ap_loop_exit_ready_pp0_iter120_reg   |   1|   0|    1|          0|
    |ap_loop_exit_ready_pp0_iter121_reg   |   1|   0|    1|          0|
    |ap_loop_exit_ready_pp0_iter122_reg   |   1|   0|    1|          0|
    |ap_loop_exit_ready_pp0_iter123_reg   |   1|   0|    1|          0|
    |ap_loop_exit_ready_pp0_iter124_reg   |   1|   0|    1|          0|
    |ap_loop_exit_ready_pp0_iter125_reg   |   1|   0|    1|          0|
    |ap_loop_exit_ready_pp0_iter126_reg   |   1|   0|    1|          0|
    |ap_loop_exit_ready_pp0_iter127_reg   |   1|   0|    1|          0|
    |ap_loop_exit_ready_pp0_iter128_reg   |   1|   0|    1|          0|
    |ap_loop_exit_ready_pp0_iter129_reg   |   1|   0|    1|          0|
    |ap_loop_exit_ready_pp0_iter12_reg    |   1|   0|    1|          0|
    |ap_loop_exit_ready_pp0_iter130_reg   |   1|   0|    1|          0|
    |ap_loop_exit_ready_pp0_iter131_reg   |   1|   0|    1|          0|
    |ap_loop_exit_ready_pp0_iter132_reg   |   1|   0|    1|          0|
    |ap_loop_exit_ready_pp0_iter133_reg   |   1|   0|    1|          0|
    |ap_loop_exit_ready_pp0_iter134_reg   |   1|   0|    1|          0|
    |ap_loop_exit_ready_pp0_iter13_reg    |   1|   0|    1|          0|
    |ap_loop_exit_ready_pp0_iter14_reg    |   1|   0|    1|          0|
    |ap_loop_exit_ready_pp0_iter15_reg    |   1|   0|    1|          0|
    |ap_loop_exit_ready_pp0_iter16_reg    |   1|   0|    1|          0|
    |ap_loop_exit_ready_pp0_iter17_reg    |   1|   0|    1|          0|
    |ap_loop_exit_ready_pp0_iter18_reg    |   1|   0|    1|          0|
    |ap_loop_exit_ready_pp0_iter19_reg    |   1|   0|    1|          0|
    |ap_loop_exit_ready_pp0_iter1_reg     |   1|   0|    1|          0|
    |ap_loop_exit_ready_pp0_iter20_reg    |   1|   0|    1|          0|
    |ap_loop_exit_ready_pp0_iter21_reg    |   1|   0|    1|          0|
    |ap_loop_exit_ready_pp0_iter22_reg    |   1|   0|    1|          0|
    |ap_loop_exit_ready_pp0_iter23_reg    |   1|   0|    1|          0|
    |ap_loop_exit_ready_pp0_iter24_reg    |   1|   0|    1|          0|
    |ap_loop_exit_ready_pp0_iter25_reg    |   1|   0|    1|          0|
    |ap_loop_exit_ready_pp0_iter26_reg    |   1|   0|    1|          0|
    |ap_loop_exit_ready_pp0_iter27_reg    |   1|   0|    1|          0|
    |ap_loop_exit_ready_pp0_iter28_reg    |   1|   0|    1|          0|
    |ap_loop_exit_ready_pp0_iter29_reg    |   1|   0|    1|          0|
    |ap_loop_exit_ready_pp0_iter2_reg     |   1|   0|    1|          0|
    |ap_loop_exit_ready_pp0_iter30_reg    |   1|   0|    1|          0|
    |ap_loop_exit_ready_pp0_iter31_reg    |   1|   0|    1|          0|
    |ap_loop_exit_ready_pp0_iter32_reg    |   1|   0|    1|          0|
    |ap_loop_exit_ready_pp0_iter33_reg    |   1|   0|    1|          0|
    |ap_loop_exit_ready_pp0_iter34_reg    |   1|   0|    1|          0|
    |ap_loop_exit_ready_pp0_iter35_reg    |   1|   0|    1|          0|
    |ap_loop_exit_ready_pp0_iter36_reg    |   1|   0|    1|          0|
    |ap_loop_exit_ready_pp0_iter37_reg    |   1|   0|    1|          0|
    |ap_loop_exit_ready_pp0_iter38_reg    |   1|   0|    1|          0|
    |ap_loop_exit_ready_pp0_iter39_reg    |   1|   0|    1|          0|
    |ap_loop_exit_ready_pp0_iter3_reg     |   1|   0|    1|          0|
    |ap_loop_exit_ready_pp0_iter40_reg    |   1|   0|    1|          0|
    |ap_loop_exit_ready_pp0_iter41_reg    |   1|   0|    1|          0|
    |ap_loop_exit_ready_pp0_iter42_reg    |   1|   0|    1|          0|
    |ap_loop_exit_ready_pp0_iter43_reg    |   1|   0|    1|          0|
    |ap_loop_exit_ready_pp0_iter44_reg    |   1|   0|    1|          0|
    |ap_loop_exit_ready_pp0_iter45_reg    |   1|   0|    1|          0|
    |ap_loop_exit_ready_pp0_iter46_reg    |   1|   0|    1|          0|
    |ap_loop_exit_ready_pp0_iter47_reg    |   1|   0|    1|          0|
    |ap_loop_exit_ready_pp0_iter48_reg    |   1|   0|    1|          0|
    |ap_loop_exit_ready_pp0_iter49_reg    |   1|   0|    1|          0|
    |ap_loop_exit_ready_pp0_iter4_reg     |   1|   0|    1|          0|
    |ap_loop_exit_ready_pp0_iter50_reg    |   1|   0|    1|          0|
    |ap_loop_exit_ready_pp0_iter51_reg    |   1|   0|    1|          0|
    |ap_loop_exit_ready_pp0_iter52_reg    |   1|   0|    1|          0|
    |ap_loop_exit_ready_pp0_iter53_reg    |   1|   0|    1|          0|
    |ap_loop_exit_ready_pp0_iter54_reg    |   1|   0|    1|          0|
    |ap_loop_exit_ready_pp0_iter55_reg    |   1|   0|    1|          0|
    |ap_loop_exit_ready_pp0_iter56_reg    |   1|   0|    1|          0|
    |ap_loop_exit_ready_pp0_iter57_reg    |   1|   0|    1|          0|
    |ap_loop_exit_ready_pp0_iter58_reg    |   1|   0|    1|          0|
    |ap_loop_exit_ready_pp0_iter59_reg    |   1|   0|    1|          0|
    |ap_loop_exit_ready_pp0_iter5_reg     |   1|   0|    1|          0|
    |ap_loop_exit_ready_pp0_iter60_reg    |   1|   0|    1|          0|
    |ap_loop_exit_ready_pp0_iter61_reg    |   1|   0|    1|          0|
    |ap_loop_exit_ready_pp0_iter62_reg    |   1|   0|    1|          0|
    |ap_loop_exit_ready_pp0_iter63_reg    |   1|   0|    1|          0|
    |ap_loop_exit_ready_pp0_iter64_reg    |   1|   0|    1|          0|
    |ap_loop_exit_ready_pp0_iter65_reg    |   1|   0|    1|          0|
    |ap_loop_exit_ready_pp0_iter66_reg    |   1|   0|    1|          0|
    |ap_loop_exit_ready_pp0_iter67_reg    |   1|   0|    1|          0|
    |ap_loop_exit_ready_pp0_iter68_reg    |   1|   0|    1|          0|
    |ap_loop_exit_ready_pp0_iter69_reg    |   1|   0|    1|          0|
    |ap_loop_exit_ready_pp0_iter6_reg     |   1|   0|    1|          0|
    |ap_loop_exit_ready_pp0_iter70_reg    |   1|   0|    1|          0|
    |ap_loop_exit_ready_pp0_iter71_reg    |   1|   0|    1|          0|
    |ap_loop_exit_ready_pp0_iter72_reg    |   1|   0|    1|          0|
    |ap_loop_exit_ready_pp0_iter73_reg    |   1|   0|    1|          0|
    |ap_loop_exit_ready_pp0_iter74_reg    |   1|   0|    1|          0|
    |ap_loop_exit_ready_pp0_iter75_reg    |   1|   0|    1|          0|
    |ap_loop_exit_ready_pp0_iter76_reg    |   1|   0|    1|          0|
    |ap_loop_exit_ready_pp0_iter77_reg    |   1|   0|    1|          0|
    |ap_loop_exit_ready_pp0_iter78_reg    |   1|   0|    1|          0|
    |ap_loop_exit_ready_pp0_iter79_reg    |   1|   0|    1|          0|
    |ap_loop_exit_ready_pp0_iter7_reg     |   1|   0|    1|          0|
    |ap_loop_exit_ready_pp0_iter80_reg    |   1|   0|    1|          0|
    |ap_loop_exit_ready_pp0_iter81_reg    |   1|   0|    1|          0|
    |ap_loop_exit_ready_pp0_iter82_reg    |   1|   0|    1|          0|
    |ap_loop_exit_ready_pp0_iter83_reg    |   1|   0|    1|          0|
    |ap_loop_exit_ready_pp0_iter84_reg    |   1|   0|    1|          0|
    |ap_loop_exit_ready_pp0_iter85_reg    |   1|   0|    1|          0|
    |ap_loop_exit_ready_pp0_iter86_reg    |   1|   0|    1|          0|
    |ap_loop_exit_ready_pp0_iter87_reg    |   1|   0|    1|          0|
    |ap_loop_exit_ready_pp0_iter88_reg    |   1|   0|    1|          0|
    |ap_loop_exit_ready_pp0_iter89_reg    |   1|   0|    1|          0|
    |ap_loop_exit_ready_pp0_iter8_reg     |   1|   0|    1|          0|
    |ap_loop_exit_ready_pp0_iter90_reg    |   1|   0|    1|          0|
    |ap_loop_exit_ready_pp0_iter91_reg    |   1|   0|    1|          0|
    |ap_loop_exit_ready_pp0_iter92_reg    |   1|   0|    1|          0|
    |ap_loop_exit_ready_pp0_iter93_reg    |   1|   0|    1|          0|
    |ap_loop_exit_ready_pp0_iter94_reg    |   1|   0|    1|          0|
    |ap_loop_exit_ready_pp0_iter95_reg    |   1|   0|    1|          0|
    |ap_loop_exit_ready_pp0_iter96_reg    |   1|   0|    1|          0|
    |ap_loop_exit_ready_pp0_iter97_reg    |   1|   0|    1|          0|
    |ap_loop_exit_ready_pp0_iter98_reg    |   1|   0|    1|          0|
    |ap_loop_exit_ready_pp0_iter99_reg    |   1|   0|    1|          0|
    |ap_loop_exit_ready_pp0_iter9_reg     |   1|   0|    1|          0|
    |c_fu_118                             |   6|   0|    6|          0|
    |c_load_reg_3939                      |   6|   0|    6|          0|
    |empty_38_reg_4020                    |   6|   0|    6|          0|
    |empty_39_reg_4052                    |   6|   0|    6|          0|
    |empty_reg_4015                       |   6|   0|    6|          0|
    |icmp_ln85_reg_3935                   |   1|   0|    1|          0|
    |icmp_ln86_reg_3944                   |   1|   0|    1|          0|
    |indvar_flatten20_fu_126              |  12|   0|   12|          0|
    |lshr_ln3_reg_3996                    |   5|   0|    5|          0|
    |lshr_ln91_2_reg_4006                 |   5|   0|    5|          0|
    |mul139_1_1_reg_5503                  |  32|   0|   32|          0|
    |mul139_1_2_reg_5508                  |  32|   0|   32|          0|
    |mul139_1_3_reg_5513                  |  32|   0|   32|          0|
    |mul139_1_4_reg_5548                  |  32|   0|   32|          0|
    |mul139_1_reg_5498                    |  32|   0|   32|          0|
    |mul139_2_1_reg_5523                  |  32|   0|   32|          0|
    |mul139_2_2_reg_5528                  |  32|   0|   32|          0|
    |mul139_2_3_reg_5533                  |  32|   0|   32|          0|
    |mul139_2_4_reg_5553                  |  32|   0|   32|          0|
    |mul139_2_reg_5518                    |  32|   0|   32|          0|
    |mul139_3_1_reg_5558                  |  32|   0|   32|          0|
    |mul139_3_2_reg_5563                  |  32|   0|   32|          0|
    |mul139_3_3_reg_5568                  |  32|   0|   32|          0|
    |mul139_3_4_reg_5573                  |  32|   0|   32|          0|
    |mul139_3_reg_5538                    |  32|   0|   32|          0|
    |mul139_4_1_reg_5583                  |  32|   0|   32|          0|
    |mul139_4_2_reg_5588                  |  32|   0|   32|          0|
    |mul139_4_3_reg_5593                  |  32|   0|   32|          0|
    |mul139_4_4_reg_5598                  |  32|   0|   32|          0|
    |mul139_4_reg_5578                    |  32|   0|   32|          0|
    |mul139_5_reg_5488                    |  32|   0|   32|          0|
    |mul139_6_reg_5493                    |  32|   0|   32|          0|
    |mul139_7_reg_5543                    |  32|   0|   32|          0|
    |mul139_s_reg_5483                    |  32|   0|   32|          0|
    |mul_reg_5478                         |  32|   0|   32|          0|
    |r_fu_122                             |   6|   0|    6|          0|
    |select_ln85_1_reg_3949               |   6|   0|    6|          0|
    |select_ln85_2_reg_3954               |   6|   0|    6|          0|
    |select_ln85_reg_3964                 |   6|   0|    6|          0|
    |select_ln91_10_reg_5393              |  32|   0|   32|          0|
    |select_ln91_11_reg_5398              |  32|   0|   32|          0|
    |select_ln91_12_reg_5403              |  32|   0|   32|          0|
    |select_ln91_13_reg_5408              |  32|   0|   32|          0|
    |select_ln91_14_reg_5463              |  32|   0|   32|          0|
    |select_ln91_15_reg_5413              |  32|   0|   32|          0|
    |select_ln91_16_reg_5418              |  32|   0|   32|          0|
    |select_ln91_17_reg_5423              |  32|   0|   32|          0|
    |select_ln91_18_reg_5428              |  32|   0|   32|          0|
    |select_ln91_19_reg_5468              |  32|   0|   32|          0|
    |select_ln91_1_reg_5108               |  32|   0|   32|          0|
    |select_ln91_20_reg_5433              |  32|   0|   32|          0|
    |select_ln91_21_reg_5438              |  32|   0|   32|          0|
    |select_ln91_22_reg_5443              |  32|   0|   32|          0|
    |select_ln91_23_reg_5448              |  32|   0|   32|          0|
    |select_ln91_24_reg_5473              |  32|   0|   32|          0|
    |select_ln91_2_reg_5113               |  32|   0|   32|          0|
    |select_ln91_3_reg_5118               |  32|   0|   32|          0|
    |select_ln91_4_reg_5453               |  32|   0|   32|          0|
    |select_ln91_5_reg_5373               |  32|   0|   32|          0|
    |select_ln91_6_reg_5378               |  32|   0|   32|          0|
    |select_ln91_7_reg_5383               |  32|   0|   32|          0|
    |select_ln91_8_reg_5388               |  32|   0|   32|          0|
    |select_ln91_9_reg_5458               |  32|   0|   32|          0|
    |select_ln91_reg_5103                 |  32|   0|   32|          0|
    |sum_10_reg_5653                      |  32|   0|   32|          0|
    |sum_11_reg_5658                      |  32|   0|   32|          0|
    |sum_12_reg_5663                      |  32|   0|   32|          0|
    |sum_13_reg_5668                      |  32|   0|   32|          0|
    |sum_14_reg_5673                      |  32|   0|   32|          0|
    |sum_15_reg_5678                      |  32|   0|   32|          0|
    |sum_16_reg_5683                      |  32|   0|   32|          0|
    |sum_17_reg_5688                      |  32|   0|   32|          0|
    |sum_18_reg_5693                      |  32|   0|   32|          0|
    |sum_19_reg_5698                      |  32|   0|   32|          0|
    |sum_1_reg_5608                       |  32|   0|   32|          0|
    |sum_20_reg_5703                      |  32|   0|   32|          0|
    |sum_21_reg_5708                      |  32|   0|   32|          0|
    |sum_22_reg_5713                      |  32|   0|   32|          0|
    |sum_23_reg_5718                      |  32|   0|   32|          0|
    |sum_24_reg_5738                      |  32|   0|   32|          0|
    |sum_2_reg_5613                       |  32|   0|   32|          0|
    |sum_3_reg_5618                       |  32|   0|   32|          0|
    |sum_4_reg_5623                       |  32|   0|   32|          0|
    |sum_5_reg_5628                       |  32|   0|   32|          0|
    |sum_6_reg_5633                       |  32|   0|   32|          0|
    |sum_7_reg_5638                       |  32|   0|   32|          0|
    |sum_8_reg_5643                       |  32|   0|   32|          0|
    |sum_9_reg_5648                       |  32|   0|   32|          0|
    |sum_reg_5603                         |  32|   0|   32|          0|
    |tmp_120_cast_reg_4025                |   4|   0|    4|          0|
    |tmp_120_cast_reg_4025_pp0_iter5_reg  |   4|   0|    4|          0|
    |tmp_121_cast_reg_4081                |   4|   0|    4|          0|
    |tmp_122_cast_reg_4034                |   4|   0|    4|          0|
    |tmp_122_cast_reg_4034_pp0_iter5_reg  |   4|   0|    4|          0|
    |tmp_123_cast_reg_4043                |   4|   0|    4|          0|
    |tmp_123_cast_reg_4043_pp0_iter5_reg  |   4|   0|    4|          0|
    |tmp_124_cast_reg_4090                |   4|   0|    4|          0|
    |tmp_reg_5728                         |   5|   0|    5|          0|
    |trunc_ln85_reg_4057                  |   3|   0|    3|          0|
    |trunc_ln85_reg_4057_pp0_iter6_reg    |   3|   0|    3|          0|
    |trunc_ln86_1_reg_4099                |   2|   0|    2|          0|
    |trunc_ln86_reg_3972                  |   1|   0|    1|          0|
    |lshr_ln3_reg_3996                    |  64|  32|    5|          0|
    |lshr_ln91_2_reg_4006                 |  64|  32|    5|          0|
    |mul139_1_1_reg_5503                  |  64|  32|   32|          0|
    |mul139_1_2_reg_5508                  |  64|  32|   32|          0|
    |mul139_1_3_reg_5513                  |  64|  32|   32|          0|
    |mul139_1_4_reg_5548                  |  64|  32|   32|          0|
    |mul139_1_reg_5498                    |  64|  32|   32|          0|
    |mul139_2_1_reg_5523                  |  64|  32|   32|          0|
    |mul139_2_2_reg_5528                  |  64|  32|   32|          0|
    |mul139_2_3_reg_5533                  |  64|  32|   32|          0|
    |mul139_2_4_reg_5553                  |  64|  32|   32|          0|
    |mul139_2_reg_5518                    |  64|  32|   32|          0|
    |mul139_3_1_reg_5558                  |  64|  32|   32|          0|
    |mul139_3_2_reg_5563                  |  64|  32|   32|          0|
    |mul139_3_3_reg_5568                  |  64|  32|   32|          0|
    |mul139_3_4_reg_5573                  |  64|  32|   32|          0|
    |mul139_3_reg_5538                    |  64|  32|   32|          0|
    |mul139_4_1_reg_5583                  |  64|  32|   32|          0|
    |mul139_4_2_reg_5588                  |  64|  32|   32|          0|
    |mul139_4_3_reg_5593                  |  64|  32|   32|          0|
    |mul139_4_4_reg_5598                  |  64|  32|   32|          0|
    |mul139_4_reg_5578                    |  64|  32|   32|          0|
    |mul139_5_reg_5488                    |  64|  32|   32|          0|
    |mul139_6_reg_5493                    |  64|  32|   32|          0|
    |mul139_7_reg_5543                    |  64|  32|   32|          0|
    |mul139_s_reg_5483                    |  64|  32|   32|          0|
    |select_ln85_1_reg_3949               |  64|  32|    6|          0|
    |select_ln85_2_reg_3954               |  64|  32|    6|          0|
    |select_ln85_reg_3964                 |  64|  32|    6|          0|
    |trunc_ln86_1_reg_4099                |  64|  32|    2|          0|
    |trunc_ln86_reg_3972                  |  64|  32|    1|          0|
    +-------------------------------------+----+----+-----+-----------+
    |Total                                |4781| 992| 3596|          0|
    +-------------------------------------+----+----+-----+-----------+



================================================================
== Interface
================================================================
* Summary: 
+----------------------------------------------------------------------------------+-----+-----+------------+-------------------------------------------------------------------------+--------------+
|                                     RTL Ports                                    | Dir | Bits|  Protocol  |                              Source Object                              |    C Type    |
+----------------------------------------------------------------------------------+-----+-----+------------+-------------------------------------------------------------------------+--------------+
|ap_clk                                                                            |   in|    1|  ap_ctrl_hs|                          top_kernel_Pipeline_K3_Gaussian_VITIS_LOOP_86_6|  return value|
|ap_rst                                                                            |   in|    1|  ap_ctrl_hs|                          top_kernel_Pipeline_K3_Gaussian_VITIS_LOOP_86_6|  return value|
|ap_start                                                                          |   in|    1|  ap_ctrl_hs|                          top_kernel_Pipeline_K3_Gaussian_VITIS_LOOP_86_6|  return value|
|ap_done                                                                           |  out|    1|  ap_ctrl_hs|                          top_kernel_Pipeline_K3_Gaussian_VITIS_LOOP_86_6|  return value|
|ap_idle                                                                           |  out|    1|  ap_ctrl_hs|                          top_kernel_Pipeline_K3_Gaussian_VITIS_LOOP_86_6|  return value|
|ap_ready                                                                          |  out|    1|  ap_ctrl_hs|                          top_kernel_Pipeline_K3_Gaussian_VITIS_LOOP_86_6|  return value|
|grp_fu_10499_p_din0                                                               |  out|   32|  ap_ctrl_hs|                          top_kernel_Pipeline_K3_Gaussian_VITIS_LOOP_86_6|  return value|
|grp_fu_10499_p_din1                                                               |  out|   32|  ap_ctrl_hs|                          top_kernel_Pipeline_K3_Gaussian_VITIS_LOOP_86_6|  return value|
|grp_fu_10499_p_opcode                                                             |  out|    1|  ap_ctrl_hs|                          top_kernel_Pipeline_K3_Gaussian_VITIS_LOOP_86_6|  return value|
|grp_fu_10499_p_dout0                                                              |   in|   32|  ap_ctrl_hs|                          top_kernel_Pipeline_K3_Gaussian_VITIS_LOOP_86_6|  return value|
|grp_fu_10499_p_ce                                                                 |  out|    1|  ap_ctrl_hs|                          top_kernel_Pipeline_K3_Gaussian_VITIS_LOOP_86_6|  return value|
|grp_fu_10503_p_din0                                                               |  out|   32|  ap_ctrl_hs|                          top_kernel_Pipeline_K3_Gaussian_VITIS_LOOP_86_6|  return value|
|grp_fu_10503_p_din1                                                               |  out|   32|  ap_ctrl_hs|                          top_kernel_Pipeline_K3_Gaussian_VITIS_LOOP_86_6|  return value|
|grp_fu_10503_p_opcode                                                             |  out|    1|  ap_ctrl_hs|                          top_kernel_Pipeline_K3_Gaussian_VITIS_LOOP_86_6|  return value|
|grp_fu_10503_p_dout0                                                              |   in|   32|  ap_ctrl_hs|                          top_kernel_Pipeline_K3_Gaussian_VITIS_LOOP_86_6|  return value|
|grp_fu_10503_p_ce                                                                 |  out|    1|  ap_ctrl_hs|                          top_kernel_Pipeline_K3_Gaussian_VITIS_LOOP_86_6|  return value|
|grp_fu_10527_p_din0                                                               |  out|   32|  ap_ctrl_hs|                          top_kernel_Pipeline_K3_Gaussian_VITIS_LOOP_86_6|  return value|
|grp_fu_10527_p_din1                                                               |  out|   32|  ap_ctrl_hs|                          top_kernel_Pipeline_K3_Gaussian_VITIS_LOOP_86_6|  return value|
|grp_fu_10527_p_opcode                                                             |  out|    1|  ap_ctrl_hs|                          top_kernel_Pipeline_K3_Gaussian_VITIS_LOOP_86_6|  return value|
|grp_fu_10527_p_dout0                                                              |   in|   32|  ap_ctrl_hs|                          top_kernel_Pipeline_K3_Gaussian_VITIS_LOOP_86_6|  return value|
|grp_fu_10527_p_ce                                                                 |  out|    1|  ap_ctrl_hs|                          top_kernel_Pipeline_K3_Gaussian_VITIS_LOOP_86_6|  return value|
|grp_fu_10531_p_din0                                                               |  out|   32|  ap_ctrl_hs|                          top_kernel_Pipeline_K3_Gaussian_VITIS_LOOP_86_6|  return value|
|grp_fu_10531_p_din1                                                               |  out|   32|  ap_ctrl_hs|                          top_kernel_Pipeline_K3_Gaussian_VITIS_LOOP_86_6|  return value|
|grp_fu_10531_p_opcode                                                             |  out|    1|  ap_ctrl_hs|                          top_kernel_Pipeline_K3_Gaussian_VITIS_LOOP_86_6|  return value|
|grp_fu_10531_p_dout0                                                              |   in|   32|  ap_ctrl_hs|                          top_kernel_Pipeline_K3_Gaussian_VITIS_LOOP_86_6|  return value|
|grp_fu_10531_p_ce                                                                 |  out|    1|  ap_ctrl_hs|                          top_kernel_Pipeline_K3_Gaussian_VITIS_LOOP_86_6|  return value|
|grp_fu_10535_p_din0                                                               |  out|   32|  ap_ctrl_hs|                          top_kernel_Pipeline_K3_Gaussian_VITIS_LOOP_86_6|  return value|
|grp_fu_10535_p_din1                                                               |  out|   32|  ap_ctrl_hs|                          top_kernel_Pipeline_K3_Gaussian_VITIS_LOOP_86_6|  return value|
|grp_fu_10535_p_opcode                                                             |  out|    1|  ap_ctrl_hs|                          top_kernel_Pipeline_K3_Gaussian_VITIS_LOOP_86_6|  return value|
|grp_fu_10535_p_dout0                                                              |   in|   32|  ap_ctrl_hs|                          top_kernel_Pipeline_K3_Gaussian_VITIS_LOOP_86_6|  return value|
|grp_fu_10535_p_ce                                                                 |  out|    1|  ap_ctrl_hs|                          top_kernel_Pipeline_K3_Gaussian_VITIS_LOOP_86_6|  return value|
|grp_fu_10539_p_din0                                                               |  out|   32|  ap_ctrl_hs|                          top_kernel_Pipeline_K3_Gaussian_VITIS_LOOP_86_6|  return value|
|grp_fu_10539_p_din1                                                               |  out|   32|  ap_ctrl_hs|                          top_kernel_Pipeline_K3_Gaussian_VITIS_LOOP_86_6|  return value|
|grp_fu_10539_p_opcode                                                             |  out|    1|  ap_ctrl_hs|                          top_kernel_Pipeline_K3_Gaussian_VITIS_LOOP_86_6|  return value|
|grp_fu_10539_p_dout0                                                              |   in|   32|  ap_ctrl_hs|                          top_kernel_Pipeline_K3_Gaussian_VITIS_LOOP_86_6|  return value|
|grp_fu_10539_p_ce                                                                 |  out|    1|  ap_ctrl_hs|                          top_kernel_Pipeline_K3_Gaussian_VITIS_LOOP_86_6|  return value|
|grp_fu_10543_p_din0                                                               |  out|   32|  ap_ctrl_hs|                          top_kernel_Pipeline_K3_Gaussian_VITIS_LOOP_86_6|  return value|
|grp_fu_10543_p_din1                                                               |  out|   32|  ap_ctrl_hs|                          top_kernel_Pipeline_K3_Gaussian_VITIS_LOOP_86_6|  return value|
|grp_fu_10543_p_opcode                                                             |  out|    2|  ap_ctrl_hs|                          top_kernel_Pipeline_K3_Gaussian_VITIS_LOOP_86_6|  return value|
|grp_fu_10543_p_dout0                                                              |   in|   32|  ap_ctrl_hs|                          top_kernel_Pipeline_K3_Gaussian_VITIS_LOOP_86_6|  return value|
|grp_fu_10543_p_ce                                                                 |  out|    1|  ap_ctrl_hs|                          top_kernel_Pipeline_K3_Gaussian_VITIS_LOOP_86_6|  return value|
|grp_fu_10547_p_din0                                                               |  out|   32|  ap_ctrl_hs|                          top_kernel_Pipeline_K3_Gaussian_VITIS_LOOP_86_6|  return value|
|grp_fu_10547_p_din1                                                               |  out|   32|  ap_ctrl_hs|                          top_kernel_Pipeline_K3_Gaussian_VITIS_LOOP_86_6|  return value|
|grp_fu_10547_p_opcode                                                             |  out|    2|  ap_ctrl_hs|                          top_kernel_Pipeline_K3_Gaussian_VITIS_LOOP_86_6|  return value|
|grp_fu_10547_p_dout0                                                              |   in|   32|  ap_ctrl_hs|                          top_kernel_Pipeline_K3_Gaussian_VITIS_LOOP_86_6|  return value|
|grp_fu_10547_p_ce                                                                 |  out|    1|  ap_ctrl_hs|                          top_kernel_Pipeline_K3_Gaussian_VITIS_LOOP_86_6|  return value|
|grp_fu_10551_p_din0                                                               |  out|   32|  ap_ctrl_hs|                          top_kernel_Pipeline_K3_Gaussian_VITIS_LOOP_86_6|  return value|
|grp_fu_10551_p_din1                                                               |  out|   32|  ap_ctrl_hs|                          top_kernel_Pipeline_K3_Gaussian_VITIS_LOOP_86_6|  return value|
|grp_fu_10551_p_opcode                                                             |  out|    2|  ap_ctrl_hs|                          top_kernel_Pipeline_K3_Gaussian_VITIS_LOOP_86_6|  return value|
|grp_fu_10551_p_dout0                                                              |   in|   32|  ap_ctrl_hs|                          top_kernel_Pipeline_K3_Gaussian_VITIS_LOOP_86_6|  return value|
|grp_fu_10551_p_ce                                                                 |  out|    1|  ap_ctrl_hs|                          top_kernel_Pipeline_K3_Gaussian_VITIS_LOOP_86_6|  return value|
|grp_fu_10555_p_din0                                                               |  out|   32|  ap_ctrl_hs|                          top_kernel_Pipeline_K3_Gaussian_VITIS_LOOP_86_6|  return value|
|grp_fu_10555_p_din1                                                               |  out|   32|  ap_ctrl_hs|                          top_kernel_Pipeline_K3_Gaussian_VITIS_LOOP_86_6|  return value|
|grp_fu_10555_p_opcode                                                             |  out|    2|  ap_ctrl_hs|                          top_kernel_Pipeline_K3_Gaussian_VITIS_LOOP_86_6|  return value|
|grp_fu_10555_p_dout0                                                              |   in|   32|  ap_ctrl_hs|                          top_kernel_Pipeline_K3_Gaussian_VITIS_LOOP_86_6|  return value|
|grp_fu_10555_p_ce                                                                 |  out|    1|  ap_ctrl_hs|                          top_kernel_Pipeline_K3_Gaussian_VITIS_LOOP_86_6|  return value|
|grp_fu_10559_p_din0                                                               |  out|   32|  ap_ctrl_hs|                          top_kernel_Pipeline_K3_Gaussian_VITIS_LOOP_86_6|  return value|
|grp_fu_10559_p_din1                                                               |  out|   32|  ap_ctrl_hs|                          top_kernel_Pipeline_K3_Gaussian_VITIS_LOOP_86_6|  return value|
|grp_fu_10559_p_opcode                                                             |  out|    2|  ap_ctrl_hs|                          top_kernel_Pipeline_K3_Gaussian_VITIS_LOOP_86_6|  return value|
|grp_fu_10559_p_dout0                                                              |   in|   32|  ap_ctrl_hs|                          top_kernel_Pipeline_K3_Gaussian_VITIS_LOOP_86_6|  return value|
|grp_fu_10559_p_ce                                                                 |  out|    1|  ap_ctrl_hs|                          top_kernel_Pipeline_K3_Gaussian_VITIS_LOOP_86_6|  return value|
|grp_fu_10563_p_din0                                                               |  out|   32|  ap_ctrl_hs|                          top_kernel_Pipeline_K3_Gaussian_VITIS_LOOP_86_6|  return value|
|grp_fu_10563_p_din1                                                               |  out|   32|  ap_ctrl_hs|                          top_kernel_Pipeline_K3_Gaussian_VITIS_LOOP_86_6|  return value|
|grp_fu_10563_p_opcode                                                             |  out|    2|  ap_ctrl_hs|                          top_kernel_Pipeline_K3_Gaussian_VITIS_LOOP_86_6|  return value|
|grp_fu_10563_p_dout0                                                              |   in|   32|  ap_ctrl_hs|                          top_kernel_Pipeline_K3_Gaussian_VITIS_LOOP_86_6|  return value|
|grp_fu_10563_p_ce                                                                 |  out|    1|  ap_ctrl_hs|                          top_kernel_Pipeline_K3_Gaussian_VITIS_LOOP_86_6|  return value|
|grp_fu_10567_p_din0                                                               |  out|   32|  ap_ctrl_hs|                          top_kernel_Pipeline_K3_Gaussian_VITIS_LOOP_86_6|  return value|
|grp_fu_10567_p_din1                                                               |  out|   32|  ap_ctrl_hs|                          top_kernel_Pipeline_K3_Gaussian_VITIS_LOOP_86_6|  return value|
|grp_fu_10567_p_opcode                                                             |  out|    2|  ap_ctrl_hs|                          top_kernel_Pipeline_K3_Gaussian_VITIS_LOOP_86_6|  return value|
|grp_fu_10567_p_dout0                                                              |   in|   32|  ap_ctrl_hs|                          top_kernel_Pipeline_K3_Gaussian_VITIS_LOOP_86_6|  return value|
|grp_fu_10567_p_ce                                                                 |  out|    1|  ap_ctrl_hs|                          top_kernel_Pipeline_K3_Gaussian_VITIS_LOOP_86_6|  return value|
|grp_fu_10523_p_din0                                                               |  out|   32|  ap_ctrl_hs|                          top_kernel_Pipeline_K3_Gaussian_VITIS_LOOP_86_6|  return value|
|grp_fu_10523_p_din1                                                               |  out|   32|  ap_ctrl_hs|                          top_kernel_Pipeline_K3_Gaussian_VITIS_LOOP_86_6|  return value|
|grp_fu_10523_p_dout0                                                              |   in|   32|  ap_ctrl_hs|                          top_kernel_Pipeline_K3_Gaussian_VITIS_LOOP_86_6|  return value|
|grp_fu_10523_p_ce                                                                 |  out|    1|  ap_ctrl_hs|                          top_kernel_Pipeline_K3_Gaussian_VITIS_LOOP_86_6|  return value|
|grp_fu_10571_p_din0                                                               |  out|   32|  ap_ctrl_hs|                          top_kernel_Pipeline_K3_Gaussian_VITIS_LOOP_86_6|  return value|
|grp_fu_10571_p_din1                                                               |  out|   32|  ap_ctrl_hs|                          top_kernel_Pipeline_K3_Gaussian_VITIS_LOOP_86_6|  return value|
|grp_fu_10571_p_dout0                                                              |   in|   32|  ap_ctrl_hs|                          top_kernel_Pipeline_K3_Gaussian_VITIS_LOOP_86_6|  return value|
|grp_fu_10571_p_ce                                                                 |  out|    1|  ap_ctrl_hs|                          top_kernel_Pipeline_K3_Gaussian_VITIS_LOOP_86_6|  return value|
|grp_fu_10575_p_din0                                                               |  out|   32|  ap_ctrl_hs|                          top_kernel_Pipeline_K3_Gaussian_VITIS_LOOP_86_6|  return value|
|grp_fu_10575_p_din1                                                               |  out|   32|  ap_ctrl_hs|                          top_kernel_Pipeline_K3_Gaussian_VITIS_LOOP_86_6|  return value|
|grp_fu_10575_p_dout0                                                              |   in|   32|  ap_ctrl_hs|                          top_kernel_Pipeline_K3_Gaussian_VITIS_LOOP_86_6|  return value|
|grp_fu_10575_p_ce                                                                 |  out|    1|  ap_ctrl_hs|                          top_kernel_Pipeline_K3_Gaussian_VITIS_LOOP_86_6|  return value|
|grp_fu_10579_p_din0                                                               |  out|   32|  ap_ctrl_hs|                          top_kernel_Pipeline_K3_Gaussian_VITIS_LOOP_86_6|  return value|
|grp_fu_10579_p_din1                                                               |  out|   32|  ap_ctrl_hs|                          top_kernel_Pipeline_K3_Gaussian_VITIS_LOOP_86_6|  return value|
|grp_fu_10579_p_dout0                                                              |   in|   32|  ap_ctrl_hs|                          top_kernel_Pipeline_K3_Gaussian_VITIS_LOOP_86_6|  return value|
|grp_fu_10579_p_ce                                                                 |  out|    1|  ap_ctrl_hs|                          top_kernel_Pipeline_K3_Gaussian_VITIS_LOOP_86_6|  return value|
|grp_fu_10583_p_din0                                                               |  out|   32|  ap_ctrl_hs|                          top_kernel_Pipeline_K3_Gaussian_VITIS_LOOP_86_6|  return value|
|grp_fu_10583_p_din1                                                               |  out|   32|  ap_ctrl_hs|                          top_kernel_Pipeline_K3_Gaussian_VITIS_LOOP_86_6|  return value|
|grp_fu_10583_p_dout0                                                              |   in|   32|  ap_ctrl_hs|                          top_kernel_Pipeline_K3_Gaussian_VITIS_LOOP_86_6|  return value|
|grp_fu_10583_p_ce                                                                 |  out|    1|  ap_ctrl_hs|                          top_kernel_Pipeline_K3_Gaussian_VITIS_LOOP_86_6|  return value|
|grp_fu_10587_p_din0                                                               |  out|   32|  ap_ctrl_hs|                          top_kernel_Pipeline_K3_Gaussian_VITIS_LOOP_86_6|  return value|
|grp_fu_10587_p_din1                                                               |  out|   32|  ap_ctrl_hs|                          top_kernel_Pipeline_K3_Gaussian_VITIS_LOOP_86_6|  return value|
|grp_fu_10587_p_dout0                                                              |   in|   32|  ap_ctrl_hs|                          top_kernel_Pipeline_K3_Gaussian_VITIS_LOOP_86_6|  return value|
|grp_fu_10587_p_ce                                                                 |  out|    1|  ap_ctrl_hs|                          top_kernel_Pipeline_K3_Gaussian_VITIS_LOOP_86_6|  return value|
|grp_fu_10591_p_din0                                                               |  out|   32|  ap_ctrl_hs|                          top_kernel_Pipeline_K3_Gaussian_VITIS_LOOP_86_6|  return value|
|grp_fu_10591_p_din1                                                               |  out|   32|  ap_ctrl_hs|                          top_kernel_Pipeline_K3_Gaussian_VITIS_LOOP_86_6|  return value|
|grp_fu_10591_p_dout0                                                              |   in|   32|  ap_ctrl_hs|                          top_kernel_Pipeline_K3_Gaussian_VITIS_LOOP_86_6|  return value|
|grp_fu_10591_p_ce                                                                 |  out|    1|  ap_ctrl_hs|                          top_kernel_Pipeline_K3_Gaussian_VITIS_LOOP_86_6|  return value|
|grp_fu_10595_p_din0                                                               |  out|   32|  ap_ctrl_hs|                          top_kernel_Pipeline_K3_Gaussian_VITIS_LOOP_86_6|  return value|
|grp_fu_10595_p_din1                                                               |  out|   32|  ap_ctrl_hs|                          top_kernel_Pipeline_K3_Gaussian_VITIS_LOOP_86_6|  return value|
|grp_fu_10595_p_dout0                                                              |   in|   32|  ap_ctrl_hs|                          top_kernel_Pipeline_K3_Gaussian_VITIS_LOOP_86_6|  return value|
|grp_fu_10595_p_ce                                                                 |  out|    1|  ap_ctrl_hs|                          top_kernel_Pipeline_K3_Gaussian_VITIS_LOOP_86_6|  return value|
|grp_fu_10599_p_din0                                                               |  out|   32|  ap_ctrl_hs|                          top_kernel_Pipeline_K3_Gaussian_VITIS_LOOP_86_6|  return value|
|grp_fu_10599_p_din1                                                               |  out|   32|  ap_ctrl_hs|                          top_kernel_Pipeline_K3_Gaussian_VITIS_LOOP_86_6|  return value|
|grp_fu_10599_p_dout0                                                              |   in|   32|  ap_ctrl_hs|                          top_kernel_Pipeline_K3_Gaussian_VITIS_LOOP_86_6|  return value|
|grp_fu_10599_p_ce                                                                 |  out|    1|  ap_ctrl_hs|                          top_kernel_Pipeline_K3_Gaussian_VITIS_LOOP_86_6|  return value|
|grp_fu_10603_p_din0                                                               |  out|   32|  ap_ctrl_hs|                          top_kernel_Pipeline_K3_Gaussian_VITIS_LOOP_86_6|  return value|
|grp_fu_10603_p_din1                                                               |  out|   32|  ap_ctrl_hs|                          top_kernel_Pipeline_K3_Gaussian_VITIS_LOOP_86_6|  return value|
|grp_fu_10603_p_dout0                                                              |   in|   32|  ap_ctrl_hs|                          top_kernel_Pipeline_K3_Gaussian_VITIS_LOOP_86_6|  return value|
|grp_fu_10603_p_ce                                                                 |  out|    1|  ap_ctrl_hs|                          top_kernel_Pipeline_K3_Gaussian_VITIS_LOOP_86_6|  return value|
|grp_fu_10607_p_din0                                                               |  out|   32|  ap_ctrl_hs|                          top_kernel_Pipeline_K3_Gaussian_VITIS_LOOP_86_6|  return value|
|grp_fu_10607_p_din1                                                               |  out|   32|  ap_ctrl_hs|                          top_kernel_Pipeline_K3_Gaussian_VITIS_LOOP_86_6|  return value|
|grp_fu_10607_p_dout0                                                              |   in|   32|  ap_ctrl_hs|                          top_kernel_Pipeline_K3_Gaussian_VITIS_LOOP_86_6|  return value|
|grp_fu_10607_p_ce                                                                 |  out|    1|  ap_ctrl_hs|                          top_kernel_Pipeline_K3_Gaussian_VITIS_LOOP_86_6|  return value|
|grp_fu_10611_p_din0                                                               |  out|   32|  ap_ctrl_hs|                          top_kernel_Pipeline_K3_Gaussian_VITIS_LOOP_86_6|  return value|
|grp_fu_10611_p_din1                                                               |  out|   32|  ap_ctrl_hs|                          top_kernel_Pipeline_K3_Gaussian_VITIS_LOOP_86_6|  return value|
|grp_fu_10611_p_dout0                                                              |   in|   32|  ap_ctrl_hs|                          top_kernel_Pipeline_K3_Gaussian_VITIS_LOOP_86_6|  return value|
|grp_fu_10611_p_ce                                                                 |  out|    1|  ap_ctrl_hs|                          top_kernel_Pipeline_K3_Gaussian_VITIS_LOOP_86_6|  return value|
|grp_fu_10615_p_din0                                                               |  out|   32|  ap_ctrl_hs|                          top_kernel_Pipeline_K3_Gaussian_VITIS_LOOP_86_6|  return value|
|grp_fu_10615_p_din1                                                               |  out|   32|  ap_ctrl_hs|                          top_kernel_Pipeline_K3_Gaussian_VITIS_LOOP_86_6|  return value|
|grp_fu_10615_p_dout0                                                              |   in|   32|  ap_ctrl_hs|                          top_kernel_Pipeline_K3_Gaussian_VITIS_LOOP_86_6|  return value|
|grp_fu_10615_p_ce                                                                 |  out|    1|  ap_ctrl_hs|                          top_kernel_Pipeline_K3_Gaussian_VITIS_LOOP_86_6|  return value|
|top_kernel_float_const_float_const_float_const_float_gaussian_blurred_address0    |  out|   11|   ap_memory|    top_kernel_float_const_float_const_float_const_float_gaussian_blurred|         array|
|top_kernel_float_const_float_const_float_const_float_gaussian_blurred_ce0         |  out|    1|   ap_memory|    top_kernel_float_const_float_const_float_const_float_gaussian_blurred|         array|
|top_kernel_float_const_float_const_float_const_float_gaussian_blurred_we0         |  out|    1|   ap_memory|    top_kernel_float_const_float_const_float_const_float_gaussian_blurred|         array|
|top_kernel_float_const_float_const_float_const_float_gaussian_blurred_d0          |  out|   32|   ap_memory|    top_kernel_float_const_float_const_float_const_float_gaussian_blurred|         array|
|p_ZZ10top_kernelPKfS0_S0_PfE9equalized_0_0_address0                               |  out|    9|   ap_memory|                               p_ZZ10top_kernelPKfS0_S0_PfE9equalized_0_0|         array|
|p_ZZ10top_kernelPKfS0_S0_PfE9equalized_0_0_ce0                                    |  out|    1|   ap_memory|                               p_ZZ10top_kernelPKfS0_S0_PfE9equalized_0_0|         array|
|p_ZZ10top_kernelPKfS0_S0_PfE9equalized_0_0_q0                                     |   in|   32|   ap_memory|                               p_ZZ10top_kernelPKfS0_S0_PfE9equalized_0_0|         array|
|p_ZZ10top_kernelPKfS0_S0_PfE9equalized_0_0_address1                               |  out|    9|   ap_memory|                               p_ZZ10top_kernelPKfS0_S0_PfE9equalized_0_0|         array|
|p_ZZ10top_kernelPKfS0_S0_PfE9equalized_0_0_ce1                                    |  out|    1|   ap_memory|                               p_ZZ10top_kernelPKfS0_S0_PfE9equalized_0_0|         array|
|p_ZZ10top_kernelPKfS0_S0_PfE9equalized_0_0_q1                                     |   in|   32|   ap_memory|                               p_ZZ10top_kernelPKfS0_S0_PfE9equalized_0_0|         array|
|p_ZZ10top_kernelPKfS0_S0_PfE9equalized_0_1_address0                               |  out|    9|   ap_memory|                               p_ZZ10top_kernelPKfS0_S0_PfE9equalized_0_1|         array|
|p_ZZ10top_kernelPKfS0_S0_PfE9equalized_0_1_ce0                                    |  out|    1|   ap_memory|                               p_ZZ10top_kernelPKfS0_S0_PfE9equalized_0_1|         array|
|p_ZZ10top_kernelPKfS0_S0_PfE9equalized_0_1_q0                                     |   in|   32|   ap_memory|                               p_ZZ10top_kernelPKfS0_S0_PfE9equalized_0_1|         array|
|p_ZZ10top_kernelPKfS0_S0_PfE9equalized_0_1_address1                               |  out|    9|   ap_memory|                               p_ZZ10top_kernelPKfS0_S0_PfE9equalized_0_1|         array|
|p_ZZ10top_kernelPKfS0_S0_PfE9equalized_0_1_ce1                                    |  out|    1|   ap_memory|                               p_ZZ10top_kernelPKfS0_S0_PfE9equalized_0_1|         array|
|p_ZZ10top_kernelPKfS0_S0_PfE9equalized_0_1_q1                                     |   in|   32|   ap_memory|                               p_ZZ10top_kernelPKfS0_S0_PfE9equalized_0_1|         array|
|p_ZZ10top_kernelPKfS0_S0_PfE9equalized_0_2_address0                               |  out|    9|   ap_memory|                               p_ZZ10top_kernelPKfS0_S0_PfE9equalized_0_2|         array|
|p_ZZ10top_kernelPKfS0_S0_PfE9equalized_0_2_ce0                                    |  out|    1|   ap_memory|                               p_ZZ10top_kernelPKfS0_S0_PfE9equalized_0_2|         array|
|p_ZZ10top_kernelPKfS0_S0_PfE9equalized_0_2_q0                                     |   in|   32|   ap_memory|                               p_ZZ10top_kernelPKfS0_S0_PfE9equalized_0_2|         array|
|p_ZZ10top_kernelPKfS0_S0_PfE9equalized_0_2_address1                               |  out|    9|   ap_memory|                               p_ZZ10top_kernelPKfS0_S0_PfE9equalized_0_2|         array|
|p_ZZ10top_kernelPKfS0_S0_PfE9equalized_0_2_ce1                                    |  out|    1|   ap_memory|                               p_ZZ10top_kernelPKfS0_S0_PfE9equalized_0_2|         array|
|p_ZZ10top_kernelPKfS0_S0_PfE9equalized_0_2_q1                                     |   in|   32|   ap_memory|                               p_ZZ10top_kernelPKfS0_S0_PfE9equalized_0_2|         array|
|p_ZZ10top_kernelPKfS0_S0_PfE9equalized_0_3_address0                               |  out|    9|   ap_memory|                               p_ZZ10top_kernelPKfS0_S0_PfE9equalized_0_3|         array|
|p_ZZ10top_kernelPKfS0_S0_PfE9equalized_0_3_ce0                                    |  out|    1|   ap_memory|                               p_ZZ10top_kernelPKfS0_S0_PfE9equalized_0_3|         array|
|p_ZZ10top_kernelPKfS0_S0_PfE9equalized_0_3_q0                                     |   in|   32|   ap_memory|                               p_ZZ10top_kernelPKfS0_S0_PfE9equalized_0_3|         array|
|p_ZZ10top_kernelPKfS0_S0_PfE9equalized_0_3_address1                               |  out|    9|   ap_memory|                               p_ZZ10top_kernelPKfS0_S0_PfE9equalized_0_3|         array|
|p_ZZ10top_kernelPKfS0_S0_PfE9equalized_0_3_ce1                                    |  out|    1|   ap_memory|                               p_ZZ10top_kernelPKfS0_S0_PfE9equalized_0_3|         array|
|p_ZZ10top_kernelPKfS0_S0_PfE9equalized_0_3_q1                                     |   in|   32|   ap_memory|                               p_ZZ10top_kernelPKfS0_S0_PfE9equalized_0_3|         array|
|p_ZZ10top_kernelPKfS0_S0_PfE9equalized_0_4_address0                               |  out|    9|   ap_memory|                               p_ZZ10top_kernelPKfS0_S0_PfE9equalized_0_4|         array|
|p_ZZ10top_kernelPKfS0_S0_PfE9equalized_0_4_ce0                                    |  out|    1|   ap_memory|                               p_ZZ10top_kernelPKfS0_S0_PfE9equalized_0_4|         array|
|p_ZZ10top_kernelPKfS0_S0_PfE9equalized_0_4_q0                                     |   in|   32|   ap_memory|                               p_ZZ10top_kernelPKfS0_S0_PfE9equalized_0_4|         array|
|p_ZZ10top_kernelPKfS0_S0_PfE9equalized_0_4_address1                               |  out|    9|   ap_memory|                               p_ZZ10top_kernelPKfS0_S0_PfE9equalized_0_4|         array|
|p_ZZ10top_kernelPKfS0_S0_PfE9equalized_0_4_ce1                                    |  out|    1|   ap_memory|                               p_ZZ10top_kernelPKfS0_S0_PfE9equalized_0_4|         array|
|p_ZZ10top_kernelPKfS0_S0_PfE9equalized_0_4_q1                                     |   in|   32|   ap_memory|                               p_ZZ10top_kernelPKfS0_S0_PfE9equalized_0_4|         array|
|p_ZZ10top_kernelPKfS0_S0_PfE9equalized_1_0_address0                               |  out|    9|   ap_memory|                               p_ZZ10top_kernelPKfS0_S0_PfE9equalized_1_0|         array|
|p_ZZ10top_kernelPKfS0_S0_PfE9equalized_1_0_ce0                                    |  out|    1|   ap_memory|                               p_ZZ10top_kernelPKfS0_S0_PfE9equalized_1_0|         array|
|p_ZZ10top_kernelPKfS0_S0_PfE9equalized_1_0_q0                                     |   in|   32|   ap_memory|                               p_ZZ10top_kernelPKfS0_S0_PfE9equalized_1_0|         array|
|p_ZZ10top_kernelPKfS0_S0_PfE9equalized_1_0_address1                               |  out|    9|   ap_memory|                               p_ZZ10top_kernelPKfS0_S0_PfE9equalized_1_0|         array|
|p_ZZ10top_kernelPKfS0_S0_PfE9equalized_1_0_ce1                                    |  out|    1|   ap_memory|                               p_ZZ10top_kernelPKfS0_S0_PfE9equalized_1_0|         array|
|p_ZZ10top_kernelPKfS0_S0_PfE9equalized_1_0_q1                                     |   in|   32|   ap_memory|                               p_ZZ10top_kernelPKfS0_S0_PfE9equalized_1_0|         array|
|p_ZZ10top_kernelPKfS0_S0_PfE9equalized_1_1_address0                               |  out|    9|   ap_memory|                               p_ZZ10top_kernelPKfS0_S0_PfE9equalized_1_1|         array|
|p_ZZ10top_kernelPKfS0_S0_PfE9equalized_1_1_ce0                                    |  out|    1|   ap_memory|                               p_ZZ10top_kernelPKfS0_S0_PfE9equalized_1_1|         array|
|p_ZZ10top_kernelPKfS0_S0_PfE9equalized_1_1_q0                                     |   in|   32|   ap_memory|                               p_ZZ10top_kernelPKfS0_S0_PfE9equalized_1_1|         array|
|p_ZZ10top_kernelPKfS0_S0_PfE9equalized_1_1_address1                               |  out|    9|   ap_memory|                               p_ZZ10top_kernelPKfS0_S0_PfE9equalized_1_1|         array|
|p_ZZ10top_kernelPKfS0_S0_PfE9equalized_1_1_ce1                                    |  out|    1|   ap_memory|                               p_ZZ10top_kernelPKfS0_S0_PfE9equalized_1_1|         array|
|p_ZZ10top_kernelPKfS0_S0_PfE9equalized_1_1_q1                                     |   in|   32|   ap_memory|                               p_ZZ10top_kernelPKfS0_S0_PfE9equalized_1_1|         array|
|p_ZZ10top_kernelPKfS0_S0_PfE9equalized_1_2_address0                               |  out|    9|   ap_memory|                               p_ZZ10top_kernelPKfS0_S0_PfE9equalized_1_2|         array|
|p_ZZ10top_kernelPKfS0_S0_PfE9equalized_1_2_ce0                                    |  out|    1|   ap_memory|                               p_ZZ10top_kernelPKfS0_S0_PfE9equalized_1_2|         array|
|p_ZZ10top_kernelPKfS0_S0_PfE9equalized_1_2_q0                                     |   in|   32|   ap_memory|                               p_ZZ10top_kernelPKfS0_S0_PfE9equalized_1_2|         array|
|p_ZZ10top_kernelPKfS0_S0_PfE9equalized_1_2_address1                               |  out|    9|   ap_memory|                               p_ZZ10top_kernelPKfS0_S0_PfE9equalized_1_2|         array|
|p_ZZ10top_kernelPKfS0_S0_PfE9equalized_1_2_ce1                                    |  out|    1|   ap_memory|                               p_ZZ10top_kernelPKfS0_S0_PfE9equalized_1_2|         array|
|p_ZZ10top_kernelPKfS0_S0_PfE9equalized_1_2_q1                                     |   in|   32|   ap_memory|                               p_ZZ10top_kernelPKfS0_S0_PfE9equalized_1_2|         array|
|p_ZZ10top_kernelPKfS0_S0_PfE9equalized_1_3_address0                               |  out|    9|   ap_memory|                               p_ZZ10top_kernelPKfS0_S0_PfE9equalized_1_3|         array|
|p_ZZ10top_kernelPKfS0_S0_PfE9equalized_1_3_ce0                                    |  out|    1|   ap_memory|                               p_ZZ10top_kernelPKfS0_S0_PfE9equalized_1_3|         array|
|p_ZZ10top_kernelPKfS0_S0_PfE9equalized_1_3_q0                                     |   in|   32|   ap_memory|                               p_ZZ10top_kernelPKfS0_S0_PfE9equalized_1_3|         array|
|p_ZZ10top_kernelPKfS0_S0_PfE9equalized_1_3_address1                               |  out|    9|   ap_memory|                               p_ZZ10top_kernelPKfS0_S0_PfE9equalized_1_3|         array|
|p_ZZ10top_kernelPKfS0_S0_PfE9equalized_1_3_ce1                                    |  out|    1|   ap_memory|                               p_ZZ10top_kernelPKfS0_S0_PfE9equalized_1_3|         array|
|p_ZZ10top_kernelPKfS0_S0_PfE9equalized_1_3_q1                                     |   in|   32|   ap_memory|                               p_ZZ10top_kernelPKfS0_S0_PfE9equalized_1_3|         array|
|p_ZZ10top_kernelPKfS0_S0_PfE9equalized_1_4_address0                               |  out|    9|   ap_memory|                               p_ZZ10top_kernelPKfS0_S0_PfE9equalized_1_4|         array|
|p_ZZ10top_kernelPKfS0_S0_PfE9equalized_1_4_ce0                                    |  out|    1|   ap_memory|                               p_ZZ10top_kernelPKfS0_S0_PfE9equalized_1_4|         array|
|p_ZZ10top_kernelPKfS0_S0_PfE9equalized_1_4_q0                                     |   in|   32|   ap_memory|                               p_ZZ10top_kernelPKfS0_S0_PfE9equalized_1_4|         array|
|p_ZZ10top_kernelPKfS0_S0_PfE9equalized_1_4_address1                               |  out|    9|   ap_memory|                               p_ZZ10top_kernelPKfS0_S0_PfE9equalized_1_4|         array|
|p_ZZ10top_kernelPKfS0_S0_PfE9equalized_1_4_ce1                                    |  out|    1|   ap_memory|                               p_ZZ10top_kernelPKfS0_S0_PfE9equalized_1_4|         array|
|p_ZZ10top_kernelPKfS0_S0_PfE9equalized_1_4_q1                                     |   in|   32|   ap_memory|                               p_ZZ10top_kernelPKfS0_S0_PfE9equalized_1_4|         array|
|top_kernel_float_const_float_const_float_const_float_gaussian_blurred_2_address0  |  out|   11|   ap_memory|  top_kernel_float_const_float_const_float_const_float_gaussian_blurred_2|         array|
|top_kernel_float_const_float_const_float_const_float_gaussian_blurred_2_ce0       |  out|    1|   ap_memory|  top_kernel_float_const_float_const_float_const_float_gaussian_blurred_2|         array|
|top_kernel_float_const_float_const_float_const_float_gaussian_blurred_2_we0       |  out|    1|   ap_memory|  top_kernel_float_const_float_const_float_const_float_gaussian_blurred_2|         array|
|top_kernel_float_const_float_const_float_const_float_gaussian_blurred_2_d0        |  out|   32|   ap_memory|  top_kernel_float_const_float_const_float_const_float_gaussian_blurred_2|         array|
|top_kernel_float_const_float_const_float_const_float_gaussian_blurred_3_address0  |  out|   11|   ap_memory|  top_kernel_float_const_float_const_float_const_float_gaussian_blurred_3|         array|
|top_kernel_float_const_float_const_float_const_float_gaussian_blurred_3_ce0       |  out|    1|   ap_memory|  top_kernel_float_const_float_const_float_const_float_gaussian_blurred_3|         array|
|top_kernel_float_const_float_const_float_const_float_gaussian_blurred_3_we0       |  out|    1|   ap_memory|  top_kernel_float_const_float_const_float_const_float_gaussian_blurred_3|         array|
|top_kernel_float_const_float_const_float_const_float_gaussian_blurred_3_d0        |  out|   32|   ap_memory|  top_kernel_float_const_float_const_float_const_float_gaussian_blurred_3|         array|
+----------------------------------------------------------------------------------+-----+-----+------------+-------------------------------------------------------------------------+--------------+

