

================================================================
== Vitis HLS Report for 'top_kernel'
================================================================
* Date:           Fri Apr  3 18:52:45 2026

* Version:        2025.1.1 (Build 6214317 on Sep 11 2025)
* Project:        project_1
* Solution:       hls (Vivado IP Flow Target)
* Product family: zynquplus
* Target device:  xczu3eg-sbva484-1-e


================================================================
== Performance Estimates
================================================================
+ Timing: 
    * Summary: 
    +--------+----------+----------+------------+
    |  Clock |  Target  | Estimated| Uncertainty|
    +--------+----------+----------+------------+
    |ap_clk  |  10.00 ns|  7.506 ns|     2.70 ns|
    +--------+----------+----------+------------+

+ Latency: 
    * Summary: 
    +----------+----------+-----------+-----------+----------+----------+---------+
    |   Latency (cycles)  |   Latency (absolute)  |       Interval      | Pipeline|
    |    min   |    max   |    min    |    max    |    min   |    max   |   Type  |
    +----------+----------+-----------+-----------+----------+----------+---------+
    |  13737643|  13737643|  0.137 sec|  0.137 sec|  13737644|  13737644|       no|
    +----------+----------+-----------+-----------+----------+----------+---------+

    + Detail: 
        * Instance: 
        N/A

        * Loop: 
        +--------------------------+---------+---------+----------+-----------+-----------+------+----------+
        |                          |  Latency (cycles) | Iteration|  Initiation Interval  | Trip |          |
        |         Loop Name        |   min   |   max   |  Latency |  achieved |   target  | Count| Pipelined|
        +--------------------------+---------+---------+----------+-----------+-----------+------+----------+
        |- VITIS_LOOP_30_3         |      256|      256|         1|          -|          -|   256|        no|
        |- VITIS_LOOP_34_4         |   770304|   770304|      6018|          -|          -|   128|        no|
        | + VITIS_LOOP_35_5        |     6016|     6016|        47|          -|          -|   128|        no|
        |- VITIS_LOOP_55_6         |      510|      510|         2|          -|          -|   255|        no|
        |- VITIS_LOOP_63_7         |   442624|   442624|      3458|          -|          -|   128|        no|
        | + VITIS_LOOP_64_8        |     3456|     3456|        27|          -|          -|   128|        no|
        |- VITIS_LOOP_83_9         |  4028760|  4028760|     32490|          -|          -|   124|        no|
        | + VITIS_LOOP_84_10       |    32488|    32488|       262|          -|          -|   124|        no|
        |  ++ VITIS_LOOP_87_11     |      260|      260|        52|          -|          -|     5|        no|
        |   +++ VITIS_LOOP_88_12   |       50|       50|        10|          -|          -|     5|        no|
        |- VITIS_LOOP_101_13       |  7334964|  7334964|     58214|          -|          -|   126|        no|
        | + VITIS_LOOP_102_14      |    58212|    58212|       462|          -|          -|   126|        no|
        |  ++ VITIS_LOOP_107_15    |      447|      447|       149|          -|          -|     3|        no|
        |   +++ VITIS_LOOP_108_16  |      147|      147|        49|          -|          -|     3|        no|
        |- VITIS_LOOP_129_17       |   571788|   571788|      4538|          -|          -|   126|        no|
        | + VITIS_LOOP_130_18      |     4536|     4536|        36|          -|          -|   126|        no|
        |  ++ VITIS_LOOP_133_19    |       33|       33|        11|          -|          -|     3|        no|
        |   +++ VITIS_LOOP_134_20  |        9|        9|         3|          -|          -|     3|        no|
        |- VITIS_LOOP_145_21       |   588420|   588420|      4670|          -|          -|   126|        no|
        | + VITIS_LOOP_146_22      |     4662|     4662|        37|          -|          -|   126|        no|
        |  ++ VITIS_LOOP_149_23    |       33|       33|        11|          -|          -|     3|        no|
        |   +++ VITIS_LOOP_150_24  |        9|        9|         3|          -|          -|     3|        no|
        +--------------------------+---------+---------+----------+-----------+-----------+------+----------+



================================================================
== Utilization Estimates
================================================================
* Summary: 
+-----------------+---------+-----+--------+-------+-----+
|       Name      | BRAM_18K| DSP |   FF   |  LUT  | URAM|
+-----------------+---------+-----+--------+-------+-----+
|DSP              |        -|    -|       -|      -|    -|
|Expression       |        -|    -|       0|   2915|    -|
|FIFO             |        -|    -|       -|      -|    -|
|Instance         |        2|   36|    3001|   4560|    0|
|Memory           |      152|    -|      64|     18|    0|
|Multiplexer      |        -|    -|       0|   1837|    -|
|Register         |        -|    -|    2375|      -|    -|
+-----------------+---------+-----+--------+-------+-----+
|Total            |      154|   36|    5440|   9330|    0|
+-----------------+---------+-----+--------+-------+-----+
|Available        |      432|  360|  141120|  70560|    0|
+-----------------+---------+-----+--------+-------+-----+
|Utilization (%)  |       35|   10|       3|     13|    0|
+-----------------+---------+-----+--------+-------+-----+

+ Detail: 
    * Instance: 
    +---------------------------------------+------------------------------------+---------+----+------+------+-----+
    |                Instance               |               Module               | BRAM_18K| DSP|  FF  |  LUT | URAM|
    +---------------------------------------+------------------------------------+---------+----+------+------+-----+
    |control_s_axi_U                        |control_s_axi                       |        0|   0|   316|   552|    0|
    |dexp_64ns_64ns_64_15_full_dsp_1_U10    |dexp_64ns_64ns_64_15_full_dsp_1     |        0|  26|  1219|  2593|    0|
    |fadd_32ns_32ns_32_5_full_dsp_1_U2      |fadd_32ns_32ns_32_5_full_dsp_1      |        0|   2|   205|   206|    0|
    |faddfsub_32ns_32ns_32_5_full_dsp_1_U1  |faddfsub_32ns_32ns_32_5_full_dsp_1  |        0|   2|   205|   206|    0|
    |fcmp_32ns_32ns_1_2_no_dsp_1_U9         |fcmp_32ns_32ns_1_2_no_dsp_1         |        0|   0|     0|     0|    0|
    |fdiv_32ns_32ns_32_10_no_dsp_1_U5       |fdiv_32ns_32ns_32_10_no_dsp_1       |        0|   0|     0|     0|    0|
    |fmul_32ns_32ns_32_4_max_dsp_1_U3       |fmul_32ns_32ns_32_4_max_dsp_1       |        0|   3|   143|   140|    0|
    |fmul_32ns_32ns_32_4_max_dsp_1_U4       |fmul_32ns_32ns_32_4_max_dsp_1       |        0|   3|   143|   140|    0|
    |fpext_32ns_64_2_no_dsp_1_U8            |fpext_32ns_64_2_no_dsp_1            |        0|   0|     0|     0|    0|
    |fptrunc_64ns_32_2_no_dsp_1_U7          |fptrunc_64ns_32_2_no_dsp_1          |        0|   0|     0|     0|    0|
    |gmem_m_axi_U                           |gmem_m_axi                          |        2|   0|   770|   723|    0|
    |sitofp_32ns_32_4_no_dsp_1_U6           |sitofp_32ns_32_4_no_dsp_1           |        0|   0|     0|     0|    0|
    +---------------------------------------+------------------------------------+---------+----+------+------+-----+
    |Total                                  |                                    |        2|  36|  3001|  4560|    0|
    +---------------------------------------+------------------------------------+---------+----+------+------+-----+

    * DSP: 
    N/A

    * Memory: 
    +----------------------+-----------------------------+---------+----+----+-----+-------+-----+------+-------------+
    |        Memory        |            Module           | BRAM_18K| FF | LUT| URAM| Words | Bits| Banks| W*Bits*Banks|
    +----------------------+-----------------------------+---------+----+----+-----+-------+-----+------+-------------+
    |gaussian_kernel_U     |gaussian_kernel_ROM_AUTO_1R  |        0|  32|  13|    0|     25|   32|     1|          800|
    |histogram_U           |histogram_RAM_AUTO_1R1W      |        1|   0|   0|    0|    256|   32|     1|         8192|
    |cdf_U                 |histogram_RAM_AUTO_1R1W      |        1|   0|   0|    0|    256|   32|     1|         8192|
    |intensity_U           |intensity_RAM_AUTO_1R1W      |       30|   0|   0|    0|  16384|   32|     1|       524288|
    |equalized_U           |intensity_RAM_AUTO_1R1W      |       30|   0|   0|    0|  16384|   32|     1|       524288|
    |gaussian_blurred_U    |intensity_RAM_AUTO_1R1W      |       30|   0|   0|    0|  16384|   32|     1|       524288|
    |bilateral_filtered_U  |intensity_RAM_AUTO_1R1W      |       30|   0|   0|    0|  16384|   32|     1|       524288|
    |eroded_U              |intensity_RAM_AUTO_1R1W      |       30|   0|   0|    0|  16384|   32|     1|       524288|
    |spatial_weights_U     |spatial_weights_ROM_AUTO_1R  |        0|  32|   5|    0|      9|   32|     1|          288|
    +----------------------+-----------------------------+---------+----+----+-----+-------+-----+------+-------------+
    |Total                 |                             |      152|  64|  18|    0|  82466|  288|     9|      2638912|
    +----------------------+-----------------------------+---------+----+----+-----+-------+-----+------+-------------+

    * FIFO: 
    N/A

    * Expression: 
    +------------------------------+----------+----+---+-----+------------+------------+
    |         Variable Name        | Operation| DSP| FF| LUT | Bitwidth P0| Bitwidth P1|
    +------------------------------+----------+----+---+-----+------------+------------+
    |add_ln101_fu_1801_p2          |         +|   0|  0|   14|           7|           1|
    |add_ln102_fu_1854_p2          |         +|   0|  0|   14|           7|           1|
    |add_ln109_fu_1870_p2          |         +|   0|  0|   14|           7|           7|
    |add_ln110_1_fu_1898_p2        |         +|   0|  0|   12|           4|           4|
    |add_ln110_fu_1888_p2          |         +|   0|  0|   10|           3|           1|
    |add_ln129_fu_2028_p2          |         +|   0|  0|   14|           7|           1|
    |add_ln130_fu_2053_p2          |         +|   0|  0|   14|           7|           1|
    |add_ln133_fu_2093_p2          |         +|   0|  0|   10|           3|           1|
    |add_ln134_fu_2087_p2          |         +|   0|  0|   10|           3|           1|
    |add_ln135_fu_2069_p2          |         +|   0|  0|   14|           7|           7|
    |add_ln145_1_fu_2201_p2        |         +|   0|  0|   14|           7|           1|
    |add_ln145_fu_2428_p2          |         +|   0|  0|   14|           7|           1|
    |add_ln146_fu_2422_p2          |         +|   0|  0|   14|           7|           1|
    |add_ln149_fu_2321_p2          |         +|   0|  0|   10|           3|           1|
    |add_ln150_fu_2315_p2          |         +|   0|  0|   10|           3|           1|
    |add_ln151_fu_2297_p2          |         +|   0|  0|   14|           7|           7|
    |add_ln30_fu_947_p2            |         +|   0|  0|   16|           9|           1|
    |add_ln317_1_fu_1464_p2        |         +|   0|  0|   16|           9|           8|
    |add_ln317_fu_1160_p2          |         +|   0|  0|   16|           9|           8|
    |add_ln34_fu_1016_p2           |         +|   0|  0|   15|           8|           1|
    |add_ln35_fu_1045_p2           |         +|   0|  0|   15|           8|           1|
    |add_ln37_fu_1064_p2           |         +|   0|  0|   70|          63|          63|
    |add_ln38_fu_1079_p2           |         +|   0|  0|   70|          63|          63|
    |add_ln39_fu_1094_p2           |         +|   0|  0|   70|          63|          63|
    |add_ln43_fu_1055_p2           |         +|   0|  0|   21|          14|          14|
    |add_ln49_fu_1317_p2           |         +|   0|  0|   39|          32|           1|
    |add_ln55_fu_1343_p2           |         +|   0|  0|   16|           9|           1|
    |add_ln56_fu_1362_p2           |         +|   0|  0|   39|          32|          32|
    |add_ln63_fu_1383_p2           |         +|   0|  0|   15|           8|           1|
    |add_ln64_fu_1412_p2           |         +|   0|  0|   15|           8|           1|
    |add_ln70_fu_1422_p2           |         +|   0|  0|   21|          14|          14|
    |add_ln83_fu_1653_p2           |         +|   0|  0|   14|           7|           1|
    |add_ln84_fu_1702_p2           |         +|   0|  0|   14|           7|           1|
    |add_ln87_fu_1762_p2           |         +|   0|  0|   10|           3|           1|
    |add_ln88_1_fu_1696_p2         |         +|   0|  0|   12|           5|           5|
    |add_ln88_fu_1756_p2           |         +|   0|  0|   10|           3|           1|
    |add_ln89_1_fu_1736_p2         |         +|   0|  0|   10|           3|           2|
    |add_ln89_2_fu_1746_p2         |         +|   0|  0|   12|           5|           5|
    |add_ln89_fu_1718_p2           |         +|   0|  0|   14|           7|           7|
    |empty_45_fu_1678_p2           |         +|   0|  0|   10|           3|           2|
    |empty_46_fu_1821_p2           |         +|   0|  0|   14|           7|           7|
    |empty_47_fu_2048_p2           |         +|   0|  0|   14|           7|           7|
    |empty_48_fu_2225_p2           |         +|   0|  0|   71|          64|          64|
    |empty_50_fu_2282_p2           |         +|   0|  0|   14|           7|           7|
    |empty_fu_1673_p2              |         +|   0|  0|   14|           7|           7|
    |indvars_iv_next81_fu_1826_p2  |         +|   0|  0|   10|           3|           1|
    |tmp1_fu_2215_p2               |         +|   0|  0|   23|          16|          10|
    |result_2_fu_1251_p2           |         -|   0|  0|   39|           1|          32|
    |result_6_fu_1555_p2           |         -|   0|  0|   39|           1|          32|
    |sub_ln110_fu_1848_p2          |         -|   0|  0|   12|           4|           4|
    |sub_ln18_1_fu_1478_p2         |         -|   0|  0|   15|           7|           8|
    |sub_ln18_fu_1174_p2           |         -|   0|  0|   15|           7|           8|
    |and_ln120_fu_1978_p2          |       and|   0|  0|    2|           1|           1|
    |and_ln136_1_fu_2176_p2        |       and|   0|  0|    2|           1|           1|
    |and_ln136_fu_2170_p2          |       and|   0|  0|    2|           1|           1|
    |and_ln152_1_fu_2404_p2        |       and|   0|  0|    2|           1|           1|
    |and_ln152_fu_2398_p2          |       and|   0|  0|    2|           1|           1|
    |icmp_ln101_fu_1771_p2         |      icmp|   0|  0|   14|           7|           2|
    |icmp_ln102_fu_1782_p2         |      icmp|   0|  0|   14|           7|           2|
    |icmp_ln107_fu_1811_p2         |      icmp|   0|  0|   10|           3|           2|
    |icmp_ln108_fu_1860_p2         |      icmp|   0|  0|   10|           3|           2|
    |icmp_ln120_1_fu_1966_p2       |      icmp|   0|  0|   30|          23|           1|
    |icmp_ln120_fu_1960_p2         |      icmp|   0|  0|   15|           8|           2|
    |icmp_ln129_fu_1993_p2         |      icmp|   0|  0|   14|           7|           2|
    |icmp_ln130_fu_2009_p2         |      icmp|   0|  0|   14|           7|           2|
    |icmp_ln133_fu_2038_p2         |      icmp|   0|  0|   10|           3|           2|
    |icmp_ln134_fu_2059_p2         |      icmp|   0|  0|   10|           3|           2|
    |icmp_ln136_1_fu_2140_p2       |      icmp|   0|  0|   30|          23|           1|
    |icmp_ln136_2_fu_2152_p2       |      icmp|   0|  0|   15|           8|           2|
    |icmp_ln136_3_fu_2158_p2       |      icmp|   0|  0|   30|          23|           1|
    |icmp_ln136_fu_2134_p2         |      icmp|   0|  0|   15|           8|           2|
    |icmp_ln145_fu_2195_p2         |      icmp|   0|  0|   14|           7|           2|
    |icmp_ln146_fu_2250_p2         |      icmp|   0|  0|   14|           7|           2|
    |icmp_ln149_fu_2272_p2         |      icmp|   0|  0|   10|           3|           2|
    |icmp_ln150_fu_2287_p2         |      icmp|   0|  0|   10|           3|           2|
    |icmp_ln152_1_fu_2368_p2       |      icmp|   0|  0|   30|          23|           1|
    |icmp_ln152_2_fu_2380_p2       |      icmp|   0|  0|   15|           8|           2|
    |icmp_ln152_3_fu_2386_p2       |      icmp|   0|  0|   30|          23|           1|
    |icmp_ln152_fu_2362_p2         |      icmp|   0|  0|   15|           8|           2|
    |icmp_ln30_fu_941_p2           |      icmp|   0|  0|   17|           9|          10|
    |icmp_ln34_fu_1010_p2          |      icmp|   0|  0|   16|           8|           9|
    |icmp_ln35_fu_1039_p2          |      icmp|   0|  0|   16|           8|           9|
    |icmp_ln48_fu_1298_p2          |      icmp|   0|  0|   30|          23|           1|
    |icmp_ln55_fu_1332_p2          |      icmp|   0|  0|   17|           9|          10|
    |icmp_ln63_fu_1377_p2          |      icmp|   0|  0|   16|           8|           9|
    |icmp_ln64_fu_1406_p2          |      icmp|   0|  0|   16|           8|           9|
    |icmp_ln67_fu_1602_p2          |      icmp|   0|  0|   30|          23|           1|
    |icmp_ln83_fu_1624_p2          |      icmp|   0|  0|   14|           7|           3|
    |icmp_ln84_fu_1635_p2          |      icmp|   0|  0|   14|           7|           3|
    |icmp_ln87_fu_1663_p2          |      icmp|   0|  0|   10|           3|           2|
    |icmp_ln88_fu_1708_p2          |      icmp|   0|  0|   10|           3|           2|
    |lshr_ln18_1_fu_1516_p2        |      lshr|   0|  0|  240|          79|          79|
    |lshr_ln18_fu_1212_p2          |      lshr|   0|  0|  240|          79|          79|
    |or_ln120_fu_1972_p2           |        or|   0|  0|    2|           1|           1|
    |or_ln136_1_fu_2164_p2         |        or|   0|  0|    2|           1|           1|
    |or_ln136_fu_2146_p2           |        or|   0|  0|    2|           1|           1|
    |or_ln152_1_fu_2392_p2         |        or|   0|  0|    2|           1|           1|
    |or_ln152_fu_2374_p2           |        or|   0|  0|    2|           1|           1|
    |bin_1_fu_1276_p3              |    select|   0|  0|   30|           1|           1|
    |bin_2_fu_1304_p3              |    select|   0|  0|    8|           1|           2|
    |bin_4_fu_1580_p3              |    select|   0|  0|   30|           1|           1|
    |bin_5_fu_1608_p3              |    select|   0|  0|    8|           1|           2|
    |max_val_4_fu_2410_p3          |    select|   0|  0|   32|           1|          32|
    |min_val_4_fu_2182_p3          |    select|   0|  0|   32|           1|          32|
    |result_7_fu_1561_p3           |    select|   0|  0|   32|           1|          32|
    |result_fu_1257_p3             |    select|   0|  0|   32|           1|          32|
    |select_ln120_fu_1984_p3       |    select|   0|  0|   32|           1|          32|
    |select_ln18_2_fu_1488_p3      |    select|   0|  0|    8|           1|           9|
    |select_ln18_fu_1184_p3        |    select|   0|  0|    8|           1|           9|
    |val_4_fu_1244_p3              |    select|   0|  0|   32|           1|          32|
    |val_5_fu_1548_p3              |    select|   0|  0|   32|           1|          32|
    |shl_ln18_1_fu_1522_p2         |       shl|   0|  0|  240|          79|          79|
    |shl_ln18_fu_1218_p2           |       shl|   0|  0|  240|          79|          79|
    |xor_ln113_fu_1915_p2          |       xor|   0|  0|    2|           1|           2|
    +------------------------------+----------+----+---+-----+------------+------------+
    |Total                         |          |   0|  0| 2915|        1283|        1204|
    +------------------------------+----------+----+---+-----+------------+------------+

    * Multiplexer: 
    +-----------------------------------+------+-----------+-----+-----------+
    |                Name               |  LUT | Input Size| Bits| Total Bits|
    +-----------------------------------+------+-----------+-----+-----------+
    |ap_NS_fsm                          |  1001|        189|    1|        189|
    |bilateral_filtered_address0_local  |    20|          4|   14|         56|
    |c_1_reg_571                        |     9|          2|    8|         16|
    |c_2_reg_582                        |     9|          2|    7|         14|
    |c_3_reg_642                        |     9|          2|    7|         14|
    |c_4_reg_724                        |     9|          2|    7|         14|
    |c_5_reg_782                        |     9|          2|    7|         14|
    |c_reg_560                          |     9|          2|    8|         16|
    |cdf_address0_local                 |    20|          4|    8|         32|
    |cdf_d0_local                       |    14|          3|   32|         96|
    |equalized_address0_local           |    14|          3|   14|         42|
    |eroded_address0_local              |    20|          4|   14|         56|
    |filtered_2_reg_630                 |     9|          2|   32|         64|
    |filtered_reg_606                   |     9|          2|   32|         64|
    |filtered_val_2_reg_712             |     9|          2|   32|         64|
    |filtered_val_reg_677               |     9|          2|   32|         64|
    |gaussian_blurred_address0_local    |    20|          4|   14|         56|
    |gmem_0_ARADDR                      |    20|          4|   64|        256|
    |gmem_blk_n_AR                      |     9|          2|    1|          2|
    |gmem_blk_n_AW                      |     9|          2|    1|          2|
    |gmem_blk_n_B                       |     9|          2|    1|          2|
    |gmem_blk_n_R                       |     9|          2|    1|          2|
    |gmem_blk_n_W                       |     9|          2|    1|          2|
    |grp_fu_839_opcode                  |    14|          3|    2|          6|
    |grp_fu_839_p0                      |    43|          8|   32|        256|
    |grp_fu_839_p1                      |    31|          6|   32|        192|
    |grp_fu_851_p0                      |    37|          7|   32|        224|
    |grp_fu_851_p1                      |    31|          6|   32|        192|
    |grp_fu_864_p0                      |    43|          8|   32|        256|
    |grp_fu_864_p1                      |    31|          6|   32|        192|
    |grp_fu_873_p0                      |    14|          3|   32|         96|
    |grp_fu_882_opcode                  |    14|          3|    5|         15|
    |grp_fu_882_p0                      |    20|          4|   32|        128|
    |grp_fu_882_p1                      |    20|          4|   32|        128|
    |histogram_address0_local           |    31|          6|    8|         48|
    |histogram_d0_local                 |    14|          3|   32|         96|
    |i_1_fu_266                         |     9|          2|    9|         18|
    |i_fu_258                           |     9|          2|    9|         18|
    |indvar_fu_294                      |     9|          2|    7|         14|
    |intensity_address0_local           |    14|          3|   14|         42|
    |kc_1_reg_689                       |     9|          2|    3|          6|
    |kc_2_reg_759                       |     9|          2|    3|          6|
    |kc_3_reg_816                       |     9|          2|    3|          6|
    |kc_reg_619                         |     9|          2|    3|          6|
    |kr_1_reg_654                       |     9|          2|    3|          6|
    |kr_2_reg_736                       |     9|          2|    3|          6|
    |kr_3_reg_794                       |     9|          2|    3|          6|
    |kr_reg_594                         |     9|          2|    3|          6|
    |max_val_1_reg_806                  |     9|          2|   32|         64|
    |max_val_3_reg_827                  |     9|          2|   32|         64|
    |min_val_1_reg_748                  |     9|          2|   32|         64|
    |min_val_3_reg_770                  |     9|          2|   32|         64|
    |r_1_fu_274                         |     9|          2|    8|         16|
    |r_2_fu_278                         |     9|          2|    7|         14|
    |r_3_fu_282                         |     9|          2|    7|         14|
    |r_4_fu_286                         |     9|          2|    7|         14|
    |r_5_fu_290                         |     9|          2|    7|         14|
    |r_fu_262                           |     9|          2|    8|         16|
    |store_forwarded_fu_270             |     9|          2|   32|         64|
    |weight_sum_2_reg_700               |     9|          2|   32|         64|
    |weight_sum_reg_665                 |     9|          2|   32|         64|
    +-----------------------------------+------+-----------+-----+-----------+
    |Total                              |  1837|        363| 1004|       3642|
    +-----------------------------------+------+-----------+-----+-----------+

    * Register: 
    +------------------------------------+-----+----+-----+-----------+
    |                Name                |  FF | LUT| Bits| Const Bits|
    +------------------------------------+-----+----+-----+-----------+
    |G_reg_2563                          |   32|   0|   32|          0|
    |add_ln102_reg_2827                  |    7|   0|    7|          0|
    |add_ln110_1_reg_2845                |    4|   0|    4|          0|
    |add_ln110_reg_2840                  |    3|   0|    3|          0|
    |add_ln134_reg_2969                  |    3|   0|    3|          0|
    |add_ln145_1_reg_2997                |    7|   0|    7|          0|
    |add_ln150_reg_3038                  |    3|   0|    3|          0|
    |add_ln34_reg_2493                   |    8|   0|    8|          0|
    |add_ln35_reg_2520                   |    8|   0|    8|          0|
    |add_ln43_reg_2525                   |   14|   0|   14|          0|
    |add_ln63_reg_2626                   |    8|   0|    8|          0|
    |add_ln64_reg_2646                   |    8|   0|    8|          0|
    |add_ln88_1_reg_2732                 |    5|   0|    5|          0|
    |add_ln88_reg_2755                   |    3|   0|    3|          0|
    |and_ln120_reg_2898                  |    1|   0|    1|          0|
    |ap_CS_fsm                           |  188|   0|  188|          0|
    |bilateral_filtered_addr_1_reg_2793  |   14|   0|   14|          0|
    |c_1_reg_571                         |    8|   0|    8|          0|
    |c_2_reg_582                         |    7|   0|    7|          0|
    |c_3_reg_642                         |    7|   0|    7|          0|
    |c_4_reg_724                         |    7|   0|    7|          0|
    |c_5_reg_782                         |    7|   0|    7|          0|
    |c_reg_560                           |    8|   0|    8|          0|
    |cdf_load_reg_2691                   |   32|   0|   32|          0|
    |cdf_min_reg_2618                    |   32|   0|   32|          0|
    |center_val_reg_2803                 |   32|   0|   32|          0|
    |conv1_reg_2861                      |   64|   0|   64|          0|
    |conv_reg_2696                       |   32|   0|   32|          0|
    |empty_46_reg_2812                   |    7|   0|    7|          0|
    |empty_47_reg_2951                   |    7|   0|    7|          0|
    |empty_50_reg_3025                   |    7|   0|    7|          0|
    |empty_reg_2727                      |    7|   0|    7|          0|
    |eroded_addr_1_reg_2938              |   14|   0|   14|          0|
    |filtered_2_reg_630                  |   32|   0|   32|          0|
    |filtered_reg_606                    |   32|   0|   32|          0|
    |filtered_val_2_reg_712              |   32|   0|   32|          0|
    |filtered_val_reg_677                |   32|   0|   32|          0|
    |gaussian_blurred_addr_1_reg_2719    |   14|   0|   14|          0|
    |gmem_addr_1_reg_2536                |   64|   0|   64|          0|
    |gmem_addr_2_reg_2542                |   64|   0|   64|          0|
    |gmem_addr_3_reg_3002                |   64|   0|   64|          0|
    |gmem_addr_reg_2530                  |   64|   0|   64|          0|
    |histogram_addr_2_reg_2588           |    8|   0|    8|          0|
    |histogram_load_reg_2593             |   32|   0|   32|          0|
    |i_1_fu_266                          |    9|   0|    9|          0|
    |i_fu_258                            |    9|   0|    9|          0|
    |in_b_read_reg_2450                  |   64|   0|   64|          0|
    |in_g_read_reg_2455                  |   64|   0|   64|          0|
    |in_r_read_reg_2460                  |   64|   0|   64|          0|
    |indvar_fu_294                       |    7|   0|    7|          0|
    |indvars_iv_next81_reg_2817          |    3|   0|    3|          0|
    |kc_1_reg_689                        |    3|   0|    3|          0|
    |kc_2_reg_759                        |    3|   0|    3|          0|
    |kc_3_reg_816                        |    3|   0|    3|          0|
    |kc_reg_619                          |    3|   0|    3|          0|
    |kr_1_reg_654                        |    3|   0|    3|          0|
    |kr_2_reg_736                        |    3|   0|    3|          0|
    |kr_3_reg_794                        |    3|   0|    3|          0|
    |kr_reg_594                          |    3|   0|    3|          0|
    |max_val_1_reg_806                   |   32|   0|   32|          0|
    |max_val_3_reg_827                   |   32|   0|   32|          0|
    |min_val_1_reg_748                   |   32|   0|   32|          0|
    |min_val_3_reg_770                   |   32|   0|   32|          0|
    |mul4_reg_2888                       |   32|   0|   32|          0|
    |neighbor_val_reg_2850               |   32|   0|   32|          0|
    |out_r_read_reg_2445                 |   64|   0|   64|          0|
    |r_10_reg_2908                       |    7|   0|    7|          0|
    |r_1_fu_274                          |    8|   0|    8|          0|
    |r_2_fu_278                          |    7|   0|    7|          0|
    |r_3_fu_282                          |    7|   0|    7|          0|
    |r_4_fu_286                          |    7|   0|    7|          0|
    |r_5_fu_290                          |    7|   0|    7|          0|
    |r_8_reg_2701                        |    7|   0|    7|          0|
    |r_9_reg_2775                        |    7|   0|    7|          0|
    |r_fu_262                            |    8|   0|    8|          0|
    |range_weight_reg_2882               |   32|   0|   32|          0|
    |reg_897                             |   32|   0|   32|          0|
    |reg_901                             |   32|   0|   32|          0|
    |reg_911                             |   32|   0|   32|          0|
    |reg_921                             |   32|   0|   32|          0|
    |reg_927                             |   32|   0|   32|          0|
    |select_ln120_reg_2903               |   32|   0|   32|          0|
    |select_ln18_2_reg_2681              |    9|   0|    9|          0|
    |select_ln18_reg_2583                |    9|   0|    9|          0|
    |sext_ln34_1_reg_2480                |   63|   0|   63|          0|
    |sext_ln34_2_reg_2485                |   63|   0|   63|          0|
    |sext_ln34_reg_2475                  |   63|   0|   63|          0|
    |spatial_weight_reg_2871             |   32|   0|   32|          0|
    |store_forwarded_fu_270              |   32|   0|   32|          0|
    |sub_ln110_reg_2822                  |    4|   0|    4|          0|
    |tmp_14_reg_2631                     |    7|   0|   14|          7|
    |tmp_16_reg_2676                     |    1|   0|    1|          0|
    |tmp_6_reg_2498                      |    7|   0|   14|          7|
    |tmp_9_reg_2877                      |   64|   0|   64|          0|
    |tmp_reg_2578                        |    1|   0|    1|          0|
    |trunc_ln342_1_reg_2671              |   23|   0|   23|          0|
    |trunc_ln342_reg_2573                |   23|   0|   23|          0|
    |val_3_reg_3048                      |   32|   0|   32|          0|
    |val_reg_2979                        |   32|   0|   32|          0|
    |weight_sum_2_reg_700                |   32|   0|   32|          0|
    |weight_sum_reg_665                  |   32|   0|   32|          0|
    |xs_sign_1_reg_2666                  |    1|   0|    1|          0|
    |xs_sign_reg_2568                    |    1|   0|    1|          0|
    |zext_ln55_reg_2601                  |    9|   0|   64|         55|
    |zext_ln70_1_reg_2651                |   14|   0|   64|         50|
    +------------------------------------+-----+----+-----+-----------+
    |Total                               | 2375|   0| 2494|        119|
    +------------------------------------+-----+----+-----+-----------+



================================================================
== Interface
================================================================
* Summary: 
+-----------------------+-----+-----+------------+--------------+--------------+
|       RTL Ports       | Dir | Bits|  Protocol  | Source Object|    C Type    |
+-----------------------+-----+-----+------------+--------------+--------------+
|s_axi_control_AWVALID  |   in|    1|       s_axi|       control|        scalar|
|s_axi_control_AWREADY  |  out|    1|       s_axi|       control|        scalar|
|s_axi_control_AWADDR   |   in|    6|       s_axi|       control|        scalar|
|s_axi_control_WVALID   |   in|    1|       s_axi|       control|        scalar|
|s_axi_control_WREADY   |  out|    1|       s_axi|       control|        scalar|
|s_axi_control_WDATA    |   in|   32|       s_axi|       control|        scalar|
|s_axi_control_WSTRB    |   in|    4|       s_axi|       control|        scalar|
|s_axi_control_ARVALID  |   in|    1|       s_axi|       control|        scalar|
|s_axi_control_ARREADY  |  out|    1|       s_axi|       control|        scalar|
|s_axi_control_ARADDR   |   in|    6|       s_axi|       control|        scalar|
|s_axi_control_RVALID   |  out|    1|       s_axi|       control|        scalar|
|s_axi_control_RREADY   |   in|    1|       s_axi|       control|        scalar|
|s_axi_control_RDATA    |  out|   32|       s_axi|       control|        scalar|
|s_axi_control_RRESP    |  out|    2|       s_axi|       control|        scalar|
|s_axi_control_BVALID   |  out|    1|       s_axi|       control|        scalar|
|s_axi_control_BREADY   |   in|    1|       s_axi|       control|        scalar|
|s_axi_control_BRESP    |  out|    2|       s_axi|       control|        scalar|
|ap_clk                 |   in|    1|  ap_ctrl_hs|    top_kernel|  return value|
|ap_rst_n               |   in|    1|  ap_ctrl_hs|    top_kernel|  return value|
|interrupt              |  out|    1|  ap_ctrl_hs|    top_kernel|  return value|
|m_axi_gmem_AWVALID     |  out|    1|       m_axi|          gmem|       pointer|
|m_axi_gmem_AWREADY     |   in|    1|       m_axi|          gmem|       pointer|
|m_axi_gmem_AWADDR      |  out|   64|       m_axi|          gmem|       pointer|
|m_axi_gmem_AWID        |  out|    1|       m_axi|          gmem|       pointer|
|m_axi_gmem_AWLEN       |  out|    8|       m_axi|          gmem|       pointer|
|m_axi_gmem_AWSIZE      |  out|    3|       m_axi|          gmem|       pointer|
|m_axi_gmem_AWBURST     |  out|    2|       m_axi|          gmem|       pointer|
|m_axi_gmem_AWLOCK      |  out|    2|       m_axi|          gmem|       pointer|
|m_axi_gmem_AWCACHE     |  out|    4|       m_axi|          gmem|       pointer|
|m_axi_gmem_AWPROT      |  out|    3|       m_axi|          gmem|       pointer|
|m_axi_gmem_AWQOS       |  out|    4|       m_axi|          gmem|       pointer|
|m_axi_gmem_AWREGION    |  out|    4|       m_axi|          gmem|       pointer|
|m_axi_gmem_AWUSER      |  out|    1|       m_axi|          gmem|       pointer|
|m_axi_gmem_WVALID      |  out|    1|       m_axi|          gmem|       pointer|
|m_axi_gmem_WREADY      |   in|    1|       m_axi|          gmem|       pointer|
|m_axi_gmem_WDATA       |  out|   32|       m_axi|          gmem|       pointer|
|m_axi_gmem_WSTRB       |  out|    4|       m_axi|          gmem|       pointer|
|m_axi_gmem_WLAST       |  out|    1|       m_axi|          gmem|       pointer|
|m_axi_gmem_WID         |  out|    1|       m_axi|          gmem|       pointer|
|m_axi_gmem_WUSER       |  out|    1|       m_axi|          gmem|       pointer|
|m_axi_gmem_ARVALID     |  out|    1|       m_axi|          gmem|       pointer|
|m_axi_gmem_ARREADY     |   in|    1|       m_axi|          gmem|       pointer|
|m_axi_gmem_ARADDR      |  out|   64|       m_axi|          gmem|       pointer|
|m_axi_gmem_ARID        |  out|    1|       m_axi|          gmem|       pointer|
|m_axi_gmem_ARLEN       |  out|    8|       m_axi|          gmem|       pointer|
|m_axi_gmem_ARSIZE      |  out|    3|       m_axi|          gmem|       pointer|
|m_axi_gmem_ARBURST     |  out|    2|       m_axi|          gmem|       pointer|
|m_axi_gmem_ARLOCK      |  out|    2|       m_axi|          gmem|       pointer|
|m_axi_gmem_ARCACHE     |  out|    4|       m_axi|          gmem|       pointer|
|m_axi_gmem_ARPROT      |  out|    3|       m_axi|          gmem|       pointer|
|m_axi_gmem_ARQOS       |  out|    4|       m_axi|          gmem|       pointer|
|m_axi_gmem_ARREGION    |  out|    4|       m_axi|          gmem|       pointer|
|m_axi_gmem_ARUSER      |  out|    1|       m_axi|          gmem|       pointer|
|m_axi_gmem_RVALID      |   in|    1|       m_axi|          gmem|       pointer|
|m_axi_gmem_RREADY      |  out|    1|       m_axi|          gmem|       pointer|
|m_axi_gmem_RDATA       |   in|   32|       m_axi|          gmem|       pointer|
|m_axi_gmem_RLAST       |   in|    1|       m_axi|          gmem|       pointer|
|m_axi_gmem_RID         |   in|    1|       m_axi|          gmem|       pointer|
|m_axi_gmem_RUSER       |   in|    1|       m_axi|          gmem|       pointer|
|m_axi_gmem_RRESP       |   in|    2|       m_axi|          gmem|       pointer|
|m_axi_gmem_BVALID      |   in|    1|       m_axi|          gmem|       pointer|
|m_axi_gmem_BREADY      |  out|    1|       m_axi|          gmem|       pointer|
|m_axi_gmem_BRESP       |   in|    2|       m_axi|          gmem|       pointer|
|m_axi_gmem_BID         |   in|    1|       m_axi|          gmem|       pointer|
|m_axi_gmem_BUSER       |   in|    1|       m_axi|          gmem|       pointer|
+-----------------------+-----+-----+------------+--------------+--------------+

