Copyright 1986-2022 Xilinx, Inc. All Rights Reserved. Copyright 2022-2025 Advanced Micro Devices, Inc. All Rights Reserved.
--------------------------------------------------------------------------------------------------------------------------------------------------
| Tool Version      : Vivado v.2025.1.1 (lin64) Build 6233196 Thu Sep 11 21:27:11 MDT 2025
| Date              : Fri Apr 10 11:30:46 2026
| Host              : ece-linlabsrv01 running 64-bit Red Hat Enterprise Linux release 8.10 (Ootpa)
| Command           : report_timing_summary -file ./report/top_kernel_timing_synth.rpt
| Design            : bd_0_wrapper
| Device            : xczu3eg-sbva484
| Speed File        : -1  PRODUCTION 1.30 05-15-2022
| Design State      : Synthesized
| Temperature Grade : E
--------------------------------------------------------------------------------------------------------------------------------------------------

Timing Summary Report

------------------------------------------------------------------------------------------------
| Timer Settings
| --------------
------------------------------------------------------------------------------------------------

  Enable Multi Corner Analysis               :  Yes
  Enable Pessimism Removal                   :  Yes
  Pessimism Removal Resolution               :  Nearest Common Node
  Enable Input Delay Default Clock           :  No
  Enable Preset / Clear Arcs                 :  No
  Disable Flight Delays                      :  No
  Ignore I/O Paths                           :  No
  Timing Early Launch at Borrowing Latches   :  No
  Borrow Time for Max Delay Exceptions       :  Yes
  Merge Timing Exceptions                    :  Yes
  Inter-SLR Compensation                     :  Conservative

  Corner  Analyze    Analyze    
  Name    Max Paths  Min Paths  
  ------  ---------  ---------  
  Slow    Yes        Yes        
  Fast    Yes        Yes        


------------------------------------------------------------------------------------------------
| Report Methodology
| ------------------
------------------------------------------------------------------------------------------------

No report available as report_methodology has not been run prior. Run report_methodology on the current design for the summary of methodology violations.



check_timing report

Table of Contents
-----------------
1. checking no_clock (0)
2. checking constant_clock (0)
3. checking pulse_width_clock (0)
4. checking unconstrained_internal_endpoints (0)
5. checking no_input_delay (160)
6. checking no_output_delay (364)
7. checking multiple_clock (0)
8. checking generated_clocks (0)
9. checking loops (0)
10. checking partial_input_delay (0)
11. checking partial_output_delay (0)
12. checking latch_loops (0)

1. checking no_clock (0)
------------------------
 There are 0 register/latch pins with no clock.


2. checking constant_clock (0)
------------------------------
 There are 0 register/latch pins with constant_clock.


3. checking pulse_width_clock (0)
---------------------------------
 There are 0 register/latch pins which need pulse_width check


4. checking unconstrained_internal_endpoints (0)
------------------------------------------------
 There are 0 pins that are not constrained for maximum delay.

 There are 0 pins that are not constrained for maximum delay due to constant clock.


5. checking no_input_delay (160)
--------------------------------
 There are 160 input ports with no input delay specified. (HIGH)

 There are 0 input ports with no input delay but user has a false path constraint.


6. checking no_output_delay (364)
---------------------------------
 There are 364 ports with no output delay specified. (HIGH)

 There are 0 ports with no output delay but user has a false path constraint

 There are 0 ports with no output delay but with a timing clock defined on it or propagating through it


7. checking multiple_clock (0)
------------------------------
 There are 0 register/latch pins with multiple clocks.


8. checking generated_clocks (0)
--------------------------------
 There are 0 generated clocks that are not connected to a clock source.


9. checking loops (0)
---------------------
 There are 0 combinational loops in the design.


10. checking partial_input_delay (0)
------------------------------------
 There are 0 input ports with partial input delay specified.


11. checking partial_output_delay (0)
-------------------------------------
 There are 0 ports with partial output delay specified.


12. checking latch_loops (0)
----------------------------
 There are 0 combinational latch loops in the design through latch input



------------------------------------------------------------------------------------------------
| Design Timing Summary
| ---------------------
------------------------------------------------------------------------------------------------

    WNS(ns)      TNS(ns)  TNS Failing Endpoints  TNS Total Endpoints      WHS(ns)      THS(ns)  THS Failing Endpoints  THS Total Endpoints     WPWS(ns)     TPWS(ns)  TPWS Failing Endpoints  TPWS Total Endpoints  
    -------      -------  ---------------------  -------------------      -------      -------  ---------------------  -------------------     --------     --------  ----------------------  --------------------  
      0.915        0.000                      0               178806        0.027        0.000                      0               178806        1.427        0.000                       0                 67637  


All user specified timing constraints are met.


------------------------------------------------------------------------------------------------
| Clock Summary
| -------------
------------------------------------------------------------------------------------------------

Clock   Waveform(ns)         Period(ns)      Frequency(MHz)
-----   ------------         ----------      --------------
ap_clk  {0.000 2.000}        4.000           250.000         


------------------------------------------------------------------------------------------------
| Intra Clock Table
| -----------------
------------------------------------------------------------------------------------------------

Clock             WNS(ns)      TNS(ns)  TNS Failing Endpoints  TNS Total Endpoints      WHS(ns)      THS(ns)  THS Failing Endpoints  THS Total Endpoints     WPWS(ns)     TPWS(ns)  TPWS Failing Endpoints  TPWS Total Endpoints  
-----             -------      -------  ---------------------  -------------------      -------      -------  ---------------------  -------------------     --------     --------  ----------------------  --------------------  
ap_clk              0.915        0.000                      0               178806        0.027        0.000                      0               178806        1.427        0.000                       0                 67637  


------------------------------------------------------------------------------------------------
| Inter Clock Table
| -----------------
------------------------------------------------------------------------------------------------

From Clock    To Clock          WNS(ns)      TNS(ns)  TNS Failing Endpoints  TNS Total Endpoints      WHS(ns)      THS(ns)  THS Failing Endpoints  THS Total Endpoints  
----------    --------          -------      -------  ---------------------  -------------------      -------      -------  ---------------------  -------------------  


------------------------------------------------------------------------------------------------
| Other Path Groups Table
| -----------------------
------------------------------------------------------------------------------------------------

Path Group    From Clock    To Clock          WNS(ns)      TNS(ns)  TNS Failing Endpoints  TNS Total Endpoints      WHS(ns)      THS(ns)  THS Failing Endpoints  THS Total Endpoints  
----------    ----------    --------          -------      -------  ---------------------  -------------------      -------      -------  ---------------------  -------------------  


------------------------------------------------------------------------------------------------
| Timing Details
| --------------
------------------------------------------------------------------------------------------------


---------------------------------------------------------------------------------------------------
From Clock:  ap_clk
  To Clock:  ap_clk

Setup :            0  Failing Endpoints,  Worst Slack        0.915ns,  Total Violation        0.000ns
Hold  :            0  Failing Endpoints,  Worst Slack        0.027ns,  Total Violation        0.000ns
PW    :            0  Failing Endpoints,  Worst Slack        1.427ns,  Total Violation        0.000ns
---------------------------------------------------------------------------------------------------


Max Delay Paths
--------------------------------------------------------------------------------------
Slack (MET) :             0.915ns  (required time - arrival time)
  Source:                 bd_0_i/hls_inst/inst/stage_morphology_U0/grp_stage_morphology_Pipeline_DILATION_LOOP_VITIS_LOOP_293_4_fu_150/mul_6ns_8ns_13_1_1_U1549/tmp_product/DSP_A_B_DATA_INST/CLK
                            (rising edge-triggered cell DSP_A_B_DATA clocked by ap_clk  {rise@0.000ns fall@2.000ns period=4.000ns})
  Destination:            bd_0_i/hls_inst/inst/stage_morphology_U0/grp_stage_morphology_Pipeline_DILATION_LOOP_VITIS_LOOP_293_4_fu_150/add_ln305_4_fu_1372_p2/DSP_OUTPUT_INST/ALU_OUT[10]
                            (rising edge-triggered cell DSP_OUTPUT clocked by ap_clk  {rise@0.000ns fall@2.000ns period=4.000ns})
  Path Group:             ap_clk
  Path Type:              Setup (Max at Slow Process Corner)
  Requirement:            4.000ns  (ap_clk rise@4.000ns - ap_clk rise@0.000ns)
  Data Path Delay:        3.029ns  (logic 2.820ns (93.100%)  route 0.209ns (6.900%))
  Logic Levels:           7  (DSP_ALU=2 DSP_C_DATA=1 DSP_M_DATA=1 DSP_MULTIPLIER=1 DSP_OUTPUT=1 DSP_PREADD_DATA=1)
  Clock Path Skew:        -0.031ns (DCD - SCD + CPR)
    Destination Clock Delay (DCD):    0.044ns = ( 4.044 - 4.000 ) 
    Source Clock Delay      (SCD):    0.075ns
    Clock Pessimism Removal (CPR):    0.000ns
  Clock Uncertainty:      0.035ns  ((TSJ^2 + TIJ^2)^1/2 + DJ) / 2 + PE
    Total System Jitter     (TSJ):    0.071ns
    Total Input Jitter      (TIJ):    0.000ns
    Discrete Jitter          (DJ):    0.000ns
    Phase Error              (PE):    0.000ns

    Location             Delay type                Incr(ns)  Path(ns)    Netlist Resource(s)
  -------------------------------------------------------------------    -------------------
                         (clock ap_clk rise edge)     0.000     0.000 r  
                                                      0.000     0.000 r  ap_clk (IN)
                         net (fo=68976, unset)        0.075     0.075    bd_0_i/hls_inst/inst/stage_morphology_U0/grp_stage_morphology_Pipeline_DILATION_LOOP_VITIS_LOOP_293_4_fu_150/mul_6ns_8ns_13_1_1_U1549/tmp_product/CLK
                         DSP_A_B_DATA                                 r  bd_0_i/hls_inst/inst/stage_morphology_U0/grp_stage_morphology_Pipeline_DILATION_LOOP_VITIS_LOOP_293_4_fu_150/mul_6ns_8ns_13_1_1_U1549/tmp_product/DSP_A_B_DATA_INST/CLK
  -------------------------------------------------------------------    -------------------
                         DSP_A_B_DATA (Prop_DSP_A_B_DATA_CLK_A2_DATA[8])
                                                      0.301     0.376 r  bd_0_i/hls_inst/inst/stage_morphology_U0/grp_stage_morphology_Pipeline_DILATION_LOOP_VITIS_LOOP_293_4_fu_150/mul_6ns_8ns_13_1_1_U1549/tmp_product/DSP_A_B_DATA_INST/A2_DATA[8]
                         net (fo=1, unplaced)         0.000     0.376    bd_0_i/hls_inst/inst/stage_morphology_U0/grp_stage_morphology_Pipeline_DILATION_LOOP_VITIS_LOOP_293_4_fu_150/mul_6ns_8ns_13_1_1_U1549/tmp_product/DSP_A_B_DATA.A2_DATA<8>
                         DSP_PREADD_DATA (Prop_DSP_PREADD_DATA_A2_DATA[8]_A2A1[8])
                                                      0.098     0.474 r  bd_0_i/hls_inst/inst/stage_morphology_U0/grp_stage_morphology_Pipeline_DILATION_LOOP_VITIS_LOOP_293_4_fu_150/mul_6ns_8ns_13_1_1_U1549/tmp_product/DSP_PREADD_DATA_INST/A2A1[8]
                         net (fo=1, unplaced)         0.000     0.474    bd_0_i/hls_inst/inst/stage_morphology_U0/grp_stage_morphology_Pipeline_DILATION_LOOP_VITIS_LOOP_293_4_fu_150/mul_6ns_8ns_13_1_1_U1549/tmp_product/DSP_PREADD_DATA.A2A1<8>
                         DSP_MULTIPLIER (Prop_DSP_MULTIPLIER_A2A1[8]_U[9])
                                                      0.647     1.121 f  bd_0_i/hls_inst/inst/stage_morphology_U0/grp_stage_morphology_Pipeline_DILATION_LOOP_VITIS_LOOP_293_4_fu_150/mul_6ns_8ns_13_1_1_U1549/tmp_product/DSP_MULTIPLIER_INST/U[9]
                         net (fo=1, unplaced)         0.000     1.121    bd_0_i/hls_inst/inst/stage_morphology_U0/grp_stage_morphology_Pipeline_DILATION_LOOP_VITIS_LOOP_293_4_fu_150/mul_6ns_8ns_13_1_1_U1549/tmp_product/DSP_MULTIPLIER.U<9>
                         DSP_M_DATA (Prop_DSP_M_DATA_U[9]_U_DATA[9])
                                                      0.059     1.180 r  bd_0_i/hls_inst/inst/stage_morphology_U0/grp_stage_morphology_Pipeline_DILATION_LOOP_VITIS_LOOP_293_4_fu_150/mul_6ns_8ns_13_1_1_U1549/tmp_product/DSP_M_DATA_INST/U_DATA[9]
                         net (fo=1, unplaced)         0.000     1.180    bd_0_i/hls_inst/inst/stage_morphology_U0/grp_stage_morphology_Pipeline_DILATION_LOOP_VITIS_LOOP_293_4_fu_150/mul_6ns_8ns_13_1_1_U1549/tmp_product/DSP_M_DATA.U_DATA<9>
                         DSP_ALU (Prop_DSP_ALU_U_DATA[9]_ALU_OUT[9])
                                                      0.699     1.879 f  bd_0_i/hls_inst/inst/stage_morphology_U0/grp_stage_morphology_Pipeline_DILATION_LOOP_VITIS_LOOP_293_4_fu_150/mul_6ns_8ns_13_1_1_U1549/tmp_product/DSP_ALU_INST/ALU_OUT[9]
                         net (fo=1, unplaced)         0.000     1.879    bd_0_i/hls_inst/inst/stage_morphology_U0/grp_stage_morphology_Pipeline_DILATION_LOOP_VITIS_LOOP_293_4_fu_150/mul_6ns_8ns_13_1_1_U1549/tmp_product/DSP_ALU.ALU_OUT<9>
                         DSP_OUTPUT (Prop_DSP_OUTPUT_ALU_OUT[9]_P[9])
                                                      0.141     2.020 r  bd_0_i/hls_inst/inst/stage_morphology_U0/grp_stage_morphology_Pipeline_DILATION_LOOP_VITIS_LOOP_293_4_fu_150/mul_6ns_8ns_13_1_1_U1549/tmp_product/DSP_OUTPUT_INST/P[9]
                         net (fo=2, unplaced)         0.209     2.229    bd_0_i/hls_inst/inst/stage_morphology_U0/grp_stage_morphology_Pipeline_DILATION_LOOP_VITIS_LOOP_293_4_fu_150/add_ln305_4_fu_1372_p2/C[1]
                         DSP_C_DATA (Prop_DSP_C_DATA_C[1]_C_DATA[1])
                                                      0.131     2.360 r  bd_0_i/hls_inst/inst/stage_morphology_U0/grp_stage_morphology_Pipeline_DILATION_LOOP_VITIS_LOOP_293_4_fu_150/add_ln305_4_fu_1372_p2/DSP_C_DATA_INST/C_DATA[1]
                         net (fo=2, unplaced)         0.000     2.360    bd_0_i/hls_inst/inst/stage_morphology_U0/grp_stage_morphology_Pipeline_DILATION_LOOP_VITIS_LOOP_293_4_fu_150/add_ln305_4_fu_1372_p2/DSP_C_DATA.C_DATA<1>
                         DSP_ALU (Prop_DSP_ALU_C_DATA[1]_ALU_OUT[10])
                                                      0.744     3.104 r  bd_0_i/hls_inst/inst/stage_morphology_U0/grp_stage_morphology_Pipeline_DILATION_LOOP_VITIS_LOOP_293_4_fu_150/add_ln305_4_fu_1372_p2/DSP_ALU_INST/ALU_OUT[10]
                         net (fo=1, unplaced)         0.000     3.104    bd_0_i/hls_inst/inst/stage_morphology_U0/grp_stage_morphology_Pipeline_DILATION_LOOP_VITIS_LOOP_293_4_fu_150/add_ln305_4_fu_1372_p2/DSP_ALU.ALU_OUT<10>
                         DSP_OUTPUT                                   r  bd_0_i/hls_inst/inst/stage_morphology_U0/grp_stage_morphology_Pipeline_DILATION_LOOP_VITIS_LOOP_293_4_fu_150/add_ln305_4_fu_1372_p2/DSP_OUTPUT_INST/ALU_OUT[10]
  -------------------------------------------------------------------    -------------------

                         (clock ap_clk rise edge)     4.000     4.000 r  
                                                      0.000     4.000 r  ap_clk (IN)
                         net (fo=68976, unset)        0.044     4.044    bd_0_i/hls_inst/inst/stage_morphology_U0/grp_stage_morphology_Pipeline_DILATION_LOOP_VITIS_LOOP_293_4_fu_150/add_ln305_4_fu_1372_p2/CLK
                         DSP_OUTPUT                                   r  bd_0_i/hls_inst/inst/stage_morphology_U0/grp_stage_morphology_Pipeline_DILATION_LOOP_VITIS_LOOP_293_4_fu_150/add_ln305_4_fu_1372_p2/DSP_OUTPUT_INST/CLK
                         clock pessimism              0.000     4.044    
                         clock uncertainty           -0.035     4.009    
                         DSP_OUTPUT (Setup_DSP_OUTPUT_CLK_ALU_OUT[10])
                                                      0.010     4.019    bd_0_i/hls_inst/inst/stage_morphology_U0/grp_stage_morphology_Pipeline_DILATION_LOOP_VITIS_LOOP_293_4_fu_150/add_ln305_4_fu_1372_p2/DSP_OUTPUT_INST
  -------------------------------------------------------------------
                         required time                          4.019    
                         arrival time                          -3.104    
  -------------------------------------------------------------------
                         slack                                  0.915    





Min Delay Paths
--------------------------------------------------------------------------------------
Slack (MET) :             0.027ns  (arrival time - required time)
  Source:                 bd_0_i/hls_inst/inst/bilateral_stream_U/waddr_reg[3]/C
                            (rising edge-triggered cell FDRE clocked by ap_clk  {rise@0.000ns fall@2.000ns period=4.000ns})
  Destination:            bd_0_i/hls_inst/inst/bilateral_stream_U/U_top_kernel_fifo_w16_d128_A_ram/mem_reg_0_63_0_6/RAMA/WADR3
                            (rising edge-triggered cell RAMD64E clocked by ap_clk  {rise@0.000ns fall@2.000ns period=4.000ns})
  Path Group:             ap_clk
  Path Type:              Hold (Min at Fast Process Corner)
  Requirement:            0.000ns  (ap_clk rise@0.000ns - ap_clk rise@0.000ns)
  Data Path Delay:        0.115ns  (logic 0.038ns (33.043%)  route 0.077ns (66.957%))
  Logic Levels:           0  
  Clock Path Skew:        0.026ns (DCD - SCD - CPR)
    Destination Clock Delay (DCD):    0.039ns
    Source Clock Delay      (SCD):    0.013ns
    Clock Pessimism Removal (CPR):    -0.000ns

    Location             Delay type                Incr(ns)  Path(ns)    Netlist Resource(s)
  -------------------------------------------------------------------    -------------------
                         (clock ap_clk rise edge)     0.000     0.000 r  
                                                      0.000     0.000 r  ap_clk (IN)
                         net (fo=68976, unset)        0.013     0.013    bd_0_i/hls_inst/inst/bilateral_stream_U/ap_clk
                         FDRE                                         r  bd_0_i/hls_inst/inst/bilateral_stream_U/waddr_reg[3]/C
  -------------------------------------------------------------------    -------------------
                         FDRE (Prop_FDRE_C_Q)         0.038     0.051 r  bd_0_i/hls_inst/inst/bilateral_stream_U/waddr_reg[3]/Q
                         net (fo=52, unplaced)        0.077     0.128    bd_0_i/hls_inst/inst/bilateral_stream_U/U_top_kernel_fifo_w16_d128_A_ram/mem_reg_0_63_0_6/ADDRH3
                         RAMD64E                                      r  bd_0_i/hls_inst/inst/bilateral_stream_U/U_top_kernel_fifo_w16_d128_A_ram/mem_reg_0_63_0_6/RAMA/WADR3
  -------------------------------------------------------------------    -------------------

                         (clock ap_clk rise edge)     0.000     0.000 r  
                                                      0.000     0.000 r  ap_clk (IN)
                         net (fo=68976, unset)        0.039     0.039    bd_0_i/hls_inst/inst/bilateral_stream_U/U_top_kernel_fifo_w16_d128_A_ram/mem_reg_0_63_0_6/WCLK
                         RAMD64E                                      r  bd_0_i/hls_inst/inst/bilateral_stream_U/U_top_kernel_fifo_w16_d128_A_ram/mem_reg_0_63_0_6/RAMA/CLK
                         clock pessimism              0.000     0.039    
                         RAMD64E (Hold_RAMD64E_CLK_WADR3)
                                                      0.062     0.101    bd_0_i/hls_inst/inst/bilateral_stream_U/U_top_kernel_fifo_w16_d128_A_ram/mem_reg_0_63_0_6/RAMA
  -------------------------------------------------------------------
                         required time                         -0.101    
                         arrival time                           0.128    
  -------------------------------------------------------------------
                         slack                                  0.027    





Pulse Width Checks
--------------------------------------------------------------------------------------
Clock Name:         ap_clk
Waveform(ns):       { 0.000 2.000 }
Period(ns):         4.000
Sources:            { ap_clk }

Check Type        Corner  Lib Pin             Reference Pin  Required(ns)  Actual(ns)  Slack(ns)  Location  Pin
Min Period        n/a     RAMB36E2/CLKARDCLK  n/a            1.739         4.000       2.261                bd_0_i/hls_inst/inst/gmem0_m_axi_U/load_unit_0/buff_rdata/U_fifo_mem/mem_reg_bram_0/CLKARDCLK
Low Pulse Width   Slow    SRL16E/CLK          n/a            0.573         2.000       1.427                bd_0_i/hls_inst/inst/bus_read/ost_ctrl_gen[0].fifo_burst/U_fifo_srl/mem_reg[14][0]_srl15/CLK
High Pulse Width  Slow    SRL16E/CLK          n/a            0.573         2.000       1.427                bd_0_i/hls_inst/inst/bus_read/ost_ctrl_gen[0].fifo_burst/U_fifo_srl/mem_reg[14][0]_srl15/CLK



