Copyright 1986-2022 Xilinx, Inc. All Rights Reserved. Copyright 2022-2025 Advanced Micro Devices, Inc. All Rights Reserved.
---------------------------------------------------------------------------------------------------------------------------------------------
| Tool Version : Vivado v.2025.1.1 (lin64) Build 6233196 Thu Sep 11 21:27:11 MDT 2025
| Date         : Fri Apr 10 12:17:32 2026
| Host         : ece-linlabsrv01 running 64-bit Red Hat Enterprise Linux release 8.10 (Ootpa)
| Command      : report_utilization -hierarchical -hierarchical_depth 7 -file ./report/top_kernel_utilization_hierarchical_routed.rpt
| Design       : bd_0_wrapper
| Device       : xczu3eg-sbva484-1-e
| Speed File   : -1
| Design State : Routed
---------------------------------------------------------------------------------------------------------------------------------------------

Utilization Design Information

Table of Contents
-----------------
1. Utilization by Hierarchy

1. Utilization by Hierarchy
---------------------------

+-----------------------------------------------------------------------------------+-------------------------------------------------------------------------------------+------------+------------+---------+------+-------+--------+--------+------+------------+
|                                      Instance                                     |                                        Module                                       | Total LUTs | Logic LUTs | LUTRAMs | SRLs |  FFs  | RAMB36 | RAMB18 | URAM | DSP Blocks |
+-----------------------------------------------------------------------------------+-------------------------------------------------------------------------------------+------------+------------+---------+------+-------+--------+--------+------+------------+
| bd_0_wrapper                                                                      |                                                                               (top) |      49666 |      47272 |     160 | 2234 | 61423 |     14 |     53 |    0 |        280 |
|   bd_0_i                                                                          |                                                                                bd_0 |      49666 |      47272 |     160 | 2234 | 61423 |     14 |     53 |    0 |        280 |
|     hls_inst                                                                      |                                                                     bd_0_hls_inst_0 |      49666 |      47272 |     160 | 2234 | 61423 |     14 |     53 |    0 |        280 |
|       inst                                                                        |                                                          bd_0_hls_inst_0_top_kernel |      49666 |      47272 |     160 | 2234 | 61423 |     14 |     53 |    0 |        280 |
|         stage_rgb2eq_U0                                                           |                                             bd_0_hls_inst_0_top_kernel_stage_rgb2eq |      14790 |      14593 |       0 |  197 | 23710 |      2 |      0 |    0 |          7 |
|           (stage_rgb2eq_U0)                                                       |                                             bd_0_hls_inst_0_top_kernel_stage_rgb2eq |          8 |          8 |       0 |    0 |   101 |      0 |      0 |    0 |          0 |
|           (fpext_32ns_64_2_no_dsp_1_U1084)                                        |                      bd_0_hls_inst_0_top_kernel_fpext_32ns_64_2_no_dsp_1__xdcDup__1 |         18 |         18 |       0 |    0 |    69 |      0 |      0 |    0 |          0 |
|           faddfsub_32ns_32ns_32_10_full_dsp_1_U1081                               |                      bd_0_hls_inst_0_top_kernel_faddfsub_32ns_32ns_32_10_full_dsp_1 |        179 |        176 |       0 |    3 |   356 |      0 |      0 |    0 |          2 |
|             (faddfsub_32ns_32ns_32_10_full_dsp_1_U1081)                           |                      bd_0_hls_inst_0_top_kernel_faddfsub_32ns_32ns_32_10_full_dsp_1 |         16 |         16 |       0 |    0 |    97 |      0 |      0 |    0 |          0 |
|             top_kernel_faddfsub_32ns_32ns_32_10_full_dsp_1_ip_u                   |                   bd_0_hls_inst_0_top_kernel_faddfsub_32ns_32ns_32_10_full_dsp_1_ip |        163 |        160 |       0 |    3 |   259 |      0 |      0 |    0 |          2 |
|               U0                                                                  |                              bd_0_hls_inst_0_floating_point_v7_1_20__parameterized5 |        163 |        160 |       0 |    3 |   259 |      0 |      0 |    0 |          2 |
|           fdiv_32ns_32ns_32_30_no_dsp_1_U1083                                     |                 bd_0_hls_inst_0_top_kernel_fdiv_32ns_32ns_32_30_no_dsp_1__xdcDup__4 |        804 |        769 |       0 |   35 |  1441 |      0 |      0 |    0 |          0 |
|             (fdiv_32ns_32ns_32_30_no_dsp_1_U1083)                                 |                 bd_0_hls_inst_0_top_kernel_fdiv_32ns_32ns_32_30_no_dsp_1__xdcDup__4 |         32 |         32 |       0 |    0 |    96 |      0 |      0 |    0 |          0 |
|             top_kernel_fdiv_32ns_32ns_32_30_no_dsp_1_ip_u                         |                     bd_0_hls_inst_0_top_kernel_fdiv_32ns_32ns_32_30_no_dsp_1_ip__14 |        772 |        737 |       0 |   35 |  1345 |      0 |      0 |    0 |          0 |
|               U0                                                                  |                          bd_0_hls_inst_0_floating_point_v7_1_20__parameterized1__14 |        772 |        737 |       0 |   35 |  1345 |      0 |      0 |    0 |          0 |
|           fmul_32ns_32ns_32_7_max_dsp_1_U1085                                     |                 bd_0_hls_inst_0_top_kernel_fmul_32ns_32ns_32_7_max_dsp_1__xdcDup__1 |         77 |         77 |       0 |    0 |   159 |      0 |      0 |    0 |          3 |
|             (fmul_32ns_32ns_32_7_max_dsp_1_U1085)                                 |                 bd_0_hls_inst_0_top_kernel_fmul_32ns_32ns_32_7_max_dsp_1__xdcDup__1 |         16 |         16 |       0 |    0 |    56 |      0 |      0 |    0 |          0 |
|             top_kernel_fmul_32ns_32ns_32_7_max_dsp_1_ip_u                         |                     bd_0_hls_inst_0_top_kernel_fmul_32ns_32ns_32_7_max_dsp_1_ip__18 |         61 |         61 |       0 |    0 |   103 |      0 |      0 |    0 |          3 |
|               U0                                                                  |                         bd_0_hls_inst_0_floating_point_v7_1_20__parameterized11__18 |         61 |         61 |       0 |    0 |   103 |      0 |      0 |    0 |          3 |
|           grp_stage_rgb2eq_Pipeline_BUILD_HIST_fu_2163                            |                         bd_0_hls_inst_0_top_kernel_stage_rgb2eq_Pipeline_BUILD_HIST |       4926 |       4923 |       0 |    3 |  8468 |      0 |      0 |    0 |          0 |
|             (grp_stage_rgb2eq_Pipeline_BUILD_HIST_fu_2163)                        |                         bd_0_hls_inst_0_top_kernel_stage_rgb2eq_Pipeline_BUILD_HIST |       4884 |       4881 |       0 |    3 |  8466 |      0 |      0 |    0 |          0 |
|           grp_stage_rgb2eq_Pipeline_PASS1_fu_2149                                 |                              bd_0_hls_inst_0_top_kernel_stage_rgb2eq_Pipeline_PASS1 |       2936 |       2785 |       0 |  151 |  3786 |      0 |      0 |    0 |          2 |
|             (grp_stage_rgb2eq_Pipeline_PASS1_fu_2149)                             |                              bd_0_hls_inst_0_top_kernel_stage_rgb2eq_Pipeline_PASS1 |        565 |        522 |       0 |   43 |   611 |      0 |      0 |    0 |          0 |
|             fadd_32ns_32ns_32_10_full_dsp_1_U4                                    |                          bd_0_hls_inst_0_top_kernel_fadd_32ns_32ns_32_10_full_dsp_1 |        179 |        176 |       0 |    3 |   355 |      0 |      0 |    0 |          2 |
|               (fadd_32ns_32ns_32_10_full_dsp_1_U4)                                |                          bd_0_hls_inst_0_top_kernel_fadd_32ns_32ns_32_10_full_dsp_1 |         16 |         16 |       0 |    0 |    96 |      0 |      0 |    0 |          0 |
|               top_kernel_fadd_32ns_32ns_32_10_full_dsp_1_ip_u                     |                       bd_0_hls_inst_0_top_kernel_fadd_32ns_32ns_32_10_full_dsp_1_ip |        163 |        160 |       0 |    3 |   259 |      0 |      0 |    0 |          2 |
|             fdiv_32ns_32ns_32_30_no_dsp_1_U6                                      |                 bd_0_hls_inst_0_top_kernel_fdiv_32ns_32ns_32_30_no_dsp_1__xdcDup__1 |        719 |        684 |       0 |   35 |   982 |      0 |      0 |    0 |          0 |
|               (fdiv_32ns_32ns_32_30_no_dsp_1_U6)                                  |                 bd_0_hls_inst_0_top_kernel_fdiv_32ns_32ns_32_30_no_dsp_1__xdcDup__1 |         16 |         16 |       0 |    0 |    64 |      0 |      0 |    0 |          0 |
|               top_kernel_fdiv_32ns_32ns_32_30_no_dsp_1_ip_u                       |                     bd_0_hls_inst_0_top_kernel_fdiv_32ns_32ns_32_30_no_dsp_1_ip__16 |        703 |        668 |       0 |   35 |   918 |      0 |      0 |    0 |          0 |
|             fdiv_32ns_32ns_32_30_no_dsp_1_U7                                      |                 bd_0_hls_inst_0_top_kernel_fdiv_32ns_32ns_32_30_no_dsp_1__xdcDup__2 |        719 |        684 |       0 |   35 |   982 |      0 |      0 |    0 |          0 |
|               (fdiv_32ns_32ns_32_30_no_dsp_1_U7)                                  |                 bd_0_hls_inst_0_top_kernel_fdiv_32ns_32ns_32_30_no_dsp_1__xdcDup__2 |         16 |         16 |       0 |    0 |    64 |      0 |      0 |    0 |          0 |
|               top_kernel_fdiv_32ns_32ns_32_30_no_dsp_1_ip_u                       |                         bd_0_hls_inst_0_top_kernel_fdiv_32ns_32ns_32_30_no_dsp_1_ip |        703 |        668 |       0 |   35 |   918 |      0 |      0 |    0 |          0 |
|             fdiv_32ns_32ns_32_30_no_dsp_1_U8                                      |                 bd_0_hls_inst_0_top_kernel_fdiv_32ns_32ns_32_30_no_dsp_1__xdcDup__3 |        727 |        692 |       0 |   35 |   854 |      0 |      0 |    0 |          0 |
|               (fdiv_32ns_32ns_32_30_no_dsp_1_U8)                                  |                 bd_0_hls_inst_0_top_kernel_fdiv_32ns_32ns_32_30_no_dsp_1__xdcDup__3 |         16 |         16 |       0 |    0 |    86 |      0 |      0 |    0 |          0 |
|               top_kernel_fdiv_32ns_32ns_32_30_no_dsp_1_ip_u                       |                     bd_0_hls_inst_0_top_kernel_fdiv_32ns_32ns_32_30_no_dsp_1_ip__13 |        711 |        676 |       0 |   35 |   768 |      0 |      0 |    0 |          0 |
|           grp_stage_rgb2eq_Pipeline_PASS2_fu_2939                                 |                              bd_0_hls_inst_0_top_kernel_stage_rgb2eq_Pipeline_PASS2 |       3101 |       3097 |       0 |    4 |   824 |      0 |      0 |    0 |          0 |
|             (grp_stage_rgb2eq_Pipeline_PASS2_fu_2939)                             |                              bd_0_hls_inst_0_top_kernel_stage_rgb2eq_Pipeline_PASS2 |       2996 |       2992 |       0 |    4 |   787 |      0 |      0 |    0 |          0 |
|           grp_stage_rgb2eq_Pipeline_VITIS_LOOP_99_2_fu_2424                       |                    bd_0_hls_inst_0_top_kernel_stage_rgb2eq_Pipeline_VITIS_LOOP_99_2 |       2529 |       2529 |       0 |    0 |  8261 |      0 |      0 |    0 |          0 |
|             (grp_stage_rgb2eq_Pipeline_VITIS_LOOP_99_2_fu_2424)                   |                    bd_0_hls_inst_0_top_kernel_stage_rgb2eq_Pipeline_VITIS_LOOP_99_2 |       2482 |       2482 |       0 |    0 |  8259 |      0 |      0 |    0 |          0 |
|           sitofp_32ns_32_7_no_dsp_1_U1082                                         |                                bd_0_hls_inst_0_top_kernel_sitofp_32ns_32_7_no_dsp_1 |        174 |        173 |       0 |    1 |   245 |      0 |      0 |    0 |          0 |
|             (sitofp_32ns_32_7_no_dsp_1_U1082)                                     |                                bd_0_hls_inst_0_top_kernel_sitofp_32ns_32_7_no_dsp_1 |         17 |         17 |       0 |    0 |    65 |      0 |      0 |    0 |          0 |
|             top_kernel_sitofp_32ns_32_7_no_dsp_1_ip_u                             |                             bd_0_hls_inst_0_top_kernel_sitofp_32ns_32_7_no_dsp_1_ip |        157 |        156 |       0 |    1 |   180 |      0 |      0 |    0 |          0 |
|               U0                                                                  |                              bd_0_hls_inst_0_floating_point_v7_1_20__parameterized7 |        157 |        156 |       0 |    1 |   180 |      0 |      0 |    0 |          0 |
|         Loop_VITIS_LOOP_354_1_proc_U0                                             |                               bd_0_hls_inst_0_top_kernel_Loop_VITIS_LOOP_354_1_proc |        108 |        106 |       0 |    2 |   165 |      0 |      0 |    0 |          0 |
|           (Loop_VITIS_LOOP_354_1_proc_U0)                                         |                               bd_0_hls_inst_0_top_kernel_Loop_VITIS_LOOP_354_1_proc |         91 |         89 |       0 |    2 |   164 |      0 |      0 |    0 |          0 |
|         bilateral_stream_U                                                        |                                          bd_0_hls_inst_0_top_kernel_fifo_w16_d128_A |        180 |        140 |      40 |    0 |    49 |      0 |      0 |    0 |          0 |
|           (bilateral_stream_U)                                                    |                                          bd_0_hls_inst_0_top_kernel_fifo_w16_d128_A |        131 |        131 |       0 |    0 |    33 |      0 |      0 |    0 |          0 |
|           U_top_kernel_fifo_w16_d128_A_ram                                        |                                 bd_0_hls_inst_0_top_kernel_fifo_w16_d128_A_ram_5848 |         50 |         10 |      40 |    0 |    16 |      0 |      0 |    0 |          0 |
|         control_s_axi_U                                                           |                                            bd_0_hls_inst_0_top_kernel_control_s_axi |        459 |        459 |       0 |    0 |   309 |      0 |      0 |    0 |          0 |
|         equalized_stream_U                                                        |                                        bd_0_hls_inst_0_top_kernel_fifo_w16_d128_A_0 |         91 |         51 |      40 |    0 |    49 |      0 |      0 |    0 |          0 |
|           U_top_kernel_fifo_w16_d128_A_ram                                        |                                 bd_0_hls_inst_0_top_kernel_fifo_w16_d128_A_ram_5847 |         50 |         10 |      40 |    0 |    16 |      0 |      0 |    0 |          0 |
|         gaussian_stream_U                                                         |                                        bd_0_hls_inst_0_top_kernel_fifo_w16_d128_A_1 |         94 |         54 |      40 |    0 |    49 |      0 |      0 |    0 |          0 |
|           U_top_kernel_fifo_w16_d128_A_ram                                        |                                 bd_0_hls_inst_0_top_kernel_fifo_w16_d128_A_ram_5846 |         50 |         10 |      40 |    0 |    16 |      0 |      0 |    0 |          0 |
|         gmem0_m_axi_U                                                             |                                              bd_0_hls_inst_0_top_kernel_gmem0_m_axi |        522 |        489 |       0 |   33 |   859 |      4 |      0 |    0 |          0 |
|           bus_read                                                                |                                         bd_0_hls_inst_0_top_kernel_gmem0_m_axi_read |        392 |        392 |       0 |    0 |   634 |      0 |      0 |    0 |          0 |
|             rreq_burst_conv                                                       |                              bd_0_hls_inst_0_top_kernel_gmem0_m_axi_burst_converter |        315 |        315 |       0 |    0 |   532 |      0 |      0 |    0 |          0 |
|               burst_sequential                                                    |                             bd_0_hls_inst_0_top_kernel_gmem0_m_axi_burst_sequential |        315 |        315 |       0 |    0 |   532 |      0 |      0 |    0 |          0 |
|             rs_rdata                                                              |                    bd_0_hls_inst_0_top_kernel_gmem0_m_axi_reg_slice__parameterized0 |         39 |         39 |       0 |    0 |    71 |      0 |      0 |    0 |          0 |
|           load_unit_0                                                             |                                         bd_0_hls_inst_0_top_kernel_gmem0_m_axi_load |        132 |         99 |       0 |   33 |   225 |      4 |      0 |    0 |          0 |
|             (load_unit_0)                                                         |                                         bd_0_hls_inst_0_top_kernel_gmem0_m_axi_load |          1 |          1 |       0 |    0 |    94 |      0 |      0 |    0 |          0 |
|             buff_rdata                                                            |                         bd_0_hls_inst_0_top_kernel_gmem0_m_axi_fifo__parameterized0 |         75 |         75 |       0 |    0 |    53 |      4 |      0 |    0 |          0 |
|               (buff_rdata)                                                        |                         bd_0_hls_inst_0_top_kernel_gmem0_m_axi_fifo__parameterized0 |         70 |         70 |       0 |    0 |    53 |      0 |      0 |    0 |          0 |
|             fifo_rreq                                                             |                                         bd_0_hls_inst_0_top_kernel_gmem0_m_axi_fifo |         57 |         24 |       0 |   33 |    78 |      0 |      0 |    0 |          0 |
|               U_fifo_srl                                                          |                                          bd_0_hls_inst_0_top_kernel_gmem0_m_axi_srl |         37 |          4 |       0 |   33 |    63 |      0 |      0 |    0 |          0 |
|         gmem1_m_axi_U                                                             |                                              bd_0_hls_inst_0_top_kernel_gmem1_m_axi |        523 |        490 |       0 |   33 |   859 |      4 |      0 |    0 |          0 |
|           bus_read                                                                |                                         bd_0_hls_inst_0_top_kernel_gmem1_m_axi_read |        393 |        393 |       0 |    0 |   634 |      0 |      0 |    0 |          0 |
|             rreq_burst_conv                                                       |                              bd_0_hls_inst_0_top_kernel_gmem1_m_axi_burst_converter |        316 |        316 |       0 |    0 |   532 |      0 |      0 |    0 |          0 |
|               burst_sequential                                                    |                             bd_0_hls_inst_0_top_kernel_gmem1_m_axi_burst_sequential |        316 |        316 |       0 |    0 |   532 |      0 |      0 |    0 |          0 |
|             rs_rdata                                                              |                    bd_0_hls_inst_0_top_kernel_gmem1_m_axi_reg_slice__parameterized0 |         39 |         39 |       0 |    0 |    71 |      0 |      0 |    0 |          0 |
|           load_unit_0                                                             |                                         bd_0_hls_inst_0_top_kernel_gmem1_m_axi_load |        130 |         97 |       0 |   33 |   225 |      4 |      0 |    0 |          0 |
|             (load_unit_0)                                                         |                                         bd_0_hls_inst_0_top_kernel_gmem1_m_axi_load |          1 |          1 |       0 |    0 |    94 |      0 |      0 |    0 |          0 |
|             buff_rdata                                                            |                         bd_0_hls_inst_0_top_kernel_gmem1_m_axi_fifo__parameterized0 |         74 |         74 |       0 |    0 |    53 |      4 |      0 |    0 |          0 |
|               (buff_rdata)                                                        |                         bd_0_hls_inst_0_top_kernel_gmem1_m_axi_fifo__parameterized0 |         69 |         69 |       0 |    0 |    53 |      0 |      0 |    0 |          0 |
|             fifo_rreq                                                             |                                         bd_0_hls_inst_0_top_kernel_gmem1_m_axi_fifo |         56 |         23 |       0 |   33 |    78 |      0 |      0 |    0 |          0 |
|               U_fifo_srl                                                          |                                          bd_0_hls_inst_0_top_kernel_gmem1_m_axi_srl |         37 |          4 |       0 |   33 |    63 |      0 |      0 |    0 |          0 |
|         gmem2_m_axi_U                                                             |                                              bd_0_hls_inst_0_top_kernel_gmem2_m_axi |        523 |        490 |       0 |   33 |   859 |      4 |      0 |    0 |          0 |
|           bus_read                                                                |                                         bd_0_hls_inst_0_top_kernel_gmem2_m_axi_read |        394 |        394 |       0 |    0 |   634 |      0 |      0 |    0 |          0 |
|             rreq_burst_conv                                                       |                              bd_0_hls_inst_0_top_kernel_gmem2_m_axi_burst_converter |        316 |        316 |       0 |    0 |   532 |      0 |      0 |    0 |          0 |
|               burst_sequential                                                    |                             bd_0_hls_inst_0_top_kernel_gmem2_m_axi_burst_sequential |        316 |        316 |       0 |    0 |   532 |      0 |      0 |    0 |          0 |
|             rs_rdata                                                              |                    bd_0_hls_inst_0_top_kernel_gmem2_m_axi_reg_slice__parameterized0 |         40 |         40 |       0 |    0 |    71 |      0 |      0 |    0 |          0 |
|           load_unit_0                                                             |                                         bd_0_hls_inst_0_top_kernel_gmem2_m_axi_load |        129 |         96 |       0 |   33 |   225 |      4 |      0 |    0 |          0 |
|             (load_unit_0)                                                         |                                         bd_0_hls_inst_0_top_kernel_gmem2_m_axi_load |          1 |          1 |       0 |    0 |    94 |      0 |      0 |    0 |          0 |
|             buff_rdata                                                            |                         bd_0_hls_inst_0_top_kernel_gmem2_m_axi_fifo__parameterized0 |         74 |         74 |       0 |    0 |    53 |      4 |      0 |    0 |          0 |
|               (buff_rdata)                                                        |                         bd_0_hls_inst_0_top_kernel_gmem2_m_axi_fifo__parameterized0 |         69 |         69 |       0 |    0 |    53 |      0 |      0 |    0 |          0 |
|             fifo_rreq                                                             |                                         bd_0_hls_inst_0_top_kernel_gmem2_m_axi_fifo |         55 |         22 |       0 |   33 |    78 |      0 |      0 |    0 |          0 |
|               U_fifo_srl                                                          |                                          bd_0_hls_inst_0_top_kernel_gmem2_m_axi_srl |         37 |          4 |       0 |   33 |    63 |      0 |      0 |    0 |          0 |
|         gmem3_m_axi_U                                                             |                                              bd_0_hls_inst_0_top_kernel_gmem3_m_axi |        662 |        587 |       0 |   75 |   997 |      0 |      1 |    0 |          0 |
|           bus_write                                                               |                                        bd_0_hls_inst_0_top_kernel_gmem3_m_axi_write |        482 |        449 |       0 |   33 |   746 |      0 |      0 |    0 |          0 |
|             wreq_burst_conv                                                       |                              bd_0_hls_inst_0_top_kernel_gmem3_m_axi_burst_converter |        291 |        291 |       0 |    0 |   467 |      0 |      0 |    0 |          0 |
|               burst_sequential                                                    |                             bd_0_hls_inst_0_top_kernel_gmem3_m_axi_burst_sequential |        291 |        291 |       0 |    0 |   467 |      0 |      0 |    0 |          0 |
|             wreq_throttle                                                         |                                     bd_0_hls_inst_0_top_kernel_gmem3_m_axi_throttle |        163 |        131 |       0 |   32 |   256 |      0 |      0 |    0 |          0 |
|               rs_req                                                              |                    bd_0_hls_inst_0_top_kernel_gmem3_m_axi_reg_slice__parameterized1 |         78 |         78 |       0 |    0 |   145 |      0 |      0 |    0 |          0 |
|               fifo_burst_gen[0].fifo_req                                          |                         bd_0_hls_inst_0_top_kernel_gmem3_m_axi_fifo__parameterized4 |         51 |         19 |       0 |   32 |    79 |      0 |      0 |    0 |          0 |
|           store_unit_0                                                            |                                        bd_0_hls_inst_0_top_kernel_gmem3_m_axi_store |        182 |        140 |       0 |   42 |   251 |      0 |      1 |    0 |          0 |
|             (store_unit_0)                                                        |                                        bd_0_hls_inst_0_top_kernel_gmem3_m_axi_store |          1 |          1 |       0 |    0 |    84 |      0 |      0 |    0 |          0 |
|             conservative_gen.fifo_burst                                           |                                         bd_0_hls_inst_0_top_kernel_gmem3_m_axi_fifo |         54 |         46 |       0 |    8 |    25 |      0 |      0 |    0 |          0 |
|             fifo_wreq                                                             |                         bd_0_hls_inst_0_top_kernel_gmem3_m_axi_fifo__parameterized0 |         46 |         13 |       0 |   33 |    74 |      0 |      0 |    0 |          0 |
|               U_fifo_srl                                                          |                          bd_0_hls_inst_0_top_kernel_gmem3_m_axi_srl__parameterized0 |         35 |          2 |       0 |   33 |    63 |      0 |      0 |    0 |          0 |
|         morphology_stream_U                                                       |                                        bd_0_hls_inst_0_top_kernel_fifo_w16_d128_A_2 |        109 |         69 |      40 |    0 |    49 |      0 |      0 |    0 |          0 |
|           U_top_kernel_fifo_w16_d128_A_ram                                        |                                      bd_0_hls_inst_0_top_kernel_fifo_w16_d128_A_ram |         68 |         28 |      40 |    0 |    16 |      0 |      0 |    0 |          0 |
|         stage_bilateral_U0                                                        |                                          bd_0_hls_inst_0_top_kernel_stage_bilateral |      25264 |      23967 |       0 | 1297 | 30656 |      0 |      9 |    0 |        163 |
|           grp_stage_bilateral_Pipeline_VITIS_LOOP_181_1_fu_66                     |                bd_0_hls_inst_0_top_kernel_stage_bilateral_Pipeline_VITIS_LOOP_181_1 |         77 |         56 |       0 |   21 |   104 |      0 |      0 |    0 |          3 |
|           grp_stage_bilateral_Pipeline_BILATERAL_OUT_VITIS_LOOP_200_4_fu_90       |  bd_0_hls_inst_0_top_kernel_stage_bilateral_Pipeline_BILATERAL_OUT_VITIS_LOOP_200_4 |      25180 |      23904 |       0 | 1276 | 30545 |      0 |      0 |    0 |        160 |
|             (grp_stage_bilateral_Pipeline_BILATERAL_OUT_VITIS_LOOP_200_4_fu_90)   |  bd_0_hls_inst_0_top_kernel_stage_bilateral_Pipeline_BILATERAL_OUT_VITIS_LOOP_200_4 |       5710 |       5155 |       0 |  555 |  8376 |      0 |      0 |    0 |          4 |
|             (fpext_32ns_64_2_no_dsp_1_U1317)                                      |                      bd_0_hls_inst_0_top_kernel_fpext_32ns_64_2_no_dsp_1__xdcDup__2 |         18 |         18 |       0 |    0 |    66 |      0 |      0 |    0 |          0 |
|             (fpext_32ns_64_2_no_dsp_1_U1318)                                      |                      bd_0_hls_inst_0_top_kernel_fpext_32ns_64_2_no_dsp_1__xdcDup__3 |         18 |         18 |       0 |    0 |    66 |      0 |      0 |    0 |          0 |
|             (fpext_32ns_64_2_no_dsp_1_U1319)                                      |                      bd_0_hls_inst_0_top_kernel_fpext_32ns_64_2_no_dsp_1__xdcDup__4 |         18 |         18 |       0 |    0 |    66 |      0 |      0 |    0 |          0 |
|             (fpext_32ns_64_2_no_dsp_1_U1320)                                      |                      bd_0_hls_inst_0_top_kernel_fpext_32ns_64_2_no_dsp_1__xdcDup__5 |         18 |         18 |       0 |    0 |    66 |      0 |      0 |    0 |          0 |
|             (fpext_32ns_64_2_no_dsp_1_U1321)                                      |                      bd_0_hls_inst_0_top_kernel_fpext_32ns_64_2_no_dsp_1__xdcDup__6 |         17 |         17 |       0 |    0 |    66 |      0 |      0 |    0 |          0 |
|             (fpext_32ns_64_2_no_dsp_1_U1322)                                      |                      bd_0_hls_inst_0_top_kernel_fpext_32ns_64_2_no_dsp_1__xdcDup__7 |         18 |         18 |       0 |    0 |    66 |      0 |      0 |    0 |          0 |
|             (fpext_32ns_64_2_no_dsp_1_U1323)                                      |                      bd_0_hls_inst_0_top_kernel_fpext_32ns_64_2_no_dsp_1__xdcDup__8 |         18 |         18 |       0 |    0 |    66 |      0 |      0 |    0 |          0 |
|             (fpext_32ns_64_2_no_dsp_1_U1324)                                      |                      bd_0_hls_inst_0_top_kernel_fpext_32ns_64_2_no_dsp_1__xdcDup__9 |         18 |         18 |       0 |    0 |    66 |      0 |      0 |    0 |          0 |
|             (fpext_32ns_64_2_no_dsp_1_U1325)                                      |                                 bd_0_hls_inst_0_top_kernel_fpext_32ns_64_2_no_dsp_1 |         18 |         18 |       0 |    0 |    66 |      0 |      0 |    0 |          0 |
|             fdiv_32ns_32ns_32_30_no_dsp_1_U1308                                   |                 bd_0_hls_inst_0_top_kernel_fdiv_32ns_32ns_32_30_no_dsp_1__xdcDup__5 |        736 |        701 |       0 |   35 |  1084 |      0 |      0 |    0 |          0 |
|               (fdiv_32ns_32ns_32_30_no_dsp_1_U1308)                               |                 bd_0_hls_inst_0_top_kernel_fdiv_32ns_32ns_32_30_no_dsp_1__xdcDup__5 |         16 |         16 |       0 |    0 |    66 |      0 |      0 |    0 |          0 |
|               top_kernel_fdiv_32ns_32ns_32_30_no_dsp_1_ip_u                       |                     bd_0_hls_inst_0_top_kernel_fdiv_32ns_32ns_32_30_no_dsp_1_ip__17 |        720 |        685 |       0 |   35 |  1018 |      0 |      0 |    0 |          0 |
|             fdiv_32ns_32ns_32_30_no_dsp_1_U1309                                   |                 bd_0_hls_inst_0_top_kernel_fdiv_32ns_32ns_32_30_no_dsp_1__xdcDup__6 |        737 |        702 |       0 |   35 |  1084 |      0 |      0 |    0 |          0 |
|               (fdiv_32ns_32ns_32_30_no_dsp_1_U1309)                               |                 bd_0_hls_inst_0_top_kernel_fdiv_32ns_32ns_32_30_no_dsp_1__xdcDup__6 |         16 |         16 |       0 |    0 |    66 |      0 |      0 |    0 |          0 |
|               top_kernel_fdiv_32ns_32ns_32_30_no_dsp_1_ip_u                       |                     bd_0_hls_inst_0_top_kernel_fdiv_32ns_32ns_32_30_no_dsp_1_ip__18 |        721 |        686 |       0 |   35 |  1018 |      0 |      0 |    0 |          0 |
|             fdiv_32ns_32ns_32_30_no_dsp_1_U1310                                   |                 bd_0_hls_inst_0_top_kernel_fdiv_32ns_32ns_32_30_no_dsp_1__xdcDup__7 |        736 |        701 |       0 |   35 |  1084 |      0 |      0 |    0 |          0 |
|               (fdiv_32ns_32ns_32_30_no_dsp_1_U1310)                               |                 bd_0_hls_inst_0_top_kernel_fdiv_32ns_32ns_32_30_no_dsp_1__xdcDup__7 |         16 |         16 |       0 |    0 |    66 |      0 |      0 |    0 |          0 |
|               top_kernel_fdiv_32ns_32ns_32_30_no_dsp_1_ip_u                       |                     bd_0_hls_inst_0_top_kernel_fdiv_32ns_32ns_32_30_no_dsp_1_ip__19 |        720 |        685 |       0 |   35 |  1018 |      0 |      0 |    0 |          0 |
|             fdiv_32ns_32ns_32_30_no_dsp_1_U1311                                   |                 bd_0_hls_inst_0_top_kernel_fdiv_32ns_32ns_32_30_no_dsp_1__xdcDup__8 |        737 |        702 |       0 |   35 |  1084 |      0 |      0 |    0 |          0 |
|               (fdiv_32ns_32ns_32_30_no_dsp_1_U1311)                               |                 bd_0_hls_inst_0_top_kernel_fdiv_32ns_32ns_32_30_no_dsp_1__xdcDup__8 |         16 |         16 |       0 |    0 |    66 |      0 |      0 |    0 |          0 |
|               top_kernel_fdiv_32ns_32ns_32_30_no_dsp_1_ip_u                       |                     bd_0_hls_inst_0_top_kernel_fdiv_32ns_32ns_32_30_no_dsp_1_ip__20 |        721 |        686 |       0 |   35 |  1018 |      0 |      0 |    0 |          0 |
|             fdiv_32ns_32ns_32_30_no_dsp_1_U1312                                   |                 bd_0_hls_inst_0_top_kernel_fdiv_32ns_32ns_32_30_no_dsp_1__xdcDup__9 |        737 |        702 |       0 |   35 |  1084 |      0 |      0 |    0 |          0 |
|               (fdiv_32ns_32ns_32_30_no_dsp_1_U1312)                               |                 bd_0_hls_inst_0_top_kernel_fdiv_32ns_32ns_32_30_no_dsp_1__xdcDup__9 |         16 |         16 |       0 |    0 |    66 |      0 |      0 |    0 |          0 |
|               top_kernel_fdiv_32ns_32ns_32_30_no_dsp_1_ip_u                       |                     bd_0_hls_inst_0_top_kernel_fdiv_32ns_32ns_32_30_no_dsp_1_ip__21 |        721 |        686 |       0 |   35 |  1018 |      0 |      0 |    0 |          0 |
|             fdiv_32ns_32ns_32_30_no_dsp_1_U1313                                   |                bd_0_hls_inst_0_top_kernel_fdiv_32ns_32ns_32_30_no_dsp_1__xdcDup__10 |        737 |        702 |       0 |   35 |  1084 |      0 |      0 |    0 |          0 |
|               (fdiv_32ns_32ns_32_30_no_dsp_1_U1313)                               |                bd_0_hls_inst_0_top_kernel_fdiv_32ns_32ns_32_30_no_dsp_1__xdcDup__10 |         16 |         16 |       0 |    0 |    66 |      0 |      0 |    0 |          0 |
|               top_kernel_fdiv_32ns_32ns_32_30_no_dsp_1_ip_u                       |                     bd_0_hls_inst_0_top_kernel_fdiv_32ns_32ns_32_30_no_dsp_1_ip__22 |        721 |        686 |       0 |   35 |  1018 |      0 |      0 |    0 |          0 |
|             fdiv_32ns_32ns_32_30_no_dsp_1_U1314                                   |                bd_0_hls_inst_0_top_kernel_fdiv_32ns_32ns_32_30_no_dsp_1__xdcDup__11 |        735 |        700 |       0 |   35 |  1084 |      0 |      0 |    0 |          0 |
|               (fdiv_32ns_32ns_32_30_no_dsp_1_U1314)                               |                bd_0_hls_inst_0_top_kernel_fdiv_32ns_32ns_32_30_no_dsp_1__xdcDup__11 |         16 |         16 |       0 |    0 |    66 |      0 |      0 |    0 |          0 |
|               top_kernel_fdiv_32ns_32ns_32_30_no_dsp_1_ip_u                       |                     bd_0_hls_inst_0_top_kernel_fdiv_32ns_32ns_32_30_no_dsp_1_ip__23 |        719 |        684 |       0 |   35 |  1018 |      0 |      0 |    0 |          0 |
|             fdiv_32ns_32ns_32_30_no_dsp_1_U1315                                   |                bd_0_hls_inst_0_top_kernel_fdiv_32ns_32ns_32_30_no_dsp_1__xdcDup__12 |        736 |        701 |       0 |   35 |  1084 |      0 |      0 |    0 |          0 |
|               (fdiv_32ns_32ns_32_30_no_dsp_1_U1315)                               |                bd_0_hls_inst_0_top_kernel_fdiv_32ns_32ns_32_30_no_dsp_1__xdcDup__12 |         16 |         16 |       0 |    0 |    66 |      0 |      0 |    0 |          0 |
|               top_kernel_fdiv_32ns_32ns_32_30_no_dsp_1_ip_u                       |                     bd_0_hls_inst_0_top_kernel_fdiv_32ns_32ns_32_30_no_dsp_1_ip__24 |        720 |        685 |       0 |   35 |  1018 |      0 |      0 |    0 |          0 |
|             fdiv_32ns_32ns_32_30_no_dsp_1_U1316                                   |                            bd_0_hls_inst_0_top_kernel_fdiv_32ns_32ns_32_30_no_dsp_1 |        737 |        702 |       0 |   35 |  1084 |      0 |      0 |    0 |          0 |
|               (fdiv_32ns_32ns_32_30_no_dsp_1_U1316)                               |                            bd_0_hls_inst_0_top_kernel_fdiv_32ns_32ns_32_30_no_dsp_1 |         16 |         16 |       0 |    0 |    66 |      0 |      0 |    0 |          0 |
|               top_kernel_fdiv_32ns_32ns_32_30_no_dsp_1_ip_u                       |                     bd_0_hls_inst_0_top_kernel_fdiv_32ns_32ns_32_30_no_dsp_1_ip__15 |        721 |        686 |       0 |   35 |  1018 |      0 |      0 |    0 |          0 |
|             fexp_32ns_32ns_32_22_full_dsp_1_U1326                                 |               bd_0_hls_inst_0_top_kernel_fexp_32ns_32ns_32_22_full_dsp_1__xdcDup__1 |        742 |        707 |       0 |   35 |   458 |      0 |      0 |    0 |          7 |
|               (fexp_32ns_32ns_32_22_full_dsp_1_U1326)                             |               bd_0_hls_inst_0_top_kernel_fexp_32ns_32ns_32_22_full_dsp_1__xdcDup__1 |         16 |         16 |       0 |    0 |    64 |      0 |      0 |    0 |          0 |
|               top_kernel_fexp_32ns_32ns_32_22_full_dsp_1_ip_u                     |                   bd_0_hls_inst_0_top_kernel_fexp_32ns_32ns_32_22_full_dsp_1_ip__14 |        726 |        691 |       0 |   35 |   394 |      0 |      0 |    0 |          7 |
|             fexp_32ns_32ns_32_22_full_dsp_1_U1327                                 |               bd_0_hls_inst_0_top_kernel_fexp_32ns_32ns_32_22_full_dsp_1__xdcDup__2 |        741 |        706 |       0 |   35 |   458 |      0 |      0 |    0 |          7 |
|               (fexp_32ns_32ns_32_22_full_dsp_1_U1327)                             |               bd_0_hls_inst_0_top_kernel_fexp_32ns_32ns_32_22_full_dsp_1__xdcDup__2 |         16 |         16 |       0 |    0 |    64 |      0 |      0 |    0 |          0 |
|               top_kernel_fexp_32ns_32ns_32_22_full_dsp_1_ip_u                     |                   bd_0_hls_inst_0_top_kernel_fexp_32ns_32ns_32_22_full_dsp_1_ip__13 |        725 |        690 |       0 |   35 |   394 |      0 |      0 |    0 |          7 |
|             fexp_32ns_32ns_32_22_full_dsp_1_U1328                                 |               bd_0_hls_inst_0_top_kernel_fexp_32ns_32ns_32_22_full_dsp_1__xdcDup__3 |        741 |        706 |       0 |   35 |   457 |      0 |      0 |    0 |          7 |
|               (fexp_32ns_32ns_32_22_full_dsp_1_U1328)                             |               bd_0_hls_inst_0_top_kernel_fexp_32ns_32ns_32_22_full_dsp_1__xdcDup__3 |         16 |         16 |       0 |    0 |    63 |      0 |      0 |    0 |          0 |
|               top_kernel_fexp_32ns_32ns_32_22_full_dsp_1_ip_u                     |                   bd_0_hls_inst_0_top_kernel_fexp_32ns_32ns_32_22_full_dsp_1_ip__15 |        725 |        690 |       0 |   35 |   394 |      0 |      0 |    0 |          7 |
|             fexp_32ns_32ns_32_22_full_dsp_1_U1329                                 |               bd_0_hls_inst_0_top_kernel_fexp_32ns_32ns_32_22_full_dsp_1__xdcDup__4 |        741 |        706 |       0 |   35 |   457 |      0 |      0 |    0 |          7 |
|               (fexp_32ns_32ns_32_22_full_dsp_1_U1329)                             |               bd_0_hls_inst_0_top_kernel_fexp_32ns_32ns_32_22_full_dsp_1__xdcDup__4 |         16 |         16 |       0 |    0 |    63 |      0 |      0 |    0 |          0 |
|               top_kernel_fexp_32ns_32ns_32_22_full_dsp_1_ip_u                     |                   bd_0_hls_inst_0_top_kernel_fexp_32ns_32ns_32_22_full_dsp_1_ip__16 |        725 |        690 |       0 |   35 |   394 |      0 |      0 |    0 |          7 |
|             fexp_32ns_32ns_32_22_full_dsp_1_U1330                                 |               bd_0_hls_inst_0_top_kernel_fexp_32ns_32ns_32_22_full_dsp_1__xdcDup__5 |        741 |        706 |       0 |   35 |   458 |      0 |      0 |    0 |          7 |
|               (fexp_32ns_32ns_32_22_full_dsp_1_U1330)                             |               bd_0_hls_inst_0_top_kernel_fexp_32ns_32ns_32_22_full_dsp_1__xdcDup__5 |         16 |         16 |       0 |    0 |    64 |      0 |      0 |    0 |          0 |
|               top_kernel_fexp_32ns_32ns_32_22_full_dsp_1_ip_u                     |                   bd_0_hls_inst_0_top_kernel_fexp_32ns_32ns_32_22_full_dsp_1_ip__10 |        725 |        690 |       0 |   35 |   394 |      0 |      0 |    0 |          7 |
|             fexp_32ns_32ns_32_22_full_dsp_1_U1331                                 |               bd_0_hls_inst_0_top_kernel_fexp_32ns_32ns_32_22_full_dsp_1__xdcDup__6 |        741 |        706 |       0 |   35 |   458 |      0 |      0 |    0 |          7 |
|               (fexp_32ns_32ns_32_22_full_dsp_1_U1331)                             |               bd_0_hls_inst_0_top_kernel_fexp_32ns_32ns_32_22_full_dsp_1__xdcDup__6 |         16 |         16 |       0 |    0 |    64 |      0 |      0 |    0 |          0 |
|               top_kernel_fexp_32ns_32ns_32_22_full_dsp_1_ip_u                     |                   bd_0_hls_inst_0_top_kernel_fexp_32ns_32ns_32_22_full_dsp_1_ip__11 |        725 |        690 |       0 |   35 |   394 |      0 |      0 |    0 |          7 |
|             fexp_32ns_32ns_32_22_full_dsp_1_U1332                                 |               bd_0_hls_inst_0_top_kernel_fexp_32ns_32ns_32_22_full_dsp_1__xdcDup__7 |        741 |        706 |       0 |   35 |   469 |      0 |      0 |    0 |          7 |
|               (fexp_32ns_32ns_32_22_full_dsp_1_U1332)                             |               bd_0_hls_inst_0_top_kernel_fexp_32ns_32ns_32_22_full_dsp_1__xdcDup__7 |         16 |         16 |       0 |    0 |    75 |      0 |      0 |    0 |          0 |
|               top_kernel_fexp_32ns_32ns_32_22_full_dsp_1_ip_u                     |                       bd_0_hls_inst_0_top_kernel_fexp_32ns_32ns_32_22_full_dsp_1_ip |        725 |        690 |       0 |   35 |   394 |      0 |      0 |    0 |          7 |
|             fexp_32ns_32ns_32_22_full_dsp_1_U1333                                 |               bd_0_hls_inst_0_top_kernel_fexp_32ns_32ns_32_22_full_dsp_1__xdcDup__8 |        741 |        706 |       0 |   35 |   458 |      0 |      0 |    0 |          7 |
|               (fexp_32ns_32ns_32_22_full_dsp_1_U1333)                             |               bd_0_hls_inst_0_top_kernel_fexp_32ns_32ns_32_22_full_dsp_1__xdcDup__8 |         16 |         16 |       0 |    0 |    64 |      0 |      0 |    0 |          0 |
|               top_kernel_fexp_32ns_32ns_32_22_full_dsp_1_ip_u                     |                   bd_0_hls_inst_0_top_kernel_fexp_32ns_32ns_32_22_full_dsp_1_ip__12 |        725 |        690 |       0 |   35 |   394 |      0 |      0 |    0 |          7 |
|             fexp_32ns_32ns_32_22_full_dsp_1_U1334                                 |                          bd_0_hls_inst_0_top_kernel_fexp_32ns_32ns_32_22_full_dsp_1 |        741 |        706 |       0 |   35 |   458 |      0 |      0 |    0 |          7 |
|               (fexp_32ns_32ns_32_22_full_dsp_1_U1334)                             |                          bd_0_hls_inst_0_top_kernel_fexp_32ns_32ns_32_22_full_dsp_1 |         16 |         16 |       0 |    0 |    64 |      0 |      0 |    0 |          0 |
|               top_kernel_fexp_32ns_32ns_32_22_full_dsp_1_ip_u                     |                    bd_0_hls_inst_0_top_kernel_fexp_32ns_32ns_32_22_full_dsp_1_ip__9 |        725 |        690 |       0 |   35 |   394 |      0 |      0 |    0 |          7 |
|             fmul_32ns_32ns_32_7_max_dsp_1_U1291                                   |                 bd_0_hls_inst_0_top_kernel_fmul_32ns_32ns_32_7_max_dsp_1__xdcDup__2 |         79 |         79 |       0 |    0 |   160 |      0 |      0 |    0 |          3 |
|               (fmul_32ns_32ns_32_7_max_dsp_1_U1291)                               |                 bd_0_hls_inst_0_top_kernel_fmul_32ns_32ns_32_7_max_dsp_1__xdcDup__2 |         16 |         16 |       0 |    0 |    62 |      0 |      0 |    0 |          0 |
|               top_kernel_fmul_32ns_32ns_32_7_max_dsp_1_ip_u                       |                     bd_0_hls_inst_0_top_kernel_fmul_32ns_32ns_32_7_max_dsp_1_ip__21 |         63 |         63 |       0 |    0 |    98 |      0 |      0 |    0 |          3 |
|             fmul_32ns_32ns_32_7_max_dsp_1_U1292                                   |                 bd_0_hls_inst_0_top_kernel_fmul_32ns_32ns_32_7_max_dsp_1__xdcDup__3 |         79 |         79 |       0 |    0 |   160 |      0 |      0 |    0 |          3 |
|               (fmul_32ns_32ns_32_7_max_dsp_1_U1292)                               |                 bd_0_hls_inst_0_top_kernel_fmul_32ns_32ns_32_7_max_dsp_1__xdcDup__3 |         16 |         16 |       0 |    0 |    62 |      0 |      0 |    0 |          0 |
|               top_kernel_fmul_32ns_32ns_32_7_max_dsp_1_ip_u                       |                     bd_0_hls_inst_0_top_kernel_fmul_32ns_32ns_32_7_max_dsp_1_ip__22 |         63 |         63 |       0 |    0 |    98 |      0 |      0 |    0 |          3 |
|             fmul_32ns_32ns_32_7_max_dsp_1_U1293                                   |                 bd_0_hls_inst_0_top_kernel_fmul_32ns_32ns_32_7_max_dsp_1__xdcDup__4 |         79 |         79 |       0 |    0 |   170 |      0 |      0 |    0 |          3 |
|               (fmul_32ns_32ns_32_7_max_dsp_1_U1293)                               |                 bd_0_hls_inst_0_top_kernel_fmul_32ns_32ns_32_7_max_dsp_1__xdcDup__4 |         16 |         16 |       0 |    0 |    72 |      0 |      0 |    0 |          0 |
|               top_kernel_fmul_32ns_32ns_32_7_max_dsp_1_ip_u                       |                     bd_0_hls_inst_0_top_kernel_fmul_32ns_32ns_32_7_max_dsp_1_ip__23 |         63 |         63 |       0 |    0 |    98 |      0 |      0 |    0 |          3 |
|             fmul_32ns_32ns_32_7_max_dsp_1_U1294                                   |                 bd_0_hls_inst_0_top_kernel_fmul_32ns_32ns_32_7_max_dsp_1__xdcDup__5 |         79 |         79 |       0 |    0 |   161 |      0 |      0 |    0 |          3 |
|               (fmul_32ns_32ns_32_7_max_dsp_1_U1294)                               |                 bd_0_hls_inst_0_top_kernel_fmul_32ns_32ns_32_7_max_dsp_1__xdcDup__5 |         16 |         16 |       0 |    0 |    63 |      0 |      0 |    0 |          0 |
|               top_kernel_fmul_32ns_32ns_32_7_max_dsp_1_ip_u                       |                     bd_0_hls_inst_0_top_kernel_fmul_32ns_32ns_32_7_max_dsp_1_ip__27 |         63 |         63 |       0 |    0 |    98 |      0 |      0 |    0 |          3 |
|             fmul_32ns_32ns_32_7_max_dsp_1_U1295                                   |                 bd_0_hls_inst_0_top_kernel_fmul_32ns_32ns_32_7_max_dsp_1__xdcDup__6 |         79 |         79 |       0 |    0 |   161 |      0 |      0 |    0 |          3 |
|               (fmul_32ns_32ns_32_7_max_dsp_1_U1295)                               |                 bd_0_hls_inst_0_top_kernel_fmul_32ns_32ns_32_7_max_dsp_1__xdcDup__6 |         16 |         16 |       0 |    0 |    63 |      0 |      0 |    0 |          0 |
|               top_kernel_fmul_32ns_32ns_32_7_max_dsp_1_ip_u                       |                     bd_0_hls_inst_0_top_kernel_fmul_32ns_32ns_32_7_max_dsp_1_ip__20 |         63 |         63 |       0 |    0 |    98 |      0 |      0 |    0 |          3 |
|             fmul_32ns_32ns_32_7_max_dsp_1_U1296                                   |                 bd_0_hls_inst_0_top_kernel_fmul_32ns_32ns_32_7_max_dsp_1__xdcDup__7 |         79 |         79 |       0 |    0 |   161 |      0 |      0 |    0 |          3 |
|               (fmul_32ns_32ns_32_7_max_dsp_1_U1296)                               |                 bd_0_hls_inst_0_top_kernel_fmul_32ns_32ns_32_7_max_dsp_1__xdcDup__7 |         16 |         16 |       0 |    0 |    63 |      0 |      0 |    0 |          0 |
|               top_kernel_fmul_32ns_32ns_32_7_max_dsp_1_ip_u                       |                     bd_0_hls_inst_0_top_kernel_fmul_32ns_32ns_32_7_max_dsp_1_ip__24 |         63 |         63 |       0 |    0 |    98 |      0 |      0 |    0 |          3 |
|             fmul_32ns_32ns_32_7_max_dsp_1_U1297                                   |                 bd_0_hls_inst_0_top_kernel_fmul_32ns_32ns_32_7_max_dsp_1__xdcDup__8 |         79 |         79 |       0 |    0 |   161 |      0 |      0 |    0 |          3 |
|               (fmul_32ns_32ns_32_7_max_dsp_1_U1297)                               |                 bd_0_hls_inst_0_top_kernel_fmul_32ns_32ns_32_7_max_dsp_1__xdcDup__8 |         16 |         16 |       0 |    0 |    63 |      0 |      0 |    0 |          0 |
|               top_kernel_fmul_32ns_32ns_32_7_max_dsp_1_ip_u                       |                     bd_0_hls_inst_0_top_kernel_fmul_32ns_32ns_32_7_max_dsp_1_ip__28 |         63 |         63 |       0 |    0 |    98 |      0 |      0 |    0 |          3 |
|             fmul_32ns_32ns_32_7_max_dsp_1_U1298                                   |                 bd_0_hls_inst_0_top_kernel_fmul_32ns_32ns_32_7_max_dsp_1__xdcDup__9 |         79 |         79 |       0 |    0 |   161 |      0 |      0 |    0 |          3 |
|               (fmul_32ns_32ns_32_7_max_dsp_1_U1298)                               |                 bd_0_hls_inst_0_top_kernel_fmul_32ns_32ns_32_7_max_dsp_1__xdcDup__9 |         16 |         16 |       0 |    0 |    63 |      0 |      0 |    0 |          0 |
|               top_kernel_fmul_32ns_32ns_32_7_max_dsp_1_ip_u                       |                     bd_0_hls_inst_0_top_kernel_fmul_32ns_32ns_32_7_max_dsp_1_ip__25 |         63 |         63 |       0 |    0 |    98 |      0 |      0 |    0 |          3 |
|             fmul_32ns_32ns_32_7_max_dsp_1_U1299                                   |                bd_0_hls_inst_0_top_kernel_fmul_32ns_32ns_32_7_max_dsp_1__xdcDup__10 |         79 |         79 |       0 |    0 |   160 |      0 |      0 |    0 |          3 |
|               (fmul_32ns_32ns_32_7_max_dsp_1_U1299)                               |                bd_0_hls_inst_0_top_kernel_fmul_32ns_32ns_32_7_max_dsp_1__xdcDup__10 |         16 |         16 |       0 |    0 |    62 |      0 |      0 |    0 |          0 |
|               top_kernel_fmul_32ns_32ns_32_7_max_dsp_1_ip_u                       |                     bd_0_hls_inst_0_top_kernel_fmul_32ns_32ns_32_7_max_dsp_1_ip__19 |         63 |         63 |       0 |    0 |    98 |      0 |      0 |    0 |          3 |
|             fmul_32ns_32ns_32_7_max_dsp_1_U1300                                   |                bd_0_hls_inst_0_top_kernel_fmul_32ns_32ns_32_7_max_dsp_1__xdcDup__11 |         80 |         80 |       0 |    0 |   161 |      0 |      0 |    0 |          3 |
|               (fmul_32ns_32ns_32_7_max_dsp_1_U1300)                               |                bd_0_hls_inst_0_top_kernel_fmul_32ns_32ns_32_7_max_dsp_1__xdcDup__11 |         16 |         16 |       0 |    0 |    63 |      0 |      0 |    0 |          0 |
|               top_kernel_fmul_32ns_32ns_32_7_max_dsp_1_ip_u                       |                     bd_0_hls_inst_0_top_kernel_fmul_32ns_32ns_32_7_max_dsp_1_ip__32 |         64 |         64 |       0 |    0 |    98 |      0 |      0 |    0 |          3 |
|             fmul_32ns_32ns_32_7_max_dsp_1_U1301                                   |                bd_0_hls_inst_0_top_kernel_fmul_32ns_32ns_32_7_max_dsp_1__xdcDup__12 |         78 |         78 |       0 |    0 |   161 |      0 |      0 |    0 |          3 |
|               (fmul_32ns_32ns_32_7_max_dsp_1_U1301)                               |                bd_0_hls_inst_0_top_kernel_fmul_32ns_32ns_32_7_max_dsp_1__xdcDup__12 |         16 |         16 |       0 |    0 |    63 |      0 |      0 |    0 |          0 |
|               top_kernel_fmul_32ns_32ns_32_7_max_dsp_1_ip_u                       |                     bd_0_hls_inst_0_top_kernel_fmul_32ns_32ns_32_7_max_dsp_1_ip__31 |         62 |         62 |       0 |    0 |    98 |      0 |      0 |    0 |          3 |
|             fmul_32ns_32ns_32_7_max_dsp_1_U1302                                   |                bd_0_hls_inst_0_top_kernel_fmul_32ns_32ns_32_7_max_dsp_1__xdcDup__13 |         80 |         80 |       0 |    0 |   160 |      0 |      0 |    0 |          3 |
|               (fmul_32ns_32ns_32_7_max_dsp_1_U1302)                               |                bd_0_hls_inst_0_top_kernel_fmul_32ns_32ns_32_7_max_dsp_1__xdcDup__13 |         16 |         16 |       0 |    0 |    62 |      0 |      0 |    0 |          0 |
|               top_kernel_fmul_32ns_32ns_32_7_max_dsp_1_ip_u                       |                     bd_0_hls_inst_0_top_kernel_fmul_32ns_32ns_32_7_max_dsp_1_ip__33 |         64 |         64 |       0 |    0 |    98 |      0 |      0 |    0 |          3 |
|             fmul_32ns_32ns_32_7_max_dsp_1_U1303                                   |                bd_0_hls_inst_0_top_kernel_fmul_32ns_32ns_32_7_max_dsp_1__xdcDup__14 |         80 |         80 |       0 |    0 |   160 |      0 |      0 |    0 |          3 |
|               (fmul_32ns_32ns_32_7_max_dsp_1_U1303)                               |                bd_0_hls_inst_0_top_kernel_fmul_32ns_32ns_32_7_max_dsp_1__xdcDup__14 |         16 |         16 |       0 |    0 |    62 |      0 |      0 |    0 |          0 |
|               top_kernel_fmul_32ns_32ns_32_7_max_dsp_1_ip_u                       |                     bd_0_hls_inst_0_top_kernel_fmul_32ns_32ns_32_7_max_dsp_1_ip__34 |         64 |         64 |       0 |    0 |    98 |      0 |      0 |    0 |          3 |
|             fmul_32ns_32ns_32_7_max_dsp_1_U1304                                   |                bd_0_hls_inst_0_top_kernel_fmul_32ns_32ns_32_7_max_dsp_1__xdcDup__15 |         79 |         79 |       0 |    0 |   161 |      0 |      0 |    0 |          3 |
|               (fmul_32ns_32ns_32_7_max_dsp_1_U1304)                               |                bd_0_hls_inst_0_top_kernel_fmul_32ns_32ns_32_7_max_dsp_1__xdcDup__15 |         16 |         16 |       0 |    0 |    63 |      0 |      0 |    0 |          0 |
|               top_kernel_fmul_32ns_32ns_32_7_max_dsp_1_ip_u                       |                     bd_0_hls_inst_0_top_kernel_fmul_32ns_32ns_32_7_max_dsp_1_ip__29 |         63 |         63 |       0 |    0 |    98 |      0 |      0 |    0 |          3 |
|             fmul_32ns_32ns_32_7_max_dsp_1_U1305                                   |                bd_0_hls_inst_0_top_kernel_fmul_32ns_32ns_32_7_max_dsp_1__xdcDup__16 |         80 |         80 |       0 |    0 |   161 |      0 |      0 |    0 |          3 |
|               (fmul_32ns_32ns_32_7_max_dsp_1_U1305)                               |                bd_0_hls_inst_0_top_kernel_fmul_32ns_32ns_32_7_max_dsp_1__xdcDup__16 |         16 |         16 |       0 |    0 |    63 |      0 |      0 |    0 |          0 |
|               top_kernel_fmul_32ns_32ns_32_7_max_dsp_1_ip_u                       |                     bd_0_hls_inst_0_top_kernel_fmul_32ns_32ns_32_7_max_dsp_1_ip__30 |         64 |         64 |       0 |    0 |    98 |      0 |      0 |    0 |          3 |
|             fmul_32ns_32ns_32_7_max_dsp_1_U1306                                   |                bd_0_hls_inst_0_top_kernel_fmul_32ns_32ns_32_7_max_dsp_1__xdcDup__17 |         80 |         80 |       0 |    0 |   160 |      0 |      0 |    0 |          3 |
|               (fmul_32ns_32ns_32_7_max_dsp_1_U1306)                               |                bd_0_hls_inst_0_top_kernel_fmul_32ns_32ns_32_7_max_dsp_1__xdcDup__17 |         16 |         16 |       0 |    0 |    62 |      0 |      0 |    0 |          0 |
|               top_kernel_fmul_32ns_32ns_32_7_max_dsp_1_ip_u                       |                         bd_0_hls_inst_0_top_kernel_fmul_32ns_32ns_32_7_max_dsp_1_ip |         64 |         64 |       0 |    0 |    98 |      0 |      0 |    0 |          3 |
|             fmul_32ns_32ns_32_7_max_dsp_1_U1307                                   |                            bd_0_hls_inst_0_top_kernel_fmul_32ns_32ns_32_7_max_dsp_1 |         80 |         80 |       0 |    0 |   161 |      0 |      0 |    0 |          3 |
|               (fmul_32ns_32ns_32_7_max_dsp_1_U1307)                               |                            bd_0_hls_inst_0_top_kernel_fmul_32ns_32ns_32_7_max_dsp_1 |         16 |         16 |       0 |    0 |    63 |      0 |      0 |    0 |          0 |
|               top_kernel_fmul_32ns_32ns_32_7_max_dsp_1_ip_u                       |                     bd_0_hls_inst_0_top_kernel_fmul_32ns_32ns_32_7_max_dsp_1_ip__26 |         64 |         64 |       0 |    0 |    98 |      0 |      0 |    0 |          3 |
|             fsub_32ns_32ns_32_10_full_dsp_1_U1282                                 |               bd_0_hls_inst_0_top_kernel_fsub_32ns_32ns_32_10_full_dsp_1__xdcDup__1 |        175 |        173 |       0 |    2 |   315 |      0 |      0 |    0 |          2 |
|               (fsub_32ns_32ns_32_10_full_dsp_1_U1282)                             |               bd_0_hls_inst_0_top_kernel_fsub_32ns_32ns_32_10_full_dsp_1__xdcDup__1 |         16 |         16 |       0 |    0 |    62 |      0 |      0 |    0 |          0 |
|               top_kernel_fsub_32ns_32ns_32_10_full_dsp_1_ip_u                     |                   bd_0_hls_inst_0_top_kernel_fsub_32ns_32ns_32_10_full_dsp_1_ip__13 |        159 |        157 |       0 |    2 |   253 |      0 |      0 |    0 |          2 |
|             fsub_32ns_32ns_32_10_full_dsp_1_U1283                                 |               bd_0_hls_inst_0_top_kernel_fsub_32ns_32ns_32_10_full_dsp_1__xdcDup__2 |        175 |        173 |       0 |    2 |   346 |      0 |      0 |    0 |          2 |
|               (fsub_32ns_32ns_32_10_full_dsp_1_U1283)                             |               bd_0_hls_inst_0_top_kernel_fsub_32ns_32ns_32_10_full_dsp_1__xdcDup__2 |         16 |         16 |       0 |    0 |    93 |      0 |      0 |    0 |          0 |
|               top_kernel_fsub_32ns_32ns_32_10_full_dsp_1_ip_u                     |                   bd_0_hls_inst_0_top_kernel_fsub_32ns_32ns_32_10_full_dsp_1_ip__14 |        159 |        157 |       0 |    2 |   253 |      0 |      0 |    0 |          2 |
|             fsub_32ns_32ns_32_10_full_dsp_1_U1284                                 |               bd_0_hls_inst_0_top_kernel_fsub_32ns_32ns_32_10_full_dsp_1__xdcDup__3 |        176 |        174 |       0 |    2 |   346 |      0 |      0 |    0 |          2 |
|               (fsub_32ns_32ns_32_10_full_dsp_1_U1284)                             |               bd_0_hls_inst_0_top_kernel_fsub_32ns_32ns_32_10_full_dsp_1__xdcDup__3 |         16 |         16 |       0 |    0 |    93 |      0 |      0 |    0 |          0 |
|               top_kernel_fsub_32ns_32ns_32_10_full_dsp_1_ip_u                     |                   bd_0_hls_inst_0_top_kernel_fsub_32ns_32ns_32_10_full_dsp_1_ip__15 |        160 |        158 |       0 |    2 |   253 |      0 |      0 |    0 |          2 |
|             fsub_32ns_32ns_32_10_full_dsp_1_U1285                                 |               bd_0_hls_inst_0_top_kernel_fsub_32ns_32ns_32_10_full_dsp_1__xdcDup__4 |        177 |        175 |       0 |    2 |   346 |      0 |      0 |    0 |          2 |
|               (fsub_32ns_32ns_32_10_full_dsp_1_U1285)                             |               bd_0_hls_inst_0_top_kernel_fsub_32ns_32ns_32_10_full_dsp_1__xdcDup__4 |         16 |         16 |       0 |    0 |    93 |      0 |      0 |    0 |          0 |
|               top_kernel_fsub_32ns_32ns_32_10_full_dsp_1_ip_u                     |                   bd_0_hls_inst_0_top_kernel_fsub_32ns_32ns_32_10_full_dsp_1_ip__16 |        161 |        159 |       0 |    2 |   253 |      0 |      0 |    0 |          2 |
|             fsub_32ns_32ns_32_10_full_dsp_1_U1286                                 |               bd_0_hls_inst_0_top_kernel_fsub_32ns_32ns_32_10_full_dsp_1__xdcDup__5 |        175 |        173 |       0 |    2 |   316 |      0 |      0 |    0 |          2 |
|               (fsub_32ns_32ns_32_10_full_dsp_1_U1286)                             |               bd_0_hls_inst_0_top_kernel_fsub_32ns_32ns_32_10_full_dsp_1__xdcDup__5 |         16 |         16 |       0 |    0 |    63 |      0 |      0 |    0 |          0 |
|               top_kernel_fsub_32ns_32ns_32_10_full_dsp_1_ip_u                     |                   bd_0_hls_inst_0_top_kernel_fsub_32ns_32ns_32_10_full_dsp_1_ip__12 |        159 |        157 |       0 |    2 |   253 |      0 |      0 |    0 |          2 |
|             fsub_32ns_32ns_32_10_full_dsp_1_U1287                                 |               bd_0_hls_inst_0_top_kernel_fsub_32ns_32ns_32_10_full_dsp_1__xdcDup__6 |        175 |        173 |       0 |    2 |   316 |      0 |      0 |    0 |          2 |
|               (fsub_32ns_32ns_32_10_full_dsp_1_U1287)                             |               bd_0_hls_inst_0_top_kernel_fsub_32ns_32ns_32_10_full_dsp_1__xdcDup__6 |         16 |         16 |       0 |    0 |    63 |      0 |      0 |    0 |          0 |
|               top_kernel_fsub_32ns_32ns_32_10_full_dsp_1_ip_u                     |                   bd_0_hls_inst_0_top_kernel_fsub_32ns_32ns_32_10_full_dsp_1_ip__11 |        159 |        157 |       0 |    2 |   253 |      0 |      0 |    0 |          2 |
|             fsub_32ns_32ns_32_10_full_dsp_1_U1288                                 |               bd_0_hls_inst_0_top_kernel_fsub_32ns_32ns_32_10_full_dsp_1__xdcDup__7 |        175 |        173 |       0 |    2 |   316 |      0 |      0 |    0 |          2 |
|               (fsub_32ns_32ns_32_10_full_dsp_1_U1288)                             |               bd_0_hls_inst_0_top_kernel_fsub_32ns_32ns_32_10_full_dsp_1__xdcDup__7 |         16 |         16 |       0 |    0 |    63 |      0 |      0 |    0 |          0 |
|               top_kernel_fsub_32ns_32ns_32_10_full_dsp_1_ip_u                     |                   bd_0_hls_inst_0_top_kernel_fsub_32ns_32ns_32_10_full_dsp_1_ip__10 |        159 |        157 |       0 |    2 |   253 |      0 |      0 |    0 |          2 |
|             fsub_32ns_32ns_32_10_full_dsp_1_U1289                                 |               bd_0_hls_inst_0_top_kernel_fsub_32ns_32ns_32_10_full_dsp_1__xdcDup__8 |         98 |         96 |       0 |    2 |   230 |      0 |      0 |    0 |          2 |
|               top_kernel_fsub_32ns_32ns_32_10_full_dsp_1_ip_u                     |                       bd_0_hls_inst_0_top_kernel_fsub_32ns_32ns_32_10_full_dsp_1_ip |         82 |         80 |       0 |    2 |   198 |      0 |      0 |    0 |          2 |
|             fsub_32ns_32ns_32_10_full_dsp_1_U1290                                 |                          bd_0_hls_inst_0_top_kernel_fsub_32ns_32ns_32_10_full_dsp_1 |        176 |        174 |       0 |    2 |   347 |      0 |      0 |    0 |          2 |
|               (fsub_32ns_32ns_32_10_full_dsp_1_U1290)                             |                          bd_0_hls_inst_0_top_kernel_fsub_32ns_32ns_32_10_full_dsp_1 |         16 |         16 |       0 |    0 |    94 |      0 |      0 |    0 |          0 |
|               top_kernel_fsub_32ns_32ns_32_10_full_dsp_1_ip_u                     |                    bd_0_hls_inst_0_top_kernel_fsub_32ns_32ns_32_10_full_dsp_1_ip__9 |        160 |        158 |       0 |    2 |   253 |      0 |      0 |    0 |          2 |
|             mul_64ns_66ns_129_5_1_U1335                                           |                               bd_0_hls_inst_0_top_kernel_mul_64ns_66ns_129_5_1_1174 |        104 |        104 |       0 |    0 |   114 |      0 |      0 |    0 |         13 |
|             mul_6ns_8ns_13_1_1_U1353                                              |                                  bd_0_hls_inst_0_top_kernel_mul_6ns_8ns_13_1_1_1177 |        121 |        121 |       0 |    0 |     5 |      0 |      0 |    0 |          1 |
|             mul_6ns_8ns_13_1_1_U1354                                              |                                  bd_0_hls_inst_0_top_kernel_mul_6ns_8ns_13_1_1_1178 |        262 |        262 |       0 |    0 |    23 |      0 |      0 |    0 |          1 |
|             sdiv_35ns_21ns_35_39_1_U1445                                          |                                   bd_0_hls_inst_0_top_kernel_sdiv_35ns_21ns_35_39_1 |       1787 |       1721 |       0 |   66 |  1880 |      0 |      0 |    0 |          0 |
|               (sdiv_35ns_21ns_35_39_1_U1445)                                      |                                   bd_0_hls_inst_0_top_kernel_sdiv_35ns_21ns_35_39_1 |        108 |         96 |       0 |   12 |    54 |      0 |      0 |    0 |          0 |
|               top_kernel_sdiv_35ns_21ns_35_39_1_divider_u                         |                           bd_0_hls_inst_0_top_kernel_sdiv_35ns_21ns_35_39_1_divider |       1679 |       1625 |       0 |   54 |  1826 |      0 |      0 |    0 |          0 |
|         stage_gaussian_U0                                                         |                                           bd_0_hls_inst_0_top_kernel_stage_gaussian |       4110 |       3780 |       0 |  330 |  1595 |      0 |     25 |    0 |         78 |
|           grp_stage_gaussian_Pipeline_READ_IN_fu_130                              |                          bd_0_hls_inst_0_top_kernel_stage_gaussian_Pipeline_READ_IN |        112 |         85 |       0 |   27 |   104 |      0 |      0 |    0 |          2 |
|           grp_stage_gaussian_Pipeline_GAUSSIAN_OUT_VITIS_LOOP_144_1_fu_186        |    bd_0_hls_inst_0_top_kernel_stage_gaussian_Pipeline_GAUSSIAN_OUT_VITIS_LOOP_144_1 |       3981 |       3678 |       0 |  303 |  1484 |      0 |      0 |    0 |         76 |
|             (grp_stage_gaussian_Pipeline_GAUSSIAN_OUT_VITIS_LOOP_144_1_fu_186)    |    bd_0_hls_inst_0_top_kernel_stage_gaussian_Pipeline_GAUSSIAN_OUT_VITIS_LOOP_144_1 |       2068 |       1772 |       0 |  296 |  1315 |      0 |      0 |    0 |         24 |
|             mul_18s_10ns_28_1_1_U1200                                             |                                      bd_0_hls_inst_0_top_kernel_mul_18s_10ns_28_1_1 |        196 |        196 |       0 |    0 |    32 |      0 |      0 |    0 |          1 |
|             mul_18s_11ns_29_1_1_U1201                                             |                                      bd_0_hls_inst_0_top_kernel_mul_18s_11ns_29_1_1 |        197 |        197 |       0 |    0 |    32 |      0 |      0 |    0 |          1 |
|             mul_64ns_66ns_129_5_1_U1133                                           |                               bd_0_hls_inst_0_top_kernel_mul_64ns_66ns_129_5_1_1125 |        112 |        112 |       0 |    0 |    25 |      0 |      0 |    0 |         13 |
|             mul_64ns_66ns_129_5_1_U1134                                           |                               bd_0_hls_inst_0_top_kernel_mul_64ns_66ns_129_5_1_1126 |        103 |        103 |       0 |    0 |    25 |      0 |      0 |    0 |         13 |
|             mul_6ns_8ns_13_1_1_U1171                                              |                                  bd_0_hls_inst_0_top_kernel_mul_6ns_8ns_13_1_1_1127 |        866 |        866 |       0 |    0 |     5 |      0 |      0 |    0 |          1 |
|             mul_6ns_8ns_13_1_1_U1172                                              |                                  bd_0_hls_inst_0_top_kernel_mul_6ns_8ns_13_1_1_1128 |        125 |        125 |       0 |    0 |     3 |      0 |      0 |    0 |          1 |
|             mul_6ns_8ns_13_1_1_U1173                                              |                                  bd_0_hls_inst_0_top_kernel_mul_6ns_8ns_13_1_1_1129 |        108 |        108 |       0 |    0 |     5 |      0 |      0 |    0 |          1 |
|             mul_6ns_8ns_13_1_1_U1174                                              |                                  bd_0_hls_inst_0_top_kernel_mul_6ns_8ns_13_1_1_1130 |        119 |        119 |       0 |    0 |     3 |      0 |      0 |    0 |          1 |
|         stage_morphology_U0                                                       |                                         bd_0_hls_inst_0_top_kernel_stage_morphology |       2173 |       1974 |       0 |  199 |  1188 |      0 |     18 |    0 |         32 |
|           mul_64ns_66ns_129_5_1_U1570                                             |                                    bd_0_hls_inst_0_top_kernel_mul_64ns_66ns_129_5_1 |         88 |         88 |       0 |    0 |    17 |      0 |      0 |    0 |         13 |
|           grp_stage_morphology_Pipeline_DILATION_LOOP_VITIS_LOOP_293_4_fu_150     | bd_0_hls_inst_0_top_kernel_stage_morphology_Pipeline_DILATION_LOOP_VITIS_LOOP_293_4 |        987 |        911 |       0 |   76 |   528 |      0 |      0 |    0 |          8 |
|             (grp_stage_morphology_Pipeline_DILATION_LOOP_VITIS_LOOP_293_4_fu_150) | bd_0_hls_inst_0_top_kernel_stage_morphology_Pipeline_DILATION_LOOP_VITIS_LOOP_293_4 |        903 |        834 |       0 |   69 |   480 |      0 |      0 |    0 |          6 |
|           grp_stage_morphology_Pipeline_EROSION_LOOP_VITIS_LOOP_265_1_fu_128      |  bd_0_hls_inst_0_top_kernel_stage_morphology_Pipeline_EROSION_LOOP_VITIS_LOOP_265_1 |       1013 |        911 |       0 |  102 |   530 |      0 |      0 |    0 |          8 |
|             (grp_stage_morphology_Pipeline_EROSION_LOOP_VITIS_LOOP_265_1_fu_128)  |  bd_0_hls_inst_0_top_kernel_stage_morphology_Pipeline_EROSION_LOOP_VITIS_LOOP_265_1 |        934 |        845 |       0 |   89 |   476 |      0 |      0 |    0 |          8 |
|           grp_stage_morphology_Pipeline_READ_BILATERAL_fu_104                     |                 bd_0_hls_inst_0_top_kernel_stage_morphology_Pipeline_READ_BILATERAL |         76 |         55 |       0 |   21 |   104 |      0 |      0 |    0 |          3 |
+-----------------------------------------------------------------------------------+-------------------------------------------------------------------------------------+------------+------------+---------+------+-------+--------+--------+------+------------+
* Note: The sum of lower-level cells may be larger than their parent cells total, due to cross-hierarchy LUT combining


