Copyright 1986-2022 Xilinx, Inc. All Rights Reserved. Copyright 2022-2025 Advanced Micro Devices, Inc. All Rights Reserved.
--------------------------------------------------------------------------------------------------------------------------------------------------
| Tool Version      : Vivado v.2025.1.1 (lin64) Build 6233196 Thu Sep 11 21:27:11 MDT 2025
| Date              : Fri Apr 10 12:18:10 2026
| Host              : ece-linlabsrv01 running 64-bit Red Hat Enterprise Linux release 8.10 (Ootpa)
| Command           : report_timing_summary -file ./report/top_kernel_timing_routed.rpt
| Design            : bd_0_wrapper
| Device            : xczu3eg-sbva484
| Speed File        : -1  PRODUCTION 1.30 05-15-2022
| Design State      : Routed
| Temperature Grade : E
--------------------------------------------------------------------------------------------------------------------------------------------------

Timing Summary Report

------------------------------------------------------------------------------------------------
| Timer Settings
| --------------
------------------------------------------------------------------------------------------------

  Enable Multi Corner Analysis               :  Yes
  Enable Pessimism Removal                   :  Yes
  Pessimism Removal Resolution               :  Nearest Common Node
  Enable Input Delay Default Clock           :  No
  Enable Preset / Clear Arcs                 :  No
  Disable Flight Delays                      :  No
  Ignore I/O Paths                           :  No
  Timing Early Launch at Borrowing Latches   :  No
  Borrow Time for Max Delay Exceptions       :  Yes
  Merge Timing Exceptions                    :  Yes
  Inter-SLR Compensation                     :  Conservative

  Corner  Analyze    Analyze    
  Name    Max Paths  Min Paths  
  ------  ---------  ---------  
  Slow    Yes        Yes        
  Fast    Yes        Yes        


------------------------------------------------------------------------------------------------
| Report Methodology
| ------------------
------------------------------------------------------------------------------------------------

Rule       Severity  Description                    Violations  
---------  --------  -----------------------------  ----------  
TIMING-18  Warning   Missing input or output delay  534         

Note: This report is based on the most recent report_methodology run and may not be up-to-date. Run report_methodology on the current design for the latest report.



check_timing report

Table of Contents
-----------------
1. checking no_clock (0)
2. checking constant_clock (0)
3. checking pulse_width_clock (0)
4. checking unconstrained_internal_endpoints (0)
5. checking no_input_delay (160)
6. checking no_output_delay (364)
7. checking multiple_clock (0)
8. checking generated_clocks (0)
9. checking loops (0)
10. checking partial_input_delay (0)
11. checking partial_output_delay (0)
12. checking latch_loops (0)

1. checking no_clock (0)
------------------------
 There are 0 register/latch pins with no clock.


2. checking constant_clock (0)
------------------------------
 There are 0 register/latch pins with constant_clock.


3. checking pulse_width_clock (0)
---------------------------------
 There are 0 register/latch pins which need pulse_width check


4. checking unconstrained_internal_endpoints (0)
------------------------------------------------
 There are 0 pins that are not constrained for maximum delay.

 There are 0 pins that are not constrained for maximum delay due to constant clock.


5. checking no_input_delay (160)
--------------------------------
 There are 160 input ports with no input delay specified. (HIGH)

 There are 0 input ports with no input delay but user has a false path constraint.


6. checking no_output_delay (364)
---------------------------------
 There are 364 ports with no output delay specified. (HIGH)

 There are 0 ports with no output delay but user has a false path constraint

 There are 0 ports with no output delay but with a timing clock defined on it or propagating through it


7. checking multiple_clock (0)
------------------------------
 There are 0 register/latch pins with multiple clocks.


8. checking generated_clocks (0)
--------------------------------
 There are 0 generated clocks that are not connected to a clock source.


9. checking loops (0)
---------------------
 There are 0 combinational loops in the design.


10. checking partial_input_delay (0)
------------------------------------
 There are 0 input ports with partial input delay specified.


11. checking partial_output_delay (0)
-------------------------------------
 There are 0 ports with partial output delay specified.


12. checking latch_loops (0)
----------------------------
 There are 0 combinational latch loops in the design through latch input



------------------------------------------------------------------------------------------------
| Design Timing Summary
| ---------------------
------------------------------------------------------------------------------------------------

    WNS(ns)      TNS(ns)  TNS Failing Endpoints  TNS Total Endpoints      WHS(ns)      THS(ns)  THS Failing Endpoints  THS Total Endpoints     WPWS(ns)     TPWS(ns)  TPWS Failing Endpoints  TPWS Total Endpoints  
    -------      -------  ---------------------  -------------------      -------      -------  ---------------------  -------------------     --------     --------  ----------------------  --------------------  
     -0.688    -1165.862                   6887               172918        0.023        0.000                      0               172918        1.427        0.000                       0                 64804  


Timing constraints are not met.


------------------------------------------------------------------------------------------------
| Clock Summary
| -------------
------------------------------------------------------------------------------------------------

Clock   Waveform(ns)         Period(ns)      Frequency(MHz)
-----   ------------         ----------      --------------
ap_clk  {0.000 2.000}        4.000           250.000         


------------------------------------------------------------------------------------------------
| Intra Clock Table
| -----------------
------------------------------------------------------------------------------------------------

Clock             WNS(ns)      TNS(ns)  TNS Failing Endpoints  TNS Total Endpoints      WHS(ns)      THS(ns)  THS Failing Endpoints  THS Total Endpoints     WPWS(ns)     TPWS(ns)  TPWS Failing Endpoints  TPWS Total Endpoints  
-----             -------      -------  ---------------------  -------------------      -------      -------  ---------------------  -------------------     --------     --------  ----------------------  --------------------  
ap_clk             -0.688    -1165.862                   6887               172918        0.023        0.000                      0               172918        1.427        0.000                       0                 64804  


------------------------------------------------------------------------------------------------
| Inter Clock Table
| -----------------
------------------------------------------------------------------------------------------------

From Clock    To Clock          WNS(ns)      TNS(ns)  TNS Failing Endpoints  TNS Total Endpoints      WHS(ns)      THS(ns)  THS Failing Endpoints  THS Total Endpoints  
----------    --------          -------      -------  ---------------------  -------------------      -------      -------  ---------------------  -------------------  


------------------------------------------------------------------------------------------------
| Other Path Groups Table
| -----------------------
------------------------------------------------------------------------------------------------

Path Group    From Clock    To Clock          WNS(ns)      TNS(ns)  TNS Failing Endpoints  TNS Total Endpoints      WHS(ns)      THS(ns)  THS Failing Endpoints  THS Total Endpoints  
----------    ----------    --------          -------      -------  ---------------------  -------------------      -------      -------  ---------------------  -------------------  


------------------------------------------------------------------------------------------------
| Timing Details
| --------------
------------------------------------------------------------------------------------------------


---------------------------------------------------------------------------------------------------
From Clock:  ap_clk
  To Clock:  ap_clk

Setup :         6887  Failing Endpoints,  Worst Slack       -0.688ns,  Total Violation    -1165.862ns
Hold  :            0  Failing Endpoints,  Worst Slack        0.023ns,  Total Violation        0.000ns
PW    :            0  Failing Endpoints,  Worst Slack        1.427ns,  Total Violation        0.000ns
---------------------------------------------------------------------------------------------------


Max Delay Paths
--------------------------------------------------------------------------------------
Slack (VIOLATED) :        -0.688ns  (required time - arrival time)
  Source:                 bd_0_i/hls_inst/inst/stage_rgb2eq_U0/grp_stage_rgb2eq_Pipeline_VITIS_LOOP_99_2_fu_2424/trunc_ln99_reg_13363_reg[2]_rep__7/C
                            (rising edge-triggered cell FDRE clocked by ap_clk  {rise@0.000ns fall@2.000ns period=4.000ns})
  Destination:            bd_0_i/hls_inst/inst/stage_rgb2eq_U0/grp_stage_rgb2eq_Pipeline_VITIS_LOOP_99_2_fu_2424/cdf_48_fu_1758_reg[21]/D
                            (rising edge-triggered cell FDRE clocked by ap_clk  {rise@0.000ns fall@2.000ns period=4.000ns})
  Path Group:             ap_clk
  Path Type:              Setup (Max at Slow Process Corner)
  Requirement:            4.000ns  (ap_clk rise@4.000ns - ap_clk rise@0.000ns)
  Data Path Delay:        4.670ns  (logic 0.737ns (15.782%)  route 3.933ns (84.218%))
  Logic Levels:           7  (CARRY8=2 LUT6=3 MUXF7=1 MUXF8=1)
  Clock Path Skew:        -0.010ns (DCD - SCD + CPR)
    Destination Clock Delay (DCD):    0.025ns = ( 4.025 - 4.000 ) 
    Source Clock Delay      (SCD):    0.035ns
    Clock Pessimism Removal (CPR):    0.000ns
  Clock Uncertainty:      0.035ns  ((TSJ^2 + TIJ^2)^1/2 + DJ) / 2 + PE
    Total System Jitter     (TSJ):    0.071ns
    Total Input Jitter      (TIJ):    0.000ns
    Discrete Jitter          (DJ):    0.000ns
    Phase Error              (PE):    0.000ns

    Location             Delay type                Incr(ns)  Path(ns)    Netlist Resource(s)
  -------------------------------------------------------------------    -------------------
                         (clock ap_clk rise edge)     0.000     0.000 r  
                                                      0.000     0.000 r  ap_clk (IN)
                         net (fo=66156, unset)        0.035     0.035    bd_0_i/hls_inst/inst/stage_rgb2eq_U0/grp_stage_rgb2eq_Pipeline_VITIS_LOOP_99_2_fu_2424/ap_clk
    SLICE_X17Y88         FDRE                                         r  bd_0_i/hls_inst/inst/stage_rgb2eq_U0/grp_stage_rgb2eq_Pipeline_VITIS_LOOP_99_2_fu_2424/trunc_ln99_reg_13363_reg[2]_rep__7/C
  -------------------------------------------------------------------    -------------------
    SLICE_X17Y88         FDRE (Prop_AFF2_SLICEL_C_Q)
                                                      0.099     0.134 r  bd_0_i/hls_inst/inst/stage_rgb2eq_U0/grp_stage_rgb2eq_Pipeline_VITIS_LOOP_99_2_fu_2424/trunc_ln99_reg_13363_reg[2]_rep__7/Q
                         net (fo=66, routed)          0.994     1.128    bd_0_i/hls_inst/inst/stage_rgb2eq_U0/grp_stage_rgb2eq_Pipeline_VITIS_LOOP_99_2_fu_2424/trunc_ln99_reg_13363_reg[2]_rep__7_n_8
    SLICE_X17Y128        MUXF7 (Prop_F7MUX_AB_SLICEL_S_O)
                                                      0.086     1.214 r  bd_0_i/hls_inst/inst/stage_rgb2eq_U0/grp_stage_rgb2eq_Pipeline_VITIS_LOOP_99_2_fu_2424/cdf_2_fu_1574_reg[15]_i_414/O
                         net (fo=1, routed)           0.000     1.214    bd_0_i/hls_inst/inst/stage_rgb2eq_U0/grp_stage_rgb2eq_Pipeline_VITIS_LOOP_99_2_fu_2424/cdf_2_fu_1574_reg[15]_i_414_n_8
    SLICE_X17Y128        MUXF8 (Prop_F8MUX_BOT_SLICEL_I1_O)
                                                      0.027     1.241 r  bd_0_i/hls_inst/inst/stage_rgb2eq_U0/grp_stage_rgb2eq_Pipeline_VITIS_LOOP_99_2_fu_2424/cdf_2_fu_1574_reg[15]_i_162/O
                         net (fo=1, routed)           0.802     2.043    bd_0_i/hls_inst/inst/stage_rgb2eq_U0/grp_stage_rgb2eq_Pipeline_VITIS_LOOP_99_2_fu_2424/cdf_2_fu_1574_reg[15]_i_162_n_8
    SLICE_X17Y112        LUT6 (Prop_D6LUT_SLICEL_I0_O)
                                                      0.116     2.159 r  bd_0_i/hls_inst/inst/stage_rgb2eq_U0/grp_stage_rgb2eq_Pipeline_VITIS_LOOP_99_2_fu_2424/cdf_2_fu_1574[15]_i_47/O
                         net (fo=1, routed)           0.565     2.724    bd_0_i/hls_inst/inst/stage_rgb2eq_U0/grp_stage_rgb2eq_Pipeline_VITIS_LOOP_99_2_fu_2424/cdf_2_fu_1574[15]_i_47_n_8
    SLICE_X8Y111         LUT6 (Prop_A6LUT_SLICEL_I1_O)
                                                      0.064     2.788 r  bd_0_i/hls_inst/inst/stage_rgb2eq_U0/grp_stage_rgb2eq_Pipeline_VITIS_LOOP_99_2_fu_2424/cdf_2_fu_1574[15]_i_13/O
                         net (fo=1, routed)           0.110     2.898    bd_0_i/hls_inst/inst/stage_rgb2eq_U0/grp_stage_rgb2eq_Pipeline_VITIS_LOOP_99_2_fu_2424/cdf_2_fu_1574[15]_i_13_n_8
    SLICE_X8Y108         LUT6 (Prop_G6LUT_SLICEL_I1_O)
                                                      0.038     2.936 r  bd_0_i/hls_inst/inst/stage_rgb2eq_U0/grp_stage_rgb2eq_Pipeline_VITIS_LOOP_99_2_fu_2424/cdf_2_fu_1574[15]_i_3/O
                         net (fo=1, routed)           0.009     2.945    bd_0_i/hls_inst/inst/stage_rgb2eq_U0/grp_stage_rgb2eq_Pipeline_VITIS_LOOP_99_2_fu_2424/cdf_2_fu_1574[15]_i_3_n_8
    SLICE_X8Y108         CARRY8 (Prop_CARRY8_SLICEL_S[6]_CO[7])
                                                      0.148     3.093 r  bd_0_i/hls_inst/inst/stage_rgb2eq_U0/grp_stage_rgb2eq_Pipeline_VITIS_LOOP_99_2_fu_2424/cdf_2_fu_1574_reg[15]_i_1/CO[7]
                         net (fo=1, routed)           0.028     3.121    bd_0_i/hls_inst/inst/stage_rgb2eq_U0/grp_stage_rgb2eq_Pipeline_VITIS_LOOP_99_2_fu_2424/cdf_2_fu_1574_reg[15]_i_1_n_8
    SLICE_X8Y109         CARRY8 (Prop_CARRY8_SLICEL_CI_O[5])
                                                      0.159     3.280 r  bd_0_i/hls_inst/inst/stage_rgb2eq_U0/grp_stage_rgb2eq_Pipeline_VITIS_LOOP_99_2_fu_2424/cdf_2_fu_1574_reg[23]_i_1/O[5]
                         net (fo=255, routed)         1.425     4.705    bd_0_i/hls_inst/inst/stage_rgb2eq_U0/grp_stage_rgb2eq_Pipeline_VITIS_LOOP_99_2_fu_2424/cdf_255_fu_9264_p2[21]
    SLICE_X8Y158         FDRE                                         r  bd_0_i/hls_inst/inst/stage_rgb2eq_U0/grp_stage_rgb2eq_Pipeline_VITIS_LOOP_99_2_fu_2424/cdf_48_fu_1758_reg[21]/D
  -------------------------------------------------------------------    -------------------

                         (clock ap_clk rise edge)     4.000     4.000 r  
                                                      0.000     4.000 r  ap_clk (IN)
                         net (fo=66156, unset)        0.025     4.025    bd_0_i/hls_inst/inst/stage_rgb2eq_U0/grp_stage_rgb2eq_Pipeline_VITIS_LOOP_99_2_fu_2424/ap_clk
    SLICE_X8Y158         FDRE                                         r  bd_0_i/hls_inst/inst/stage_rgb2eq_U0/grp_stage_rgb2eq_Pipeline_VITIS_LOOP_99_2_fu_2424/cdf_48_fu_1758_reg[21]/C
                         clock pessimism              0.000     4.025    
                         clock uncertainty           -0.035     3.990    
    SLICE_X8Y158         FDRE (Setup_HFF_SLICEL_C_D)
                                                      0.027     4.017    bd_0_i/hls_inst/inst/stage_rgb2eq_U0/grp_stage_rgb2eq_Pipeline_VITIS_LOOP_99_2_fu_2424/cdf_48_fu_1758_reg[21]
  -------------------------------------------------------------------
                         required time                          4.017    
                         arrival time                          -4.705    
  -------------------------------------------------------------------
                         slack                                 -0.688    





Min Delay Paths
--------------------------------------------------------------------------------------
Slack (MET) :             0.023ns  (arrival time - required time)
  Source:                 <hidden>
                            (rising edge-triggered cell FDRE clocked by ap_clk  {rise@0.000ns fall@2.000ns period=4.000ns})
  Destination:            <hidden>
                            (rising edge-triggered cell FDRE clocked by ap_clk  {rise@0.000ns fall@2.000ns period=4.000ns})
  Path Group:             ap_clk
  Path Type:              Hold (Min at Fast Process Corner)
  Requirement:            0.000ns  (ap_clk rise@0.000ns - ap_clk rise@0.000ns)
  Data Path Delay:        0.076ns  (logic 0.039ns (51.531%)  route 0.037ns (48.469%))
  Logic Levels:           0  
  Clock Path Skew:        0.006ns (DCD - SCD - CPR)
    Destination Clock Delay (DCD):    0.019ns
    Source Clock Delay      (SCD):    0.013ns
    Clock Pessimism Removal (CPR):    -0.000ns

    Location             Delay type                Incr(ns)  Path(ns)    Netlist Resource(s)
  -------------------------------------------------------------------    -------------------
                         (clock ap_clk rise edge)     0.000     0.000 r  
                                                      0.000     0.000 r  ap_clk (IN)
                         net (fo=66156, unset)        0.013     0.013    <hidden>
    SLICE_X23Y148        FDRE                                         r  <hidden>
  -------------------------------------------------------------------    -------------------
    SLICE_X23Y148        FDRE (Prop_HFF_SLICEL_C_Q)
                                                      0.039     0.052 r  <hidden>
                         net (fo=2, routed)           0.037     0.089    <hidden>
    SLICE_X23Y148        FDRE                                         r  <hidden>
  -------------------------------------------------------------------    -------------------

                         (clock ap_clk rise edge)     0.000     0.000 r  
                                                      0.000     0.000 r  ap_clk (IN)
                         net (fo=66156, unset)        0.019     0.019    <hidden>
    SLICE_X23Y148        FDRE                                         r  <hidden>
                         clock pessimism              0.000     0.019    
    SLICE_X23Y148        FDRE (Hold_HFF2_SLICEL_C_D)
                                                      0.047     0.066    <hidden>
  -------------------------------------------------------------------
                         required time                         -0.066    
                         arrival time                           0.089    
  -------------------------------------------------------------------
                         slack                                  0.023    





Pulse Width Checks
--------------------------------------------------------------------------------------
Clock Name:         ap_clk
Waveform(ns):       { 0.000 2.000 }
Period(ns):         4.000
Sources:            { ap_clk }

Check Type        Corner  Lib Pin             Reference Pin  Required(ns)  Actual(ns)  Slack(ns)  Location      Pin
Min Period        n/a     RAMB36E2/CLKARDCLK  n/a            1.739         4.000       2.261      RAMB36_X5Y17  bd_0_i/hls_inst/inst/gmem0_m_axi_U/load_unit_0/buff_rdata/U_fifo_mem/mem_reg_bram_0/CLKARDCLK
Low Pulse Width   Slow    SRL16E/CLK          n/a            0.573         2.000       1.427      SLICE_X48Y83  bd_0_i/hls_inst/inst/bus_read/ost_ctrl_gen[0].fifo_burst/U_fifo_srl/mem_reg[14][0]_srl15/CLK
High Pulse Width  Slow    SRL16E/CLK          n/a            0.573         2.000       1.427      SLICE_X48Y83  bd_0_i/hls_inst/inst/bus_read/ost_ctrl_gen[0].fifo_burst/U_fifo_srl/mem_reg[14][0]_srl15/CLK



