Copyright 1986-2022 Xilinx, Inc. All Rights Reserved. Copyright 2022-2025 Advanced Micro Devices, Inc. All Rights Reserved.
---------------------------------------------------------------------------------------------------------------------------------------------
| Tool Version : Vivado v.2025.1.1 (lin64) Build 6233196 Thu Sep 11 21:27:11 MDT 2025
| Date         : Sat Feb  7 23:30:47 2026
| Host         : ece-linlabsrv01 running 64-bit Red Hat Enterprise Linux release 8.10 (Ootpa)
| Command      : report_control_sets -verbose -file bd_0_wrapper_control_sets_placed.rpt
| Design       : bd_0_wrapper
| Device       : xczu3eg
---------------------------------------------------------------------------------------------------------------------------------------------

Control Set Information

Table of Contents
-----------------
1. Summary
2. Histogram
3. Flip-Flop Distribution
4. Detailed Control Set Information

1. Summary
----------

+----------------------------------------------------------+-------+
|                          Status                          | Count |
+----------------------------------------------------------+-------+
| Total control sets                                       |   142 |
|    Minimum number of control sets                        |   142 |
|    Addition due to synthesis replication                 |     0 |
|    Addition due to physical synthesis replication        |     0 |
| Unused register locations in slices containing registers |   132 |
+----------------------------------------------------------+-------+
* Control sets can be merged at opt_design using control_set_merge or merge_equivalent_drivers
** Run report_qor_suggestions for automated merging and remapping suggestions


2. Histogram
------------

+--------------------+-------+
|       Fanout       | Count |
+--------------------+-------+
| Total control sets |   142 |
| >= 0 to < 4        |    15 |
| >= 4 to < 6        |    26 |
| >= 6 to < 8        |     5 |
| >= 8 to < 10       |    10 |
| >= 10 to < 12      |     2 |
| >= 12 to < 14      |     1 |
| >= 14 to < 16      |     0 |
| >= 16              |    83 |
+--------------------+-------+
* Control sets can be remapped at either synth_design or opt_design


3. Flip-Flop Distribution
-------------------------

+--------------+-----------------------+------------------------+-----------------+--------------+
| Clock Enable | Synchronous Set/Reset | Asynchronous Set/Reset | Total Registers | Total Slices |
+--------------+-----------------------+------------------------+-----------------+--------------+
| No           | No                    | No                     |            2350 |          313 |
| No           | No                    | Yes                    |               0 |            0 |
| No           | Yes                   | No                     |             150 |           65 |
| Yes          | No                    | No                     |            1679 |          301 |
| Yes          | No                    | Yes                    |               0 |            0 |
| Yes          | Yes                   | No                     |            1585 |          303 |
+--------------+-----------------------+------------------------+-----------------+--------------+


4. Detailed Control Set Information
-----------------------------------

+--------------+--------------------------------------------------------------------------------------------------------------------------------------------------------------------------------------------------------------------+--------------------------------------------------------------------------------------------------------------------------------------------------------------------------------------------------------------------+------------------+----------------+--------------+
| Clock Signal |                                                                                                    Enable Signal                                                                                                   |                                                                                                  Set/Reset Signal                                                                                                  | Slice Load Count | Bel Load Count | Bels / Slice |
+--------------+--------------------------------------------------------------------------------------------------------------------------------------------------------------------------------------------------------------------+--------------------------------------------------------------------------------------------------------------------------------------------------------------------------------------------------------------------+------------------+----------------+--------------+
|  ap_clk      | bd_0_i/hls_inst/inst/C_m_axi_U/bus_write/fifo_resp_gen[0].fifo_resp/U_fifo_srl/pop                                                                                                                                 | ap_rst_n                                                                                                                                                                                                           |                1 |              1 |         1.00 |
|  ap_clk      | bd_0_i/hls_inst/inst/A_m_axi_U/bus_read/rreq_burst_conv/burst_sequential/push                                                                                                                                      |                                                                                                                                                                                                                    |                1 |              1 |         1.00 |
|  ap_clk      | bd_0_i/hls_inst/inst/C_m_axi_U/store_unit_0/fifo_wrsp/push                                                                                                                                                         |                                                                                                                                                                                                                    |                1 |              1 |         1.00 |
|  ap_clk      | bd_0_i/hls_inst/inst/C_m_axi_U/store_unit_0/fifo_wrsp/U_fifo_srl/pop                                                                                                                                               | ap_rst_n                                                                                                                                                                                                           |                1 |              1 |         1.00 |
|  ap_clk      | bd_0_i/hls_inst/inst/A_m_axi_U/bus_read/rs_rdata/pop                                                                                                                                                               | ap_rst_n                                                                                                                                                                                                           |                1 |              1 |         1.00 |
|  ap_clk      | bd_0_i/hls_inst/inst/C_m_axi_U/bus_write/wreq_burst_conv/burst_sequential/push                                                                                                                                     |                                                                                                                                                                                                                    |                1 |              1 |         1.00 |
|  ap_clk      | bd_0_i/hls_inst/inst/control_s_axi_U/int_ier10_out                                                                                                                                                                 | ap_rst_n                                                                                                                                                                                                           |                1 |              2 |         2.00 |
|  ap_clk      | bd_0_i/hls_inst/inst/C_m_axi_U/store_unit_0/buff_wdata/ap_block_pp0_stage0_subdone                                                                                                                                 | ap_rst_n                                                                                                                                                                                                           |                1 |              2 |         2.00 |
|  ap_clk      | bd_0_i/hls_inst/inst/grp_top_kernel_Pipeline_VITIS_LOOP_192_1_fu_523/flow_control_loop_pipe_sequential_init_U/E[0]                                                                                                 |                                                                                                                                                                                                                    |                2 |              2 |         1.00 |
|  ap_clk      | bd_0_i/hls_inst/inst/C_m_axi_U/store_unit_0/fifo_wreq/raddr[1]_i_1__4_n_0                                                                                                                                          | ap_rst_n                                                                                                                                                                                                           |                1 |              2 |         2.00 |
|  ap_clk      | bd_0_i/hls_inst/inst/A_m_axi_U/load_unit_0/fifo_rreq/raddr[2]_i_1_n_0                                                                                                                                              | ap_rst_n                                                                                                                                                                                                           |                2 |              3 |         1.50 |
|  ap_clk      | bd_0_i/hls_inst/inst/C_m_axi_U/store_unit_0/user_resp/mOutPtr[2]_i_1__7_n_0                                                                                                                                        | ap_rst_n                                                                                                                                                                                                           |                1 |              3 |         3.00 |
|  ap_clk      | bd_0_i/hls_inst/inst/C_m_axi_U/store_unit_0/fifo_wrsp/U_fifo_srl/ap_CS_fsm_reg[21][0]                                                                                                                              | ap_rst_n                                                                                                                                                                                                           |                1 |              3 |         3.00 |
|  ap_clk      | bd_0_i/hls_inst/inst/C_m_axi_U/store_unit_0/fifo_wreq/mOutPtr[2]_i_1__4_n_0                                                                                                                                        | ap_rst_n                                                                                                                                                                                                           |                1 |              3 |         3.00 |
|  ap_clk      | bd_0_i/hls_inst/inst/C_m_axi_U/store_unit_0/fifo_wreq/num_data_cnt[2]_i_1__4_n_0                                                                                                                                   | ap_rst_n                                                                                                                                                                                                           |                1 |              3 |         3.00 |
|  ap_clk      | bd_0_i/hls_inst/inst/C_m_axi_U/bus_write/wreq_throttle/fifo_burst_gen[0].fifo_req/raddr[3]_i_1__4_n_0                                                                                                              | ap_rst_n                                                                                                                                                                                                           |                1 |              4 |         4.00 |
|  ap_clk      | bd_0_i/hls_inst/inst/control_s_axi_U/waddr                                                                                                                                                                         |                                                                                                                                                                                                                    |                1 |              4 |         4.00 |
|  ap_clk      | bd_0_i/hls_inst/inst/A_m_axi_U/load_unit_0/fifo_rreq/num_data_cnt[3]_i_1_n_0                                                                                                                                       | ap_rst_n                                                                                                                                                                                                           |                1 |              4 |         4.00 |
|  ap_clk      | bd_0_i/hls_inst/inst/C_m_axi_U/bus_write/wreq_throttle/rs_burst/load_p1                                                                                                                                            |                                                                                                                                                                                                                    |                1 |              4 |         4.00 |
|  ap_clk      | bd_0_i/hls_inst/inst/C_m_axi_U/store_unit_0/conservative_gen.local_BURST_WVALID_reg_0[0]                                                                                                                           |                                                                                                                                                                                                                    |                1 |              4 |         4.00 |
|  ap_clk      | bd_0_i/hls_inst/inst/C_m_axi_U/bus_write/fifo_resp_gen[0].fifo_resp/raddr[3]_i_1__5_n_0                                                                                                                            | ap_rst_n                                                                                                                                                                                                           |                1 |              4 |         4.00 |
|  ap_clk      | bd_0_i/hls_inst/inst/A_m_axi_U/load_unit_0/fifo_rreq/mOutPtr[3]_i_1_n_0                                                                                                                                            | ap_rst_n                                                                                                                                                                                                           |                1 |              4 |         4.00 |
|  ap_clk      | bd_0_i/hls_inst/inst/A_m_axi_U/bus_read/ost_ctrl_gen[0].fifo_burst/raddr[3]_i_1_n_0                                                                                                                                | ap_rst_n                                                                                                                                                                                                           |                1 |              4 |         4.00 |
|  ap_clk      | bd_0_i/hls_inst/inst/C_m_axi_U/store_unit_0/conservative_gen.fifo_burst/U_fifo_srl/dout_vld_reg                                                                                                                    | ap_rst_n                                                                                                                                                                                                           |                2 |              4 |         2.00 |
|  ap_clk      | bd_0_i/hls_inst/inst/C_m_axi_U/store_unit_0/conservative_gen.fifo_burst/U_fifo_srl/pop                                                                                                                             | ap_rst_n                                                                                                                                                                                                           |                2 |              4 |         2.00 |
|  ap_clk      | bd_0_i/hls_inst/inst/C_m_axi_U/store_unit_0/fifo_wrsp/U_fifo_srl/raddr_reg[0][0]                                                                                                                                   | ap_rst_n                                                                                                                                                                                                           |                1 |              4 |         4.00 |
|  ap_clk      | bd_0_i/hls_inst/inst/C_m_axi_U/store_unit_0/conservative_gen.fifo_burst/U_fifo_srl/push_0                                                                                                                          |                                                                                                                                                                                                                    |                1 |              4 |         4.00 |
|  ap_clk      | bd_0_i/hls_inst/inst/C_m_axi_U/store_unit_0/conservative_gen.fifo_burst/U_fifo_srl/raddr_reg[0][0]                                                                                                                 | ap_rst_n                                                                                                                                                                                                           |                2 |              4 |         2.00 |
|  ap_clk      | bd_0_i/hls_inst/inst/C_m_axi_U/store_unit_0/buff_wdata/raddr[4]_i_1__0_n_0                                                                                                                                         | ap_rst_n                                                                                                                                                                                                           |                3 |              5 |         1.67 |
|  ap_clk      | bd_0_i/hls_inst/inst/C_m_axi_U/store_unit_0/fifo_wrsp/U_fifo_srl/s_ready_t_reg[0]                                                                                                                                  | ap_rst_n                                                                                                                                                                                                           |                1 |              5 |         5.00 |
|  ap_clk      | bd_0_i/hls_inst/inst/C_m_axi_U/bus_write/wreq_throttle/fifo_burst_gen[0].fifo_req/mOutPtr[4]_i_1__4_n_0                                                                                                            | ap_rst_n                                                                                                                                                                                                           |                1 |              5 |         5.00 |
|  ap_clk      | bd_0_i/hls_inst/inst/C_m_axi_U/store_unit_0/fifo_wrsp/U_fifo_srl/E[0]                                                                                                                                              | ap_rst_n                                                                                                                                                                                                           |                1 |              5 |         5.00 |
|  ap_clk      | bd_0_i/hls_inst/inst/C_m_axi_U/bus_write/fifo_resp_gen[0].fifo_resp/mOutPtr[4]_i_1__5_n_0                                                                                                                          | ap_rst_n                                                                                                                                                                                                           |                2 |              5 |         2.50 |
|  ap_clk      | bd_0_i/hls_inst/inst/C_m_axi_U/bus_write/fifo_resp_gen[0].fifo_resp/num_data_cnt[4]_i_1__5_n_0                                                                                                                     | ap_rst_n                                                                                                                                                                                                           |                1 |              5 |         5.00 |
|  ap_clk      | bd_0_i/hls_inst/inst/A_m_axi_U/bus_read/ost_ctrl_gen[0].fifo_rctl/num_data_cnt                                                                                                                                     | ap_rst_n                                                                                                                                                                                                           |                2 |              5 |         2.50 |
|  ap_clk      | bd_0_i/hls_inst/inst/A_m_axi_U/bus_read/ost_ctrl_gen[0].fifo_rctl/mOutPtr                                                                                                                                          | ap_rst_n                                                                                                                                                                                                           |                2 |              5 |         2.50 |
|  ap_clk      | bd_0_i/hls_inst/inst/C_m_axi_U/bus_write/wreq_throttle/fifo_burst_gen[0].fifo_req/num_data_cnt[4]_i_1__4_n_0                                                                                                       | ap_rst_n                                                                                                                                                                                                           |                1 |              5 |         5.00 |
|  ap_clk      | bd_0_i/hls_inst/inst/C_m_axi_U/store_unit_0/conservative_gen.fifo_burst/U_fifo_srl/E[0]                                                                                                                            | ap_rst_n                                                                                                                                                                                                           |                1 |              5 |         5.00 |
|  ap_clk      | bd_0_i/hls_inst/inst/C_m_axi_U/store_unit_0/conservative_gen.fifo_burst/U_fifo_srl/full_n_reg[0]                                                                                                                   | ap_rst_n                                                                                                                                                                                                           |                2 |              5 |         2.50 |
|  ap_clk      | bd_0_i/hls_inst/inst/A_m_axi_U/bus_read/ost_ctrl_gen[0].fifo_burst/mOutPtr[4]_i_1_n_0                                                                                                                              | ap_rst_n                                                                                                                                                                                                           |                2 |              5 |         2.50 |
|  ap_clk      | bd_0_i/hls_inst/inst/A_m_axi_U/bus_read/ost_ctrl_gen[0].fifo_burst/num_data_cnt[4]_i_1_n_0                                                                                                                         | ap_rst_n                                                                                                                                                                                                           |                2 |              5 |         2.50 |
|  ap_clk      | bd_0_i/hls_inst/inst/C_m_axi_U/store_unit_0/buff_wdata/mOutPtr[5]_i_1_n_0                                                                                                                                          | ap_rst_n                                                                                                                                                                                                           |                3 |              6 |         2.00 |
|  ap_clk      | bd_0_i/hls_inst/inst/A_m_axi_U/load_unit_0/buff_rdata/j_1_fu_20010_out                                                                                                                                             | bd_0_i/hls_inst/inst/grp_top_kernel_Pipeline_VITIS_LOOP_205_3_fu_591/flow_control_loop_pipe_sequential_init_U/grp_top_kernel_Pipeline_VITIS_LOOP_205_3_fu_591_ap_start_reg_reg                                     |                3 |              6 |         2.00 |
|  ap_clk      | bd_0_i/hls_inst/inst/C_m_axi_U/store_unit_0/buff_wdata/num_data_cnt[5]_i_1_n_0                                                                                                                                     | ap_rst_n                                                                                                                                                                                                           |                2 |              6 |         3.00 |
|  ap_clk      | bd_0_i/hls_inst/inst/grp_top_kernel_Pipeline_VITIS_LOOP_215_4_fu_631/flow_control_loop_pipe_sequential_init_U/ap_CS_fsm_reg[0]                                                                                     |                                                                                                                                                                                                                    |                2 |              7 |         3.50 |
|  ap_clk      | bd_0_i/hls_inst/inst/grp_top_kernel_Pipeline_VITIS_LOOP_205_3_fu_591/flow_control_loop_pipe_sequential_init_U/dout_vld_reg[0]                                                                                      | bd_0_i/hls_inst/inst/grp_top_kernel_Pipeline_VITIS_LOOP_205_3_fu_591/flow_control_loop_pipe_sequential_init_U/SR[0]                                                                                                |                3 |              7 |         2.33 |
|  ap_clk      | bd_0_i/hls_inst/inst/C_m_axi_U/store_unit_0/buff_wdata/E[0]                                                                                                                                                        | ap_rst_n                                                                                                                                                                                                           |                1 |              8 |         8.00 |
|  ap_clk      | bd_0_i/hls_inst/inst/grp_top_kernel_Pipeline_VITIS_LOOP_224_5_VITIS_LOOP_225_6_fu_733/flow_control_loop_pipe_sequential_init_U/grp_top_kernel_Pipeline_VITIS_LOOP_224_5_VITIS_LOOP_225_6_fu_733_ap_start_reg_reg_1 | bd_0_i/hls_inst/inst/grp_top_kernel_Pipeline_VITIS_LOOP_224_5_VITIS_LOOP_225_6_fu_733/flow_control_loop_pipe_sequential_init_U/grp_top_kernel_Pipeline_VITIS_LOOP_224_5_VITIS_LOOP_225_6_fu_733_ap_start_reg_reg_2 |                3 |              8 |         2.67 |
|  ap_clk      | bd_0_i/hls_inst/inst/A_m_axi_U/load_unit_0/buff_rdata/U_fifo_mem/full_n_reg                                                                                                                                        | ap_rst_n                                                                                                                                                                                                           |                2 |              8 |         4.00 |
|  ap_clk      | bd_0_i/hls_inst/inst/A_m_axi_U/bus_read/rreq_burst_conv/burst_sequential/could_multi_bursts.last_loop                                                                                                              | ap_rst_n                                                                                                                                                                                                           |                3 |              8 |         2.67 |
|  ap_clk      | bd_0_i/hls_inst/inst/C_m_axi_U/bus_write/wreq_throttle/rs_req/dout_vld_reg                                                                                                                                         | bd_0_i/hls_inst/inst/C_m_axi_U/bus_write/wreq_throttle/rs_burst/ap_rst_n_0[0]                                                                                                                                      |                3 |              8 |         2.67 |
|  ap_clk      | bd_0_i/hls_inst/inst/A_m_axi_U/load_unit_0/buff_rdata/pop                                                                                                                                                          | ap_rst_n                                                                                                                                                                                                           |                4 |              8 |         2.00 |
|  ap_clk      | bd_0_i/hls_inst/inst/C_m_axi_U/bus_write/wreq_burst_conv/burst_sequential/could_multi_bursts.last_loop                                                                                                             | ap_rst_n                                                                                                                                                                                                           |                3 |              8 |         2.67 |
|  ap_clk      | bd_0_i/hls_inst/inst/A_m_axi_U/load_unit_0/buff_rdata/num_data_cnt[8]_i_1_n_0                                                                                                                                      | ap_rst_n                                                                                                                                                                                                           |                1 |              9 |         9.00 |
|  ap_clk      | bd_0_i/hls_inst/inst/A_m_axi_U/load_unit_0/buff_rdata/mOutPtr[8]_i_1_n_0                                                                                                                                           | ap_rst_n                                                                                                                                                                                                           |                2 |              9 |         4.50 |
|  ap_clk      | bd_0_i/hls_inst/inst/grp_top_kernel_Pipeline_VITIS_LOOP_205_3_fu_591/flow_control_loop_pipe_sequential_init_U/E[0]                                                                                                 | bd_0_i/hls_inst/inst/control_s_axi_U/SR[0]                                                                                                                                                                         |                2 |              9 |         4.50 |
|  ap_clk      | bd_0_i/hls_inst/inst/C_m_axi_U/bus_write/wreq_burst_conv/burst_sequential/rs_req/p_15_in                                                                                                                           | bd_0_i/hls_inst/inst/C_m_axi_U/bus_write/wreq_burst_conv/burst_sequential/sect_addr_buf[11]_i_1__0_n_0                                                                                                             |                2 |             10 |         5.00 |
|  ap_clk      | bd_0_i/hls_inst/inst/A_m_axi_U/bus_read/rreq_burst_conv/burst_sequential/rs_req/p_15_in                                                                                                                            | bd_0_i/hls_inst/inst/A_m_axi_U/bus_read/rreq_burst_conv/burst_sequential/sect_addr_buf[11]_i_1_n_0                                                                                                                 |                2 |             10 |         5.00 |
|  ap_clk      | bd_0_i/hls_inst/inst/C_m_axi_U/store_unit_0/buff_wdata/ap_block_pp0_stage0_subdone                                                                                                                                 | bd_0_i/hls_inst/inst/grp_top_kernel_Pipeline_VITIS_LOOP_224_5_VITIS_LOOP_225_6_fu_733/flow_control_loop_pipe_sequential_init_U/full_n_reg                                                                          |                7 |             13 |         1.86 |
|  ap_clk      | bd_0_i/hls_inst/inst/A_m_axi_U/load_unit_0/buff_rdata/j_1_fu_20010_out                                                                                                                                             | bd_0_i/hls_inst/inst/grp_top_kernel_Pipeline_VITIS_LOOP_205_3_fu_591/ap_predicate_pred898_state3_i_1_n_0                                                                                                           |                5 |             16 |         3.20 |
|  ap_clk      | bd_0_i/hls_inst/inst/A_m_axi_U/load_unit_0/buff_rdata/j_1_fu_20010_out                                                                                                                                             | bd_0_i/hls_inst/inst/grp_top_kernel_Pipeline_VITIS_LOOP_205_3_fu_591/ap_predicate_pred464_state3_i_1_n_0                                                                                                           |                6 |             16 |         2.67 |
|  ap_clk      | bd_0_i/hls_inst/inst/C_m_axi_U/store_unit_0/buff_wdata/ap_block_pp0_stage0_subdone                                                                                                                                 |                                                                                                                                                                                                                    |                5 |             18 |         3.60 |
|  ap_clk      | bd_0_i/hls_inst/inst/grp_top_kernel_Pipeline_VITIS_LOOP_215_4_fu_631/ap_CS_fsm_pp0_stage1                                                                                                                          | ap_rst_n                                                                                                                                                                                                           |                5 |             21 |         4.20 |
|  ap_clk      | bd_0_i/hls_inst/inst/grp_top_kernel_Pipeline_VITIS_LOOP_224_5_VITIS_LOOP_225_6_fu_733/flow_control_loop_pipe_sequential_init_U/E[0]                                                                                | bd_0_i/hls_inst/inst/grp_top_kernel_Pipeline_VITIS_LOOP_224_5_VITIS_LOOP_225_6_fu_733/flow_control_loop_pipe_sequential_init_U/SR[0]                                                                               |                6 |             22 |         3.67 |
|  ap_clk      |                                                                                                                                                                                                                    | bd_0_i/hls_inst/inst/grp_top_kernel_Pipeline_VITIS_LOOP_215_4_fu_631/sdiv_38ns_24s_38_42_1_U69/top_kernel_sdiv_38ns_24s_38_42_1_divider_u/p_2_out[0]                                                               |                3 |             23 |         7.67 |
|  ap_clk      | bd_0_i/hls_inst/inst/grp_top_kernel_Pipeline_VITIS_LOOP_205_3_fu_591/ap_block_pp0_stage0_subdone_grp0_done_reg_reg_3                                                                                               |                                                                                                                                                                                                                    |                6 |             24 |         4.00 |
|  ap_clk      | bd_0_i/hls_inst/inst/grp_top_kernel_Pipeline_VITIS_LOOP_205_3_fu_591/ap_block_pp0_stage0_subdone_grp0_done_reg_reg_15                                                                                              |                                                                                                                                                                                                                    |                6 |             24 |         4.00 |
|  ap_clk      | bd_0_i/hls_inst/inst/grp_top_kernel_Pipeline_VITIS_LOOP_205_3_fu_591/ap_block_pp0_stage0_subdone_grp0_done_reg_reg_16                                                                                              |                                                                                                                                                                                                                    |                6 |             24 |         4.00 |
|  ap_clk      | bd_0_i/hls_inst/inst/grp_top_kernel_Pipeline_VITIS_LOOP_205_3_fu_591/ap_block_pp0_stage0_subdone_grp0_done_reg_reg_17                                                                                              |                                                                                                                                                                                                                    |                6 |             24 |         4.00 |
|  ap_clk      | bd_0_i/hls_inst/inst/grp_top_kernel_Pipeline_VITIS_LOOP_205_3_fu_591/ap_block_pp0_stage0_subdone_grp0_done_reg_reg_18                                                                                              |                                                                                                                                                                                                                    |                6 |             24 |         4.00 |
|  ap_clk      | bd_0_i/hls_inst/inst/grp_top_kernel_Pipeline_VITIS_LOOP_205_3_fu_591/ap_block_pp0_stage0_subdone_grp0_done_reg_reg_19                                                                                              |                                                                                                                                                                                                                    |                6 |             24 |         4.00 |
|  ap_clk      | bd_0_i/hls_inst/inst/grp_top_kernel_Pipeline_VITIS_LOOP_205_3_fu_591/ap_block_pp0_stage0_subdone_grp0_done_reg_reg_25                                                                                              |                                                                                                                                                                                                                    |                6 |             24 |         4.00 |
|  ap_clk      | bd_0_i/hls_inst/inst/grp_top_kernel_Pipeline_VITIS_LOOP_205_3_fu_591/ap_block_pp0_stage0_subdone_grp0_done_reg_reg_14                                                                                              |                                                                                                                                                                                                                    |                6 |             24 |         4.00 |
|  ap_clk      | bd_0_i/hls_inst/inst/grp_top_kernel_Pipeline_VITIS_LOOP_205_3_fu_591/ap_block_pp0_stage0_subdone_grp0_done_reg_reg_13                                                                                              |                                                                                                                                                                                                                    |                6 |             24 |         4.00 |
|  ap_clk      | bd_0_i/hls_inst/inst/grp_top_kernel_Pipeline_VITIS_LOOP_205_3_fu_591/flow_control_loop_pipe_sequential_init_U/empty_fu_196                                                                                         | bd_0_i/hls_inst/inst/grp_top_kernel_Pipeline_VITIS_LOOP_205_3_fu_591/flow_control_loop_pipe_sequential_init_U/ap_block_pp0_stage0_subdone_grp0_done_reg_reg                                                        |                4 |             24 |         6.00 |
|  ap_clk      | bd_0_i/hls_inst/inst/grp_top_kernel_Pipeline_VITIS_LOOP_205_3_fu_591/ap_block_pp0_stage0_subdone_grp0_done_reg_reg_0                                                                                               |                                                                                                                                                                                                                    |                6 |             24 |         4.00 |
|  ap_clk      | bd_0_i/hls_inst/inst/grp_top_kernel_Pipeline_VITIS_LOOP_205_3_fu_591/ap_block_pp0_stage0_subdone_grp0_done_reg_reg_29                                                                                              |                                                                                                                                                                                                                    |                6 |             24 |         4.00 |
|  ap_clk      | bd_0_i/hls_inst/inst/grp_top_kernel_Pipeline_VITIS_LOOP_205_3_fu_591/ap_block_pp0_stage0_subdone_grp0_done_reg_reg_12                                                                                              |                                                                                                                                                                                                                    |                6 |             24 |         4.00 |
|  ap_clk      | bd_0_i/hls_inst/inst/grp_top_kernel_Pipeline_VITIS_LOOP_205_3_fu_591/ap_block_pp0_stage0_subdone_grp0_done_reg_reg_11                                                                                              |                                                                                                                                                                                                                    |                6 |             24 |         4.00 |
|  ap_clk      | bd_0_i/hls_inst/inst/grp_top_kernel_Pipeline_VITIS_LOOP_205_3_fu_591/ap_block_pp0_stage0_subdone_grp0_done_reg_reg_1                                                                                               |                                                                                                                                                                                                                    |                6 |             24 |         4.00 |
|  ap_clk      | bd_0_i/hls_inst/inst/grp_top_kernel_Pipeline_VITIS_LOOP_205_3_fu_591/ap_block_pp0_stage0_subdone_grp0_done_reg_reg_2                                                                                               |                                                                                                                                                                                                                    |                6 |             24 |         4.00 |
|  ap_clk      | bd_0_i/hls_inst/inst/grp_top_kernel_Pipeline_VITIS_LOOP_205_3_fu_591/ap_block_pp0_stage0_subdone_grp0_done_reg_reg_10                                                                                              |                                                                                                                                                                                                                    |                6 |             24 |         4.00 |
|  ap_clk      | bd_0_i/hls_inst/inst/grp_top_kernel_Pipeline_VITIS_LOOP_205_3_fu_591/ap_block_pp0_stage0_subdone_grp0_done_reg_reg_21                                                                                              |                                                                                                                                                                                                                    |                6 |             24 |         4.00 |
|  ap_clk      | bd_0_i/hls_inst/inst/grp_top_kernel_Pipeline_VITIS_LOOP_205_3_fu_591/ap_block_pp0_stage0_subdone_grp0_done_reg_reg_4                                                                                               |                                                                                                                                                                                                                    |                6 |             24 |         4.00 |
|  ap_clk      | bd_0_i/hls_inst/inst/grp_top_kernel_Pipeline_VITIS_LOOP_205_3_fu_591/ap_block_pp0_stage0_subdone_grp0_done_reg_reg_30                                                                                              |                                                                                                                                                                                                                    |                6 |             24 |         4.00 |
|  ap_clk      | bd_0_i/hls_inst/inst/grp_top_kernel_Pipeline_VITIS_LOOP_205_3_fu_591/ap_block_pp0_stage0_subdone_grp0_done_reg_reg_5                                                                                               |                                                                                                                                                                                                                    |                6 |             24 |         4.00 |
|  ap_clk      | bd_0_i/hls_inst/inst/grp_top_kernel_Pipeline_VITIS_LOOP_205_3_fu_591/ap_block_pp0_stage0_subdone_grp0_done_reg_reg_6                                                                                               |                                                                                                                                                                                                                    |                6 |             24 |         4.00 |
|  ap_clk      | bd_0_i/hls_inst/inst/grp_top_kernel_Pipeline_VITIS_LOOP_205_3_fu_591/ap_block_pp0_stage0_subdone_grp0_done_reg_reg_7                                                                                               |                                                                                                                                                                                                                    |                6 |             24 |         4.00 |
|  ap_clk      | bd_0_i/hls_inst/inst/grp_top_kernel_Pipeline_VITIS_LOOP_205_3_fu_591/ap_block_pp0_stage0_subdone_grp0_done_reg_reg_8                                                                                               |                                                                                                                                                                                                                    |                6 |             24 |         4.00 |
|  ap_clk      | bd_0_i/hls_inst/inst/grp_top_kernel_Pipeline_VITIS_LOOP_205_3_fu_591/ap_block_pp0_stage0_subdone_grp0_done_reg_reg_9                                                                                               |                                                                                                                                                                                                                    |                6 |             24 |         4.00 |
|  ap_clk      | bd_0_i/hls_inst/inst/grp_top_kernel_Pipeline_VITIS_LOOP_205_3_fu_591/p_0_in                                                                                                                                        |                                                                                                                                                                                                                    |                6 |             24 |         4.00 |
|  ap_clk      | bd_0_i/hls_inst/inst/grp_top_kernel_Pipeline_VITIS_LOOP_205_3_fu_591/ap_block_pp0_stage0_subdone_grp0_done_reg_reg_28                                                                                              |                                                                                                                                                                                                                    |                6 |             24 |         4.00 |
|  ap_clk      | bd_0_i/hls_inst/inst/ap_CS_fsm_state13                                                                                                                                                                             | bd_0_i/hls_inst/inst/grp_top_kernel_Pipeline_VITIS_LOOP_205_3_fu_591/denom_1_reg_983                                                                                                                               |                6 |             24 |         4.00 |
|  ap_clk      | bd_0_i/hls_inst/inst/grp_top_kernel_Pipeline_VITIS_LOOP_224_5_VITIS_LOOP_225_6_fu_733/mul_24s_17s_41_1_1_U173/full_n_reg                                                                                           | bd_0_i/hls_inst/inst/grp_top_kernel_Pipeline_VITIS_LOOP_224_5_VITIS_LOOP_225_6_fu_733/mul_24s_17s_41_1_1_U173/ap_clk_0                                                                                             |                3 |             24 |         8.00 |
|  ap_clk      | bd_0_i/hls_inst/inst/grp_top_kernel_Pipeline_VITIS_LOOP_205_3_fu_591/ap_block_pp0_stage0_subdone_grp0_done_reg_reg_27                                                                                              |                                                                                                                                                                                                                    |                6 |             24 |         4.00 |
|  ap_clk      | bd_0_i/hls_inst/inst/grp_top_kernel_Pipeline_VITIS_LOOP_205_3_fu_591/ap_block_pp0_stage0_subdone_grp0_done_reg_reg_26                                                                                              |                                                                                                                                                                                                                    |                6 |             24 |         4.00 |
|  ap_clk      | bd_0_i/hls_inst/inst/grp_top_kernel_Pipeline_VITIS_LOOP_205_3_fu_591/ap_block_pp0_stage0_subdone_grp0_done_reg_reg_24                                                                                              |                                                                                                                                                                                                                    |                6 |             24 |         4.00 |
|  ap_clk      | bd_0_i/hls_inst/inst/grp_top_kernel_Pipeline_VITIS_LOOP_205_3_fu_591/ap_block_pp0_stage0_subdone_grp0_done_reg_reg_23                                                                                              |                                                                                                                                                                                                                    |                6 |             24 |         4.00 |
|  ap_clk      | bd_0_i/hls_inst/inst/grp_top_kernel_Pipeline_VITIS_LOOP_205_3_fu_591/ap_block_pp0_stage0_subdone_grp0_done_reg_reg_22                                                                                              |                                                                                                                                                                                                                    |                6 |             24 |         4.00 |
|  ap_clk      | bd_0_i/hls_inst/inst/grp_top_kernel_Pipeline_VITIS_LOOP_205_3_fu_591/ap_block_pp0_stage0_subdone_grp0_done_reg_reg_20                                                                                              |                                                                                                                                                                                                                    |                6 |             24 |         4.00 |
|  ap_clk      | bd_0_i/hls_inst/inst/A_m_axi_U/load_unit_0/buff_rdata/j_1_fu_20010_out                                                                                                                                             |                                                                                                                                                                                                                    |                9 |             26 |         2.89 |
|  ap_clk      | bd_0_i/hls_inst/inst/C_m_axi_U/bus_write/wreq_throttle/rs_req/ap_rst_n_1                                                                                                                                           | bd_0_i/hls_inst/inst/C_m_axi_U/bus_write/wreq_throttle/rs_req/ap_rst_n_0                                                                                                                                           |                7 |             28 |         4.00 |
|  ap_clk      | bd_0_i/hls_inst/inst/C_m_axi_U/bus_write/wreq_throttle/rs_burst/pop                                                                                                                                                | ap_rst_n                                                                                                                                                                                                           |                7 |             28 |         4.00 |
|  ap_clk      | bd_0_i/hls_inst/inst/C_m_axi_U/store_unit_0/buff_wdata/U_fifo_srl/sel                                                                                                                                              |                                                                                                                                                                                                                    |                5 |             28 |         5.60 |
|  ap_clk      | bd_0_i/hls_inst/inst/control_s_axi_U/int_C_DRAM[63]_i_1_n_0                                                                                                                                                        | ap_rst_n                                                                                                                                                                                                           |               23 |             32 |         1.39 |
|  ap_clk      | bd_0_i/hls_inst/inst/control_s_axi_U/int_A_DRAM[63]_i_1_n_0                                                                                                                                                        | ap_rst_n                                                                                                                                                                                                           |               21 |             32 |         1.52 |
|  ap_clk      | bd_0_i/hls_inst/inst/control_s_axi_U/int_A_DRAM[31]_i_1_n_0                                                                                                                                                        | ap_rst_n                                                                                                                                                                                                           |               21 |             32 |         1.52 |
|  ap_clk      | bd_0_i/hls_inst/inst/control_s_axi_U/ar_hs                                                                                                                                                                         |                                                                                                                                                                                                                    |               23 |             32 |         1.39 |
|  ap_clk      | bd_0_i/hls_inst/inst/control_s_axi_U/int_C_DRAM[31]_i_1_n_0                                                                                                                                                        | ap_rst_n                                                                                                                                                                                                           |               23 |             32 |         1.39 |
|  ap_clk      | bd_0_i/hls_inst/inst/grp_top_kernel_Pipeline_VITIS_LOOP_215_4_fu_631/Q[0]                                                                                                                                          | bd_0_i/hls_inst/inst/grp_top_kernel_Pipeline_VITIS_LOOP_215_4_fu_631/ap_predicate_pred2229_state46_i_1_n_0                                                                                                         |               27 |             32 |         1.19 |
|  ap_clk      | bd_0_i/hls_inst/inst/grp_top_kernel_Pipeline_VITIS_LOOP_215_4_fu_631/Q[0]                                                                                                                                          | bd_0_i/hls_inst/inst/grp_top_kernel_Pipeline_VITIS_LOOP_215_4_fu_631/ap_predicate_pred2219_state46_i_1_n_0                                                                                                         |               27 |             32 |         1.19 |
|  ap_clk      | bd_0_i/hls_inst/inst/A_m_axi_U/bus_read/rs_rdata/load_p2                                                                                                                                                           |                                                                                                                                                                                                                    |                5 |             33 |         6.60 |
|  ap_clk      | bd_0_i/hls_inst/inst/A_m_axi_U/bus_read/rs_rdata/load_p1                                                                                                                                                           |                                                                                                                                                                                                                    |                5 |             33 |         6.60 |
|  ap_clk      | bd_0_i/hls_inst/inst/C_m_axi_U/bus_write/wreq_burst_conv/burst_sequential/rs_req/E[0]                                                                                                                              | ap_rst_n                                                                                                                                                                                                           |               20 |             53 |         2.65 |
|  ap_clk      | bd_0_i/hls_inst/inst/A_m_axi_U/bus_read/rreq_burst_conv/burst_sequential/rs_req/E[0]                                                                                                                               | ap_rst_n                                                                                                                                                                                                           |               17 |             53 |         3.12 |
|  ap_clk      | bd_0_i/hls_inst/inst/grp_top_kernel_Pipeline_VITIS_LOOP_215_4_fu_631/ap_CS_fsm_pp0_stage1                                                                                                                          |                                                                                                                                                                                                                    |               29 |             62 |         2.14 |
|  ap_clk      | bd_0_i/hls_inst/inst/C_m_axi_U/bus_write/wreq_throttle/fifo_burst_gen[0].fifo_req/U_fifo_srl/push                                                                                                                  |                                                                                                                                                                                                                    |                4 |             62 |        15.50 |
|  ap_clk      | bd_0_i/hls_inst/inst/C_m_axi_U/bus_write/wreq_throttle/rs_burst/pop_0                                                                                                                                              | ap_rst_n                                                                                                                                                                                                           |               12 |             62 |         5.17 |
|  ap_clk      | bd_0_i/hls_inst/inst/A_m_axi_U/load_unit_0/fifo_rreq/U_fifo_srl/push                                                                                                                                               |                                                                                                                                                                                                                    |                5 |             63 |        12.60 |
|  ap_clk      | bd_0_i/hls_inst/inst/A_m_axi_U/load_unit_0/fifo_rreq/U_fifo_srl/pop                                                                                                                                                | ap_rst_n                                                                                                                                                                                                           |               15 |             63 |         4.20 |
|  ap_clk      | bd_0_i/hls_inst/inst/C_m_axi_U/store_unit_0/fifo_wreq/U_fifo_srl/pop                                                                                                                                               | ap_rst_n                                                                                                                                                                                                           |               12 |             63 |         5.25 |
|  ap_clk      | bd_0_i/hls_inst/inst/C_m_axi_U/store_unit_0/fifo_wreq/U_fifo_srl/push_0                                                                                                                                            |                                                                                                                                                                                                                    |                5 |             63 |        12.60 |
|  ap_clk      | bd_0_i/hls_inst/inst/C_m_axi_U/store_unit_0/E[0]                                                                                                                                                                   |                                                                                                                                                                                                                    |               14 |             64 |         4.57 |
|  ap_clk      | bd_0_i/hls_inst/inst/A_m_axi_U/load_unit_0/fifo_rreq/E[0]                                                                                                                                                          | ap_rst_n                                                                                                                                                                                                           |               19 |             64 |         3.37 |
|  ap_clk      | bd_0_i/hls_inst/inst/A_m_axi_U/bus_read/rreq_burst_conv/burst_sequential/rs_req/load_p1                                                                                                                            |                                                                                                                                                                                                                    |               13 |             64 |         4.92 |
|  ap_clk      | bd_0_i/hls_inst/inst/C_m_axi_U/bus_write/wreq_burst_conv/burst_sequential/rs_req/load_p1                                                                                                                           |                                                                                                                                                                                                                    |               14 |             64 |         4.57 |
|  ap_clk      | bd_0_i/hls_inst/inst/C_m_axi_U/store_unit_0/fifo_wreq/next_wreq                                                                                                                                                    | ap_rst_n                                                                                                                                                                                                           |               17 |             64 |         3.76 |
|  ap_clk      | bd_0_i/hls_inst/inst/A_m_axi_U/load_unit_0/E[0]                                                                                                                                                                    |                                                                                                                                                                                                                    |               13 |             64 |         4.92 |
|  ap_clk      | bd_0_i/hls_inst/inst/C_m_axi_U/bus_write/wreq_throttle/rs_burst/E[0]                                                                                                                                               |                                                                                                                                                                                                                    |               11 |             66 |         6.00 |
|  ap_clk      | bd_0_i/hls_inst/inst/C_m_axi_U/bus_write/wreq_throttle/rs_req/load_p1                                                                                                                                              |                                                                                                                                                                                                                    |               11 |             66 |         6.00 |
|  ap_clk      | bd_0_i/hls_inst/inst/ap_CS_fsm_state11                                                                                                                                                                             |                                                                                                                                                                                                                    |               20 |             70 |         3.50 |
|  ap_clk      | bd_0_i/hls_inst/inst/C_m_axi_U/bus_write/wreq_burst_conv/burst_sequential/E[0]                                                                                                                                     | ap_rst_n                                                                                                                                                                                                           |                9 |             71 |         7.89 |
|  ap_clk      | bd_0_i/hls_inst/inst/A_m_axi_U/bus_read/rreq_burst_conv/burst_sequential/E[0]                                                                                                                                      | ap_rst_n                                                                                                                                                                                                           |               10 |             71 |         7.10 |
|  ap_clk      | bd_0_i/hls_inst/inst/C_m_axi_U/bus_write/wreq_burst_conv/burst_sequential/rs_req/p_15_in                                                                                                                           | ap_rst_n                                                                                                                                                                                                           |               18 |             77 |         4.28 |
|  ap_clk      | bd_0_i/hls_inst/inst/A_m_axi_U/bus_read/rreq_burst_conv/burst_sequential/rs_req/p_15_in                                                                                                                            | ap_rst_n                                                                                                                                                                                                           |               19 |             77 |         4.05 |
|  ap_clk      | bd_0_i/hls_inst/inst/A_m_axi_U/bus_read/rreq_burst_conv/burst_sequential/rs_req/state_reg[0]_2[0]                                                                                                                  | ap_rst_n                                                                                                                                                                                                           |               25 |            103 |         4.12 |
|  ap_clk      | bd_0_i/hls_inst/inst/C_m_axi_U/bus_write/wreq_burst_conv/burst_sequential/rs_req/state_reg[0]_2[0]                                                                                                                 | ap_rst_n                                                                                                                                                                                                           |               28 |            103 |         3.68 |
|  ap_clk      | bd_0_i/hls_inst/inst/grp_top_kernel_Pipeline_VITIS_LOOP_215_4_fu_631/Q[0]                                                                                                                                          |                                                                                                                                                                                                                    |               36 |            112 |         3.11 |
|  ap_clk      | bd_0_i/hls_inst/inst/ap_CS_fsm_state2                                                                                                                                                                              |                                                                                                                                                                                                                    |               44 |            124 |         2.82 |
|  ap_clk      |                                                                                                                                                                                                                    | ap_rst_n                                                                                                                                                                                                           |               62 |            127 |         2.05 |
|  ap_clk      | bd_0_i/hls_inst/inst/grp_top_kernel_Pipeline_VITIS_LOOP_205_3_fu_591/row_buffer_ce0                                                                                                                                |                                                                                                                                                                                                                    |              142 |            768 |         5.41 |
|  ap_clk      |                                                                                                                                                                                                                    |                                                                                                                                                                                                                    |              321 |           2414 |         7.52 |
+--------------+--------------------------------------------------------------------------------------------------------------------------------------------------------------------------------------------------------------------+--------------------------------------------------------------------------------------------------------------------------------------------------------------------------------------------------------------------+------------------+----------------+--------------+


