Copyright 1986-2022 Xilinx, Inc. All Rights Reserved. Copyright 2022-2025 Advanced Micro Devices, Inc. All Rights Reserved.
---------------------------------------------------------------------------------------------------------------------------------------------
| Tool Version : Vivado v.2025.1.1 (lin64) Build 6233196 Thu Sep 11 21:27:11 MDT 2025
| Date         : Fri Apr  3 21:09:41 2026
| Host         : ece-linlabsrv01 running 64-bit Red Hat Enterprise Linux release 8.10 (Ootpa)
| Command      : report_drc -file bd_0_wrapper_drc_routed.rpt -pb bd_0_wrapper_drc_routed.pb -rpx bd_0_wrapper_drc_routed.rpx
| Design       : bd_0_wrapper
| Device       : xczu3eg-sbva484-1-e
| Speed File   : -1
| Design State : Fully Routed
---------------------------------------------------------------------------------------------------------------------------------------------

Report DRC

Table of Contents
-----------------
1. REPORT SUMMARY
2. REPORT DETAILS

1. REPORT SUMMARY
-----------------
            Netlist: netlist
          Floorplan: checkpoint_bd_0_wrapper
      Design limits: <entire design considered>
           Ruledeck: default
             Max checks: <unlimited>
             Checks found: 114
+-----------+----------+---------------------------------------------------------------------+--------+
| Rule      | Severity | Description                                                         | Checks |
+-----------+----------+---------------------------------------------------------------------+--------+
| DPIP-2    | Warning  | Input pipelining                                                    | 46     |
| DPOP-3    | Warning  | PREG Output pipelining                                              | 26     |
| DPOP-4    | Warning  | MREG Output pipelining                                              | 9      |
| RTSTAT-10 | Warning  | No routable loads                                                   | 1      |
| AVAL-155  | Advisory | enum_AMULTSEL_BMULTSEL_enum_DREG_ADREG_0_connects_CED_CEAD_RSTD_GND | 19     |
| AVAL-156  | Advisory | enum_USE_MULT_NONE__enum_DREG_ADREG_0_connects_CED_CEAD_RSTD_GND    | 13     |
+-----------+----------+---------------------------------------------------------------------+--------+

2. REPORT DETAILS
-----------------
DPIP-2#1 Warning
Input pipelining  
DSP bd_0_i/hls_inst/inst/dexp_64ns_64ns_64_15_full_dsp_1_U10/top_kernel_dexp_64ns_64ns_64_15_full_dsp_1_ip_u/U0/i_synth/EXP_OP.i_sp_or_dp.OP/g_Fr_other.i_calculate_Fr/dsp_extra_fabric_adder.mult_with_add_low/use_prim.appDSP[0].bppDSP[0].use_dsp.use_dsp48e2.iDSP48E2 input bd_0_i/hls_inst/inst/dexp_64ns_64ns_64_15_full_dsp_1_U10/top_kernel_dexp_64ns_64ns_64_15_full_dsp_1_ip_u/U0/i_synth/EXP_OP.i_sp_or_dp.OP/g_Fr_other.i_calculate_Fr/dsp_extra_fabric_adder.mult_with_add_low/use_prim.appDSP[0].bppDSP[0].use_dsp.use_dsp48e2.iDSP48E2/A[29:0] is not pipelined. Pipelining DSP48 input will improve performance.
Related violations: <none>

DPIP-2#2 Warning
Input pipelining  
DSP bd_0_i/hls_inst/inst/dexp_64ns_64ns_64_15_full_dsp_1_U10/top_kernel_dexp_64ns_64ns_64_15_full_dsp_1_ip_u/U0/i_synth/EXP_OP.i_sp_or_dp.OP/g_Fr_other.i_calculate_Fr/dsp_extra_fabric_adder.mult_with_add_low/use_prim.appDSP[0].bppDSP[0].use_dsp.use_dsp48e2.iDSP48E2 input bd_0_i/hls_inst/inst/dexp_64ns_64ns_64_15_full_dsp_1_U10/top_kernel_dexp_64ns_64ns_64_15_full_dsp_1_ip_u/U0/i_synth/EXP_OP.i_sp_or_dp.OP/g_Fr_other.i_calculate_Fr/dsp_extra_fabric_adder.mult_with_add_low/use_prim.appDSP[0].bppDSP[0].use_dsp.use_dsp48e2.iDSP48E2/B[17:0] is not pipelined. Pipelining DSP48 input will improve performance.
Related violations: <none>

DPIP-2#3 Warning
Input pipelining  
DSP bd_0_i/hls_inst/inst/dexp_64ns_64ns_64_15_full_dsp_1_U10/top_kernel_dexp_64ns_64ns_64_15_full_dsp_1_ip_u/U0/i_synth/EXP_OP.i_sp_or_dp.OP/g_Fr_other.i_calculate_Fr/dsp_extra_fabric_adder.mult_with_add_low/use_prim.appDSP[0].bppDSP[1].use_dsp.use_dsp48e2.iDSP48E2 input bd_0_i/hls_inst/inst/dexp_64ns_64ns_64_15_full_dsp_1_U10/top_kernel_dexp_64ns_64ns_64_15_full_dsp_1_ip_u/U0/i_synth/EXP_OP.i_sp_or_dp.OP/g_Fr_other.i_calculate_Fr/dsp_extra_fabric_adder.mult_with_add_low/use_prim.appDSP[0].bppDSP[1].use_dsp.use_dsp48e2.iDSP48E2/B[17:0] is not pipelined. Pipelining DSP48 input will improve performance.
Related violations: <none>

DPIP-2#4 Warning
Input pipelining  
DSP bd_0_i/hls_inst/inst/dexp_64ns_64ns_64_15_full_dsp_1_U10/top_kernel_dexp_64ns_64ns_64_15_full_dsp_1_ip_u/U0/i_synth/EXP_OP.i_sp_or_dp.OP/g_Fr_other.i_calculate_Fr/dsp_extra_fabric_adder.mult_with_add_low/use_prim.appDSP[1].bppDSP[0].use_dsp.use_dsp48e2.iDSP48E2 input bd_0_i/hls_inst/inst/dexp_64ns_64ns_64_15_full_dsp_1_U10/top_kernel_dexp_64ns_64ns_64_15_full_dsp_1_ip_u/U0/i_synth/EXP_OP.i_sp_or_dp.OP/g_Fr_other.i_calculate_Fr/dsp_extra_fabric_adder.mult_with_add_low/use_prim.appDSP[1].bppDSP[0].use_dsp.use_dsp48e2.iDSP48E2/A[29:0] is not pipelined. Pipelining DSP48 input will improve performance.
Related violations: <none>

DPIP-2#5 Warning
Input pipelining  
DSP bd_0_i/hls_inst/inst/dexp_64ns_64ns_64_15_full_dsp_1_U10/top_kernel_dexp_64ns_64ns_64_15_full_dsp_1_ip_u/U0/i_synth/EXP_OP.i_sp_or_dp.OP/g_Fr_other.i_calculate_Fr/dsp_extra_fabric_adder.mult_with_add_low/use_prim.appDSP[1].bppDSP[0].use_dsp.use_dsp48e2.iDSP48E2 input bd_0_i/hls_inst/inst/dexp_64ns_64ns_64_15_full_dsp_1_U10/top_kernel_dexp_64ns_64ns_64_15_full_dsp_1_ip_u/U0/i_synth/EXP_OP.i_sp_or_dp.OP/g_Fr_other.i_calculate_Fr/dsp_extra_fabric_adder.mult_with_add_low/use_prim.appDSP[1].bppDSP[0].use_dsp.use_dsp48e2.iDSP48E2/B[17:0] is not pipelined. Pipelining DSP48 input will improve performance.
Related violations: <none>

DPIP-2#6 Warning
Input pipelining  
DSP bd_0_i/hls_inst/inst/dexp_64ns_64ns_64_15_full_dsp_1_U10/top_kernel_dexp_64ns_64ns_64_15_full_dsp_1_ip_u/U0/i_synth/EXP_OP.i_sp_or_dp.OP/g_Fr_other.i_calculate_e2zm1/dsp.one.dsp48e1_add/i_no_versal_es1_workaround.DSP input bd_0_i/hls_inst/inst/dexp_64ns_64ns_64_15_full_dsp_1_U10/top_kernel_dexp_64ns_64ns_64_15_full_dsp_1_ip_u/U0/i_synth/EXP_OP.i_sp_or_dp.OP/g_Fr_other.i_calculate_e2zm1/dsp.one.dsp48e1_add/i_no_versal_es1_workaround.DSP/A[29:0] is not pipelined. Pipelining DSP48 input will improve performance.
Related violations: <none>

DPIP-2#7 Warning
Input pipelining  
DSP bd_0_i/hls_inst/inst/dexp_64ns_64ns_64_15_full_dsp_1_U10/top_kernel_dexp_64ns_64ns_64_15_full_dsp_1_ip_u/U0/i_synth/EXP_OP.i_sp_or_dp.OP/g_Fr_other.i_calculate_e2zm1/dsp.one.dsp48e1_add/i_no_versal_es1_workaround.DSP input bd_0_i/hls_inst/inst/dexp_64ns_64ns_64_15_full_dsp_1_U10/top_kernel_dexp_64ns_64ns_64_15_full_dsp_1_ip_u/U0/i_synth/EXP_OP.i_sp_or_dp.OP/g_Fr_other.i_calculate_e2zm1/dsp.one.dsp48e1_add/i_no_versal_es1_workaround.DSP/B[17:0] is not pipelined. Pipelining DSP48 input will improve performance.
Related violations: <none>

DPIP-2#8 Warning
Input pipelining  
DSP bd_0_i/hls_inst/inst/dexp_64ns_64ns_64_15_full_dsp_1_U10/top_kernel_dexp_64ns_64ns_64_15_full_dsp_1_ip_u/U0/i_synth/EXP_OP.i_sp_or_dp.OP/g_Fr_other.i_calculate_e2zm1/dsp.one.dsp48e1_add/i_no_versal_es1_workaround.DSP input bd_0_i/hls_inst/inst/dexp_64ns_64ns_64_15_full_dsp_1_U10/top_kernel_dexp_64ns_64ns_64_15_full_dsp_1_ip_u/U0/i_synth/EXP_OP.i_sp_or_dp.OP/g_Fr_other.i_calculate_e2zm1/dsp.one.dsp48e1_add/i_no_versal_es1_workaround.DSP/C[47:0] is not pipelined. Pipelining DSP48 input will improve performance.
Related violations: <none>

DPIP-2#9 Warning
Input pipelining  
DSP bd_0_i/hls_inst/inst/dexp_64ns_64ns_64_15_full_dsp_1_U10/top_kernel_dexp_64ns_64ns_64_15_full_dsp_1_ip_u/U0/i_synth/EXP_OP.i_sp_or_dp.OP/i_calculate_e2zmzm1/g_dp.i_polyomial/g_struct.multadd_1.madd/dsp_extra_fabric_adder.mult_with_add_low/use_prim.appDSP[0].bppDSP[0].use_dsp.use_dsp48e2.iDSP48E2 input bd_0_i/hls_inst/inst/dexp_64ns_64ns_64_15_full_dsp_1_U10/top_kernel_dexp_64ns_64ns_64_15_full_dsp_1_ip_u/U0/i_synth/EXP_OP.i_sp_or_dp.OP/i_calculate_e2zmzm1/g_dp.i_polyomial/g_struct.multadd_1.madd/dsp_extra_fabric_adder.mult_with_add_low/use_prim.appDSP[0].bppDSP[0].use_dsp.use_dsp48e2.iDSP48E2/C[47:0] is not pipelined. Pipelining DSP48 input will improve performance.
Related violations: <none>

DPIP-2#10 Warning
Input pipelining  
DSP bd_0_i/hls_inst/inst/dexp_64ns_64ns_64_15_full_dsp_1_U10/top_kernel_dexp_64ns_64ns_64_15_full_dsp_1_ip_u/U0/i_synth/EXP_OP.i_sp_or_dp.OP/i_calculate_e2zmzm1/g_dp.i_polyomial/g_struct.multadd_2.madd/dsp_extra_fabric_adder.mult_with_add_low/use_prim.appDSP[0].bppDSP[0].use_dsp.use_dsp48e2.iDSP48E2 input bd_0_i/hls_inst/inst/dexp_64ns_64ns_64_15_full_dsp_1_U10/top_kernel_dexp_64ns_64ns_64_15_full_dsp_1_ip_u/U0/i_synth/EXP_OP.i_sp_or_dp.OP/i_calculate_e2zmzm1/g_dp.i_polyomial/g_struct.multadd_2.madd/dsp_extra_fabric_adder.mult_with_add_low/use_prim.appDSP[0].bppDSP[0].use_dsp.use_dsp48e2.iDSP48E2/A[29:0] is not pipelined. Pipelining DSP48 input will improve performance.
Related violations: <none>

DPIP-2#11 Warning
Input pipelining  
DSP bd_0_i/hls_inst/inst/dexp_64ns_64ns_64_15_full_dsp_1_U10/top_kernel_dexp_64ns_64ns_64_15_full_dsp_1_ip_u/U0/i_synth/EXP_OP.i_sp_or_dp.OP/i_calculate_e2zmzm1/g_dp.i_polyomial/g_struct.multadd_2.madd/dsp_extra_fabric_adder.mult_with_add_low/use_prim.appDSP[0].bppDSP[0].use_dsp.use_dsp48e2.iDSP48E2 input bd_0_i/hls_inst/inst/dexp_64ns_64ns_64_15_full_dsp_1_U10/top_kernel_dexp_64ns_64ns_64_15_full_dsp_1_ip_u/U0/i_synth/EXP_OP.i_sp_or_dp.OP/i_calculate_e2zmzm1/g_dp.i_polyomial/g_struct.multadd_2.madd/dsp_extra_fabric_adder.mult_with_add_low/use_prim.appDSP[0].bppDSP[0].use_dsp.use_dsp48e2.iDSP48E2/B[17:0] is not pipelined. Pipelining DSP48 input will improve performance.
Related violations: <none>

DPIP-2#12 Warning
Input pipelining  
DSP bd_0_i/hls_inst/inst/dexp_64ns_64ns_64_15_full_dsp_1_U10/top_kernel_dexp_64ns_64ns_64_15_full_dsp_1_ip_u/U0/i_synth/EXP_OP.i_sp_or_dp.OP/i_calculate_e2zmzm1/g_dp.i_polyomial/g_struct.multadd_2.madd/dsp_extra_fabric_adder.mult_with_add_low/use_prim.appDSP[0].bppDSP[0].use_dsp.use_dsp48e2.iDSP48E2 input bd_0_i/hls_inst/inst/dexp_64ns_64ns_64_15_full_dsp_1_U10/top_kernel_dexp_64ns_64ns_64_15_full_dsp_1_ip_u/U0/i_synth/EXP_OP.i_sp_or_dp.OP/i_calculate_e2zmzm1/g_dp.i_polyomial/g_struct.multadd_2.madd/dsp_extra_fabric_adder.mult_with_add_low/use_prim.appDSP[0].bppDSP[0].use_dsp.use_dsp48e2.iDSP48E2/C[47:0] is not pipelined. Pipelining DSP48 input will improve performance.
Related violations: <none>

DPIP-2#13 Warning
Input pipelining  
DSP bd_0_i/hls_inst/inst/dexp_64ns_64ns_64_15_full_dsp_1_U10/top_kernel_dexp_64ns_64ns_64_15_full_dsp_1_ip_u/U0/i_synth/EXP_OP.i_sp_or_dp.OP/i_calculate_e2zmzm1/g_dp.i_polyomial/g_struct.multadd_2.madd/dsp_extra_fabric_adder.mult_with_add_low/use_prim.appDSP[0].bppDSP[1].use_dsp.use_dsp48e2.iDSP48E2 input bd_0_i/hls_inst/inst/dexp_64ns_64ns_64_15_full_dsp_1_U10/top_kernel_dexp_64ns_64ns_64_15_full_dsp_1_ip_u/U0/i_synth/EXP_OP.i_sp_or_dp.OP/i_calculate_e2zmzm1/g_dp.i_polyomial/g_struct.multadd_2.madd/dsp_extra_fabric_adder.mult_with_add_low/use_prim.appDSP[0].bppDSP[1].use_dsp.use_dsp48e2.iDSP48E2/B[17:0] is not pipelined. Pipelining DSP48 input will improve performance.
Related violations: <none>

DPIP-2#14 Warning
Input pipelining  
DSP bd_0_i/hls_inst/inst/dexp_64ns_64ns_64_15_full_dsp_1_U10/top_kernel_dexp_64ns_64ns_64_15_full_dsp_1_ip_u/U0/i_synth/EXP_OP.i_sp_or_dp.OP/i_calculate_e2zmzm1/g_dp.i_polyomial/g_struct.multadd_2.madd/dsp_extra_fabric_adder.mult_with_add_low/use_prim.appDSP[1].bppDSP[0].use_dsp.use_dsp48e2.iDSP48E2 input bd_0_i/hls_inst/inst/dexp_64ns_64ns_64_15_full_dsp_1_U10/top_kernel_dexp_64ns_64ns_64_15_full_dsp_1_ip_u/U0/i_synth/EXP_OP.i_sp_or_dp.OP/i_calculate_e2zmzm1/g_dp.i_polyomial/g_struct.multadd_2.madd/dsp_extra_fabric_adder.mult_with_add_low/use_prim.appDSP[1].bppDSP[0].use_dsp.use_dsp48e2.iDSP48E2/A[29:0] is not pipelined. Pipelining DSP48 input will improve performance.
Related violations: <none>

DPIP-2#15 Warning
Input pipelining  
DSP bd_0_i/hls_inst/inst/dexp_64ns_64ns_64_15_full_dsp_1_U10/top_kernel_dexp_64ns_64ns_64_15_full_dsp_1_ip_u/U0/i_synth/EXP_OP.i_sp_or_dp.OP/i_calculate_e2zmzm1/g_dp.i_polyomial/g_struct.multadd_2.madd/dsp_extra_fabric_adder.mult_with_add_low/use_prim.appDSP[1].bppDSP[0].use_dsp.use_dsp48e2.iDSP48E2 input bd_0_i/hls_inst/inst/dexp_64ns_64ns_64_15_full_dsp_1_U10/top_kernel_dexp_64ns_64ns_64_15_full_dsp_1_ip_u/U0/i_synth/EXP_OP.i_sp_or_dp.OP/i_calculate_e2zmzm1/g_dp.i_polyomial/g_struct.multadd_2.madd/dsp_extra_fabric_adder.mult_with_add_low/use_prim.appDSP[1].bppDSP[0].use_dsp.use_dsp48e2.iDSP48E2/B[17:0] is not pipelined. Pipelining DSP48 input will improve performance.
Related violations: <none>

DPIP-2#16 Warning
Input pipelining  
DSP bd_0_i/hls_inst/inst/dexp_64ns_64ns_64_15_full_dsp_1_U10/top_kernel_dexp_64ns_64ns_64_15_full_dsp_1_ip_u/U0/i_synth/EXP_OP.i_sp_or_dp.OP/i_ccm_ln2/g_tables[0].i_addsub/dsp.two.dsp48e1_add_hi/i_no_versal_es1_workaround.DSP input bd_0_i/hls_inst/inst/dexp_64ns_64ns_64_15_full_dsp_1_U10/top_kernel_dexp_64ns_64ns_64_15_full_dsp_1_ip_u/U0/i_synth/EXP_OP.i_sp_or_dp.OP/i_ccm_ln2/g_tables[0].i_addsub/dsp.two.dsp48e1_add_hi/i_no_versal_es1_workaround.DSP/B[17:0] is not pipelined. Pipelining DSP48 input will improve performance.
Related violations: <none>

DPIP-2#17 Warning
Input pipelining  
DSP bd_0_i/hls_inst/inst/dexp_64ns_64ns_64_15_full_dsp_1_U10/top_kernel_dexp_64ns_64ns_64_15_full_dsp_1_ip_u/U0/i_synth/EXP_OP.i_sp_or_dp.OP/i_ccm_ln2/g_tables[0].i_addsub/dsp.two.dsp48e1_add_lo/i_no_versal_es1_workaround.DSP input bd_0_i/hls_inst/inst/dexp_64ns_64ns_64_15_full_dsp_1_U10/top_kernel_dexp_64ns_64ns_64_15_full_dsp_1_ip_u/U0/i_synth/EXP_OP.i_sp_or_dp.OP/i_ccm_ln2/g_tables[0].i_addsub/dsp.two.dsp48e1_add_lo/i_no_versal_es1_workaround.DSP/A[29:0] is not pipelined. Pipelining DSP48 input will improve performance.
Related violations: <none>

DPIP-2#18 Warning
Input pipelining  
DSP bd_0_i/hls_inst/inst/dexp_64ns_64ns_64_15_full_dsp_1_U10/top_kernel_dexp_64ns_64ns_64_15_full_dsp_1_ip_u/U0/i_synth/EXP_OP.i_sp_or_dp.OP/i_ccm_ln2/g_tables[0].i_addsub/dsp.two.dsp48e1_add_lo/i_no_versal_es1_workaround.DSP input bd_0_i/hls_inst/inst/dexp_64ns_64ns_64_15_full_dsp_1_U10/top_kernel_dexp_64ns_64ns_64_15_full_dsp_1_ip_u/U0/i_synth/EXP_OP.i_sp_or_dp.OP/i_ccm_ln2/g_tables[0].i_addsub/dsp.two.dsp48e1_add_lo/i_no_versal_es1_workaround.DSP/B[17:0] is not pipelined. Pipelining DSP48 input will improve performance.
Related violations: <none>

DPIP-2#19 Warning
Input pipelining  
DSP bd_0_i/hls_inst/inst/dexp_64ns_64ns_64_15_full_dsp_1_U10/top_kernel_dexp_64ns_64ns_64_15_full_dsp_1_ip_u/U0/i_synth/EXP_OP.i_sp_or_dp.OP/i_ccm_ln2/g_tables[1].i_addsub/dsp.two.dsp48e1_add_hi/i_no_versal_es1_workaround.DSP input bd_0_i/hls_inst/inst/dexp_64ns_64ns_64_15_full_dsp_1_U10/top_kernel_dexp_64ns_64ns_64_15_full_dsp_1_ip_u/U0/i_synth/EXP_OP.i_sp_or_dp.OP/i_ccm_ln2/g_tables[1].i_addsub/dsp.two.dsp48e1_add_hi/i_no_versal_es1_workaround.DSP/A[29:0] is not pipelined. Pipelining DSP48 input will improve performance.
Related violations: <none>

DPIP-2#20 Warning
Input pipelining  
DSP bd_0_i/hls_inst/inst/dexp_64ns_64ns_64_15_full_dsp_1_U10/top_kernel_dexp_64ns_64ns_64_15_full_dsp_1_ip_u/U0/i_synth/EXP_OP.i_sp_or_dp.OP/i_ccm_ln2/g_tables[1].i_addsub/dsp.two.dsp48e1_add_hi/i_no_versal_es1_workaround.DSP input bd_0_i/hls_inst/inst/dexp_64ns_64ns_64_15_full_dsp_1_U10/top_kernel_dexp_64ns_64ns_64_15_full_dsp_1_ip_u/U0/i_synth/EXP_OP.i_sp_or_dp.OP/i_ccm_ln2/g_tables[1].i_addsub/dsp.two.dsp48e1_add_hi/i_no_versal_es1_workaround.DSP/B[17:0] is not pipelined. Pipelining DSP48 input will improve performance.
Related violations: <none>

DPIP-2#21 Warning
Input pipelining  
DSP bd_0_i/hls_inst/inst/dexp_64ns_64ns_64_15_full_dsp_1_U10/top_kernel_dexp_64ns_64ns_64_15_full_dsp_1_ip_u/U0/i_synth/EXP_OP.i_sp_or_dp.OP/i_ccm_ln2/g_tables[1].i_addsub/dsp.two.dsp48e1_add_hi/i_no_versal_es1_workaround.DSP input bd_0_i/hls_inst/inst/dexp_64ns_64ns_64_15_full_dsp_1_U10/top_kernel_dexp_64ns_64ns_64_15_full_dsp_1_ip_u/U0/i_synth/EXP_OP.i_sp_or_dp.OP/i_ccm_ln2/g_tables[1].i_addsub/dsp.two.dsp48e1_add_hi/i_no_versal_es1_workaround.DSP/C[47:0] is not pipelined. Pipelining DSP48 input will improve performance.
Related violations: <none>

DPIP-2#22 Warning
Input pipelining  
DSP bd_0_i/hls_inst/inst/dexp_64ns_64ns_64_15_full_dsp_1_U10/top_kernel_dexp_64ns_64ns_64_15_full_dsp_1_ip_u/U0/i_synth/EXP_OP.i_sp_or_dp.OP/i_ccm_ln2/g_tables[1].i_addsub/dsp.two.dsp48e1_add_lo/i_no_versal_es1_workaround.DSP input bd_0_i/hls_inst/inst/dexp_64ns_64ns_64_15_full_dsp_1_U10/top_kernel_dexp_64ns_64ns_64_15_full_dsp_1_ip_u/U0/i_synth/EXP_OP.i_sp_or_dp.OP/i_ccm_ln2/g_tables[1].i_addsub/dsp.two.dsp48e1_add_lo/i_no_versal_es1_workaround.DSP/A[29:0] is not pipelined. Pipelining DSP48 input will improve performance.
Related violations: <none>

DPIP-2#23 Warning
Input pipelining  
DSP bd_0_i/hls_inst/inst/dexp_64ns_64ns_64_15_full_dsp_1_U10/top_kernel_dexp_64ns_64ns_64_15_full_dsp_1_ip_u/U0/i_synth/EXP_OP.i_sp_or_dp.OP/i_ccm_ln2/g_tables[1].i_addsub/dsp.two.dsp48e1_add_lo/i_no_versal_es1_workaround.DSP input bd_0_i/hls_inst/inst/dexp_64ns_64ns_64_15_full_dsp_1_U10/top_kernel_dexp_64ns_64ns_64_15_full_dsp_1_ip_u/U0/i_synth/EXP_OP.i_sp_or_dp.OP/i_ccm_ln2/g_tables[1].i_addsub/dsp.two.dsp48e1_add_lo/i_no_versal_es1_workaround.DSP/B[17:0] is not pipelined. Pipelining DSP48 input will improve performance.
Related violations: <none>

DPIP-2#24 Warning
Input pipelining  
DSP bd_0_i/hls_inst/inst/dexp_64ns_64ns_64_15_full_dsp_1_U10/top_kernel_dexp_64ns_64ns_64_15_full_dsp_1_ip_u/U0/i_synth/EXP_OP.i_sp_or_dp.OP/i_ccm_ln2/g_tables[1].i_addsub/dsp.two.dsp48e1_add_lo/i_no_versal_es1_workaround.DSP input bd_0_i/hls_inst/inst/dexp_64ns_64ns_64_15_full_dsp_1_U10/top_kernel_dexp_64ns_64ns_64_15_full_dsp_1_ip_u/U0/i_synth/EXP_OP.i_sp_or_dp.OP/i_ccm_ln2/g_tables[1].i_addsub/dsp.two.dsp48e1_add_lo/i_no_versal_es1_workaround.DSP/C[47:0] is not pipelined. Pipelining DSP48 input will improve performance.
Related violations: <none>

DPIP-2#25 Warning
Input pipelining  
DSP bd_0_i/hls_inst/inst/dexp_64ns_64ns_64_15_full_dsp_1_U10/top_kernel_dexp_64ns_64ns_64_15_full_dsp_1_ip_u/U0/i_synth/EXP_OP.i_sp_or_dp.OP/i_ccm_recip_ln2/g_tables[0].i_addsub/dsp.one.dsp48e1_add/i_no_versal_es1_workaround.DSP input bd_0_i/hls_inst/inst/dexp_64ns_64ns_64_15_full_dsp_1_U10/top_kernel_dexp_64ns_64ns_64_15_full_dsp_1_ip_u/U0/i_synth/EXP_OP.i_sp_or_dp.OP/i_ccm_recip_ln2/g_tables[0].i_addsub/dsp.one.dsp48e1_add/i_no_versal_es1_workaround.DSP/B[17:0] is not pipelined. Pipelining DSP48 input will improve performance.
Related violations: <none>

DPIP-2#26 Warning
Input pipelining  
DSP bd_0_i/hls_inst/inst/dexp_64ns_64ns_64_15_full_dsp_1_U10/top_kernel_dexp_64ns_64ns_64_15_full_dsp_1_ip_u/U0/i_synth/EXP_OP.i_sp_or_dp.OP/i_ccm_recip_ln2/g_tables[2].i_addsub/dsp.one.dsp48e1_add/i_no_versal_es1_workaround.DSP input bd_0_i/hls_inst/inst/dexp_64ns_64ns_64_15_full_dsp_1_U10/top_kernel_dexp_64ns_64ns_64_15_full_dsp_1_ip_u/U0/i_synth/EXP_OP.i_sp_or_dp.OP/i_ccm_recip_ln2/g_tables[2].i_addsub/dsp.one.dsp48e1_add/i_no_versal_es1_workaround.DSP/A[29:0] is not pipelined. Pipelining DSP48 input will improve performance.
Related violations: <none>

DPIP-2#27 Warning
Input pipelining  
DSP bd_0_i/hls_inst/inst/dexp_64ns_64ns_64_15_full_dsp_1_U10/top_kernel_dexp_64ns_64ns_64_15_full_dsp_1_ip_u/U0/i_synth/EXP_OP.i_sp_or_dp.OP/i_ccm_recip_ln2/g_tables[2].i_addsub/dsp.one.dsp48e1_add/i_no_versal_es1_workaround.DSP input bd_0_i/hls_inst/inst/dexp_64ns_64ns_64_15_full_dsp_1_U10/top_kernel_dexp_64ns_64ns_64_15_full_dsp_1_ip_u/U0/i_synth/EXP_OP.i_sp_or_dp.OP/i_ccm_recip_ln2/g_tables[2].i_addsub/dsp.one.dsp48e1_add/i_no_versal_es1_workaround.DSP/B[17:0] is not pipelined. Pipelining DSP48 input will improve performance.
Related violations: <none>

DPIP-2#28 Warning
Input pipelining  
DSP bd_0_i/hls_inst/inst/dexp_64ns_64ns_64_15_full_dsp_1_U10/top_kernel_dexp_64ns_64ns_64_15_full_dsp_1_ip_u/U0/i_synth/EXP_OP.i_sp_or_dp.OP/i_ccm_recip_ln2/g_tables[2].i_addsub/dsp.one.dsp48e1_add/i_no_versal_es1_workaround.DSP input bd_0_i/hls_inst/inst/dexp_64ns_64ns_64_15_full_dsp_1_U10/top_kernel_dexp_64ns_64ns_64_15_full_dsp_1_ip_u/U0/i_synth/EXP_OP.i_sp_or_dp.OP/i_ccm_recip_ln2/g_tables[2].i_addsub/dsp.one.dsp48e1_add/i_no_versal_es1_workaround.DSP/C[47:0] is not pipelined. Pipelining DSP48 input will improve performance.
Related violations: <none>

DPIP-2#29 Warning
Input pipelining  
DSP bd_0_i/hls_inst/inst/dexp_64ns_64ns_64_15_full_dsp_1_U10/top_kernel_dexp_64ns_64ns_64_15_full_dsp_1_ip_u/U0/i_synth/EXP_OP.i_sp_or_dp.OP/i_renorm_and_round/DSP48_E1.DSP48E1_ADD.DSP48E1_ADD/i_no_versal_es1_workaround.DSP input bd_0_i/hls_inst/inst/dexp_64ns_64ns_64_15_full_dsp_1_U10/top_kernel_dexp_64ns_64ns_64_15_full_dsp_1_ip_u/U0/i_synth/EXP_OP.i_sp_or_dp.OP/i_renorm_and_round/DSP48_E1.DSP48E1_ADD.DSP48E1_ADD/i_no_versal_es1_workaround.DSP/B[17:0] is not pipelined. Pipelining DSP48 input will improve performance.
Related violations: <none>

DPIP-2#30 Warning
Input pipelining  
DSP bd_0_i/hls_inst/inst/dexp_64ns_64ns_64_15_full_dsp_1_U10/top_kernel_dexp_64ns_64ns_64_15_full_dsp_1_ip_u/U0/i_synth/EXP_OP.i_sp_or_dp.OP/i_renorm_and_round/DSP48_E1.DSP48E1_ADD.DSP48E1_ADD/i_no_versal_es1_workaround.DSP input bd_0_i/hls_inst/inst/dexp_64ns_64ns_64_15_full_dsp_1_U10/top_kernel_dexp_64ns_64ns_64_15_full_dsp_1_ip_u/U0/i_synth/EXP_OP.i_sp_or_dp.OP/i_renorm_and_round/DSP48_E1.DSP48E1_ADD.DSP48E1_ADD/i_no_versal_es1_workaround.DSP/C[47:0] is not pipelined. Pipelining DSP48 input will improve performance.
Related violations: <none>

DPIP-2#31 Warning
Input pipelining  
DSP bd_0_i/hls_inst/inst/fadd_32ns_32ns_32_5_full_dsp_1_U2/top_kernel_fadd_32ns_32ns_32_5_full_dsp_1_ip_u/U0/i_synth/ADDSUB_OP.ADDSUB/DSP.OP/DSP48E1_BODY.ALIGN_ADD/DSP2/i_no_versal_es1_workaround.DSP input bd_0_i/hls_inst/inst/fadd_32ns_32ns_32_5_full_dsp_1_U2/top_kernel_fadd_32ns_32ns_32_5_full_dsp_1_ip_u/U0/i_synth/ADDSUB_OP.ADDSUB/DSP.OP/DSP48E1_BODY.ALIGN_ADD/DSP2/i_no_versal_es1_workaround.DSP/A[29:0] is not pipelined. Pipelining DSP48 input will improve performance.
Related violations: <none>

DPIP-2#32 Warning
Input pipelining  
DSP bd_0_i/hls_inst/inst/fadd_32ns_32ns_32_5_full_dsp_1_U2/top_kernel_fadd_32ns_32ns_32_5_full_dsp_1_ip_u/U0/i_synth/ADDSUB_OP.ADDSUB/DSP.OP/DSP48E1_BODY.ALIGN_ADD/DSP2/i_no_versal_es1_workaround.DSP input bd_0_i/hls_inst/inst/fadd_32ns_32ns_32_5_full_dsp_1_U2/top_kernel_fadd_32ns_32ns_32_5_full_dsp_1_ip_u/U0/i_synth/ADDSUB_OP.ADDSUB/DSP.OP/DSP48E1_BODY.ALIGN_ADD/DSP2/i_no_versal_es1_workaround.DSP/B[17:0] is not pipelined. Pipelining DSP48 input will improve performance.
Related violations: <none>

DPIP-2#33 Warning
Input pipelining  
DSP bd_0_i/hls_inst/inst/fadd_32ns_32ns_32_5_full_dsp_1_U2/top_kernel_fadd_32ns_32ns_32_5_full_dsp_1_ip_u/U0/i_synth/ADDSUB_OP.ADDSUB/DSP.OP/DSP48E1_BODY.ALIGN_ADD/DSP2/i_no_versal_es1_workaround.DSP input bd_0_i/hls_inst/inst/fadd_32ns_32ns_32_5_full_dsp_1_U2/top_kernel_fadd_32ns_32ns_32_5_full_dsp_1_ip_u/U0/i_synth/ADDSUB_OP.ADDSUB/DSP.OP/DSP48E1_BODY.ALIGN_ADD/DSP2/i_no_versal_es1_workaround.DSP/C[47:0] is not pipelined. Pipelining DSP48 input will improve performance.
Related violations: <none>

DPIP-2#34 Warning
Input pipelining  
DSP bd_0_i/hls_inst/inst/fadd_32ns_32ns_32_5_full_dsp_1_U2/top_kernel_fadd_32ns_32ns_32_5_full_dsp_1_ip_u/U0/i_synth/ADDSUB_OP.ADDSUB/DSP.OP/DSP48E1_BODY.NORM_RND/FULL_USAGE_DSP.SHIFT_RND/i_no_versal_es1_workaround.DSP input bd_0_i/hls_inst/inst/fadd_32ns_32ns_32_5_full_dsp_1_U2/top_kernel_fadd_32ns_32ns_32_5_full_dsp_1_ip_u/U0/i_synth/ADDSUB_OP.ADDSUB/DSP.OP/DSP48E1_BODY.NORM_RND/FULL_USAGE_DSP.SHIFT_RND/i_no_versal_es1_workaround.DSP/C[47:0] is not pipelined. Pipelining DSP48 input will improve performance.
Related violations: <none>

DPIP-2#35 Warning
Input pipelining  
DSP bd_0_i/hls_inst/inst/faddfsub_32ns_32ns_32_5_full_dsp_1_U1/top_kernel_faddfsub_32ns_32ns_32_5_full_dsp_1_ip_u/U0/i_synth/ADDSUB_OP.ADDSUB/DSP.OP/DSP48E1_BODY.ALIGN_ADD/DSP2/i_no_versal_es1_workaround.DSP input bd_0_i/hls_inst/inst/faddfsub_32ns_32ns_32_5_full_dsp_1_U1/top_kernel_faddfsub_32ns_32ns_32_5_full_dsp_1_ip_u/U0/i_synth/ADDSUB_OP.ADDSUB/DSP.OP/DSP48E1_BODY.ALIGN_ADD/DSP2/i_no_versal_es1_workaround.DSP/A[29:0] is not pipelined. Pipelining DSP48 input will improve performance.
Related violations: <none>

DPIP-2#36 Warning
Input pipelining  
DSP bd_0_i/hls_inst/inst/faddfsub_32ns_32ns_32_5_full_dsp_1_U1/top_kernel_faddfsub_32ns_32ns_32_5_full_dsp_1_ip_u/U0/i_synth/ADDSUB_OP.ADDSUB/DSP.OP/DSP48E1_BODY.ALIGN_ADD/DSP2/i_no_versal_es1_workaround.DSP input bd_0_i/hls_inst/inst/faddfsub_32ns_32ns_32_5_full_dsp_1_U1/top_kernel_faddfsub_32ns_32ns_32_5_full_dsp_1_ip_u/U0/i_synth/ADDSUB_OP.ADDSUB/DSP.OP/DSP48E1_BODY.ALIGN_ADD/DSP2/i_no_versal_es1_workaround.DSP/B[17:0] is not pipelined. Pipelining DSP48 input will improve performance.
Related violations: <none>

DPIP-2#37 Warning
Input pipelining  
DSP bd_0_i/hls_inst/inst/faddfsub_32ns_32ns_32_5_full_dsp_1_U1/top_kernel_faddfsub_32ns_32ns_32_5_full_dsp_1_ip_u/U0/i_synth/ADDSUB_OP.ADDSUB/DSP.OP/DSP48E1_BODY.ALIGN_ADD/DSP2/i_no_versal_es1_workaround.DSP input bd_0_i/hls_inst/inst/faddfsub_32ns_32ns_32_5_full_dsp_1_U1/top_kernel_faddfsub_32ns_32ns_32_5_full_dsp_1_ip_u/U0/i_synth/ADDSUB_OP.ADDSUB/DSP.OP/DSP48E1_BODY.ALIGN_ADD/DSP2/i_no_versal_es1_workaround.DSP/C[47:0] is not pipelined. Pipelining DSP48 input will improve performance.
Related violations: <none>

DPIP-2#38 Warning
Input pipelining  
DSP bd_0_i/hls_inst/inst/faddfsub_32ns_32ns_32_5_full_dsp_1_U1/top_kernel_faddfsub_32ns_32ns_32_5_full_dsp_1_ip_u/U0/i_synth/ADDSUB_OP.ADDSUB/DSP.OP/DSP48E1_BODY.NORM_RND/FULL_USAGE_DSP.SHIFT_RND/i_no_versal_es1_workaround.DSP input bd_0_i/hls_inst/inst/faddfsub_32ns_32ns_32_5_full_dsp_1_U1/top_kernel_faddfsub_32ns_32ns_32_5_full_dsp_1_ip_u/U0/i_synth/ADDSUB_OP.ADDSUB/DSP.OP/DSP48E1_BODY.NORM_RND/FULL_USAGE_DSP.SHIFT_RND/i_no_versal_es1_workaround.DSP/C[47:0] is not pipelined. Pipelining DSP48 input will improve performance.
Related violations: <none>

DPIP-2#39 Warning
Input pipelining  
DSP bd_0_i/hls_inst/inst/fmul_32ns_32ns_32_4_max_dsp_1_U3/top_kernel_fmul_32ns_32ns_32_4_max_dsp_1_ip_u/U0/i_synth/MULT.OP/i_non_prim.MULT/DSP48E1_SPD_SGL_VARIANT.FIX_MULT/DSP1/i_no_versal_es1_workaround.DSP input bd_0_i/hls_inst/inst/fmul_32ns_32ns_32_4_max_dsp_1_U3/top_kernel_fmul_32ns_32ns_32_4_max_dsp_1_ip_u/U0/i_synth/MULT.OP/i_non_prim.MULT/DSP48E1_SPD_SGL_VARIANT.FIX_MULT/DSP1/i_no_versal_es1_workaround.DSP/A[29:0] is not pipelined. Pipelining DSP48 input will improve performance.
Related violations: <none>

DPIP-2#40 Warning
Input pipelining  
DSP bd_0_i/hls_inst/inst/fmul_32ns_32ns_32_4_max_dsp_1_U3/top_kernel_fmul_32ns_32ns_32_4_max_dsp_1_ip_u/U0/i_synth/MULT.OP/i_non_prim.MULT/DSP48E1_SPD_SGL_VARIANT.FIX_MULT/DSP1/i_no_versal_es1_workaround.DSP input bd_0_i/hls_inst/inst/fmul_32ns_32ns_32_4_max_dsp_1_U3/top_kernel_fmul_32ns_32ns_32_4_max_dsp_1_ip_u/U0/i_synth/MULT.OP/i_non_prim.MULT/DSP48E1_SPD_SGL_VARIANT.FIX_MULT/DSP1/i_no_versal_es1_workaround.DSP/B[17:0] is not pipelined. Pipelining DSP48 input will improve performance.
Related violations: <none>

DPIP-2#41 Warning
Input pipelining  
DSP bd_0_i/hls_inst/inst/fmul_32ns_32ns_32_4_max_dsp_1_U3/top_kernel_fmul_32ns_32ns_32_4_max_dsp_1_ip_u/U0/i_synth/MULT.OP/i_non_prim.MULT/DSP48E1_SPD_SGL_VARIANT.FIX_MULT/DSP2/i_no_versal_es1_workaround.DSP input bd_0_i/hls_inst/inst/fmul_32ns_32ns_32_4_max_dsp_1_U3/top_kernel_fmul_32ns_32ns_32_4_max_dsp_1_ip_u/U0/i_synth/MULT.OP/i_non_prim.MULT/DSP48E1_SPD_SGL_VARIANT.FIX_MULT/DSP2/i_no_versal_es1_workaround.DSP/B[17:0] is not pipelined. Pipelining DSP48 input will improve performance.
Related violations: <none>

DPIP-2#42 Warning
Input pipelining  
DSP bd_0_i/hls_inst/inst/fmul_32ns_32ns_32_4_max_dsp_1_U3/top_kernel_fmul_32ns_32ns_32_4_max_dsp_1_ip_u/U0/i_synth/MULT.OP/i_non_prim.R_AND_R/LAT_OPT.FULL.R_AND_R/DSP48E1_SGL_EXP_IP.OLD_ADD.ADD/i_no_versal_es1_workaround.DSP input bd_0_i/hls_inst/inst/fmul_32ns_32ns_32_4_max_dsp_1_U3/top_kernel_fmul_32ns_32ns_32_4_max_dsp_1_ip_u/U0/i_synth/MULT.OP/i_non_prim.R_AND_R/LAT_OPT.FULL.R_AND_R/DSP48E1_SGL_EXP_IP.OLD_ADD.ADD/i_no_versal_es1_workaround.DSP/C[47:0] is not pipelined. Pipelining DSP48 input will improve performance.
Related violations: <none>

DPIP-2#43 Warning
Input pipelining  
DSP bd_0_i/hls_inst/inst/fmul_32ns_32ns_32_4_max_dsp_1_U4/top_kernel_fmul_32ns_32ns_32_4_max_dsp_1_ip_u/U0/i_synth/MULT.OP/i_non_prim.MULT/DSP48E1_SPD_SGL_VARIANT.FIX_MULT/DSP1/i_no_versal_es1_workaround.DSP input bd_0_i/hls_inst/inst/fmul_32ns_32ns_32_4_max_dsp_1_U4/top_kernel_fmul_32ns_32ns_32_4_max_dsp_1_ip_u/U0/i_synth/MULT.OP/i_non_prim.MULT/DSP48E1_SPD_SGL_VARIANT.FIX_MULT/DSP1/i_no_versal_es1_workaround.DSP/A[29:0] is not pipelined. Pipelining DSP48 input will improve performance.
Related violations: <none>

DPIP-2#44 Warning
Input pipelining  
DSP bd_0_i/hls_inst/inst/fmul_32ns_32ns_32_4_max_dsp_1_U4/top_kernel_fmul_32ns_32ns_32_4_max_dsp_1_ip_u/U0/i_synth/MULT.OP/i_non_prim.MULT/DSP48E1_SPD_SGL_VARIANT.FIX_MULT/DSP1/i_no_versal_es1_workaround.DSP input bd_0_i/hls_inst/inst/fmul_32ns_32ns_32_4_max_dsp_1_U4/top_kernel_fmul_32ns_32ns_32_4_max_dsp_1_ip_u/U0/i_synth/MULT.OP/i_non_prim.MULT/DSP48E1_SPD_SGL_VARIANT.FIX_MULT/DSP1/i_no_versal_es1_workaround.DSP/B[17:0] is not pipelined. Pipelining DSP48 input will improve performance.
Related violations: <none>

DPIP-2#45 Warning
Input pipelining  
DSP bd_0_i/hls_inst/inst/fmul_32ns_32ns_32_4_max_dsp_1_U4/top_kernel_fmul_32ns_32ns_32_4_max_dsp_1_ip_u/U0/i_synth/MULT.OP/i_non_prim.MULT/DSP48E1_SPD_SGL_VARIANT.FIX_MULT/DSP2/i_no_versal_es1_workaround.DSP input bd_0_i/hls_inst/inst/fmul_32ns_32ns_32_4_max_dsp_1_U4/top_kernel_fmul_32ns_32ns_32_4_max_dsp_1_ip_u/U0/i_synth/MULT.OP/i_non_prim.MULT/DSP48E1_SPD_SGL_VARIANT.FIX_MULT/DSP2/i_no_versal_es1_workaround.DSP/B[17:0] is not pipelined. Pipelining DSP48 input will improve performance.
Related violations: <none>

DPIP-2#46 Warning
Input pipelining  
DSP bd_0_i/hls_inst/inst/fmul_32ns_32ns_32_4_max_dsp_1_U4/top_kernel_fmul_32ns_32ns_32_4_max_dsp_1_ip_u/U0/i_synth/MULT.OP/i_non_prim.R_AND_R/LAT_OPT.FULL.R_AND_R/DSP48E1_SGL_EXP_IP.OLD_ADD.ADD/i_no_versal_es1_workaround.DSP input bd_0_i/hls_inst/inst/fmul_32ns_32ns_32_4_max_dsp_1_U4/top_kernel_fmul_32ns_32ns_32_4_max_dsp_1_ip_u/U0/i_synth/MULT.OP/i_non_prim.R_AND_R/LAT_OPT.FULL.R_AND_R/DSP48E1_SGL_EXP_IP.OLD_ADD.ADD/i_no_versal_es1_workaround.DSP/C[47:0] is not pipelined. Pipelining DSP48 input will improve performance.
Related violations: <none>

DPOP-3#1 Warning
PREG Output pipelining  
DSP bd_0_i/hls_inst/inst/dexp_64ns_64ns_64_15_full_dsp_1_U10/top_kernel_dexp_64ns_64ns_64_15_full_dsp_1_ip_u/U0/i_synth/EXP_OP.i_sp_or_dp.OP/g_Fr_other.i_calculate_Fr/dsp_extra_fabric_adder.mult_with_add_low/use_prim.appDSP[2].bppDSP[1].use_dsp.use_dsp48e2.iDSP48E2 output bd_0_i/hls_inst/inst/dexp_64ns_64ns_64_15_full_dsp_1_U10/top_kernel_dexp_64ns_64ns_64_15_full_dsp_1_ip_u/U0/i_synth/EXP_OP.i_sp_or_dp.OP/g_Fr_other.i_calculate_Fr/dsp_extra_fabric_adder.mult_with_add_low/use_prim.appDSP[2].bppDSP[1].use_dsp.use_dsp48e2.iDSP48E2/P[47:0] is not pipelined (PREG=0). Pipelining the DSP48 output will improve performance and often saves power so it is suggested whenever possible to fully pipeline this function.  If this DSP48 function was inferred, it is suggested to describe an additional register stage after this function.  If the DSP48 was instantiated in the design, it is suggested to set the PREG attribute to 1.
Related violations: <none>

DPOP-3#2 Warning
PREG Output pipelining  
DSP bd_0_i/hls_inst/inst/dexp_64ns_64ns_64_15_full_dsp_1_U10/top_kernel_dexp_64ns_64ns_64_15_full_dsp_1_ip_u/U0/i_synth/EXP_OP.i_sp_or_dp.OP/g_Fr_other.i_calculate_Fr/dsp_extra_fabric_adder.mult_with_add_low/use_prim.appDSP[2].bppDSP[2].use_dsp.use_dsp48e2.iDSP48E2 output bd_0_i/hls_inst/inst/dexp_64ns_64ns_64_15_full_dsp_1_U10/top_kernel_dexp_64ns_64ns_64_15_full_dsp_1_ip_u/U0/i_synth/EXP_OP.i_sp_or_dp.OP/g_Fr_other.i_calculate_Fr/dsp_extra_fabric_adder.mult_with_add_low/use_prim.appDSP[2].bppDSP[2].use_dsp.use_dsp48e2.iDSP48E2/P[47:0] is not pipelined (PREG=0). Pipelining the DSP48 output will improve performance and often saves power so it is suggested whenever possible to fully pipeline this function.  If this DSP48 function was inferred, it is suggested to describe an additional register stage after this function.  If the DSP48 was instantiated in the design, it is suggested to set the PREG attribute to 1.
Related violations: <none>

DPOP-3#3 Warning
PREG Output pipelining  
DSP bd_0_i/hls_inst/inst/dexp_64ns_64ns_64_15_full_dsp_1_U10/top_kernel_dexp_64ns_64ns_64_15_full_dsp_1_ip_u/U0/i_synth/EXP_OP.i_sp_or_dp.OP/i_calculate_Xf/dsp.two.dsp48e1_add_hi/i_no_versal_es1_workaround.DSP output bd_0_i/hls_inst/inst/dexp_64ns_64ns_64_15_full_dsp_1_U10/top_kernel_dexp_64ns_64ns_64_15_full_dsp_1_ip_u/U0/i_synth/EXP_OP.i_sp_or_dp.OP/i_calculate_Xf/dsp.two.dsp48e1_add_hi/i_no_versal_es1_workaround.DSP/P[47:0] is not pipelined (PREG=0). Pipelining the DSP48 output will improve performance and often saves power so it is suggested whenever possible to fully pipeline this function.  If this DSP48 function was inferred, it is suggested to describe an additional register stage after this function.  If the DSP48 was instantiated in the design, it is suggested to set the PREG attribute to 1.
Related violations: <none>

DPOP-3#4 Warning
PREG Output pipelining  
DSP bd_0_i/hls_inst/inst/dexp_64ns_64ns_64_15_full_dsp_1_U10/top_kernel_dexp_64ns_64ns_64_15_full_dsp_1_ip_u/U0/i_synth/EXP_OP.i_sp_or_dp.OP/i_calculate_Xf/dsp.two.dsp48e1_add_lo/i_no_versal_es1_workaround.DSP output bd_0_i/hls_inst/inst/dexp_64ns_64ns_64_15_full_dsp_1_U10/top_kernel_dexp_64ns_64ns_64_15_full_dsp_1_ip_u/U0/i_synth/EXP_OP.i_sp_or_dp.OP/i_calculate_Xf/dsp.two.dsp48e1_add_lo/i_no_versal_es1_workaround.DSP/CARRYCASCOUT is not pipelined (PREG=0). Pipelining the DSP48 output will improve performance and often saves power so it is suggested whenever possible to fully pipeline this function.  If this DSP48 function was inferred, it is suggested to describe an additional register stage after this function.  If the DSP48 was instantiated in the design, it is suggested to set the PREG attribute to 1.
Related violations: <none>

DPOP-3#5 Warning
PREG Output pipelining  
DSP bd_0_i/hls_inst/inst/dexp_64ns_64ns_64_15_full_dsp_1_U10/top_kernel_dexp_64ns_64ns_64_15_full_dsp_1_ip_u/U0/i_synth/EXP_OP.i_sp_or_dp.OP/i_calculate_Xf/dsp.two.dsp48e1_add_lo/i_no_versal_es1_workaround.DSP output bd_0_i/hls_inst/inst/dexp_64ns_64ns_64_15_full_dsp_1_U10/top_kernel_dexp_64ns_64ns_64_15_full_dsp_1_ip_u/U0/i_synth/EXP_OP.i_sp_or_dp.OP/i_calculate_Xf/dsp.two.dsp48e1_add_lo/i_no_versal_es1_workaround.DSP/P[47:0] is not pipelined (PREG=0). Pipelining the DSP48 output will improve performance and often saves power so it is suggested whenever possible to fully pipeline this function.  If this DSP48 function was inferred, it is suggested to describe an additional register stage after this function.  If the DSP48 was instantiated in the design, it is suggested to set the PREG attribute to 1.
Related violations: <none>

DPOP-3#6 Warning
PREG Output pipelining  
DSP bd_0_i/hls_inst/inst/dexp_64ns_64ns_64_15_full_dsp_1_U10/top_kernel_dexp_64ns_64ns_64_15_full_dsp_1_ip_u/U0/i_synth/EXP_OP.i_sp_or_dp.OP/i_calculate_e2zmzm1/g_dp.i_polyomial/g_struct.multadd_1.madd/dsp_extra_fabric_adder.mult_with_add_low/use_prim.appDSP[0].bppDSP[1].use_dsp.use_dsp48e2.iDSP48E2 output bd_0_i/hls_inst/inst/dexp_64ns_64ns_64_15_full_dsp_1_U10/top_kernel_dexp_64ns_64ns_64_15_full_dsp_1_ip_u/U0/i_synth/EXP_OP.i_sp_or_dp.OP/i_calculate_e2zmzm1/g_dp.i_polyomial/g_struct.multadd_1.madd/dsp_extra_fabric_adder.mult_with_add_low/use_prim.appDSP[0].bppDSP[1].use_dsp.use_dsp48e2.iDSP48E2/P[47:0] is not pipelined (PREG=0). Pipelining the DSP48 output will improve performance and often saves power so it is suggested whenever possible to fully pipeline this function.  If this DSP48 function was inferred, it is suggested to describe an additional register stage after this function.  If the DSP48 was instantiated in the design, it is suggested to set the PREG attribute to 1.
Related violations: <none>

DPOP-3#7 Warning
PREG Output pipelining  
DSP bd_0_i/hls_inst/inst/dexp_64ns_64ns_64_15_full_dsp_1_U10/top_kernel_dexp_64ns_64ns_64_15_full_dsp_1_ip_u/U0/i_synth/EXP_OP.i_sp_or_dp.OP/i_calculate_e2zmzm1/g_dp.i_polyomial/g_struct.multadd_2.madd/dsp_extra_fabric_adder.mult_with_add_low/use_prim.appDSP[1].bppDSP[0].use_dsp.use_dsp48e2.iDSP48E2 output bd_0_i/hls_inst/inst/dexp_64ns_64ns_64_15_full_dsp_1_U10/top_kernel_dexp_64ns_64ns_64_15_full_dsp_1_ip_u/U0/i_synth/EXP_OP.i_sp_or_dp.OP/i_calculate_e2zmzm1/g_dp.i_polyomial/g_struct.multadd_2.madd/dsp_extra_fabric_adder.mult_with_add_low/use_prim.appDSP[1].bppDSP[0].use_dsp.use_dsp48e2.iDSP48E2/P[47:0] is not pipelined (PREG=0). Pipelining the DSP48 output will improve performance and often saves power so it is suggested whenever possible to fully pipeline this function.  If this DSP48 function was inferred, it is suggested to describe an additional register stage after this function.  If the DSP48 was instantiated in the design, it is suggested to set the PREG attribute to 1.
Related violations: <none>

DPOP-3#8 Warning
PREG Output pipelining  
DSP bd_0_i/hls_inst/inst/dexp_64ns_64ns_64_15_full_dsp_1_U10/top_kernel_dexp_64ns_64ns_64_15_full_dsp_1_ip_u/U0/i_synth/EXP_OP.i_sp_or_dp.OP/i_calculate_e2zmzm1/g_dp.i_polyomial/g_struct.multadd_2.madd/dsp_extra_fabric_adder.mult_with_add_low/use_prim.appDSP[1].bppDSP[1].use_dsp.use_dsp48e2.iDSP48E2 output bd_0_i/hls_inst/inst/dexp_64ns_64ns_64_15_full_dsp_1_U10/top_kernel_dexp_64ns_64ns_64_15_full_dsp_1_ip_u/U0/i_synth/EXP_OP.i_sp_or_dp.OP/i_calculate_e2zmzm1/g_dp.i_polyomial/g_struct.multadd_2.madd/dsp_extra_fabric_adder.mult_with_add_low/use_prim.appDSP[1].bppDSP[1].use_dsp.use_dsp48e2.iDSP48E2/P[47:0] is not pipelined (PREG=0). Pipelining the DSP48 output will improve performance and often saves power so it is suggested whenever possible to fully pipeline this function.  If this DSP48 function was inferred, it is suggested to describe an additional register stage after this function.  If the DSP48 was instantiated in the design, it is suggested to set the PREG attribute to 1.
Related violations: <none>

DPOP-3#9 Warning
PREG Output pipelining  
DSP bd_0_i/hls_inst/inst/dexp_64ns_64ns_64_15_full_dsp_1_U10/top_kernel_dexp_64ns_64ns_64_15_full_dsp_1_ip_u/U0/i_synth/EXP_OP.i_sp_or_dp.OP/i_ccm_ln2/g_tables[0].i_addsub/dsp.two.dsp48e1_add_hi/i_no_versal_es1_workaround.DSP output bd_0_i/hls_inst/inst/dexp_64ns_64ns_64_15_full_dsp_1_U10/top_kernel_dexp_64ns_64ns_64_15_full_dsp_1_ip_u/U0/i_synth/EXP_OP.i_sp_or_dp.OP/i_ccm_ln2/g_tables[0].i_addsub/dsp.two.dsp48e1_add_hi/i_no_versal_es1_workaround.DSP/P[47:0] is not pipelined (PREG=0). Pipelining the DSP48 output will improve performance and often saves power so it is suggested whenever possible to fully pipeline this function.  If this DSP48 function was inferred, it is suggested to describe an additional register stage after this function.  If the DSP48 was instantiated in the design, it is suggested to set the PREG attribute to 1.
Related violations: <none>

DPOP-3#10 Warning
PREG Output pipelining  
DSP bd_0_i/hls_inst/inst/dexp_64ns_64ns_64_15_full_dsp_1_U10/top_kernel_dexp_64ns_64ns_64_15_full_dsp_1_ip_u/U0/i_synth/EXP_OP.i_sp_or_dp.OP/i_ccm_ln2/g_tables[0].i_addsub/dsp.two.dsp48e1_add_lo/i_no_versal_es1_workaround.DSP output bd_0_i/hls_inst/inst/dexp_64ns_64ns_64_15_full_dsp_1_U10/top_kernel_dexp_64ns_64ns_64_15_full_dsp_1_ip_u/U0/i_synth/EXP_OP.i_sp_or_dp.OP/i_ccm_ln2/g_tables[0].i_addsub/dsp.two.dsp48e1_add_lo/i_no_versal_es1_workaround.DSP/CARRYCASCOUT is not pipelined (PREG=0). Pipelining the DSP48 output will improve performance and often saves power so it is suggested whenever possible to fully pipeline this function.  If this DSP48 function was inferred, it is suggested to describe an additional register stage after this function.  If the DSP48 was instantiated in the design, it is suggested to set the PREG attribute to 1.
Related violations: <none>

DPOP-3#11 Warning
PREG Output pipelining  
DSP bd_0_i/hls_inst/inst/dexp_64ns_64ns_64_15_full_dsp_1_U10/top_kernel_dexp_64ns_64ns_64_15_full_dsp_1_ip_u/U0/i_synth/EXP_OP.i_sp_or_dp.OP/i_ccm_ln2/g_tables[0].i_addsub/dsp.two.dsp48e1_add_lo/i_no_versal_es1_workaround.DSP output bd_0_i/hls_inst/inst/dexp_64ns_64ns_64_15_full_dsp_1_U10/top_kernel_dexp_64ns_64ns_64_15_full_dsp_1_ip_u/U0/i_synth/EXP_OP.i_sp_or_dp.OP/i_ccm_ln2/g_tables[0].i_addsub/dsp.two.dsp48e1_add_lo/i_no_versal_es1_workaround.DSP/P[47:0] is not pipelined (PREG=0). Pipelining the DSP48 output will improve performance and often saves power so it is suggested whenever possible to fully pipeline this function.  If this DSP48 function was inferred, it is suggested to describe an additional register stage after this function.  If the DSP48 was instantiated in the design, it is suggested to set the PREG attribute to 1.
Related violations: <none>

DPOP-3#12 Warning
PREG Output pipelining  
DSP bd_0_i/hls_inst/inst/dexp_64ns_64ns_64_15_full_dsp_1_U10/top_kernel_dexp_64ns_64ns_64_15_full_dsp_1_ip_u/U0/i_synth/EXP_OP.i_sp_or_dp.OP/i_ccm_ln2/g_tables[1].i_addsub/dsp.two.dsp48e1_add_lo/i_no_versal_es1_workaround.DSP output bd_0_i/hls_inst/inst/dexp_64ns_64ns_64_15_full_dsp_1_U10/top_kernel_dexp_64ns_64ns_64_15_full_dsp_1_ip_u/U0/i_synth/EXP_OP.i_sp_or_dp.OP/i_ccm_ln2/g_tables[1].i_addsub/dsp.two.dsp48e1_add_lo/i_no_versal_es1_workaround.DSP/CARRYCASCOUT is not pipelined (PREG=0). Pipelining the DSP48 output will improve performance and often saves power so it is suggested whenever possible to fully pipeline this function.  If this DSP48 function was inferred, it is suggested to describe an additional register stage after this function.  If the DSP48 was instantiated in the design, it is suggested to set the PREG attribute to 1.
Related violations: <none>

DPOP-3#13 Warning
PREG Output pipelining  
DSP bd_0_i/hls_inst/inst/dexp_64ns_64ns_64_15_full_dsp_1_U10/top_kernel_dexp_64ns_64ns_64_15_full_dsp_1_ip_u/U0/i_synth/EXP_OP.i_sp_or_dp.OP/i_ccm_ln2/g_tables[1].i_addsub/dsp.two.dsp48e1_add_lo/i_no_versal_es1_workaround.DSP output bd_0_i/hls_inst/inst/dexp_64ns_64ns_64_15_full_dsp_1_U10/top_kernel_dexp_64ns_64ns_64_15_full_dsp_1_ip_u/U0/i_synth/EXP_OP.i_sp_or_dp.OP/i_ccm_ln2/g_tables[1].i_addsub/dsp.two.dsp48e1_add_lo/i_no_versal_es1_workaround.DSP/P[47:0] is not pipelined (PREG=0). Pipelining the DSP48 output will improve performance and often saves power so it is suggested whenever possible to fully pipeline this function.  If this DSP48 function was inferred, it is suggested to describe an additional register stage after this function.  If the DSP48 was instantiated in the design, it is suggested to set the PREG attribute to 1.
Related violations: <none>

DPOP-3#14 Warning
PREG Output pipelining  
DSP bd_0_i/hls_inst/inst/dexp_64ns_64ns_64_15_full_dsp_1_U10/top_kernel_dexp_64ns_64ns_64_15_full_dsp_1_ip_u/U0/i_synth/EXP_OP.i_sp_or_dp.OP/i_ccm_recip_ln2/g_tables[0].i_addsub/dsp.one.dsp48e1_add/i_no_versal_es1_workaround.DSP output bd_0_i/hls_inst/inst/dexp_64ns_64ns_64_15_full_dsp_1_U10/top_kernel_dexp_64ns_64ns_64_15_full_dsp_1_ip_u/U0/i_synth/EXP_OP.i_sp_or_dp.OP/i_ccm_recip_ln2/g_tables[0].i_addsub/dsp.one.dsp48e1_add/i_no_versal_es1_workaround.DSP/P[47:0] is not pipelined (PREG=0). Pipelining the DSP48 output will improve performance and often saves power so it is suggested whenever possible to fully pipeline this function.  If this DSP48 function was inferred, it is suggested to describe an additional register stage after this function.  If the DSP48 was instantiated in the design, it is suggested to set the PREG attribute to 1.
Related violations: <none>

DPOP-3#15 Warning
PREG Output pipelining  
DSP bd_0_i/hls_inst/inst/dexp_64ns_64ns_64_15_full_dsp_1_U10/top_kernel_dexp_64ns_64ns_64_15_full_dsp_1_ip_u/U0/i_synth/EXP_OP.i_sp_or_dp.OP/i_ccm_recip_ln2/g_tables[1].i_addsub/dsp.one.dsp48e1_add/i_no_versal_es1_workaround.DSP output bd_0_i/hls_inst/inst/dexp_64ns_64ns_64_15_full_dsp_1_U10/top_kernel_dexp_64ns_64ns_64_15_full_dsp_1_ip_u/U0/i_synth/EXP_OP.i_sp_or_dp.OP/i_ccm_recip_ln2/g_tables[1].i_addsub/dsp.one.dsp48e1_add/i_no_versal_es1_workaround.DSP/P[47:0] is not pipelined (PREG=0). Pipelining the DSP48 output will improve performance and often saves power so it is suggested whenever possible to fully pipeline this function.  If this DSP48 function was inferred, it is suggested to describe an additional register stage after this function.  If the DSP48 was instantiated in the design, it is suggested to set the PREG attribute to 1.
Related violations: <none>

DPOP-3#16 Warning
PREG Output pipelining  
DSP bd_0_i/hls_inst/inst/dexp_64ns_64ns_64_15_full_dsp_1_U10/top_kernel_dexp_64ns_64ns_64_15_full_dsp_1_ip_u/U0/i_synth/EXP_OP.i_sp_or_dp.OP/i_renorm_and_round/DSP48_E1.DSP48E1_ADD.DSP48E1_ADD/i_no_versal_es1_workaround.DSP output bd_0_i/hls_inst/inst/dexp_64ns_64ns_64_15_full_dsp_1_U10/top_kernel_dexp_64ns_64ns_64_15_full_dsp_1_ip_u/U0/i_synth/EXP_OP.i_sp_or_dp.OP/i_renorm_and_round/DSP48_E1.DSP48E1_ADD.DSP48E1_ADD/i_no_versal_es1_workaround.DSP/P[47:0] is not pipelined (PREG=0). Pipelining the DSP48 output will improve performance and often saves power so it is suggested whenever possible to fully pipeline this function.  If this DSP48 function was inferred, it is suggested to describe an additional register stage after this function.  If the DSP48 was instantiated in the design, it is suggested to set the PREG attribute to 1.
Related violations: <none>

DPOP-3#17 Warning
PREG Output pipelining  
DSP bd_0_i/hls_inst/inst/fadd_32ns_32ns_32_5_full_dsp_1_U2/top_kernel_fadd_32ns_32ns_32_5_full_dsp_1_ip_u/U0/i_synth/ADDSUB_OP.ADDSUB/DSP.OP/DSP48E1_BODY.NORM_RND/FULL_USAGE_DSP.SHIFT_RND/i_no_versal_es1_workaround.DSP output bd_0_i/hls_inst/inst/fadd_32ns_32ns_32_5_full_dsp_1_U2/top_kernel_fadd_32ns_32ns_32_5_full_dsp_1_ip_u/U0/i_synth/ADDSUB_OP.ADDSUB/DSP.OP/DSP48E1_BODY.NORM_RND/FULL_USAGE_DSP.SHIFT_RND/i_no_versal_es1_workaround.DSP/P[47:0] is not pipelined (PREG=0). Pipelining the DSP48 output will improve performance and often saves power so it is suggested whenever possible to fully pipeline this function.  If this DSP48 function was inferred, it is suggested to describe an additional register stage after this function.  If the DSP48 was instantiated in the design, it is suggested to set the PREG attribute to 1.
Related violations: <none>

DPOP-3#18 Warning
PREG Output pipelining  
DSP bd_0_i/hls_inst/inst/faddfsub_32ns_32ns_32_5_full_dsp_1_U1/top_kernel_faddfsub_32ns_32ns_32_5_full_dsp_1_ip_u/U0/i_synth/ADDSUB_OP.ADDSUB/DSP.OP/DSP48E1_BODY.NORM_RND/FULL_USAGE_DSP.SHIFT_RND/i_no_versal_es1_workaround.DSP output bd_0_i/hls_inst/inst/faddfsub_32ns_32ns_32_5_full_dsp_1_U1/top_kernel_faddfsub_32ns_32ns_32_5_full_dsp_1_ip_u/U0/i_synth/ADDSUB_OP.ADDSUB/DSP.OP/DSP48E1_BODY.NORM_RND/FULL_USAGE_DSP.SHIFT_RND/i_no_versal_es1_workaround.DSP/P[47:0] is not pipelined (PREG=0). Pipelining the DSP48 output will improve performance and often saves power so it is suggested whenever possible to fully pipeline this function.  If this DSP48 function was inferred, it is suggested to describe an additional register stage after this function.  If the DSP48 was instantiated in the design, it is suggested to set the PREG attribute to 1.
Related violations: <none>

DPOP-3#19 Warning
PREG Output pipelining  
DSP bd_0_i/hls_inst/inst/fmul_32ns_32ns_32_4_max_dsp_1_U3/top_kernel_fmul_32ns_32ns_32_4_max_dsp_1_ip_u/U0/i_synth/MULT.OP/i_non_prim.MULT/DSP48E1_SPD_SGL_VARIANT.FIX_MULT/DSP2/i_no_versal_es1_workaround.DSP output bd_0_i/hls_inst/inst/fmul_32ns_32ns_32_4_max_dsp_1_U3/top_kernel_fmul_32ns_32ns_32_4_max_dsp_1_ip_u/U0/i_synth/MULT.OP/i_non_prim.MULT/DSP48E1_SPD_SGL_VARIANT.FIX_MULT/DSP2/i_no_versal_es1_workaround.DSP/PATTERNDETECT is not pipelined (PREG=0). Pipelining the DSP48 output will improve performance and often saves power so it is suggested whenever possible to fully pipeline this function.  If this DSP48 function was inferred, it is suggested to describe an additional register stage after this function.  If the DSP48 was instantiated in the design, it is suggested to set the PREG attribute to 1.
Related violations: <none>

DPOP-3#20 Warning
PREG Output pipelining  
DSP bd_0_i/hls_inst/inst/fmul_32ns_32ns_32_4_max_dsp_1_U3/top_kernel_fmul_32ns_32ns_32_4_max_dsp_1_ip_u/U0/i_synth/MULT.OP/i_non_prim.MULT/DSP48E1_SPD_SGL_VARIANT.FIX_MULT/DSP2/i_no_versal_es1_workaround.DSP output bd_0_i/hls_inst/inst/fmul_32ns_32ns_32_4_max_dsp_1_U3/top_kernel_fmul_32ns_32ns_32_4_max_dsp_1_ip_u/U0/i_synth/MULT.OP/i_non_prim.MULT/DSP48E1_SPD_SGL_VARIANT.FIX_MULT/DSP2/i_no_versal_es1_workaround.DSP/P[47:0] is not pipelined (PREG=0). Pipelining the DSP48 output will improve performance and often saves power so it is suggested whenever possible to fully pipeline this function.  If this DSP48 function was inferred, it is suggested to describe an additional register stage after this function.  If the DSP48 was instantiated in the design, it is suggested to set the PREG attribute to 1.
Related violations: <none>

DPOP-3#21 Warning
PREG Output pipelining  
DSP bd_0_i/hls_inst/inst/fmul_32ns_32ns_32_4_max_dsp_1_U3/top_kernel_fmul_32ns_32ns_32_4_max_dsp_1_ip_u/U0/i_synth/MULT.OP/i_non_prim.R_AND_R/LAT_OPT.FULL.R_AND_R/DSP48E1_SGL_EXP_IP.OLD_ADD.ADD/i_no_versal_es1_workaround.DSP output bd_0_i/hls_inst/inst/fmul_32ns_32ns_32_4_max_dsp_1_U3/top_kernel_fmul_32ns_32ns_32_4_max_dsp_1_ip_u/U0/i_synth/MULT.OP/i_non_prim.R_AND_R/LAT_OPT.FULL.R_AND_R/DSP48E1_SGL_EXP_IP.OLD_ADD.ADD/i_no_versal_es1_workaround.DSP/CARRYOUT[3:0] is not pipelined (PREG=0). Pipelining the DSP48 output will improve performance and often saves power so it is suggested whenever possible to fully pipeline this function.  If this DSP48 function was inferred, it is suggested to describe an additional register stage after this function.  If the DSP48 was instantiated in the design, it is suggested to set the PREG attribute to 1.
Related violations: <none>

DPOP-3#22 Warning
PREG Output pipelining  
DSP bd_0_i/hls_inst/inst/fmul_32ns_32ns_32_4_max_dsp_1_U3/top_kernel_fmul_32ns_32ns_32_4_max_dsp_1_ip_u/U0/i_synth/MULT.OP/i_non_prim.R_AND_R/LAT_OPT.FULL.R_AND_R/DSP48E1_SGL_EXP_IP.OLD_ADD.ADD/i_no_versal_es1_workaround.DSP output bd_0_i/hls_inst/inst/fmul_32ns_32ns_32_4_max_dsp_1_U3/top_kernel_fmul_32ns_32ns_32_4_max_dsp_1_ip_u/U0/i_synth/MULT.OP/i_non_prim.R_AND_R/LAT_OPT.FULL.R_AND_R/DSP48E1_SGL_EXP_IP.OLD_ADD.ADD/i_no_versal_es1_workaround.DSP/P[47:0] is not pipelined (PREG=0). Pipelining the DSP48 output will improve performance and often saves power so it is suggested whenever possible to fully pipeline this function.  If this DSP48 function was inferred, it is suggested to describe an additional register stage after this function.  If the DSP48 was instantiated in the design, it is suggested to set the PREG attribute to 1.
Related violations: <none>

DPOP-3#23 Warning
PREG Output pipelining  
DSP bd_0_i/hls_inst/inst/fmul_32ns_32ns_32_4_max_dsp_1_U4/top_kernel_fmul_32ns_32ns_32_4_max_dsp_1_ip_u/U0/i_synth/MULT.OP/i_non_prim.MULT/DSP48E1_SPD_SGL_VARIANT.FIX_MULT/DSP2/i_no_versal_es1_workaround.DSP output bd_0_i/hls_inst/inst/fmul_32ns_32ns_32_4_max_dsp_1_U4/top_kernel_fmul_32ns_32ns_32_4_max_dsp_1_ip_u/U0/i_synth/MULT.OP/i_non_prim.MULT/DSP48E1_SPD_SGL_VARIANT.FIX_MULT/DSP2/i_no_versal_es1_workaround.DSP/PATTERNDETECT is not pipelined (PREG=0). Pipelining the DSP48 output will improve performance and often saves power so it is suggested whenever possible to fully pipeline this function.  If this DSP48 function was inferred, it is suggested to describe an additional register stage after this function.  If the DSP48 was instantiated in the design, it is suggested to set the PREG attribute to 1.
Related violations: <none>

DPOP-3#24 Warning
PREG Output pipelining  
DSP bd_0_i/hls_inst/inst/fmul_32ns_32ns_32_4_max_dsp_1_U4/top_kernel_fmul_32ns_32ns_32_4_max_dsp_1_ip_u/U0/i_synth/MULT.OP/i_non_prim.MULT/DSP48E1_SPD_SGL_VARIANT.FIX_MULT/DSP2/i_no_versal_es1_workaround.DSP output bd_0_i/hls_inst/inst/fmul_32ns_32ns_32_4_max_dsp_1_U4/top_kernel_fmul_32ns_32ns_32_4_max_dsp_1_ip_u/U0/i_synth/MULT.OP/i_non_prim.MULT/DSP48E1_SPD_SGL_VARIANT.FIX_MULT/DSP2/i_no_versal_es1_workaround.DSP/P[47:0] is not pipelined (PREG=0). Pipelining the DSP48 output will improve performance and often saves power so it is suggested whenever possible to fully pipeline this function.  If this DSP48 function was inferred, it is suggested to describe an additional register stage after this function.  If the DSP48 was instantiated in the design, it is suggested to set the PREG attribute to 1.
Related violations: <none>

DPOP-3#25 Warning
PREG Output pipelining  
DSP bd_0_i/hls_inst/inst/fmul_32ns_32ns_32_4_max_dsp_1_U4/top_kernel_fmul_32ns_32ns_32_4_max_dsp_1_ip_u/U0/i_synth/MULT.OP/i_non_prim.R_AND_R/LAT_OPT.FULL.R_AND_R/DSP48E1_SGL_EXP_IP.OLD_ADD.ADD/i_no_versal_es1_workaround.DSP output bd_0_i/hls_inst/inst/fmul_32ns_32ns_32_4_max_dsp_1_U4/top_kernel_fmul_32ns_32ns_32_4_max_dsp_1_ip_u/U0/i_synth/MULT.OP/i_non_prim.R_AND_R/LAT_OPT.FULL.R_AND_R/DSP48E1_SGL_EXP_IP.OLD_ADD.ADD/i_no_versal_es1_workaround.DSP/CARRYOUT[3:0] is not pipelined (PREG=0). Pipelining the DSP48 output will improve performance and often saves power so it is suggested whenever possible to fully pipeline this function.  If this DSP48 function was inferred, it is suggested to describe an additional register stage after this function.  If the DSP48 was instantiated in the design, it is suggested to set the PREG attribute to 1.
Related violations: <none>

DPOP-3#26 Warning
PREG Output pipelining  
DSP bd_0_i/hls_inst/inst/fmul_32ns_32ns_32_4_max_dsp_1_U4/top_kernel_fmul_32ns_32ns_32_4_max_dsp_1_ip_u/U0/i_synth/MULT.OP/i_non_prim.R_AND_R/LAT_OPT.FULL.R_AND_R/DSP48E1_SGL_EXP_IP.OLD_ADD.ADD/i_no_versal_es1_workaround.DSP output bd_0_i/hls_inst/inst/fmul_32ns_32ns_32_4_max_dsp_1_U4/top_kernel_fmul_32ns_32ns_32_4_max_dsp_1_ip_u/U0/i_synth/MULT.OP/i_non_prim.R_AND_R/LAT_OPT.FULL.R_AND_R/DSP48E1_SGL_EXP_IP.OLD_ADD.ADD/i_no_versal_es1_workaround.DSP/P[47:0] is not pipelined (PREG=0). Pipelining the DSP48 output will improve performance and often saves power so it is suggested whenever possible to fully pipeline this function.  If this DSP48 function was inferred, it is suggested to describe an additional register stage after this function.  If the DSP48 was instantiated in the design, it is suggested to set the PREG attribute to 1.
Related violations: <none>

DPOP-4#1 Warning
MREG Output pipelining  
DSP bd_0_i/hls_inst/inst/dexp_64ns_64ns_64_15_full_dsp_1_U10/top_kernel_dexp_64ns_64ns_64_15_full_dsp_1_ip_u/U0/i_synth/EXP_OP.i_sp_or_dp.OP/g_Fr_other.i_calculate_Fr/dsp_extra_fabric_adder.mult_with_add_low/use_prim.appDSP[0].bppDSP[2].use_dsp.use_dsp48e2.iDSP48E2 multiplier stage bd_0_i/hls_inst/inst/dexp_64ns_64ns_64_15_full_dsp_1_U10/top_kernel_dexp_64ns_64ns_64_15_full_dsp_1_ip_u/U0/i_synth/EXP_OP.i_sp_or_dp.OP/g_Fr_other.i_calculate_Fr/dsp_extra_fabric_adder.mult_with_add_low/use_prim.appDSP[0].bppDSP[2].use_dsp.use_dsp48e2.iDSP48E2/P[47:0] is not pipelined (MREG=0). Pipelining the multiplier function will improve performance and will save significant power so it is suggested whenever possible to fully pipeline this function.  If this multiplier was inferred, it is suggested to describe an additional register stage after this function.  If there is no registered adder/accumulator following the multiply function, two pipeline stages are suggested to allow both the MREG and PREG registers to be used.  If the DSP48 was instantiated in the design, it is suggested to set both the MREG and PREG attributes to 1 when performing multiply functions.
Related violations: <none>

DPOP-4#2 Warning
MREG Output pipelining  
DSP bd_0_i/hls_inst/inst/dexp_64ns_64ns_64_15_full_dsp_1_U10/top_kernel_dexp_64ns_64ns_64_15_full_dsp_1_ip_u/U0/i_synth/EXP_OP.i_sp_or_dp.OP/g_Fr_other.i_calculate_Fr/dsp_extra_fabric_adder.mult_with_add_low/use_prim.appDSP[2].bppDSP[1].use_dsp.use_dsp48e2.iDSP48E2 multiplier stage bd_0_i/hls_inst/inst/dexp_64ns_64ns_64_15_full_dsp_1_U10/top_kernel_dexp_64ns_64ns_64_15_full_dsp_1_ip_u/U0/i_synth/EXP_OP.i_sp_or_dp.OP/g_Fr_other.i_calculate_Fr/dsp_extra_fabric_adder.mult_with_add_low/use_prim.appDSP[2].bppDSP[1].use_dsp.use_dsp48e2.iDSP48E2/P[47:0] is not pipelined (MREG=0). Pipelining the multiplier function will improve performance and will save significant power so it is suggested whenever possible to fully pipeline this function.  If this multiplier was inferred, it is suggested to describe an additional register stage after this function.  If there is no registered adder/accumulator following the multiply function, two pipeline stages are suggested to allow both the MREG and PREG registers to be used.  If the DSP48 was instantiated in the design, it is suggested to set both the MREG and PREG attributes to 1 when performing multiply functions.
Related violations: <none>

DPOP-4#3 Warning
MREG Output pipelining  
DSP bd_0_i/hls_inst/inst/dexp_64ns_64ns_64_15_full_dsp_1_U10/top_kernel_dexp_64ns_64ns_64_15_full_dsp_1_ip_u/U0/i_synth/EXP_OP.i_sp_or_dp.OP/g_Fr_other.i_calculate_Fr/dsp_extra_fabric_adder.mult_with_add_low/use_prim.appDSP[2].bppDSP[2].use_dsp.use_dsp48e2.iDSP48E2 multiplier stage bd_0_i/hls_inst/inst/dexp_64ns_64ns_64_15_full_dsp_1_U10/top_kernel_dexp_64ns_64ns_64_15_full_dsp_1_ip_u/U0/i_synth/EXP_OP.i_sp_or_dp.OP/g_Fr_other.i_calculate_Fr/dsp_extra_fabric_adder.mult_with_add_low/use_prim.appDSP[2].bppDSP[2].use_dsp.use_dsp48e2.iDSP48E2/P[47:0] is not pipelined (MREG=0). Pipelining the multiplier function will improve performance and will save significant power so it is suggested whenever possible to fully pipeline this function.  If this multiplier was inferred, it is suggested to describe an additional register stage after this function.  If there is no registered adder/accumulator following the multiply function, two pipeline stages are suggested to allow both the MREG and PREG registers to be used.  If the DSP48 was instantiated in the design, it is suggested to set both the MREG and PREG attributes to 1 when performing multiply functions.
Related violations: <none>

DPOP-4#4 Warning
MREG Output pipelining  
DSP bd_0_i/hls_inst/inst/dexp_64ns_64ns_64_15_full_dsp_1_U10/top_kernel_dexp_64ns_64ns_64_15_full_dsp_1_ip_u/U0/i_synth/EXP_OP.i_sp_or_dp.OP/i_calculate_e2zmzm1/g_dp.i_polyomial/g_struct.multadd_1.madd/dsp_extra_fabric_adder.mult_with_add_low/use_prim.appDSP[0].bppDSP[1].use_dsp.use_dsp48e2.iDSP48E2 multiplier stage bd_0_i/hls_inst/inst/dexp_64ns_64ns_64_15_full_dsp_1_U10/top_kernel_dexp_64ns_64ns_64_15_full_dsp_1_ip_u/U0/i_synth/EXP_OP.i_sp_or_dp.OP/i_calculate_e2zmzm1/g_dp.i_polyomial/g_struct.multadd_1.madd/dsp_extra_fabric_adder.mult_with_add_low/use_prim.appDSP[0].bppDSP[1].use_dsp.use_dsp48e2.iDSP48E2/P[47:0] is not pipelined (MREG=0). Pipelining the multiplier function will improve performance and will save significant power so it is suggested whenever possible to fully pipeline this function.  If this multiplier was inferred, it is suggested to describe an additional register stage after this function.  If there is no registered adder/accumulator following the multiply function, two pipeline stages are suggested to allow both the MREG and PREG registers to be used.  If the DSP48 was instantiated in the design, it is suggested to set both the MREG and PREG attributes to 1 when performing multiply functions.
Related violations: <none>

DPOP-4#5 Warning
MREG Output pipelining  
DSP bd_0_i/hls_inst/inst/dexp_64ns_64ns_64_15_full_dsp_1_U10/top_kernel_dexp_64ns_64ns_64_15_full_dsp_1_ip_u/U0/i_synth/EXP_OP.i_sp_or_dp.OP/i_calculate_e2zmzm1/g_dp.i_polyomial/g_struct.multadd_2.madd/dsp_extra_fabric_adder.mult_with_add_low/use_prim.appDSP[1].bppDSP[1].use_dsp.use_dsp48e2.iDSP48E2 multiplier stage bd_0_i/hls_inst/inst/dexp_64ns_64ns_64_15_full_dsp_1_U10/top_kernel_dexp_64ns_64ns_64_15_full_dsp_1_ip_u/U0/i_synth/EXP_OP.i_sp_or_dp.OP/i_calculate_e2zmzm1/g_dp.i_polyomial/g_struct.multadd_2.madd/dsp_extra_fabric_adder.mult_with_add_low/use_prim.appDSP[1].bppDSP[1].use_dsp.use_dsp48e2.iDSP48E2/P[47:0] is not pipelined (MREG=0). Pipelining the multiplier function will improve performance and will save significant power so it is suggested whenever possible to fully pipeline this function.  If this multiplier was inferred, it is suggested to describe an additional register stage after this function.  If there is no registered adder/accumulator following the multiply function, two pipeline stages are suggested to allow both the MREG and PREG registers to be used.  If the DSP48 was instantiated in the design, it is suggested to set both the MREG and PREG attributes to 1 when performing multiply functions.
Related violations: <none>

DPOP-4#6 Warning
MREG Output pipelining  
DSP bd_0_i/hls_inst/inst/fadd_32ns_32ns_32_5_full_dsp_1_U2/top_kernel_fadd_32ns_32ns_32_5_full_dsp_1_ip_u/U0/i_synth/ADDSUB_OP.ADDSUB/DSP.OP/DSP48E1_BODY.NORM_RND/FULL_USAGE_DSP.SHIFT_RND/i_no_versal_es1_workaround.DSP multiplier stage bd_0_i/hls_inst/inst/fadd_32ns_32ns_32_5_full_dsp_1_U2/top_kernel_fadd_32ns_32ns_32_5_full_dsp_1_ip_u/U0/i_synth/ADDSUB_OP.ADDSUB/DSP.OP/DSP48E1_BODY.NORM_RND/FULL_USAGE_DSP.SHIFT_RND/i_no_versal_es1_workaround.DSP/P[47:0] is not pipelined (MREG=0). Pipelining the multiplier function will improve performance and will save significant power so it is suggested whenever possible to fully pipeline this function.  If this multiplier was inferred, it is suggested to describe an additional register stage after this function.  If there is no registered adder/accumulator following the multiply function, two pipeline stages are suggested to allow both the MREG and PREG registers to be used.  If the DSP48 was instantiated in the design, it is suggested to set both the MREG and PREG attributes to 1 when performing multiply functions.
Related violations: <none>

DPOP-4#7 Warning
MREG Output pipelining  
DSP bd_0_i/hls_inst/inst/faddfsub_32ns_32ns_32_5_full_dsp_1_U1/top_kernel_faddfsub_32ns_32ns_32_5_full_dsp_1_ip_u/U0/i_synth/ADDSUB_OP.ADDSUB/DSP.OP/DSP48E1_BODY.NORM_RND/FULL_USAGE_DSP.SHIFT_RND/i_no_versal_es1_workaround.DSP multiplier stage bd_0_i/hls_inst/inst/faddfsub_32ns_32ns_32_5_full_dsp_1_U1/top_kernel_faddfsub_32ns_32ns_32_5_full_dsp_1_ip_u/U0/i_synth/ADDSUB_OP.ADDSUB/DSP.OP/DSP48E1_BODY.NORM_RND/FULL_USAGE_DSP.SHIFT_RND/i_no_versal_es1_workaround.DSP/P[47:0] is not pipelined (MREG=0). Pipelining the multiplier function will improve performance and will save significant power so it is suggested whenever possible to fully pipeline this function.  If this multiplier was inferred, it is suggested to describe an additional register stage after this function.  If there is no registered adder/accumulator following the multiply function, two pipeline stages are suggested to allow both the MREG and PREG registers to be used.  If the DSP48 was instantiated in the design, it is suggested to set both the MREG and PREG attributes to 1 when performing multiply functions.
Related violations: <none>

DPOP-4#8 Warning
MREG Output pipelining  
DSP bd_0_i/hls_inst/inst/fmul_32ns_32ns_32_4_max_dsp_1_U3/top_kernel_fmul_32ns_32ns_32_4_max_dsp_1_ip_u/U0/i_synth/MULT.OP/i_non_prim.MULT/DSP48E1_SPD_SGL_VARIANT.FIX_MULT/DSP1/i_no_versal_es1_workaround.DSP multiplier stage bd_0_i/hls_inst/inst/fmul_32ns_32ns_32_4_max_dsp_1_U3/top_kernel_fmul_32ns_32ns_32_4_max_dsp_1_ip_u/U0/i_synth/MULT.OP/i_non_prim.MULT/DSP48E1_SPD_SGL_VARIANT.FIX_MULT/DSP1/i_no_versal_es1_workaround.DSP/PATTERNDETECT is not pipelined (MREG=0). Pipelining the multiplier function will improve performance and will save significant power so it is suggested whenever possible to fully pipeline this function.  If this multiplier was inferred, it is suggested to describe an additional register stage after this function.  If there is no registered adder/accumulator following the multiply function, two pipeline stages are suggested to allow both the MREG and PREG registers to be used.  If the DSP48 was instantiated in the design, it is suggested to set both the MREG and PREG attributes to 1 when performing multiply functions.
Related violations: <none>

DPOP-4#9 Warning
MREG Output pipelining  
DSP bd_0_i/hls_inst/inst/fmul_32ns_32ns_32_4_max_dsp_1_U4/top_kernel_fmul_32ns_32ns_32_4_max_dsp_1_ip_u/U0/i_synth/MULT.OP/i_non_prim.MULT/DSP48E1_SPD_SGL_VARIANT.FIX_MULT/DSP1/i_no_versal_es1_workaround.DSP multiplier stage bd_0_i/hls_inst/inst/fmul_32ns_32ns_32_4_max_dsp_1_U4/top_kernel_fmul_32ns_32ns_32_4_max_dsp_1_ip_u/U0/i_synth/MULT.OP/i_non_prim.MULT/DSP48E1_SPD_SGL_VARIANT.FIX_MULT/DSP1/i_no_versal_es1_workaround.DSP/PATTERNDETECT is not pipelined (MREG=0). Pipelining the multiplier function will improve performance and will save significant power so it is suggested whenever possible to fully pipeline this function.  If this multiplier was inferred, it is suggested to describe an additional register stage after this function.  If there is no registered adder/accumulator following the multiply function, two pipeline stages are suggested to allow both the MREG and PREG registers to be used.  If the DSP48 was instantiated in the design, it is suggested to set both the MREG and PREG attributes to 1 when performing multiply functions.
Related violations: <none>

RTSTAT-10#1 Warning
No routable loads  
138 net(s) have no routable loads. The problem bus(es) and/or net(s) are bd_0_i/hls_inst/inst/control_s_axi_U/s_axi_control_RDATA[31:0],
bd_0_i/hls_inst/inst/gmem_m_axi_U/bus_read/rreq_burst_conv/burst_sequential/m_axi_gmem_ARLEN[3:0],
bd_0_i/hls_inst/inst/gmem_m_axi_U/bus_write/wreq_throttle/m_axi_gmem_WDATA[31:0],
bd_0_i/hls_inst/inst/gmem_m_axi_U/bus_write/wreq_throttle/m_axi_gmem_WSTRB[3:0]
bd_0_i/hls_inst/inst/gmem_m_axi_U/bus_write/wreq_throttle/rs_req/data_p1_reg[67]_0[65:0].
Related violations: <none>

AVAL-155#1 Advisory
enum_AMULTSEL_BMULTSEL_enum_DREG_ADREG_0_connects_CED_CEAD_RSTD_GND  
bd_0_i/hls_inst/inst/dexp_64ns_64ns_64_15_full_dsp_1_U10/top_kernel_dexp_64ns_64ns_64_15_full_dsp_1_ip_u/U0/i_synth/EXP_OP.i_sp_or_dp.OP/g_Fr_other.i_calculate_e2zm1/dsp.one.dsp48e1_add/i_no_versal_es1_workaround.DSP: DSP48E2 is not using the D port (AMULTSEL = A and BMULTSEL = B). For improved power characteristics, set DREG and ADREG to '1', tie CED, CEAD, and RSTD to logic '0'.
Related violations: <none>

AVAL-155#2 Advisory
enum_AMULTSEL_BMULTSEL_enum_DREG_ADREG_0_connects_CED_CEAD_RSTD_GND  
bd_0_i/hls_inst/inst/dexp_64ns_64ns_64_15_full_dsp_1_U10/top_kernel_dexp_64ns_64ns_64_15_full_dsp_1_ip_u/U0/i_synth/EXP_OP.i_sp_or_dp.OP/i_calculate_Xf/dsp.two.dsp48e1_add_hi/i_no_versal_es1_workaround.DSP: DSP48E2 is not using the D port (AMULTSEL = A and BMULTSEL = B). For improved power characteristics, set DREG and ADREG to '1', tie CED, CEAD, and RSTD to logic '0'.
Related violations: <none>

AVAL-155#3 Advisory
enum_AMULTSEL_BMULTSEL_enum_DREG_ADREG_0_connects_CED_CEAD_RSTD_GND  
bd_0_i/hls_inst/inst/dexp_64ns_64ns_64_15_full_dsp_1_U10/top_kernel_dexp_64ns_64ns_64_15_full_dsp_1_ip_u/U0/i_synth/EXP_OP.i_sp_or_dp.OP/i_calculate_Xf/dsp.two.dsp48e1_add_lo/i_no_versal_es1_workaround.DSP: DSP48E2 is not using the D port (AMULTSEL = A and BMULTSEL = B). For improved power characteristics, set DREG and ADREG to '1', tie CED, CEAD, and RSTD to logic '0'.
Related violations: <none>

AVAL-155#4 Advisory
enum_AMULTSEL_BMULTSEL_enum_DREG_ADREG_0_connects_CED_CEAD_RSTD_GND  
bd_0_i/hls_inst/inst/dexp_64ns_64ns_64_15_full_dsp_1_U10/top_kernel_dexp_64ns_64ns_64_15_full_dsp_1_ip_u/U0/i_synth/EXP_OP.i_sp_or_dp.OP/i_ccm_ln2/g_tables[0].i_addsub/dsp.two.dsp48e1_add_hi/i_no_versal_es1_workaround.DSP: DSP48E2 is not using the D port (AMULTSEL = A and BMULTSEL = B). For improved power characteristics, set DREG and ADREG to '1', tie CED, CEAD, and RSTD to logic '0'.
Related violations: <none>

AVAL-155#5 Advisory
enum_AMULTSEL_BMULTSEL_enum_DREG_ADREG_0_connects_CED_CEAD_RSTD_GND  
bd_0_i/hls_inst/inst/dexp_64ns_64ns_64_15_full_dsp_1_U10/top_kernel_dexp_64ns_64ns_64_15_full_dsp_1_ip_u/U0/i_synth/EXP_OP.i_sp_or_dp.OP/i_ccm_ln2/g_tables[0].i_addsub/dsp.two.dsp48e1_add_lo/i_no_versal_es1_workaround.DSP: DSP48E2 is not using the D port (AMULTSEL = A and BMULTSEL = B). For improved power characteristics, set DREG and ADREG to '1', tie CED, CEAD, and RSTD to logic '0'.
Related violations: <none>

AVAL-155#6 Advisory
enum_AMULTSEL_BMULTSEL_enum_DREG_ADREG_0_connects_CED_CEAD_RSTD_GND  
bd_0_i/hls_inst/inst/dexp_64ns_64ns_64_15_full_dsp_1_U10/top_kernel_dexp_64ns_64ns_64_15_full_dsp_1_ip_u/U0/i_synth/EXP_OP.i_sp_or_dp.OP/i_ccm_ln2/g_tables[1].i_addsub/dsp.two.dsp48e1_add_hi/i_no_versal_es1_workaround.DSP: DSP48E2 is not using the D port (AMULTSEL = A and BMULTSEL = B). For improved power characteristics, set DREG and ADREG to '1', tie CED, CEAD, and RSTD to logic '0'.
Related violations: <none>

AVAL-155#7 Advisory
enum_AMULTSEL_BMULTSEL_enum_DREG_ADREG_0_connects_CED_CEAD_RSTD_GND  
bd_0_i/hls_inst/inst/dexp_64ns_64ns_64_15_full_dsp_1_U10/top_kernel_dexp_64ns_64ns_64_15_full_dsp_1_ip_u/U0/i_synth/EXP_OP.i_sp_or_dp.OP/i_ccm_ln2/g_tables[1].i_addsub/dsp.two.dsp48e1_add_lo/i_no_versal_es1_workaround.DSP: DSP48E2 is not using the D port (AMULTSEL = A and BMULTSEL = B). For improved power characteristics, set DREG and ADREG to '1', tie CED, CEAD, and RSTD to logic '0'.
Related violations: <none>

AVAL-155#8 Advisory
enum_AMULTSEL_BMULTSEL_enum_DREG_ADREG_0_connects_CED_CEAD_RSTD_GND  
bd_0_i/hls_inst/inst/dexp_64ns_64ns_64_15_full_dsp_1_U10/top_kernel_dexp_64ns_64ns_64_15_full_dsp_1_ip_u/U0/i_synth/EXP_OP.i_sp_or_dp.OP/i_ccm_recip_ln2/g_tables[0].i_addsub/dsp.one.dsp48e1_add/i_no_versal_es1_workaround.DSP: DSP48E2 is not using the D port (AMULTSEL = A and BMULTSEL = B). For improved power characteristics, set DREG and ADREG to '1', tie CED, CEAD, and RSTD to logic '0'.
Related violations: <none>

AVAL-155#9 Advisory
enum_AMULTSEL_BMULTSEL_enum_DREG_ADREG_0_connects_CED_CEAD_RSTD_GND  
bd_0_i/hls_inst/inst/dexp_64ns_64ns_64_15_full_dsp_1_U10/top_kernel_dexp_64ns_64ns_64_15_full_dsp_1_ip_u/U0/i_synth/EXP_OP.i_sp_or_dp.OP/i_ccm_recip_ln2/g_tables[1].i_addsub/dsp.one.dsp48e1_add/i_no_versal_es1_workaround.DSP: DSP48E2 is not using the D port (AMULTSEL = A and BMULTSEL = B). For improved power characteristics, set DREG and ADREG to '1', tie CED, CEAD, and RSTD to logic '0'.
Related violations: <none>

AVAL-155#10 Advisory
enum_AMULTSEL_BMULTSEL_enum_DREG_ADREG_0_connects_CED_CEAD_RSTD_GND  
bd_0_i/hls_inst/inst/dexp_64ns_64ns_64_15_full_dsp_1_U10/top_kernel_dexp_64ns_64ns_64_15_full_dsp_1_ip_u/U0/i_synth/EXP_OP.i_sp_or_dp.OP/i_ccm_recip_ln2/g_tables[2].i_addsub/dsp.one.dsp48e1_add/i_no_versal_es1_workaround.DSP: DSP48E2 is not using the D port (AMULTSEL = A and BMULTSEL = B). For improved power characteristics, set DREG and ADREG to '1', tie CED, CEAD, and RSTD to logic '0'.
Related violations: <none>

AVAL-155#11 Advisory
enum_AMULTSEL_BMULTSEL_enum_DREG_ADREG_0_connects_CED_CEAD_RSTD_GND  
bd_0_i/hls_inst/inst/dexp_64ns_64ns_64_15_full_dsp_1_U10/top_kernel_dexp_64ns_64ns_64_15_full_dsp_1_ip_u/U0/i_synth/EXP_OP.i_sp_or_dp.OP/i_renorm_and_round/DSP48_E1.DSP48E1_ADD.DSP48E1_ADD/i_no_versal_es1_workaround.DSP: DSP48E2 is not using the D port (AMULTSEL = A and BMULTSEL = B). For improved power characteristics, set DREG and ADREG to '1', tie CED, CEAD, and RSTD to logic '0'.
Related violations: <none>

AVAL-155#12 Advisory
enum_AMULTSEL_BMULTSEL_enum_DREG_ADREG_0_connects_CED_CEAD_RSTD_GND  
bd_0_i/hls_inst/inst/fadd_32ns_32ns_32_5_full_dsp_1_U2/top_kernel_fadd_32ns_32ns_32_5_full_dsp_1_ip_u/U0/i_synth/ADDSUB_OP.ADDSUB/DSP.OP/DSP48E1_BODY.NORM_RND/FULL_USAGE_DSP.SHIFT_RND/i_no_versal_es1_workaround.DSP: DSP48E2 is not using the D port (AMULTSEL = A and BMULTSEL = B). For improved power characteristics, set DREG and ADREG to '1', tie CED, CEAD, and RSTD to logic '0'.
Related violations: <none>

AVAL-155#13 Advisory
enum_AMULTSEL_BMULTSEL_enum_DREG_ADREG_0_connects_CED_CEAD_RSTD_GND  
bd_0_i/hls_inst/inst/faddfsub_32ns_32ns_32_5_full_dsp_1_U1/top_kernel_faddfsub_32ns_32ns_32_5_full_dsp_1_ip_u/U0/i_synth/ADDSUB_OP.ADDSUB/DSP.OP/DSP48E1_BODY.NORM_RND/FULL_USAGE_DSP.SHIFT_RND/i_no_versal_es1_workaround.DSP: DSP48E2 is not using the D port (AMULTSEL = A and BMULTSEL = B). For improved power characteristics, set DREG and ADREG to '1', tie CED, CEAD, and RSTD to logic '0'.
Related violations: <none>

AVAL-155#14 Advisory
enum_AMULTSEL_BMULTSEL_enum_DREG_ADREG_0_connects_CED_CEAD_RSTD_GND  
bd_0_i/hls_inst/inst/fmul_32ns_32ns_32_4_max_dsp_1_U3/top_kernel_fmul_32ns_32ns_32_4_max_dsp_1_ip_u/U0/i_synth/MULT.OP/i_non_prim.MULT/DSP48E1_SPD_SGL_VARIANT.FIX_MULT/DSP1/i_no_versal_es1_workaround.DSP: DSP48E2 is not using the D port (AMULTSEL = A and BMULTSEL = B). For improved power characteristics, set DREG and ADREG to '1', tie CED, CEAD, and RSTD to logic '0'.
Related violations: <none>

AVAL-155#15 Advisory
enum_AMULTSEL_BMULTSEL_enum_DREG_ADREG_0_connects_CED_CEAD_RSTD_GND  
bd_0_i/hls_inst/inst/fmul_32ns_32ns_32_4_max_dsp_1_U3/top_kernel_fmul_32ns_32ns_32_4_max_dsp_1_ip_u/U0/i_synth/MULT.OP/i_non_prim.MULT/DSP48E1_SPD_SGL_VARIANT.FIX_MULT/DSP2/i_no_versal_es1_workaround.DSP: DSP48E2 is not using the D port (AMULTSEL = A and BMULTSEL = B). For improved power characteristics, set DREG and ADREG to '1', tie CED, CEAD, and RSTD to logic '0'.
Related violations: <none>

AVAL-155#16 Advisory
enum_AMULTSEL_BMULTSEL_enum_DREG_ADREG_0_connects_CED_CEAD_RSTD_GND  
bd_0_i/hls_inst/inst/fmul_32ns_32ns_32_4_max_dsp_1_U3/top_kernel_fmul_32ns_32ns_32_4_max_dsp_1_ip_u/U0/i_synth/MULT.OP/i_non_prim.R_AND_R/LAT_OPT.FULL.R_AND_R/DSP48E1_SGL_EXP_IP.OLD_ADD.ADD/i_no_versal_es1_workaround.DSP: DSP48E2 is not using the D port (AMULTSEL = A and BMULTSEL = B). For improved power characteristics, set DREG and ADREG to '1', tie CED, CEAD, and RSTD to logic '0'.
Related violations: <none>

AVAL-155#17 Advisory
enum_AMULTSEL_BMULTSEL_enum_DREG_ADREG_0_connects_CED_CEAD_RSTD_GND  
bd_0_i/hls_inst/inst/fmul_32ns_32ns_32_4_max_dsp_1_U4/top_kernel_fmul_32ns_32ns_32_4_max_dsp_1_ip_u/U0/i_synth/MULT.OP/i_non_prim.MULT/DSP48E1_SPD_SGL_VARIANT.FIX_MULT/DSP1/i_no_versal_es1_workaround.DSP: DSP48E2 is not using the D port (AMULTSEL = A and BMULTSEL = B). For improved power characteristics, set DREG and ADREG to '1', tie CED, CEAD, and RSTD to logic '0'.
Related violations: <none>

AVAL-155#18 Advisory
enum_AMULTSEL_BMULTSEL_enum_DREG_ADREG_0_connects_CED_CEAD_RSTD_GND  
bd_0_i/hls_inst/inst/fmul_32ns_32ns_32_4_max_dsp_1_U4/top_kernel_fmul_32ns_32ns_32_4_max_dsp_1_ip_u/U0/i_synth/MULT.OP/i_non_prim.MULT/DSP48E1_SPD_SGL_VARIANT.FIX_MULT/DSP2/i_no_versal_es1_workaround.DSP: DSP48E2 is not using the D port (AMULTSEL = A and BMULTSEL = B). For improved power characteristics, set DREG and ADREG to '1', tie CED, CEAD, and RSTD to logic '0'.
Related violations: <none>

AVAL-155#19 Advisory
enum_AMULTSEL_BMULTSEL_enum_DREG_ADREG_0_connects_CED_CEAD_RSTD_GND  
bd_0_i/hls_inst/inst/fmul_32ns_32ns_32_4_max_dsp_1_U4/top_kernel_fmul_32ns_32ns_32_4_max_dsp_1_ip_u/U0/i_synth/MULT.OP/i_non_prim.R_AND_R/LAT_OPT.FULL.R_AND_R/DSP48E1_SGL_EXP_IP.OLD_ADD.ADD/i_no_versal_es1_workaround.DSP: DSP48E2 is not using the D port (AMULTSEL = A and BMULTSEL = B). For improved power characteristics, set DREG and ADREG to '1', tie CED, CEAD, and RSTD to logic '0'.
Related violations: <none>

AVAL-156#1 Advisory
enum_USE_MULT_NONE__enum_DREG_ADREG_0_connects_CED_CEAD_RSTD_GND  
bd_0_i/hls_inst/inst/dexp_64ns_64ns_64_15_full_dsp_1_U10/top_kernel_dexp_64ns_64ns_64_15_full_dsp_1_ip_u/U0/i_synth/EXP_OP.i_sp_or_dp.OP/g_Fr_other.i_calculate_e2zm1/dsp.one.dsp48e1_add/i_no_versal_es1_workaround.DSP: DSP48E2 is not using the Multiplier (USE_MULT = NONE). For improved power characteristics, set DREG and ADREG to '1', tie CED, CEAD, and RSTD to logic '0'.
Related violations: <none>

AVAL-156#2 Advisory
enum_USE_MULT_NONE__enum_DREG_ADREG_0_connects_CED_CEAD_RSTD_GND  
bd_0_i/hls_inst/inst/dexp_64ns_64ns_64_15_full_dsp_1_U10/top_kernel_dexp_64ns_64ns_64_15_full_dsp_1_ip_u/U0/i_synth/EXP_OP.i_sp_or_dp.OP/i_calculate_Xf/dsp.two.dsp48e1_add_hi/i_no_versal_es1_workaround.DSP: DSP48E2 is not using the Multiplier (USE_MULT = NONE). For improved power characteristics, set DREG and ADREG to '1', tie CED, CEAD, and RSTD to logic '0'.
Related violations: <none>

AVAL-156#3 Advisory
enum_USE_MULT_NONE__enum_DREG_ADREG_0_connects_CED_CEAD_RSTD_GND  
bd_0_i/hls_inst/inst/dexp_64ns_64ns_64_15_full_dsp_1_U10/top_kernel_dexp_64ns_64ns_64_15_full_dsp_1_ip_u/U0/i_synth/EXP_OP.i_sp_or_dp.OP/i_calculate_Xf/dsp.two.dsp48e1_add_lo/i_no_versal_es1_workaround.DSP: DSP48E2 is not using the Multiplier (USE_MULT = NONE). For improved power characteristics, set DREG and ADREG to '1', tie CED, CEAD, and RSTD to logic '0'.
Related violations: <none>

AVAL-156#4 Advisory
enum_USE_MULT_NONE__enum_DREG_ADREG_0_connects_CED_CEAD_RSTD_GND  
bd_0_i/hls_inst/inst/dexp_64ns_64ns_64_15_full_dsp_1_U10/top_kernel_dexp_64ns_64ns_64_15_full_dsp_1_ip_u/U0/i_synth/EXP_OP.i_sp_or_dp.OP/i_ccm_ln2/g_tables[0].i_addsub/dsp.two.dsp48e1_add_hi/i_no_versal_es1_workaround.DSP: DSP48E2 is not using the Multiplier (USE_MULT = NONE). For improved power characteristics, set DREG and ADREG to '1', tie CED, CEAD, and RSTD to logic '0'.
Related violations: <none>

AVAL-156#5 Advisory
enum_USE_MULT_NONE__enum_DREG_ADREG_0_connects_CED_CEAD_RSTD_GND  
bd_0_i/hls_inst/inst/dexp_64ns_64ns_64_15_full_dsp_1_U10/top_kernel_dexp_64ns_64ns_64_15_full_dsp_1_ip_u/U0/i_synth/EXP_OP.i_sp_or_dp.OP/i_ccm_ln2/g_tables[0].i_addsub/dsp.two.dsp48e1_add_lo/i_no_versal_es1_workaround.DSP: DSP48E2 is not using the Multiplier (USE_MULT = NONE). For improved power characteristics, set DREG and ADREG to '1', tie CED, CEAD, and RSTD to logic '0'.
Related violations: <none>

AVAL-156#6 Advisory
enum_USE_MULT_NONE__enum_DREG_ADREG_0_connects_CED_CEAD_RSTD_GND  
bd_0_i/hls_inst/inst/dexp_64ns_64ns_64_15_full_dsp_1_U10/top_kernel_dexp_64ns_64ns_64_15_full_dsp_1_ip_u/U0/i_synth/EXP_OP.i_sp_or_dp.OP/i_ccm_ln2/g_tables[1].i_addsub/dsp.two.dsp48e1_add_hi/i_no_versal_es1_workaround.DSP: DSP48E2 is not using the Multiplier (USE_MULT = NONE). For improved power characteristics, set DREG and ADREG to '1', tie CED, CEAD, and RSTD to logic '0'.
Related violations: <none>

AVAL-156#7 Advisory
enum_USE_MULT_NONE__enum_DREG_ADREG_0_connects_CED_CEAD_RSTD_GND  
bd_0_i/hls_inst/inst/dexp_64ns_64ns_64_15_full_dsp_1_U10/top_kernel_dexp_64ns_64ns_64_15_full_dsp_1_ip_u/U0/i_synth/EXP_OP.i_sp_or_dp.OP/i_ccm_ln2/g_tables[1].i_addsub/dsp.two.dsp48e1_add_lo/i_no_versal_es1_workaround.DSP: DSP48E2 is not using the Multiplier (USE_MULT = NONE). For improved power characteristics, set DREG and ADREG to '1', tie CED, CEAD, and RSTD to logic '0'.
Related violations: <none>

AVAL-156#8 Advisory
enum_USE_MULT_NONE__enum_DREG_ADREG_0_connects_CED_CEAD_RSTD_GND  
bd_0_i/hls_inst/inst/dexp_64ns_64ns_64_15_full_dsp_1_U10/top_kernel_dexp_64ns_64ns_64_15_full_dsp_1_ip_u/U0/i_synth/EXP_OP.i_sp_or_dp.OP/i_ccm_recip_ln2/g_tables[0].i_addsub/dsp.one.dsp48e1_add/i_no_versal_es1_workaround.DSP: DSP48E2 is not using the Multiplier (USE_MULT = NONE). For improved power characteristics, set DREG and ADREG to '1', tie CED, CEAD, and RSTD to logic '0'.
Related violations: <none>

AVAL-156#9 Advisory
enum_USE_MULT_NONE__enum_DREG_ADREG_0_connects_CED_CEAD_RSTD_GND  
bd_0_i/hls_inst/inst/dexp_64ns_64ns_64_15_full_dsp_1_U10/top_kernel_dexp_64ns_64ns_64_15_full_dsp_1_ip_u/U0/i_synth/EXP_OP.i_sp_or_dp.OP/i_ccm_recip_ln2/g_tables[1].i_addsub/dsp.one.dsp48e1_add/i_no_versal_es1_workaround.DSP: DSP48E2 is not using the Multiplier (USE_MULT = NONE). For improved power characteristics, set DREG and ADREG to '1', tie CED, CEAD, and RSTD to logic '0'.
Related violations: <none>

AVAL-156#10 Advisory
enum_USE_MULT_NONE__enum_DREG_ADREG_0_connects_CED_CEAD_RSTD_GND  
bd_0_i/hls_inst/inst/dexp_64ns_64ns_64_15_full_dsp_1_U10/top_kernel_dexp_64ns_64ns_64_15_full_dsp_1_ip_u/U0/i_synth/EXP_OP.i_sp_or_dp.OP/i_ccm_recip_ln2/g_tables[2].i_addsub/dsp.one.dsp48e1_add/i_no_versal_es1_workaround.DSP: DSP48E2 is not using the Multiplier (USE_MULT = NONE). For improved power characteristics, set DREG and ADREG to '1', tie CED, CEAD, and RSTD to logic '0'.
Related violations: <none>

AVAL-156#11 Advisory
enum_USE_MULT_NONE__enum_DREG_ADREG_0_connects_CED_CEAD_RSTD_GND  
bd_0_i/hls_inst/inst/dexp_64ns_64ns_64_15_full_dsp_1_U10/top_kernel_dexp_64ns_64ns_64_15_full_dsp_1_ip_u/U0/i_synth/EXP_OP.i_sp_or_dp.OP/i_renorm_and_round/DSP48_E1.DSP48E1_ADD.DSP48E1_ADD/i_no_versal_es1_workaround.DSP: DSP48E2 is not using the Multiplier (USE_MULT = NONE). For improved power characteristics, set DREG and ADREG to '1', tie CED, CEAD, and RSTD to logic '0'.
Related violations: <none>

AVAL-156#12 Advisory
enum_USE_MULT_NONE__enum_DREG_ADREG_0_connects_CED_CEAD_RSTD_GND  
bd_0_i/hls_inst/inst/fmul_32ns_32ns_32_4_max_dsp_1_U3/top_kernel_fmul_32ns_32ns_32_4_max_dsp_1_ip_u/U0/i_synth/MULT.OP/i_non_prim.R_AND_R/LAT_OPT.FULL.R_AND_R/DSP48E1_SGL_EXP_IP.OLD_ADD.ADD/i_no_versal_es1_workaround.DSP: DSP48E2 is not using the Multiplier (USE_MULT = NONE). For improved power characteristics, set DREG and ADREG to '1', tie CED, CEAD, and RSTD to logic '0'.
Related violations: <none>

AVAL-156#13 Advisory
enum_USE_MULT_NONE__enum_DREG_ADREG_0_connects_CED_CEAD_RSTD_GND  
bd_0_i/hls_inst/inst/fmul_32ns_32ns_32_4_max_dsp_1_U4/top_kernel_fmul_32ns_32ns_32_4_max_dsp_1_ip_u/U0/i_synth/MULT.OP/i_non_prim.R_AND_R/LAT_OPT.FULL.R_AND_R/DSP48E1_SGL_EXP_IP.OLD_ADD.ADD/i_no_versal_es1_workaround.DSP: DSP48E2 is not using the Multiplier (USE_MULT = NONE). For improved power characteristics, set DREG and ADREG to '1', tie CED, CEAD, and RSTD to logic '0'.
Related violations: <none>


