

================================================================
== Vitis HLS Report for 'ag_pipeline_baseline'
================================================================
* Date:           Sat Mar 28 00:11:30 2026

* Version:        2025.1.1 (Build 6214317 on Sep 11 2025)
* Project:        project_1
* Solution:       hls (Vivado IP Flow Target)
* Product family: zynquplus
* Target device:  xczu3eg-sbva484-1-e


================================================================
== Performance Estimates
================================================================
+ Timing: 
    * Summary: 
    +--------+----------+----------+------------+
    |  Clock |  Target  | Estimated| Uncertainty|
    +--------+----------+----------+------------+
    |ap_clk  |  10.00 ns|  7.143 ns|     2.70 ns|
    +--------+----------+----------+------------+

+ Latency: 
    * Summary: 
    +---------+---------+-----------+-----------+---------+---------+---------+
    |  Latency (cycles) |   Latency (absolute)  |      Interval     | Pipeline|
    |   min   |   max   |    min    |    max    |   min   |   max   |   Type  |
    +---------+---------+-----------+-----------+---------+---------+---------+
    |  2021082|  2348762|  20.211 ms|  23.488 ms|  2021083|  2348763|       no|
    +---------+---------+-----------+-----------+---------+---------+---------+

    + Detail: 
        * Instance: 
        +--------------------------------------+---------------------------+---------+---------+----------+----------+--------+--------+---------+
        |                                      |                           |  Latency (cycles) |  Latency (absolute) |     Interval    | Pipeline|
        |               Instance               |           Module          |   min   |   max   |    min   |    max   |   min  |   max  |   Type  |
        +--------------------------------------+---------------------------+---------+---------+----------+----------+--------+--------+---------+
        |grp_noise_reduction_fu_317            |noise_reduction            |   428905|   428905|  4.289 ms|  4.289 ms|  428905|  428905|       no|
        |grp_calibrate_fu_326                  |calibrate                  |    49411|    49411|  0.494 ms|  0.494 ms|   49411|   49411|       no|
        |grp_extract_edges_and_profile_fu_338  |extract_edges_and_profile  |    95509|    95509|  0.955 ms|  0.955 ms|   95509|   95509|       no|
        +--------------------------------------+---------------------------+---------+---------+----------+----------+--------+--------+---------+

        * Loop: 
        +------------------------+---------+---------+------------+-----------+-----------+------+----------+
        |                        |  Latency (cycles) |  Iteration |  Initiation Interval  | Trip |          |
        |        Loop Name       |   min   |   max   |   Latency  |  achieved |   target  | Count| Pipelined|
        +------------------------+---------+---------+------------+-----------+-----------+------+----------+
        |- VITIS_LOOP_31_1       |    49408|   377088|  386 ~ 2946|          -|          -|   128|        no|
        | + VITIS_LOOP_32_2      |      384|     2944|      3 ~ 23|          -|          -|   128|        no|
        |- VITIS_LOOP_42_1       |   968936|   968936|        7814|          -|          -|   124|        no|
        | + VITIS_LOOP_43_2      |     7812|     7812|          63|          -|          -|   124|        no|
        |  ++ VITIS_LOOP_45_3    |       60|       60|          12|          -|          -|     5|        no|
        |   +++ VITIS_LOOP_46_4  |       10|       10|           2|          -|          -|     5|        no|
        +------------------------+---------+---------+------------+-----------+-----------+------+----------+



================================================================
== Utilization Estimates
================================================================
* Summary: 
+-----------------+---------+-----+--------+-------+-----+
|       Name      | BRAM_18K| DSP |   FF   |  LUT  | URAM|
+-----------------+---------+-----+--------+-------+-----+
|DSP              |        -|    -|       -|      -|    -|
|Expression       |        -|    -|       0|    588|    -|
|FIFO             |        -|    -|       -|      -|    -|
|Instance         |        -|    5|     956|   4636|    -|
|Memory           |       64|    -|       0|      0|    0|
|Multiplexer      |        -|    -|       0|    511|    -|
|Register         |        -|    -|     227|      -|    -|
+-----------------+---------+-----+--------+-------+-----+
|Total            |       64|    5|    1183|   5735|    0|
+-----------------+---------+-----+--------+-------+-----+
|Available        |      432|  360|  141120|  70560|    0|
+-----------------+---------+-----+--------+-------+-----+
|Utilization (%)  |       14|    1|      ~0|      8|    0|
+-----------------+---------+-----+--------+-------+-----+

+ Detail: 
    * Instance: 
    +--------------------------------------+----------------------------+---------+----+-----+------+-----+
    |               Instance               |           Module           | BRAM_18K| DSP|  FF |  LUT | URAM|
    +--------------------------------------+----------------------------+---------+----+-----+------+-----+
    |grp_calibrate_fu_326                  |calibrate                   |        0|   1|  455|  3314|    0|
    |grp_extract_edges_and_profile_fu_338  |extract_edges_and_profile   |        0|   0|  164|   669|    0|
    |mul_24s_26ns_50_1_1_U27               |mul_24s_26ns_50_1_1         |        0|   2|    0|    44|    0|
    |grp_noise_reduction_fu_317            |noise_reduction             |        0|   2|  111|   499|    0|
    |sdiv_18ns_11ns_18_22_seq_1_U28        |sdiv_18ns_11ns_18_22_seq_1  |        0|   0|  226|   110|    0|
    +--------------------------------------+----------------------------+---------+----+-----+------+-----+
    |Total                                 |                            |        0|   5|  956|  4636|    0|
    +--------------------------------------+----------------------------+---------+----+-----+------+-----+

    * DSP: 
    N/A

    * Memory: 
    +--------+--------------------+---------+---+----+-----+-------+-----+------+-------------+
    | Memory |       Module       | BRAM_18K| FF| LUT| URAM| Words | Bits| Banks| W*Bits*Banks|
    +--------+--------------------+---------+---+----+-----+-------+-----+------+-------------+
    |buf1_U  |buf1_RAM_AUTO_1R1W  |       16|  0|   0|    0|  16384|   16|     1|       262144|
    |buf2_U  |buf2_RAM_AUTO_1R1W  |       16|  0|   0|    0|  16384|   16|     1|       262144|
    |buf5_U  |buf2_RAM_AUTO_1R1W  |       16|  0|   0|    0|  16384|   16|     1|       262144|
    |buf3_U  |buf3_RAM_AUTO_1R1W  |        8|  0|   0|    0|  16384|    9|     1|       147456|
    |buf4_U  |buf3_RAM_AUTO_1R1W  |        8|  0|   0|    0|  16384|    9|     1|       147456|
    +--------+--------------------+---------+---+----+-----+-------+-----+------+-------------+
    |Total   |                    |       64|  0|   0|    0|  81920|   66|     5|      1081344|
    +--------+--------------------+---------+---+----+-----+-------+-----+------+-------------+

    * FIFO: 
    N/A

    * Expression: 
    +---------------------------------+----------+----+---+----+------------+------------+
    |          Variable Name          | Operation| DSP| FF| LUT| Bitwidth P0| Bitwidth P1|
    +---------------------------------+----------+----+---+----+------------+------------+
    |add_ln31_fu_364_p2               |         +|   0|  0|  15|           8|           1|
    |add_ln32_fu_393_p2               |         +|   0|  0|  15|           8|           1|
    |add_ln33_fu_403_p2               |         +|   0|  0|  21|          14|          14|
    |add_ln42_fu_596_p2               |         +|   0|  0|  14|           7|           1|
    |add_ln43_fu_716_p2               |         +|   0|  0|  14|           7|           1|
    |add_ln45_fu_756_p2               |         +|   0|  0|  10|           3|           1|
    |add_ln46_fu_750_p2               |         +|   0|  0|  10|           3|           1|
    |add_ln47_2_fu_776_p2             |         +|   0|  0|  24|          17|          17|
    |add_ln47_fu_732_p2               |         +|   0|  0|  14|           7|           7|
    |denom_fu_427_p2                  |         +|   0|  0|  17|          10|          10|
    |empty_fu_616_p2                  |         +|   0|  0|  14|           7|           7|
    |local_sum_3_fu_770_p2            |         +|   0|  0|  23|          16|          16|
    |sub_ln35_fu_439_p2               |         -|   0|  0|  17|          10|          10|
    |sub_ln48_1_fu_694_p2             |         -|   0|  0|  19|           1|          12|
    |sub_ln48_fu_638_p2               |         -|   0|  0|  56|           1|          49|
    |and_ln35_1_fu_539_p2             |       and|   0|  0|   2|           1|           1|
    |and_ln35_fu_521_p2               |       and|   0|  0|   2|           1|           1|
    |and_ln47_fu_804_p2               |       and|   0|  0|   2|           1|           1|
    |and_ln48_1_fu_882_p2             |       and|   0|  0|   2|           1|           1|
    |and_ln48_2_fu_871_p2             |       and|   0|  0|   2|           1|           1|
    |and_ln48_fu_865_p2               |       and|   0|  0|   2|           1|           1|
    |icmp_ln31_fu_358_p2              |      icmp|   0|  0|  16|           8|           9|
    |icmp_ln32_fu_387_p2              |      icmp|   0|  0|  16|           8|           9|
    |icmp_ln34_fu_433_p2              |      icmp|   0|  0|  17|          10|           1|
    |icmp_ln35_1_fu_503_p2            |      icmp|   0|  0|   9|           2|           1|
    |icmp_ln35_fu_497_p2              |      icmp|   0|  0|   9|           2|           2|
    |icmp_ln42_fu_571_p2              |      icmp|   0|  0|  14|           7|           3|
    |icmp_ln43_fu_577_p2              |      icmp|   0|  0|  14|           7|           3|
    |icmp_ln45_fu_606_p2              |      icmp|   0|  0|  10|           3|           2|
    |icmp_ln46_fu_722_p2              |      icmp|   0|  0|  10|           3|           2|
    |icmp_ln49_fu_910_p2              |      icmp|   0|  0|  23|          16|          16|
    |ap_block_state4_on_subcall_done  |        or|   0|  0|   2|           1|           1|
    |buf1_we0                         |        or|   0|  0|   2|           1|           1|
    |or_ln35_1_fu_533_p2              |        or|   0|  0|   2|           1|           1|
    |or_ln35_2_fu_553_p2              |        or|   0|  0|   2|           1|           1|
    |or_ln35_fu_509_p2                |        or|   0|  0|   2|           1|           1|
    |or_ln48_1_fu_896_p2              |        or|   0|  0|   2|           1|           1|
    |or_ln48_fu_854_p2                |        or|   0|  0|   2|           1|           1|
    |local_sum_4_fu_824_p3            |    select|   0|  0|  16|           1|          16|
    |mean_1_fu_902_p3                 |    select|   0|  0|  16|           1|          16|
    |mean_fu_700_p3                   |    select|   0|  0|  12|           1|          12|
    |select_ln35_1_fu_559_p3          |    select|   0|  0|  16|           1|          16|
    |select_ln35_fu_545_p3            |    select|   0|  0|  17|           1|          15|
    |select_ln47_fu_816_p3            |    select|   0|  0|  17|           1|          15|
    |select_ln48_1_fu_682_p3          |    select|   0|  0|  10|           1|          11|
    |select_ln48_fu_888_p3            |    select|   0|  0|  17|           1|          15|
    |select_ln49_fu_916_p3            |    select|   0|  0|   8|           1|           9|
    |xor_ln35_1_fu_527_p2             |       xor|   0|  0|   2|           1|           2|
    |xor_ln35_fu_515_p2               |       xor|   0|  0|   2|           1|           2|
    |xor_ln47_1_fu_810_p2             |       xor|   0|  0|   2|           1|           1|
    |xor_ln47_fu_798_p2               |       xor|   0|  0|   2|           1|           2|
    |xor_ln48_1_fu_876_p2             |       xor|   0|  0|   2|           2|           1|
    |xor_ln48_fu_859_p2               |       xor|   0|  0|   2|           1|           2|
    +---------------------------------+----------+----+---+----+------------+------------+
    |Total                            |          |   0|  0| 588|         214|         344|
    +---------------------------------+----------+----+---+----+------------+------------+

    * Multiplexer: 
    +--------------------------------------+-----+-----------+-----+-----------+
    |                 Name                 | LUT | Input Size| Bits| Total Bits|
    +--------------------------------------+-----+-----------+-----+-----------+
    |ap_NS_fsm                             |  169|         38|    1|         38|
    |ap_phi_mux_storemerge_phi_fu_250_p4   |    9|          2|   16|         32|
    |buf1_address0                         |   20|          4|   14|         56|
    |buf1_ce0                              |   20|          4|    1|          4|
    |buf1_ce1                              |    9|          2|    1|          2|
    |buf1_d0                               |    9|          2|   16|         32|
    |buf1_we0                              |    9|          2|    1|          2|
    |buf2_address0                         |   14|          3|   14|         42|
    |buf2_ce0                              |   14|          3|    1|          3|
    |buf2_we0                              |    9|          2|    1|          2|
    |buf3_address0                         |    9|          2|   14|         28|
    |buf3_ce0                              |    9|          2|    1|          2|
    |buf3_we0                              |    9|          2|    1|          2|
    |buf4_address0                         |    9|          2|   14|         28|
    |buf4_ce0                              |    9|          2|    1|          2|
    |buf4_we0                              |    9|          2|    1|          2|
    |buf5_address0_local                   |   20|          4|   14|         56|
    |c_1_reg_258                           |    9|          2|    7|         14|
    |c_reg_235                             |    9|          2|    8|         16|
    |grp_calibrate_fu_326_gain             |   14|          3|   32|         96|
    |grp_calibrate_fu_326_in_r_q0          |   14|          3|   16|         48|
    |grp_calibrate_fu_326_offset           |   14|          3|   32|         96|
    |grp_noise_reduction_fu_317_red_in_q0  |   14|          3|   16|         48|
    |i_reg_270                             |    9|          2|    3|          6|
    |j_reg_294                             |    9|          2|    3|          6|
    |local_sum_2_reg_305                   |    9|          2|   16|         32|
    |local_sum_reg_282                     |    9|          2|   16|         32|
    |nir_in_ce0                            |    9|          2|    1|          2|
    |r_1_fu_172                            |    9|          2|    7|         14|
    |r_fu_148                              |    9|          2|    8|         16|
    |red_in_ce0                            |    9|          2|    1|          2|
    |storemerge_reg_246                    |    9|          2|   16|         32|
    +--------------------------------------+-----+-----------+-----+-----------+
    |Total                                 |  511|        112|  294|        793|
    +--------------------------------------+-----+-----------+-----+-----------+

    * Register: 
    +---------------------------------------------------+----+----+-----+-----------+
    |                        Name                       | FF | LUT| Bits| Const Bits|
    +---------------------------------------------------+----+----+-----+-----------+
    |add_ln31_reg_935                                   |   8|   0|    8|          0|
    |add_ln32_reg_955                                   |   8|   0|    8|          0|
    |add_ln43_reg_1030                                  |   7|   0|    7|          0|
    |add_ln46_reg_1043                                  |   3|   0|    3|          0|
    |ap_CS_fsm                                          |  37|   0|   37|          0|
    |buf1_addr_reg_1000                                 |  14|   0|   14|          0|
    |c_1_reg_258                                        |   7|   0|    7|          0|
    |c_reg_235                                          |   8|   0|    8|          0|
    |empty_reg_1013                                     |   7|   0|    7|          0|
    |grp_calibrate_fu_326_ap_start_reg                  |   1|   0|    1|          0|
    |grp_extract_edges_and_profile_fu_338_ap_start_reg  |   1|   0|    1|          0|
    |grp_noise_reduction_fu_317_ap_start_reg            |   1|   0|    1|          0|
    |i_reg_270                                          |   3|   0|    3|          0|
    |icmp_ln34_reg_975                                  |   1|   0|    1|          0|
    |j_reg_294                                          |   3|   0|    3|          0|
    |local_sum_2_reg_305                                |  16|   0|   16|          0|
    |local_sum_reg_282                                  |  16|   0|   16|          0|
    |mean_reg_1018                                      |  12|   0|   12|          0|
    |out_addr_1_reg_1005                                |  14|   0|   14|          0|
    |out_addr_reg_970                                   |  14|   0|   14|          0|
    |r_1_fu_172                                         |   7|   0|    7|          0|
    |r_4_reg_989                                        |   7|   0|    7|          0|
    |r_fu_148                                           |   8|   0|    8|          0|
    |storemerge_reg_246                                 |  16|   0|   16|          0|
    |tmp_46_reg_1024                                    |   1|   0|    1|          0|
    |tmp_s_reg_940                                      |   7|   0|   14|          7|
    +---------------------------------------------------+----+----+-----+-----------+
    |Total                                              | 227|   0|  234|          7|
    +---------------------------------------------------+----+----+-----+-----------+



================================================================
== Interface
================================================================
* Summary: 
+----------------------+-----+-----+------------+----------------------+--------------+
|       RTL Ports      | Dir | Bits|  Protocol  |     Source Object    |    C Type    |
+----------------------+-----+-----+------------+----------------------+--------------+
|ap_clk                |   in|    1|  ap_ctrl_hs|  ag_pipeline_baseline|  return value|
|ap_rst                |   in|    1|  ap_ctrl_hs|  ag_pipeline_baseline|  return value|
|ap_start              |   in|    1|  ap_ctrl_hs|  ag_pipeline_baseline|  return value|
|ap_done               |  out|    1|  ap_ctrl_hs|  ag_pipeline_baseline|  return value|
|ap_idle               |  out|    1|  ap_ctrl_hs|  ag_pipeline_baseline|  return value|
|ap_ready              |  out|    1|  ap_ctrl_hs|  ag_pipeline_baseline|  return value|
|red_in_address0       |  out|   14|   ap_memory|                red_in|         array|
|red_in_ce0            |  out|    1|   ap_memory|                red_in|         array|
|red_in_q0             |   in|   16|   ap_memory|                red_in|         array|
|nir_in_address0       |  out|   14|   ap_memory|                nir_in|         array|
|nir_in_ce0            |  out|    1|   ap_memory|                nir_in|         array|
|nir_in_q0             |   in|   16|   ap_memory|                nir_in|         array|
|profile_out_address0  |  out|    7|   ap_memory|           profile_out|         array|
|profile_out_ce0       |  out|    1|   ap_memory|           profile_out|         array|
|profile_out_we0       |  out|    1|   ap_memory|           profile_out|         array|
|profile_out_d0        |  out|   16|   ap_memory|           profile_out|         array|
+----------------------+-----+-----+------------+----------------------+--------------+

