================================================================
== Design Size Report
================================================================

* Total Instructions per Compilation Phase
+---------------+-----------------------------+--------------+----------------------------------------------------------------------------------------+
| Phase         | Step                        | Instructions | Description                                                                            |
+---------------+-----------------------------+--------------+----------------------------------------------------------------------------------------+
| Compile/Link  |                             | 36,478       | After all functions are compiled and linked into a single design                       |
|               |                             |              |                                                                                        |
| Unroll/Inline |                             |              | After user unroll and inline pragmas are applied                                       |
|               | (1) unroll                  |  2,786       | user unroll pragmas are applied                                                        |
|               | (2) simplification          |    389       | simplification of applied user unroll pragmas                                          |
|               | (3) inline                  |    344       | user inline pragmas are applied                                                        |
|               | (4) simplification          |    292       | simplification of applied user inline pragmas                                          |
|               |                             |              |                                                                                        |
| Array/Struct  |                             |              | After user array partition and struct aggregate/disaggregate pragmas are applied       |
|               | (1) array partition         |    292       | user array partition pragmas are applied                                               |
|               | (2) simplification          |    292       | simplification of applied user array partition & struct aggregate/disaggregate pragmas |
|               | (3) aggregate/disaggregate  |    292       | user struct aggregate/disaggregate pragmas are applied                                 |
|               | (4) array reshape           |    292       | apply array reshape pragmas                                                            |
|               | (5) access patterns         |    300       | array access pattern optmizations                                                      |
|               |                             |              |                                                                                        |
| Performance   |                             |              | After transformations are applied to meet performance pragma targets                   |
|               | (1) loop simplification     |    300       | loop and instruction simplification                                                    |
|               | (2) parallelization         |    290       | loops are unrolled or pipelined to meet performance targets                            |
|               | (3) array partition         |    290       | arrays are partitioned to meet performance targets                                     |
|               | (4) simplification          |    290       | simplification of design after performance transformations                             |
|               |                             |              |                                                                                        |
| HW Transforms |                             |              | After hardware transfomations                                                          |
|               | (1) lowering                |    302       | initial conversion to HW specific instructions                                         |
|               | (2) optimizations           |    375       | high level synthesis optimizations                                                     |
+---------------+-----------------------------+--------------+----------------------------------------------------------------------------------------+

* Instructions per Function for each Compilation Phase
+--------------+-------------------+--------------+---------------+--------------+-------------+---------------+
| Function     | Location          | Compile/Link | Unroll/Inline | Array/Struct | Performance | HW Transforms |
+--------------+-------------------+--------------+---------------+--------------+-------------+---------------+
| + top_kernel | top.cpp:5         | 36,478       | 292           | 300          | 290         | 375           |
|    atan2     | atan2double.cpp:6 | 31,692       |               |              |             |               |
+--------------+-------------------+--------------+---------------+--------------+-------------+---------------+

* Design Size Message Settings
+---------------------------------------------+--------+------------------------------------------------------------------+
| Message Setting                             | Value  | Description                                                      |
+---------------------------------------------+--------+------------------------------------------------------------------+
| config_compile -design_size_maximum_warning | 100000 | Show a warning when total design instructions exceeds this value |
+---------------------------------------------+--------+------------------------------------------------------------------+


