

================================================================
== Vitis HLS Report for 'extract_edges_and_profile'
================================================================
* Date:           Sat Mar 28 00:11:30 2026

* Version:        2025.1.1 (Build 6214317 on Sep 11 2025)
* Project:        project_1
* Solution:       hls (Vivado IP Flow Target)
* Product family: zynquplus
* Target device:  xczu3eg-sbva484-1-e


================================================================
== Performance Estimates
================================================================
+ Timing: 
    * Summary: 
    +--------+----------+----------+------------+
    |  Clock |  Target  | Estimated| Uncertainty|
    +--------+----------+----------+------------+
    |ap_clk  |  10.00 ns|  6.582 ns|     2.70 ns|
    +--------+----------+----------+------------+

+ Latency: 
    * Summary: 
    +---------+---------+----------+----------+-------+-------+---------+
    |  Latency (cycles) |  Latency (absolute) |    Interval   | Pipeline|
    |   min   |   max   |    min   |    max   |  min  |  max  |   Type  |
    +---------+---------+----------+----------+-------+-------+---------+
    |    95509|    95509|  0.955 ms|  0.955 ms|  95509|  95509|       no|
    +---------+---------+----------+----------+-------+-------+---------+

    + Detail: 
        * Instance: 
        N/A

        * Loop: 
        +--------------------+---------+---------+----------+-----------+-----------+------+----------+
        |                    |  Latency (cycles) | Iteration|  Initiation Interval  | Trip |          |
        |      Loop Name     |   min   |   max   |  Latency |  achieved |   target  | Count| Pipelined|
        +--------------------+---------+---------+----------+-----------+-----------+------+----------+
        |- VITIS_LOOP_56_1   |    95508|    95508|       758|          -|          -|   126|        no|
        | + VITIS_LOOP_58_2  |      756|      756|         6|          -|          -|   126|        no|
        +--------------------+---------+---------+----------+-----------+-----------+------+----------+



================================================================
== Utilization Estimates
================================================================
* Summary: 
+-----------------+---------+-----+--------+-------+-----+
|       Name      | BRAM_18K| DSP |   FF   |  LUT  | URAM|
+-----------------+---------+-----+--------+-------+-----+
|DSP              |        -|    -|       -|      -|    -|
|Expression       |        -|    -|       0|    541|    -|
|FIFO             |        -|    -|       -|      -|    -|
|Instance         |        -|    -|       -|      -|    -|
|Memory           |        -|    -|       -|      -|    -|
|Multiplexer      |        -|    -|       0|    128|    -|
|Register         |        -|    -|     164|      -|    -|
+-----------------+---------+-----+--------+-------+-----+
|Total            |        0|    0|     164|    669|    0|
+-----------------+---------+-----+--------+-------+-----+
|Available        |      432|  360|  141120|  70560|    0|
+-----------------+---------+-----+--------+-------+-----+
|Utilization (%)  |        0|    0|      ~0|     ~0|    0|
+-----------------+---------+-----+--------+-------+-----+

+ Detail: 
    * Instance: 
    N/A

    * DSP: 
    N/A

    * Memory: 
    N/A

    * FIFO: 
    N/A

    * Expression: 
    +-----------------------------+----------+----+---+----+------------+------------+
    |        Variable Name        | Operation| DSP| FF| LUT| Bitwidth P0| Bitwidth P1|
    +-----------------------------+----------+----+---+----+------------+------------+
    |add_ln59_1_fu_303_p2         |         +|   0|  0|  25|          18|          18|
    |add_ln59_2_fu_331_p2         |         +|   0|  0|  14|           7|           1|
    |add_ln59_3_fu_386_p2         |         +|   0|  0|  19|          19|          19|
    |add_ln59_fu_217_p2           |         +|   0|  0|  14|           7|           2|
    |add_ln60_1_fu_524_p2         |         +|   0|  0|  18|          18|          18|
    |add_ln60_fu_515_p2           |         +|   0|  0|  18|          18|          18|
    |add_ln61_fu_687_p2           |         +|   0|  0|  24|          17|          17|
    |empty_fu_205_p2              |         +|   0|  0|  14|           7|           2|
    |indvars_iv_next32_fu_199_p2  |         +|   0|  0|  14|           7|           1|
    |sub_ln59_1_fu_325_p2         |         -|   0|  0|  26|          19|          19|
    |sub_ln59_2_fu_394_p2         |         -|   0|  0|  19|          19|          19|
    |sub_ln59_fu_281_p2           |         -|   0|  0|  24|          17|          17|
    |sub_ln60_1_fu_552_p2         |         -|   0|  0|  19|          19|          19|
    |sub_ln60_2_fu_558_p2         |         -|   0|  0|  19|          19|          19|
    |sub_ln60_fu_534_p2           |         -|   0|  0|  26|          19|          19|
    |and_ln59_1_fu_472_p2         |       and|   0|  0|   2|           1|           1|
    |and_ln59_fu_454_p2           |       and|   0|  0|   2|           1|           1|
    |and_ln60_1_fu_636_p2         |       and|   0|  0|   2|           1|           1|
    |and_ln60_fu_618_p2           |       and|   0|  0|   2|           1|           1|
    |and_ln61_fu_719_p2           |       and|   0|  0|   2|           1|           1|
    |icmp_ln56_fu_189_p2          |      icmp|   0|  0|  14|           7|           2|
    |icmp_ln58_fu_211_p2          |      icmp|   0|  0|  14|           7|           2|
    |icmp_ln59_1_fu_436_p2        |      icmp|   0|  0|  10|           3|           1|
    |icmp_ln59_fu_430_p2          |      icmp|   0|  0|  10|           3|           2|
    |icmp_ln60_1_fu_600_p2        |      icmp|   0|  0|  10|           3|           1|
    |icmp_ln60_fu_594_p2          |      icmp|   0|  0|  10|           3|           2|
    |icmp_ln61_fu_670_p2          |      icmp|   0|  0|  23|          16|           1|
    |or_ln59_1_fu_466_p2          |        or|   0|  0|   2|           1|           1|
    |or_ln59_2_fu_486_p2          |        or|   0|  0|   2|           1|           1|
    |or_ln59_fu_442_p2            |        or|   0|  0|   2|           1|           1|
    |or_ln60_1_fu_630_p2          |        or|   0|  0|   2|           1|           1|
    |or_ln60_2_fu_650_p2          |        or|   0|  0|   2|           1|           1|
    |or_ln60_fu_606_p2            |        or|   0|  0|   2|           1|           1|
    |or_ln61_fu_664_p2            |        or|   0|  0|  16|          16|          16|
    |col_acc_2_fu_739_p3          |    select|   0|  0|  16|           1|          16|
    |gx_1_fu_492_p3               |    select|   0|  0|  16|           1|          16|
    |gy_1_fu_656_p3               |    select|   0|  0|  16|           1|          16|
    |select_ln59_fu_478_p3        |    select|   0|  0|  17|           1|          15|
    |select_ln60_fu_642_p3        |    select|   0|  0|  17|           1|          15|
    |select_ln61_1_fu_731_p3      |    select|   0|  0|  17|           1|          15|
    |select_ln61_fu_680_p3        |    select|   0|  0|   8|           1|           9|
    |xor_ln59_1_fu_460_p2         |       xor|   0|  0|   2|           1|           2|
    |xor_ln59_fu_448_p2           |       xor|   0|  0|   2|           1|           2|
    |xor_ln60_1_fu_624_p2         |       xor|   0|  0|   2|           1|           2|
    |xor_ln60_fu_612_p2           |       xor|   0|  0|   2|           1|           2|
    |xor_ln61_1_fu_725_p2         |       xor|   0|  0|   2|           1|           1|
    |xor_ln61_fu_713_p2           |       xor|   0|  0|   2|           1|           2|
    +-----------------------------+----------+----+---+----+------------+------------+
    |Total                        |          |   0|  0| 541|         312|         359|
    +-----------------------------+----------+----+---+----+------------+------------+

    * Multiplexer: 
    +---------------------+----+-----------+-----+-----------+
    |         Name        | LUT| Input Size| Bits| Total Bits|
    +---------------------+----+-----------+-----+-----------+
    |ap_NS_fsm            |  49|          9|    1|          9|
    |c_fu_66              |   9|          2|    7|         14|
    |col_acc_reg_168      |   9|          2|   16|         32|
    |in_r_address0_local  |  26|          5|   14|         70|
    |in_r_address1_local  |  26|          5|   14|         70|
    |r_reg_156            |   9|          2|    7|         14|
    +---------------------+----+-----------+-----+-----------+
    |Total                | 128|         25|   59|        209|
    +---------------------+----+-----------+-----+-----------+

    * Register: 
    +---------------------------+----+----+-----+-----------+
    |            Name           | FF | LUT| Bits| Const Bits|
    +---------------------------+----+----+-----+-----------+
    |add_ln59_2_reg_828         |   7|   0|    7|          0|
    |add_ln59_reg_786           |   7|   0|    7|          0|
    |ap_CS_fsm                  |   8|   0|    8|          0|
    |c_1_reg_754                |   7|   0|    7|          0|
    |c_fu_66                    |   7|   0|    7|          0|
    |col_acc_reg_168            |  16|   0|   16|          0|
    |empty_reg_776              |   7|   0|    7|          0|
    |icmp_ln61_reg_864          |   1|   0|    1|          0|
    |in_load_1_reg_817          |  16|   0|   16|          0|
    |in_load_4_reg_854          |  16|   0|   16|          0|
    |in_load_5_reg_859          |  16|   0|   16|          0|
    |in_load_reg_811            |  16|   0|   16|          0|
    |indvars_iv_next32_reg_768  |   7|   0|    7|          0|
    |r_reg_156                  |   7|   0|    7|          0|
    |sub_ln59_1_reg_823         |  19|   0|   19|          0|
    |zext_ln56_reg_763          |   7|   0|   64|         57|
    +---------------------------+----+----+-----+-----------+
    |Total                      | 164|   0|  221|         57|
    +---------------------------+----+----+-----+-----------+



================================================================
== Interface
================================================================
* Summary: 
+----------------------+-----+-----+------------+---------------------------+--------------+
|       RTL Ports      | Dir | Bits|  Protocol  |       Source Object       |    C Type    |
+----------------------+-----+-----+------------+---------------------------+--------------+
|ap_clk                |   in|    1|  ap_ctrl_hs|  extract_edges_and_profile|  return value|
|ap_rst                |   in|    1|  ap_ctrl_hs|  extract_edges_and_profile|  return value|
|ap_start              |   in|    1|  ap_ctrl_hs|  extract_edges_and_profile|  return value|
|ap_done               |  out|    1|  ap_ctrl_hs|  extract_edges_and_profile|  return value|
|ap_idle               |  out|    1|  ap_ctrl_hs|  extract_edges_and_profile|  return value|
|ap_ready              |  out|    1|  ap_ctrl_hs|  extract_edges_and_profile|  return value|
|in_r_address0         |  out|   14|   ap_memory|                       in_r|         array|
|in_r_ce0              |  out|    1|   ap_memory|                       in_r|         array|
|in_r_q0               |   in|   16|   ap_memory|                       in_r|         array|
|in_r_address1         |  out|   14|   ap_memory|                       in_r|         array|
|in_r_ce1              |  out|    1|   ap_memory|                       in_r|         array|
|in_r_q1               |   in|   16|   ap_memory|                       in_r|         array|
|profile_out_address0  |  out|    7|   ap_memory|                profile_out|         array|
|profile_out_ce0       |  out|    1|   ap_memory|                profile_out|         array|
|profile_out_we0       |  out|    1|   ap_memory|                profile_out|         array|
|profile_out_d0        |  out|   16|   ap_memory|                profile_out|         array|
+----------------------+-----+-----+------------+---------------------------+--------------+

