Copyright 1986-2022 Xilinx, Inc. All Rights Reserved. Copyright 2022-2025 Advanced Micro Devices, Inc. All Rights Reserved.
---------------------------------------------------------------------------------------------------------------------------------------------
| Tool Version : Vivado v.2025.1.1 (lin64) Build 6233196 Thu Sep 11 21:27:11 MDT 2025
| Date         : Sat Mar 28 23:04:51 2026
| Host         : ece-linlabsrv01 running 64-bit Red Hat Enterprise Linux release 8.10 (Ootpa)
| Command      : report_utilization -hierarchical -hierarchical_depth 7 -file ./report/top_kernel_utilization_hierarchical_routed.rpt
| Design       : bd_0_wrapper
| Device       : xczu3eg-sbva484-1-e
| Speed File   : -1
| Design State : Routed
---------------------------------------------------------------------------------------------------------------------------------------------

Utilization Design Information

Table of Contents
-----------------
1. Utilization by Hierarchy

1. Utilization by Hierarchy
---------------------------

+-----------------------------------------------------------------------------+----------------------------------------------------------------------------------------------------------------+------------+------------+---------+------+------+--------+--------+------+------------+
|                                   Instance                                  |                                                     Module                                                     | Total LUTs | Logic LUTs | LUTRAMs | SRLs |  FFs | RAMB36 | RAMB18 | URAM | DSP Blocks |
+-----------------------------------------------------------------------------+----------------------------------------------------------------------------------------------------------------+------------+------------+---------+------+------+--------+--------+------+------------+
| bd_0_wrapper                                                                |                                                                                                          (top) |       4355 |       3379 |     784 |  192 | 4183 |      7 |      2 |    0 |          0 |
|   bd_0_i                                                                    |                                                                                                           bd_0 |       4355 |       3379 |     784 |  192 | 4183 |      7 |      2 |    0 |          0 |
|     hls_inst                                                                |                                                                                                bd_0_hls_inst_0 |       4355 |       3379 |     784 |  192 | 4183 |      7 |      2 |    0 |          0 |
|       inst                                                                  |                                                                                     bd_0_hls_inst_0_top_kernel |       4355 |       3379 |     784 |  192 | 4183 |      7 |      2 |    0 |          0 |
|         s4_U                                                                |                                                                   bd_0_hls_inst_0_top_kernel_fifo_w16_d256_A_3 |        174 |         94 |      80 |    0 |   53 |      0 |      0 |    0 |          0 |
|           U_top_kernel_fifo_w16_d256_A_ram                                  |                                                                 bd_0_hls_inst_0_top_kernel_fifo_w16_d256_A_ram |        129 |         49 |      80 |    0 |   16 |      0 |      0 |    0 |          0 |
|         control_s_axi_U                                                     |                                                                       bd_0_hls_inst_0_top_kernel_control_s_axi |        159 |        159 |       0 |    0 |  181 |      0 |      0 |    0 |          0 |
|         gmem0_m_axi_U                                                       |                                                                         bd_0_hls_inst_0_top_kernel_gmem0_m_axi |        561 |        526 |       0 |   35 |  871 |      0 |      1 |    0 |          0 |
|           bus_read                                                          |                                                                    bd_0_hls_inst_0_top_kernel_gmem0_m_axi_read |        374 |        374 |       0 |    0 |  563 |      0 |      0 |    0 |          0 |
|             rreq_burst_conv                                                 |                                                         bd_0_hls_inst_0_top_kernel_gmem0_m_axi_burst_converter |        297 |        297 |       0 |    0 |  461 |      0 |      0 |    0 |          0 |
|               burst_sequential                                              |                                                        bd_0_hls_inst_0_top_kernel_gmem0_m_axi_burst_sequential |        297 |        297 |       0 |    0 |  461 |      0 |      0 |    0 |          0 |
|             rs_rdata                                                        |                                               bd_0_hls_inst_0_top_kernel_gmem0_m_axi_reg_slice__parameterized1 |         39 |         39 |       0 |    0 |   71 |      0 |      0 |    0 |          0 |
|           load_unit_0                                                       |                                                                    bd_0_hls_inst_0_top_kernel_gmem0_m_axi_load |        188 |        153 |       0 |   35 |  308 |      0 |      1 |    0 |          0 |
|             (load_unit_0)                                                   |                                                                    bd_0_hls_inst_0_top_kernel_gmem0_m_axi_load |          1 |          1 |       0 |    0 |  103 |      0 |      0 |    0 |          0 |
|             bus_wide_gen.rreq_offset                                        |                                                                    bd_0_hls_inst_0_top_kernel_gmem0_m_axi_fifo |         52 |         50 |       0 |    2 |   19 |      0 |      0 |    0 |          0 |
|             bus_wide_gen.rs_rdata_int                                       |                                                               bd_0_hls_inst_0_top_kernel_gmem0_m_axi_reg_slice |         40 |         40 |       0 |    0 |   71 |      0 |      0 |    0 |          0 |
|             fifo_rreq                                                       |                                                    bd_0_hls_inst_0_top_kernel_gmem0_m_axi_fifo__parameterized0 |         50 |         17 |       0 |   33 |   78 |      0 |      0 |    0 |          0 |
|               U_fifo_srl                                                    |                                                     bd_0_hls_inst_0_top_kernel_gmem0_m_axi_srl__parameterized0 |         35 |          2 |       0 |   33 |   64 |      0 |      0 |    0 |          0 |
|         gmem1_m_axi_U                                                       |                                                                         bd_0_hls_inst_0_top_kernel_gmem1_m_axi |        758 |        662 |       0 |   96 | 1102 |      0 |      0 |    0 |          0 |
|           bus_write                                                         |                                                                   bd_0_hls_inst_0_top_kernel_gmem1_m_axi_write |        471 |        438 |       0 |   33 |  730 |      0 |      0 |    0 |          0 |
|             wreq_burst_conv                                                 |                                                         bd_0_hls_inst_0_top_kernel_gmem1_m_axi_burst_converter |        294 |        294 |       0 |    0 |  461 |      0 |      0 |    0 |          0 |
|               burst_sequential                                              |                                                        bd_0_hls_inst_0_top_kernel_gmem1_m_axi_burst_sequential |        294 |        294 |       0 |    0 |  461 |      0 |      0 |    0 |          0 |
|             wreq_throttle                                                   |                                                                bd_0_hls_inst_0_top_kernel_gmem1_m_axi_throttle |        151 |        119 |       0 |   32 |  246 |      0 |      0 |    0 |          0 |
|               rs_req                                                        |                                               bd_0_hls_inst_0_top_kernel_gmem1_m_axi_reg_slice__parameterized1 |         73 |         73 |       0 |    0 |  137 |      0 |      0 |    0 |          0 |
|               fifo_burst_gen[0].fifo_req                                    |                                                    bd_0_hls_inst_0_top_kernel_gmem1_m_axi_fifo__parameterized6 |         52 |         20 |       0 |   32 |   79 |      0 |      0 |    0 |          0 |
|           store_unit_0                                                      |                                                                   bd_0_hls_inst_0_top_kernel_gmem1_m_axi_store |        287 |        224 |       0 |   63 |  372 |      0 |      0 |    0 |          0 |
|             (store_unit_0)                                                  |                                                                   bd_0_hls_inst_0_top_kernel_gmem1_m_axi_store |         55 |         55 |       0 |    0 |  154 |      0 |      0 |    0 |          0 |
|             fifo_wreq                                                       |                                                    bd_0_hls_inst_0_top_kernel_gmem1_m_axi_fifo__parameterized2 |         50 |         17 |       0 |   33 |   75 |      0 |      0 |    0 |          0 |
|               U_fifo_srl                                                    |                                                     bd_0_hls_inst_0_top_kernel_gmem1_m_axi_srl__parameterized2 |         37 |          4 |       0 |   33 |   64 |      0 |      0 |    0 |          0 |
|         k1_contrast_U0                                                      |                                                                         bd_0_hls_inst_0_top_kernel_k1_contrast |        289 |        209 |      80 |    0 |  178 |      0 |      0 |    0 |          0 |
|           (k1_contrast_U0)                                                  |                                                                         bd_0_hls_inst_0_top_kernel_k1_contrast |         70 |         70 |       0 |    0 |  145 |      0 |      0 |    0 |          0 |
|           k1_contrast_stream_ap_fixed_0_stream_ap_fixed_16_8_5_3_0_0_lb_1_U | bd_0_hls_inst_0_top_kernel_k1_contrast_k1_contrast_stream_ap_fixed_0_stream_ap_fixed_16_8_5_3_0_0_lb_1_Rbkb_19 |        121 |         89 |      32 |    0 |   16 |      0 |      0 |    0 |          0 |
|           k1_contrast_stream_ap_fixed_0_stream_ap_fixed_16_8_5_3_0_0_lb_U   | bd_0_hls_inst_0_top_kernel_k1_contrast_k1_contrast_stream_ap_fixed_0_stream_ap_fixed_16_8_5_3_0_0_lb_1_Rbkb_20 |         73 |         25 |      48 |    0 |   16 |      0 |      0 |    0 |          0 |
|         k2_erosion_U0                                                       |                                                                          bd_0_hls_inst_0_top_kernel_k2_erosion |        738 |        576 |     152 |   10 |  627 |      0 |      0 |    0 |          0 |
|           (k2_erosion_U0)                                                   |                                                                          bd_0_hls_inst_0_top_kernel_k2_erosion |        488 |        478 |       0 |   10 |  562 |      0 |      0 |    0 |          0 |
|           k2_erosion_stream_ap_fixed_0_stream_ap_fixed_16_8_5_3_0_0_lb_3_U  | bd_0_hls_inst_0_top_kernel_k1_contrast_k1_contrast_stream_ap_fixed_0_stream_ap_fixed_16_8_5_3_0_0_lb_1_Rbkb_16 |         92 |         44 |      48 |    0 |   16 |      0 |      0 |    0 |          0 |
|           k2_erosion_stream_ap_fixed_0_stream_ap_fixed_16_8_5_3_0_0_lb_U    | bd_0_hls_inst_0_top_kernel_k1_contrast_k1_contrast_stream_ap_fixed_0_stream_ap_fixed_16_8_5_3_0_0_lb_1_Rbkb_17 |         54 |         14 |      40 |    0 |   16 |      0 |      0 |    0 |          0 |
|         k3_dilation_U0                                                      |                                                                         bd_0_hls_inst_0_top_kernel_k3_dilation |        750 |        580 |     152 |   18 |  643 |      0 |      0 |    0 |          0 |
|           (k3_dilation_U0)                                                  |                                                                         bd_0_hls_inst_0_top_kernel_k3_dilation |        501 |        483 |       0 |   18 |  578 |      0 |      0 |    0 |          0 |
|           k3_dilation_stream_stream_stream_ap_fixed_16_8_5_3_0_0_lb_3_U     | bd_0_hls_inst_0_top_kernel_k1_contrast_k1_contrast_stream_ap_fixed_0_stream_ap_fixed_16_8_5_3_0_0_lb_1_Rbkb_11 |         92 |         44 |      48 |    0 |   16 |      0 |      0 |    0 |          0 |
|           k3_dilation_stream_stream_stream_ap_fixed_16_8_5_3_0_0_lb_U       | bd_0_hls_inst_0_top_kernel_k1_contrast_k1_contrast_stream_ap_fixed_0_stream_ap_fixed_16_8_5_3_0_0_lb_1_Rbkb_12 |         52 |         12 |      40 |    0 |   16 |      0 |      0 |    0 |          0 |
|         k5_threshold_U0                                                     |                                                                        bd_0_hls_inst_0_top_kernel_k5_threshold |        184 |        184 |       0 |    0 |  186 |      7 |      1 |    0 |          0 |
|           (k5_threshold_U0)                                                 |                                                                        bd_0_hls_inst_0_top_kernel_k5_threshold |         35 |         35 |       0 |    0 |   90 |      0 |      0 |    0 |          0 |
|           grp_k5_threshold_Pipeline_VITIS_LOOP_116_1_fu_102                 |                                              bd_0_hls_inst_0_top_kernel_k5_threshold_Pipeline_VITIS_LOOP_116_1 |         86 |         86 |       0 |    0 |   60 |      0 |      0 |    0 |          0 |
|             (grp_k5_threshold_Pipeline_VITIS_LOOP_116_1_fu_102)             |                                              bd_0_hls_inst_0_top_kernel_k5_threshold_Pipeline_VITIS_LOOP_116_1 |         58 |         58 |       0 |    0 |   58 |      0 |      0 |    0 |          0 |
|           grp_k5_threshold_Pipeline_VITIS_LOOP_125_2_fu_111                 |                                              bd_0_hls_inst_0_top_kernel_k5_threshold_Pipeline_VITIS_LOOP_125_2 |         62 |         62 |       0 |    0 |   36 |      0 |      0 |    0 |          0 |
|         s1_U                                                                |                                                                     bd_0_hls_inst_0_top_kernel_fifo_w16_d256_A |        149 |         69 |      80 |    0 |   53 |      0 |      0 |    0 |          0 |
|           U_top_kernel_fifo_w16_d256_A_ram                                  |                                                               bd_0_hls_inst_0_top_kernel_fifo_w16_d256_A_ram_7 |        109 |         29 |      80 |    0 |   16 |      0 |      0 |    0 |          0 |
|         s2_U                                                                |                                                                   bd_0_hls_inst_0_top_kernel_fifo_w16_d256_A_0 |        147 |         67 |      80 |    0 |   53 |      0 |      0 |    0 |          0 |
|           U_top_kernel_fifo_w16_d256_A_ram                                  |                                                               bd_0_hls_inst_0_top_kernel_fifo_w16_d256_A_ram_6 |        107 |         27 |      80 |    0 |   16 |      0 |      0 |    0 |          0 |
|         s3_dil_U                                                            |                                                                   bd_0_hls_inst_0_top_kernel_fifo_w16_d256_A_1 |        160 |         80 |      80 |    0 |   53 |      0 |      0 |    0 |          0 |
|           U_top_kernel_fifo_w16_d256_A_ram                                  |                                                               bd_0_hls_inst_0_top_kernel_fifo_w16_d256_A_ram_5 |        116 |         36 |      80 |    0 |   16 |      0 |      0 |    0 |          0 |
|         s3_ero_U                                                            |                                                                   bd_0_hls_inst_0_top_kernel_fifo_w16_d256_A_2 |        143 |         63 |      80 |    0 |   53 |      0 |      0 |    0 |          0 |
|           U_top_kernel_fifo_w16_d256_A_ram                                  |                                                               bd_0_hls_inst_0_top_kernel_fifo_w16_d256_A_ram_4 |        100 |         20 |      80 |    0 |   16 |      0 |      0 |    0 |          0 |
+-----------------------------------------------------------------------------+----------------------------------------------------------------------------------------------------------------+------------+------------+---------+------+------+--------+--------+------+------------+
* Note: The sum of lower-level cells may be larger than their parent cells total, due to cross-hierarchy LUT combining


