

================================================================
== Vitis HLS Report for 'top_kernel'
================================================================
* Date:           Sat Mar 28 22:38:22 2026

* Version:        2025.1.1 (Build 6214317 on Sep 11 2025)
* Project:        project_1
* Solution:       hls (Vivado IP Flow Target)
* Product family: zynquplus
* Target device:  xczu3eg-sbva484-1-e


================================================================
== Performance Estimates
================================================================
+ Timing: 
    * Summary: 
    +--------+----------+----------+------------+
    |  Clock |  Target  | Estimated| Uncertainty|
    +--------+----------+----------+------------+
    |ap_clk  |  10.00 ns|  4.190 ns|     2.70 ns|
    +--------+----------+----------+------------+

+ Latency: 
    * Summary: 
    +---------+---------+----------+-----------+--------+---------+---------+
    |  Latency (cycles) |  Latency (absolute)  |     Interval     | Pipeline|
    |   min   |   max   |    min   |    max    |   min  |   max   |   Type  |
    +---------+---------+----------+-----------+--------+---------+---------+
    |   197894|  2622726|  1.979 ms|  26.227 ms|  197895|  2622727|       no|
    +---------+---------+----------+-----------+--------+---------+---------+

    + Detail: 
        * Instance: 
        N/A

        * Loop: 
        +--------------------------+---------+---------+------------+-----------+-----------+-------+----------+
        |                          |  Latency (cycles) |  Iteration |  Initiation Interval  |  Trip |          |
        |         Loop Name        |   min   |   max   |   Latency  |  achieved |   target  | Count | Pipelined|
        +--------------------------+---------+---------+------------+-----------+-----------+-------+----------+
        |- VITIS_LOOP_163_1        |    33024|   459008|  258 ~ 3586|          -|          -|    128|        no|
        | + VITIS_LOOP_164_2       |      256|     3584|      2 ~ 28|          -|          -|    128|        no|
        |  ++ VITIS_LOOP_167_3     |       24|       24|           8|          -|          -|      3|        no|
        |   +++ VITIS_LOOP_168_4   |        6|        6|           2|          -|          -|      3|        no|
        |- VITIS_LOOP_178_5        |    33024|  1032448|  258 ~ 8066|          -|          -|    128|        no|
        | + VITIS_LOOP_179_6       |      256|     8064|      2 ~ 63|          -|          -|    128|        no|
        |  ++ VITIS_LOOP_182_7     |       60|       60|          12|          -|          -|      5|        no|
        |   +++ VITIS_LOOP_183_8   |       10|       10|           2|          -|          -|      5|        no|
        |- VITIS_LOOP_193_9        |    33024|  1032448|  258 ~ 8066|          -|          -|    128|        no|
        | + VITIS_LOOP_194_10      |      256|     8064|      2 ~ 63|          -|          -|    128|        no|
        |  ++ VITIS_LOOP_197_11    |       60|       60|          12|          -|          -|      5|        no|
        |   +++ VITIS_LOOP_198_12  |       10|       10|           2|          -|          -|      5|        no|
        |- VITIS_LOOP_208_13       |    33024|    33024|         258|          -|          -|    128|        no|
        | + VITIS_LOOP_209_14      |      256|      256|           2|          -|          -|    128|        no|
        |- VITIS_LOOP_216_15       |    33024|    33024|         258|          -|          -|    128|        no|
        | + VITIS_LOOP_217_16      |      256|      256|           2|          -|          -|    128|        no|
        |- VITIS_LOOP_223_17       |    32768|    32768|           2|          -|          -|  16384|        no|
        +--------------------------+---------+---------+------------+-----------+-----------+-------+----------+

============================================================
+ Verbose Summary: Synthesis Manager
============================================================
InlineROM: 1
ExposeGlobal: 0
============================================================
+ Verbose Summary: CDFG Model
============================================================
IsTopModel: 1
ResetActiveHigh: 1
IsCombinational: 0
IsDatapathOnly: 0
HasWiredReturn: 1
HasMFsm: 0
HasVarLatency: 1
IsPipeline: 0
IsRtlPipelined: 0
IsInstanceOverlapped: 0
IsDontTouch: 0
HasImplIP: 0
IsGatedGlobalClock: 0


============================================================
+ Verbose Summary: Schedule
============================================================
* Number of FSM states : 28
* Pipeline : 0
* Dataflow Pipeline: 0

* FSM state transitions: 
1 --> 2 
2 --> 3 9 
3 --> 8 4 2 
4 --> 7 5 
5 --> 6 4 
6 --> 5 
7 --> 8 
8 --> 3 
9 --> 10 15 
10 --> 14 11 9 
11 --> 12 14 
12 --> 13 11 
13 --> 12 
14 --> 10 
15 --> 16 21 
16 --> 20 17 15 
17 --> 18 20 
18 --> 19 17 
19 --> 18 
20 --> 16 
21 --> 22 24 
22 --> 23 21 
23 --> 22 
24 --> 25 27 
25 --> 26 24 
26 --> 25 
27 --> 28 
28 --> 27 

* FSM state operations: 

State 1 <SV = 0> <Delay = 0.48>
ST_1 : Operation 29 [1/1] (0.00ns)   --->   "%r = alloca i32 1" [top.cpp:163]   --->   Operation 29 'alloca' 'r' <Predicate = true> <Delay = 0.00>
ST_1 : Operation 30 [1/1] (0.00ns)   --->   "%spectopmodule_ln156 = spectopmodule void @_ssdm_op_SpecTopModule, void @empty_2" [top.cpp:156]   --->   Operation 30 'spectopmodule' 'spectopmodule_ln156' <Predicate = true> <Delay = 0.00>
ST_1 : Operation 31 [1/1] (0.00ns)   --->   "%specinterface_ln0 = specinterface void @_ssdm_op_SpecInterface, i16 %in_r, void @empty_0, i32 0, i32 0, void @empty_1, i32 4294967295, i32 0, void @empty_1, void @empty_1, void @empty_1, i32 0, i32 0, i32 0, i32 0, void @empty_1, void @empty_1, i32 4294967295, i32 0, i32 0"   --->   Operation 31 'specinterface' 'specinterface_ln0' <Predicate = true> <Delay = 0.00>
ST_1 : Operation 32 [1/1] (0.00ns)   --->   "%specbitsmap_ln0 = specbitsmap void @_ssdm_op_SpecBitsMap, i16 %in_r"   --->   Operation 32 'specbitsmap' 'specbitsmap_ln0' <Predicate = true> <Delay = 0.00>
ST_1 : Operation 33 [1/1] (0.00ns)   --->   "%specinterface_ln0 = specinterface void @_ssdm_op_SpecInterface, i16 %out_r, void @empty_0, i32 0, i32 0, void @empty_1, i32 4294967295, i32 0, void @empty_1, void @empty_1, void @empty_1, i32 0, i32 0, i32 0, i32 0, void @empty_1, void @empty_1, i32 4294967295, i32 0, i32 0"   --->   Operation 33 'specinterface' 'specinterface_ln0' <Predicate = true> <Delay = 0.00>
ST_1 : Operation 34 [1/1] (0.00ns)   --->   "%specbitsmap_ln0 = specbitsmap void @_ssdm_op_SpecBitsMap, i16 %out_r"   --->   Operation 34 'specbitsmap' 'specbitsmap_ln0' <Predicate = true> <Delay = 0.00>
ST_1 : Operation 35 [1/1] (0.48ns)   --->   "%store_ln163 = store i8 0, i8 %r" [top.cpp:163]   --->   Operation 35 'store' 'store_ln163' <Predicate = true> <Delay = 0.48>
ST_1 : Operation 36 [1/1] (0.00ns)   --->   "%br_ln163 = br void %VITIS_LOOP_164_2" [top.cpp:163]   --->   Operation 36 'br' 'br_ln163' <Predicate = true> <Delay = 0.00>

State 2 <SV = 1> <Delay = 1.39>
ST_2 : Operation 37 [1/1] (0.00ns)   --->   "%r_5 = load i8 %r" [top.cpp:163]   --->   Operation 37 'load' 'r_5' <Predicate = true> <Delay = 0.00>
ST_2 : Operation 38 [1/1] (0.90ns)   --->   "%icmp_ln163 = icmp_eq  i8 %r_5, i8 128" [top.cpp:163]   --->   Operation 38 'icmp' 'icmp_ln163' <Predicate = true> <Delay = 0.90> <CoreInst = "Cmp">   --->   Core 9 'Cmp' <Latency = 0> <II = 1> <Delay = 0.90> <FuncUnit> <Opcode : 'seteq' 'setne' 'setle' 'setge' 'setlt' 'setgt'> <InPorts = 2> <OutPorts = 1>
ST_2 : Operation 39 [1/1] (0.90ns)   --->   "%add_ln163 = add i8 %r_5, i8 1" [top.cpp:163]   --->   Operation 39 'add' 'add_ln163' <Predicate = true> <Delay = 0.90> <CoreInst = "Adder">   --->   Core 1 'Adder' <Latency = 0> <II = 1> <Delay = 0.90> <FuncUnit> <Opcode : 'add' 'sub'> <InPorts = 2> <OutPorts = 1>
ST_2 : Operation 40 [1/1] (0.00ns)   --->   "%br_ln163 = br i1 %icmp_ln163, void %VITIS_LOOP_164_2.split, void %VITIS_LOOP_179_6.preheader" [top.cpp:163]   --->   Operation 40 'br' 'br_ln163' <Predicate = true> <Delay = 0.00>
ST_2 : Operation 41 [1/1] (0.00ns)   --->   "%trunc_ln163 = trunc i8 %r_5" [top.cpp:163]   --->   Operation 41 'trunc' 'trunc_ln163' <Predicate = (!icmp_ln163)> <Delay = 0.00>
ST_2 : Operation 42 [1/1] (0.00ns)   --->   "%tmp = bitconcatenate i14 @_ssdm_op_BitConcatenate.i14.i7.i7, i7 %trunc_ln163, i7 0" [top.cpp:170]   --->   Operation 42 'bitconcatenate' 'tmp' <Predicate = (!icmp_ln163)> <Delay = 0.00>
ST_2 : Operation 43 [1/1] (0.00ns)   --->   "%speclooptripcount_ln163 = speclooptripcount void @_ssdm_op_SpecLoopTripCount, i64 128, i64 128, i64 128" [top.cpp:163]   --->   Operation 43 'speclooptripcount' 'speclooptripcount_ln163' <Predicate = (!icmp_ln163)> <Delay = 0.00>
ST_2 : Operation 44 [1/1] (0.00ns)   --->   "%specloopname_ln163 = specloopname void @_ssdm_op_SpecLoopName, void @empty_18" [top.cpp:163]   --->   Operation 44 'specloopname' 'specloopname_ln163' <Predicate = (!icmp_ln163)> <Delay = 0.00>
ST_2 : Operation 45 [1/1] (0.90ns)   --->   "%cmp5 = icmp_eq  i8 %r_5, i8 0" [top.cpp:163]   --->   Operation 45 'icmp' 'cmp5' <Predicate = (!icmp_ln163)> <Delay = 0.90> <CoreInst = "Cmp">   --->   Core 9 'Cmp' <Latency = 0> <II = 1> <Delay = 0.90> <FuncUnit> <Opcode : 'seteq' 'setne' 'setle' 'setge' 'setlt' 'setgt'> <InPorts = 2> <OutPorts = 1>
ST_2 : Operation 46 [1/1] (0.90ns)   --->   "%cmp6 = icmp_ult  i8 %r_5, i8 127" [top.cpp:163]   --->   Operation 46 'icmp' 'cmp6' <Predicate = (!icmp_ln163)> <Delay = 0.90> <CoreInst = "Cmp">   --->   Core 9 'Cmp' <Latency = 0> <II = 1> <Delay = 0.90> <FuncUnit> <Opcode : 'seteq' 'setne' 'setle' 'setge' 'setlt' 'setgt'> <InPorts = 2> <OutPorts = 1>
ST_2 : Operation 47 [1/1] (0.33ns)   --->   "%brmerge_not = xor i1 %cmp5, i1 %cmp6" [top.cpp:163]   --->   Operation 47 'xor' 'brmerge_not' <Predicate = (!icmp_ln163)> <Delay = 0.33> <CoreInst = "LogicGate">   --->   Core 74 'LogicGate' <Latency = 0> <II = 1> <Delay = 0.33> <FuncUnit> <Opcode : 'and' 'or' 'xor'> <InPorts = 2> <OutPorts = 1>
ST_2 : Operation 48 [1/1] (0.48ns)   --->   "%br_ln164 = br void %for.body4" [top.cpp:164]   --->   Operation 48 'br' 'br_ln164' <Predicate = (!icmp_ln163)> <Delay = 0.48>
ST_2 : Operation 49 [1/1] (0.00ns)   --->   "%r_1 = alloca i32 1" [top.cpp:178]   --->   Operation 49 'alloca' 'r_1' <Predicate = (icmp_ln163)> <Delay = 0.00>
ST_2 : Operation 50 [1/1] (0.48ns)   --->   "%store_ln178 = store i8 0, i8 %r_1" [top.cpp:178]   --->   Operation 50 'store' 'store_ln178' <Predicate = (icmp_ln163)> <Delay = 0.48>
ST_2 : Operation 51 [1/1] (0.00ns)   --->   "%br_ln178 = br void %VITIS_LOOP_179_6" [top.cpp:178]   --->   Operation 51 'br' 'br_ln178' <Predicate = (icmp_ln163)> <Delay = 0.00>

State 3 <SV = 2> <Delay = 2.62>
ST_3 : Operation 52 [1/1] (0.00ns)   --->   "%c = phi i8 0, void %VITIS_LOOP_164_2.split, i8 %add_ln164, void %for.inc41" [top.cpp:164]   --->   Operation 52 'phi' 'c' <Predicate = true> <Delay = 0.00>
ST_3 : Operation 53 [1/1] (0.90ns)   --->   "%icmp_ln164 = icmp_eq  i8 %c, i8 128" [top.cpp:164]   --->   Operation 53 'icmp' 'icmp_ln164' <Predicate = true> <Delay = 0.90> <CoreInst = "Cmp">   --->   Core 9 'Cmp' <Latency = 0> <II = 1> <Delay = 0.90> <FuncUnit> <Opcode : 'seteq' 'setne' 'setle' 'setge' 'setlt' 'setgt'> <InPorts = 2> <OutPorts = 1>
ST_3 : Operation 54 [1/1] (0.90ns)   --->   "%add_ln164 = add i8 %c, i8 1" [top.cpp:164]   --->   Operation 54 'add' 'add_ln164' <Predicate = true> <Delay = 0.90> <CoreInst = "Adder">   --->   Core 1 'Adder' <Latency = 0> <II = 1> <Delay = 0.90> <FuncUnit> <Opcode : 'add' 'sub'> <InPorts = 2> <OutPorts = 1>
ST_3 : Operation 55 [1/1] (0.00ns)   --->   "%br_ln164 = br i1 %icmp_ln164, void %for.body4.split, void %for.inc44" [top.cpp:164]   --->   Operation 55 'br' 'br_ln164' <Predicate = true> <Delay = 0.00>
ST_3 : Operation 56 [1/1] (0.00ns)   --->   "%zext_ln170 = zext i8 %c" [top.cpp:170]   --->   Operation 56 'zext' 'zext_ln170' <Predicate = (!icmp_ln164)> <Delay = 0.00>
ST_3 : Operation 57 [1/1] (0.98ns)   --->   "%add_ln170 = add i14 %tmp, i14 %zext_ln170" [top.cpp:170]   --->   Operation 57 'add' 'add_ln170' <Predicate = (!icmp_ln164)> <Delay = 0.98> <CoreInst = "Adder">   --->   Core 1 'Adder' <Latency = 0> <II = 1> <Delay = 0.98> <FuncUnit> <Opcode : 'add' 'sub'> <InPorts = 2> <OutPorts = 1>
ST_3 : Operation 58 [1/1] (0.00ns)   --->   "%zext_ln170_1 = zext i14 %add_ln170" [top.cpp:170]   --->   Operation 58 'zext' 'zext_ln170_1' <Predicate = (!icmp_ln164)> <Delay = 0.00>
ST_3 : Operation 59 [1/1] (0.00ns)   --->   "%stage1_out_addr = getelementptr i16 %stage1_out, i64 0, i64 %zext_ln170_1" [top.cpp:170]   --->   Operation 59 'getelementptr' 'stage1_out_addr' <Predicate = (!icmp_ln164)> <Delay = 0.00>
ST_3 : Operation 60 [1/1] (0.00ns)   --->   "%zext_ln164 = zext i8 %c" [top.cpp:164]   --->   Operation 60 'zext' 'zext_ln164' <Predicate = (!icmp_ln164)> <Delay = 0.00>
ST_3 : Operation 61 [1/1] (0.00ns)   --->   "%speclooptripcount_ln164 = speclooptripcount void @_ssdm_op_SpecLoopTripCount, i64 128, i64 128, i64 128" [top.cpp:164]   --->   Operation 61 'speclooptripcount' 'speclooptripcount_ln164' <Predicate = (!icmp_ln164)> <Delay = 0.00>
ST_3 : Operation 62 [1/1] (0.00ns)   --->   "%specloopname_ln164 = specloopname void @_ssdm_op_SpecLoopName, void @empty_17" [top.cpp:164]   --->   Operation 62 'specloopname' 'specloopname_ln164' <Predicate = (!icmp_ln164)> <Delay = 0.00>
ST_3 : Operation 63 [1/1] (0.00ns)   --->   "%trunc_ln165 = trunc i8 %c" [top.cpp:165]   --->   Operation 63 'trunc' 'trunc_ln165' <Predicate = (!icmp_ln164)> <Delay = 0.00>
ST_3 : Operation 64 [1/1] (0.00ns)   --->   "%zext_ln165 = zext i7 %trunc_ln165" [top.cpp:165]   --->   Operation 64 'zext' 'zext_ln165' <Predicate = (!icmp_ln164)> <Delay = 0.00>
ST_3 : Operation 65 [1/1] (0.89ns)   --->   "%add_ln165 = add i8 %zext_ln165, i8 255" [top.cpp:165]   --->   Operation 65 'add' 'add_ln165' <Predicate = (!icmp_ln164)> <Delay = 0.89> <CoreInst = "Adder">   --->   Core 1 'Adder' <Latency = 0> <II = 1> <Delay = 0.89> <FuncUnit> <Opcode : 'add' 'sub'> <InPorts = 2> <OutPorts = 1>
ST_3 : Operation 66 [1/1] (0.90ns)   --->   "%icmp_ln165 = icmp_ult  i8 %add_ln165, i8 126" [top.cpp:165]   --->   Operation 66 'icmp' 'icmp_ln165' <Predicate = (!icmp_ln164)> <Delay = 0.90> <CoreInst = "Cmp">   --->   Core 9 'Cmp' <Latency = 0> <II = 1> <Delay = 0.90> <FuncUnit> <Opcode : 'seteq' 'setne' 'setle' 'setge' 'setlt' 'setgt'> <InPorts = 2> <OutPorts = 1>
ST_3 : Operation 67 [1/1] (0.33ns)   --->   "%and_ln165 = and i1 %icmp_ln165, i1 %brmerge_not" [top.cpp:165]   --->   Operation 67 'and' 'and_ln165' <Predicate = (!icmp_ln164)> <Delay = 0.33> <CoreInst = "LogicGate">   --->   Core 74 'LogicGate' <Latency = 0> <II = 1> <Delay = 0.33> <FuncUnit> <Opcode : 'and' 'or' 'xor'> <InPorts = 2> <OutPorts = 1>
ST_3 : Operation 68 [1/1] (0.48ns)   --->   "%br_ln165 = br i1 %and_ln165, void %for.inc41, void %VITIS_LOOP_168_4.preheader" [top.cpp:165]   --->   Operation 68 'br' 'br_ln165' <Predicate = (!icmp_ln164)> <Delay = 0.48>
ST_3 : Operation 69 [1/1] (0.48ns)   --->   "%br_ln167 = br void %VITIS_LOOP_168_4" [top.cpp:167]   --->   Operation 69 'br' 'br_ln167' <Predicate = (!icmp_ln164 & and_ln165)> <Delay = 0.48>
ST_3 : Operation 70 [1/1] (0.48ns)   --->   "%store_ln163 = store i8 %add_ln163, i8 %r" [top.cpp:163]   --->   Operation 70 'store' 'store_ln163' <Predicate = (icmp_ln164)> <Delay = 0.48>
ST_3 : Operation 71 [1/1] (0.00ns)   --->   "%br_ln163 = br void %VITIS_LOOP_164_2" [top.cpp:163]   --->   Operation 71 'br' 'br_ln163' <Predicate = (icmp_ln164)> <Delay = 0.00>

State 4 <SV = 3> <Delay = 1.35>
ST_4 : Operation 72 [1/1] (0.00ns)   --->   "%i = phi i3 %add_ln167, void %for.inc21, i3 7, void %VITIS_LOOP_168_4.preheader" [top.cpp:167]   --->   Operation 72 'phi' 'i' <Predicate = true> <Delay = 0.00>
ST_4 : Operation 73 [1/1] (0.00ns)   --->   "%sum = phi i16 %sum_2, void %for.inc21, i16 0, void %VITIS_LOOP_168_4.preheader"   --->   Operation 73 'phi' 'sum' <Predicate = true> <Delay = 0.00>
ST_4 : Operation 74 [1/1] (0.74ns)   --->   "%icmp_ln167 = icmp_eq  i3 %i, i3 2" [top.cpp:167]   --->   Operation 74 'icmp' 'icmp_ln167' <Predicate = true> <Delay = 0.74> <CoreInst = "Cmp">   --->   Core 9 'Cmp' <Latency = 0> <II = 1> <Delay = 0.74> <FuncUnit> <Opcode : 'seteq' 'setne' 'setle' 'setge' 'setlt' 'setgt'> <InPorts = 2> <OutPorts = 1>
ST_4 : Operation 75 [1/1] (0.00ns)   --->   "%br_ln167 = br i1 %icmp_ln167, void %VITIS_LOOP_168_4.split, void %for.end23" [top.cpp:167]   --->   Operation 75 'br' 'br_ln167' <Predicate = true> <Delay = 0.00>
ST_4 : Operation 76 [1/1] (0.00ns)   --->   "%speclooptripcount_ln166 = speclooptripcount void @_ssdm_op_SpecLoopTripCount, i64 3, i64 3, i64 3" [top.cpp:166]   --->   Operation 76 'speclooptripcount' 'speclooptripcount_ln166' <Predicate = (!icmp_ln167)> <Delay = 0.00>
ST_4 : Operation 77 [1/1] (0.00ns)   --->   "%specloopname_ln167 = specloopname void @_ssdm_op_SpecLoopName, void @empty_16" [top.cpp:167]   --->   Operation 77 'specloopname' 'specloopname_ln167' <Predicate = (!icmp_ln167)> <Delay = 0.00>
ST_4 : Operation 78 [1/1] (0.00ns)   --->   "%empty = trunc i3 %i" [top.cpp:167]   --->   Operation 78 'trunc' 'empty' <Predicate = (!icmp_ln167)> <Delay = 0.00>
ST_4 : Operation 79 [1/1] (0.00ns)   --->   "%i_cast_cast = sext i2 %empty" [top.cpp:167]   --->   Operation 79 'sext' 'i_cast_cast' <Predicate = (!icmp_ln167)> <Delay = 0.00>
ST_4 : Operation 80 [1/1] (0.89ns)   --->   "%empty_32 = add i7 %i_cast_cast, i7 %trunc_ln163" [top.cpp:167]   --->   Operation 80 'add' 'empty_32' <Predicate = (!icmp_ln167)> <Delay = 0.89> <CoreInst = "Adder">   --->   Core 1 'Adder' <Latency = 0> <II = 1> <Delay = 0.89> <FuncUnit> <Opcode : 'add' 'sub'> <InPorts = 2> <OutPorts = 1>
ST_4 : Operation 81 [1/1] (0.00ns)   --->   "%tmp_5 = bitconcatenate i14 @_ssdm_op_BitConcatenate.i14.i7.i7, i7 %empty_32, i7 0" [top.cpp:167]   --->   Operation 81 'bitconcatenate' 'tmp_5' <Predicate = (!icmp_ln167)> <Delay = 0.00>
ST_4 : Operation 82 [1/1] (0.48ns)   --->   "%br_ln168 = br void %for.body18" [top.cpp:168]   --->   Operation 82 'br' 'br_ln168' <Predicate = (!icmp_ln167)> <Delay = 0.48>
ST_4 : Operation 83 [1/1] (0.00ns)   --->   "%in_r_addr = getelementptr i16 %in_r, i64 0, i64 %zext_ln170_1" [top.cpp:170]   --->   Operation 83 'getelementptr' 'in_r_addr' <Predicate = (icmp_ln167)> <Delay = 0.00>
ST_4 : Operation 84 [2/2] (1.35ns)   --->   "%in_r_load = load i14 %in_r_addr" [top.cpp:170]   --->   Operation 84 'load' 'in_r_load' <Predicate = (icmp_ln167)> <Delay = 1.35> <CoreInst = "RAM">   --->   Core 82 'RAM' <Latency = 1> <II = 1> <Delay = 1.35> <Storage> <Opcode : 'load' 'store'> <Ports = 2> <Width = 16> <Depth = 16384> <RAM>

State 5 <SV = 4> <Delay = 3.24>
ST_5 : Operation 85 [1/1] (0.00ns)   --->   "%j = phi i3 7, void %VITIS_LOOP_168_4.split, i3 %add_ln168, void %for.body18.split" [top.cpp:168]   --->   Operation 85 'phi' 'j' <Predicate = true> <Delay = 0.00>
ST_5 : Operation 86 [1/1] (0.00ns)   --->   "%sum_2 = phi i16 %sum, void %VITIS_LOOP_168_4.split, i16 %sum_3, void %for.body18.split"   --->   Operation 86 'phi' 'sum_2' <Predicate = true> <Delay = 0.00>
ST_5 : Operation 87 [1/1] (0.74ns)   --->   "%icmp_ln168 = icmp_eq  i3 %j, i3 2" [top.cpp:168]   --->   Operation 87 'icmp' 'icmp_ln168' <Predicate = true> <Delay = 0.74> <CoreInst = "Cmp">   --->   Core 9 'Cmp' <Latency = 0> <II = 1> <Delay = 0.74> <FuncUnit> <Opcode : 'seteq' 'setne' 'setle' 'setge' 'setlt' 'setgt'> <InPorts = 2> <OutPorts = 1>
ST_5 : Operation 88 [1/1] (0.00ns)   --->   "%br_ln168 = br i1 %icmp_ln168, void %for.body18.split, void %for.inc21" [top.cpp:168]   --->   Operation 88 'br' 'br_ln168' <Predicate = true> <Delay = 0.00>
ST_5 : Operation 89 [1/1] (0.00ns)   --->   "%sext_ln168 = sext i3 %j" [top.cpp:168]   --->   Operation 89 'sext' 'sext_ln168' <Predicate = (!icmp_ln168)> <Delay = 0.00>
ST_5 : Operation 90 [1/1] (0.90ns)   --->   "%add_ln169 = add i9 %zext_ln164, i9 %sext_ln168" [top.cpp:169]   --->   Operation 90 'add' 'add_ln169' <Predicate = (!icmp_ln168)> <Delay = 0.90> <CoreInst = "Adder">   --->   Core 1 'Adder' <Latency = 0> <II = 1> <Delay = 0.90> <FuncUnit> <Opcode : 'add' 'sub'> <InPorts = 2> <OutPorts = 1>
ST_5 : Operation 91 [1/1] (0.00ns)   --->   "%sext_ln169 = sext i9 %add_ln169" [top.cpp:169]   --->   Operation 91 'sext' 'sext_ln169' <Predicate = (!icmp_ln168)> <Delay = 0.00>
ST_5 : Operation 92 [1/1] (0.98ns)   --->   "%add_ln169_1 = add i14 %sext_ln169, i14 %tmp_5" [top.cpp:169]   --->   Operation 92 'add' 'add_ln169_1' <Predicate = (!icmp_ln168)> <Delay = 0.98> <CoreInst = "Adder">   --->   Core 1 'Adder' <Latency = 0> <II = 1> <Delay = 0.98> <FuncUnit> <Opcode : 'add' 'sub'> <InPorts = 2> <OutPorts = 1>
ST_5 : Operation 93 [1/1] (0.00ns)   --->   "%zext_ln169 = zext i14 %add_ln169_1" [top.cpp:169]   --->   Operation 93 'zext' 'zext_ln169' <Predicate = (!icmp_ln168)> <Delay = 0.00>
ST_5 : Operation 94 [1/1] (0.00ns)   --->   "%in_r_addr_1 = getelementptr i16 %in_r, i64 0, i64 %zext_ln169" [top.cpp:169]   --->   Operation 94 'getelementptr' 'in_r_addr_1' <Predicate = (!icmp_ln168)> <Delay = 0.00>
ST_5 : Operation 95 [2/2] (1.35ns)   --->   "%in_r_load_1 = load i14 %in_r_addr_1" [top.cpp:169]   --->   Operation 95 'load' 'in_r_load_1' <Predicate = (!icmp_ln168)> <Delay = 1.35> <CoreInst = "RAM">   --->   Core 82 'RAM' <Latency = 1> <II = 1> <Delay = 1.35> <Storage> <Opcode : 'load' 'store'> <Ports = 2> <Width = 16> <Depth = 16384> <RAM>
ST_5 : Operation 96 [1/1] (0.74ns)   --->   "%add_ln168 = add i3 %j, i3 1" [top.cpp:168]   --->   Operation 96 'add' 'add_ln168' <Predicate = (!icmp_ln168)> <Delay = 0.74> <CoreInst = "Adder">   --->   Core 1 'Adder' <Latency = 0> <II = 1> <Delay = 0.74> <FuncUnit> <Opcode : 'add' 'sub'> <InPorts = 2> <OutPorts = 1>
ST_5 : Operation 97 [1/1] (0.74ns)   --->   "%add_ln167 = add i3 %i, i3 1" [top.cpp:167]   --->   Operation 97 'add' 'add_ln167' <Predicate = (icmp_ln168)> <Delay = 0.74> <CoreInst = "Adder">   --->   Core 1 'Adder' <Latency = 0> <II = 1> <Delay = 0.74> <FuncUnit> <Opcode : 'add' 'sub'> <InPorts = 2> <OutPorts = 1>
ST_5 : Operation 98 [1/1] (0.00ns)   --->   "%br_ln167 = br void %VITIS_LOOP_168_4" [top.cpp:167]   --->   Operation 98 'br' 'br_ln167' <Predicate = (icmp_ln168)> <Delay = 0.00>

State 6 <SV = 5> <Delay = 2.36>
ST_6 : Operation 99 [1/1] (0.00ns)   --->   "%speclooptripcount_ln166 = speclooptripcount void @_ssdm_op_SpecLoopTripCount, i64 3, i64 3, i64 3" [top.cpp:166]   --->   Operation 99 'speclooptripcount' 'speclooptripcount_ln166' <Predicate = true> <Delay = 0.00>
ST_6 : Operation 100 [1/1] (0.00ns)   --->   "%specloopname_ln168 = specloopname void @_ssdm_op_SpecLoopName, void @empty_6" [top.cpp:168]   --->   Operation 100 'specloopname' 'specloopname_ln168' <Predicate = true> <Delay = 0.00>
ST_6 : Operation 101 [1/2] ( I:1.35ns O:1.35ns )   --->   "%in_r_load_1 = load i14 %in_r_addr_1" [top.cpp:169]   --->   Operation 101 'load' 'in_r_load_1' <Predicate = true> <Delay = 1.35> <CoreInst = "RAM">   --->   Core 82 'RAM' <Latency = 1> <II = 1> <Delay = 1.35> <Storage> <Opcode : 'load' 'store'> <Ports = 2> <Width = 16> <Depth = 16384> <RAM>
ST_6 : Operation 102 [1/1] (1.01ns)   --->   "%sum_3 = add i16 %in_r_load_1, i16 %sum_2" [top.cpp:169]   --->   Operation 102 'add' 'sum_3' <Predicate = true> <Delay = 1.01> <CoreInst = "Adder">   --->   Core 1 'Adder' <Latency = 0> <II = 1> <Delay = 1.01> <FuncUnit> <Opcode : 'add' 'sub'> <InPorts = 2> <OutPorts = 1>
ST_6 : Operation 103 [1/1] (0.00ns)   --->   "%br_ln168 = br void %for.body18" [top.cpp:168]   --->   Operation 103 'br' 'br_ln168' <Predicate = true> <Delay = 0.00>

State 7 <SV = 4> <Delay = 2.36>
ST_7 : Operation 104 [1/1] (0.00ns)   --->   "%tmp_14 = bitconcatenate i21 @_ssdm_op_BitConcatenate.i21.i16.i5, i16 %sum, i5 0" [top.cpp:170]   --->   Operation 104 'bitconcatenate' 'tmp_14' <Predicate = true> <Delay = 0.00>
ST_7 : Operation 105 [1/1] (0.00ns)   --->   "%sext_ln170 = sext i21 %tmp_14" [top.cpp:170]   --->   Operation 105 'sext' 'sext_ln170' <Predicate = true> <Delay = 0.00>
ST_7 : Operation 106 [1/1] (0.00ns)   --->   "%tmp_15 = bitconcatenate i18 @_ssdm_op_BitConcatenate.i18.i16.i2, i16 %sum, i2 0" [top.cpp:170]   --->   Operation 106 'bitconcatenate' 'tmp_15' <Predicate = true> <Delay = 0.00>
ST_7 : Operation 107 [1/1] (0.00ns)   --->   "%sext_ln170_2 = sext i18 %tmp_15" [top.cpp:170]   --->   Operation 107 'sext' 'sext_ln170_2' <Predicate = true> <Delay = 0.00>
ST_7 : Operation 108 [1/1] (1.07ns)   --->   "%sub_ln170_1 = sub i22 %sext_ln170, i22 %sext_ln170_2" [top.cpp:170]   --->   Operation 108 'sub' 'sub_ln170_1' <Predicate = true> <Delay = 1.07> <CoreInst = "Adder">   --->   Core 1 'Adder' <Latency = 0> <II = 1> <Delay = 1.07> <FuncUnit> <Opcode : 'add' 'sub'> <InPorts = 2> <OutPorts = 1>
ST_7 : Operation 109 [1/1] (0.00ns)   --->   "%trunc_ln3 = partselect i14 @_ssdm_op_PartSelect.i14.i22.i32.i32, i22 %sub_ln170_1, i32 8, i32 21" [top.cpp:170]   --->   Operation 109 'partselect' 'trunc_ln3' <Predicate = true> <Delay = 0.00>
ST_7 : Operation 110 [1/1] (0.00ns)   --->   "%sext_ln170_1 = sext i14 %trunc_ln3" [top.cpp:170]   --->   Operation 110 'sext' 'sext_ln170_1' <Predicate = true> <Delay = 0.00>
ST_7 : Operation 111 [1/2] ( I:1.35ns O:1.35ns )   --->   "%in_r_load = load i14 %in_r_addr" [top.cpp:170]   --->   Operation 111 'load' 'in_r_load' <Predicate = true> <Delay = 1.35> <CoreInst = "RAM">   --->   Core 82 'RAM' <Latency = 1> <II = 1> <Delay = 1.35> <Storage> <Opcode : 'load' 'store'> <Ports = 2> <Width = 16> <Depth = 16384> <RAM>
ST_7 : Operation 112 [1/1] (1.01ns)   --->   "%sub_ln170 = sub i16 %in_r_load, i16 %sext_ln170_1" [top.cpp:170]   --->   Operation 112 'sub' 'sub_ln170' <Predicate = true> <Delay = 1.01> <CoreInst = "Adder">   --->   Core 1 'Adder' <Latency = 0> <II = 1> <Delay = 1.01> <FuncUnit> <Opcode : 'add' 'sub'> <InPorts = 2> <OutPorts = 1>
ST_7 : Operation 113 [1/1] (0.48ns)   --->   "%br_ln171 = br void %for.inc41" [top.cpp:171]   --->   Operation 113 'br' 'br_ln171' <Predicate = true> <Delay = 0.48>

State 8 <SV = 5> <Delay = 1.35>
ST_8 : Operation 114 [1/1] (0.00ns)   --->   "%storemerge = phi i16 %sub_ln170, void %for.end23, i16 0, void %for.body4.split" [top.cpp:170]   --->   Operation 114 'phi' 'storemerge' <Predicate = true> <Delay = 0.00>
ST_8 : Operation 115 [1/1] ( I:1.35ns O:1.35ns )   --->   "%store_ln170 = store i16 %storemerge, i14 %stage1_out_addr" [top.cpp:170]   --->   Operation 115 'store' 'store_ln170' <Predicate = true> <Delay = 1.35> <CoreInst = "RAM">   --->   Core 82 'RAM' <Latency = 1> <II = 1> <Delay = 1.35> <Storage> <Opcode : 'load' 'store'> <Ports = 2> <Width = 16> <Depth = 16384> <RAM>
ST_8 : Operation 116 [1/1] (0.00ns)   --->   "%br_ln164 = br void %for.body4" [top.cpp:164]   --->   Operation 116 'br' 'br_ln164' <Predicate = true> <Delay = 0.00>

State 9 <SV = 2> <Delay = 1.39>
ST_9 : Operation 117 [1/1] (0.00ns)   --->   "%r_6 = load i8 %r_1" [top.cpp:178]   --->   Operation 117 'load' 'r_6' <Predicate = true> <Delay = 0.00>
ST_9 : Operation 118 [1/1] (0.90ns)   --->   "%icmp_ln178 = icmp_eq  i8 %r_6, i8 128" [top.cpp:178]   --->   Operation 118 'icmp' 'icmp_ln178' <Predicate = true> <Delay = 0.90> <CoreInst = "Cmp">   --->   Core 9 'Cmp' <Latency = 0> <II = 1> <Delay = 0.90> <FuncUnit> <Opcode : 'seteq' 'setne' 'setle' 'setge' 'setlt' 'setgt'> <InPorts = 2> <OutPorts = 1>
ST_9 : Operation 119 [1/1] (0.90ns)   --->   "%add_ln178 = add i8 %r_6, i8 1" [top.cpp:178]   --->   Operation 119 'add' 'add_ln178' <Predicate = true> <Delay = 0.90> <CoreInst = "Adder">   --->   Core 1 'Adder' <Latency = 0> <II = 1> <Delay = 0.90> <FuncUnit> <Opcode : 'add' 'sub'> <InPorts = 2> <OutPorts = 1>
ST_9 : Operation 120 [1/1] (0.00ns)   --->   "%br_ln178 = br i1 %icmp_ln178, void %VITIS_LOOP_179_6.split, void %VITIS_LOOP_194_10.preheader" [top.cpp:178]   --->   Operation 120 'br' 'br_ln178' <Predicate = true> <Delay = 0.00>
ST_9 : Operation 121 [1/1] (0.00ns)   --->   "%trunc_ln178 = trunc i8 %r_6" [top.cpp:178]   --->   Operation 121 'trunc' 'trunc_ln178' <Predicate = (!icmp_ln178)> <Delay = 0.00>
ST_9 : Operation 122 [1/1] (0.00ns)   --->   "%tmp_3 = bitconcatenate i14 @_ssdm_op_BitConcatenate.i14.i7.i7, i7 %trunc_ln178, i7 0" [top.cpp:185]   --->   Operation 122 'bitconcatenate' 'tmp_3' <Predicate = (!icmp_ln178)> <Delay = 0.00>
ST_9 : Operation 123 [1/1] (0.00ns)   --->   "%speclooptripcount_ln178 = speclooptripcount void @_ssdm_op_SpecLoopTripCount, i64 128, i64 128, i64 128" [top.cpp:178]   --->   Operation 123 'speclooptripcount' 'speclooptripcount_ln178' <Predicate = (!icmp_ln178)> <Delay = 0.00>
ST_9 : Operation 124 [1/1] (0.00ns)   --->   "%specloopname_ln178 = specloopname void @_ssdm_op_SpecLoopName, void @empty_14" [top.cpp:178]   --->   Operation 124 'specloopname' 'specloopname_ln178' <Predicate = (!icmp_ln178)> <Delay = 0.00>
ST_9 : Operation 125 [1/1] (0.00ns)   --->   "%tmp_1 = partselect i7 @_ssdm_op_PartSelect.i7.i8.i32.i32, i8 %r_6, i32 1, i32 7" [top.cpp:178]   --->   Operation 125 'partselect' 'tmp_1' <Predicate = (!icmp_ln178)> <Delay = 0.00>
ST_9 : Operation 126 [1/1] (0.89ns)   --->   "%icmp = icmp_eq  i7 %tmp_1, i7 0" [top.cpp:178]   --->   Operation 126 'icmp' 'icmp' <Predicate = (!icmp_ln178)> <Delay = 0.89> <CoreInst = "Cmp">   --->   Core 9 'Cmp' <Latency = 0> <II = 1> <Delay = 0.89> <FuncUnit> <Opcode : 'seteq' 'setne' 'setle' 'setge' 'setlt' 'setgt'> <InPorts = 2> <OutPorts = 1>
ST_9 : Operation 127 [1/1] (0.90ns)   --->   "%cmp59 = icmp_ult  i8 %r_6, i8 126" [top.cpp:178]   --->   Operation 127 'icmp' 'cmp59' <Predicate = (!icmp_ln178)> <Delay = 0.90> <CoreInst = "Cmp">   --->   Core 9 'Cmp' <Latency = 0> <II = 1> <Delay = 0.90> <FuncUnit> <Opcode : 'seteq' 'setne' 'setle' 'setge' 'setlt' 'setgt'> <InPorts = 2> <OutPorts = 1>
ST_9 : Operation 128 [1/1] (0.33ns)   --->   "%brmerge33_not = xor i1 %icmp, i1 %cmp59" [top.cpp:178]   --->   Operation 128 'xor' 'brmerge33_not' <Predicate = (!icmp_ln178)> <Delay = 0.33> <CoreInst = "LogicGate">   --->   Core 74 'LogicGate' <Latency = 0> <II = 1> <Delay = 0.33> <FuncUnit> <Opcode : 'and' 'or' 'xor'> <InPorts = 2> <OutPorts = 1>
ST_9 : Operation 129 [1/1] (0.48ns)   --->   "%br_ln179 = br void %for.body56" [top.cpp:179]   --->   Operation 129 'br' 'br_ln179' <Predicate = (!icmp_ln178)> <Delay = 0.48>
ST_9 : Operation 130 [1/1] (0.00ns)   --->   "%r_2 = alloca i32 1" [top.cpp:193]   --->   Operation 130 'alloca' 'r_2' <Predicate = (icmp_ln178)> <Delay = 0.00>
ST_9 : Operation 131 [1/1] (0.48ns)   --->   "%store_ln193 = store i8 0, i8 %r_2" [top.cpp:193]   --->   Operation 131 'store' 'store_ln193' <Predicate = (icmp_ln178)> <Delay = 0.48>
ST_9 : Operation 132 [1/1] (0.00ns)   --->   "%br_ln193 = br void %VITIS_LOOP_194_10" [top.cpp:193]   --->   Operation 132 'br' 'br_ln193' <Predicate = (icmp_ln178)> <Delay = 0.00>

State 10 <SV = 3> <Delay = 1.72>
ST_10 : Operation 133 [1/1] (0.00ns)   --->   "%c_1 = phi i8 0, void %VITIS_LOOP_179_6.split, i8 %add_ln179, void %for.inc107" [top.cpp:179]   --->   Operation 133 'phi' 'c_1' <Predicate = true> <Delay = 0.00>
ST_10 : Operation 134 [1/1] (0.90ns)   --->   "%icmp_ln179 = icmp_eq  i8 %c_1, i8 128" [top.cpp:179]   --->   Operation 134 'icmp' 'icmp_ln179' <Predicate = true> <Delay = 0.90> <CoreInst = "Cmp">   --->   Core 9 'Cmp' <Latency = 0> <II = 1> <Delay = 0.90> <FuncUnit> <Opcode : 'seteq' 'setne' 'setle' 'setge' 'setlt' 'setgt'> <InPorts = 2> <OutPorts = 1>
ST_10 : Operation 135 [1/1] (0.90ns)   --->   "%add_ln179 = add i8 %c_1, i8 1" [top.cpp:179]   --->   Operation 135 'add' 'add_ln179' <Predicate = true> <Delay = 0.90> <CoreInst = "Adder">   --->   Core 1 'Adder' <Latency = 0> <II = 1> <Delay = 0.90> <FuncUnit> <Opcode : 'add' 'sub'> <InPorts = 2> <OutPorts = 1>
ST_10 : Operation 136 [1/1] (0.00ns)   --->   "%br_ln179 = br i1 %icmp_ln179, void %for.body56.split, void %for.inc110" [top.cpp:179]   --->   Operation 136 'br' 'br_ln179' <Predicate = true> <Delay = 0.00>
ST_10 : Operation 137 [1/1] (0.00ns)   --->   "%zext_ln185 = zext i8 %c_1" [top.cpp:185]   --->   Operation 137 'zext' 'zext_ln185' <Predicate = (!icmp_ln179)> <Delay = 0.00>
ST_10 : Operation 138 [1/1] (0.98ns)   --->   "%add_ln185 = add i14 %tmp_3, i14 %zext_ln185" [top.cpp:185]   --->   Operation 138 'add' 'add_ln185' <Predicate = (!icmp_ln179)> <Delay = 0.98> <CoreInst = "Adder">   --->   Core 1 'Adder' <Latency = 0> <II = 1> <Delay = 0.98> <FuncUnit> <Opcode : 'add' 'sub'> <InPorts = 2> <OutPorts = 1>
ST_10 : Operation 139 [1/1] (0.00ns)   --->   "%zext_ln185_1 = zext i14 %add_ln185" [top.cpp:185]   --->   Operation 139 'zext' 'zext_ln185_1' <Predicate = (!icmp_ln179)> <Delay = 0.00>
ST_10 : Operation 140 [1/1] (0.00ns)   --->   "%stage2_out_addr = getelementptr i16 %stage2_out, i64 0, i64 %zext_ln185_1" [top.cpp:185]   --->   Operation 140 'getelementptr' 'stage2_out_addr' <Predicate = (!icmp_ln179)> <Delay = 0.00>
ST_10 : Operation 141 [1/1] (0.00ns)   --->   "%speclooptripcount_ln179 = speclooptripcount void @_ssdm_op_SpecLoopTripCount, i64 128, i64 128, i64 128" [top.cpp:179]   --->   Operation 141 'speclooptripcount' 'speclooptripcount_ln179' <Predicate = (!icmp_ln179)> <Delay = 0.00>
ST_10 : Operation 142 [1/1] (0.00ns)   --->   "%specloopname_ln179 = specloopname void @_ssdm_op_SpecLoopName, void @empty_13" [top.cpp:179]   --->   Operation 142 'specloopname' 'specloopname_ln179' <Predicate = (!icmp_ln179)> <Delay = 0.00>
ST_10 : Operation 143 [1/1] (0.00ns)   --->   "%tmp_13 = partselect i7 @_ssdm_op_PartSelect.i7.i8.i32.i32, i8 %c_1, i32 1, i32 7" [top.cpp:180]   --->   Operation 143 'partselect' 'tmp_13' <Predicate = (!icmp_ln179)> <Delay = 0.00>
ST_10 : Operation 144 [1/1] (0.89ns)   --->   "%icmp_ln180 = icmp_ne  i7 %tmp_13, i7 0" [top.cpp:180]   --->   Operation 144 'icmp' 'icmp_ln180' <Predicate = (!icmp_ln179)> <Delay = 0.89> <CoreInst = "Cmp">   --->   Core 9 'Cmp' <Latency = 0> <II = 1> <Delay = 0.89> <FuncUnit> <Opcode : 'seteq' 'setne' 'setle' 'setge' 'setlt' 'setgt'> <InPorts = 2> <OutPorts = 1>
ST_10 : Operation 145 [1/1] (0.90ns)   --->   "%icmp_ln180_1 = icmp_ult  i8 %c_1, i8 126" [top.cpp:180]   --->   Operation 145 'icmp' 'icmp_ln180_1' <Predicate = (!icmp_ln179)> <Delay = 0.90> <CoreInst = "Cmp">   --->   Core 9 'Cmp' <Latency = 0> <II = 1> <Delay = 0.90> <FuncUnit> <Opcode : 'seteq' 'setne' 'setle' 'setge' 'setlt' 'setgt'> <InPorts = 2> <OutPorts = 1>
ST_10 : Operation 146 [1/1] (0.00ns) (grouped into LUT with out node and_ln180_1)   --->   "%and_ln180 = and i1 %icmp_ln180, i1 %icmp_ln180_1" [top.cpp:180]   --->   Operation 146 'and' 'and_ln180' <Predicate = (!icmp_ln179)> <Delay = 0.00> <CoreInst = "LogicGate">   --->   Core 74 'LogicGate' <Latency = 0> <II = 1> <Delay = 0.33> <FuncUnit> <Opcode : 'and' 'or' 'xor'> <InPorts = 2> <OutPorts = 1>
ST_10 : Operation 147 [1/1] (0.33ns) (out node of the LUT)   --->   "%and_ln180_1 = and i1 %and_ln180, i1 %brmerge33_not" [top.cpp:180]   --->   Operation 147 'and' 'and_ln180_1' <Predicate = (!icmp_ln179)> <Delay = 0.33> <CoreInst = "LogicGate">   --->   Core 74 'LogicGate' <Latency = 0> <II = 1> <Delay = 0.33> <FuncUnit> <Opcode : 'and' 'or' 'xor'> <InPorts = 2> <OutPorts = 1>
ST_10 : Operation 148 [1/1] (0.48ns)   --->   "%br_ln180 = br i1 %and_ln180_1, void %for.inc107, void %VITIS_LOOP_183_8.preheader" [top.cpp:180]   --->   Operation 148 'br' 'br_ln180' <Predicate = (!icmp_ln179)> <Delay = 0.48>
ST_10 : Operation 149 [1/1] (0.48ns)   --->   "%br_ln182 = br void %VITIS_LOOP_183_8" [top.cpp:182]   --->   Operation 149 'br' 'br_ln182' <Predicate = (!icmp_ln179 & and_ln180_1)> <Delay = 0.48>
ST_10 : Operation 150 [1/1] (0.48ns)   --->   "%store_ln178 = store i8 %add_ln178, i8 %r_1" [top.cpp:178]   --->   Operation 150 'store' 'store_ln178' <Predicate = (icmp_ln179)> <Delay = 0.48>
ST_10 : Operation 151 [1/1] (0.00ns)   --->   "%br_ln178 = br void %VITIS_LOOP_179_6" [top.cpp:178]   --->   Operation 151 'br' 'br_ln178' <Predicate = (icmp_ln179)> <Delay = 0.00>

State 11 <SV = 4> <Delay = 1.23>
ST_11 : Operation 152 [1/1] (0.00ns)   --->   "%i_1 = phi i3 %add_ln182, void %for.inc93, i3 6, void %VITIS_LOOP_183_8.preheader" [top.cpp:182]   --->   Operation 152 'phi' 'i_1' <Predicate = true> <Delay = 0.00>
ST_11 : Operation 153 [1/1] (0.00ns)   --->   "%p_lcssa2931 = phi i16 %empty_34, void %for.inc93, i16 30720, void %VITIS_LOOP_183_8.preheader" [top.cpp:184]   --->   Operation 153 'phi' 'p_lcssa2931' <Predicate = true> <Delay = 0.00>
ST_11 : Operation 154 [1/1] (0.74ns)   --->   "%icmp_ln182 = icmp_eq  i3 %i_1, i3 3" [top.cpp:182]   --->   Operation 154 'icmp' 'icmp_ln182' <Predicate = true> <Delay = 0.74> <CoreInst = "Cmp">   --->   Core 9 'Cmp' <Latency = 0> <II = 1> <Delay = 0.74> <FuncUnit> <Opcode : 'seteq' 'setne' 'setle' 'setge' 'setlt' 'setgt'> <InPorts = 2> <OutPorts = 1>
ST_11 : Operation 155 [1/1] (0.00ns)   --->   "%br_ln182 = br i1 %icmp_ln182, void %VITIS_LOOP_183_8.split, void %for.inc107.loopexit" [top.cpp:182]   --->   Operation 155 'br' 'br_ln182' <Predicate = true> <Delay = 0.00>
ST_11 : Operation 156 [1/1] (0.00ns)   --->   "%sext_ln182 = sext i3 %i_1" [top.cpp:182]   --->   Operation 156 'sext' 'sext_ln182' <Predicate = (!icmp_ln182)> <Delay = 0.00>
ST_11 : Operation 157 [1/1] (0.00ns)   --->   "%speclooptripcount_ln182 = speclooptripcount void @_ssdm_op_SpecLoopTripCount, i64 5, i64 5, i64 5" [top.cpp:182]   --->   Operation 157 'speclooptripcount' 'speclooptripcount_ln182' <Predicate = (!icmp_ln182)> <Delay = 0.00>
ST_11 : Operation 158 [1/1] (0.00ns)   --->   "%specloopname_ln182 = specloopname void @_ssdm_op_SpecLoopName, void @empty" [top.cpp:182]   --->   Operation 158 'specloopname' 'specloopname_ln182' <Predicate = (!icmp_ln182)> <Delay = 0.00>
ST_11 : Operation 159 [1/1] (0.89ns)   --->   "%empty_33 = add i7 %sext_ln182, i7 %trunc_ln178" [top.cpp:182]   --->   Operation 159 'add' 'empty_33' <Predicate = (!icmp_ln182)> <Delay = 0.89> <CoreInst = "Adder">   --->   Core 1 'Adder' <Latency = 0> <II = 1> <Delay = 0.89> <FuncUnit> <Opcode : 'add' 'sub'> <InPorts = 2> <OutPorts = 1>
ST_11 : Operation 160 [1/1] (0.00ns)   --->   "%tmp_7 = bitconcatenate i14 @_ssdm_op_BitConcatenate.i14.i7.i7, i7 %empty_33, i7 0" [top.cpp:184]   --->   Operation 160 'bitconcatenate' 'tmp_7' <Predicate = (!icmp_ln182)> <Delay = 0.00>
ST_11 : Operation 161 [1/1] (0.48ns)   --->   "%br_ln183 = br void %for.body74" [top.cpp:183]   --->   Operation 161 'br' 'br_ln183' <Predicate = (!icmp_ln182)> <Delay = 0.48>
ST_11 : Operation 162 [1/1] (0.48ns)   --->   "%br_ln0 = br void %for.inc107"   --->   Operation 162 'br' 'br_ln0' <Predicate = (icmp_ln182)> <Delay = 0.48>

State 12 <SV = 5> <Delay = 3.24>
ST_12 : Operation 163 [1/1] (0.00ns)   --->   "%j_1 = phi i3 6, void %VITIS_LOOP_183_8.split, i3 %add_ln183, void %for.body74.split" [top.cpp:183]   --->   Operation 163 'phi' 'j_1' <Predicate = true> <Delay = 0.00>
ST_12 : Operation 164 [1/1] (0.00ns)   --->   "%empty_34 = phi i16 %p_lcssa2931, void %VITIS_LOOP_183_8.split, i16 %select_ln184, void %for.body74.split" [top.cpp:184]   --->   Operation 164 'phi' 'empty_34' <Predicate = true> <Delay = 0.00>
ST_12 : Operation 165 [1/1] (0.74ns)   --->   "%icmp_ln183 = icmp_eq  i3 %j_1, i3 3" [top.cpp:183]   --->   Operation 165 'icmp' 'icmp_ln183' <Predicate = true> <Delay = 0.74> <CoreInst = "Cmp">   --->   Core 9 'Cmp' <Latency = 0> <II = 1> <Delay = 0.74> <FuncUnit> <Opcode : 'seteq' 'setne' 'setle' 'setge' 'setlt' 'setgt'> <InPorts = 2> <OutPorts = 1>
ST_12 : Operation 166 [1/1] (0.00ns)   --->   "%br_ln183 = br i1 %icmp_ln183, void %for.body74.split, void %for.inc93" [top.cpp:183]   --->   Operation 166 'br' 'br_ln183' <Predicate = true> <Delay = 0.00>
ST_12 : Operation 167 [1/1] (0.00ns)   --->   "%sext_ln183 = sext i3 %j_1" [top.cpp:183]   --->   Operation 167 'sext' 'sext_ln183' <Predicate = (!icmp_ln183)> <Delay = 0.00>
ST_12 : Operation 168 [1/1] (0.90ns)   --->   "%add_ln184 = add i8 %sext_ln183, i8 %c_1" [top.cpp:184]   --->   Operation 168 'add' 'add_ln184' <Predicate = (!icmp_ln183)> <Delay = 0.90> <CoreInst = "Adder">   --->   Core 1 'Adder' <Latency = 0> <II = 1> <Delay = 0.90> <FuncUnit> <Opcode : 'add' 'sub'> <InPorts = 2> <OutPorts = 1>
ST_12 : Operation 169 [1/1] (0.00ns)   --->   "%zext_ln184 = zext i8 %add_ln184" [top.cpp:184]   --->   Operation 169 'zext' 'zext_ln184' <Predicate = (!icmp_ln183)> <Delay = 0.00>
ST_12 : Operation 170 [1/1] (0.98ns)   --->   "%add_ln184_1 = add i14 %tmp_7, i14 %zext_ln184" [top.cpp:184]   --->   Operation 170 'add' 'add_ln184_1' <Predicate = (!icmp_ln183)> <Delay = 0.98> <CoreInst = "Adder">   --->   Core 1 'Adder' <Latency = 0> <II = 1> <Delay = 0.98> <FuncUnit> <Opcode : 'add' 'sub'> <InPorts = 2> <OutPorts = 1>
ST_12 : Operation 171 [1/1] (0.00ns)   --->   "%zext_ln184_1 = zext i14 %add_ln184_1" [top.cpp:184]   --->   Operation 171 'zext' 'zext_ln184_1' <Predicate = (!icmp_ln183)> <Delay = 0.00>
ST_12 : Operation 172 [1/1] (0.00ns)   --->   "%stage1_out_addr_1 = getelementptr i16 %stage1_out, i64 0, i64 %zext_ln184_1" [top.cpp:184]   --->   Operation 172 'getelementptr' 'stage1_out_addr_1' <Predicate = (!icmp_ln183)> <Delay = 0.00>
ST_12 : Operation 173 [2/2] (1.35ns)   --->   "%stage1_out_load = load i14 %stage1_out_addr_1" [top.cpp:184]   --->   Operation 173 'load' 'stage1_out_load' <Predicate = (!icmp_ln183)> <Delay = 1.35> <CoreInst = "RAM">   --->   Core 82 'RAM' <Latency = 1> <II = 1> <Delay = 1.35> <Storage> <Opcode : 'load' 'store'> <Ports = 2> <Width = 16> <Depth = 16384> <RAM>
ST_12 : Operation 174 [1/1] (0.74ns)   --->   "%add_ln183 = add i3 %j_1, i3 1" [top.cpp:183]   --->   Operation 174 'add' 'add_ln183' <Predicate = (!icmp_ln183)> <Delay = 0.74> <CoreInst = "Adder">   --->   Core 1 'Adder' <Latency = 0> <II = 1> <Delay = 0.74> <FuncUnit> <Opcode : 'add' 'sub'> <InPorts = 2> <OutPorts = 1>
ST_12 : Operation 175 [1/1] (0.74ns)   --->   "%add_ln182 = add i3 %i_1, i3 1" [top.cpp:182]   --->   Operation 175 'add' 'add_ln182' <Predicate = (icmp_ln183)> <Delay = 0.74> <CoreInst = "Adder">   --->   Core 1 'Adder' <Latency = 0> <II = 1> <Delay = 0.74> <FuncUnit> <Opcode : 'add' 'sub'> <InPorts = 2> <OutPorts = 1>
ST_12 : Operation 176 [1/1] (0.00ns)   --->   "%br_ln182 = br void %VITIS_LOOP_183_8" [top.cpp:182]   --->   Operation 176 'br' 'br_ln182' <Predicate = (icmp_ln183)> <Delay = 0.00>

State 13 <SV = 6> <Delay = 2.78>
ST_13 : Operation 177 [1/1] (0.00ns)   --->   "%speclooptripcount_ln183 = speclooptripcount void @_ssdm_op_SpecLoopTripCount, i64 5, i64 5, i64 5" [top.cpp:183]   --->   Operation 177 'speclooptripcount' 'speclooptripcount_ln183' <Predicate = true> <Delay = 0.00>
ST_13 : Operation 178 [1/1] (0.00ns)   --->   "%specloopname_ln183 = specloopname void @_ssdm_op_SpecLoopName, void @empty_15" [top.cpp:183]   --->   Operation 178 'specloopname' 'specloopname_ln183' <Predicate = true> <Delay = 0.00>
ST_13 : Operation 179 [1/2] ( I:1.35ns O:1.35ns )   --->   "%stage1_out_load = load i14 %stage1_out_addr_1" [top.cpp:184]   --->   Operation 179 'load' 'stage1_out_load' <Predicate = true> <Delay = 1.35> <CoreInst = "RAM">   --->   Core 82 'RAM' <Latency = 1> <II = 1> <Delay = 1.35> <Storage> <Opcode : 'load' 'store'> <Ports = 2> <Width = 16> <Depth = 16384> <RAM>
ST_13 : Operation 180 [1/1] (1.01ns)   --->   "%icmp_ln184 = icmp_slt  i16 %stage1_out_load, i16 %empty_34" [top.cpp:184]   --->   Operation 180 'icmp' 'icmp_ln184' <Predicate = true> <Delay = 1.01> <CoreInst = "Cmp">   --->   Core 9 'Cmp' <Latency = 0> <II = 1> <Delay = 1.01> <FuncUnit> <Opcode : 'seteq' 'setne' 'setle' 'setge' 'setlt' 'setgt'> <InPorts = 2> <OutPorts = 1>
ST_13 : Operation 181 [1/1] (0.42ns)   --->   "%select_ln184 = select i1 %icmp_ln184, i16 %stage1_out_load, i16 %empty_34" [top.cpp:184]   --->   Operation 181 'select' 'select_ln184' <Predicate = true> <Delay = 0.42> <CoreInst = "Sel">   --->   Core 73 'Sel' <Latency = 0> <II = 1> <Delay = 0.42> <FuncUnit> <Opcode : 'select'> <InPorts = 3> <OutPorts = 1>
ST_13 : Operation 182 [1/1] (0.00ns)   --->   "%br_ln183 = br void %for.body74" [top.cpp:183]   --->   Operation 182 'br' 'br_ln183' <Predicate = true> <Delay = 0.00>

State 14 <SV = 5> <Delay = 1.35>
ST_14 : Operation 183 [1/1] (0.00ns)   --->   "%storemerge1 = phi i16 0, void %for.body56.split, i16 %p_lcssa2931, void %for.inc107.loopexit" [top.cpp:184]   --->   Operation 183 'phi' 'storemerge1' <Predicate = true> <Delay = 0.00>
ST_14 : Operation 184 [1/1] ( I:1.35ns O:1.35ns )   --->   "%store_ln185 = store i16 %storemerge1, i14 %stage2_out_addr" [top.cpp:185]   --->   Operation 184 'store' 'store_ln185' <Predicate = true> <Delay = 1.35> <CoreInst = "RAM">   --->   Core 82 'RAM' <Latency = 1> <II = 1> <Delay = 1.35> <Storage> <Opcode : 'load' 'store'> <Ports = 2> <Width = 16> <Depth = 16384> <RAM>
ST_14 : Operation 185 [1/1] (0.00ns)   --->   "%br_ln179 = br void %for.body56" [top.cpp:179]   --->   Operation 185 'br' 'br_ln179' <Predicate = true> <Delay = 0.00>

State 15 <SV = 3> <Delay = 1.39>
ST_15 : Operation 186 [1/1] (0.00ns)   --->   "%r_7 = load i8 %r_2" [top.cpp:193]   --->   Operation 186 'load' 'r_7' <Predicate = true> <Delay = 0.00>
ST_15 : Operation 187 [1/1] (0.90ns)   --->   "%icmp_ln193 = icmp_eq  i8 %r_7, i8 128" [top.cpp:193]   --->   Operation 187 'icmp' 'icmp_ln193' <Predicate = true> <Delay = 0.90> <CoreInst = "Cmp">   --->   Core 9 'Cmp' <Latency = 0> <II = 1> <Delay = 0.90> <FuncUnit> <Opcode : 'seteq' 'setne' 'setle' 'setge' 'setlt' 'setgt'> <InPorts = 2> <OutPorts = 1>
ST_15 : Operation 188 [1/1] (0.90ns)   --->   "%add_ln193 = add i8 %r_7, i8 1" [top.cpp:193]   --->   Operation 188 'add' 'add_ln193' <Predicate = true> <Delay = 0.90> <CoreInst = "Adder">   --->   Core 1 'Adder' <Latency = 0> <II = 1> <Delay = 0.90> <FuncUnit> <Opcode : 'add' 'sub'> <InPorts = 2> <OutPorts = 1>
ST_15 : Operation 189 [1/1] (0.00ns)   --->   "%br_ln193 = br i1 %icmp_ln193, void %VITIS_LOOP_194_10.split, void %VITIS_LOOP_209_14.preheader" [top.cpp:193]   --->   Operation 189 'br' 'br_ln193' <Predicate = true> <Delay = 0.00>
ST_15 : Operation 190 [1/1] (0.00ns)   --->   "%trunc_ln193 = trunc i8 %r_7" [top.cpp:193]   --->   Operation 190 'trunc' 'trunc_ln193' <Predicate = (!icmp_ln193)> <Delay = 0.00>
ST_15 : Operation 191 [1/1] (0.00ns)   --->   "%tmp_4 = bitconcatenate i14 @_ssdm_op_BitConcatenate.i14.i7.i7, i7 %trunc_ln193, i7 0" [top.cpp:200]   --->   Operation 191 'bitconcatenate' 'tmp_4' <Predicate = (!icmp_ln193)> <Delay = 0.00>
ST_15 : Operation 192 [1/1] (0.00ns)   --->   "%speclooptripcount_ln193 = speclooptripcount void @_ssdm_op_SpecLoopTripCount, i64 128, i64 128, i64 128" [top.cpp:193]   --->   Operation 192 'speclooptripcount' 'speclooptripcount_ln193' <Predicate = (!icmp_ln193)> <Delay = 0.00>
ST_15 : Operation 193 [1/1] (0.00ns)   --->   "%specloopname_ln193 = specloopname void @_ssdm_op_SpecLoopName, void @empty_10" [top.cpp:193]   --->   Operation 193 'specloopname' 'specloopname_ln193' <Predicate = (!icmp_ln193)> <Delay = 0.00>
ST_15 : Operation 194 [1/1] (0.00ns)   --->   "%tmp_2 = partselect i7 @_ssdm_op_PartSelect.i7.i8.i32.i32, i8 %r_7, i32 1, i32 7" [top.cpp:193]   --->   Operation 194 'partselect' 'tmp_2' <Predicate = (!icmp_ln193)> <Delay = 0.00>
ST_15 : Operation 195 [1/1] (0.89ns)   --->   "%icmp9 = icmp_eq  i7 %tmp_2, i7 0" [top.cpp:193]   --->   Operation 195 'icmp' 'icmp9' <Predicate = (!icmp_ln193)> <Delay = 0.89> <CoreInst = "Cmp">   --->   Core 9 'Cmp' <Latency = 0> <II = 1> <Delay = 0.89> <FuncUnit> <Opcode : 'seteq' 'setne' 'setle' 'setge' 'setlt' 'setgt'> <InPorts = 2> <OutPorts = 1>
ST_15 : Operation 196 [1/1] (0.90ns)   --->   "%cmp125 = icmp_ult  i8 %r_7, i8 126" [top.cpp:193]   --->   Operation 196 'icmp' 'cmp125' <Predicate = (!icmp_ln193)> <Delay = 0.90> <CoreInst = "Cmp">   --->   Core 9 'Cmp' <Latency = 0> <II = 1> <Delay = 0.90> <FuncUnit> <Opcode : 'seteq' 'setne' 'setle' 'setge' 'setlt' 'setgt'> <InPorts = 2> <OutPorts = 1>
ST_15 : Operation 197 [1/1] (0.33ns)   --->   "%brmerge36_not = xor i1 %icmp9, i1 %cmp125" [top.cpp:193]   --->   Operation 197 'xor' 'brmerge36_not' <Predicate = (!icmp_ln193)> <Delay = 0.33> <CoreInst = "LogicGate">   --->   Core 74 'LogicGate' <Latency = 0> <II = 1> <Delay = 0.33> <FuncUnit> <Opcode : 'and' 'or' 'xor'> <InPorts = 2> <OutPorts = 1>
ST_15 : Operation 198 [1/1] (0.48ns)   --->   "%br_ln194 = br void %for.body122" [top.cpp:194]   --->   Operation 198 'br' 'br_ln194' <Predicate = (!icmp_ln193)> <Delay = 0.48>
ST_15 : Operation 199 [1/1] (0.00ns)   --->   "%r_3 = alloca i32 1" [top.cpp:208]   --->   Operation 199 'alloca' 'r_3' <Predicate = (icmp_ln193)> <Delay = 0.00>
ST_15 : Operation 200 [1/1] (0.48ns)   --->   "%store_ln208 = store i8 0, i8 %r_3" [top.cpp:208]   --->   Operation 200 'store' 'store_ln208' <Predicate = (icmp_ln193)> <Delay = 0.48>
ST_15 : Operation 201 [1/1] (0.00ns)   --->   "%br_ln208 = br void %VITIS_LOOP_209_14" [top.cpp:208]   --->   Operation 201 'br' 'br_ln208' <Predicate = (icmp_ln193)> <Delay = 0.00>

State 16 <SV = 4> <Delay = 1.72>
ST_16 : Operation 202 [1/1] (0.00ns)   --->   "%c_2 = phi i8 0, void %VITIS_LOOP_194_10.split, i8 %add_ln194, void %for.inc173" [top.cpp:194]   --->   Operation 202 'phi' 'c_2' <Predicate = true> <Delay = 0.00>
ST_16 : Operation 203 [1/1] (0.90ns)   --->   "%icmp_ln194 = icmp_eq  i8 %c_2, i8 128" [top.cpp:194]   --->   Operation 203 'icmp' 'icmp_ln194' <Predicate = true> <Delay = 0.90> <CoreInst = "Cmp">   --->   Core 9 'Cmp' <Latency = 0> <II = 1> <Delay = 0.90> <FuncUnit> <Opcode : 'seteq' 'setne' 'setle' 'setge' 'setlt' 'setgt'> <InPorts = 2> <OutPorts = 1>
ST_16 : Operation 204 [1/1] (0.90ns)   --->   "%add_ln194 = add i8 %c_2, i8 1" [top.cpp:194]   --->   Operation 204 'add' 'add_ln194' <Predicate = true> <Delay = 0.90> <CoreInst = "Adder">   --->   Core 1 'Adder' <Latency = 0> <II = 1> <Delay = 0.90> <FuncUnit> <Opcode : 'add' 'sub'> <InPorts = 2> <OutPorts = 1>
ST_16 : Operation 205 [1/1] (0.00ns)   --->   "%br_ln194 = br i1 %icmp_ln194, void %for.body122.split, void %for.inc176" [top.cpp:194]   --->   Operation 205 'br' 'br_ln194' <Predicate = true> <Delay = 0.00>
ST_16 : Operation 206 [1/1] (0.00ns)   --->   "%zext_ln200 = zext i8 %c_2" [top.cpp:200]   --->   Operation 206 'zext' 'zext_ln200' <Predicate = (!icmp_ln194)> <Delay = 0.00>
ST_16 : Operation 207 [1/1] (0.98ns)   --->   "%add_ln200 = add i14 %tmp_4, i14 %zext_ln200" [top.cpp:200]   --->   Operation 207 'add' 'add_ln200' <Predicate = (!icmp_ln194)> <Delay = 0.98> <CoreInst = "Adder">   --->   Core 1 'Adder' <Latency = 0> <II = 1> <Delay = 0.98> <FuncUnit> <Opcode : 'add' 'sub'> <InPorts = 2> <OutPorts = 1>
ST_16 : Operation 208 [1/1] (0.00ns)   --->   "%zext_ln200_1 = zext i14 %add_ln200" [top.cpp:200]   --->   Operation 208 'zext' 'zext_ln200_1' <Predicate = (!icmp_ln194)> <Delay = 0.00>
ST_16 : Operation 209 [1/1] (0.00ns)   --->   "%stage3_out_addr = getelementptr i16 %stage3_out, i64 0, i64 %zext_ln200_1" [top.cpp:200]   --->   Operation 209 'getelementptr' 'stage3_out_addr' <Predicate = (!icmp_ln194)> <Delay = 0.00>
ST_16 : Operation 210 [1/1] (0.00ns)   --->   "%speclooptripcount_ln194 = speclooptripcount void @_ssdm_op_SpecLoopTripCount, i64 128, i64 128, i64 128" [top.cpp:194]   --->   Operation 210 'speclooptripcount' 'speclooptripcount_ln194' <Predicate = (!icmp_ln194)> <Delay = 0.00>
ST_16 : Operation 211 [1/1] (0.00ns)   --->   "%specloopname_ln194 = specloopname void @_ssdm_op_SpecLoopName, void @empty_9" [top.cpp:194]   --->   Operation 211 'specloopname' 'specloopname_ln194' <Predicate = (!icmp_ln194)> <Delay = 0.00>
ST_16 : Operation 212 [1/1] (0.00ns)   --->   "%tmp_16 = partselect i7 @_ssdm_op_PartSelect.i7.i8.i32.i32, i8 %c_2, i32 1, i32 7" [top.cpp:195]   --->   Operation 212 'partselect' 'tmp_16' <Predicate = (!icmp_ln194)> <Delay = 0.00>
ST_16 : Operation 213 [1/1] (0.89ns)   --->   "%icmp_ln195 = icmp_ne  i7 %tmp_16, i7 0" [top.cpp:195]   --->   Operation 213 'icmp' 'icmp_ln195' <Predicate = (!icmp_ln194)> <Delay = 0.89> <CoreInst = "Cmp">   --->   Core 9 'Cmp' <Latency = 0> <II = 1> <Delay = 0.89> <FuncUnit> <Opcode : 'seteq' 'setne' 'setle' 'setge' 'setlt' 'setgt'> <InPorts = 2> <OutPorts = 1>
ST_16 : Operation 214 [1/1] (0.90ns)   --->   "%icmp_ln195_1 = icmp_ult  i8 %c_2, i8 126" [top.cpp:195]   --->   Operation 214 'icmp' 'icmp_ln195_1' <Predicate = (!icmp_ln194)> <Delay = 0.90> <CoreInst = "Cmp">   --->   Core 9 'Cmp' <Latency = 0> <II = 1> <Delay = 0.90> <FuncUnit> <Opcode : 'seteq' 'setne' 'setle' 'setge' 'setlt' 'setgt'> <InPorts = 2> <OutPorts = 1>
ST_16 : Operation 215 [1/1] (0.00ns) (grouped into LUT with out node and_ln195_1)   --->   "%and_ln195 = and i1 %icmp_ln195, i1 %icmp_ln195_1" [top.cpp:195]   --->   Operation 215 'and' 'and_ln195' <Predicate = (!icmp_ln194)> <Delay = 0.00> <CoreInst = "LogicGate">   --->   Core 74 'LogicGate' <Latency = 0> <II = 1> <Delay = 0.33> <FuncUnit> <Opcode : 'and' 'or' 'xor'> <InPorts = 2> <OutPorts = 1>
ST_16 : Operation 216 [1/1] (0.33ns) (out node of the LUT)   --->   "%and_ln195_1 = and i1 %and_ln195, i1 %brmerge36_not" [top.cpp:195]   --->   Operation 216 'and' 'and_ln195_1' <Predicate = (!icmp_ln194)> <Delay = 0.33> <CoreInst = "LogicGate">   --->   Core 74 'LogicGate' <Latency = 0> <II = 1> <Delay = 0.33> <FuncUnit> <Opcode : 'and' 'or' 'xor'> <InPorts = 2> <OutPorts = 1>
ST_16 : Operation 217 [1/1] (0.48ns)   --->   "%br_ln195 = br i1 %and_ln195_1, void %for.inc173, void %VITIS_LOOP_198_12.preheader" [top.cpp:195]   --->   Operation 217 'br' 'br_ln195' <Predicate = (!icmp_ln194)> <Delay = 0.48>
ST_16 : Operation 218 [1/1] (0.48ns)   --->   "%br_ln197 = br void %VITIS_LOOP_198_12" [top.cpp:197]   --->   Operation 218 'br' 'br_ln197' <Predicate = (!icmp_ln194 & and_ln195_1)> <Delay = 0.48>
ST_16 : Operation 219 [1/1] (0.48ns)   --->   "%store_ln193 = store i8 %add_ln193, i8 %r_2" [top.cpp:193]   --->   Operation 219 'store' 'store_ln193' <Predicate = (icmp_ln194)> <Delay = 0.48>
ST_16 : Operation 220 [1/1] (0.00ns)   --->   "%br_ln193 = br void %VITIS_LOOP_194_10" [top.cpp:193]   --->   Operation 220 'br' 'br_ln193' <Predicate = (icmp_ln194)> <Delay = 0.00>

State 17 <SV = 5> <Delay = 1.23>
ST_17 : Operation 221 [1/1] (0.00ns)   --->   "%i_2 = phi i3 %add_ln197, void %for.inc159, i3 6, void %VITIS_LOOP_198_12.preheader" [top.cpp:197]   --->   Operation 221 'phi' 'i_2' <Predicate = true> <Delay = 0.00>
ST_17 : Operation 222 [1/1] (0.00ns)   --->   "%p_lcssa28 = phi i16 %empty_36, void %for.inc159, i16 34816, void %VITIS_LOOP_198_12.preheader" [top.cpp:199]   --->   Operation 222 'phi' 'p_lcssa28' <Predicate = true> <Delay = 0.00>
ST_17 : Operation 223 [1/1] (0.74ns)   --->   "%icmp_ln197 = icmp_eq  i3 %i_2, i3 3" [top.cpp:197]   --->   Operation 223 'icmp' 'icmp_ln197' <Predicate = true> <Delay = 0.74> <CoreInst = "Cmp">   --->   Core 9 'Cmp' <Latency = 0> <II = 1> <Delay = 0.74> <FuncUnit> <Opcode : 'seteq' 'setne' 'setle' 'setge' 'setlt' 'setgt'> <InPorts = 2> <OutPorts = 1>
ST_17 : Operation 224 [1/1] (0.00ns)   --->   "%br_ln197 = br i1 %icmp_ln197, void %VITIS_LOOP_198_12.split, void %for.inc173.loopexit" [top.cpp:197]   --->   Operation 224 'br' 'br_ln197' <Predicate = true> <Delay = 0.00>
ST_17 : Operation 225 [1/1] (0.00ns)   --->   "%sext_ln197 = sext i3 %i_2" [top.cpp:197]   --->   Operation 225 'sext' 'sext_ln197' <Predicate = (!icmp_ln197)> <Delay = 0.00>
ST_17 : Operation 226 [1/1] (0.00ns)   --->   "%speclooptripcount_ln197 = speclooptripcount void @_ssdm_op_SpecLoopTripCount, i64 5, i64 5, i64 5" [top.cpp:197]   --->   Operation 226 'speclooptripcount' 'speclooptripcount_ln197' <Predicate = (!icmp_ln197)> <Delay = 0.00>
ST_17 : Operation 227 [1/1] (0.00ns)   --->   "%specloopname_ln197 = specloopname void @_ssdm_op_SpecLoopName, void @empty_8" [top.cpp:197]   --->   Operation 227 'specloopname' 'specloopname_ln197' <Predicate = (!icmp_ln197)> <Delay = 0.00>
ST_17 : Operation 228 [1/1] (0.89ns)   --->   "%empty_35 = add i7 %sext_ln197, i7 %trunc_ln193" [top.cpp:197]   --->   Operation 228 'add' 'empty_35' <Predicate = (!icmp_ln197)> <Delay = 0.89> <CoreInst = "Adder">   --->   Core 1 'Adder' <Latency = 0> <II = 1> <Delay = 0.89> <FuncUnit> <Opcode : 'add' 'sub'> <InPorts = 2> <OutPorts = 1>
ST_17 : Operation 229 [1/1] (0.00ns)   --->   "%tmp_11 = bitconcatenate i14 @_ssdm_op_BitConcatenate.i14.i7.i7, i7 %empty_35, i7 0" [top.cpp:199]   --->   Operation 229 'bitconcatenate' 'tmp_11' <Predicate = (!icmp_ln197)> <Delay = 0.00>
ST_17 : Operation 230 [1/1] (0.48ns)   --->   "%br_ln198 = br void %for.body140" [top.cpp:198]   --->   Operation 230 'br' 'br_ln198' <Predicate = (!icmp_ln197)> <Delay = 0.48>
ST_17 : Operation 231 [1/1] (0.48ns)   --->   "%br_ln0 = br void %for.inc173"   --->   Operation 231 'br' 'br_ln0' <Predicate = (icmp_ln197)> <Delay = 0.48>

State 18 <SV = 6> <Delay = 3.24>
ST_18 : Operation 232 [1/1] (0.00ns)   --->   "%j_2 = phi i3 6, void %VITIS_LOOP_198_12.split, i3 %add_ln198, void %for.body140.split" [top.cpp:198]   --->   Operation 232 'phi' 'j_2' <Predicate = true> <Delay = 0.00>
ST_18 : Operation 233 [1/1] (0.00ns)   --->   "%empty_36 = phi i16 %p_lcssa28, void %VITIS_LOOP_198_12.split, i16 %select_ln199, void %for.body140.split" [top.cpp:199]   --->   Operation 233 'phi' 'empty_36' <Predicate = true> <Delay = 0.00>
ST_18 : Operation 234 [1/1] (0.74ns)   --->   "%icmp_ln198 = icmp_eq  i3 %j_2, i3 3" [top.cpp:198]   --->   Operation 234 'icmp' 'icmp_ln198' <Predicate = true> <Delay = 0.74> <CoreInst = "Cmp">   --->   Core 9 'Cmp' <Latency = 0> <II = 1> <Delay = 0.74> <FuncUnit> <Opcode : 'seteq' 'setne' 'setle' 'setge' 'setlt' 'setgt'> <InPorts = 2> <OutPorts = 1>
ST_18 : Operation 235 [1/1] (0.00ns)   --->   "%br_ln198 = br i1 %icmp_ln198, void %for.body140.split, void %for.inc159" [top.cpp:198]   --->   Operation 235 'br' 'br_ln198' <Predicate = true> <Delay = 0.00>
ST_18 : Operation 236 [1/1] (0.00ns)   --->   "%sext_ln198 = sext i3 %j_2" [top.cpp:198]   --->   Operation 236 'sext' 'sext_ln198' <Predicate = (!icmp_ln198)> <Delay = 0.00>
ST_18 : Operation 237 [1/1] (0.90ns)   --->   "%add_ln199 = add i8 %sext_ln198, i8 %c_2" [top.cpp:199]   --->   Operation 237 'add' 'add_ln199' <Predicate = (!icmp_ln198)> <Delay = 0.90> <CoreInst = "Adder">   --->   Core 1 'Adder' <Latency = 0> <II = 1> <Delay = 0.90> <FuncUnit> <Opcode : 'add' 'sub'> <InPorts = 2> <OutPorts = 1>
ST_18 : Operation 238 [1/1] (0.00ns)   --->   "%zext_ln199 = zext i8 %add_ln199" [top.cpp:199]   --->   Operation 238 'zext' 'zext_ln199' <Predicate = (!icmp_ln198)> <Delay = 0.00>
ST_18 : Operation 239 [1/1] (0.98ns)   --->   "%add_ln199_1 = add i14 %tmp_11, i14 %zext_ln199" [top.cpp:199]   --->   Operation 239 'add' 'add_ln199_1' <Predicate = (!icmp_ln198)> <Delay = 0.98> <CoreInst = "Adder">   --->   Core 1 'Adder' <Latency = 0> <II = 1> <Delay = 0.98> <FuncUnit> <Opcode : 'add' 'sub'> <InPorts = 2> <OutPorts = 1>
ST_18 : Operation 240 [1/1] (0.00ns)   --->   "%zext_ln199_1 = zext i14 %add_ln199_1" [top.cpp:199]   --->   Operation 240 'zext' 'zext_ln199_1' <Predicate = (!icmp_ln198)> <Delay = 0.00>
ST_18 : Operation 241 [1/1] (0.00ns)   --->   "%stage2_out_addr_2 = getelementptr i16 %stage2_out, i64 0, i64 %zext_ln199_1" [top.cpp:199]   --->   Operation 241 'getelementptr' 'stage2_out_addr_2' <Predicate = (!icmp_ln198)> <Delay = 0.00>
ST_18 : Operation 242 [2/2] (1.35ns)   --->   "%stage2_out_load_1 = load i14 %stage2_out_addr_2" [top.cpp:199]   --->   Operation 242 'load' 'stage2_out_load_1' <Predicate = (!icmp_ln198)> <Delay = 1.35> <CoreInst = "RAM">   --->   Core 82 'RAM' <Latency = 1> <II = 1> <Delay = 1.35> <Storage> <Opcode : 'load' 'store'> <Ports = 2> <Width = 16> <Depth = 16384> <RAM>
ST_18 : Operation 243 [1/1] (0.74ns)   --->   "%add_ln198 = add i3 %j_2, i3 1" [top.cpp:198]   --->   Operation 243 'add' 'add_ln198' <Predicate = (!icmp_ln198)> <Delay = 0.74> <CoreInst = "Adder">   --->   Core 1 'Adder' <Latency = 0> <II = 1> <Delay = 0.74> <FuncUnit> <Opcode : 'add' 'sub'> <InPorts = 2> <OutPorts = 1>
ST_18 : Operation 244 [1/1] (0.74ns)   --->   "%add_ln197 = add i3 %i_2, i3 1" [top.cpp:197]   --->   Operation 244 'add' 'add_ln197' <Predicate = (icmp_ln198)> <Delay = 0.74> <CoreInst = "Adder">   --->   Core 1 'Adder' <Latency = 0> <II = 1> <Delay = 0.74> <FuncUnit> <Opcode : 'add' 'sub'> <InPorts = 2> <OutPorts = 1>
ST_18 : Operation 245 [1/1] (0.00ns)   --->   "%br_ln197 = br void %VITIS_LOOP_198_12" [top.cpp:197]   --->   Operation 245 'br' 'br_ln197' <Predicate = (icmp_ln198)> <Delay = 0.00>

State 19 <SV = 7> <Delay = 2.78>
ST_19 : Operation 246 [1/1] (0.00ns)   --->   "%speclooptripcount_ln198 = speclooptripcount void @_ssdm_op_SpecLoopTripCount, i64 5, i64 5, i64 5" [top.cpp:198]   --->   Operation 246 'speclooptripcount' 'speclooptripcount_ln198' <Predicate = true> <Delay = 0.00>
ST_19 : Operation 247 [1/1] (0.00ns)   --->   "%specloopname_ln198 = specloopname void @_ssdm_op_SpecLoopName, void @empty_7" [top.cpp:198]   --->   Operation 247 'specloopname' 'specloopname_ln198' <Predicate = true> <Delay = 0.00>
ST_19 : Operation 248 [1/2] ( I:1.35ns O:1.35ns )   --->   "%stage2_out_load_1 = load i14 %stage2_out_addr_2" [top.cpp:199]   --->   Operation 248 'load' 'stage2_out_load_1' <Predicate = true> <Delay = 1.35> <CoreInst = "RAM">   --->   Core 82 'RAM' <Latency = 1> <II = 1> <Delay = 1.35> <Storage> <Opcode : 'load' 'store'> <Ports = 2> <Width = 16> <Depth = 16384> <RAM>
ST_19 : Operation 249 [1/1] (1.01ns)   --->   "%icmp_ln199 = icmp_sgt  i16 %stage2_out_load_1, i16 %empty_36" [top.cpp:199]   --->   Operation 249 'icmp' 'icmp_ln199' <Predicate = true> <Delay = 1.01> <CoreInst = "Cmp">   --->   Core 9 'Cmp' <Latency = 0> <II = 1> <Delay = 1.01> <FuncUnit> <Opcode : 'seteq' 'setne' 'setle' 'setge' 'setlt' 'setgt'> <InPorts = 2> <OutPorts = 1>
ST_19 : Operation 250 [1/1] (0.42ns)   --->   "%select_ln199 = select i1 %icmp_ln199, i16 %stage2_out_load_1, i16 %empty_36" [top.cpp:199]   --->   Operation 250 'select' 'select_ln199' <Predicate = true> <Delay = 0.42> <CoreInst = "Sel">   --->   Core 73 'Sel' <Latency = 0> <II = 1> <Delay = 0.42> <FuncUnit> <Opcode : 'select'> <InPorts = 3> <OutPorts = 1>
ST_19 : Operation 251 [1/1] (0.00ns)   --->   "%br_ln198 = br void %for.body140" [top.cpp:198]   --->   Operation 251 'br' 'br_ln198' <Predicate = true> <Delay = 0.00>

State 20 <SV = 6> <Delay = 1.35>
ST_20 : Operation 252 [1/1] (0.00ns)   --->   "%storemerge2 = phi i16 0, void %for.body122.split, i16 %p_lcssa28, void %for.inc173.loopexit" [top.cpp:199]   --->   Operation 252 'phi' 'storemerge2' <Predicate = true> <Delay = 0.00>
ST_20 : Operation 253 [1/1] ( I:1.35ns O:1.35ns )   --->   "%store_ln200 = store i16 %storemerge2, i14 %stage3_out_addr" [top.cpp:200]   --->   Operation 253 'store' 'store_ln200' <Predicate = true> <Delay = 1.35> <CoreInst = "RAM">   --->   Core 82 'RAM' <Latency = 1> <II = 1> <Delay = 1.35> <Storage> <Opcode : 'load' 'store'> <Ports = 2> <Width = 16> <Depth = 16384> <RAM>
ST_20 : Operation 254 [1/1] (0.00ns)   --->   "%br_ln194 = br void %for.body122" [top.cpp:194]   --->   Operation 254 'br' 'br_ln194' <Predicate = true> <Delay = 0.00>

State 21 <SV = 4> <Delay = 1.39>
ST_21 : Operation 255 [1/1] (0.00ns)   --->   "%r_8 = load i8 %r_3" [top.cpp:208]   --->   Operation 255 'load' 'r_8' <Predicate = true> <Delay = 0.00>
ST_21 : Operation 256 [1/1] (0.90ns)   --->   "%icmp_ln208 = icmp_eq  i8 %r_8, i8 128" [top.cpp:208]   --->   Operation 256 'icmp' 'icmp_ln208' <Predicate = true> <Delay = 0.90> <CoreInst = "Cmp">   --->   Core 9 'Cmp' <Latency = 0> <II = 1> <Delay = 0.90> <FuncUnit> <Opcode : 'seteq' 'setne' 'setle' 'setge' 'setlt' 'setgt'> <InPorts = 2> <OutPorts = 1>
ST_21 : Operation 257 [1/1] (0.90ns)   --->   "%add_ln208 = add i8 %r_8, i8 1" [top.cpp:208]   --->   Operation 257 'add' 'add_ln208' <Predicate = true> <Delay = 0.90> <CoreInst = "Adder">   --->   Core 1 'Adder' <Latency = 0> <II = 1> <Delay = 0.90> <FuncUnit> <Opcode : 'add' 'sub'> <InPorts = 2> <OutPorts = 1>
ST_21 : Operation 258 [1/1] (0.00ns)   --->   "%br_ln208 = br i1 %icmp_ln208, void %VITIS_LOOP_209_14.split, void %VITIS_LOOP_217_16.preheader" [top.cpp:208]   --->   Operation 258 'br' 'br_ln208' <Predicate = true> <Delay = 0.00>
ST_21 : Operation 259 [1/1] (0.00ns)   --->   "%trunc_ln208 = trunc i8 %r_8" [top.cpp:208]   --->   Operation 259 'trunc' 'trunc_ln208' <Predicate = (!icmp_ln208)> <Delay = 0.00>
ST_21 : Operation 260 [1/1] (0.00ns)   --->   "%tmp_6 = bitconcatenate i14 @_ssdm_op_BitConcatenate.i14.i7.i7, i7 %trunc_ln208, i7 0" [top.cpp:210]   --->   Operation 260 'bitconcatenate' 'tmp_6' <Predicate = (!icmp_ln208)> <Delay = 0.00>
ST_21 : Operation 261 [1/1] (0.00ns)   --->   "%speclooptripcount_ln208 = speclooptripcount void @_ssdm_op_SpecLoopTripCount, i64 128, i64 128, i64 128" [top.cpp:208]   --->   Operation 261 'speclooptripcount' 'speclooptripcount_ln208' <Predicate = (!icmp_ln208)> <Delay = 0.00>
ST_21 : Operation 262 [1/1] (0.00ns)   --->   "%specloopname_ln208 = specloopname void @_ssdm_op_SpecLoopName, void @empty_11" [top.cpp:208]   --->   Operation 262 'specloopname' 'specloopname_ln208' <Predicate = (!icmp_ln208)> <Delay = 0.00>
ST_21 : Operation 263 [1/1] (0.48ns)   --->   "%br_ln209 = br void %for.body188" [top.cpp:209]   --->   Operation 263 'br' 'br_ln209' <Predicate = (!icmp_ln208)> <Delay = 0.48>
ST_21 : Operation 264 [1/1] (0.00ns)   --->   "%r_4 = alloca i32 1" [top.cpp:216]   --->   Operation 264 'alloca' 'r_4' <Predicate = (icmp_ln208)> <Delay = 0.00>
ST_21 : Operation 265 [1/1] (0.00ns)   --->   "%total_sum = alloca i32 1" [top.cpp:215]   --->   Operation 265 'alloca' 'total_sum' <Predicate = (icmp_ln208)> <Delay = 0.00>
ST_21 : Operation 266 [1/1] (0.48ns)   --->   "%store_ln215 = store i32 0, i32 %total_sum" [top.cpp:215]   --->   Operation 266 'store' 'store_ln215' <Predicate = (icmp_ln208)> <Delay = 0.48>
ST_21 : Operation 267 [1/1] (0.48ns)   --->   "%store_ln216 = store i8 0, i8 %r_4" [top.cpp:216]   --->   Operation 267 'store' 'store_ln216' <Predicate = (icmp_ln208)> <Delay = 0.48>
ST_21 : Operation 268 [1/1] (0.00ns)   --->   "%br_ln216 = br void %VITIS_LOOP_217_16" [top.cpp:216]   --->   Operation 268 'br' 'br_ln216' <Predicate = (icmp_ln208)> <Delay = 0.00>

State 22 <SV = 5> <Delay = 2.34>
ST_22 : Operation 269 [1/1] (0.00ns)   --->   "%c_3 = phi i8 0, void %VITIS_LOOP_209_14.split, i8 %add_ln209, void %for.body188.split" [top.cpp:209]   --->   Operation 269 'phi' 'c_3' <Predicate = true> <Delay = 0.00>
ST_22 : Operation 270 [1/1] (0.90ns)   --->   "%icmp_ln209 = icmp_eq  i8 %c_3, i8 128" [top.cpp:209]   --->   Operation 270 'icmp' 'icmp_ln209' <Predicate = true> <Delay = 0.90> <CoreInst = "Cmp">   --->   Core 9 'Cmp' <Latency = 0> <II = 1> <Delay = 0.90> <FuncUnit> <Opcode : 'seteq' 'setne' 'setle' 'setge' 'setlt' 'setgt'> <InPorts = 2> <OutPorts = 1>
ST_22 : Operation 271 [1/1] (0.90ns)   --->   "%add_ln209 = add i8 %c_3, i8 1" [top.cpp:209]   --->   Operation 271 'add' 'add_ln209' <Predicate = true> <Delay = 0.90> <CoreInst = "Adder">   --->   Core 1 'Adder' <Latency = 0> <II = 1> <Delay = 0.90> <FuncUnit> <Opcode : 'add' 'sub'> <InPorts = 2> <OutPorts = 1>
ST_22 : Operation 272 [1/1] (0.00ns)   --->   "%br_ln209 = br i1 %icmp_ln209, void %for.body188.split, void %for.inc206" [top.cpp:209]   --->   Operation 272 'br' 'br_ln209' <Predicate = true> <Delay = 0.00>
ST_22 : Operation 273 [1/1] (0.00ns)   --->   "%zext_ln210 = zext i8 %c_3" [top.cpp:210]   --->   Operation 273 'zext' 'zext_ln210' <Predicate = (!icmp_ln209)> <Delay = 0.00>
ST_22 : Operation 274 [1/1] (0.98ns)   --->   "%add_ln210 = add i14 %tmp_6, i14 %zext_ln210" [top.cpp:210]   --->   Operation 274 'add' 'add_ln210' <Predicate = (!icmp_ln209)> <Delay = 0.98> <CoreInst = "Adder">   --->   Core 1 'Adder' <Latency = 0> <II = 1> <Delay = 0.98> <FuncUnit> <Opcode : 'add' 'sub'> <InPorts = 2> <OutPorts = 1>
ST_22 : Operation 275 [1/1] (0.00ns)   --->   "%zext_ln210_1 = zext i14 %add_ln210" [top.cpp:210]   --->   Operation 275 'zext' 'zext_ln210_1' <Predicate = (!icmp_ln209)> <Delay = 0.00>
ST_22 : Operation 276 [1/1] (0.00ns)   --->   "%stage2_out_addr_1 = getelementptr i16 %stage2_out, i64 0, i64 %zext_ln210_1" [top.cpp:210]   --->   Operation 276 'getelementptr' 'stage2_out_addr_1' <Predicate = (!icmp_ln209)> <Delay = 0.00>
ST_22 : Operation 277 [1/1] (0.00ns)   --->   "%stage3_out_addr_1 = getelementptr i16 %stage3_out, i64 0, i64 %zext_ln210_1" [top.cpp:210]   --->   Operation 277 'getelementptr' 'stage3_out_addr_1' <Predicate = (!icmp_ln209)> <Delay = 0.00>
ST_22 : Operation 278 [2/2] (1.35ns)   --->   "%stage3_out_load = load i14 %stage3_out_addr_1" [top.cpp:210]   --->   Operation 278 'load' 'stage3_out_load' <Predicate = (!icmp_ln209)> <Delay = 1.35> <CoreInst = "RAM">   --->   Core 82 'RAM' <Latency = 1> <II = 1> <Delay = 1.35> <Storage> <Opcode : 'load' 'store'> <Ports = 2> <Width = 16> <Depth = 16384> <RAM>
ST_22 : Operation 279 [2/2] (1.35ns)   --->   "%stage2_out_load = load i14 %stage2_out_addr_1" [top.cpp:210]   --->   Operation 279 'load' 'stage2_out_load' <Predicate = (!icmp_ln209)> <Delay = 1.35> <CoreInst = "RAM">   --->   Core 82 'RAM' <Latency = 1> <II = 1> <Delay = 1.35> <Storage> <Opcode : 'load' 'store'> <Ports = 2> <Width = 16> <Depth = 16384> <RAM>
ST_22 : Operation 280 [1/1] (0.48ns)   --->   "%store_ln208 = store i8 %add_ln208, i8 %r_3" [top.cpp:208]   --->   Operation 280 'store' 'store_ln208' <Predicate = (icmp_ln209)> <Delay = 0.48>
ST_22 : Operation 281 [1/1] (0.00ns)   --->   "%br_ln208 = br void %VITIS_LOOP_209_14" [top.cpp:208]   --->   Operation 281 'br' 'br_ln208' <Predicate = (icmp_ln209)> <Delay = 0.00>

State 23 <SV = 6> <Delay = 3.72>
ST_23 : Operation 282 [1/1] (0.00ns)   --->   "%stage4_out_addr = getelementptr i16 %stage4_out, i64 0, i64 %zext_ln210_1" [top.cpp:210]   --->   Operation 282 'getelementptr' 'stage4_out_addr' <Predicate = true> <Delay = 0.00>
ST_23 : Operation 283 [1/1] (0.00ns)   --->   "%speclooptripcount_ln209 = speclooptripcount void @_ssdm_op_SpecLoopTripCount, i64 128, i64 128, i64 128" [top.cpp:209]   --->   Operation 283 'speclooptripcount' 'speclooptripcount_ln209' <Predicate = true> <Delay = 0.00>
ST_23 : Operation 284 [1/1] (0.00ns)   --->   "%specloopname_ln209 = specloopname void @_ssdm_op_SpecLoopName, void @empty_5" [top.cpp:209]   --->   Operation 284 'specloopname' 'specloopname_ln209' <Predicate = true> <Delay = 0.00>
ST_23 : Operation 285 [1/2] ( I:1.35ns O:1.35ns )   --->   "%stage3_out_load = load i14 %stage3_out_addr_1" [top.cpp:210]   --->   Operation 285 'load' 'stage3_out_load' <Predicate = true> <Delay = 1.35> <CoreInst = "RAM">   --->   Core 82 'RAM' <Latency = 1> <II = 1> <Delay = 1.35> <Storage> <Opcode : 'load' 'store'> <Ports = 2> <Width = 16> <Depth = 16384> <RAM>
ST_23 : Operation 286 [1/2] ( I:1.35ns O:1.35ns )   --->   "%stage2_out_load = load i14 %stage2_out_addr_1" [top.cpp:210]   --->   Operation 286 'load' 'stage2_out_load' <Predicate = true> <Delay = 1.35> <CoreInst = "RAM">   --->   Core 82 'RAM' <Latency = 1> <II = 1> <Delay = 1.35> <Storage> <Opcode : 'load' 'store'> <Ports = 2> <Width = 16> <Depth = 16384> <RAM>
ST_23 : Operation 287 [1/1] (1.01ns)   --->   "%sub_ln210 = sub i16 %stage3_out_load, i16 %stage2_out_load" [top.cpp:210]   --->   Operation 287 'sub' 'sub_ln210' <Predicate = true> <Delay = 1.01> <CoreInst = "Adder">   --->   Core 1 'Adder' <Latency = 0> <II = 1> <Delay = 1.01> <FuncUnit> <Opcode : 'add' 'sub'> <InPorts = 2> <OutPorts = 1>
ST_23 : Operation 288 [1/1] ( I:1.35ns O:1.35ns )   --->   "%store_ln210 = store i16 %sub_ln210, i14 %stage4_out_addr" [top.cpp:210]   --->   Operation 288 'store' 'store_ln210' <Predicate = true> <Delay = 1.35> <CoreInst = "RAM">   --->   Core 82 'RAM' <Latency = 1> <II = 1> <Delay = 1.35> <Storage> <Opcode : 'load' 'store'> <Ports = 2> <Width = 16> <Depth = 16384> <RAM>
ST_23 : Operation 289 [1/1] (0.00ns)   --->   "%br_ln209 = br void %for.body188" [top.cpp:209]   --->   Operation 289 'br' 'br_ln209' <Predicate = true> <Delay = 0.00>

State 24 <SV = 5> <Delay = 2.77>
ST_24 : Operation 290 [1/1] (0.00ns)   --->   "%r_9 = load i8 %r_4" [top.cpp:216]   --->   Operation 290 'load' 'r_9' <Predicate = true> <Delay = 0.00>
ST_24 : Operation 291 [1/1] (0.90ns)   --->   "%icmp_ln216 = icmp_eq  i8 %r_9, i8 128" [top.cpp:216]   --->   Operation 291 'icmp' 'icmp_ln216' <Predicate = true> <Delay = 0.90> <CoreInst = "Cmp">   --->   Core 9 'Cmp' <Latency = 0> <II = 1> <Delay = 0.90> <FuncUnit> <Opcode : 'seteq' 'setne' 'setle' 'setge' 'setlt' 'setgt'> <InPorts = 2> <OutPorts = 1>
ST_24 : Operation 292 [1/1] (0.90ns)   --->   "%add_ln216 = add i8 %r_9, i8 1" [top.cpp:216]   --->   Operation 292 'add' 'add_ln216' <Predicate = true> <Delay = 0.90> <CoreInst = "Adder">   --->   Core 1 'Adder' <Latency = 0> <II = 1> <Delay = 0.90> <FuncUnit> <Opcode : 'add' 'sub'> <InPorts = 2> <OutPorts = 1>
ST_24 : Operation 293 [1/1] (0.00ns)   --->   "%br_ln216 = br i1 %icmp_ln216, void %VITIS_LOOP_217_16.split, void %_ZN8ap_fixedILi32ELi20EL9ap_q_mode5EL9ap_o_mode3ELi0EEC2Ei.exit" [top.cpp:216]   --->   Operation 293 'br' 'br_ln216' <Predicate = true> <Delay = 0.00>
ST_24 : Operation 294 [1/1] (0.00ns)   --->   "%trunc_ln216 = trunc i8 %r_9" [top.cpp:216]   --->   Operation 294 'trunc' 'trunc_ln216' <Predicate = (!icmp_ln216)> <Delay = 0.00>
ST_24 : Operation 295 [1/1] (0.00ns)   --->   "%tmp_10 = bitconcatenate i14 @_ssdm_op_BitConcatenate.i14.i7.i7, i7 %trunc_ln216, i7 0" [top.cpp:218]   --->   Operation 295 'bitconcatenate' 'tmp_10' <Predicate = (!icmp_ln216)> <Delay = 0.00>
ST_24 : Operation 296 [1/1] (0.00ns)   --->   "%speclooptripcount_ln215 = speclooptripcount void @_ssdm_op_SpecLoopTripCount, i64 128, i64 128, i64 128" [top.cpp:215]   --->   Operation 296 'speclooptripcount' 'speclooptripcount_ln215' <Predicate = (!icmp_ln216)> <Delay = 0.00>
ST_24 : Operation 297 [1/1] (0.00ns)   --->   "%specloopname_ln216 = specloopname void @_ssdm_op_SpecLoopName, void @empty_12" [top.cpp:216]   --->   Operation 297 'specloopname' 'specloopname_ln216' <Predicate = (!icmp_ln216)> <Delay = 0.00>
ST_24 : Operation 298 [1/1] (0.48ns)   --->   "%br_ln217 = br void %for.body218" [top.cpp:217]   --->   Operation 298 'br' 'br_ln217' <Predicate = (!icmp_ln216)> <Delay = 0.48>
ST_24 : Operation 299 [1/1] (0.00ns)   --->   "%i_3 = alloca i32 1" [top.cpp:223]   --->   Operation 299 'alloca' 'i_3' <Predicate = (icmp_ln216)> <Delay = 0.00>
ST_24 : Operation 300 [1/1] (0.00ns)   --->   "%total_sum_load = load i32 %total_sum" [top.cpp:221]   --->   Operation 300 'load' 'total_sum_load' <Predicate = (icmp_ln216)> <Delay = 0.00>
ST_24 : Operation 301 [1/1] (0.00ns)   --->   "%shl_ln = bitconcatenate i44 @_ssdm_op_BitConcatenate.i44.i32.i12, i32 %total_sum_load, i12 0" [top.cpp:221]   --->   Operation 301 'bitconcatenate' 'shl_ln' <Predicate = (icmp_ln216)> <Delay = 0.00>
ST_24 : Operation 302 [1/1] (0.00ns)   --->   "%tmp_17 = bitselect i1 @_ssdm_op_BitSelect.i1.i32.i32, i32 %total_sum_load, i32 31" [top.cpp:221]   --->   Operation 302 'bitselect' 'tmp_17' <Predicate = (icmp_ln216)> <Delay = 0.00>
ST_24 : Operation 303 [1/1] (1.25ns)   --->   "%sub_ln221 = sub i44 0, i44 %shl_ln" [top.cpp:221]   --->   Operation 303 'sub' 'sub_ln221' <Predicate = (icmp_ln216)> <Delay = 1.25> <CoreInst = "Adder">   --->   Core 1 'Adder' <Latency = 0> <II = 1> <Delay = 1.25> <FuncUnit> <Opcode : 'add' 'sub'> <InPorts = 2> <OutPorts = 1>
ST_24 : Operation 304 [1/1] (0.00ns)   --->   "%tmp_8 = partselect i18 @_ssdm_op_PartSelect.i18.i44.i32.i32, i44 %sub_ln221, i32 26, i32 43" [top.cpp:221]   --->   Operation 304 'partselect' 'tmp_8' <Predicate = (icmp_ln216)> <Delay = 0.00>
ST_24 : Operation 305 [1/1] (0.00ns)   --->   "%zext_ln221 = zext i18 %tmp_8" [top.cpp:221]   --->   Operation 305 'zext' 'zext_ln221' <Predicate = (icmp_ln216)> <Delay = 0.00>
ST_24 : Operation 306 [1/1] (1.03ns)   --->   "%sub_ln221_1 = sub i19 0, i19 %zext_ln221" [top.cpp:221]   --->   Operation 306 'sub' 'sub_ln221_1' <Predicate = (icmp_ln216)> <Delay = 1.03> <CoreInst = "Adder">   --->   Core 1 'Adder' <Latency = 0> <II = 1> <Delay = 1.03> <FuncUnit> <Opcode : 'add' 'sub'> <InPorts = 2> <OutPorts = 1>
ST_24 : Operation 307 [1/1] (0.00ns)   --->   "%tmp_9 = partselect i15 @_ssdm_op_PartSelect.i15.i19.i32.i32, i19 %sub_ln221_1, i32 4, i32 18" [top.cpp:221]   --->   Operation 307 'partselect' 'tmp_9' <Predicate = (icmp_ln216)> <Delay = 0.00>
ST_24 : Operation 308 [1/1] (0.00ns)   --->   "%tmp_s = partselect i14 @_ssdm_op_PartSelect.i14.i32.i32.i32, i32 %total_sum_load, i32 18, i32 31" [top.cpp:221]   --->   Operation 308 'partselect' 'tmp_s' <Predicate = (icmp_ln216)> <Delay = 0.00>
ST_24 : Operation 309 [1/1] (0.00ns)   --->   "%zext_ln221_1 = zext i14 %tmp_s" [top.cpp:221]   --->   Operation 309 'zext' 'zext_ln221_1' <Predicate = (icmp_ln216)> <Delay = 0.00>
ST_24 : Operation 310 [1/1] (0.48ns)   --->   "%global_avg = select i1 %tmp_17, i15 %tmp_9, i15 %zext_ln221_1" [top.cpp:221]   --->   Operation 310 'select' 'global_avg' <Predicate = (icmp_ln216)> <Delay = 0.48> <CoreInst = "Sel">   --->   Core 73 'Sel' <Latency = 0> <II = 1> <Delay = 0.48> <FuncUnit> <Opcode : 'select'> <InPorts = 3> <OutPorts = 1>
ST_24 : Operation 311 [1/1] (0.00ns)   --->   "%sext_ln221 = sext i15 %global_avg" [top.cpp:221]   --->   Operation 311 'sext' 'sext_ln221' <Predicate = (icmp_ln216)> <Delay = 0.00>
ST_24 : Operation 312 [1/1] (0.48ns)   --->   "%store_ln223 = store i15 0, i15 %i_3" [top.cpp:223]   --->   Operation 312 'store' 'store_ln223' <Predicate = (icmp_ln216)> <Delay = 0.48>
ST_24 : Operation 313 [1/1] (0.00ns)   --->   "%br_ln223 = br void %for.body237" [top.cpp:223]   --->   Operation 313 'br' 'br_ln223' <Predicate = (icmp_ln216)> <Delay = 0.00>

State 25 <SV = 6> <Delay = 2.34>
ST_25 : Operation 314 [1/1] (0.00ns)   --->   "%c_4 = phi i8 0, void %VITIS_LOOP_217_16.split, i8 %add_ln217, void %for.body218.split" [top.cpp:217]   --->   Operation 314 'phi' 'c_4' <Predicate = true> <Delay = 0.00>
ST_25 : Operation 315 [1/1] (0.90ns)   --->   "%icmp_ln217 = icmp_eq  i8 %c_4, i8 128" [top.cpp:217]   --->   Operation 315 'icmp' 'icmp_ln217' <Predicate = true> <Delay = 0.90> <CoreInst = "Cmp">   --->   Core 9 'Cmp' <Latency = 0> <II = 1> <Delay = 0.90> <FuncUnit> <Opcode : 'seteq' 'setne' 'setle' 'setge' 'setlt' 'setgt'> <InPorts = 2> <OutPorts = 1>
ST_25 : Operation 316 [1/1] (0.90ns)   --->   "%add_ln217 = add i8 %c_4, i8 1" [top.cpp:217]   --->   Operation 316 'add' 'add_ln217' <Predicate = true> <Delay = 0.90> <CoreInst = "Adder">   --->   Core 1 'Adder' <Latency = 0> <II = 1> <Delay = 0.90> <FuncUnit> <Opcode : 'add' 'sub'> <InPorts = 2> <OutPorts = 1>
ST_25 : Operation 317 [1/1] (0.00ns)   --->   "%br_ln217 = br i1 %icmp_ln217, void %for.body218.split, void %for.inc228" [top.cpp:217]   --->   Operation 317 'br' 'br_ln217' <Predicate = true> <Delay = 0.00>
ST_25 : Operation 318 [1/1] (0.00ns)   --->   "%zext_ln218 = zext i8 %c_4" [top.cpp:218]   --->   Operation 318 'zext' 'zext_ln218' <Predicate = (!icmp_ln217)> <Delay = 0.00>
ST_25 : Operation 319 [1/1] (0.98ns)   --->   "%add_ln218 = add i14 %tmp_10, i14 %zext_ln218" [top.cpp:218]   --->   Operation 319 'add' 'add_ln218' <Predicate = (!icmp_ln217)> <Delay = 0.98> <CoreInst = "Adder">   --->   Core 1 'Adder' <Latency = 0> <II = 1> <Delay = 0.98> <FuncUnit> <Opcode : 'add' 'sub'> <InPorts = 2> <OutPorts = 1>
ST_25 : Operation 320 [1/1] (0.00ns)   --->   "%zext_ln218_1 = zext i14 %add_ln218" [top.cpp:218]   --->   Operation 320 'zext' 'zext_ln218_1' <Predicate = (!icmp_ln217)> <Delay = 0.00>
ST_25 : Operation 321 [1/1] (0.00ns)   --->   "%stage4_out_addr_2 = getelementptr i16 %stage4_out, i64 0, i64 %zext_ln218_1" [top.cpp:218]   --->   Operation 321 'getelementptr' 'stage4_out_addr_2' <Predicate = (!icmp_ln217)> <Delay = 0.00>
ST_25 : Operation 322 [2/2] (1.35ns)   --->   "%stage4_out_load_1 = load i14 %stage4_out_addr_2" [top.cpp:218]   --->   Operation 322 'load' 'stage4_out_load_1' <Predicate = (!icmp_ln217)> <Delay = 1.35> <CoreInst = "RAM">   --->   Core 82 'RAM' <Latency = 1> <II = 1> <Delay = 1.35> <Storage> <Opcode : 'load' 'store'> <Ports = 2> <Width = 16> <Depth = 16384> <RAM>
ST_25 : Operation 323 [1/1] (0.48ns)   --->   "%store_ln216 = store i8 %add_ln216, i8 %r_4" [top.cpp:216]   --->   Operation 323 'store' 'store_ln216' <Predicate = (icmp_ln217)> <Delay = 0.48>
ST_25 : Operation 324 [1/1] (0.00ns)   --->   "%br_ln216 = br void %VITIS_LOOP_217_16" [top.cpp:216]   --->   Operation 324 'br' 'br_ln216' <Predicate = (icmp_ln217)> <Delay = 0.00>

State 26 <SV = 7> <Delay = 3.04>
ST_26 : Operation 325 [1/1] (0.00ns)   --->   "%total_sum_load_1 = load i32 %total_sum" [top.cpp:218]   --->   Operation 325 'load' 'total_sum_load_1' <Predicate = true> <Delay = 0.00>
ST_26 : Operation 326 [1/1] (0.00ns)   --->   "%speclooptripcount_ln215 = speclooptripcount void @_ssdm_op_SpecLoopTripCount, i64 128, i64 128, i64 128" [top.cpp:215]   --->   Operation 326 'speclooptripcount' 'speclooptripcount_ln215' <Predicate = true> <Delay = 0.00>
ST_26 : Operation 327 [1/1] (0.00ns)   --->   "%specloopname_ln217 = specloopname void @_ssdm_op_SpecLoopName, void @empty_4" [top.cpp:217]   --->   Operation 327 'specloopname' 'specloopname_ln217' <Predicate = true> <Delay = 0.00>
ST_26 : Operation 328 [1/2] ( I:1.35ns O:1.35ns )   --->   "%stage4_out_load_1 = load i14 %stage4_out_addr_2" [top.cpp:218]   --->   Operation 328 'load' 'stage4_out_load_1' <Predicate = true> <Delay = 1.35> <CoreInst = "RAM">   --->   Core 82 'RAM' <Latency = 1> <II = 1> <Delay = 1.35> <Storage> <Opcode : 'load' 'store'> <Ports = 2> <Width = 16> <Depth = 16384> <RAM>
ST_26 : Operation 329 [1/1] (0.00ns)   --->   "%shl_ln1 = bitconcatenate i20 @_ssdm_op_BitConcatenate.i20.i16.i4, i16 %stage4_out_load_1, i4 0" [top.cpp:218]   --->   Operation 329 'bitconcatenate' 'shl_ln1' <Predicate = true> <Delay = 0.00>
ST_26 : Operation 330 [1/1] (0.00ns)   --->   "%sext_ln218 = sext i20 %shl_ln1" [top.cpp:218]   --->   Operation 330 'sext' 'sext_ln218' <Predicate = true> <Delay = 0.00>
ST_26 : Operation 331 [1/1] (1.20ns)   --->   "%total_sum_2 = add i32 %sext_ln218, i32 %total_sum_load_1" [top.cpp:218]   --->   Operation 331 'add' 'total_sum_2' <Predicate = true> <Delay = 1.20> <CoreInst = "Adder">   --->   Core 1 'Adder' <Latency = 0> <II = 1> <Delay = 1.20> <FuncUnit> <Opcode : 'add' 'sub'> <InPorts = 2> <OutPorts = 1>
ST_26 : Operation 332 [1/1] (0.48ns)   --->   "%store_ln215 = store i32 %total_sum_2, i32 %total_sum" [top.cpp:215]   --->   Operation 332 'store' 'store_ln215' <Predicate = true> <Delay = 0.48>
ST_26 : Operation 333 [1/1] (0.00ns)   --->   "%br_ln217 = br void %for.body218" [top.cpp:217]   --->   Operation 333 'br' 'br_ln217' <Predicate = true> <Delay = 0.00>

State 27 <SV = 6> <Delay = 1.49>
ST_27 : Operation 334 [1/1] (0.00ns)   --->   "%i_4 = load i15 %i_3" [top.cpp:223]   --->   Operation 334 'load' 'i_4' <Predicate = true> <Delay = 0.00>
ST_27 : Operation 335 [1/1] (1.00ns)   --->   "%icmp_ln223 = icmp_eq  i15 %i_4, i15 16384" [top.cpp:223]   --->   Operation 335 'icmp' 'icmp_ln223' <Predicate = true> <Delay = 1.00> <CoreInst = "Cmp">   --->   Core 9 'Cmp' <Latency = 0> <II = 1> <Delay = 1.00> <FuncUnit> <Opcode : 'seteq' 'setne' 'setle' 'setge' 'setlt' 'setgt'> <InPorts = 2> <OutPorts = 1>
ST_27 : Operation 336 [1/1] (1.00ns)   --->   "%add_ln223 = add i15 %i_4, i15 1" [top.cpp:223]   --->   Operation 336 'add' 'add_ln223' <Predicate = true> <Delay = 1.00> <CoreInst = "Adder">   --->   Core 1 'Adder' <Latency = 0> <II = 1> <Delay = 1.00> <FuncUnit> <Opcode : 'add' 'sub'> <InPorts = 2> <OutPorts = 1>
ST_27 : Operation 337 [1/1] (0.00ns)   --->   "%br_ln223 = br i1 %icmp_ln223, void %for.body237.split, void %for.end248" [top.cpp:223]   --->   Operation 337 'br' 'br_ln223' <Predicate = true> <Delay = 0.00>
ST_27 : Operation 338 [1/1] (0.00ns)   --->   "%trunc_ln224 = trunc i15 %i_4" [top.cpp:224]   --->   Operation 338 'trunc' 'trunc_ln224' <Predicate = (!icmp_ln223)> <Delay = 0.00>
ST_27 : Operation 339 [1/1] (0.00ns)   --->   "%zext_ln224 = zext i14 %trunc_ln224" [top.cpp:224]   --->   Operation 339 'zext' 'zext_ln224' <Predicate = (!icmp_ln223)> <Delay = 0.00>
ST_27 : Operation 340 [1/1] (0.00ns)   --->   "%stage4_out_addr_1 = getelementptr i16 %stage4_out, i64 0, i64 %zext_ln224" [top.cpp:224]   --->   Operation 340 'getelementptr' 'stage4_out_addr_1' <Predicate = (!icmp_ln223)> <Delay = 0.00>
ST_27 : Operation 341 [2/2] (1.35ns)   --->   "%stage4_out_load = load i14 %stage4_out_addr_1" [top.cpp:224]   --->   Operation 341 'load' 'stage4_out_load' <Predicate = (!icmp_ln223)> <Delay = 1.35> <CoreInst = "RAM">   --->   Core 82 'RAM' <Latency = 1> <II = 1> <Delay = 1.35> <Storage> <Opcode : 'load' 'store'> <Ports = 2> <Width = 16> <Depth = 16384> <RAM>
ST_27 : Operation 342 [1/1] (0.48ns)   --->   "%store_ln223 = store i15 %add_ln223, i15 %i_3" [top.cpp:223]   --->   Operation 342 'store' 'store_ln223' <Predicate = (!icmp_ln223)> <Delay = 0.48>
ST_27 : Operation 343 [1/1] (0.00ns)   --->   "%ret_ln226 = ret" [top.cpp:226]   --->   Operation 343 'ret' 'ret_ln226' <Predicate = (icmp_ln223)> <Delay = 0.00>

State 28 <SV = 7> <Delay = 4.19>
ST_28 : Operation 344 [1/1] (0.00ns)   --->   "%zext_ln223 = zext i15 %i_4" [top.cpp:223]   --->   Operation 344 'zext' 'zext_ln223' <Predicate = true> <Delay = 0.00>
ST_28 : Operation 345 [1/1] (0.00ns)   --->   "%speclooptripcount_ln223 = speclooptripcount void @_ssdm_op_SpecLoopTripCount, i64 16384, i64 16384, i64 16384" [top.cpp:223]   --->   Operation 345 'speclooptripcount' 'speclooptripcount_ln223' <Predicate = true> <Delay = 0.00>
ST_28 : Operation 346 [1/1] (0.00ns)   --->   "%specloopname_ln223 = specloopname void @_ssdm_op_SpecLoopName, void @empty_3" [top.cpp:223]   --->   Operation 346 'specloopname' 'specloopname_ln223' <Predicate = true> <Delay = 0.00>
ST_28 : Operation 347 [1/2] ( I:1.35ns O:1.35ns )   --->   "%stage4_out_load = load i14 %stage4_out_addr_1" [top.cpp:224]   --->   Operation 347 'load' 'stage4_out_load' <Predicate = true> <Delay = 1.35> <CoreInst = "RAM">   --->   Core 82 'RAM' <Latency = 1> <II = 1> <Delay = 1.35> <Storage> <Opcode : 'load' 'store'> <Ports = 2> <Width = 16> <Depth = 16384> <RAM>
ST_28 : Operation 348 [1/1] (1.01ns)   --->   "%icmp_ln224 = icmp_sgt  i16 %stage4_out_load, i16 %sext_ln221" [top.cpp:224]   --->   Operation 348 'icmp' 'icmp_ln224' <Predicate = true> <Delay = 1.01> <CoreInst = "Cmp">   --->   Core 9 'Cmp' <Latency = 0> <II = 1> <Delay = 1.01> <FuncUnit> <Opcode : 'seteq' 'setne' 'setle' 'setge' 'setlt' 'setgt'> <InPorts = 2> <OutPorts = 1>
ST_28 : Operation 349 [1/1] (0.47ns)   --->   "%select_ln224 = select i1 %icmp_ln224, i16 256, i16 0" [top.cpp:224]   --->   Operation 349 'select' 'select_ln224' <Predicate = true> <Delay = 0.47> <CoreInst = "Sel">   --->   Core 73 'Sel' <Latency = 0> <II = 1> <Delay = 0.47> <FuncUnit> <Opcode : 'select'> <InPorts = 3> <OutPorts = 1>
ST_28 : Operation 350 [1/1] (0.00ns)   --->   "%out_r_addr = getelementptr i16 %out_r, i64 0, i64 %zext_ln223" [top.cpp:224]   --->   Operation 350 'getelementptr' 'out_r_addr' <Predicate = true> <Delay = 0.00>
ST_28 : Operation 351 [1/1] ( I:1.35ns O:1.35ns )   --->   "%store_ln224 = store i16 %select_ln224, i14 %out_r_addr" [top.cpp:224]   --->   Operation 351 'store' 'store_ln224' <Predicate = true> <Delay = 1.35> <CoreInst = "RAM">   --->   Core 82 'RAM' <Latency = 1> <II = 1> <Delay = 1.35> <Storage> <Opcode : 'load' 'store'> <Ports = 2> <Width = 16> <Depth = 16384> <RAM>
ST_28 : Operation 352 [1/1] (0.00ns)   --->   "%br_ln223 = br void %for.body237" [top.cpp:223]   --->   Operation 352 'br' 'br_ln223' <Predicate = true> <Delay = 0.00>


============================================================
+ Verbose Summary: Timing violations
============================================================
Target clock period: 10.000ns, clock uncertainty: 2.700ns.

 <State 1>: 0.489ns
The critical path consists of the following:
	'alloca' operation 8 bit ('r', top.cpp:163) [7]  (0.000 ns)
	'store' operation 0 bit ('store_ln163', top.cpp:163) of constant 0 on local variable 'r', top.cpp:163 [13]  (0.489 ns)

 <State 2>: 1.396ns
The critical path consists of the following:
	'load' operation 8 bit ('r', top.cpp:163) on local variable 'r', top.cpp:163 [16]  (0.000 ns)
	'icmp' operation 1 bit ('icmp_ln163', top.cpp:163) [17]  (0.907 ns)
	'store' operation 0 bit ('store_ln178', top.cpp:178) of constant 0 on local variable 'r', top.cpp:178 [105]  (0.489 ns)

 <State 3>: 2.624ns
The critical path consists of the following:
	'phi' operation 8 bit ('c', top.cpp:164) with incoming values : ('add_ln164', top.cpp:164) [30]  (0.000 ns)
	'add' operation 8 bit ('add_ln165', top.cpp:165) [44]  (0.897 ns)
	'icmp' operation 1 bit ('icmp_ln165', top.cpp:165) [45]  (0.907 ns)
	'and' operation 1 bit ('and_ln165', top.cpp:165) [46]  (0.331 ns)
	multiplexor before 'phi' operation 16 bit ('storemerge', top.cpp:170) with incoming values : ('sub_ln170', top.cpp:170) [97]  (0.489 ns)

 <State 4>: 1.352ns
The critical path consists of the following:
	'getelementptr' operation 14 bit ('in_r_addr', top.cpp:170) [92]  (0.000 ns)
	'load' operation 16 bit ('in_r_load', top.cpp:170) on array 'in_r' [93]  (1.352 ns)

 <State 5>: 3.248ns
The critical path consists of the following:
	'phi' operation 3 bit ('j', top.cpp:168) with incoming values : ('add_ln168', top.cpp:168) [64]  (0.000 ns)
	'add' operation 9 bit ('add_ln169', top.cpp:169) [72]  (0.907 ns)
	'add' operation 14 bit ('add_ln169_1', top.cpp:169) [74]  (0.989 ns)
	'getelementptr' operation 14 bit ('in_r_addr_1', top.cpp:169) [76]  (0.000 ns)
	'load' operation 16 bit ('in_r_load_1', top.cpp:169) on array 'in_r' [77]  (1.352 ns)

 <State 6>: 2.368ns
The critical path consists of the following:
	'load' operation 16 bit ('in_r_load_1', top.cpp:169) on array 'in_r' [77]  (1.352 ns)
	'add' operation 16 bit ('sum', top.cpp:169) [78]  (1.016 ns)

 <State 7>: 2.368ns
The critical path consists of the following:
	'load' operation 16 bit ('in_r_load', top.cpp:170) on array 'in_r' [93]  (1.352 ns)
	'sub' operation 16 bit ('sub_ln170', top.cpp:170) [94]  (1.016 ns)

 <State 8>: 1.352ns
The critical path consists of the following:
	'phi' operation 16 bit ('storemerge', top.cpp:170) with incoming values : ('sub_ln170', top.cpp:170) [97]  (0.000 ns)
	'store' operation 0 bit ('store_ln170', top.cpp:170) of variable 'storemerge', top.cpp:170 on array 'stage1_out' [98]  (1.352 ns)

 <State 9>: 1.396ns
The critical path consists of the following:
	'load' operation 8 bit ('r', top.cpp:178) on local variable 'r', top.cpp:178 [108]  (0.000 ns)
	'icmp' operation 1 bit ('icmp_ln178', top.cpp:178) [109]  (0.907 ns)
	'store' operation 0 bit ('store_ln193', top.cpp:193) of constant 0 on local variable 'r', top.cpp:193 [187]  (0.489 ns)

 <State 10>: 1.727ns
The critical path consists of the following:
	'phi' operation 8 bit ('c', top.cpp:179) with incoming values : ('add_ln179', top.cpp:179) [123]  (0.000 ns)
	'icmp' operation 1 bit ('icmp_ln180_1', top.cpp:180) [136]  (0.907 ns)
	'and' operation 1 bit ('and_ln180', top.cpp:180) [137]  (0.000 ns)
	'and' operation 1 bit ('and_ln180_1', top.cpp:180) [138]  (0.331 ns)
	multiplexor before 'phi' operation 16 bit ('storemerge1', top.cpp:184) with incoming values : ('select_ln184', top.cpp:184) [179]  (0.489 ns)

 <State 11>: 1.236ns
The critical path consists of the following:
	'phi' operation 3 bit ('i', top.cpp:182) with incoming values : ('add_ln182', top.cpp:182) [143]  (0.000 ns)
	'add' operation 7 bit ('empty_33', top.cpp:182) [151]  (0.897 ns)
	blocking operation 0.33825 ns on control path)

 <State 12>: 3.248ns
The critical path consists of the following:
	'phi' operation 3 bit ('j', top.cpp:183) with incoming values : ('add_ln183', top.cpp:183) [155]  (0.000 ns)
	'add' operation 8 bit ('add_ln184', top.cpp:184) [163]  (0.907 ns)
	'add' operation 14 bit ('add_ln184_1', top.cpp:184) [165]  (0.989 ns)
	'getelementptr' operation 14 bit ('stage1_out_addr_1', top.cpp:184) [167]  (0.000 ns)
	'load' operation 16 bit ('stage1_out_load', top.cpp:184) on array 'stage1_out' [168]  (1.352 ns)

 <State 13>: 2.788ns
The critical path consists of the following:
	'load' operation 16 bit ('stage1_out_load', top.cpp:184) on array 'stage1_out' [168]  (1.352 ns)
	'icmp' operation 1 bit ('icmp_ln184', top.cpp:184) [169]  (1.016 ns)
	'select' operation 16 bit ('select_ln184', top.cpp:184) [170]  (0.420 ns)

 <State 14>: 1.352ns
The critical path consists of the following:
	'phi' operation 16 bit ('storemerge1', top.cpp:184) with incoming values : ('select_ln184', top.cpp:184) [179]  (0.000 ns)
	'store' operation 0 bit ('store_ln185', top.cpp:185) of variable 'storemerge1', top.cpp:184 on array 'stage2_out' [180]  (1.352 ns)

 <State 15>: 1.396ns
The critical path consists of the following:
	'load' operation 8 bit ('r', top.cpp:193) on local variable 'r', top.cpp:193 [190]  (0.000 ns)
	'icmp' operation 1 bit ('icmp_ln193', top.cpp:193) [191]  (0.907 ns)
	'store' operation 0 bit ('store_ln208', top.cpp:208) of constant 0 on local variable 'r', top.cpp:208 [269]  (0.489 ns)

 <State 16>: 1.727ns
The critical path consists of the following:
	'phi' operation 8 bit ('c', top.cpp:194) with incoming values : ('add_ln194', top.cpp:194) [205]  (0.000 ns)
	'icmp' operation 1 bit ('icmp_ln195_1', top.cpp:195) [218]  (0.907 ns)
	'and' operation 1 bit ('and_ln195', top.cpp:195) [219]  (0.000 ns)
	'and' operation 1 bit ('and_ln195_1', top.cpp:195) [220]  (0.331 ns)
	multiplexor before 'phi' operation 16 bit ('storemerge2', top.cpp:199) with incoming values : ('select_ln199', top.cpp:199) [261]  (0.489 ns)

 <State 17>: 1.236ns
The critical path consists of the following:
	'phi' operation 3 bit ('i', top.cpp:197) with incoming values : ('add_ln197', top.cpp:197) [225]  (0.000 ns)
	'add' operation 7 bit ('empty_35', top.cpp:197) [233]  (0.897 ns)
	blocking operation 0.33825 ns on control path)

 <State 18>: 3.248ns
The critical path consists of the following:
	'phi' operation 3 bit ('j', top.cpp:198) with incoming values : ('add_ln198', top.cpp:198) [237]  (0.000 ns)
	'add' operation 8 bit ('add_ln199', top.cpp:199) [245]  (0.907 ns)
	'add' operation 14 bit ('add_ln199_1', top.cpp:199) [247]  (0.989 ns)
	'getelementptr' operation 14 bit ('stage2_out_addr_2', top.cpp:199) [249]  (0.000 ns)
	'load' operation 16 bit ('stage2_out_load_1', top.cpp:199) on array 'stage2_out' [250]  (1.352 ns)

 <State 19>: 2.788ns
The critical path consists of the following:
	'load' operation 16 bit ('stage2_out_load_1', top.cpp:199) on array 'stage2_out' [250]  (1.352 ns)
	'icmp' operation 1 bit ('icmp_ln199', top.cpp:199) [251]  (1.016 ns)
	'select' operation 16 bit ('select_ln199', top.cpp:199) [252]  (0.420 ns)

 <State 20>: 1.352ns
The critical path consists of the following:
	'phi' operation 16 bit ('storemerge2', top.cpp:199) with incoming values : ('select_ln199', top.cpp:199) [261]  (0.000 ns)
	'store' operation 0 bit ('store_ln200', top.cpp:200) of variable 'storemerge2', top.cpp:199 on array 'stage3_out' [262]  (1.352 ns)

 <State 21>: 1.396ns
The critical path consists of the following:
	'load' operation 8 bit ('r', top.cpp:208) on local variable 'r', top.cpp:208 [272]  (0.000 ns)
	'icmp' operation 1 bit ('icmp_ln208', top.cpp:208) [273]  (0.907 ns)
	'store' operation 0 bit ('store_ln215', top.cpp:215) of constant 0 on local variable 'total_sum', top.cpp:215 [307]  (0.489 ns)

 <State 22>: 2.341ns
The critical path consists of the following:
	'phi' operation 8 bit ('c', top.cpp:209) with incoming values : ('add_ln209', top.cpp:209) [283]  (0.000 ns)
	'add' operation 14 bit ('add_ln210', top.cpp:210) [289]  (0.989 ns)
	'getelementptr' operation 14 bit ('stage3_out_addr_1', top.cpp:210) [292]  (0.000 ns)
	'load' operation 16 bit ('stage3_out_load', top.cpp:210) on array 'stage3_out' [296]  (1.352 ns)

 <State 23>: 3.720ns
The critical path consists of the following:
	'load' operation 16 bit ('stage3_out_load', top.cpp:210) on array 'stage3_out' [296]  (1.352 ns)
	'sub' operation 16 bit ('sub_ln210', top.cpp:210) [298]  (1.016 ns)
	'store' operation 0 bit ('store_ln210', top.cpp:210) of variable 'sub_ln210', top.cpp:210 on array 'stage4_out' [299]  (1.352 ns)

 <State 24>: 2.775ns
The critical path consists of the following:
	'load' operation 32 bit ('total_sum_load', top.cpp:221) on local variable 'total_sum', top.cpp:215 [345]  (0.000 ns)
	'sub' operation 44 bit ('sub_ln221', top.cpp:221) [348]  (1.252 ns)
	'sub' operation 19 bit ('sub_ln221_1', top.cpp:221) [351]  (1.039 ns)
	'select' operation 15 bit ('global_avg', top.cpp:221) [355]  (0.484 ns)

 <State 25>: 2.341ns
The critical path consists of the following:
	'phi' operation 8 bit ('c', top.cpp:217) with incoming values : ('add_ln217', top.cpp:217) [322]  (0.000 ns)
	'add' operation 14 bit ('add_ln218', top.cpp:218) [329]  (0.989 ns)
	'getelementptr' operation 14 bit ('stage4_out_addr_2', top.cpp:218) [331]  (0.000 ns)
	'load' operation 16 bit ('stage4_out_load_1', top.cpp:218) on array 'stage4_out' [334]  (1.352 ns)

 <State 26>: 3.044ns
The critical path consists of the following:
	'load' operation 16 bit ('stage4_out_load_1', top.cpp:218) on array 'stage4_out' [334]  (1.352 ns)
	'add' operation 32 bit ('total_sum', top.cpp:218) [337]  (1.203 ns)
	'store' operation 0 bit ('store_ln215', top.cpp:215) of variable 'total_sum', top.cpp:218 on local variable 'total_sum', top.cpp:215 [338]  (0.489 ns)

 <State 27>: 1.491ns
The critical path consists of the following:
	'load' operation 15 bit ('i', top.cpp:223) on local variable 'i', top.cpp:223 [360]  (0.000 ns)
	'icmp' operation 1 bit ('icmp_ln223', top.cpp:223) [361]  (1.002 ns)
	'store' operation 0 bit ('store_ln223', top.cpp:223) of variable 'add_ln223', top.cpp:223 on local variable 'i', top.cpp:223 [376]  (0.489 ns)

 <State 28>: 4.190ns
The critical path consists of the following:
	'load' operation 16 bit ('stage4_out_load', top.cpp:224) on array 'stage4_out' [371]  (1.352 ns)
	'icmp' operation 1 bit ('icmp_ln224', top.cpp:224) [372]  (1.016 ns)
	'select' operation 16 bit ('select_ln224', top.cpp:224) [373]  (0.470 ns)
	'store' operation 0 bit ('store_ln224', top.cpp:224) of variable 'select_ln224', top.cpp:224 on array 'out_r' [375]  (1.352 ns)


============================================================
+ Verbose Summary: Binding
============================================================
N/A
* FSMD analyzer results:
  - Output states:
 - Input state : 
  - Chain level:
	State 1
	State 2
	State 3
	State 4
	State 5
	State 6
	State 7
	State 8
	State 9
	State 10
	State 11
	State 12
	State 13
	State 14
	State 15
	State 16
	State 17
	State 18
	State 19
	State 20
	State 21
	State 22
	State 23
	State 24
	State 25
	State 26
	State 27
	State 28


============================================================
+ Verbose Summary: Datapath Resource usage 
============================================================
N/A
