Copyright 1986-2022 Xilinx, Inc. All Rights Reserved. Copyright 2022-2025 Advanced Micro Devices, Inc. All Rights Reserved.
---------------------------------------------------------------------------------------------------------------------------------------------
| Tool Version : Vivado v.2025.1.1 (lin64) Build 6233196 Thu Sep 11 21:27:11 MDT 2025
| Date         : Fri Apr  3 21:05:50 2026
| Host         : ece-linlabsrv01 running 64-bit Red Hat Enterprise Linux release 8.10 (Ootpa)
| Command      : report_utilization -hierarchical -hierarchical_depth 5 -file ./report/top_kernel_utilization_hierarchical_synth.rpt
| Design       : bd_0_wrapper
| Device       : xczu3eg-sbva484-1-e
| Speed File   : -1
| Design State : Synthesized
---------------------------------------------------------------------------------------------------------------------------------------------

Utilization Design Information

Table of Contents
-----------------
1. Utilization by Hierarchy

1. Utilization by Hierarchy
---------------------------

+--------------------------------------------------------------+---------------------------------------------------------------------+------------+------------+---------+------+------+--------+--------+------+------------+
|                           Instance                           |                                Module                               | Total LUTs | Logic LUTs | LUTRAMs | SRLs |  FFs | RAMB36 | RAMB18 | URAM | DSP Blocks |
+--------------------------------------------------------------+---------------------------------------------------------------------+------------+------------+---------+------+------+--------+--------+------+------------+
| bd_0_wrapper                                                 |                                                               (top) |       6690 |       6342 |       0 |  348 | 6668 |     20 |      3 |    0 |         36 |
|   bd_0_i                                                     |                                                                bd_0 |       6690 |       6342 |       0 |  348 | 6668 |     20 |      3 |    0 |         36 |
|     hls_inst                                                 |                                                     bd_0_hls_inst_0 |       6690 |       6342 |       0 |  348 | 6668 |     20 |      3 |    0 |         36 |
|       inst                                                   |                                          bd_0_hls_inst_0_top_kernel |       6690 |       6342 |       0 |  348 | 6668 |     20 |      3 |    0 |         36 |
|         (inst)                                               |                                          bd_0_hls_inst_0_top_kernel |        279 |        271 |       0 |    8 | 2237 |      0 |      0 |    0 |          0 |
|         bilateral_filtered_U                                 |                  bd_0_hls_inst_0_top_kernel_intensity_RAM_AUTO_1R1W |         52 |         52 |       0 |    0 |    0 |      4 |      0 |    0 |          0 |
|         cdf_U                                                |                  bd_0_hls_inst_0_top_kernel_histogram_RAM_AUTO_1R1W |        186 |        186 |       0 |    0 |    0 |      0 |      1 |    0 |          0 |
|         control_s_axi_U                                      |                            bd_0_hls_inst_0_top_kernel_control_s_axi |        274 |        274 |       0 |    0 |  309 |      0 |      0 |    0 |          0 |
|         dexp_64ns_64ns_64_15_full_dsp_1_U10                  |          bd_0_hls_inst_0_top_kernel_dexp_64ns_64ns_64_15_full_dsp_1 |       1828 |       1755 |       0 |   73 | 1017 |      0 |      0 |    0 |         26 |
|           (dexp_64ns_64ns_64_15_full_dsp_1_U10)              |          bd_0_hls_inst_0_top_kernel_dexp_64ns_64ns_64_15_full_dsp_1 |          0 |          0 |       0 |    0 |   64 |      0 |      0 |    0 |          0 |
|           top_kernel_dexp_64ns_64ns_64_15_full_dsp_1_ip_u    |       bd_0_hls_inst_0_top_kernel_dexp_64ns_64ns_64_15_full_dsp_1_ip |       1828 |       1755 |       0 |   73 |  953 |      0 |      0 |    0 |         26 |
|         eroded_U                                             |                bd_0_hls_inst_0_top_kernel_intensity_RAM_AUTO_1R1W_1 |         87 |         87 |       0 |    0 |    0 |      4 |      0 |    0 |          0 |
|         fadd_32ns_32ns_32_5_full_dsp_1_U2                    |           bd_0_hls_inst_0_top_kernel_fadd_32ns_32ns_32_5_full_dsp_1 |        244 |        244 |       0 |    0 |  175 |      0 |      0 |    0 |          2 |
|           (fadd_32ns_32ns_32_5_full_dsp_1_U2)                |           bd_0_hls_inst_0_top_kernel_fadd_32ns_32ns_32_5_full_dsp_1 |         16 |         16 |       0 |    0 |   64 |      0 |      0 |    0 |          0 |
|           top_kernel_fadd_32ns_32ns_32_5_full_dsp_1_ip_u     |        bd_0_hls_inst_0_top_kernel_fadd_32ns_32ns_32_5_full_dsp_1_ip |        228 |        228 |       0 |    0 |  111 |      0 |      0 |    0 |          2 |
|         faddfsub_32ns_32ns_32_5_full_dsp_1_U1                |       bd_0_hls_inst_0_top_kernel_faddfsub_32ns_32ns_32_5_full_dsp_1 |        410 |        410 |       0 |    0 |  176 |      0 |      0 |    0 |          2 |
|           (faddfsub_32ns_32ns_32_5_full_dsp_1_U1)            |       bd_0_hls_inst_0_top_kernel_faddfsub_32ns_32ns_32_5_full_dsp_1 |        181 |        181 |       0 |    0 |   65 |      0 |      0 |    0 |          0 |
|           top_kernel_faddfsub_32ns_32ns_32_5_full_dsp_1_ip_u |    bd_0_hls_inst_0_top_kernel_faddfsub_32ns_32ns_32_5_full_dsp_1_ip |        229 |        229 |       0 |    0 |  111 |      0 |      0 |    0 |          2 |
|         fcmp_32ns_32ns_1_2_no_dsp_1_U9                       |              bd_0_hls_inst_0_top_kernel_fcmp_32ns_32ns_1_2_no_dsp_1 |        124 |        124 |       0 |    0 |   66 |      0 |      0 |    0 |          0 |
|           (fcmp_32ns_32ns_1_2_no_dsp_1_U9)                   |              bd_0_hls_inst_0_top_kernel_fcmp_32ns_32ns_1_2_no_dsp_1 |         78 |         78 |       0 |    0 |   66 |      0 |      0 |    0 |          0 |
|         fdiv_32ns_32ns_32_10_no_dsp_1_U5                     |            bd_0_hls_inst_0_top_kernel_fdiv_32ns_32ns_32_10_no_dsp_1 |        935 |        903 |       0 |   32 |  471 |      0 |      0 |    0 |          0 |
|           (fdiv_32ns_32ns_32_10_no_dsp_1_U5)                 |            bd_0_hls_inst_0_top_kernel_fdiv_32ns_32ns_32_10_no_dsp_1 |        145 |        145 |       0 |    0 |   97 |      0 |      0 |    0 |          0 |
|           top_kernel_fdiv_32ns_32ns_32_10_no_dsp_1_ip_u      |         bd_0_hls_inst_0_top_kernel_fdiv_32ns_32ns_32_10_no_dsp_1_ip |        790 |        758 |       0 |   32 |  374 |      0 |      0 |    0 |          0 |
|         fmul_32ns_32ns_32_4_max_dsp_1_U3                     | bd_0_hls_inst_0_top_kernel_fmul_32ns_32ns_32_4_max_dsp_1__xdcDup__1 |        115 |        115 |       0 |    0 |  113 |      0 |      0 |    0 |          3 |
|           (fmul_32ns_32ns_32_4_max_dsp_1_U3)                 | bd_0_hls_inst_0_top_kernel_fmul_32ns_32ns_32_4_max_dsp_1__xdcDup__1 |         40 |         40 |       0 |    0 |   64 |      0 |      0 |    0 |          0 |
|           top_kernel_fmul_32ns_32ns_32_4_max_dsp_1_ip_u      |      bd_0_hls_inst_0_top_kernel_fmul_32ns_32ns_32_4_max_dsp_1_ip__2 |         75 |         75 |       0 |    0 |   49 |      0 |      0 |    0 |          3 |
|         fmul_32ns_32ns_32_4_max_dsp_1_U4                     |            bd_0_hls_inst_0_top_kernel_fmul_32ns_32ns_32_4_max_dsp_1 |         62 |         62 |       0 |    0 |   84 |      0 |      0 |    0 |          3 |
|           top_kernel_fmul_32ns_32ns_32_4_max_dsp_1_ip_u      |         bd_0_hls_inst_0_top_kernel_fmul_32ns_32ns_32_4_max_dsp_1_ip |         62 |         62 |       0 |    0 |   49 |      0 |      0 |    0 |          3 |
|         fpext_32ns_64_2_no_dsp_1_U8                          |                 bd_0_hls_inst_0_top_kernel_fpext_32ns_64_2_no_dsp_1 |         67 |         67 |       0 |    0 |   32 |      0 |      0 |    0 |          0 |
|           top_kernel_fpext_32ns_64_2_no_dsp_1_ip_u           |              bd_0_hls_inst_0_top_kernel_fpext_32ns_64_2_no_dsp_1_ip |         67 |         67 |       0 |    0 |    0 |      0 |      0 |    0 |          0 |
|         fptrunc_64ns_32_2_no_dsp_1_U7                        |               bd_0_hls_inst_0_top_kernel_fptrunc_64ns_32_2_no_dsp_1 |         41 |         41 |       0 |    0 |   63 |      0 |      0 |    0 |          0 |
|           (fptrunc_64ns_32_2_no_dsp_1_U7)                    |               bd_0_hls_inst_0_top_kernel_fptrunc_64ns_32_2_no_dsp_1 |          0 |          0 |       0 |    0 |   63 |      0 |      0 |    0 |          0 |
|         gmem_m_axi_U                                         |                               bd_0_hls_inst_0_top_kernel_gmem_m_axi |       1378 |       1143 |       0 |  235 | 1786 |      0 |      1 |    0 |          0 |
|           bus_read                                           |                          bd_0_hls_inst_0_top_kernel_gmem_m_axi_read |        393 |        392 |       0 |    1 |  562 |      0 |      0 |    0 |          0 |
|           bus_write                                          |                         bd_0_hls_inst_0_top_kernel_gmem_m_axi_write |        530 |        467 |       0 |   63 |  774 |      0 |      0 |    0 |          0 |
|           load_unit_0                                        |                          bd_0_hls_inst_0_top_kernel_gmem_m_axi_load |        206 |        143 |       0 |   63 |  180 |      0 |      1 |    0 |          0 |
|           store_unit_0                                       |                         bd_0_hls_inst_0_top_kernel_gmem_m_axi_store |        249 |        141 |       0 |  108 |  270 |      0 |      0 |    0 |          0 |
|         histogram_U                                          |                bd_0_hls_inst_0_top_kernel_histogram_RAM_AUTO_1R1W_3 |        280 |        280 |       0 |    0 |    0 |      0 |      1 |    0 |          0 |
|         sitofp_32ns_32_4_no_dsp_1_U6                         |                bd_0_hls_inst_0_top_kernel_sitofp_32ns_32_4_no_dsp_1 |        152 |        152 |       0 |    0 |  113 |      0 |      0 |    0 |          0 |
|           top_kernel_sitofp_32ns_32_4_no_dsp_1_ip_u          |             bd_0_hls_inst_0_top_kernel_sitofp_32ns_32_4_no_dsp_1_ip |        152 |        152 |       0 |    0 |   81 |      0 |      0 |    0 |          0 |
+--------------------------------------------------------------+---------------------------------------------------------------------+------------+------------+---------+------+------+--------+--------+------+------------+


