Copyright 1986-2022 Xilinx, Inc. All Rights Reserved. Copyright 2022-2025 Advanced Micro Devices, Inc. All Rights Reserved.
---------------------------------------------------------------------------------------------------------------------------------------------
| Tool Version : Vivado v.2025.1.1 (lin64) Build 6233196 Thu Sep 11 21:27:11 MDT 2025
| Date         : Fri Apr  3 21:10:44 2026
| Host         : ece-linlabsrv01 running 64-bit Red Hat Enterprise Linux release 8.10 (Ootpa)
| Command      : report_utilization -hierarchical -hierarchical_depth 5 -file ./report/top_kernel_utilization_hierarchical_routed.rpt
| Design       : bd_0_wrapper
| Device       : xczu3eg-sbva484-1-e
| Speed File   : -1
| Design State : Routed
---------------------------------------------------------------------------------------------------------------------------------------------

Utilization Design Information

Table of Contents
-----------------
1. Utilization by Hierarchy

1. Utilization by Hierarchy
---------------------------

+--------------------------------------------------------------+---------------------------------------------------------------------+------------+------------+---------+------+------+--------+--------+------+------------+
|                           Instance                           |                                Module                               | Total LUTs | Logic LUTs | LUTRAMs | SRLs |  FFs | RAMB36 | RAMB18 | URAM | DSP Blocks |
+--------------------------------------------------------------+---------------------------------------------------------------------+------------+------------+---------+------+------+--------+--------+------+------------+
| bd_0_wrapper                                                 |                                                               (top) |       6225 |       5995 |       0 |  230 | 6557 |     20 |      3 |    0 |         36 |
|   bd_0_i                                                     |                                                                bd_0 |       6225 |       5995 |       0 |  230 | 6557 |     20 |      3 |    0 |         36 |
|     hls_inst                                                 |                                                     bd_0_hls_inst_0 |       6225 |       5995 |       0 |  230 | 6557 |     20 |      3 |    0 |         36 |
|       inst                                                   |                                          bd_0_hls_inst_0_top_kernel |       6225 |       5995 |       0 |  230 | 6557 |     20 |      3 |    0 |         36 |
|         (inst)                                               |                                          bd_0_hls_inst_0_top_kernel |        270 |        262 |       0 |    8 | 2207 |      0 |      0 |    0 |          0 |
|         (fcmp_32ns_32ns_1_2_no_dsp_1_U9)                     |              bd_0_hls_inst_0_top_kernel_fcmp_32ns_32ns_1_2_no_dsp_1 |         78 |         78 |       0 |    0 |   66 |      0 |      0 |    0 |          0 |
|         (fptrunc_64ns_32_2_no_dsp_1_U7)                      |               bd_0_hls_inst_0_top_kernel_fptrunc_64ns_32_2_no_dsp_1 |          0 |          0 |       0 |    0 |   63 |      0 |      0 |    0 |          0 |
|         bilateral_filtered_U                                 |                  bd_0_hls_inst_0_top_kernel_intensity_RAM_AUTO_1R1W |         52 |         52 |       0 |    0 |    0 |      4 |      0 |    0 |          0 |
|         cdf_U                                                |                  bd_0_hls_inst_0_top_kernel_histogram_RAM_AUTO_1R1W |        164 |        164 |       0 |    0 |    0 |      0 |      1 |    0 |          0 |
|         control_s_axi_U                                      |                            bd_0_hls_inst_0_top_kernel_control_s_axi |        273 |        273 |       0 |    0 |  309 |      0 |      0 |    0 |          0 |
|         dexp_64ns_64ns_64_15_full_dsp_1_U10                  |          bd_0_hls_inst_0_top_kernel_dexp_64ns_64ns_64_15_full_dsp_1 |       1687 |       1641 |       0 |   46 |  959 |      0 |      0 |    0 |         26 |
|           top_kernel_dexp_64ns_64ns_64_15_full_dsp_1_ip_u    |       bd_0_hls_inst_0_top_kernel_dexp_64ns_64ns_64_15_full_dsp_1_ip |       1687 |       1641 |       0 |   46 |  924 |      0 |      0 |    0 |         26 |
|         eroded_U                                             |                bd_0_hls_inst_0_top_kernel_intensity_RAM_AUTO_1R1W_1 |         87 |         87 |       0 |    0 |    0 |      4 |      0 |    0 |          0 |
|         fadd_32ns_32ns_32_5_full_dsp_1_U2                    |           bd_0_hls_inst_0_top_kernel_fadd_32ns_32ns_32_5_full_dsp_1 |        189 |        189 |       0 |    0 |  171 |      0 |      0 |    0 |          2 |
|           (fadd_32ns_32ns_32_5_full_dsp_1_U2)                |           bd_0_hls_inst_0_top_kernel_fadd_32ns_32ns_32_5_full_dsp_1 |         16 |         16 |       0 |    0 |   63 |      0 |      0 |    0 |          0 |
|           top_kernel_fadd_32ns_32ns_32_5_full_dsp_1_ip_u     |        bd_0_hls_inst_0_top_kernel_fadd_32ns_32ns_32_5_full_dsp_1_ip |        173 |        173 |       0 |    0 |  108 |      0 |      0 |    0 |          2 |
|         faddfsub_32ns_32ns_32_5_full_dsp_1_U1                |       bd_0_hls_inst_0_top_kernel_faddfsub_32ns_32ns_32_5_full_dsp_1 |        356 |        356 |       0 |    0 |  174 |      0 |      0 |    0 |          2 |
|           (faddfsub_32ns_32ns_32_5_full_dsp_1_U1)            |       bd_0_hls_inst_0_top_kernel_faddfsub_32ns_32ns_32_5_full_dsp_1 |        181 |        181 |       0 |    0 |   65 |      0 |      0 |    0 |          0 |
|           top_kernel_faddfsub_32ns_32ns_32_5_full_dsp_1_ip_u |    bd_0_hls_inst_0_top_kernel_faddfsub_32ns_32ns_32_5_full_dsp_1_ip |        175 |        175 |       0 |    0 |  109 |      0 |      0 |    0 |          2 |
|         fdiv_32ns_32ns_32_10_no_dsp_1_U5                     |            bd_0_hls_inst_0_top_kernel_fdiv_32ns_32ns_32_10_no_dsp_1 |        921 |        890 |       0 |   31 |  462 |      0 |      0 |    0 |          0 |
|           (fdiv_32ns_32ns_32_10_no_dsp_1_U5)                 |            bd_0_hls_inst_0_top_kernel_fdiv_32ns_32ns_32_10_no_dsp_1 |        145 |        145 |       0 |    0 |   97 |      0 |      0 |    0 |          0 |
|           top_kernel_fdiv_32ns_32ns_32_10_no_dsp_1_ip_u      |         bd_0_hls_inst_0_top_kernel_fdiv_32ns_32ns_32_10_no_dsp_1_ip |        776 |        745 |       0 |   31 |  365 |      0 |      0 |    0 |          0 |
|         fmul_32ns_32ns_32_4_max_dsp_1_U3                     | bd_0_hls_inst_0_top_kernel_fmul_32ns_32ns_32_4_max_dsp_1__xdcDup__1 |        112 |        112 |       0 |    0 |  111 |      0 |      0 |    0 |          3 |
|           (fmul_32ns_32ns_32_4_max_dsp_1_U3)                 | bd_0_hls_inst_0_top_kernel_fmul_32ns_32ns_32_4_max_dsp_1__xdcDup__1 |         40 |         40 |       0 |    0 |   64 |      0 |      0 |    0 |          0 |
|           top_kernel_fmul_32ns_32ns_32_4_max_dsp_1_ip_u      |      bd_0_hls_inst_0_top_kernel_fmul_32ns_32ns_32_4_max_dsp_1_ip__2 |         72 |         72 |       0 |    0 |   47 |      0 |      0 |    0 |          3 |
|         fmul_32ns_32ns_32_4_max_dsp_1_U4                     |            bd_0_hls_inst_0_top_kernel_fmul_32ns_32ns_32_4_max_dsp_1 |         59 |         59 |       0 |    0 |   80 |      0 |      0 |    0 |          3 |
|           top_kernel_fmul_32ns_32ns_32_4_max_dsp_1_ip_u      |         bd_0_hls_inst_0_top_kernel_fmul_32ns_32ns_32_4_max_dsp_1_ip |         59 |         59 |       0 |    0 |   45 |      0 |      0 |    0 |          3 |
|         gmem_m_axi_U                                         |                               bd_0_hls_inst_0_top_kernel_gmem_m_axi |       1270 |       1125 |       0 |  145 | 1786 |      0 |      1 |    0 |          0 |
|           bus_read                                           |                          bd_0_hls_inst_0_top_kernel_gmem_m_axi_read |        391 |        390 |       0 |    1 |  562 |      0 |      0 |    0 |          0 |
|           bus_write                                          |                         bd_0_hls_inst_0_top_kernel_gmem_m_axi_write |        494 |        461 |       0 |   33 |  774 |      0 |      0 |    0 |          0 |
|           load_unit_0                                        |                          bd_0_hls_inst_0_top_kernel_gmem_m_axi_load |        172 |        139 |       0 |   33 |  180 |      0 |      1 |    0 |          0 |
|           store_unit_0                                       |                         bd_0_hls_inst_0_top_kernel_gmem_m_axi_store |        214 |        136 |       0 |   78 |  270 |      0 |      0 |    0 |          0 |
|         histogram_U                                          |                bd_0_hls_inst_0_top_kernel_histogram_RAM_AUTO_1R1W_3 |        260 |        260 |       0 |    0 |    0 |      0 |      1 |    0 |          0 |
|         sitofp_32ns_32_4_no_dsp_1_U6                         |                bd_0_hls_inst_0_top_kernel_sitofp_32ns_32_4_no_dsp_1 |        149 |        149 |       0 |    0 |  111 |      0 |      0 |    0 |          0 |
|           top_kernel_sitofp_32ns_32_4_no_dsp_1_ip_u          |             bd_0_hls_inst_0_top_kernel_sitofp_32ns_32_4_no_dsp_1_ip |        149 |        149 |       0 |    0 |   79 |      0 |      0 |    0 |          0 |
+--------------------------------------------------------------+---------------------------------------------------------------------+------------+------------+---------+------+------+--------+--------+------+------------+
* Note: The sum of lower-level cells may be larger than their parent cells total, due to cross-hierarchy LUT combining


