================================================================
== Design Size Report
================================================================

* Total Instructions per Compilation Phase
+---------------+-----------------------------+--------------+----------------------------------------------------------------------------------------+
| Phase         | Step                        | Instructions | Description                                                                            |
+---------------+-----------------------------+--------------+----------------------------------------------------------------------------------------+
| Compile/Link  |                             | 5,091        | After all functions are compiled and linked into a single design                       |
|               |                             |              |                                                                                        |
| Unroll/Inline |                             |              | After user unroll and inline pragmas are applied                                       |
|               | (1) unroll                  | 1,655        | user unroll pragmas are applied                                                        |
|               | (2) simplification          |   757        | simplification of applied user unroll pragmas                                          |
|               | (3) inline                  |   391        | user inline pragmas are applied                                                        |
|               | (4) simplification          |   368        | simplification of applied user inline pragmas                                          |
|               |                             |              |                                                                                        |
| Array/Struct  |                             |              | After user array partition and struct aggregate/disaggregate pragmas are applied       |
|               | (1) array partition         |   407        | user array partition pragmas are applied                                               |
|               | (2) simplification          |   381        | simplification of applied user array partition & struct aggregate/disaggregate pragmas |
|               | (3) aggregate/disaggregate  |   381        | user struct aggregate/disaggregate pragmas are applied                                 |
|               | (4) array reshape           |   381        | apply array reshape pragmas                                                            |
|               | (5) access patterns         |   386        | array access pattern optmizations                                                      |
|               |                             |              |                                                                                        |
| Performance   |                             |              | After transformations are applied to meet performance pragma targets                   |
|               | (1) loop simplification     |   385        | loop and instruction simplification                                                    |
|               | (2) parallelization         |   384        | loops are unrolled or pipelined to meet performance targets                            |
|               | (3) array partition         |   384        | arrays are partitioned to meet performance targets                                     |
|               | (4) simplification          |   384        | simplification of design after performance transformations                             |
|               |                             |              |                                                                                        |
| HW Transforms |                             |              | After hardware transfomations                                                          |
|               | (1) lowering                |   395        | initial conversion to HW specific instructions                                         |
|               | (2) optimizations           |   443        | high level synthesis optimizations                                                     |
+---------------+-----------------------------+--------------+----------------------------------------------------------------------------------------+

* Instructions per Function for each Compilation Phase
+-----------------+-------------+--------------+---------------+--------------+-------------+---------------+
| Function        | Location    | Compile/Link | Unroll/Inline | Array/Struct | Performance | HW Transforms |
+-----------------+-------------+--------------+---------------+--------------+-------------+---------------+
| + top_kernel    | top.cpp:131 | 5,091        | 368           | 386          | 384         | 443           |
|    k1_contrast  | top.cpp:4   | 1,331        |  64           |  65          |  65         |  73           |
|    k2_erosion   | top.cpp:37  | 1,022        | 115           | 120          | 120         | 128           |
|    k3_dilation  | top.cpp:70  | 1,029        | 116           | 121          | 121         | 131           |
|    k4_gradient  | top.cpp:104 |  263         |  10           |  10          |  10         |  20           |
|    k5_threshold | top.cpp:112 | 1,374        |  29           |  32          |  31         |  42           |
+-----------------+-------------+--------------+---------------+--------------+-------------+---------------+

* Design Size Message Settings
+---------------------------------------------+--------+------------------------------------------------------------------+
| Message Setting                             | Value  | Description                                                      |
+---------------------------------------------+--------+------------------------------------------------------------------+
| config_compile -design_size_maximum_warning | 100000 | Show a warning when total design instructions exceeds this value |
+---------------------------------------------+--------+------------------------------------------------------------------+


