

================================================================
== Vitis HLS Report for 'k1_contrast'
================================================================
* Date:           Sat Mar 28 22:53:01 2026

* Version:        2025.1.1 (Build 6214317 on Sep 11 2025)
* Project:        project_1
* Solution:       hls (Vivado IP Flow Target)
* Product family: zynquplus
* Target device:  xczu3eg-sbva484-1-e


================================================================
== Performance Estimates
================================================================
+ Timing: 
    * Summary: 
    +--------+----------+----------+------------+
    |  Clock |  Target  | Estimated| Uncertainty|
    +--------+----------+----------+------------+
    |ap_clk  |  10.00 ns|  6.744 ns|     2.70 ns|
    +--------+----------+----------+------------+

+ Latency: 
    * Summary: 
    +---------+---------+----------+----------+-------+-------+------------------------------------------------+
    |  Latency (cycles) |  Latency (absolute) |    Interval   |                    Pipeline                    |
    |   min   |   max   |    min   |    max   |  min  |  max  |                      Type                      |
    +---------+---------+----------+----------+-------+-------+------------------------------------------------+
    |    16516|    16516|  0.165 ms|  0.165 ms|  16513|  16513|  loop auto-rewind stp (delay=0 clock cycles(s))|
    +---------+---------+----------+----------+-------+-------+------------------------------------------------+

    + Detail: 
        * Instance: 
        N/A

        * Loop: 
        +-------------------+---------+---------+----------+-----------+-----------+-------+----------+
        |                   |  Latency (cycles) | Iteration|  Initiation Interval  |  Trip |          |
        |     Loop Name     |   min   |   max   |  Latency |  achieved |   target  | Count | Pipelined|
        +-------------------+---------+---------+----------+-----------+-----------+-------+----------+
        |- VITIS_LOOP_10_1  |    16514|    16514|         3|          1|          1|  16513|       yes|
        +-------------------+---------+---------+----------+-----------+-----------+-------+----------+



================================================================
== Utilization Estimates
================================================================
* Summary: 
+-----------------+---------+-----+--------+-------+-----+
|       Name      | BRAM_18K| DSP |   FF   |  LUT  | URAM|
+-----------------+---------+-----+--------+-------+-----+
|DSP              |        -|    -|       -|      -|    -|
|Expression       |        -|    -|       0|    371|    -|
|FIFO             |        -|    -|       -|      -|    -|
|Instance         |        -|    -|       -|      -|    -|
|Memory           |        2|    -|       0|      0|    0|
|Multiplexer      |        -|    -|       0|     81|    -|
|Register         |        -|    -|     172|      -|    -|
+-----------------+---------+-----+--------+-------+-----+
|Total            |        2|    0|     172|    452|    0|
+-----------------+---------+-----+--------+-------+-----+
|Available        |      432|  360|  141120|  70560|    0|
+-----------------+---------+-----+--------+-------+-----+
|Utilization (%)  |       ~0|    0|      ~0|     ~0|    0|
+-----------------+---------+-----+--------+-------+-----+

+ Detail: 
    * Instance: 
    N/A

    * DSP: 
    N/A

    * Memory: 
    +-------------------------------------------------------------------+----------------------------------------------------------------------------------+---------+---+----+-----+------+-----+------+-------------+
    |                               Memory                              |                                      Module                                      | BRAM_18K| FF| LUT| URAM| Words| Bits| Banks| W*Bits*Banks|
    +-------------------------------------------------------------------+----------------------------------------------------------------------------------+---------+---+----+-----+------+-----+------+-------------+
    |k1_contrast_stream_ap_fixed_0_stream_ap_fixed_16_8_5_3_0_0_lb_1_U  |k1_contrast_k1_contrast_stream_ap_fixed_0_stream_ap_fixed_16_8_5_3_0_0_lb_1_Rbkb  |        1|  0|   0|    0|   128|   16|     1|         2048|
    |k1_contrast_stream_ap_fixed_0_stream_ap_fixed_16_8_5_3_0_0_lb_U    |k1_contrast_k1_contrast_stream_ap_fixed_0_stream_ap_fixed_16_8_5_3_0_0_lb_1_Rbkb  |        1|  0|   0|    0|   128|   16|     1|         2048|
    +-------------------------------------------------------------------+----------------------------------------------------------------------------------+---------+---+----+-----+------+-----+------+-------------+
    |Total                                                              |                                                                                  |        2|  0|   0|    0|   256|   32|     2|         4096|
    +-------------------------------------------------------------------+----------------------------------------------------------------------------------+---------+---+----+-----+------+-----+------+-------------+

    * FIFO: 
    N/A

    * Expression: 
    +---------------------------------------+----------+----+---+----+------------+------------+
    |             Variable Name             | Operation| DSP| FF| LUT| Bitwidth P0| Bitwidth P1|
    +---------------------------------------+----------+----+---+----+------------+------------+
    |add_ln21_fu_207_p2                     |         +|   0|  0|  21|          14|           9|
    |add_ln25_1_fu_247_p2                   |         +|   0|  0|  15|           8|           2|
    |add_ln25_fu_235_p2                     |         +|   0|  0|  15|           8|           2|
    |add_ln28_1_fu_294_p2                   |         +|   0|  0|  23|          16|          16|
    |add_ln28_2_fu_300_p2                   |         +|   0|  0|  16|          16|          16|
    |add_ln28_3_fu_306_p2                   |         +|   0|  0|  16|          16|          16|
    |add_ln28_4_fu_312_p2                   |         +|   0|  0|  16|          16|          16|
    |add_ln28_5_fu_318_p2                   |         +|   0|  0|  16|          16|          16|
    |add_ln28_6_fu_324_p2                   |         +|   0|  0|  16|          16|          16|
    |add_ln28_7_fu_330_p2                   |         +|   0|  0|  16|          16|          16|
    |add_ln28_fu_288_p2                     |         +|   0|  0|  23|          16|          16|
    |i_fu_189_p2                            |         +|   0|  0|  22|          15|           1|
    |res_fu_380_p2                          |         -|   0|  0|  23|          16|          16|
    |sub_ln29_fu_360_p2                     |         -|   0|  0|  29|          22|          22|
    |and_ln25_fu_416_p2                     |       and|   0|  0|   2|           1|           1|
    |ap_block_state2_pp0_stage0_iter1       |       and|   0|  0|   2|           1|           1|
    |ap_block_state3_pp0_stage0_iter2_grp1  |       and|   0|  0|   2|           1|           1|
    |ap_condition_184                       |       and|   0|  0|   2|           1|           1|
    |icmp_ln10_fu_259_p2                    |      icmp|   0|  0|  22|          15|          15|
    |icmp_ln20_fu_201_p2                    |      icmp|   0|  0|  22|          15|           8|
    |icmp_ln25_1_fu_253_p2                  |      icmp|   0|  0|  15|           8|           7|
    |icmp_ln25_fu_241_p2                    |      icmp|   0|  0|  15|           8|           7|
    |ap_block_pp0_stage0_01001_grp1         |        or|   0|  0|   2|           1|           1|
    |ap_block_pp0_stage0_11001              |        or|   0|  0|   2|           1|           1|
    |s1_din                                 |    select|   0|  0|  16|           1|          16|
    |ap_enable_pp0                          |       xor|   0|  0|   2|           1|           2|
    +---------------------------------------+----------+----+---+----+------------+------------+
    |Total                                  |          |   0|  0| 371|         265|         241|
    +---------------------------------------+----------+----+---+----+------------+------------+

    * Multiplexer: 
    +------------------------------------+----+-----------+-----+-----------+
    |                Name                | LUT| Input Size| Bits| Total Bits|
    +------------------------------------+----+-----------+-----+-----------+
    |ap_done_int                         |   9|          2|    1|          2|
    |ap_loop_exit_ready_pp0_iter2_reg    |   9|          2|    1|          2|
    |ap_phi_mux_val_5_phi_fu_156_p4      |   9|          2|   16|         32|
    |ap_phi_reg_pp0_iter1_val_5_reg_152  |   9|          2|   16|         32|
    |ap_sig_allocacmp_i15_load           |   9|          2|   15|         30|
    |i15_fu_88                           |   9|          2|   15|         30|
    |in_stream_blk_n                     |   9|          2|    1|          2|
    |real_start                          |   9|          2|    1|          2|
    |s1_blk_n                            |   9|          2|    1|          2|
    +------------------------------------+----+-----------+-----+-----------+
    |Total                               |  81|         18|   67|        134|
    +------------------------------------+----+-----------+-----+-----------+

    * Register: 
    +------------------------------------------------------------------------------+----+----+-----+-----------+
    |                                     Name                                     | FF | LUT| Bits| Const Bits|
    +------------------------------------------------------------------------------+----+----+-----+-----------+
    |ap_CS_fsm                                                                     |   1|   0|    1|          0|
    |ap_block_pp0_stage0_subdone_grp1_done_reg                                     |   1|   0|    1|          0|
    |ap_done_reg                                                                   |   1|   0|    1|          0|
    |ap_enable_reg_pp0_iter1                                                       |   1|   0|    1|          0|
    |ap_enable_reg_pp0_iter2                                                       |   1|   0|    1|          0|
    |ap_loop_exit_ready_pp0_iter1_reg                                              |   1|   0|    1|          0|
    |ap_loop_exit_ready_pp0_iter2_reg                                              |   1|   0|    1|          0|
    |ap_phi_reg_pp0_iter1_val_5_reg_152                                            |  16|   0|   16|          0|
    |i15_fu_88                                                                     |  15|   0|   15|          0|
    |icmp_ln20_reg_487                                                             |   1|   0|    1|          0|
    |icmp_ln20_reg_487_pp0_iter1_reg                                               |   1|   0|    1|          0|
    |icmp_ln25_1_reg_496                                                           |   1|   0|    1|          0|
    |icmp_ln25_1_reg_496_pp0_iter1_reg                                             |   1|   0|    1|          0|
    |icmp_ln25_reg_491                                                             |   1|   0|    1|          0|
    |icmp_ln25_reg_491_pp0_iter1_reg                                               |   1|   0|    1|          0|
    |k1_contrast_stream_ap_fixed_0_stream_ap_fixed_16_8_5_3_0_0_lb_1_addr_reg_475  |   7|   0|    7|          0|
    |k1_contrast_stream_ap_fixed_0_stream_ap_fixed_16_8_5_3_0_0_lb_addr_reg_481    |   7|   0|    7|          0|
    |p_0_0_0153_188_i12_fu_80                                                      |  16|   0|   16|          0|
    |p_0_0_0153_189_i11_fu_96                                                      |  16|   0|   16|          0|
    |p_0_0_0153_290_i10_fu_76                                                      |  16|   0|   16|          0|
    |p_0_0_0153_291_i9_fu_92                                                       |  16|   0|   16|          0|
    |res_reg_505                                                                   |  16|   0|   16|          0|
    |start_once_reg                                                                |   1|   0|    1|          0|
    |sum14_fu_84                                                                   |  16|   0|   16|          0|
    |sum_fu_100                                                                    |  16|   0|   16|          0|
    |tmp_6_reg_471                                                                 |   1|   0|    1|          0|
    +------------------------------------------------------------------------------+----+----+-----+-----------+
    |Total                                                                         | 172|   0|  172|          0|
    +------------------------------------------------------------------------------+----+----+-----+-----------+



================================================================
== Interface
================================================================
* Summary: 
+--------------------------+-----+-----+------------+--------------+--------------+
|         RTL Ports        | Dir | Bits|  Protocol  | Source Object|    C Type    |
+--------------------------+-----+-----+------------+--------------+--------------+
|ap_clk                    |   in|    1|  ap_ctrl_hs|   k1_contrast|  return value|
|ap_rst                    |   in|    1|  ap_ctrl_hs|   k1_contrast|  return value|
|ap_start                  |   in|    1|  ap_ctrl_hs|   k1_contrast|  return value|
|start_full_n              |   in|    1|  ap_ctrl_hs|   k1_contrast|  return value|
|ap_done                   |  out|    1|  ap_ctrl_hs|   k1_contrast|  return value|
|ap_continue               |   in|    1|  ap_ctrl_hs|   k1_contrast|  return value|
|ap_idle                   |  out|    1|  ap_ctrl_hs|   k1_contrast|  return value|
|ap_ready                  |  out|    1|  ap_ctrl_hs|   k1_contrast|  return value|
|start_out                 |  out|    1|  ap_ctrl_hs|   k1_contrast|  return value|
|start_write               |  out|    1|  ap_ctrl_hs|   k1_contrast|  return value|
|in_stream_dout            |   in|   16|     ap_fifo|     in_stream|       pointer|
|in_stream_empty_n         |   in|    1|     ap_fifo|     in_stream|       pointer|
|in_stream_read            |  out|    1|     ap_fifo|     in_stream|       pointer|
|in_stream_num_data_valid  |   in|    3|     ap_fifo|     in_stream|       pointer|
|in_stream_fifo_cap        |   in|    3|     ap_fifo|     in_stream|       pointer|
|s1_din                    |  out|   16|     ap_fifo|            s1|       pointer|
|s1_full_n                 |   in|    1|     ap_fifo|            s1|       pointer|
|s1_write                  |  out|    1|     ap_fifo|            s1|       pointer|
|s1_num_data_valid         |   in|   32|     ap_fifo|            s1|       pointer|
|s1_fifo_cap               |   in|   32|     ap_fifo|            s1|       pointer|
+--------------------------+-----+-----+------------+--------------+--------------+

