Copyright 1986-2022 Xilinx, Inc. All Rights Reserved. Copyright 2022-2025 Advanced Micro Devices, Inc. All Rights Reserved.
---------------------------------------------------------------------------------------------------------------------------------------------
| Tool Version : Vivado v.2025.1.1 (lin64) Build 6233196 Thu Sep 11 21:27:11 MDT 2025
| Date         : Sat Apr 11 21:36:00 2026
| Host         : ece-linlabsrv01 running 64-bit Red Hat Enterprise Linux release 8.10 (Ootpa)
| Command      : report_utilization -file bd_0_wrapper_utilization_placed.rpt -pb bd_0_wrapper_utilization_placed.pb
| Design       : bd_0_wrapper
| Device       : xczu3eg-sbva484-1-e
| Speed File   : -1
| Design State : Fully Placed
---------------------------------------------------------------------------------------------------------------------------------------------

Utilization Design Information

Table of Contents
-----------------
1. CLB Logic
1.1 Summary of Registers by Type
2. CLB Logic Distribution
3. BLOCKRAM
4. ARITHMETIC
5. I/O
6. CLOCK
7. ADVANCED
8. CONFIGURATION
9. Primitives
10. Black Boxes
11. Instantiated Netlists

1. CLB Logic
------------

+----------------------------+-------+-------+------------+-----------+-------+
|          Site Type         |  Used | Fixed | Prohibited | Available | Util% |
+----------------------------+-------+-------+------------+-----------+-------+
| CLB LUTs                   | 44249 |     0 |          0 |     70560 | 62.71 |
|   LUT as Logic             | 42306 |     0 |          0 |     70560 | 59.96 |
|   LUT as Memory            |  1943 |     0 |          0 |     28800 |  6.75 |
|     LUT as Distributed RAM |   256 |     0 |            |           |       |
|     LUT as Shift Register  |  1687 |     0 |            |           |       |
| CLB Registers              | 58739 |     0 |          0 |    141120 | 41.62 |
|   Register as Flip Flop    | 58739 |     0 |          0 |    141120 | 41.62 |
|   Register as Latch        |     0 |     0 |          0 |    141120 |  0.00 |
| CARRY8                     |  2224 |     0 |          0 |      8820 | 25.22 |
| F7 Muxes                   |  4377 |     0 |          0 |     35280 | 12.41 |
| F8 Muxes                   |  1962 |     0 |          0 |     17640 | 11.12 |
| F9 Muxes                   |     0 |     0 |          0 |      8820 |  0.00 |
+----------------------------+-------+-------+------------+-----------+-------+
* Warning! LUT value is adjusted to account for LUT combining.


1.1 Summary of Registers by Type
--------------------------------

+-------+--------------+-------------+--------------+
| Total | Clock Enable | Synchronous | Asynchronous |
+-------+--------------+-------------+--------------+
| 0     |            _ |           - |            - |
| 0     |            _ |           - |          Set |
| 0     |            _ |           - |        Reset |
| 0     |            _ |         Set |            - |
| 0     |            _ |       Reset |            - |
| 0     |          Yes |           - |            - |
| 0     |          Yes |           - |          Set |
| 0     |          Yes |           - |        Reset |
| 467   |          Yes |         Set |            - |
| 58272 |          Yes |       Reset |            - |
+-------+--------------+-------------+--------------+


2. CLB Logic Distribution
-------------------------

+--------------------------------------------+-------+-------+------------+-----------+-------+
|                  Site Type                 |  Used | Fixed | Prohibited | Available | Util% |
+--------------------------------------------+-------+-------+------------+-----------+-------+
| CLB                                        |  8686 |     0 |          0 |      8820 | 98.48 |
|   CLBL                                     |  5129 |     0 |            |           |       |
|   CLBM                                     |  3557 |     0 |            |           |       |
| LUT as Logic                               | 42306 |     0 |          0 |     70560 | 59.96 |
|   using O5 output only                     |   187 |       |            |           |       |
|   using O6 output only                     | 34736 |       |            |           |       |
|   using O5 and O6                          |  7383 |       |            |           |       |
| LUT as Memory                              |  1943 |     0 |          0 |     28800 |  6.75 |
|   LUT as Distributed RAM                   |   256 |     0 |            |           |       |
|     using O5 output only                   |     0 |       |            |           |       |
|     using O6 output only                   |   256 |       |            |           |       |
|     using O5 and O6                        |     0 |       |            |           |       |
|   LUT as Shift Register                    |  1687 |     0 |            |           |       |
|     using O5 output only                   |     0 |       |            |           |       |
|     using O6 output only                   |  1395 |       |            |           |       |
|     using O5 and O6                        |   292 |       |            |           |       |
| CLB Registers                              | 58739 |     0 |          0 |    141120 | 41.62 |
|   Register driven from within the CLB      | 23543 |       |            |           |       |
|   Register driven from outside the CLB     | 35196 |       |            |           |       |
|     LUT in front of the register is unused | 19308 |       |            |           |       |
|     LUT in front of the register is used   | 15888 |       |            |           |       |
| Unique Control Sets                        |  1236 |       |          0 |     17640 |  7.01 |
+--------------------------------------------+-------+-------+------------+-----------+-------+
* * Note: Available Control Sets calculated as Slices * 2, Review the Control Sets Report for more information regarding control sets.


3. BLOCKRAM
-----------

+-------------------+------+-------+------------+-----------+-------+
|     Site Type     | Used | Fixed | Prohibited | Available | Util% |
+-------------------+------+-------+------------+-----------+-------+
| Block RAM Tile    |   40 |     0 |          0 |       216 | 18.52 |
|   RAMB36/FIFO*    |   13 |     0 |          0 |       216 |  6.02 |
|     RAMB36E2 only |   13 |       |            |           |       |
|   RAMB18          |   54 |     0 |          0 |       432 | 12.50 |
|     RAMB18E2 only |   54 |       |            |           |       |
+-------------------+------+-------+------------+-----------+-------+
* Note: Each Block RAM Tile only has one FIFO logic available and therefore can accommodate only one FIFO36E2 or one FIFO18E2. However, if a FIFO18E2 occupies a Block RAM Tile, that tile can still accommodate a RAMB18E2


4. ARITHMETIC
-------------

+----------------+------+-------+------------+-----------+-------+
|    Site Type   | Used | Fixed | Prohibited | Available | Util% |
+----------------+------+-------+------------+-----------+-------+
| DSPs           |  264 |     0 |          0 |       360 | 73.33 |
|   DSP48E2 only |  264 |       |            |           |       |
+----------------+------+-------+------------+-----------+-------+


5. I/O
------

+------------------+------+-------+------------+-----------+-------+
|     Site Type    | Used | Fixed | Prohibited | Available | Util% |
+------------------+------+-------+------------+-----------+-------+
| Bonded IOB       |    0 |     0 |          0 |        82 |  0.00 |
|   HPIOB_M        |    0 |     0 |          0 |        26 |  0.00 |
|   HPIOB_S        |    0 |     0 |          0 |        26 |  0.00 |
|   HDIOB_M        |    0 |     0 |          0 |        12 |  0.00 |
|   HDIOB_S        |    0 |     0 |          0 |        12 |  0.00 |
|   HPIOB_SNGL     |    0 |     0 |          0 |         6 |  0.00 |
| HPIOBDIFFINBUF   |    0 |     0 |          0 |        72 |  0.00 |
| HPIOBDIFFOUTBUF  |    0 |     0 |          0 |        72 |  0.00 |
| HDIOBDIFFINBUF   |    0 |     0 |          0 |        48 |  0.00 |
| BITSLICE_CONTROL |    0 |     0 |          0 |        24 |  0.00 |
| BITSLICE_RX_TX   |    0 |     0 |          0 |       936 |  0.00 |
| BITSLICE_TX      |    0 |     0 |          0 |        24 |  0.00 |
| RIU_OR           |    0 |     0 |          0 |        12 |  0.00 |
+------------------+------+-------+------------+-----------+-------+


6. CLOCK
--------

+------------+------+-------+------------+-----------+-------+
|  Site Type | Used | Fixed | Prohibited | Available | Util% |
+------------+------+-------+------------+-----------+-------+
| BUFGCE     |   13 |     0 |          0 |        88 | 14.77 |
| BUFGCE_DIV |    0 |     0 |          0 |        12 |  0.00 |
| BUFG_PS    |    0 |     0 |          0 |        72 |  0.00 |
| BUFGCTRL*  |    0 |     0 |          0 |        24 |  0.00 |
| PLL        |    0 |     0 |          0 |         6 |  0.00 |
| MMCM       |    0 |     0 |          0 |         3 |  0.00 |
+------------+------+-------+------------+-----------+-------+
* Note: Each used BUFGCTRL counts as two GLOBAL CLOCK BUFFERs. This table does not include global clocking resources, only buffer cell usage. See the Clock Utilization Report (report_clock_utilization) for detailed accounting of global clocking resource availability.


7. ADVANCED
-----------

+-----------+------+-------+------------+-----------+-------+
| Site Type | Used | Fixed | Prohibited | Available | Util% |
+-----------+------+-------+------------+-----------+-------+
| PS8       |    0 |     0 |          0 |         1 |  0.00 |
| SYSMONE4  |    0 |     0 |          0 |         1 |  0.00 |
+-----------+------+-------+------------+-----------+-------+


8. CONFIGURATION
----------------

+-------------+------+-------+------------+-----------+-------+
|  Site Type  | Used | Fixed | Prohibited | Available | Util% |
+-------------+------+-------+------------+-----------+-------+
| BSCANE2     |    0 |     0 |          0 |         4 |  0.00 |
| DNA_PORTE2  |    0 |     0 |          0 |         1 |  0.00 |
| EFUSE_USR   |    0 |     0 |          0 |         1 |  0.00 |
| FRAME_ECCE4 |    0 |     0 |          0 |         1 |  0.00 |
| ICAPE3      |    0 |     0 |          0 |         2 |  0.00 |
| MASTER_JTAG |    0 |     0 |          0 |         1 |  0.00 |
| STARTUPE3   |    0 |     0 |          0 |         1 |  0.00 |
+-------------+------+-------+------------+-----------+-------+


9. Primitives
-------------

+----------+-------+---------------------+
| Ref Name |  Used | Functional Category |
+----------+-------+---------------------+
| FDRE     | 58272 |            Register |
| LUT6     | 19258 |                 CLB |
| LUT3     | 12134 |                 CLB |
| LUT2     |  7601 |                 CLB |
| LUT5     |  5379 |                 CLB |
| MUXF7    |  4377 |                 CLB |
| LUT4     |  4169 |                 CLB |
| CARRY8   |  2224 |                 CLB |
| MUXF8    |  1962 |                 CLB |
| SRL16E   |  1357 |                 CLB |
| LUT1     |  1148 |                 CLB |
| SRLC32E  |   622 |                 CLB |
| FDSE     |   467 |            Register |
| DSP48E2  |   264 |          Arithmetic |
| RAMD64E  |   256 |                 CLB |
| RAMB18E2 |    54 |            BLOCKRAM |
| RAMB36E2 |    13 |            BLOCKRAM |
| BUFGCE   |    13 |               Clock |
+----------+-------+---------------------+


10. Black Boxes
---------------

+----------+------+
| Ref Name | Used |
+----------+------+


11. Instantiated Netlists
-------------------------

+-----------------+------+
|     Ref Name    | Used |
+-----------------+------+
| bd_0_hls_inst_0 |    1 |
+-----------------+------+


