
*** Running vivado
    with args -log bd_0_wrapper.vdi -applog -m64 -product Vivado -messageDb vivado.pb -mode batch -source bd_0_wrapper.tcl -notrace


****** Vivado v2025.1.1 (64-bit)
  **** SW Build 6233196 on Thu Sep 11 21:27:11 MDT 2025
  **** IP Build 6232796 on Fri Sep 12 01:46:16 MDT 2025
  **** SharedData Build 6233195 on Thu Sep 11 17:56:43 MDT 2025
  **** Start of session at: Thu Apr  9 01:43:37 2026
    ** Copyright 1986-2022 Xilinx, Inc. All Rights Reserved.
    ** Copyright 2022-2025 Advanced Micro Devices, Inc. All Rights Reserved.

source bd_0_wrapper.tcl -notrace
INFO: Dispatch client connection id - 37363
Command: open_checkpoint /nethome/asandeep6/FPGA_ECE8893/2026_Spring/lab4/project_1/hls/impl/verilog/project.runs/impl_1/bd_0_wrapper.dcp
INFO: [Device 21-403] Loading part xczu3eg-sbva484-1-e
Netlist sorting complete. Time (s): cpu = 00:00:01 ; elapsed = 00:00:01 . Memory (MB): peak = 2770.215 ; gain = 0.000 ; free physical = 284241 ; free virtual = 355726
INFO: [Netlist 29-17] Analyzing 8443 Unisim elements for replacement
INFO: [Netlist 29-28] Unisim Transformation completed in 2 CPU seconds
INFO: [Project 1-479] Netlist was created with Vivado 2025.1.1
INFO: [Project 1-570] Preparing netlist for logic optimization
Read ShapeDB Complete: Time (s): cpu = 00:00:00.23 ; elapsed = 00:00:00.25 . Memory (MB): peak = 2839.723 ; gain = 17.617 ; free physical = 283739 ; free virtual = 355359
INFO: [Timing 38-478] Restoring timing data from binary archive.
INFO: [Timing 38-479] Binary timing data restore complete.
INFO: [Project 1-856] Restoring constraints from binary archive.
INFO: [Project 1-853] Binary constraint restore complete.
Netlist sorting complete. Time (s): cpu = 00:00:00.03 ; elapsed = 00:00:00.04 . Memory (MB): peak = 3816.609 ; gain = 0.000 ; free physical = 280090 ; free virtual = 351898
INFO: [Project 1-111] Unisim Transformation Summary:
  A total of 228 instances were transformed.
  DSP48E1 => DSP48E2 (DSP_ALU, DSP_A_B_DATA, DSP_C_DATA, DSP_MULTIPLIER, DSP_M_DATA, DSP_OUTPUT, DSP_PREADD, DSP_PREADD_DATA): 122 instances
  DSP48E2 => DSP48E2 (DSP_ALU, DSP_A_B_DATA, DSP_C_DATA, DSP_MULTIPLIER, DSP_M_DATA, DSP_OUTPUT, DSP_PREADD, DSP_PREADD_DATA): 86 instances
  RAM64M8 => RAM64M8 (RAMD64E(x8)): 20 instances

INFO: [Project 1-604] Checkpoint was created with Vivado v2025.1.1 (64-bit) build 6233196
open_checkpoint: Time (s): cpu = 00:01:07 ; elapsed = 00:00:54 . Memory (MB): peak = 3816.645 ; gain = 2092.520 ; free physical = 280079 ; free virtual = 351898
INFO: [IP_Flow 19-234] Refreshing IP repositories
INFO: [IP_Flow 19-1700] Loaded user IP repository '/nethome/asandeep6/FPGA_ECE8893/2026_Spring/lab4/project_1/hls/impl/ip'.
INFO: [IP_Flow 19-2313] Loaded Vivado IP repository '/tools/software/xilinx/2025.1.1/data/ip'.
Command: opt_design
Attempting to get a license for feature 'Implementation' and/or device 'xczu3eg'
INFO: [Common 17-349] Got license for feature 'Implementation' and/or device 'xczu3eg'
Running DRC as a precondition to command opt_design

Starting DRC Task
INFO: [DRC 23-27] Running DRC with 8 threads
WARNING: [DRC 23-814] Not all possible (connectivity based) DRCs may have been run because this design is seen as Out of Context.
INFO: [Project 1-461] DRC finished with 0 Errors
INFO: [Project 1-462] Please refer to the DRC report (report_drc) for more information.

Time (s): cpu = 00:00:05 ; elapsed = 00:00:01 . Memory (MB): peak = 3971.445 ; gain = 154.801 ; free physical = 279836 ; free virtual = 351652

Starting Cache Timing Information Task
Ending Cache Timing Information Task | Checksum: 1904c23e2

Time (s): cpu = 00:00:01 ; elapsed = 00:00:01 . Memory (MB): peak = 3971.445 ; gain = 0.000 ; free physical = 279507 ; free virtual = 351322

Starting Logic Optimization Task

Phase 1 Initialization

Phase 1.1 Core Generation And Design Setup
Phase 1.1 Core Generation And Design Setup | Checksum: 1904c23e2

Time (s): cpu = 00:00:00.22 ; elapsed = 00:00:00.24 . Memory (MB): peak = 4250.344 ; gain = 0.000 ; free physical = 278824 ; free virtual = 350652

Phase 1.2 Setup Constraints And Sort Netlist
Phase 1.2 Setup Constraints And Sort Netlist | Checksum: 1904c23e2

Time (s): cpu = 00:00:00.3 ; elapsed = 00:00:00.33 . Memory (MB): peak = 4250.344 ; gain = 0.000 ; free physical = 278815 ; free virtual = 350643
Phase 1 Initialization | Checksum: 1904c23e2

Time (s): cpu = 00:00:00.32 ; elapsed = 00:00:00.34 . Memory (MB): peak = 4250.344 ; gain = 0.000 ; free physical = 278814 ; free virtual = 350642

Phase 2 Timer Update And Timing Data Collection

Phase 2.1 Timer Update
Phase 2.1 Timer Update | Checksum: 1904c23e2

Time (s): cpu = 00:00:11 ; elapsed = 00:00:03 . Memory (MB): peak = 4250.344 ; gain = 0.000 ; free physical = 278332 ; free virtual = 350149

Phase 2.2 Timing Data Collection
Phase 2.2 Timing Data Collection | Checksum: 1904c23e2

Time (s): cpu = 00:00:12 ; elapsed = 00:00:04 . Memory (MB): peak = 4250.344 ; gain = 0.000 ; free physical = 278297 ; free virtual = 350114
Phase 2 Timer Update And Timing Data Collection | Checksum: 1904c23e2

Time (s): cpu = 00:00:12 ; elapsed = 00:00:04 . Memory (MB): peak = 4250.344 ; gain = 0.000 ; free physical = 278297 ; free virtual = 350114

Phase 3 Retarget
INFO: [Opt 31-1851] Number of loadless carry chains removed were: 0
INFO: [Opt 31-1834] Total Chains To Be Transformed Were: 0 AND Number of Transformed insts Created are: 0
INFO: [Opt 31-1566] Pulled 1 inverters resulting in an inversion of 2 pins
INFO: [Opt 31-138] Pushed 27 inverter(s) to 3516 load pin(s).
INFO: [Opt 31-49] Retargeted 0 cell(s).
Phase 3 Retarget | Checksum: 17dad88d6

Time (s): cpu = 00:00:15 ; elapsed = 00:00:07 . Memory (MB): peak = 4306.371 ; gain = 56.027 ; free physical = 278212 ; free virtual = 350030
Retarget | Checksum: 17dad88d6
INFO: [Opt 31-389] Phase Retarget created 966 cells and removed 1166 cells

Phase 4 Constant propagation
INFO: [Opt 31-138] Pushed 5 inverter(s) to 5 load pin(s).
Phase 4 Constant propagation | Checksum: 1c64d0504

Time (s): cpu = 00:00:17 ; elapsed = 00:00:09 . Memory (MB): peak = 4306.371 ; gain = 56.027 ; free physical = 278132 ; free virtual = 349949
Constant propagation | Checksum: 1c64d0504
INFO: [Opt 31-389] Phase Constant propagation created 479 cells and removed 2243 cells

Phase 5 Sweep
INFO: [Constraints 18-11670] Building netlist checker database with flags, 0x8
Done building netlist checker database: Time (s): cpu = 00:00:00.07 ; elapsed = 00:00:00.08 . Memory (MB): peak = 4306.371 ; gain = 0.000 ; free physical = 278083 ; free virtual = 349901
INFO: [Constraints 18-11670] Building netlist checker database with flags, 0x8
Done building netlist checker database: Time (s): cpu = 00:00:00.07 ; elapsed = 00:00:00.08 . Memory (MB): peak = 4306.371 ; gain = 0.000 ; free physical = 277873 ; free virtual = 349691
Phase 5 Sweep | Checksum: 12f0a9173

Time (s): cpu = 00:00:20 ; elapsed = 00:00:12 . Memory (MB): peak = 4306.371 ; gain = 56.027 ; free physical = 277829 ; free virtual = 349647
Sweep | Checksum: 12f0a9173
INFO: [Opt 31-389] Phase Sweep created 0 cells and removed 754 cells

Phase 6 BUFG optimization
INFO: [Opt 31-1077] Phase BUFG optimization inserted 0 global clock buffer(s) for CLOCK_LOW_FANOUT.
Phase 6 BUFG optimization | Checksum: 12f0a9173

Time (s): cpu = 00:00:21 ; elapsed = 00:00:13 . Memory (MB): peak = 4338.387 ; gain = 88.043 ; free physical = 277829 ; free virtual = 349647
BUFG optimization | Checksum: 12f0a9173
INFO: [Opt 31-662] Phase BUFG optimization created 0 cells of which 0 are BUFGs and removed 0 cells.

Phase 7 Shift Register Optimization
INFO: [Opt 31-1064] SRL Remap converted 0 SRLs to 0 registers and converted 0 registers of register chains to 0 SRLs
Phase 7 Shift Register Optimization | Checksum: 18672ea9d

Time (s): cpu = 00:00:21 ; elapsed = 00:00:13 . Memory (MB): peak = 4338.387 ; gain = 88.043 ; free physical = 277798 ; free virtual = 349616
Shift Register Optimization | Checksum: 18672ea9d
INFO: [Opt 31-389] Phase Shift Register Optimization created 6 cells and removed 0 cells

Phase 8 Post Processing Netlist
Phase 8 Post Processing Netlist | Checksum: 18672ea9d

Time (s): cpu = 00:00:22 ; elapsed = 00:00:14 . Memory (MB): peak = 4338.387 ; gain = 88.043 ; free physical = 277558 ; free virtual = 349381
Post Processing Netlist | Checksum: 18672ea9d
INFO: [Opt 31-389] Phase Post Processing Netlist created 0 cells and removed 0 cells

Phase 9 Finalization

Phase 9.1 Finalizing Design Cores and Updating Shapes
Phase 9.1 Finalizing Design Cores and Updating Shapes | Checksum: 87eda8ed

Time (s): cpu = 00:00:26 ; elapsed = 00:00:18 . Memory (MB): peak = 4338.387 ; gain = 88.043 ; free physical = 276634 ; free virtual = 348472

Phase 9.2 Verifying Netlist Connectivity

Starting Connectivity Check Task

Time (s): cpu = 00:00:00.18 ; elapsed = 00:00:00.18 . Memory (MB): peak = 4338.387 ; gain = 0.000 ; free physical = 276637 ; free virtual = 348475
Phase 9.2 Verifying Netlist Connectivity | Checksum: 87eda8ed

Time (s): cpu = 00:00:26 ; elapsed = 00:00:18 . Memory (MB): peak = 4338.387 ; gain = 88.043 ; free physical = 276639 ; free virtual = 348477
Phase 9 Finalization | Checksum: 87eda8ed

Time (s): cpu = 00:00:26 ; elapsed = 00:00:18 . Memory (MB): peak = 4338.387 ; gain = 88.043 ; free physical = 276642 ; free virtual = 348480
Opt_design Change Summary
=========================


-------------------------------------------------------------------------------------------------------------------------
|  Phase                        |  #Cells created  |  #Cells Removed  |  #Constrained objects preventing optimizations  |
-------------------------------------------------------------------------------------------------------------------------
|  Retarget                     |             966  |            1166  |                                              0  |
|  Constant propagation         |             479  |            2243  |                                              0  |
|  Sweep                        |               0  |             754  |                                              0  |
|  BUFG optimization            |               0  |               0  |                                              0  |
|  Shift Register Optimization  |               6  |               0  |                                              0  |
|  Post Processing Netlist      |               0  |               0  |                                              0  |
-------------------------------------------------------------------------------------------------------------------------


Ending Logic Optimization Task | Checksum: 87eda8ed

Time (s): cpu = 00:00:26 ; elapsed = 00:00:18 . Memory (MB): peak = 4338.387 ; gain = 88.043 ; free physical = 276645 ; free virtual = 348483

Starting Power Optimization Task
INFO: [Pwropt 34-132] Skipping clock gating for clocks with a period < 2.00 ns.
INFO: [Pwropt 34-9] Applying IDT optimizations ...
INFO: [Pwropt 34-10] Applying ODC optimizations ...
INFO: [Timing 38-35] Done setting XDC timing constraints.
Running Vector-less Activity Propagation...

Finished Running Vector-less Activity Propagation


Starting PowerOpt Patch Enables Task
INFO: [Pwropt 34-162] WRITE_MODE attribute of 0 BRAM(s) out of a total of 31 has been updated to save power. Run report_power_opt to get a complete listing of the BRAMs updated.
INFO: [Pwropt 34-201] Structural ODC has moved 0 WE to EN ports
Number of BRAM Ports augmented: 0 newly gated: 3 Total Ports: 62
Ending PowerOpt Patch Enables Task | Checksum: 1637d41f8

Time (s): cpu = 00:00:00.85 ; elapsed = 00:00:00.93 . Memory (MB): peak = 5074.879 ; gain = 0.000 ; free physical = 276466 ; free virtual = 348347
Ending Power Optimization Task | Checksum: 1637d41f8

Time (s): cpu = 00:01:15 ; elapsed = 00:00:21 . Memory (MB): peak = 5074.879 ; gain = 736.492 ; free physical = 276348 ; free virtual = 348229

Starting Final Cleanup Task
Ending Final Cleanup Task | Checksum: 1637d41f8

Time (s): cpu = 00:00:00.01 ; elapsed = 00:00:00.01 . Memory (MB): peak = 5074.879 ; gain = 0.000 ; free physical = 276344 ; free virtual = 348225

Starting Netlist Obfuscation Task
Netlist sorting complete. Time (s): cpu = 00:00:00.04 ; elapsed = 00:00:00.04 . Memory (MB): peak = 5074.879 ; gain = 0.000 ; free physical = 276321 ; free virtual = 348202
Ending Netlist Obfuscation Task | Checksum: eff12c62

Time (s): cpu = 00:00:00.06 ; elapsed = 00:00:00.07 . Memory (MB): peak = 5074.879 ; gain = 0.000 ; free physical = 276315 ; free virtual = 348197
INFO: [Common 17-83] Releasing license: Implementation
41 Infos, 1 Warnings, 0 Critical Warnings and 0 Errors encountered.
opt_design completed successfully
opt_design: Time (s): cpu = 00:01:51 ; elapsed = 00:00:46 . Memory (MB): peak = 5074.879 ; gain = 1258.234 ; free physical = 276287 ; free virtual = 348173
INFO: [Vivado 12-24828] Executing command : report_drc -file bd_0_wrapper_drc_opted.rpt -pb bd_0_wrapper_drc_opted.pb -rpx bd_0_wrapper_drc_opted.rpx
Command: report_drc -file bd_0_wrapper_drc_opted.rpt -pb bd_0_wrapper_drc_opted.pb -rpx bd_0_wrapper_drc_opted.rpx
INFO: [IP_Flow 19-1839] IP Catalog is up to date.
INFO: [DRC 23-27] Running DRC with 8 threads
WARNING: [DRC 23-814] Not all possible (connectivity based) DRCs may have been run because this design is seen as Out of Context.
INFO: [Vivado_Tcl 2-168] The results of DRC are in file /nethome/asandeep6/FPGA_ECE8893/2026_Spring/lab4/project_1/hls/impl/verilog/project.runs/impl_1/bd_0_wrapper_drc_opted.rpt.
report_drc completed successfully
report_drc: Time (s): cpu = 00:00:19 ; elapsed = 00:00:06 . Memory (MB): peak = 5074.879 ; gain = 0.000 ; free physical = 273204 ; free virtual = 345093
generate_parallel_reports: Time (s): cpu = 00:00:19 ; elapsed = 00:00:06 . Memory (MB): peak = 5074.879 ; gain = 0.000 ; free physical = 273203 ; free virtual = 345093
INFO: [Timing 38-35] Done setting XDC timing constraints.
INFO: [Timing 38-480] Writing timing data to binary archive.
Write ShapeDB Complete: Time (s): cpu = 00:00:01 ; elapsed = 00:00:00.3 . Memory (MB): peak = 5074.879 ; gain = 0.000 ; free physical = 276585 ; free virtual = 348510
INFO: [Common 17-1381] The checkpoint '/nethome/asandeep6/FPGA_ECE8893/2026_Spring/lab4/project_1/hls/impl/verilog/project.runs/impl_1/bd_0_wrapper_opt.dcp' has been generated.
write_checkpoint: Time (s): cpu = 00:00:48 ; elapsed = 00:00:18 . Memory (MB): peak = 5074.879 ; gain = 0.000 ; free physical = 276111 ; free virtual = 348065
Command: place_design
Attempting to get a license for feature 'Implementation' and/or device 'xczu3eg'
INFO: [Common 17-349] Got license for feature 'Implementation' and/or device 'xczu3eg'
INFO: [Common 17-83] Releasing license: Implementation
INFO: [DRC 23-27] Running DRC with 8 threads
WARNING: [DRC 23-814] Not all possible (connectivity based) DRCs may have been run because this design is seen as Out of Context.
INFO: [Vivado_Tcl 4-198] DRC finished with 0 Errors
INFO: [Vivado_Tcl 4-199] Please refer to the DRC report (report_drc) for more information.
Running DRC as a precondition to command place_design
INFO: [DRC 23-27] Running DRC with 8 threads
WARNING: [DRC 23-814] Not all possible (connectivity based) DRCs may have been run because this design is seen as Out of Context.
INFO: [Vivado_Tcl 4-198] DRC finished with 0 Errors
INFO: [Vivado_Tcl 4-199] Please refer to the DRC report (report_drc) for more information.
INFO: [Place 30-611] Multithreading enabled for place_design using a maximum of 8 CPUs

Starting Placer Task

Phase 1 Placer Initialization

Phase 1.1 Placer Initialization Netlist Sorting
Netlist sorting complete. Time (s): cpu = 00:00:00.04 ; elapsed = 00:00:00.04 . Memory (MB): peak = 5074.879 ; gain = 0.000 ; free physical = 275983 ; free virtual = 347937
Phase 1.1 Placer Initialization Netlist Sorting | Checksum: 75b81c7a

Time (s): cpu = 00:00:00.13 ; elapsed = 00:00:00.14 . Memory (MB): peak = 5074.879 ; gain = 0.000 ; free physical = 275971 ; free virtual = 347925
Netlist sorting complete. Time (s): cpu = 00:00:00.04 ; elapsed = 00:00:00.04 . Memory (MB): peak = 5074.879 ; gain = 0.000 ; free physical = 276001 ; free virtual = 347955

Phase 1.2 IO Placement/ Clock Placement/ Build Placer Device
Phase 1.2 IO Placement/ Clock Placement/ Build Placer Device | Checksum: 80ba8b34

Time (s): cpu = 00:00:34 ; elapsed = 00:00:28 . Memory (MB): peak = 5341.250 ; gain = 266.371 ; free physical = 274357 ; free virtual = 346273

Phase 1.3 Build Placer Netlist Model
Phase 1.3 Build Placer Netlist Model | Checksum: 1249f4162

Time (s): cpu = 00:01:32 ; elapsed = 00:00:53 . Memory (MB): peak = 5373.266 ; gain = 298.387 ; free physical = 273831 ; free virtual = 345742

Phase 1.4 Constrain Clocks/Macros
Phase 1.4 Constrain Clocks/Macros | Checksum: 1249f4162

Time (s): cpu = 00:01:32 ; elapsed = 00:00:53 . Memory (MB): peak = 5373.266 ; gain = 298.387 ; free physical = 273831 ; free virtual = 345742
Phase 1 Placer Initialization | Checksum: 1249f4162

Time (s): cpu = 00:01:32 ; elapsed = 00:00:53 . Memory (MB): peak = 5373.266 ; gain = 298.387 ; free physical = 273820 ; free virtual = 345730

Phase 2 Global Placement

Phase 2.1 Floorplanning

Phase 2.1.1 Partition Driven Placement

Phase 2.1.1.1 PBP: Partition Driven Placement
Phase 2.1.1.1 PBP: Partition Driven Placement | Checksum: 164a32a37

Time (s): cpu = 00:03:02 ; elapsed = 00:01:27 . Memory (MB): peak = 5373.266 ; gain = 298.387 ; free physical = 283468 ; free virtual = 355370

Phase 2.1.1.2 PBP: Clock Region Placement
INFO: [Place 30-3164] Check ILP status : ILP-based clock placer is skipped.
Phase 2.1.1.2 PBP: Clock Region Placement | Checksum: 164a32a37

Time (s): cpu = 00:03:02 ; elapsed = 00:01:28 . Memory (MB): peak = 5373.266 ; gain = 298.387 ; free physical = 283452 ; free virtual = 355355

Phase 2.1.1.3 PBP: Discrete Incremental
Phase 2.1.1.3 PBP: Discrete Incremental | Checksum: 8e3f62af

Time (s): cpu = 00:03:03 ; elapsed = 00:01:28 . Memory (MB): peak = 5373.266 ; gain = 298.387 ; free physical = 283424 ; free virtual = 355327

Phase 2.1.1.4 PBP: Compute Congestion
Phase 2.1.1.4 PBP: Compute Congestion | Checksum: 8e3f62af

Time (s): cpu = 00:03:21 ; elapsed = 00:01:33 . Memory (MB): peak = 5654.250 ; gain = 579.371 ; free physical = 283037 ; free virtual = 354940

Phase 2.1.1.5 PBP: Macro Placement
Phase 2.1.1.5 PBP: Macro Placement | Checksum: 1ef31f423

Time (s): cpu = 00:03:24 ; elapsed = 00:01:36 . Memory (MB): peak = 5654.250 ; gain = 579.371 ; free physical = 282964 ; free virtual = 354867

Phase 2.1.1.6 PBP: UpdateTiming
Phase 2.1.1.6 PBP: UpdateTiming | Checksum: 1bcc05466

Time (s): cpu = 00:03:34 ; elapsed = 00:01:40 . Memory (MB): peak = 5686.266 ; gain = 611.387 ; free physical = 282913 ; free virtual = 354816

Phase 2.1.1.7 PBP: Add part constraints
Phase 2.1.1.7 PBP: Add part constraints | Checksum: 1bcc05466

Time (s): cpu = 00:03:35 ; elapsed = 00:01:40 . Memory (MB): peak = 5686.266 ; gain = 611.387 ; free physical = 282913 ; free virtual = 354817
Phase 2.1.1 Partition Driven Placement | Checksum: 1bcc05466

Time (s): cpu = 00:03:35 ; elapsed = 00:01:40 . Memory (MB): peak = 5686.266 ; gain = 611.387 ; free physical = 282915 ; free virtual = 354818
Phase 2.1 Floorplanning | Checksum: 1bcc05466

Time (s): cpu = 00:03:35 ; elapsed = 00:01:40 . Memory (MB): peak = 5686.266 ; gain = 611.387 ; free physical = 282916 ; free virtual = 354819

Phase 2.2 Update Timing before SLR Path Opt
Phase 2.2 Update Timing before SLR Path Opt | Checksum: 1bcc05466

Time (s): cpu = 00:03:36 ; elapsed = 00:01:40 . Memory (MB): peak = 5686.266 ; gain = 611.387 ; free physical = 282915 ; free virtual = 354818

Phase 2.3 Post-Processing in Floorplanning
Phase 2.3 Post-Processing in Floorplanning | Checksum: 20ea7d2d4

Time (s): cpu = 00:03:36 ; elapsed = 00:01:41 . Memory (MB): peak = 5686.266 ; gain = 611.387 ; free physical = 282910 ; free virtual = 354813

Phase 2.4 Global Place Phase1
Phase 2.4 Global Place Phase1 | Checksum: 222c497c2

Time (s): cpu = 00:07:44 ; elapsed = 00:03:12 . Memory (MB): peak = 5801.266 ; gain = 726.387 ; free physical = 281124 ; free virtual = 353225

Phase 2.5 Global Place Phase2

Phase 2.5.1 UpdateTiming Before Physical Synthesis
Phase 2.5.1 UpdateTiming Before Physical Synthesis | Checksum: 2269e4494

Time (s): cpu = 00:07:56 ; elapsed = 00:03:15 . Memory (MB): peak = 5801.266 ; gain = 726.387 ; free physical = 281251 ; free virtual = 353353

Phase 2.5.2 Physical Synthesis In Placer
INFO: [Physopt 32-1035] Found 1 LUTNM shape to break, 2054 LUT instances to create LUTNM shape
INFO: [Physopt 32-1044] Break lutnm for timing: one critical 1, two critical 0, total 1, new lutff created 0
INFO: [Physopt 32-1138] End 1 Pass. Optimized 801 nets or LUTs. Breaked 1 LUT, combined 800 existing LUTs and moved 0 existing LUT
INFO: [Physopt 32-1030] Pass 1. Identified 124 candidate driver sets for equivalent driver rewiring.
INFO: [Physopt 32-661] Optimized 51 nets.  Re-placed 244 instances.
INFO: [Physopt 32-775] End 1 Pass. Optimized 51 nets or cells. Created 0 new cell, deleted 0 existing cell and moved 244 existing cells
Netlist sorting complete. Time (s): cpu = 00:00:00.32 ; elapsed = 00:00:00.33 . Memory (MB): peak = 5801.266 ; gain = 0.000 ; free physical = 281157 ; free virtual = 353279
INFO: [Physopt 32-1408] Pass 1. Identified 6 candidate nets for high-fanout optimization.
INFO: [Physopt 32-81] Processed net bd_0_i/hls_inst/inst/grp_top_kernel_Pipeline_K2_Build_Hist_VITIS_LOOP_44_3_fu_2314/bin_2_reg_12297[2]. Replicated 6 times.
INFO: [Physopt 32-81] Processed net bd_0_i/hls_inst/inst/grp_top_kernel_Pipeline_K4_Bilateral_VITIS_LOOP_100_9_fu_3408/ap_CS_fsm_pp0_stage1. Replicated 12 times.
INFO: [Physopt 32-81] Processed net bd_0_i/hls_inst/inst/grp_top_kernel_Pipeline_K4_Bilateral_VITIS_LOOP_100_9_fu_3408/ap_CS_fsm_pp0_stage0. Replicated 19 times.
INFO: [Physopt 32-81] Processed net bd_0_i/hls_inst/inst/grp_top_kernel_Pipeline_K3_Gaussian_VITIS_LOOP_86_6_fu_3378/ap_CS_fsm_pp0_stage1. Replicated 13 times.
INFO: [Physopt 32-81] Processed net bd_0_i/hls_inst/inst/fdiv_32ns_32ns_32_30_no_dsp_1_U1271/aclken. Replicated 20 times.
INFO: [Physopt 32-81] Processed net bd_0_i/hls_inst/inst/grp_top_kernel_Pipeline_K3_Gaussian_VITIS_LOOP_86_6_fu_3378/Q[0]. Replicated 13 times.
INFO: [Physopt 32-232] Optimized 6 nets. Created 83 new instances.
INFO: [Physopt 32-775] End 1 Pass. Optimized 6 nets or cells. Created 83 new cells, deleted 0 existing cell and moved 0 existing cell
Netlist sorting complete. Time (s): cpu = 00:00:00.5 ; elapsed = 00:00:00.52 . Memory (MB): peak = 5801.266 ; gain = 0.000 ; free physical = 280820 ; free virtual = 352978
INFO: [Physopt 32-456] No candidate cells for DSP register optimization found in the design.
INFO: [Physopt 32-775] End 2 Pass. Optimized 0 net or cell. Created 0 new cell, deleted 0 existing cell and moved 0 existing cell
INFO: [Physopt 32-1123] No candidate cells found for Shift Register to Pipeline optimization
INFO: [Physopt 32-775] End 2 Pass. Optimized 0 net or cell. Created 0 new cell, deleted 0 existing cell and moved 0 existing cell
INFO: [Physopt 32-1401] No candidate cells found for Shift Register optimization.
INFO: [Physopt 32-677] No candidate cells for Shift Register optimization found in the design
INFO: [Physopt 32-775] End 1 Pass. Optimized 0 net or cell. Created 0 new cell, deleted 0 existing cell and moved 0 existing cell
INFO: [Physopt 32-526] No candidate cells for BRAM register optimization found in the design
INFO: [Physopt 32-775] End 1 Pass. Optimized 0 net or cell. Created 0 new cell, deleted 0 existing cell and moved 0 existing cell
INFO: [Physopt 32-846] No candidate cells for URAM register optimization found in the design
INFO: [Physopt 32-775] End 1 Pass. Optimized 0 net or cell. Created 0 new cell, deleted 0 existing cell and moved 0 existing cell
INFO: [Physopt 32-846] No candidate cells for URAM register optimization found in the design
INFO: [Physopt 32-775] End 1 Pass. Optimized 0 net or cell. Created 0 new cell, deleted 0 existing cell and moved 0 existing cell
INFO: [Physopt 32-949] No candidate nets found for dynamic/static region interface net replication
INFO: [Physopt 32-775] End 1 Pass. Optimized 0 net or cell. Created 0 new cell, deleted 0 existing cell and moved 0 existing cell
Netlist sorting complete. Time (s): cpu = 00:00:00.04 ; elapsed = 00:00:00.05 . Memory (MB): peak = 5801.266 ; gain = 0.000 ; free physical = 280753 ; free virtual = 352920

Summary of Physical Synthesis Optimizations
============================================


-----------------------------------------------------------------------------------------------------------------------------------------------------------
|  Optimization                                     |  Added Cells  |  Removed Cells  |  Optimized Cells/Nets  |  Dont Touch  |  Iterations  |  Elapsed   |
-----------------------------------------------------------------------------------------------------------------------------------------------------------
|  LUT Combining                                    |            1  |            800  |                   801  |           0  |           1  |  00:00:02  |
|  Retime                                           |            0  |              0  |                     0  |           0  |           1  |  00:00:00  |
|  Equivalent Driver Rewiring                       |            0  |              0  |                    51  |           0  |           1  |  00:00:04  |
|  Very High Fanout                                 |           83  |              0  |                     6  |           0  |           1  |  00:00:04  |
|  DSP Register                                     |            0  |              0  |                     0  |           0  |           1  |  00:00:00  |
|  Shift Register to Pipeline                       |            0  |              0  |                     0  |           0  |           1  |  00:00:00  |
|  Shift Register                                   |            0  |              0  |                     0  |           0  |           1  |  00:00:00  |
|  BRAM Register                                    |            0  |              0  |                     0  |           0  |           1  |  00:00:00  |
|  URAM Register                                    |            0  |              0  |                     0  |           0  |           1  |  00:00:00  |
|  Dynamic/Static Region Interface Net Replication  |            0  |              0  |                     0  |           0  |           1  |  00:00:00  |
|  Total                                            |           84  |            800  |                   858  |           0  |          10  |  00:00:12  |
-----------------------------------------------------------------------------------------------------------------------------------------------------------


Phase 2.5.2 Physical Synthesis In Placer | Checksum: 1218ef211

Time (s): cpu = 00:08:20 ; elapsed = 00:03:35 . Memory (MB): peak = 5801.266 ; gain = 726.387 ; free physical = 281971 ; free virtual = 354216
Phase 2.5 Global Place Phase2 | Checksum: 124f71fde

Time (s): cpu = 00:09:25 ; elapsed = 00:03:57 . Memory (MB): peak = 5801.266 ; gain = 726.387 ; free physical = 281914 ; free virtual = 354185
Phase 2 Global Placement | Checksum: 124f71fde

Time (s): cpu = 00:09:26 ; elapsed = 00:03:57 . Memory (MB): peak = 5801.266 ; gain = 726.387 ; free physical = 281912 ; free virtual = 354182

Phase 3 Detail Placement

Phase 3.1 Commit Multi Column Macros
Phase 3.1 Commit Multi Column Macros | Checksum: 1841ee223

Time (s): cpu = 00:09:53 ; elapsed = 00:04:05 . Memory (MB): peak = 5801.266 ; gain = 726.387 ; free physical = 284320 ; free virtual = 356590

Phase 3.2 Commit Most Macros & LUTRAMs
Phase 3.2 Commit Most Macros & LUTRAMs | Checksum: f1a13c26

Time (s): cpu = 00:10:14 ; elapsed = 00:04:17 . Memory (MB): peak = 5801.266 ; gain = 726.387 ; free physical = 285056 ; free virtual = 357383

Phase 3.3 Small Shape DP

Phase 3.3.1 Small Shape Clustering
Phase 3.3.1 Small Shape Clustering | Checksum: 100731de2

Time (s): cpu = 00:11:48 ; elapsed = 00:04:46 . Memory (MB): peak = 5801.266 ; gain = 726.387 ; free physical = 283453 ; free virtual = 355826

Phase 3.3.2 Slice Area Swap

Phase 3.3.2.1 Slice Area Swap Initial
Phase 3.3.2.1 Slice Area Swap Initial | Checksum: 150cd8ab4

Time (s): cpu = 00:12:05 ; elapsed = 00:05:00 . Memory (MB): peak = 5801.266 ; gain = 726.387 ; free physical = 282675 ; free virtual = 355050
Phase 3.3.2 Slice Area Swap | Checksum: 150cd8ab4

Time (s): cpu = 00:12:06 ; elapsed = 00:05:00 . Memory (MB): peak = 5801.266 ; gain = 726.387 ; free physical = 282657 ; free virtual = 355032
Phase 3.3 Small Shape DP | Checksum: 1fa3d7be8

Time (s): cpu = 00:12:42 ; elapsed = 00:05:11 . Memory (MB): peak = 5801.266 ; gain = 726.387 ; free physical = 281985 ; free virtual = 354371

Phase 3.4 Re-assign LUT pins
Phase 3.4 Re-assign LUT pins | Checksum: 139d039ce

Time (s): cpu = 00:12:47 ; elapsed = 00:05:15 . Memory (MB): peak = 5801.266 ; gain = 726.387 ; free physical = 281786 ; free virtual = 354200

Phase 3.5 Pipeline Register Optimization
Phase 3.5 Pipeline Register Optimization | Checksum: d687a62d

Time (s): cpu = 00:12:49 ; elapsed = 00:05:16 . Memory (MB): peak = 5801.266 ; gain = 726.387 ; free physical = 281798 ; free virtual = 354173

Phase 3.6 Fast Optimization
Phase 3.6 Fast Optimization | Checksum: 1461a67fa

Time (s): cpu = 00:13:52 ; elapsed = 00:05:30 . Memory (MB): peak = 5801.266 ; gain = 726.387 ; free physical = 281835 ; free virtual = 354210
Phase 3 Detail Placement | Checksum: 1461a67fa

Time (s): cpu = 00:13:53 ; elapsed = 00:05:30 . Memory (MB): peak = 5801.266 ; gain = 726.387 ; free physical = 281834 ; free virtual = 354208

Phase 4 Post Placement Optimization and Clean-Up

Phase 4.1 Post Commit Optimization
INFO: [Timing 38-35] Done setting XDC timing constraints.

Phase 4.1.1 Post Placement Optimization
Post Placement Optimization Initialization | Checksum: 13ff4233a

Phase 4.1.1.1 BUFG Insertion

Starting Physical Synthesis Task

Phase 1 Physical Synthesis Initialization
INFO: [Physopt 32-721] Multithreading enabled for phys_opt_design using a maximum of 8 CPUs
INFO: [Physopt 32-619] Estimated Timing Summary | WNS=-0.288 | TNS=-59.353 |
Phase 1 Physical Synthesis Initialization | Checksum: 1edb700b3

Time (s): cpu = 00:00:08 ; elapsed = 00:00:02 . Memory (MB): peak = 5801.266 ; gain = 0.000 ; free physical = 287002 ; free virtual = 359388
INFO: [Place 30-3162] Check ILP status : ILP-based clock placer completed successfully.
INFO: [Place 30-3162] Check ILP status : ILP-based clock placer completed successfully.
INFO: [Place 46-35] Processed net bd_0_i/hls_inst/inst/grp_top_kernel_Pipeline_K2_Build_Hist_VITIS_LOOP_44_3_fu_2314/flow_control_loop_pipe_sequential_init_U/ap_loop_init, inserted BUFG to drive 8192 loads.
INFO: [Place 46-34] Processed net bd_0_i/hls_inst/inst/grp_top_kernel_Pipeline_K5_Dilation_VITIS_LOOP_160_18_fu_3444/flow_control_loop_pipe_sequential_init_U/E[0], BUFG insertion was skipped due to possible timing degradation.
INFO: [Place 46-35] Processed net bd_0_i/hls_inst/inst/fdiv_32ns_32ns_32_30_no_dsp_1_U1269/ce_r, inserted BUFG to drive 1411 loads.
INFO: [Place 46-45] Replicated bufg driver bd_0_i/hls_inst/inst/fdiv_32ns_32ns_32_30_no_dsp_1_U1269/ce_r_reg_replica
INFO: [Place 46-56] BUFG insertion identified 3 candidate nets. Inserted BUFG: 2, Replicated BUFG Driver: 1, Skipped due to Placement/Routing Conflicts: 0, Skipped due to Timing Degradation: 1, Skipped due to netlist editing failed: 0.
Ending Physical Synthesis Task | Checksum: 1f3de6eb6

Time (s): cpu = 00:00:17 ; elapsed = 00:00:06 . Memory (MB): peak = 5801.266 ; gain = 0.000 ; free physical = 286986 ; free virtual = 359382
Phase 4.1.1.1 BUFG Insertion | Checksum: 2269de7fe

Time (s): cpu = 00:15:44 ; elapsed = 00:06:02 . Memory (MB): peak = 5801.266 ; gain = 726.387 ; free physical = 286984 ; free virtual = 359381

Phase 4.1.1.2 Post Placement Timing Optimization
INFO: [Place 30-746] Post Placement Timing Summary WNS=0.311. For the most accurate timing information please run report_timing.
Phase 4.1.1.2 Post Placement Timing Optimization | Checksum: 1e234f2d2

Time (s): cpu = 00:17:48 ; elapsed = 00:08:03 . Memory (MB): peak = 5801.266 ; gain = 726.387 ; free physical = 296774 ; free virtual = 369068

Time (s): cpu = 00:17:48 ; elapsed = 00:08:03 . Memory (MB): peak = 5801.266 ; gain = 726.387 ; free physical = 296774 ; free virtual = 369068
Phase 4.1 Post Commit Optimization | Checksum: 1e234f2d2

Time (s): cpu = 00:17:49 ; elapsed = 00:08:04 . Memory (MB): peak = 5801.266 ; gain = 726.387 ; free physical = 296774 ; free virtual = 369067
Netlist sorting complete. Time (s): cpu = 00:00:00.12 ; elapsed = 00:00:00.13 . Memory (MB): peak = 5854.250 ; gain = 0.000 ; free physical = 296616 ; free virtual = 368911

Phase 4.2 Post Placement Cleanup
Phase 4.2 Post Placement Cleanup | Checksum: 2975593f0

Time (s): cpu = 00:18:14 ; elapsed = 00:08:13 . Memory (MB): peak = 5854.250 ; gain = 779.371 ; free physical = 296617 ; free virtual = 368912

Phase 4.3 Placer Reporting

Phase 4.3.1 Print Estimated Congestion
INFO: [Place 30-612] Post-Placement Estimated Congestion 
 ________________________________________________________________________
|           | Global Congestion | Long Congestion   | Short Congestion  |
| Direction | Region Size       | Region Size       | Region Size       |
|___________|___________________|___________________|___________________|
|      North|                1x1|                1x1|                8x8|
|___________|___________________|___________________|___________________|
|      South|                2x2|                2x2|                4x4|
|___________|___________________|___________________|___________________|
|       East|                1x1|                4x4|              16x16|
|___________|___________________|___________________|___________________|
|       West|                1x1|                1x1|              16x16|
|___________|___________________|___________________|___________________|

Phase 4.3.1 Print Estimated Congestion | Checksum: 2975593f0

Time (s): cpu = 00:18:16 ; elapsed = 00:08:13 . Memory (MB): peak = 5854.250 ; gain = 779.371 ; free physical = 296619 ; free virtual = 368914
Phase 4.3 Placer Reporting | Checksum: 2975593f0

Time (s): cpu = 00:18:17 ; elapsed = 00:08:14 . Memory (MB): peak = 5854.250 ; gain = 779.371 ; free physical = 296611 ; free virtual = 368906

Phase 4.4 Final Placement Cleanup
Netlist sorting complete. Time (s): cpu = 00:00:00.07 ; elapsed = 00:00:00.07 . Memory (MB): peak = 5854.250 ; gain = 0.000 ; free physical = 296609 ; free virtual = 368904

Time (s): cpu = 00:18:18 ; elapsed = 00:08:14 . Memory (MB): peak = 5854.250 ; gain = 779.371 ; free physical = 296609 ; free virtual = 368904
Phase 4 Post Placement Optimization and Clean-Up | Checksum: 25f426bcd

Time (s): cpu = 00:18:19 ; elapsed = 00:08:14 . Memory (MB): peak = 5854.250 ; gain = 779.371 ; free physical = 296609 ; free virtual = 368904
Ending Placer Task | Checksum: 2245f0d15

Time (s): cpu = 00:18:20 ; elapsed = 00:08:15 . Memory (MB): peak = 5854.250 ; gain = 779.371 ; free physical = 296609 ; free virtual = 368904
100 Infos, 4 Warnings, 0 Critical Warnings and 0 Errors encountered.
place_design completed successfully
place_design: Time (s): cpu = 00:18:38 ; elapsed = 00:08:21 . Memory (MB): peak = 5854.250 ; gain = 779.371 ; free physical = 296609 ; free virtual = 368904
INFO: [Vivado 12-24838] Running report commands "report_control_sets, report_io, report_utilization" in parallel.
Running report generation with 3 threads.
INFO: [Vivado 12-24828] Executing command : report_io -file bd_0_wrapper_io_placed.rpt
report_io: Time (s): cpu = 00:00:01 ; elapsed = 00:00:00.69 . Memory (MB): peak = 5854.250 ; gain = 0.000 ; free physical = 296593 ; free virtual = 368888
INFO: [Vivado 12-24828] Executing command : report_control_sets -verbose -file bd_0_wrapper_control_sets_placed.rpt
report_control_sets: Time (s): cpu = 00:00:02 ; elapsed = 00:00:01 . Memory (MB): peak = 5854.250 ; gain = 0.000 ; free physical = 296589 ; free virtual = 368885
INFO: [Vivado 12-24828] Executing command : report_utilization -file bd_0_wrapper_utilization_placed.rpt -pb bd_0_wrapper_utilization_placed.pb
INFO: [Timing 38-480] Writing timing data to binary archive.
Write ShapeDB Complete: Time (s): cpu = 00:00:02 ; elapsed = 00:00:00.42 . Memory (MB): peak = 5854.250 ; gain = 0.000 ; free physical = 296165 ; free virtual = 368486
Wrote PlaceDB: Time (s): cpu = 00:00:18 ; elapsed = 00:00:07 . Memory (MB): peak = 5854.250 ; gain = 0.000 ; free physical = 296073 ; free virtual = 368442
Wrote PulsedLatchDB: Time (s): cpu = 00:00:00 ; elapsed = 00:00:00 . Memory (MB): peak = 5854.250 ; gain = 0.000 ; free physical = 296073 ; free virtual = 368442
Writing XDEF routing.
Writing XDEF routing logical nets.
Writing XDEF routing special nets.
Wrote RouteStorage: Time (s): cpu = 00:00:00.85 ; elapsed = 00:00:00.77 . Memory (MB): peak = 5854.250 ; gain = 0.000 ; free physical = 296064 ; free virtual = 368431
Wrote Netlist Cache: Time (s): cpu = 00:00:00.21 ; elapsed = 00:00:00.41 . Memory (MB): peak = 5854.250 ; gain = 0.000 ; free physical = 296059 ; free virtual = 368437
Wrote Device Cache: Time (s): cpu = 00:00:00.02 ; elapsed = 00:00:00.03 . Memory (MB): peak = 5854.250 ; gain = 0.000 ; free physical = 296057 ; free virtual = 368437
Write Physdb Complete: Time (s): cpu = 00:00:19 ; elapsed = 00:00:08 . Memory (MB): peak = 5854.250 ; gain = 0.000 ; free physical = 296051 ; free virtual = 368431
INFO: [Common 17-1381] The checkpoint '/nethome/asandeep6/FPGA_ECE8893/2026_Spring/lab4/project_1/hls/impl/verilog/project.runs/impl_1/bd_0_wrapper_placed.dcp' has been generated.
write_checkpoint: Time (s): cpu = 00:00:24 ; elapsed = 00:00:13 . Memory (MB): peak = 5854.250 ; gain = 0.000 ; free physical = 296104 ; free virtual = 368423
Command: phys_opt_design
Attempting to get a license for feature 'Implementation' and/or device 'xczu3eg'
INFO: [Common 17-349] Got license for feature 'Implementation' and/or device 'xczu3eg'

Starting Initial Update Timing Task
WARNING: [Timing 38-242] The property HD.CLK_SRC of clock port "ap_clk" is not set. In out-of-context mode, this prevents timing estimation for clock delay/skew
Resolution: Set the HD.CLK_SRC property of the out-of-context port to the location of the clock buffer instance in the top-level design

Time (s): cpu = 00:00:49 ; elapsed = 00:00:14 . Memory (MB): peak = 5854.250 ; gain = 0.000 ; free physical = 295985 ; free virtual = 368304
INFO: [Vivado_Tcl 4-2279] Estimated Timing Summary | WNS= 0.311 | TNS= 0.000 | 
INFO: [Vivado_Tcl 4-383] Design worst setup slack (WNS) is greater than or equal to 0.000 ns. All physical synthesis setup optimizations will be skipped.
INFO: [Vivado_Tcl 4-232] No setup violation found. The netlist was not modified.
INFO: [Common 17-83] Releasing license: Implementation
111 Infos, 5 Warnings, 0 Critical Warnings and 0 Errors encountered.
phys_opt_design completed successfully
phys_opt_design: Time (s): cpu = 00:00:50 ; elapsed = 00:00:15 . Memory (MB): peak = 5854.250 ; gain = 0.000 ; free physical = 295985 ; free virtual = 368304
INFO: [Timing 38-480] Writing timing data to binary archive.
Write ShapeDB Complete: Time (s): cpu = 00:00:02 ; elapsed = 00:00:00.45 . Memory (MB): peak = 5854.250 ; gain = 0.000 ; free physical = 295940 ; free virtual = 368283
Wrote PlaceDB: Time (s): cpu = 00:00:17 ; elapsed = 00:00:07 . Memory (MB): peak = 5854.250 ; gain = 0.000 ; free physical = 295847 ; free virtual = 368250
Wrote PulsedLatchDB: Time (s): cpu = 00:00:00 ; elapsed = 00:00:00 . Memory (MB): peak = 5854.250 ; gain = 0.000 ; free physical = 295846 ; free virtual = 368249
Writing XDEF routing.
Writing XDEF routing logical nets.
Writing XDEF routing special nets.
Wrote RouteStorage: Time (s): cpu = 00:00:01 ; elapsed = 00:00:00.74 . Memory (MB): peak = 5854.250 ; gain = 0.000 ; free physical = 295852 ; free virtual = 368256
Wrote Netlist Cache: Time (s): cpu = 00:00:00.19 ; elapsed = 00:00:00.41 . Memory (MB): peak = 5854.250 ; gain = 0.000 ; free physical = 295851 ; free virtual = 368262
Wrote Device Cache: Time (s): cpu = 00:00:00.01 ; elapsed = 00:00:00.05 . Memory (MB): peak = 5854.250 ; gain = 0.000 ; free physical = 295848 ; free virtual = 368262
Write Physdb Complete: Time (s): cpu = 00:00:19 ; elapsed = 00:00:08 . Memory (MB): peak = 5854.250 ; gain = 0.000 ; free physical = 295847 ; free virtual = 368261
INFO: [Common 17-1381] The checkpoint '/nethome/asandeep6/FPGA_ECE8893/2026_Spring/lab4/project_1/hls/impl/verilog/project.runs/impl_1/bd_0_wrapper_physopt.dcp' has been generated.
write_checkpoint: Time (s): cpu = 00:00:23 ; elapsed = 00:00:12 . Memory (MB): peak = 5854.250 ; gain = 0.000 ; free physical = 295812 ; free virtual = 368155
Command: route_design
Attempting to get a license for feature 'Implementation' and/or device 'xczu3eg'
INFO: [Common 17-349] Got license for feature 'Implementation' and/or device 'xczu3eg'


Starting Routing Task
INFO: [Route 35-254] Multithreading enabled for route_design using a maximum of 8 CPUs

Phase 1 Build RT Design
Checksum: PlaceDB: fd19380e ConstDB: 0 ShapeSum: 5292bc2b RouteDB: d4b318dc
Nodegraph reading from file.  Time (s): cpu = 00:00:00.64 ; elapsed = 00:00:00.7 . Memory (MB): peak = 5854.250 ; gain = 0.000 ; free physical = 295803 ; free virtual = 368155
WARNING: [Route 35-197] Clock port "ap_clk" does not have an associated HD.CLK_SRC. Without this constraint, timing analysis may not be accurate and upstream checks cannot be done to ensure correct clock placement.
WARNING: [Route 35-198] Port "ap_rst_n" does not have an associated HD.PARTPIN_LOCS, which will prevent the partial routing of the signal "ap_rst_n". Without this partial route, timing analysis to/from this port will not be accurate, and no routing information for this port can be exported.
WARNING: [Route 35-198] Port "s_axi_control_wstrb[3]" does not have an associated HD.PARTPIN_LOCS, which will prevent the partial routing of the signal "s_axi_control_wstrb[3]". Without this partial route, timing analysis to/from this port will not be accurate, and no routing information for this port can be exported.
WARNING: [Route 35-198] Port "s_axi_control_wdata[28]" does not have an associated HD.PARTPIN_LOCS, which will prevent the partial routing of the signal "s_axi_control_wdata[28]". Without this partial route, timing analysis to/from this port will not be accurate, and no routing information for this port can be exported.
WARNING: [Route 35-198] Port "s_axi_control_wdata[29]" does not have an associated HD.PARTPIN_LOCS, which will prevent the partial routing of the signal "s_axi_control_wdata[29]". Without this partial route, timing analysis to/from this port will not be accurate, and no routing information for this port can be exported.
WARNING: [Route 35-198] Port "s_axi_control_wstrb[2]" does not have an associated HD.PARTPIN_LOCS, which will prevent the partial routing of the signal "s_axi_control_wstrb[2]". Without this partial route, timing analysis to/from this port will not be accurate, and no routing information for this port can be exported.
WARNING: [Route 35-198] Port "s_axi_control_wdata[19]" does not have an associated HD.PARTPIN_LOCS, which will prevent the partial routing of the signal "s_axi_control_wdata[19]". Without this partial route, timing analysis to/from this port will not be accurate, and no routing information for this port can be exported.
WARNING: [Route 35-198] Port "s_axi_control_wdata[20]" does not have an associated HD.PARTPIN_LOCS, which will prevent the partial routing of the signal "s_axi_control_wdata[20]". Without this partial route, timing analysis to/from this port will not be accurate, and no routing information for this port can be exported.
WARNING: [Route 35-198] Port "s_axi_control_wdata[23]" does not have an associated HD.PARTPIN_LOCS, which will prevent the partial routing of the signal "s_axi_control_wdata[23]". Without this partial route, timing analysis to/from this port will not be accurate, and no routing information for this port can be exported.
WARNING: [Route 35-198] Port "s_axi_control_wdata[18]" does not have an associated HD.PARTPIN_LOCS, which will prevent the partial routing of the signal "s_axi_control_wdata[18]". Without this partial route, timing analysis to/from this port will not be accurate, and no routing information for this port can be exported.
WARNING: [Route 35-198] Port "s_axi_control_wdata[22]" does not have an associated HD.PARTPIN_LOCS, which will prevent the partial routing of the signal "s_axi_control_wdata[22]". Without this partial route, timing analysis to/from this port will not be accurate, and no routing information for this port can be exported.
WARNING: [Route 35-198] Port "s_axi_control_wstrb[1]" does not have an associated HD.PARTPIN_LOCS, which will prevent the partial routing of the signal "s_axi_control_wstrb[1]". Without this partial route, timing analysis to/from this port will not be accurate, and no routing information for this port can be exported.
WARNING: [Route 35-198] Port "s_axi_control_wdata[12]" does not have an associated HD.PARTPIN_LOCS, which will prevent the partial routing of the signal "s_axi_control_wdata[12]". Without this partial route, timing analysis to/from this port will not be accurate, and no routing information for this port can be exported.
WARNING: [Route 35-198] Port "s_axi_control_wdata[21]" does not have an associated HD.PARTPIN_LOCS, which will prevent the partial routing of the signal "s_axi_control_wdata[21]". Without this partial route, timing analysis to/from this port will not be accurate, and no routing information for this port can be exported.
WARNING: [Route 35-198] Port "s_axi_control_wdata[26]" does not have an associated HD.PARTPIN_LOCS, which will prevent the partial routing of the signal "s_axi_control_wdata[26]". Without this partial route, timing analysis to/from this port will not be accurate, and no routing information for this port can be exported.
WARNING: [Route 35-198] Port "s_axi_control_wdata[8]" does not have an associated HD.PARTPIN_LOCS, which will prevent the partial routing of the signal "s_axi_control_wdata[8]". Without this partial route, timing analysis to/from this port will not be accurate, and no routing information for this port can be exported.
WARNING: [Route 35-198] Port "s_axi_control_wdata[25]" does not have an associated HD.PARTPIN_LOCS, which will prevent the partial routing of the signal "s_axi_control_wdata[25]". Without this partial route, timing analysis to/from this port will not be accurate, and no routing information for this port can be exported.
WARNING: [Route 35-198] Port "s_axi_control_araddr[3]" does not have an associated HD.PARTPIN_LOCS, which will prevent the partial routing of the signal "s_axi_control_araddr[3]". Without this partial route, timing analysis to/from this port will not be accurate, and no routing information for this port can be exported.
WARNING: [Route 35-198] Port "s_axi_control_araddr[1]" does not have an associated HD.PARTPIN_LOCS, which will prevent the partial routing of the signal "s_axi_control_araddr[1]". Without this partial route, timing analysis to/from this port will not be accurate, and no routing information for this port can be exported.
WARNING: [Route 35-198] Port "s_axi_control_araddr[0]" does not have an associated HD.PARTPIN_LOCS, which will prevent the partial routing of the signal "s_axi_control_araddr[0]". Without this partial route, timing analysis to/from this port will not be accurate, and no routing information for this port can be exported.
WARNING: [Route 35-198] Port "s_axi_control_araddr[4]" does not have an associated HD.PARTPIN_LOCS, which will prevent the partial routing of the signal "s_axi_control_araddr[4]". Without this partial route, timing analysis to/from this port will not be accurate, and no routing information for this port can be exported.
WARNING: [Route 35-198] Port "s_axi_control_araddr[2]" does not have an associated HD.PARTPIN_LOCS, which will prevent the partial routing of the signal "s_axi_control_araddr[2]". Without this partial route, timing analysis to/from this port will not be accurate, and no routing information for this port can be exported.
WARNING: [Route 35-198] Port "s_axi_control_araddr[5]" does not have an associated HD.PARTPIN_LOCS, which will prevent the partial routing of the signal "s_axi_control_araddr[5]". Without this partial route, timing analysis to/from this port will not be accurate, and no routing information for this port can be exported.
WARNING: [Route 35-198] Port "s_axi_control_wdata[30]" does not have an associated HD.PARTPIN_LOCS, which will prevent the partial routing of the signal "s_axi_control_wdata[30]". Without this partial route, timing analysis to/from this port will not be accurate, and no routing information for this port can be exported.
WARNING: [Route 35-198] Port "s_axi_control_wdata[31]" does not have an associated HD.PARTPIN_LOCS, which will prevent the partial routing of the signal "s_axi_control_wdata[31]". Without this partial route, timing analysis to/from this port will not be accurate, and no routing information for this port can be exported.
WARNING: [Route 35-198] Port "s_axi_control_wdata[13]" does not have an associated HD.PARTPIN_LOCS, which will prevent the partial routing of the signal "s_axi_control_wdata[13]". Without this partial route, timing analysis to/from this port will not be accurate, and no routing information for this port can be exported.
WARNING: [Route 35-198] Port "s_axi_control_wdata[27]" does not have an associated HD.PARTPIN_LOCS, which will prevent the partial routing of the signal "s_axi_control_wdata[27]". Without this partial route, timing analysis to/from this port will not be accurate, and no routing information for this port can be exported.
WARNING: [Route 35-198] Port "s_axi_control_wdata[24]" does not have an associated HD.PARTPIN_LOCS, which will prevent the partial routing of the signal "s_axi_control_wdata[24]". Without this partial route, timing analysis to/from this port will not be accurate, and no routing information for this port can be exported.
WARNING: [Route 35-198] Port "s_axi_control_wdata[17]" does not have an associated HD.PARTPIN_LOCS, which will prevent the partial routing of the signal "s_axi_control_wdata[17]". Without this partial route, timing analysis to/from this port will not be accurate, and no routing information for this port can be exported.
WARNING: [Route 35-198] Port "s_axi_control_wdata[10]" does not have an associated HD.PARTPIN_LOCS, which will prevent the partial routing of the signal "s_axi_control_wdata[10]". Without this partial route, timing analysis to/from this port will not be accurate, and no routing information for this port can be exported.
WARNING: [Route 35-198] Port "s_axi_control_wdata[11]" does not have an associated HD.PARTPIN_LOCS, which will prevent the partial routing of the signal "s_axi_control_wdata[11]". Without this partial route, timing analysis to/from this port will not be accurate, and no routing information for this port can be exported.
WARNING: [Route 35-198] Port "s_axi_control_wdata[16]" does not have an associated HD.PARTPIN_LOCS, which will prevent the partial routing of the signal "s_axi_control_wdata[16]". Without this partial route, timing analysis to/from this port will not be accurate, and no routing information for this port can be exported.
WARNING: [Route 35-198] Port "s_axi_control_wstrb[0]" does not have an associated HD.PARTPIN_LOCS, which will prevent the partial routing of the signal "s_axi_control_wstrb[0]". Without this partial route, timing analysis to/from this port will not be accurate, and no routing information for this port can be exported.
WARNING: [Route 35-198] Port "s_axi_control_wdata[2]" does not have an associated HD.PARTPIN_LOCS, which will prevent the partial routing of the signal "s_axi_control_wdata[2]". Without this partial route, timing analysis to/from this port will not be accurate, and no routing information for this port can be exported.
WARNING: [Route 35-198] Port "s_axi_control_wdata[14]" does not have an associated HD.PARTPIN_LOCS, which will prevent the partial routing of the signal "s_axi_control_wdata[14]". Without this partial route, timing analysis to/from this port will not be accurate, and no routing information for this port can be exported.
WARNING: [Route 35-198] Port "s_axi_control_wdata[7]" does not have an associated HD.PARTPIN_LOCS, which will prevent the partial routing of the signal "s_axi_control_wdata[7]". Without this partial route, timing analysis to/from this port will not be accurate, and no routing information for this port can be exported.
WARNING: [Route 35-198] Port "s_axi_control_wdata[9]" does not have an associated HD.PARTPIN_LOCS, which will prevent the partial routing of the signal "s_axi_control_wdata[9]". Without this partial route, timing analysis to/from this port will not be accurate, and no routing information for this port can be exported.
WARNING: [Route 35-198] Port "s_axi_control_wdata[0]" does not have an associated HD.PARTPIN_LOCS, which will prevent the partial routing of the signal "s_axi_control_wdata[0]". Without this partial route, timing analysis to/from this port will not be accurate, and no routing information for this port can be exported.
WARNING: [Route 35-198] Port "m_axi_gmem2_arready" does not have an associated HD.PARTPIN_LOCS, which will prevent the partial routing of the signal "m_axi_gmem2_arready". Without this partial route, timing analysis to/from this port will not be accurate, and no routing information for this port can be exported.
WARNING: [Route 35-198] Port "s_axi_control_wdata[6]" does not have an associated HD.PARTPIN_LOCS, which will prevent the partial routing of the signal "s_axi_control_wdata[6]". Without this partial route, timing analysis to/from this port will not be accurate, and no routing information for this port can be exported.
WARNING: [Route 35-198] Port "s_axi_control_wdata[3]" does not have an associated HD.PARTPIN_LOCS, which will prevent the partial routing of the signal "s_axi_control_wdata[3]". Without this partial route, timing analysis to/from this port will not be accurate, and no routing information for this port can be exported.
WARNING: [Route 35-198] Port "s_axi_control_wdata[4]" does not have an associated HD.PARTPIN_LOCS, which will prevent the partial routing of the signal "s_axi_control_wdata[4]". Without this partial route, timing analysis to/from this port will not be accurate, and no routing information for this port can be exported.
WARNING: [Route 35-198] Port "s_axi_control_wdata[5]" does not have an associated HD.PARTPIN_LOCS, which will prevent the partial routing of the signal "s_axi_control_wdata[5]". Without this partial route, timing analysis to/from this port will not be accurate, and no routing information for this port can be exported.
WARNING: [Route 35-198] Port "s_axi_control_wvalid" does not have an associated HD.PARTPIN_LOCS, which will prevent the partial routing of the signal "s_axi_control_wvalid". Without this partial route, timing analysis to/from this port will not be accurate, and no routing information for this port can be exported.
WARNING: [Route 35-198] Port "s_axi_control_wdata[15]" does not have an associated HD.PARTPIN_LOCS, which will prevent the partial routing of the signal "s_axi_control_wdata[15]". Without this partial route, timing analysis to/from this port will not be accurate, and no routing information for this port can be exported.
WARNING: [Route 35-198] Port "s_axi_control_wdata[1]" does not have an associated HD.PARTPIN_LOCS, which will prevent the partial routing of the signal "s_axi_control_wdata[1]". Without this partial route, timing analysis to/from this port will not be accurate, and no routing information for this port can be exported.
WARNING: [Route 35-198] Port "s_axi_control_arvalid" does not have an associated HD.PARTPIN_LOCS, which will prevent the partial routing of the signal "s_axi_control_arvalid". Without this partial route, timing analysis to/from this port will not be accurate, and no routing information for this port can be exported.
WARNING: [Route 35-198] Port "s_axi_control_awaddr[2]" does not have an associated HD.PARTPIN_LOCS, which will prevent the partial routing of the signal "s_axi_control_awaddr[2]". Without this partial route, timing analysis to/from this port will not be accurate, and no routing information for this port can be exported.
WARNING: [Route 35-198] Port "s_axi_control_awaddr[3]" does not have an associated HD.PARTPIN_LOCS, which will prevent the partial routing of the signal "s_axi_control_awaddr[3]". Without this partial route, timing analysis to/from this port will not be accurate, and no routing information for this port can be exported.
WARNING: [Route 35-198] Port "s_axi_control_awaddr[4]" does not have an associated HD.PARTPIN_LOCS, which will prevent the partial routing of the signal "s_axi_control_awaddr[4]". Without this partial route, timing analysis to/from this port will not be accurate, and no routing information for this port can be exported.
WARNING: [Route 35-198] Port "s_axi_control_awaddr[5]" does not have an associated HD.PARTPIN_LOCS, which will prevent the partial routing of the signal "s_axi_control_awaddr[5]". Without this partial route, timing analysis to/from this port will not be accurate, and no routing information for this port can be exported.
WARNING: [Route 35-198] Port "s_axi_control_rready" does not have an associated HD.PARTPIN_LOCS, which will prevent the partial routing of the signal "s_axi_control_rready". Without this partial route, timing analysis to/from this port will not be accurate, and no routing information for this port can be exported.
WARNING: [Route 35-198] Port "m_axi_gmem1_arready" does not have an associated HD.PARTPIN_LOCS, which will prevent the partial routing of the signal "m_axi_gmem1_arready". Without this partial route, timing analysis to/from this port will not be accurate, and no routing information for this port can be exported.
WARNING: [Route 35-198] Port "m_axi_gmem0_arready" does not have an associated HD.PARTPIN_LOCS, which will prevent the partial routing of the signal "m_axi_gmem0_arready". Without this partial route, timing analysis to/from this port will not be accurate, and no routing information for this port can be exported.
WARNING: [Route 35-198] Port "s_axi_control_awvalid" does not have an associated HD.PARTPIN_LOCS, which will prevent the partial routing of the signal "s_axi_control_awvalid". Without this partial route, timing analysis to/from this port will not be accurate, and no routing information for this port can be exported.
WARNING: [Route 35-198] Port "m_axi_gmem3_bvalid" does not have an associated HD.PARTPIN_LOCS, which will prevent the partial routing of the signal "m_axi_gmem3_bvalid". Without this partial route, timing analysis to/from this port will not be accurate, and no routing information for this port can be exported.
WARNING: [Route 35-198] Port "m_axi_gmem3_awready" does not have an associated HD.PARTPIN_LOCS, which will prevent the partial routing of the signal "m_axi_gmem3_awready". Without this partial route, timing analysis to/from this port will not be accurate, and no routing information for this port can be exported.
WARNING: [Route 35-198] Port "s_axi_control_bready" does not have an associated HD.PARTPIN_LOCS, which will prevent the partial routing of the signal "s_axi_control_bready". Without this partial route, timing analysis to/from this port will not be accurate, and no routing information for this port can be exported.
WARNING: [Route 35-198] Port "m_axi_gmem3_wready" does not have an associated HD.PARTPIN_LOCS, which will prevent the partial routing of the signal "m_axi_gmem3_wready". Without this partial route, timing analysis to/from this port will not be accurate, and no routing information for this port can be exported.
WARNING: [Route 35-198] Port "m_axi_gmem2_rdata[4]" does not have an associated HD.PARTPIN_LOCS, which will prevent the partial routing of the signal "m_axi_gmem2_rdata[4]". Without this partial route, timing analysis to/from this port will not be accurate, and no routing information for this port can be exported.
WARNING: [Route 35-198] Port "m_axi_gmem2_rdata[16]" does not have an associated HD.PARTPIN_LOCS, which will prevent the partial routing of the signal "m_axi_gmem2_rdata[16]". Without this partial route, timing analysis to/from this port will not be accurate, and no routing information for this port can be exported.
WARNING: [Route 35-198] Port "m_axi_gmem2_rdata[20]" does not have an associated HD.PARTPIN_LOCS, which will prevent the partial routing of the signal "m_axi_gmem2_rdata[20]". Without this partial route, timing analysis to/from this port will not be accurate, and no routing information for this port can be exported.
WARNING: [Route 35-198] Port "m_axi_gmem2_rdata[23]" does not have an associated HD.PARTPIN_LOCS, which will prevent the partial routing of the signal "m_axi_gmem2_rdata[23]". Without this partial route, timing analysis to/from this port will not be accurate, and no routing information for this port can be exported.
WARNING: [Route 35-198] Port "m_axi_gmem2_rdata[29]" does not have an associated HD.PARTPIN_LOCS, which will prevent the partial routing of the signal "m_axi_gmem2_rdata[29]". Without this partial route, timing analysis to/from this port will not be accurate, and no routing information for this port can be exported.
WARNING: [Route 35-198] Port "m_axi_gmem2_rdata[2]" does not have an associated HD.PARTPIN_LOCS, which will prevent the partial routing of the signal "m_axi_gmem2_rdata[2]". Without this partial route, timing analysis to/from this port will not be accurate, and no routing information for this port can be exported.
WARNING: [Route 35-198] Port "m_axi_gmem2_rdata[8]" does not have an associated HD.PARTPIN_LOCS, which will prevent the partial routing of the signal "m_axi_gmem2_rdata[8]". Without this partial route, timing analysis to/from this port will not be accurate, and no routing information for this port can be exported.
WARNING: [Route 35-198] Port "m_axi_gmem2_rdata[0]" does not have an associated HD.PARTPIN_LOCS, which will prevent the partial routing of the signal "m_axi_gmem2_rdata[0]". Without this partial route, timing analysis to/from this port will not be accurate, and no routing information for this port can be exported.
WARNING: [Route 35-198] Port "m_axi_gmem2_rdata[12]" does not have an associated HD.PARTPIN_LOCS, which will prevent the partial routing of the signal "m_axi_gmem2_rdata[12]". Without this partial route, timing analysis to/from this port will not be accurate, and no routing information for this port can be exported.
WARNING: [Route 35-198] Port "m_axi_gmem2_rdata[15]" does not have an associated HD.PARTPIN_LOCS, which will prevent the partial routing of the signal "m_axi_gmem2_rdata[15]". Without this partial route, timing analysis to/from this port will not be accurate, and no routing information for this port can be exported.
WARNING: [Route 35-198] Port "m_axi_gmem2_rdata[17]" does not have an associated HD.PARTPIN_LOCS, which will prevent the partial routing of the signal "m_axi_gmem2_rdata[17]". Without this partial route, timing analysis to/from this port will not be accurate, and no routing information for this port can be exported.
WARNING: [Route 35-198] Port "m_axi_gmem2_rdata[22]" does not have an associated HD.PARTPIN_LOCS, which will prevent the partial routing of the signal "m_axi_gmem2_rdata[22]". Without this partial route, timing analysis to/from this port will not be accurate, and no routing information for this port can be exported.
WARNING: [Route 35-198] Port "m_axi_gmem2_rdata[31]" does not have an associated HD.PARTPIN_LOCS, which will prevent the partial routing of the signal "m_axi_gmem2_rdata[31]". Without this partial route, timing analysis to/from this port will not be accurate, and no routing information for this port can be exported.
WARNING: [Route 35-198] Port "m_axi_gmem2_rdata[5]" does not have an associated HD.PARTPIN_LOCS, which will prevent the partial routing of the signal "m_axi_gmem2_rdata[5]". Without this partial route, timing analysis to/from this port will not be accurate, and no routing information for this port can be exported.
WARNING: [Route 35-198] Port "m_axi_gmem2_rdata[6]" does not have an associated HD.PARTPIN_LOCS, which will prevent the partial routing of the signal "m_axi_gmem2_rdata[6]". Without this partial route, timing analysis to/from this port will not be accurate, and no routing information for this port can be exported.
WARNING: [Route 35-198] Port "m_axi_gmem2_rdata[18]" does not have an associated HD.PARTPIN_LOCS, which will prevent the partial routing of the signal "m_axi_gmem2_rdata[18]". Without this partial route, timing analysis to/from this port will not be accurate, and no routing information for this port can be exported.
WARNING: [Route 35-198] Port "m_axi_gmem2_rdata[26]" does not have an associated HD.PARTPIN_LOCS, which will prevent the partial routing of the signal "m_axi_gmem2_rdata[26]". Without this partial route, timing analysis to/from this port will not be accurate, and no routing information for this port can be exported.
WARNING: [Route 35-198] Port "m_axi_gmem2_rdata[28]" does not have an associated HD.PARTPIN_LOCS, which will prevent the partial routing of the signal "m_axi_gmem2_rdata[28]". Without this partial route, timing analysis to/from this port will not be accurate, and no routing information for this port can be exported.
WARNING: [Route 35-198] Port "m_axi_gmem2_rdata[30]" does not have an associated HD.PARTPIN_LOCS, which will prevent the partial routing of the signal "m_axi_gmem2_rdata[30]". Without this partial route, timing analysis to/from this port will not be accurate, and no routing information for this port can be exported.
WARNING: [Route 35-198] Port "m_axi_gmem2_rvalid" does not have an associated HD.PARTPIN_LOCS, which will prevent the partial routing of the signal "m_axi_gmem2_rvalid". Without this partial route, timing analysis to/from this port will not be accurate, and no routing information for this port can be exported.
WARNING: [Route 35-198] Port "m_axi_gmem2_rdata[10]" does not have an associated HD.PARTPIN_LOCS, which will prevent the partial routing of the signal "m_axi_gmem2_rdata[10]". Without this partial route, timing analysis to/from this port will not be accurate, and no routing information for this port can be exported.
WARNING: [Route 35-198] Port "m_axi_gmem2_rdata[21]" does not have an associated HD.PARTPIN_LOCS, which will prevent the partial routing of the signal "m_axi_gmem2_rdata[21]". Without this partial route, timing analysis to/from this port will not be accurate, and no routing information for this port can be exported.
WARNING: [Route 35-198] Port "m_axi_gmem2_rlast" does not have an associated HD.PARTPIN_LOCS, which will prevent the partial routing of the signal "m_axi_gmem2_rlast". Without this partial route, timing analysis to/from this port will not be accurate, and no routing information for this port can be exported.
WARNING: [Route 35-198] Port "m_axi_gmem2_rdata[3]" does not have an associated HD.PARTPIN_LOCS, which will prevent the partial routing of the signal "m_axi_gmem2_rdata[3]". Without this partial route, timing analysis to/from this port will not be accurate, and no routing information for this port can be exported.
WARNING: [Route 35-198] Port "m_axi_gmem2_rdata[13]" does not have an associated HD.PARTPIN_LOCS, which will prevent the partial routing of the signal "m_axi_gmem2_rdata[13]". Without this partial route, timing analysis to/from this port will not be accurate, and no routing information for this port can be exported.
WARNING: [Route 35-198] Port "m_axi_gmem2_rdata[9]" does not have an associated HD.PARTPIN_LOCS, which will prevent the partial routing of the signal "m_axi_gmem2_rdata[9]". Without this partial route, timing analysis to/from this port will not be accurate, and no routing information for this port can be exported.
WARNING: [Route 35-198] Port "m_axi_gmem0_rdata[21]" does not have an associated HD.PARTPIN_LOCS, which will prevent the partial routing of the signal "m_axi_gmem0_rdata[21]". Without this partial route, timing analysis to/from this port will not be accurate, and no routing information for this port can be exported.
WARNING: [Route 35-198] Port "m_axi_gmem0_rdata[26]" does not have an associated HD.PARTPIN_LOCS, which will prevent the partial routing of the signal "m_axi_gmem0_rdata[26]". Without this partial route, timing analysis to/from this port will not be accurate, and no routing information for this port can be exported.
WARNING: [Route 35-198] Port "m_axi_gmem0_rdata[2]" does not have an associated HD.PARTPIN_LOCS, which will prevent the partial routing of the signal "m_axi_gmem0_rdata[2]". Without this partial route, timing analysis to/from this port will not be accurate, and no routing information for this port can be exported.
WARNING: [Route 35-198] Port "m_axi_gmem0_rlast" does not have an associated HD.PARTPIN_LOCS, which will prevent the partial routing of the signal "m_axi_gmem0_rlast". Without this partial route, timing analysis to/from this port will not be accurate, and no routing information for this port can be exported.
WARNING: [Route 35-198] Port "m_axi_gmem2_rdata[19]" does not have an associated HD.PARTPIN_LOCS, which will prevent the partial routing of the signal "m_axi_gmem2_rdata[19]". Without this partial route, timing analysis to/from this port will not be accurate, and no routing information for this port can be exported.
WARNING: [Route 35-198] Port "m_axi_gmem0_rdata[10]" does not have an associated HD.PARTPIN_LOCS, which will prevent the partial routing of the signal "m_axi_gmem0_rdata[10]". Without this partial route, timing analysis to/from this port will not be accurate, and no routing information for this port can be exported.
WARNING: [Route 35-198] Port "m_axi_gmem0_rdata[12]" does not have an associated HD.PARTPIN_LOCS, which will prevent the partial routing of the signal "m_axi_gmem0_rdata[12]". Without this partial route, timing analysis to/from this port will not be accurate, and no routing information for this port can be exported.
WARNING: [Route 35-198] Port "m_axi_gmem0_rdata[15]" does not have an associated HD.PARTPIN_LOCS, which will prevent the partial routing of the signal "m_axi_gmem0_rdata[15]". Without this partial route, timing analysis to/from this port will not be accurate, and no routing information for this port can be exported.
WARNING: [Route 35-198] Port "m_axi_gmem2_rdata[11]" does not have an associated HD.PARTPIN_LOCS, which will prevent the partial routing of the signal "m_axi_gmem2_rdata[11]". Without this partial route, timing analysis to/from this port will not be accurate, and no routing information for this port can be exported.
WARNING: [Route 35-198] Port "m_axi_gmem2_rdata[24]" does not have an associated HD.PARTPIN_LOCS, which will prevent the partial routing of the signal "m_axi_gmem2_rdata[24]". Without this partial route, timing analysis to/from this port will not be accurate, and no routing information for this port can be exported.
WARNING: [Route 35-198] Port "m_axi_gmem2_rdata[25]" does not have an associated HD.PARTPIN_LOCS, which will prevent the partial routing of the signal "m_axi_gmem2_rdata[25]". Without this partial route, timing analysis to/from this port will not be accurate, and no routing information for this port can be exported.
WARNING: [Route 35-198] Port "m_axi_gmem2_rdata[14]" does not have an associated HD.PARTPIN_LOCS, which will prevent the partial routing of the signal "m_axi_gmem2_rdata[14]". Without this partial route, timing analysis to/from this port will not be accurate, and no routing information for this port can be exported.
WARNING: [Route 35-198] Port "m_axi_gmem2_rdata[1]" does not have an associated HD.PARTPIN_LOCS, which will prevent the partial routing of the signal "m_axi_gmem2_rdata[1]". Without this partial route, timing analysis to/from this port will not be accurate, and no routing information for this port can be exported.
WARNING: [Route 35-198] Port "m_axi_gmem2_rdata[27]" does not have an associated HD.PARTPIN_LOCS, which will prevent the partial routing of the signal "m_axi_gmem2_rdata[27]". Without this partial route, timing analysis to/from this port will not be accurate, and no routing information for this port can be exported.
WARNING: [Route 35-198] Port "m_axi_gmem2_rdata[7]" does not have an associated HD.PARTPIN_LOCS, which will prevent the partial routing of the signal "m_axi_gmem2_rdata[7]". Without this partial route, timing analysis to/from this port will not be accurate, and no routing information for this port can be exported.
WARNING: [Route 35-198] Port "m_axi_gmem0_rdata[16]" does not have an associated HD.PARTPIN_LOCS, which will prevent the partial routing of the signal "m_axi_gmem0_rdata[16]". Without this partial route, timing analysis to/from this port will not be accurate, and no routing information for this port can be exported.
INFO: [Common 17-14] Message 'Route 35-198' appears 100 times and further instances of the messages will be disabled. Use the Tcl command set_msg_config to change the current settings.
Post Restoration Checksum: NetGraph: b7c8c164 | NumContArr: 76462786 | Constraints: 47d3e84d | Timing: c2a8fa9d
Phase 1 Build RT Design | Checksum: 2388bcbd4

Time (s): cpu = 00:00:56 ; elapsed = 00:00:11 . Memory (MB): peak = 5854.250 ; gain = 0.000 ; free physical = 295811 ; free virtual = 368162

Phase 2 Router Initialization

Phase 2.1 Fix Topology Constraints
Phase 2.1 Fix Topology Constraints | Checksum: 2388bcbd4

Time (s): cpu = 00:00:57 ; elapsed = 00:00:12 . Memory (MB): peak = 5854.250 ; gain = 0.000 ; free physical = 295812 ; free virtual = 368163

Phase 2.2 Pre Route Cleanup
Phase 2.2 Pre Route Cleanup | Checksum: 2388bcbd4

Time (s): cpu = 00:00:58 ; elapsed = 00:00:12 . Memory (MB): peak = 5854.250 ; gain = 0.000 ; free physical = 295810 ; free virtual = 368161

Phase 2.3 Global Clock Net Routing
 Number of Nodes with overlaps = 0
Phase 2.3 Global Clock Net Routing | Checksum: 289d892ff

Time (s): cpu = 00:01:04 ; elapsed = 00:00:14 . Memory (MB): peak = 5854.250 ; gain = 0.000 ; free physical = 295806 ; free virtual = 368156

Phase 2.4 Update Timing
Phase 2.4 Update Timing | Checksum: cc70413f

Time (s): cpu = 00:01:34 ; elapsed = 00:00:23 . Memory (MB): peak = 5854.250 ; gain = 0.000 ; free physical = 295790 ; free virtual = 368141
INFO: [Route 35-416] Intermediate Timing Summary | WNS=0.468  | TNS=0.000  | WHS=-0.019 | THS=-0.111 |


Phase 2.5 Soft Constraint Pins - Fast Budgeting
Phase 2.5 Soft Constraint Pins - Fast Budgeting | Checksum: 1a26aed2b

Time (s): cpu = 00:02:33 ; elapsed = 00:00:36 . Memory (MB): peak = 5854.250 ; gain = 0.000 ; free physical = 295798 ; free virtual = 368162

Router Utilization Summary
  Global Vertical Routing Utilization    = 0.000158928 %
  Global Horizontal Routing Utilization  = 8.20856e-05 %
  Routable Net Status*
  *Does not include unroutable nets such as driverless and loadless.
  Run report_route_status for detailed report.
  Number of Failed Nets               = 86927
    (Failed Nets is the sum of unrouted and partially routed nets)
  Number of Unrouted Nets             = 79086
  Number of Partially Routed Nets     = 7841
  Number of Node Overlaps             = 1

Phase 2 Router Initialization | Checksum: 1372cdd8a

Time (s): cpu = 00:02:38 ; elapsed = 00:00:38 . Memory (MB): peak = 5854.250 ; gain = 0.000 ; free physical = 295789 ; free virtual = 368152

Phase 3 Global Routing
Phase 3 Global Routing | Checksum: 1372cdd8a

Time (s): cpu = 00:02:38 ; elapsed = 00:00:38 . Memory (MB): peak = 5854.250 ; gain = 0.000 ; free physical = 295791 ; free virtual = 368155

Phase 4 Initial Routing

Phase 4.1 Initial Net Routing Pass
Phase 4.1 Initial Net Routing Pass | Checksum: 27766b917

Time (s): cpu = 00:03:26 ; elapsed = 00:00:52 . Memory (MB): peak = 5854.250 ; gain = 0.000 ; free physical = 295644 ; free virtual = 367997
Phase 4 Initial Routing | Checksum: 269ddb887

Time (s): cpu = 00:03:30 ; elapsed = 00:00:53 . Memory (MB): peak = 5854.250 ; gain = 0.000 ; free physical = 295632 ; free virtual = 367986

Phase 5 Rip-up And Reroute

Phase 5.1 Global Iteration 0
 Number of Nodes with overlaps = 29940
 Number of Nodes with overlaps = 4794
 Number of Nodes with overlaps = 824
 Number of Nodes with overlaps = 176
 Number of Nodes with overlaps = 40
 Number of Nodes with overlaps = 13
 Number of Nodes with overlaps = 8
 Number of Nodes with overlaps = 2
 Number of Nodes with overlaps = 0
INFO: [Route 35-416] Intermediate Timing Summary | WNS=-0.229 | TNS=-6.067 | WHS=0.020  | THS=0.000  |

Phase 5.1 Global Iteration 0 | Checksum: 2d5aee95c

Time (s): cpu = 00:12:09 ; elapsed = 00:04:01 . Memory (MB): peak = 5854.250 ; gain = 0.000 ; free physical = 306870 ; free virtual = 378924

Phase 5.2 Global Iteration 1
 Number of Nodes with overlaps = 144
 Number of Nodes with overlaps = 27
 Number of Nodes with overlaps = 7
 Number of Nodes with overlaps = 3
 Number of Nodes with overlaps = 2
 Number of Nodes with overlaps = 0
INFO: [Route 35-416] Intermediate Timing Summary | WNS=-0.003 | TNS=-0.003 | WHS=N/A    | THS=N/A    |

Phase 5.2 Global Iteration 1 | Checksum: 189fe4cba

Time (s): cpu = 00:12:49 ; elapsed = 00:04:21 . Memory (MB): peak = 5854.250 ; gain = 0.000 ; free physical = 306633 ; free virtual = 378701

Phase 5.3 Global Iteration 2
 Number of Nodes with overlaps = 501
 Number of Nodes with overlaps = 108
 Number of Nodes with overlaps = 23
 Number of Nodes with overlaps = 4
 Number of Nodes with overlaps = 1
 Number of Nodes with overlaps = 0
INFO: [Route 35-416] Intermediate Timing Summary | WNS=0.087  | TNS=0.000  | WHS=N/A    | THS=N/A    |

Phase 5.3 Global Iteration 2 | Checksum: 189a0d21f

Time (s): cpu = 00:13:19 ; elapsed = 00:04:37 . Memory (MB): peak = 5854.250 ; gain = 0.000 ; free physical = 310178 ; free virtual = 382373
Phase 5 Rip-up And Reroute | Checksum: 189a0d21f

Time (s): cpu = 00:13:20 ; elapsed = 00:04:37 . Memory (MB): peak = 5854.250 ; gain = 0.000 ; free physical = 310177 ; free virtual = 382373

Phase 6 Delay and Skew Optimization

Phase 6.1 Delay CleanUp
Phase 6.1 Delay CleanUp | Checksum: 189a0d21f

Time (s): cpu = 00:13:22 ; elapsed = 00:04:38 . Memory (MB): peak = 5854.250 ; gain = 0.000 ; free physical = 310173 ; free virtual = 382374

Phase 6.2 Clock Skew Optimization
Phase 6.2 Clock Skew Optimization | Checksum: 189a0d21f

Time (s): cpu = 00:13:23 ; elapsed = 00:04:38 . Memory (MB): peak = 5854.250 ; gain = 0.000 ; free physical = 310171 ; free virtual = 382374
Phase 6 Delay and Skew Optimization | Checksum: 189a0d21f

Time (s): cpu = 00:13:23 ; elapsed = 00:04:38 . Memory (MB): peak = 5854.250 ; gain = 0.000 ; free physical = 310169 ; free virtual = 382373

Phase 7 Post Hold Fix

Phase 7.1 Hold Fix Iter
INFO: [Route 35-416] Intermediate Timing Summary | WNS=0.087  | TNS=0.000  | WHS=0.020  | THS=0.000  |

Phase 7.1 Hold Fix Iter | Checksum: 20ea5e7ec

Time (s): cpu = 00:13:56 ; elapsed = 00:04:44 . Memory (MB): peak = 5854.250 ; gain = 0.000 ; free physical = 310007 ; free virtual = 382280
Phase 7 Post Hold Fix | Checksum: 20ea5e7ec

Time (s): cpu = 00:13:57 ; elapsed = 00:04:44 . Memory (MB): peak = 5854.250 ; gain = 0.000 ; free physical = 310008 ; free virtual = 382281

Phase 8 Leaf Clock Prog Delay Opt
Phase 8 Leaf Clock Prog Delay Opt | Checksum: 2394a547d

Time (s): cpu = 00:14:18 ; elapsed = 00:04:49 . Memory (MB): peak = 5854.250 ; gain = 0.000 ; free physical = 310010 ; free virtual = 382335

Phase 9 Route finalize

Router Utilization Summary
  Global Vertical Routing Utilization    = 25.3235 %
  Global Horizontal Routing Utilization  = 30.7219 %
  Routable Net Status*
  *Does not include unroutable nets such as driverless and loadless.
  Run report_route_status for detailed report.
  Number of Failed Nets               = 0
    (Failed Nets is the sum of unrouted and partially routed nets)
  Number of Unrouted Nets             = 0
  Number of Partially Routed Nets     = 0
  Number of Node Overlaps             = 0

Phase 9 Route finalize | Checksum: 2394a547d

Time (s): cpu = 00:14:23 ; elapsed = 00:04:50 . Memory (MB): peak = 5854.250 ; gain = 0.000 ; free physical = 310154 ; free virtual = 382486

Phase 10 Verifying routed nets

 Verification completed successfully
Phase 10 Verifying routed nets | Checksum: 2394a547d

Time (s): cpu = 00:14:24 ; elapsed = 00:04:50 . Memory (MB): peak = 5854.250 ; gain = 0.000 ; free physical = 310156 ; free virtual = 382489

Phase 11 Depositing Routes
Phase 11 Depositing Routes | Checksum: 2394a547d

Time (s): cpu = 00:14:34 ; elapsed = 00:04:56 . Memory (MB): peak = 5854.250 ; gain = 0.000 ; free physical = 310175 ; free virtual = 382508

Phase 12 Resolve XTalk
Phase 12 Resolve XTalk | Checksum: 2394a547d

Time (s): cpu = 00:14:35 ; elapsed = 00:04:57 . Memory (MB): peak = 5854.250 ; gain = 0.000 ; free physical = 310173 ; free virtual = 382507

Phase 13 Post Process Routing
Phase 13 Post Process Routing | Checksum: 2394a547d

Time (s): cpu = 00:14:38 ; elapsed = 00:04:58 . Memory (MB): peak = 5854.250 ; gain = 0.000 ; free physical = 310198 ; free virtual = 382546

Phase 14 Post Router Timing
INFO: [Route 35-57] Estimated Timing Summary | WNS=0.087  | TNS=0.000  | WHS=0.020  | THS=0.000  |

INFO: [Route 35-327] The final timing numbers are based on the router estimated timing analysis. For a complete and accurate timing signoff, please run report_timing_summary.
Phase 14 Post Router Timing | Checksum: 2394a547d

Time (s): cpu = 00:14:39 ; elapsed = 00:04:58 . Memory (MB): peak = 5854.250 ; gain = 0.000 ; free physical = 310144 ; free virtual = 382503
Total Elapsed time in route_design: 297.99 secs

Phase 15 Post-Route Event Processing
Phase 15 Post-Route Event Processing | Checksum: 94dcbfd6

Time (s): cpu = 00:14:40 ; elapsed = 00:04:59 . Memory (MB): peak = 5854.250 ; gain = 0.000 ; free physical = 310118 ; free virtual = 382496
INFO: [Route 35-16] Router Completed Successfully
Ending Routing Task | Checksum: 94dcbfd6

Time (s): cpu = 00:14:43 ; elapsed = 00:04:59 . Memory (MB): peak = 5854.250 ; gain = 0.000 ; free physical = 310164 ; free virtual = 382553

Routing Is Done.
INFO: [Common 17-83] Releasing license: Implementation
125 Infos, 106 Warnings, 0 Critical Warnings and 0 Errors encountered.
route_design completed successfully
route_design: Time (s): cpu = 00:14:44 ; elapsed = 00:05:01 . Memory (MB): peak = 5854.250 ; gain = 0.000 ; free physical = 310110 ; free virtual = 382506
INFO: [Vivado 12-24828] Executing command : report_drc -file bd_0_wrapper_drc_routed.rpt -pb bd_0_wrapper_drc_routed.pb -rpx bd_0_wrapper_drc_routed.rpx
Command: report_drc -file bd_0_wrapper_drc_routed.rpt -pb bd_0_wrapper_drc_routed.pb -rpx bd_0_wrapper_drc_routed.rpx
INFO: [IP_Flow 19-1839] IP Catalog is up to date.
INFO: [DRC 23-27] Running DRC with 8 threads
WARNING: [DRC 23-814] Not all possible (connectivity based) DRCs may have been run because this design is seen as Out of Context.
INFO: [Vivado_Tcl 2-168] The results of DRC are in file /nethome/asandeep6/FPGA_ECE8893/2026_Spring/lab4/project_1/hls/impl/verilog/project.runs/impl_1/bd_0_wrapper_drc_routed.rpt.
report_drc completed successfully
report_drc: Time (s): cpu = 00:00:41 ; elapsed = 00:00:09 . Memory (MB): peak = 5854.250 ; gain = 0.000 ; free physical = 309514 ; free virtual = 381909
INFO: [Vivado 12-24828] Executing command : report_methodology -file bd_0_wrapper_methodology_drc_routed.rpt -pb bd_0_wrapper_methodology_drc_routed.pb -rpx bd_0_wrapper_methodology_drc_routed.rpx
Command: report_methodology -file bd_0_wrapper_methodology_drc_routed.rpt -pb bd_0_wrapper_methodology_drc_routed.pb -rpx bd_0_wrapper_methodology_drc_routed.rpx
INFO: [Timing 38-35] Done setting XDC timing constraints.
WARNING: [Timing 38-242] The property HD.CLK_SRC of clock port "ap_clk" is not set. In out-of-context mode, this prevents timing estimation for clock delay/skew
Resolution: Set the HD.CLK_SRC property of the out-of-context port to the location of the clock buffer instance in the top-level design
INFO: [DRC 23-133] Running Methodology with 8 threads
WARNING: [DRC 23-814] Not all possible (connectivity based) DRCs may have been run because this design is seen as Out of Context.
INFO: [Vivado_Tcl 2-1520] The results of Report Methodology are in file /nethome/asandeep6/FPGA_ECE8893/2026_Spring/lab4/project_1/hls/impl/verilog/project.runs/impl_1/bd_0_wrapper_methodology_drc_routed.rpt.
report_methodology completed successfully
report_methodology: Time (s): cpu = 00:01:45 ; elapsed = 00:00:24 . Memory (MB): peak = 5854.250 ; gain = 0.000 ; free physical = 308914 ; free virtual = 381352
INFO: [Vivado 12-24828] Executing command : report_timing_summary -max_paths 10 -routable_nets -report_unconstrained -file bd_0_wrapper_timing_summary_routed.rpt -pb bd_0_wrapper_timing_summary_routed.pb -rpx bd_0_wrapper_timing_summary_routed.rpx -warn_on_violation 
INFO: [Timing 38-35] Done setting XDC timing constraints.
INFO: [Timing 38-91] UpdateTimingParams: Speed grade: -1, Temperature grade: E, Delay Type: min_max.
INFO: [Timing 38-191] Multithreading enabled for timing update using a maximum of 8 CPUs
report_timing_summary: Time (s): cpu = 00:00:42 ; elapsed = 00:00:13 . Memory (MB): peak = 5854.250 ; gain = 0.000 ; free physical = 308550 ; free virtual = 380989
INFO: [Vivado 12-24838] Running report commands "report_bus_skew, report_incremental_reuse, report_route_status" in parallel.
Running report generation with 3 threads.
INFO: [Vivado 12-24828] Executing command : report_incremental_reuse -file bd_0_wrapper_incremental_reuse_routed.rpt
INFO: [Vivado_Tcl 4-1062] Incremental flow is disabled. No incremental reuse Info to report.
INFO: [Vivado 12-24828] Executing command : report_bus_skew -warn_on_violation -file bd_0_wrapper_bus_skew_routed.rpt -pb bd_0_wrapper_bus_skew_routed.pb -rpx bd_0_wrapper_bus_skew_routed.rpx
INFO: [Timing 38-91] UpdateTimingParams: Speed grade: -1, Temperature grade: E, Delay Type: min_max.
INFO: [Timing 38-191] Multithreading enabled for timing update using a maximum of 8 CPUs
INFO: [Vivado 12-24828] Executing command : report_route_status -file bd_0_wrapper_route_status.rpt -pb bd_0_wrapper_route_status.pb
INFO: [Vivado 12-24828] Executing command : report_power -file bd_0_wrapper_power_routed.rpt -pb bd_0_wrapper_power_summary_routed.pb -rpx bd_0_wrapper_power_routed.rpx
Command: report_power -file bd_0_wrapper_power_routed.rpt -pb bd_0_wrapper_power_summary_routed.pb -rpx bd_0_wrapper_power_routed.rpx
Running Vector-less Activity Propagation...

Finished Running Vector-less Activity Propagation
145 Infos, 109 Warnings, 0 Critical Warnings and 0 Errors encountered.
report_power completed successfully
report_power: Time (s): cpu = 00:00:48 ; elapsed = 00:00:20 . Memory (MB): peak = 5910.277 ; gain = 56.027 ; free physical = 311278 ; free virtual = 383308
INFO: [Vivado 12-24828] Executing command : report_clock_utilization -file bd_0_wrapper_clock_utilization_routed.rpt
report_clock_utilization: Time (s): cpu = 00:00:06 ; elapsed = 00:00:06 . Memory (MB): peak = 5910.277 ; gain = 0.000 ; free physical = 312419 ; free virtual = 384632
generate_parallel_reports: Time (s): cpu = 00:04:02 ; elapsed = 00:01:14 . Memory (MB): peak = 5910.277 ; gain = 56.027 ; free physical = 312419 ; free virtual = 384632
INFO: [Timing 38-480] Writing timing data to binary archive.
Write ShapeDB Complete: Time (s): cpu = 00:00:01 ; elapsed = 00:00:00.35 . Memory (MB): peak = 5910.277 ; gain = 0.000 ; free physical = 312305 ; free virtual = 384587
Wrote PlaceDB: Time (s): cpu = 00:00:15 ; elapsed = 00:00:06 . Memory (MB): peak = 5910.277 ; gain = 0.000 ; free physical = 312039 ; free virtual = 384436
Wrote PulsedLatchDB: Time (s): cpu = 00:00:00 ; elapsed = 00:00:00 . Memory (MB): peak = 5910.277 ; gain = 0.000 ; free physical = 312039 ; free virtual = 384436
Writing XDEF routing.
Writing XDEF routing logical nets.
Writing XDEF routing special nets.
Wrote RouteStorage: Time (s): cpu = 00:00:02 ; elapsed = 00:00:02 . Memory (MB): peak = 5910.277 ; gain = 0.000 ; free physical = 312081 ; free virtual = 384508
Wrote Netlist Cache: Time (s): cpu = 00:00:00.16 ; elapsed = 00:00:00.33 . Memory (MB): peak = 5910.277 ; gain = 0.000 ; free physical = 311988 ; free virtual = 384426
Wrote Device Cache: Time (s): cpu = 00:00:00.03 ; elapsed = 00:00:00.07 . Memory (MB): peak = 5910.277 ; gain = 0.000 ; free physical = 311978 ; free virtual = 384419
Write Physdb Complete: Time (s): cpu = 00:00:18 ; elapsed = 00:00:09 . Memory (MB): peak = 5910.277 ; gain = 0.000 ; free physical = 311968 ; free virtual = 384410
INFO: [Common 17-1381] The checkpoint '/nethome/asandeep6/FPGA_ECE8893/2026_Spring/lab4/project_1/hls/impl/verilog/project.runs/impl_1/bd_0_wrapper_routed.dcp' has been generated.
write_checkpoint: Time (s): cpu = 00:00:22 ; elapsed = 00:00:13 . Memory (MB): peak = 5910.277 ; gain = 0.000 ; free physical = 311874 ; free virtual = 384307
INFO: [Common 17-206] Exiting Vivado at Thu Apr  9 02:01:21 2026...
