Copyright 1986-2022 Xilinx, Inc. All Rights Reserved. Copyright 2022-2025 Advanced Micro Devices, Inc. All Rights Reserved.
--------------------------------------------------------------------------------------------------------------------------------------------------
| Tool Version      : Vivado v.2025.1.1 (lin64) Build 6233196 Thu Sep 11 21:27:11 MDT 2025
| Date              : Thu Apr  9 01:42:02 2026
| Host              : ece-linlabsrv01 running 64-bit Red Hat Enterprise Linux release 8.10 (Ootpa)
| Command           : report_timing -max_paths 10 -file ./report/top_kernel_timing_paths_synth.rpt
| Design            : bd_0_wrapper
| Device            : xczu3eg-sbva484
| Speed File        : -1  PRODUCTION 1.30 05-15-2022
| Design State      : Synthesized
| Temperature Grade : E
--------------------------------------------------------------------------------------------------------------------------------------------------

Timing Report

Slack (MET) :             1.538ns  (required time - arrival time)
  Source:                 bd_0_i/hls_inst/inst/grp_top_kernel_Pipeline_K3_Gaussian_VITIS_LOOP_86_6_fu_3378/mul_6ns_8ns_13_1_1_U1120/tmp_product/DSP_A_B_DATA_INST/CLK
                            (rising edge-triggered cell DSP_A_B_DATA clocked by ap_clk  {rise@0.000ns fall@2.000ns period=4.000ns})
  Destination:            bd_0_i/hls_inst/inst/grp_top_kernel_Pipeline_K3_Gaussian_VITIS_LOOP_86_6_fu_3378/mac_muladd_6ns_5ns_5ns_11_4_1_U1121/top_kernel_mac_muladd_6ns_5ns_5ns_11_4_1_DSP48_0_U/p_reg_reg/DSP_C_DATA_INST/C[0]
                            (rising edge-triggered cell DSP_C_DATA clocked by ap_clk  {rise@0.000ns fall@2.000ns period=4.000ns})
  Path Group:             ap_clk
  Path Type:              Setup (Max at Slow Process Corner)
  Requirement:            4.000ns  (ap_clk rise@4.000ns - ap_clk rise@0.000ns)
  Data Path Delay:        2.150ns  (logic 1.945ns (90.465%)  route 0.205ns (9.535%))
  Logic Levels:           5  (DSP_ALU=1 DSP_M_DATA=1 DSP_MULTIPLIER=1 DSP_OUTPUT=1 DSP_PREADD_DATA=1)
  Clock Path Skew:        -0.031ns (DCD - SCD + CPR)
    Destination Clock Delay (DCD):    0.044ns = ( 4.044 - 4.000 ) 
    Source Clock Delay      (SCD):    0.075ns
    Clock Pessimism Removal (CPR):    0.000ns
  Clock Uncertainty:      0.035ns  ((TSJ^2 + TIJ^2)^1/2 + DJ) / 2 + PE
    Total System Jitter     (TSJ):    0.071ns
    Total Input Jitter      (TIJ):    0.000ns
    Discrete Jitter          (DJ):    0.000ns
    Phase Error              (PE):    0.000ns

    Location             Delay type                Incr(ns)  Path(ns)    Netlist Resource(s)
  -------------------------------------------------------------------    -------------------
                         (clock ap_clk rise edge)     0.000     0.000 r  
                                                      0.000     0.000 r  ap_clk (IN)
                         net (fo=68059, unset)        0.075     0.075    bd_0_i/hls_inst/inst/grp_top_kernel_Pipeline_K3_Gaussian_VITIS_LOOP_86_6_fu_3378/mul_6ns_8ns_13_1_1_U1120/tmp_product/CLK
                         DSP_A_B_DATA                                 r  bd_0_i/hls_inst/inst/grp_top_kernel_Pipeline_K3_Gaussian_VITIS_LOOP_86_6_fu_3378/mul_6ns_8ns_13_1_1_U1120/tmp_product/DSP_A_B_DATA_INST/CLK
  -------------------------------------------------------------------    -------------------
                         DSP_A_B_DATA (Prop_DSP_A_B_DATA_CLK_A2_DATA[7])
                                                      0.301     0.376 r  bd_0_i/hls_inst/inst/grp_top_kernel_Pipeline_K3_Gaussian_VITIS_LOOP_86_6_fu_3378/mul_6ns_8ns_13_1_1_U1120/tmp_product/DSP_A_B_DATA_INST/A2_DATA[7]
                         net (fo=1, unplaced)         0.000     0.376    bd_0_i/hls_inst/inst/grp_top_kernel_Pipeline_K3_Gaussian_VITIS_LOOP_86_6_fu_3378/mul_6ns_8ns_13_1_1_U1120/tmp_product/DSP_A_B_DATA.A2_DATA<7>
                         DSP_PREADD_DATA (Prop_DSP_PREADD_DATA_A2_DATA[7]_A2A1[7])
                                                      0.098     0.474 r  bd_0_i/hls_inst/inst/grp_top_kernel_Pipeline_K3_Gaussian_VITIS_LOOP_86_6_fu_3378/mul_6ns_8ns_13_1_1_U1120/tmp_product/DSP_PREADD_DATA_INST/A2A1[7]
                         net (fo=1, unplaced)         0.000     0.474    bd_0_i/hls_inst/inst/grp_top_kernel_Pipeline_K3_Gaussian_VITIS_LOOP_86_6_fu_3378/mul_6ns_8ns_13_1_1_U1120/tmp_product/DSP_PREADD_DATA.A2A1<7>
                         DSP_MULTIPLIER (Prop_DSP_MULTIPLIER_A2A1[7]_U[8])
                                                      0.647     1.121 f  bd_0_i/hls_inst/inst/grp_top_kernel_Pipeline_K3_Gaussian_VITIS_LOOP_86_6_fu_3378/mul_6ns_8ns_13_1_1_U1120/tmp_product/DSP_MULTIPLIER_INST/U[8]
                         net (fo=1, unplaced)         0.000     1.121    bd_0_i/hls_inst/inst/grp_top_kernel_Pipeline_K3_Gaussian_VITIS_LOOP_86_6_fu_3378/mul_6ns_8ns_13_1_1_U1120/tmp_product/DSP_MULTIPLIER.U<8>
                         DSP_M_DATA (Prop_DSP_M_DATA_U[8]_U_DATA[8])
                                                      0.059     1.180 r  bd_0_i/hls_inst/inst/grp_top_kernel_Pipeline_K3_Gaussian_VITIS_LOOP_86_6_fu_3378/mul_6ns_8ns_13_1_1_U1120/tmp_product/DSP_M_DATA_INST/U_DATA[8]
                         net (fo=1, unplaced)         0.000     1.180    bd_0_i/hls_inst/inst/grp_top_kernel_Pipeline_K3_Gaussian_VITIS_LOOP_86_6_fu_3378/mul_6ns_8ns_13_1_1_U1120/tmp_product/DSP_M_DATA.U_DATA<8>
                         DSP_ALU (Prop_DSP_ALU_U_DATA[8]_ALU_OUT[8])
                                                      0.699     1.879 f  bd_0_i/hls_inst/inst/grp_top_kernel_Pipeline_K3_Gaussian_VITIS_LOOP_86_6_fu_3378/mul_6ns_8ns_13_1_1_U1120/tmp_product/DSP_ALU_INST/ALU_OUT[8]
                         net (fo=1, unplaced)         0.000     1.879    bd_0_i/hls_inst/inst/grp_top_kernel_Pipeline_K3_Gaussian_VITIS_LOOP_86_6_fu_3378/mul_6ns_8ns_13_1_1_U1120/tmp_product/DSP_ALU.ALU_OUT<8>
                         DSP_OUTPUT (Prop_DSP_OUTPUT_ALU_OUT[8]_P[8])
                                                      0.141     2.020 r  bd_0_i/hls_inst/inst/grp_top_kernel_Pipeline_K3_Gaussian_VITIS_LOOP_86_6_fu_3378/mul_6ns_8ns_13_1_1_U1120/tmp_product/DSP_OUTPUT_INST/P[8]
                         net (fo=1, unplaced)         0.205     2.225    bd_0_i/hls_inst/inst/grp_top_kernel_Pipeline_K3_Gaussian_VITIS_LOOP_86_6_fu_3378/mac_muladd_6ns_5ns_5ns_11_4_1_U1121/top_kernel_mac_muladd_6ns_5ns_5ns_11_4_1_DSP48_0_U/p_reg_reg/C[0]
                         DSP_C_DATA                                   r  bd_0_i/hls_inst/inst/grp_top_kernel_Pipeline_K3_Gaussian_VITIS_LOOP_86_6_fu_3378/mac_muladd_6ns_5ns_5ns_11_4_1_U1121/top_kernel_mac_muladd_6ns_5ns_5ns_11_4_1_DSP48_0_U/p_reg_reg/DSP_C_DATA_INST/C[0]
  -------------------------------------------------------------------    -------------------

                         (clock ap_clk rise edge)     4.000     4.000 r  
                                                      0.000     4.000 r  ap_clk (IN)
                         net (fo=68059, unset)        0.044     4.044    bd_0_i/hls_inst/inst/grp_top_kernel_Pipeline_K3_Gaussian_VITIS_LOOP_86_6_fu_3378/mac_muladd_6ns_5ns_5ns_11_4_1_U1121/top_kernel_mac_muladd_6ns_5ns_5ns_11_4_1_DSP48_0_U/p_reg_reg/CLK
                         DSP_C_DATA                                   r  bd_0_i/hls_inst/inst/grp_top_kernel_Pipeline_K3_Gaussian_VITIS_LOOP_86_6_fu_3378/mac_muladd_6ns_5ns_5ns_11_4_1_U1121/top_kernel_mac_muladd_6ns_5ns_5ns_11_4_1_DSP48_0_U/p_reg_reg/DSP_C_DATA_INST/CLK
                         clock pessimism              0.000     4.044    
                         clock uncertainty           -0.035     4.009    
                         DSP_C_DATA (Setup_DSP_C_DATA_CLK_C[0])
                                                     -0.246     3.763    bd_0_i/hls_inst/inst/grp_top_kernel_Pipeline_K3_Gaussian_VITIS_LOOP_86_6_fu_3378/mac_muladd_6ns_5ns_5ns_11_4_1_U1121/top_kernel_mac_muladd_6ns_5ns_5ns_11_4_1_DSP48_0_U/p_reg_reg/DSP_C_DATA_INST
  -------------------------------------------------------------------
                         required time                          3.763    
                         arrival time                          -2.225    
  -------------------------------------------------------------------
                         slack                                  1.538    

Slack (MET) :             1.550ns  (required time - arrival time)
  Source:                 bd_0_i/hls_inst/inst/grp_top_kernel_Pipeline_K3_Gaussian_VITIS_LOOP_86_6_fu_3378/mul_6ns_8ns_13_1_1_U1120/tmp_product/DSP_A_B_DATA_INST/CLK
                            (rising edge-triggered cell DSP_A_B_DATA clocked by ap_clk  {rise@0.000ns fall@2.000ns period=4.000ns})
  Destination:            bd_0_i/hls_inst/inst/grp_top_kernel_Pipeline_K3_Gaussian_VITIS_LOOP_86_6_fu_3378/mac_muladd_6ns_5ns_5ns_11_4_1_U1121/top_kernel_mac_muladd_6ns_5ns_5ns_11_4_1_DSP48_0_U/p_reg_reg/DSP_C_DATA_INST/C[1]
                            (rising edge-triggered cell DSP_C_DATA clocked by ap_clk  {rise@0.000ns fall@2.000ns period=4.000ns})
  Path Group:             ap_clk
  Path Type:              Setup (Max at Slow Process Corner)
  Requirement:            4.000ns  (ap_clk rise@4.000ns - ap_clk rise@0.000ns)
  Data Path Delay:        2.154ns  (logic 1.945ns (90.297%)  route 0.209ns (9.703%))
  Logic Levels:           5  (DSP_ALU=1 DSP_M_DATA=1 DSP_MULTIPLIER=1 DSP_OUTPUT=1 DSP_PREADD_DATA=1)
  Clock Path Skew:        -0.031ns (DCD - SCD + CPR)
    Destination Clock Delay (DCD):    0.044ns = ( 4.044 - 4.000 ) 
    Source Clock Delay      (SCD):    0.075ns
    Clock Pessimism Removal (CPR):    0.000ns
  Clock Uncertainty:      0.035ns  ((TSJ^2 + TIJ^2)^1/2 + DJ) / 2 + PE
    Total System Jitter     (TSJ):    0.071ns
    Total Input Jitter      (TIJ):    0.000ns
    Discrete Jitter          (DJ):    0.000ns
    Phase Error              (PE):    0.000ns

    Location             Delay type                Incr(ns)  Path(ns)    Netlist Resource(s)
  -------------------------------------------------------------------    -------------------
                         (clock ap_clk rise edge)     0.000     0.000 r  
                                                      0.000     0.000 r  ap_clk (IN)
                         net (fo=68059, unset)        0.075     0.075    bd_0_i/hls_inst/inst/grp_top_kernel_Pipeline_K3_Gaussian_VITIS_LOOP_86_6_fu_3378/mul_6ns_8ns_13_1_1_U1120/tmp_product/CLK
                         DSP_A_B_DATA                                 r  bd_0_i/hls_inst/inst/grp_top_kernel_Pipeline_K3_Gaussian_VITIS_LOOP_86_6_fu_3378/mul_6ns_8ns_13_1_1_U1120/tmp_product/DSP_A_B_DATA_INST/CLK
  -------------------------------------------------------------------    -------------------
                         DSP_A_B_DATA (Prop_DSP_A_B_DATA_CLK_A2_DATA[8])
                                                      0.301     0.376 r  bd_0_i/hls_inst/inst/grp_top_kernel_Pipeline_K3_Gaussian_VITIS_LOOP_86_6_fu_3378/mul_6ns_8ns_13_1_1_U1120/tmp_product/DSP_A_B_DATA_INST/A2_DATA[8]
                         net (fo=1, unplaced)         0.000     0.376    bd_0_i/hls_inst/inst/grp_top_kernel_Pipeline_K3_Gaussian_VITIS_LOOP_86_6_fu_3378/mul_6ns_8ns_13_1_1_U1120/tmp_product/DSP_A_B_DATA.A2_DATA<8>
                         DSP_PREADD_DATA (Prop_DSP_PREADD_DATA_A2_DATA[8]_A2A1[8])
                                                      0.098     0.474 r  bd_0_i/hls_inst/inst/grp_top_kernel_Pipeline_K3_Gaussian_VITIS_LOOP_86_6_fu_3378/mul_6ns_8ns_13_1_1_U1120/tmp_product/DSP_PREADD_DATA_INST/A2A1[8]
                         net (fo=1, unplaced)         0.000     0.474    bd_0_i/hls_inst/inst/grp_top_kernel_Pipeline_K3_Gaussian_VITIS_LOOP_86_6_fu_3378/mul_6ns_8ns_13_1_1_U1120/tmp_product/DSP_PREADD_DATA.A2A1<8>
                         DSP_MULTIPLIER (Prop_DSP_MULTIPLIER_A2A1[8]_U[9])
                                                      0.647     1.121 f  bd_0_i/hls_inst/inst/grp_top_kernel_Pipeline_K3_Gaussian_VITIS_LOOP_86_6_fu_3378/mul_6ns_8ns_13_1_1_U1120/tmp_product/DSP_MULTIPLIER_INST/U[9]
                         net (fo=1, unplaced)         0.000     1.121    bd_0_i/hls_inst/inst/grp_top_kernel_Pipeline_K3_Gaussian_VITIS_LOOP_86_6_fu_3378/mul_6ns_8ns_13_1_1_U1120/tmp_product/DSP_MULTIPLIER.U<9>
                         DSP_M_DATA (Prop_DSP_M_DATA_U[9]_U_DATA[9])
                                                      0.059     1.180 r  bd_0_i/hls_inst/inst/grp_top_kernel_Pipeline_K3_Gaussian_VITIS_LOOP_86_6_fu_3378/mul_6ns_8ns_13_1_1_U1120/tmp_product/DSP_M_DATA_INST/U_DATA[9]
                         net (fo=1, unplaced)         0.000     1.180    bd_0_i/hls_inst/inst/grp_top_kernel_Pipeline_K3_Gaussian_VITIS_LOOP_86_6_fu_3378/mul_6ns_8ns_13_1_1_U1120/tmp_product/DSP_M_DATA.U_DATA<9>
                         DSP_ALU (Prop_DSP_ALU_U_DATA[9]_ALU_OUT[9])
                                                      0.699     1.879 f  bd_0_i/hls_inst/inst/grp_top_kernel_Pipeline_K3_Gaussian_VITIS_LOOP_86_6_fu_3378/mul_6ns_8ns_13_1_1_U1120/tmp_product/DSP_ALU_INST/ALU_OUT[9]
                         net (fo=1, unplaced)         0.000     1.879    bd_0_i/hls_inst/inst/grp_top_kernel_Pipeline_K3_Gaussian_VITIS_LOOP_86_6_fu_3378/mul_6ns_8ns_13_1_1_U1120/tmp_product/DSP_ALU.ALU_OUT<9>
                         DSP_OUTPUT (Prop_DSP_OUTPUT_ALU_OUT[9]_P[9])
                                                      0.141     2.020 r  bd_0_i/hls_inst/inst/grp_top_kernel_Pipeline_K3_Gaussian_VITIS_LOOP_86_6_fu_3378/mul_6ns_8ns_13_1_1_U1120/tmp_product/DSP_OUTPUT_INST/P[9]
                         net (fo=1, unplaced)         0.209     2.229    bd_0_i/hls_inst/inst/grp_top_kernel_Pipeline_K3_Gaussian_VITIS_LOOP_86_6_fu_3378/mac_muladd_6ns_5ns_5ns_11_4_1_U1121/top_kernel_mac_muladd_6ns_5ns_5ns_11_4_1_DSP48_0_U/p_reg_reg/C[1]
                         DSP_C_DATA                                   r  bd_0_i/hls_inst/inst/grp_top_kernel_Pipeline_K3_Gaussian_VITIS_LOOP_86_6_fu_3378/mac_muladd_6ns_5ns_5ns_11_4_1_U1121/top_kernel_mac_muladd_6ns_5ns_5ns_11_4_1_DSP48_0_U/p_reg_reg/DSP_C_DATA_INST/C[1]
  -------------------------------------------------------------------    -------------------

                         (clock ap_clk rise edge)     4.000     4.000 r  
                                                      0.000     4.000 r  ap_clk (IN)
                         net (fo=68059, unset)        0.044     4.044    bd_0_i/hls_inst/inst/grp_top_kernel_Pipeline_K3_Gaussian_VITIS_LOOP_86_6_fu_3378/mac_muladd_6ns_5ns_5ns_11_4_1_U1121/top_kernel_mac_muladd_6ns_5ns_5ns_11_4_1_DSP48_0_U/p_reg_reg/CLK
                         DSP_C_DATA                                   r  bd_0_i/hls_inst/inst/grp_top_kernel_Pipeline_K3_Gaussian_VITIS_LOOP_86_6_fu_3378/mac_muladd_6ns_5ns_5ns_11_4_1_U1121/top_kernel_mac_muladd_6ns_5ns_5ns_11_4_1_DSP48_0_U/p_reg_reg/DSP_C_DATA_INST/CLK
                         clock pessimism              0.000     4.044    
                         clock uncertainty           -0.035     4.009    
                         DSP_C_DATA (Setup_DSP_C_DATA_CLK_C[1])
                                                     -0.230     3.779    bd_0_i/hls_inst/inst/grp_top_kernel_Pipeline_K3_Gaussian_VITIS_LOOP_86_6_fu_3378/mac_muladd_6ns_5ns_5ns_11_4_1_U1121/top_kernel_mac_muladd_6ns_5ns_5ns_11_4_1_DSP48_0_U/p_reg_reg/DSP_C_DATA_INST
  -------------------------------------------------------------------
                         required time                          3.779    
                         arrival time                          -2.229    
  -------------------------------------------------------------------
                         slack                                  1.550    

Slack (MET) :             1.558ns  (required time - arrival time)
  Source:                 bd_0_i/hls_inst/inst/grp_top_kernel_Pipeline_K3_Gaussian_VITIS_LOOP_86_6_fu_3378/mul_6ns_8ns_13_1_1_U1120/tmp_product/DSP_A_B_DATA_INST/CLK
                            (rising edge-triggered cell DSP_A_B_DATA clocked by ap_clk  {rise@0.000ns fall@2.000ns period=4.000ns})
  Destination:            bd_0_i/hls_inst/inst/grp_top_kernel_Pipeline_K3_Gaussian_VITIS_LOOP_86_6_fu_3378/mac_muladd_6ns_5ns_5ns_11_4_1_U1121/top_kernel_mac_muladd_6ns_5ns_5ns_11_4_1_DSP48_0_U/p_reg_reg/DSP_C_DATA_INST/C[3]
                            (rising edge-triggered cell DSP_C_DATA clocked by ap_clk  {rise@0.000ns fall@2.000ns period=4.000ns})
  Path Group:             ap_clk
  Path Type:              Setup (Max at Slow Process Corner)
  Requirement:            4.000ns  (ap_clk rise@4.000ns - ap_clk rise@0.000ns)
  Data Path Delay:        2.146ns  (logic 1.945ns (90.634%)  route 0.201ns (9.366%))
  Logic Levels:           5  (DSP_ALU=1 DSP_M_DATA=1 DSP_MULTIPLIER=1 DSP_OUTPUT=1 DSP_PREADD_DATA=1)
  Clock Path Skew:        -0.031ns (DCD - SCD + CPR)
    Destination Clock Delay (DCD):    0.044ns = ( 4.044 - 4.000 ) 
    Source Clock Delay      (SCD):    0.075ns
    Clock Pessimism Removal (CPR):    0.000ns
  Clock Uncertainty:      0.035ns  ((TSJ^2 + TIJ^2)^1/2 + DJ) / 2 + PE
    Total System Jitter     (TSJ):    0.071ns
    Total Input Jitter      (TIJ):    0.000ns
    Discrete Jitter          (DJ):    0.000ns
    Phase Error              (PE):    0.000ns

    Location             Delay type                Incr(ns)  Path(ns)    Netlist Resource(s)
  -------------------------------------------------------------------    -------------------
                         (clock ap_clk rise edge)     0.000     0.000 r  
                                                      0.000     0.000 r  ap_clk (IN)
                         net (fo=68059, unset)        0.075     0.075    bd_0_i/hls_inst/inst/grp_top_kernel_Pipeline_K3_Gaussian_VITIS_LOOP_86_6_fu_3378/mul_6ns_8ns_13_1_1_U1120/tmp_product/CLK
                         DSP_A_B_DATA                                 r  bd_0_i/hls_inst/inst/grp_top_kernel_Pipeline_K3_Gaussian_VITIS_LOOP_86_6_fu_3378/mul_6ns_8ns_13_1_1_U1120/tmp_product/DSP_A_B_DATA_INST/CLK
  -------------------------------------------------------------------    -------------------
                         DSP_A_B_DATA (Prop_DSP_A_B_DATA_CLK_A2_DATA[10])
                                                      0.301     0.376 r  bd_0_i/hls_inst/inst/grp_top_kernel_Pipeline_K3_Gaussian_VITIS_LOOP_86_6_fu_3378/mul_6ns_8ns_13_1_1_U1120/tmp_product/DSP_A_B_DATA_INST/A2_DATA[10]
                         net (fo=1, unplaced)         0.000     0.376    bd_0_i/hls_inst/inst/grp_top_kernel_Pipeline_K3_Gaussian_VITIS_LOOP_86_6_fu_3378/mul_6ns_8ns_13_1_1_U1120/tmp_product/DSP_A_B_DATA.A2_DATA<10>
                         DSP_PREADD_DATA (Prop_DSP_PREADD_DATA_A2_DATA[10]_A2A1[10])
                                                      0.098     0.474 r  bd_0_i/hls_inst/inst/grp_top_kernel_Pipeline_K3_Gaussian_VITIS_LOOP_86_6_fu_3378/mul_6ns_8ns_13_1_1_U1120/tmp_product/DSP_PREADD_DATA_INST/A2A1[10]
                         net (fo=1, unplaced)         0.000     0.474    bd_0_i/hls_inst/inst/grp_top_kernel_Pipeline_K3_Gaussian_VITIS_LOOP_86_6_fu_3378/mul_6ns_8ns_13_1_1_U1120/tmp_product/DSP_PREADD_DATA.A2A1<10>
                         DSP_MULTIPLIER (Prop_DSP_MULTIPLIER_A2A1[10]_U[11])
                                                      0.647     1.121 f  bd_0_i/hls_inst/inst/grp_top_kernel_Pipeline_K3_Gaussian_VITIS_LOOP_86_6_fu_3378/mul_6ns_8ns_13_1_1_U1120/tmp_product/DSP_MULTIPLIER_INST/U[11]
                         net (fo=1, unplaced)         0.000     1.121    bd_0_i/hls_inst/inst/grp_top_kernel_Pipeline_K3_Gaussian_VITIS_LOOP_86_6_fu_3378/mul_6ns_8ns_13_1_1_U1120/tmp_product/DSP_MULTIPLIER.U<11>
                         DSP_M_DATA (Prop_DSP_M_DATA_U[11]_U_DATA[11])
                                                      0.059     1.180 r  bd_0_i/hls_inst/inst/grp_top_kernel_Pipeline_K3_Gaussian_VITIS_LOOP_86_6_fu_3378/mul_6ns_8ns_13_1_1_U1120/tmp_product/DSP_M_DATA_INST/U_DATA[11]
                         net (fo=1, unplaced)         0.000     1.180    bd_0_i/hls_inst/inst/grp_top_kernel_Pipeline_K3_Gaussian_VITIS_LOOP_86_6_fu_3378/mul_6ns_8ns_13_1_1_U1120/tmp_product/DSP_M_DATA.U_DATA<11>
                         DSP_ALU (Prop_DSP_ALU_U_DATA[11]_ALU_OUT[11])
                                                      0.699     1.879 f  bd_0_i/hls_inst/inst/grp_top_kernel_Pipeline_K3_Gaussian_VITIS_LOOP_86_6_fu_3378/mul_6ns_8ns_13_1_1_U1120/tmp_product/DSP_ALU_INST/ALU_OUT[11]
                         net (fo=1, unplaced)         0.000     1.879    bd_0_i/hls_inst/inst/grp_top_kernel_Pipeline_K3_Gaussian_VITIS_LOOP_86_6_fu_3378/mul_6ns_8ns_13_1_1_U1120/tmp_product/DSP_ALU.ALU_OUT<11>
                         DSP_OUTPUT (Prop_DSP_OUTPUT_ALU_OUT[11]_P[11])
                                                      0.141     2.020 r  bd_0_i/hls_inst/inst/grp_top_kernel_Pipeline_K3_Gaussian_VITIS_LOOP_86_6_fu_3378/mul_6ns_8ns_13_1_1_U1120/tmp_product/DSP_OUTPUT_INST/P[11]
                         net (fo=1, unplaced)         0.201     2.221    bd_0_i/hls_inst/inst/grp_top_kernel_Pipeline_K3_Gaussian_VITIS_LOOP_86_6_fu_3378/mac_muladd_6ns_5ns_5ns_11_4_1_U1121/top_kernel_mac_muladd_6ns_5ns_5ns_11_4_1_DSP48_0_U/p_reg_reg/C[3]
                         DSP_C_DATA                                   r  bd_0_i/hls_inst/inst/grp_top_kernel_Pipeline_K3_Gaussian_VITIS_LOOP_86_6_fu_3378/mac_muladd_6ns_5ns_5ns_11_4_1_U1121/top_kernel_mac_muladd_6ns_5ns_5ns_11_4_1_DSP48_0_U/p_reg_reg/DSP_C_DATA_INST/C[3]
  -------------------------------------------------------------------    -------------------

                         (clock ap_clk rise edge)     4.000     4.000 r  
                                                      0.000     4.000 r  ap_clk (IN)
                         net (fo=68059, unset)        0.044     4.044    bd_0_i/hls_inst/inst/grp_top_kernel_Pipeline_K3_Gaussian_VITIS_LOOP_86_6_fu_3378/mac_muladd_6ns_5ns_5ns_11_4_1_U1121/top_kernel_mac_muladd_6ns_5ns_5ns_11_4_1_DSP48_0_U/p_reg_reg/CLK
                         DSP_C_DATA                                   r  bd_0_i/hls_inst/inst/grp_top_kernel_Pipeline_K3_Gaussian_VITIS_LOOP_86_6_fu_3378/mac_muladd_6ns_5ns_5ns_11_4_1_U1121/top_kernel_mac_muladd_6ns_5ns_5ns_11_4_1_DSP48_0_U/p_reg_reg/DSP_C_DATA_INST/CLK
                         clock pessimism              0.000     4.044    
                         clock uncertainty           -0.035     4.009    
                         DSP_C_DATA (Setup_DSP_C_DATA_CLK_C[3])
                                                     -0.230     3.779    bd_0_i/hls_inst/inst/grp_top_kernel_Pipeline_K3_Gaussian_VITIS_LOOP_86_6_fu_3378/mac_muladd_6ns_5ns_5ns_11_4_1_U1121/top_kernel_mac_muladd_6ns_5ns_5ns_11_4_1_DSP48_0_U/p_reg_reg/DSP_C_DATA_INST
  -------------------------------------------------------------------
                         required time                          3.779    
                         arrival time                          -2.221    
  -------------------------------------------------------------------
                         slack                                  1.558    

Slack (MET) :             1.572ns  (required time - arrival time)
  Source:                 bd_0_i/hls_inst/inst/grp_top_kernel_Pipeline_K3_Gaussian_VITIS_LOOP_86_6_fu_3378/mul_6ns_8ns_13_1_1_U1120/tmp_product/DSP_A_B_DATA_INST/CLK
                            (rising edge-triggered cell DSP_A_B_DATA clocked by ap_clk  {rise@0.000ns fall@2.000ns period=4.000ns})
  Destination:            bd_0_i/hls_inst/inst/grp_top_kernel_Pipeline_K3_Gaussian_VITIS_LOOP_86_6_fu_3378/mac_muladd_6ns_5ns_5ns_11_4_1_U1121/top_kernel_mac_muladd_6ns_5ns_5ns_11_4_1_DSP48_0_U/p_reg_reg/DSP_C_DATA_INST/C[2]
                            (rising edge-triggered cell DSP_C_DATA clocked by ap_clk  {rise@0.000ns fall@2.000ns period=4.000ns})
  Path Group:             ap_clk
  Path Type:              Setup (Max at Slow Process Corner)
  Requirement:            4.000ns  (ap_clk rise@4.000ns - ap_clk rise@0.000ns)
  Data Path Delay:        2.135ns  (logic 1.945ns (91.101%)  route 0.190ns (8.899%))
  Logic Levels:           5  (DSP_ALU=1 DSP_M_DATA=1 DSP_MULTIPLIER=1 DSP_OUTPUT=1 DSP_PREADD_DATA=1)
  Clock Path Skew:        -0.031ns (DCD - SCD + CPR)
    Destination Clock Delay (DCD):    0.044ns = ( 4.044 - 4.000 ) 
    Source Clock Delay      (SCD):    0.075ns
    Clock Pessimism Removal (CPR):    0.000ns
  Clock Uncertainty:      0.035ns  ((TSJ^2 + TIJ^2)^1/2 + DJ) / 2 + PE
    Total System Jitter     (TSJ):    0.071ns
    Total Input Jitter      (TIJ):    0.000ns
    Discrete Jitter          (DJ):    0.000ns
    Phase Error              (PE):    0.000ns

    Location             Delay type                Incr(ns)  Path(ns)    Netlist Resource(s)
  -------------------------------------------------------------------    -------------------
                         (clock ap_clk rise edge)     0.000     0.000 r  
                                                      0.000     0.000 r  ap_clk (IN)
                         net (fo=68059, unset)        0.075     0.075    bd_0_i/hls_inst/inst/grp_top_kernel_Pipeline_K3_Gaussian_VITIS_LOOP_86_6_fu_3378/mul_6ns_8ns_13_1_1_U1120/tmp_product/CLK
                         DSP_A_B_DATA                                 r  bd_0_i/hls_inst/inst/grp_top_kernel_Pipeline_K3_Gaussian_VITIS_LOOP_86_6_fu_3378/mul_6ns_8ns_13_1_1_U1120/tmp_product/DSP_A_B_DATA_INST/CLK
  -------------------------------------------------------------------    -------------------
                         DSP_A_B_DATA (Prop_DSP_A_B_DATA_CLK_A2_DATA[9])
                                                      0.301     0.376 r  bd_0_i/hls_inst/inst/grp_top_kernel_Pipeline_K3_Gaussian_VITIS_LOOP_86_6_fu_3378/mul_6ns_8ns_13_1_1_U1120/tmp_product/DSP_A_B_DATA_INST/A2_DATA[9]
                         net (fo=1, unplaced)         0.000     0.376    bd_0_i/hls_inst/inst/grp_top_kernel_Pipeline_K3_Gaussian_VITIS_LOOP_86_6_fu_3378/mul_6ns_8ns_13_1_1_U1120/tmp_product/DSP_A_B_DATA.A2_DATA<9>
                         DSP_PREADD_DATA (Prop_DSP_PREADD_DATA_A2_DATA[9]_A2A1[9])
                                                      0.098     0.474 r  bd_0_i/hls_inst/inst/grp_top_kernel_Pipeline_K3_Gaussian_VITIS_LOOP_86_6_fu_3378/mul_6ns_8ns_13_1_1_U1120/tmp_product/DSP_PREADD_DATA_INST/A2A1[9]
                         net (fo=1, unplaced)         0.000     0.474    bd_0_i/hls_inst/inst/grp_top_kernel_Pipeline_K3_Gaussian_VITIS_LOOP_86_6_fu_3378/mul_6ns_8ns_13_1_1_U1120/tmp_product/DSP_PREADD_DATA.A2A1<9>
                         DSP_MULTIPLIER (Prop_DSP_MULTIPLIER_A2A1[9]_U[10])
                                                      0.647     1.121 f  bd_0_i/hls_inst/inst/grp_top_kernel_Pipeline_K3_Gaussian_VITIS_LOOP_86_6_fu_3378/mul_6ns_8ns_13_1_1_U1120/tmp_product/DSP_MULTIPLIER_INST/U[10]
                         net (fo=1, unplaced)         0.000     1.121    bd_0_i/hls_inst/inst/grp_top_kernel_Pipeline_K3_Gaussian_VITIS_LOOP_86_6_fu_3378/mul_6ns_8ns_13_1_1_U1120/tmp_product/DSP_MULTIPLIER.U<10>
                         DSP_M_DATA (Prop_DSP_M_DATA_U[10]_U_DATA[10])
                                                      0.059     1.180 r  bd_0_i/hls_inst/inst/grp_top_kernel_Pipeline_K3_Gaussian_VITIS_LOOP_86_6_fu_3378/mul_6ns_8ns_13_1_1_U1120/tmp_product/DSP_M_DATA_INST/U_DATA[10]
                         net (fo=1, unplaced)         0.000     1.180    bd_0_i/hls_inst/inst/grp_top_kernel_Pipeline_K3_Gaussian_VITIS_LOOP_86_6_fu_3378/mul_6ns_8ns_13_1_1_U1120/tmp_product/DSP_M_DATA.U_DATA<10>
                         DSP_ALU (Prop_DSP_ALU_U_DATA[10]_ALU_OUT[10])
                                                      0.699     1.879 f  bd_0_i/hls_inst/inst/grp_top_kernel_Pipeline_K3_Gaussian_VITIS_LOOP_86_6_fu_3378/mul_6ns_8ns_13_1_1_U1120/tmp_product/DSP_ALU_INST/ALU_OUT[10]
                         net (fo=1, unplaced)         0.000     1.879    bd_0_i/hls_inst/inst/grp_top_kernel_Pipeline_K3_Gaussian_VITIS_LOOP_86_6_fu_3378/mul_6ns_8ns_13_1_1_U1120/tmp_product/DSP_ALU.ALU_OUT<10>
                         DSP_OUTPUT (Prop_DSP_OUTPUT_ALU_OUT[10]_P[10])
                                                      0.141     2.020 r  bd_0_i/hls_inst/inst/grp_top_kernel_Pipeline_K3_Gaussian_VITIS_LOOP_86_6_fu_3378/mul_6ns_8ns_13_1_1_U1120/tmp_product/DSP_OUTPUT_INST/P[10]
                         net (fo=1, unplaced)         0.190     2.210    bd_0_i/hls_inst/inst/grp_top_kernel_Pipeline_K3_Gaussian_VITIS_LOOP_86_6_fu_3378/mac_muladd_6ns_5ns_5ns_11_4_1_U1121/top_kernel_mac_muladd_6ns_5ns_5ns_11_4_1_DSP48_0_U/p_reg_reg/C[2]
                         DSP_C_DATA                                   r  bd_0_i/hls_inst/inst/grp_top_kernel_Pipeline_K3_Gaussian_VITIS_LOOP_86_6_fu_3378/mac_muladd_6ns_5ns_5ns_11_4_1_U1121/top_kernel_mac_muladd_6ns_5ns_5ns_11_4_1_DSP48_0_U/p_reg_reg/DSP_C_DATA_INST/C[2]
  -------------------------------------------------------------------    -------------------

                         (clock ap_clk rise edge)     4.000     4.000 r  
                                                      0.000     4.000 r  ap_clk (IN)
                         net (fo=68059, unset)        0.044     4.044    bd_0_i/hls_inst/inst/grp_top_kernel_Pipeline_K3_Gaussian_VITIS_LOOP_86_6_fu_3378/mac_muladd_6ns_5ns_5ns_11_4_1_U1121/top_kernel_mac_muladd_6ns_5ns_5ns_11_4_1_DSP48_0_U/p_reg_reg/CLK
                         DSP_C_DATA                                   r  bd_0_i/hls_inst/inst/grp_top_kernel_Pipeline_K3_Gaussian_VITIS_LOOP_86_6_fu_3378/mac_muladd_6ns_5ns_5ns_11_4_1_U1121/top_kernel_mac_muladd_6ns_5ns_5ns_11_4_1_DSP48_0_U/p_reg_reg/DSP_C_DATA_INST/CLK
                         clock pessimism              0.000     4.044    
                         clock uncertainty           -0.035     4.009    
                         DSP_C_DATA (Setup_DSP_C_DATA_CLK_C[2])
                                                     -0.227     3.782    bd_0_i/hls_inst/inst/grp_top_kernel_Pipeline_K3_Gaussian_VITIS_LOOP_86_6_fu_3378/mac_muladd_6ns_5ns_5ns_11_4_1_U1121/top_kernel_mac_muladd_6ns_5ns_5ns_11_4_1_DSP48_0_U/p_reg_reg/DSP_C_DATA_INST
  -------------------------------------------------------------------
                         required time                          3.782    
                         arrival time                          -2.210    
  -------------------------------------------------------------------
                         slack                                  1.572    

Slack (MET) :             1.581ns  (required time - arrival time)
  Source:                 bd_0_i/hls_inst/inst/grp_top_kernel_Pipeline_K3_Gaussian_VITIS_LOOP_86_6_fu_3378/mul_6ns_8ns_13_1_1_U1120/tmp_product/DSP_A_B_DATA_INST/CLK
                            (rising edge-triggered cell DSP_A_B_DATA clocked by ap_clk  {rise@0.000ns fall@2.000ns period=4.000ns})
  Destination:            bd_0_i/hls_inst/inst/grp_top_kernel_Pipeline_K3_Gaussian_VITIS_LOOP_86_6_fu_3378/mac_muladd_6ns_5ns_5ns_11_4_1_U1121/top_kernel_mac_muladd_6ns_5ns_5ns_11_4_1_DSP48_0_U/p_reg_reg/DSP_C_DATA_INST/C[4]
                            (rising edge-triggered cell DSP_C_DATA clocked by ap_clk  {rise@0.000ns fall@2.000ns period=4.000ns})
  Path Group:             ap_clk
  Path Type:              Setup (Max at Slow Process Corner)
  Requirement:            4.000ns  (ap_clk rise@4.000ns - ap_clk rise@0.000ns)
  Data Path Delay:        2.123ns  (logic 1.945ns (91.616%)  route 0.178ns (8.384%))
  Logic Levels:           5  (DSP_ALU=1 DSP_M_DATA=1 DSP_MULTIPLIER=1 DSP_OUTPUT=1 DSP_PREADD_DATA=1)
  Clock Path Skew:        -0.031ns (DCD - SCD + CPR)
    Destination Clock Delay (DCD):    0.044ns = ( 4.044 - 4.000 ) 
    Source Clock Delay      (SCD):    0.075ns
    Clock Pessimism Removal (CPR):    0.000ns
  Clock Uncertainty:      0.035ns  ((TSJ^2 + TIJ^2)^1/2 + DJ) / 2 + PE
    Total System Jitter     (TSJ):    0.071ns
    Total Input Jitter      (TIJ):    0.000ns
    Discrete Jitter          (DJ):    0.000ns
    Phase Error              (PE):    0.000ns

    Location             Delay type                Incr(ns)  Path(ns)    Netlist Resource(s)
  -------------------------------------------------------------------    -------------------
                         (clock ap_clk rise edge)     0.000     0.000 r  
                                                      0.000     0.000 r  ap_clk (IN)
                         net (fo=68059, unset)        0.075     0.075    bd_0_i/hls_inst/inst/grp_top_kernel_Pipeline_K3_Gaussian_VITIS_LOOP_86_6_fu_3378/mul_6ns_8ns_13_1_1_U1120/tmp_product/CLK
                         DSP_A_B_DATA                                 r  bd_0_i/hls_inst/inst/grp_top_kernel_Pipeline_K3_Gaussian_VITIS_LOOP_86_6_fu_3378/mul_6ns_8ns_13_1_1_U1120/tmp_product/DSP_A_B_DATA_INST/CLK
  -------------------------------------------------------------------    -------------------
                         DSP_A_B_DATA (Prop_DSP_A_B_DATA_CLK_A2_DATA[11])
                                                      0.301     0.376 r  bd_0_i/hls_inst/inst/grp_top_kernel_Pipeline_K3_Gaussian_VITIS_LOOP_86_6_fu_3378/mul_6ns_8ns_13_1_1_U1120/tmp_product/DSP_A_B_DATA_INST/A2_DATA[11]
                         net (fo=1, unplaced)         0.000     0.376    bd_0_i/hls_inst/inst/grp_top_kernel_Pipeline_K3_Gaussian_VITIS_LOOP_86_6_fu_3378/mul_6ns_8ns_13_1_1_U1120/tmp_product/DSP_A_B_DATA.A2_DATA<11>
                         DSP_PREADD_DATA (Prop_DSP_PREADD_DATA_A2_DATA[11]_A2A1[11])
                                                      0.098     0.474 r  bd_0_i/hls_inst/inst/grp_top_kernel_Pipeline_K3_Gaussian_VITIS_LOOP_86_6_fu_3378/mul_6ns_8ns_13_1_1_U1120/tmp_product/DSP_PREADD_DATA_INST/A2A1[11]
                         net (fo=1, unplaced)         0.000     0.474    bd_0_i/hls_inst/inst/grp_top_kernel_Pipeline_K3_Gaussian_VITIS_LOOP_86_6_fu_3378/mul_6ns_8ns_13_1_1_U1120/tmp_product/DSP_PREADD_DATA.A2A1<11>
                         DSP_MULTIPLIER (Prop_DSP_MULTIPLIER_A2A1[11]_U[12])
                                                      0.647     1.121 f  bd_0_i/hls_inst/inst/grp_top_kernel_Pipeline_K3_Gaussian_VITIS_LOOP_86_6_fu_3378/mul_6ns_8ns_13_1_1_U1120/tmp_product/DSP_MULTIPLIER_INST/U[12]
                         net (fo=1, unplaced)         0.000     1.121    bd_0_i/hls_inst/inst/grp_top_kernel_Pipeline_K3_Gaussian_VITIS_LOOP_86_6_fu_3378/mul_6ns_8ns_13_1_1_U1120/tmp_product/DSP_MULTIPLIER.U<12>
                         DSP_M_DATA (Prop_DSP_M_DATA_U[12]_U_DATA[12])
                                                      0.059     1.180 r  bd_0_i/hls_inst/inst/grp_top_kernel_Pipeline_K3_Gaussian_VITIS_LOOP_86_6_fu_3378/mul_6ns_8ns_13_1_1_U1120/tmp_product/DSP_M_DATA_INST/U_DATA[12]
                         net (fo=1, unplaced)         0.000     1.180    bd_0_i/hls_inst/inst/grp_top_kernel_Pipeline_K3_Gaussian_VITIS_LOOP_86_6_fu_3378/mul_6ns_8ns_13_1_1_U1120/tmp_product/DSP_M_DATA.U_DATA<12>
                         DSP_ALU (Prop_DSP_ALU_U_DATA[12]_ALU_OUT[12])
                                                      0.699     1.879 f  bd_0_i/hls_inst/inst/grp_top_kernel_Pipeline_K3_Gaussian_VITIS_LOOP_86_6_fu_3378/mul_6ns_8ns_13_1_1_U1120/tmp_product/DSP_ALU_INST/ALU_OUT[12]
                         net (fo=1, unplaced)         0.000     1.879    bd_0_i/hls_inst/inst/grp_top_kernel_Pipeline_K3_Gaussian_VITIS_LOOP_86_6_fu_3378/mul_6ns_8ns_13_1_1_U1120/tmp_product/DSP_ALU.ALU_OUT<12>
                         DSP_OUTPUT (Prop_DSP_OUTPUT_ALU_OUT[12]_P[12])
                                                      0.141     2.020 r  bd_0_i/hls_inst/inst/grp_top_kernel_Pipeline_K3_Gaussian_VITIS_LOOP_86_6_fu_3378/mul_6ns_8ns_13_1_1_U1120/tmp_product/DSP_OUTPUT_INST/P[12]
                         net (fo=1, unplaced)         0.178     2.198    bd_0_i/hls_inst/inst/grp_top_kernel_Pipeline_K3_Gaussian_VITIS_LOOP_86_6_fu_3378/mac_muladd_6ns_5ns_5ns_11_4_1_U1121/top_kernel_mac_muladd_6ns_5ns_5ns_11_4_1_DSP48_0_U/p_reg_reg/C[4]
                         DSP_C_DATA                                   r  bd_0_i/hls_inst/inst/grp_top_kernel_Pipeline_K3_Gaussian_VITIS_LOOP_86_6_fu_3378/mac_muladd_6ns_5ns_5ns_11_4_1_U1121/top_kernel_mac_muladd_6ns_5ns_5ns_11_4_1_DSP48_0_U/p_reg_reg/DSP_C_DATA_INST/C[4]
  -------------------------------------------------------------------    -------------------

                         (clock ap_clk rise edge)     4.000     4.000 r  
                                                      0.000     4.000 r  ap_clk (IN)
                         net (fo=68059, unset)        0.044     4.044    bd_0_i/hls_inst/inst/grp_top_kernel_Pipeline_K3_Gaussian_VITIS_LOOP_86_6_fu_3378/mac_muladd_6ns_5ns_5ns_11_4_1_U1121/top_kernel_mac_muladd_6ns_5ns_5ns_11_4_1_DSP48_0_U/p_reg_reg/CLK
                         DSP_C_DATA                                   r  bd_0_i/hls_inst/inst/grp_top_kernel_Pipeline_K3_Gaussian_VITIS_LOOP_86_6_fu_3378/mac_muladd_6ns_5ns_5ns_11_4_1_U1121/top_kernel_mac_muladd_6ns_5ns_5ns_11_4_1_DSP48_0_U/p_reg_reg/DSP_C_DATA_INST/CLK
                         clock pessimism              0.000     4.044    
                         clock uncertainty           -0.035     4.009    
                         DSP_C_DATA (Setup_DSP_C_DATA_CLK_C[4])
                                                     -0.230     3.779    bd_0_i/hls_inst/inst/grp_top_kernel_Pipeline_K3_Gaussian_VITIS_LOOP_86_6_fu_3378/mac_muladd_6ns_5ns_5ns_11_4_1_U1121/top_kernel_mac_muladd_6ns_5ns_5ns_11_4_1_DSP48_0_U/p_reg_reg/DSP_C_DATA_INST
  -------------------------------------------------------------------
                         required time                          3.779    
                         arrival time                          -2.198    
  -------------------------------------------------------------------
                         slack                                  1.581    

Slack (MET) :             1.739ns  (required time - arrival time)
  Source:                 bd_0_i/hls_inst/inst/grp_top_kernel_Pipeline_K3_Gaussian_VITIS_LOOP_86_6_fu_3378/ap_CS_fsm_reg[0]/C
                            (rising edge-triggered cell FDSE clocked by ap_clk  {rise@0.000ns fall@2.000ns period=4.000ns})
  Destination:            bd_0_i/hls_inst/inst/p_ZZ10top_kernelPKfS0_S0_PfE9equalized_0_1_U/ram_reg_bram_0/ADDRARDADDR[12]
                            (rising edge-triggered cell RAMB36E2 clocked by ap_clk  {rise@0.000ns fall@2.000ns period=4.000ns})
  Path Group:             ap_clk
  Path Type:              Setup (Max at Slow Process Corner)
  Requirement:            4.000ns  (ap_clk rise@4.000ns - ap_clk rise@0.000ns)
  Data Path Delay:        1.927ns  (logic 0.338ns (17.540%)  route 1.589ns (82.460%))
  Logic Levels:           5  (LUT2=2 LUT5=1 LUT6=2)
  Clock Path Skew:        0.004ns (DCD - SCD + CPR)
    Destination Clock Delay (DCD):    0.041ns = ( 4.041 - 4.000 ) 
    Source Clock Delay      (SCD):    0.037ns
    Clock Pessimism Removal (CPR):    0.000ns
  Clock Uncertainty:      0.035ns  ((TSJ^2 + TIJ^2)^1/2 + DJ) / 2 + PE
    Total System Jitter     (TSJ):    0.071ns
    Total Input Jitter      (TIJ):    0.000ns
    Discrete Jitter          (DJ):    0.000ns
    Phase Error              (PE):    0.000ns

    Location             Delay type                Incr(ns)  Path(ns)    Netlist Resource(s)
  -------------------------------------------------------------------    -------------------
                         (clock ap_clk rise edge)     0.000     0.000 r  
                                                      0.000     0.000 r  ap_clk (IN)
                         net (fo=68059, unset)        0.037     0.037    bd_0_i/hls_inst/inst/grp_top_kernel_Pipeline_K3_Gaussian_VITIS_LOOP_86_6_fu_3378/ap_clk
                         FDSE                                         r  bd_0_i/hls_inst/inst/grp_top_kernel_Pipeline_K3_Gaussian_VITIS_LOOP_86_6_fu_3378/ap_CS_fsm_reg[0]/C
  -------------------------------------------------------------------    -------------------
                         FDSE (Prop_FDSE_C_Q)         0.093     0.130 f  bd_0_i/hls_inst/inst/grp_top_kernel_Pipeline_K3_Gaussian_VITIS_LOOP_86_6_fu_3378/ap_CS_fsm_reg[0]/Q
                         net (fo=2218, unplaced)      0.314     0.444    bd_0_i/hls_inst/inst/grp_top_kernel_Pipeline_K3_Gaussian_VITIS_LOOP_86_6_fu_3378/Q[0]
                         LUT2 (Prop_LUT2_I1_O)        0.040     0.484 f  bd_0_i/hls_inst/inst/grp_top_kernel_Pipeline_K3_Gaussian_VITIS_LOOP_86_6_fu_3378/select_ln91_2_reg_5113[31]_i_1/O
                         net (fo=211, unplaced)       0.316     0.800    bd_0_i/hls_inst/inst/grp_top_kernel_Pipeline_K3_Gaussian_VITIS_LOOP_86_6_fu_3378/select_ln91_12_reg_54030
                         LUT2 (Prop_LUT2_I1_O)        0.085     0.885 r  bd_0_i/hls_inst/inst/grp_top_kernel_Pipeline_K3_Gaussian_VITIS_LOOP_86_6_fu_3378/ram_reg_bram_0_i_44__2/O
                         net (fo=21, unplaced)        0.264     1.149    bd_0_i/hls_inst/inst/grp_top_kernel_Pipeline_K3_Gaussian_VITIS_LOOP_86_6_fu_3378/ram_reg_bram_0_i_44__2_n_0
                         LUT6 (Prop_LUT6_I4_O)        0.040     1.189 r  bd_0_i/hls_inst/inst/grp_top_kernel_Pipeline_K3_Gaussian_VITIS_LOOP_86_6_fu_3378/ram_reg_bram_0_i_12__5/O
                         net (fo=1, unplaced)         0.214     1.403    bd_0_i/hls_inst/inst/grp_top_kernel_Pipeline_K3_Gaussian_VITIS_LOOP_86_6_fu_3378/ram_reg_bram_0_i_12__5_n_0
                         LUT6 (Prop_LUT6_I5_O)        0.040     1.443 r  bd_0_i/hls_inst/inst/grp_top_kernel_Pipeline_K3_Gaussian_VITIS_LOOP_86_6_fu_3378/ram_reg_bram_0_i_8__5/O
                         net (fo=1, unplaced)         0.214     1.657    bd_0_i/hls_inst/inst/grp_top_kernel_Pipeline_K3_Gaussian_VITIS_LOOP_86_6_fu_3378/ram_reg_bram_0_i_8__5_n_0
                         LUT5 (Prop_LUT5_I0_O)        0.040     1.697 r  bd_0_i/hls_inst/inst/grp_top_kernel_Pipeline_K3_Gaussian_VITIS_LOOP_86_6_fu_3378/ram_reg_bram_0_i_2__6/O
                         net (fo=1, unplaced)         0.267     1.964    bd_0_i/hls_inst/inst/p_ZZ10top_kernelPKfS0_S0_PfE9equalized_0_1_U/ADDRARDADDR[7]
                         RAMB36E2                                     r  bd_0_i/hls_inst/inst/p_ZZ10top_kernelPKfS0_S0_PfE9equalized_0_1_U/ram_reg_bram_0/ADDRARDADDR[12]
  -------------------------------------------------------------------    -------------------

                         (clock ap_clk rise edge)     4.000     4.000 r  
                                                      0.000     4.000 r  ap_clk (IN)
                         net (fo=68059, unset)        0.041     4.041    bd_0_i/hls_inst/inst/p_ZZ10top_kernelPKfS0_S0_PfE9equalized_0_1_U/ap_clk
                         RAMB36E2                                     r  bd_0_i/hls_inst/inst/p_ZZ10top_kernelPKfS0_S0_PfE9equalized_0_1_U/ram_reg_bram_0/CLKARDCLK
                         clock pessimism              0.000     4.041    
                         clock uncertainty           -0.035     4.006    
                         RAMB36E2 (Setup_RAMB36E2_CLKARDCLK_ADDRARDADDR[12])
                                                     -0.303     3.703    bd_0_i/hls_inst/inst/p_ZZ10top_kernelPKfS0_S0_PfE9equalized_0_1_U/ram_reg_bram_0
  -------------------------------------------------------------------
                         required time                          3.703    
                         arrival time                          -1.964    
  -------------------------------------------------------------------
                         slack                                  1.739    

Slack (MET) :             1.739ns  (required time - arrival time)
  Source:                 bd_0_i/hls_inst/inst/grp_top_kernel_Pipeline_K3_Gaussian_VITIS_LOOP_86_6_fu_3378/ap_CS_fsm_reg[0]/C
                            (rising edge-triggered cell FDSE clocked by ap_clk  {rise@0.000ns fall@2.000ns period=4.000ns})
  Destination:            bd_0_i/hls_inst/inst/p_ZZ10top_kernelPKfS0_S0_PfE9equalized_0_2_U/ram_reg_bram_0/ADDRARDADDR[12]
                            (rising edge-triggered cell RAMB36E2 clocked by ap_clk  {rise@0.000ns fall@2.000ns period=4.000ns})
  Path Group:             ap_clk
  Path Type:              Setup (Max at Slow Process Corner)
  Requirement:            4.000ns  (ap_clk rise@4.000ns - ap_clk rise@0.000ns)
  Data Path Delay:        1.927ns  (logic 0.338ns (17.540%)  route 1.589ns (82.460%))
  Logic Levels:           5  (LUT2=2 LUT5=1 LUT6=2)
  Clock Path Skew:        0.004ns (DCD - SCD + CPR)
    Destination Clock Delay (DCD):    0.041ns = ( 4.041 - 4.000 ) 
    Source Clock Delay      (SCD):    0.037ns
    Clock Pessimism Removal (CPR):    0.000ns
  Clock Uncertainty:      0.035ns  ((TSJ^2 + TIJ^2)^1/2 + DJ) / 2 + PE
    Total System Jitter     (TSJ):    0.071ns
    Total Input Jitter      (TIJ):    0.000ns
    Discrete Jitter          (DJ):    0.000ns
    Phase Error              (PE):    0.000ns

    Location             Delay type                Incr(ns)  Path(ns)    Netlist Resource(s)
  -------------------------------------------------------------------    -------------------
                         (clock ap_clk rise edge)     0.000     0.000 r  
                                                      0.000     0.000 r  ap_clk (IN)
                         net (fo=68059, unset)        0.037     0.037    bd_0_i/hls_inst/inst/grp_top_kernel_Pipeline_K3_Gaussian_VITIS_LOOP_86_6_fu_3378/ap_clk
                         FDSE                                         r  bd_0_i/hls_inst/inst/grp_top_kernel_Pipeline_K3_Gaussian_VITIS_LOOP_86_6_fu_3378/ap_CS_fsm_reg[0]/C
  -------------------------------------------------------------------    -------------------
                         FDSE (Prop_FDSE_C_Q)         0.093     0.130 f  bd_0_i/hls_inst/inst/grp_top_kernel_Pipeline_K3_Gaussian_VITIS_LOOP_86_6_fu_3378/ap_CS_fsm_reg[0]/Q
                         net (fo=2218, unplaced)      0.314     0.444    bd_0_i/hls_inst/inst/grp_top_kernel_Pipeline_K3_Gaussian_VITIS_LOOP_86_6_fu_3378/Q[0]
                         LUT2 (Prop_LUT2_I1_O)        0.040     0.484 f  bd_0_i/hls_inst/inst/grp_top_kernel_Pipeline_K3_Gaussian_VITIS_LOOP_86_6_fu_3378/select_ln91_2_reg_5113[31]_i_1/O
                         net (fo=211, unplaced)       0.316     0.800    bd_0_i/hls_inst/inst/grp_top_kernel_Pipeline_K3_Gaussian_VITIS_LOOP_86_6_fu_3378/select_ln91_12_reg_54030
                         LUT2 (Prop_LUT2_I1_O)        0.085     0.885 r  bd_0_i/hls_inst/inst/grp_top_kernel_Pipeline_K3_Gaussian_VITIS_LOOP_86_6_fu_3378/ram_reg_bram_0_i_44__2/O
                         net (fo=21, unplaced)        0.264     1.149    bd_0_i/hls_inst/inst/grp_top_kernel_Pipeline_K3_Gaussian_VITIS_LOOP_86_6_fu_3378/ram_reg_bram_0_i_44__2_n_0
                         LUT6 (Prop_LUT6_I4_O)        0.040     1.189 r  bd_0_i/hls_inst/inst/grp_top_kernel_Pipeline_K3_Gaussian_VITIS_LOOP_86_6_fu_3378/ram_reg_bram_0_i_12__6/O
                         net (fo=1, unplaced)         0.214     1.403    bd_0_i/hls_inst/inst/grp_top_kernel_Pipeline_K3_Gaussian_VITIS_LOOP_86_6_fu_3378/ram_reg_bram_0_i_12__6_n_0
                         LUT6 (Prop_LUT6_I5_O)        0.040     1.443 r  bd_0_i/hls_inst/inst/grp_top_kernel_Pipeline_K3_Gaussian_VITIS_LOOP_86_6_fu_3378/ram_reg_bram_0_i_8__6/O
                         net (fo=1, unplaced)         0.214     1.657    bd_0_i/hls_inst/inst/grp_top_kernel_Pipeline_K3_Gaussian_VITIS_LOOP_86_6_fu_3378/ram_reg_bram_0_i_8__6_n_0
                         LUT5 (Prop_LUT5_I0_O)        0.040     1.697 r  bd_0_i/hls_inst/inst/grp_top_kernel_Pipeline_K3_Gaussian_VITIS_LOOP_86_6_fu_3378/ram_reg_bram_0_i_2__7/O
                         net (fo=1, unplaced)         0.267     1.964    bd_0_i/hls_inst/inst/p_ZZ10top_kernelPKfS0_S0_PfE9equalized_0_2_U/ADDRARDADDR[7]
                         RAMB36E2                                     r  bd_0_i/hls_inst/inst/p_ZZ10top_kernelPKfS0_S0_PfE9equalized_0_2_U/ram_reg_bram_0/ADDRARDADDR[12]
  -------------------------------------------------------------------    -------------------

                         (clock ap_clk rise edge)     4.000     4.000 r  
                                                      0.000     4.000 r  ap_clk (IN)
                         net (fo=68059, unset)        0.041     4.041    bd_0_i/hls_inst/inst/p_ZZ10top_kernelPKfS0_S0_PfE9equalized_0_2_U/ap_clk
                         RAMB36E2                                     r  bd_0_i/hls_inst/inst/p_ZZ10top_kernelPKfS0_S0_PfE9equalized_0_2_U/ram_reg_bram_0/CLKARDCLK
                         clock pessimism              0.000     4.041    
                         clock uncertainty           -0.035     4.006    
                         RAMB36E2 (Setup_RAMB36E2_CLKARDCLK_ADDRARDADDR[12])
                                                     -0.303     3.703    bd_0_i/hls_inst/inst/p_ZZ10top_kernelPKfS0_S0_PfE9equalized_0_2_U/ram_reg_bram_0
  -------------------------------------------------------------------
                         required time                          3.703    
                         arrival time                          -1.964    
  -------------------------------------------------------------------
                         slack                                  1.739    

Slack (MET) :             1.739ns  (required time - arrival time)
  Source:                 bd_0_i/hls_inst/inst/grp_top_kernel_Pipeline_K3_Gaussian_VITIS_LOOP_86_6_fu_3378/ap_CS_fsm_reg[0]/C
                            (rising edge-triggered cell FDSE clocked by ap_clk  {rise@0.000ns fall@2.000ns period=4.000ns})
  Destination:            bd_0_i/hls_inst/inst/p_ZZ10top_kernelPKfS0_S0_PfE9equalized_0_3_U/ram_reg_bram_0/ADDRARDADDR[12]
                            (rising edge-triggered cell RAMB36E2 clocked by ap_clk  {rise@0.000ns fall@2.000ns period=4.000ns})
  Path Group:             ap_clk
  Path Type:              Setup (Max at Slow Process Corner)
  Requirement:            4.000ns  (ap_clk rise@4.000ns - ap_clk rise@0.000ns)
  Data Path Delay:        1.927ns  (logic 0.338ns (17.540%)  route 1.589ns (82.460%))
  Logic Levels:           5  (LUT2=2 LUT5=2 LUT6=1)
  Clock Path Skew:        0.004ns (DCD - SCD + CPR)
    Destination Clock Delay (DCD):    0.041ns = ( 4.041 - 4.000 ) 
    Source Clock Delay      (SCD):    0.037ns
    Clock Pessimism Removal (CPR):    0.000ns
  Clock Uncertainty:      0.035ns  ((TSJ^2 + TIJ^2)^1/2 + DJ) / 2 + PE
    Total System Jitter     (TSJ):    0.071ns
    Total Input Jitter      (TIJ):    0.000ns
    Discrete Jitter          (DJ):    0.000ns
    Phase Error              (PE):    0.000ns

    Location             Delay type                Incr(ns)  Path(ns)    Netlist Resource(s)
  -------------------------------------------------------------------    -------------------
                         (clock ap_clk rise edge)     0.000     0.000 r  
                                                      0.000     0.000 r  ap_clk (IN)
                         net (fo=68059, unset)        0.037     0.037    bd_0_i/hls_inst/inst/grp_top_kernel_Pipeline_K3_Gaussian_VITIS_LOOP_86_6_fu_3378/ap_clk
                         FDSE                                         r  bd_0_i/hls_inst/inst/grp_top_kernel_Pipeline_K3_Gaussian_VITIS_LOOP_86_6_fu_3378/ap_CS_fsm_reg[0]/C
  -------------------------------------------------------------------    -------------------
                         FDSE (Prop_FDSE_C_Q)         0.093     0.130 f  bd_0_i/hls_inst/inst/grp_top_kernel_Pipeline_K3_Gaussian_VITIS_LOOP_86_6_fu_3378/ap_CS_fsm_reg[0]/Q
                         net (fo=2218, unplaced)      0.314     0.444    bd_0_i/hls_inst/inst/grp_top_kernel_Pipeline_K3_Gaussian_VITIS_LOOP_86_6_fu_3378/Q[0]
                         LUT2 (Prop_LUT2_I1_O)        0.040     0.484 f  bd_0_i/hls_inst/inst/grp_top_kernel_Pipeline_K3_Gaussian_VITIS_LOOP_86_6_fu_3378/select_ln91_2_reg_5113[31]_i_1/O
                         net (fo=211, unplaced)       0.316     0.800    bd_0_i/hls_inst/inst/grp_top_kernel_Pipeline_K3_Gaussian_VITIS_LOOP_86_6_fu_3378/select_ln91_12_reg_54030
                         LUT2 (Prop_LUT2_I1_O)        0.085     0.885 r  bd_0_i/hls_inst/inst/grp_top_kernel_Pipeline_K3_Gaussian_VITIS_LOOP_86_6_fu_3378/ram_reg_bram_0_i_44__2/O
                         net (fo=21, unplaced)        0.264     1.149    bd_0_i/hls_inst/inst/grp_top_kernel_Pipeline_K3_Gaussian_VITIS_LOOP_86_6_fu_3378/ram_reg_bram_0_i_44__2_n_0
                         LUT6 (Prop_LUT6_I5_O)        0.040     1.189 r  bd_0_i/hls_inst/inst/grp_top_kernel_Pipeline_K3_Gaussian_VITIS_LOOP_86_6_fu_3378/ram_reg_bram_0_i_15__7/O
                         net (fo=1, unplaced)         0.214     1.403    bd_0_i/hls_inst/inst/grp_top_kernel_Pipeline_K3_Gaussian_VITIS_LOOP_86_6_fu_3378/ram_reg_bram_0_i_15__7_n_0
                         LUT5 (Prop_LUT5_I4_O)        0.040     1.443 r  bd_0_i/hls_inst/inst/grp_top_kernel_Pipeline_K3_Gaussian_VITIS_LOOP_86_6_fu_3378/ram_reg_bram_0_i_8__7/O
                         net (fo=1, unplaced)         0.214     1.657    bd_0_i/hls_inst/inst/grp_top_kernel_Pipeline_K3_Gaussian_VITIS_LOOP_86_6_fu_3378/ram_reg_bram_0_i_8__7_n_0
                         LUT5 (Prop_LUT5_I0_O)        0.040     1.697 r  bd_0_i/hls_inst/inst/grp_top_kernel_Pipeline_K3_Gaussian_VITIS_LOOP_86_6_fu_3378/ram_reg_bram_0_i_2__8/O
                         net (fo=1, unplaced)         0.267     1.964    bd_0_i/hls_inst/inst/p_ZZ10top_kernelPKfS0_S0_PfE9equalized_0_3_U/ADDRARDADDR[7]
                         RAMB36E2                                     r  bd_0_i/hls_inst/inst/p_ZZ10top_kernelPKfS0_S0_PfE9equalized_0_3_U/ram_reg_bram_0/ADDRARDADDR[12]
  -------------------------------------------------------------------    -------------------

                         (clock ap_clk rise edge)     4.000     4.000 r  
                                                      0.000     4.000 r  ap_clk (IN)
                         net (fo=68059, unset)        0.041     4.041    bd_0_i/hls_inst/inst/p_ZZ10top_kernelPKfS0_S0_PfE9equalized_0_3_U/ap_clk
                         RAMB36E2                                     r  bd_0_i/hls_inst/inst/p_ZZ10top_kernelPKfS0_S0_PfE9equalized_0_3_U/ram_reg_bram_0/CLKARDCLK
                         clock pessimism              0.000     4.041    
                         clock uncertainty           -0.035     4.006    
                         RAMB36E2 (Setup_RAMB36E2_CLKARDCLK_ADDRARDADDR[12])
                                                     -0.303     3.703    bd_0_i/hls_inst/inst/p_ZZ10top_kernelPKfS0_S0_PfE9equalized_0_3_U/ram_reg_bram_0
  -------------------------------------------------------------------
                         required time                          3.703    
                         arrival time                          -1.964    
  -------------------------------------------------------------------
                         slack                                  1.739    

Slack (MET) :             1.781ns  (required time - arrival time)
  Source:                 bd_0_i/hls_inst/inst/grp_top_kernel_Pipeline_K3_Gaussian_VITIS_LOOP_86_6_fu_3378/ap_CS_fsm_reg[0]/C
                            (rising edge-triggered cell FDSE clocked by ap_clk  {rise@0.000ns fall@2.000ns period=4.000ns})
  Destination:            bd_0_i/hls_inst/inst/p_ZZ10top_kernelPKfS0_S0_PfE9equalized_1_1_U/ram_reg_bram_0/ADDRARDADDR[12]
                            (rising edge-triggered cell RAMB36E2 clocked by ap_clk  {rise@0.000ns fall@2.000ns period=4.000ns})
  Path Group:             ap_clk
  Path Type:              Setup (Max at Slow Process Corner)
  Requirement:            4.000ns  (ap_clk rise@4.000ns - ap_clk rise@0.000ns)
  Data Path Delay:        1.885ns  (logic 0.293ns (15.544%)  route 1.592ns (84.456%))
  Logic Levels:           5  (LUT2=2 LUT5=1 LUT6=2)
  Clock Path Skew:        0.004ns (DCD - SCD + CPR)
    Destination Clock Delay (DCD):    0.041ns = ( 4.041 - 4.000 ) 
    Source Clock Delay      (SCD):    0.037ns
    Clock Pessimism Removal (CPR):    0.000ns
  Clock Uncertainty:      0.035ns  ((TSJ^2 + TIJ^2)^1/2 + DJ) / 2 + PE
    Total System Jitter     (TSJ):    0.071ns
    Total Input Jitter      (TIJ):    0.000ns
    Discrete Jitter          (DJ):    0.000ns
    Phase Error              (PE):    0.000ns

    Location             Delay type                Incr(ns)  Path(ns)    Netlist Resource(s)
  -------------------------------------------------------------------    -------------------
                         (clock ap_clk rise edge)     0.000     0.000 r  
                                                      0.000     0.000 r  ap_clk (IN)
                         net (fo=68059, unset)        0.037     0.037    bd_0_i/hls_inst/inst/grp_top_kernel_Pipeline_K3_Gaussian_VITIS_LOOP_86_6_fu_3378/ap_clk
                         FDSE                                         r  bd_0_i/hls_inst/inst/grp_top_kernel_Pipeline_K3_Gaussian_VITIS_LOOP_86_6_fu_3378/ap_CS_fsm_reg[0]/C
  -------------------------------------------------------------------    -------------------
                         FDSE (Prop_FDSE_C_Q)         0.093     0.130 f  bd_0_i/hls_inst/inst/grp_top_kernel_Pipeline_K3_Gaussian_VITIS_LOOP_86_6_fu_3378/ap_CS_fsm_reg[0]/Q
                         net (fo=2218, unplaced)      0.314     0.444    bd_0_i/hls_inst/inst/grp_top_kernel_Pipeline_K3_Gaussian_VITIS_LOOP_86_6_fu_3378/Q[0]
                         LUT2 (Prop_LUT2_I1_O)        0.040     0.484 f  bd_0_i/hls_inst/inst/grp_top_kernel_Pipeline_K3_Gaussian_VITIS_LOOP_86_6_fu_3378/select_ln91_2_reg_5113[31]_i_1/O
                         net (fo=211, unplaced)       0.316     0.800    bd_0_i/hls_inst/inst/grp_top_kernel_Pipeline_K3_Gaussian_VITIS_LOOP_86_6_fu_3378/select_ln91_12_reg_54030
                         LUT2 (Prop_LUT2_I0_O)        0.040     0.840 r  bd_0_i/hls_inst/inst/grp_top_kernel_Pipeline_K3_Gaussian_VITIS_LOOP_86_6_fu_3378/ram_reg_bram_0_i_31__5/O
                         net (fo=24, unplaced)        0.267     1.107    bd_0_i/hls_inst/inst/grp_top_kernel_Pipeline_K3_Gaussian_VITIS_LOOP_86_6_fu_3378/ram_reg_bram_0_i_31__5_n_0
                         LUT6 (Prop_LUT6_I4_O)        0.040     1.147 r  bd_0_i/hls_inst/inst/grp_top_kernel_Pipeline_K3_Gaussian_VITIS_LOOP_86_6_fu_3378/ram_reg_bram_0_i_21__5/O
                         net (fo=1, unplaced)         0.214     1.361    bd_0_i/hls_inst/inst/grp_top_kernel_Pipeline_K3_Gaussian_VITIS_LOOP_86_6_fu_3378/ram_reg_bram_0_i_21__5_n_0
                         LUT6 (Prop_LUT6_I5_O)        0.040     1.401 r  bd_0_i/hls_inst/inst/grp_top_kernel_Pipeline_K3_Gaussian_VITIS_LOOP_86_6_fu_3378/ram_reg_bram_0_i_12__7/O
                         net (fo=1, unplaced)         0.214     1.615    bd_0_i/hls_inst/inst/grp_top_kernel_Pipeline_K3_Gaussian_VITIS_LOOP_86_6_fu_3378/ram_reg_bram_0_i_12__7_n_0
                         LUT5 (Prop_LUT5_I0_O)        0.040     1.655 r  bd_0_i/hls_inst/inst/grp_top_kernel_Pipeline_K3_Gaussian_VITIS_LOOP_86_6_fu_3378/ram_reg_bram_0_i_2__10/O
                         net (fo=1, unplaced)         0.267     1.922    bd_0_i/hls_inst/inst/p_ZZ10top_kernelPKfS0_S0_PfE9equalized_1_1_U/ADDRARDADDR[7]
                         RAMB36E2                                     r  bd_0_i/hls_inst/inst/p_ZZ10top_kernelPKfS0_S0_PfE9equalized_1_1_U/ram_reg_bram_0/ADDRARDADDR[12]
  -------------------------------------------------------------------    -------------------

                         (clock ap_clk rise edge)     4.000     4.000 r  
                                                      0.000     4.000 r  ap_clk (IN)
                         net (fo=68059, unset)        0.041     4.041    bd_0_i/hls_inst/inst/p_ZZ10top_kernelPKfS0_S0_PfE9equalized_1_1_U/ap_clk
                         RAMB36E2                                     r  bd_0_i/hls_inst/inst/p_ZZ10top_kernelPKfS0_S0_PfE9equalized_1_1_U/ram_reg_bram_0/CLKARDCLK
                         clock pessimism              0.000     4.041    
                         clock uncertainty           -0.035     4.006    
                         RAMB36E2 (Setup_RAMB36E2_CLKARDCLK_ADDRARDADDR[12])
                                                     -0.303     3.703    bd_0_i/hls_inst/inst/p_ZZ10top_kernelPKfS0_S0_PfE9equalized_1_1_U/ram_reg_bram_0
  -------------------------------------------------------------------
                         required time                          3.703    
                         arrival time                          -1.922    
  -------------------------------------------------------------------
                         slack                                  1.781    

Slack (MET) :             1.781ns  (required time - arrival time)
  Source:                 bd_0_i/hls_inst/inst/grp_top_kernel_Pipeline_K3_Gaussian_VITIS_LOOP_86_6_fu_3378/ap_CS_fsm_reg[0]/C
                            (rising edge-triggered cell FDSE clocked by ap_clk  {rise@0.000ns fall@2.000ns period=4.000ns})
  Destination:            bd_0_i/hls_inst/inst/p_ZZ10top_kernelPKfS0_S0_PfE9equalized_1_2_U/ram_reg_bram_0/ADDRARDADDR[12]
                            (rising edge-triggered cell RAMB36E2 clocked by ap_clk  {rise@0.000ns fall@2.000ns period=4.000ns})
  Path Group:             ap_clk
  Path Type:              Setup (Max at Slow Process Corner)
  Requirement:            4.000ns  (ap_clk rise@4.000ns - ap_clk rise@0.000ns)
  Data Path Delay:        1.885ns  (logic 0.293ns (15.544%)  route 1.592ns (84.456%))
  Logic Levels:           5  (LUT2=2 LUT5=1 LUT6=2)
  Clock Path Skew:        0.004ns (DCD - SCD + CPR)
    Destination Clock Delay (DCD):    0.041ns = ( 4.041 - 4.000 ) 
    Source Clock Delay      (SCD):    0.037ns
    Clock Pessimism Removal (CPR):    0.000ns
  Clock Uncertainty:      0.035ns  ((TSJ^2 + TIJ^2)^1/2 + DJ) / 2 + PE
    Total System Jitter     (TSJ):    0.071ns
    Total Input Jitter      (TIJ):    0.000ns
    Discrete Jitter          (DJ):    0.000ns
    Phase Error              (PE):    0.000ns

    Location             Delay type                Incr(ns)  Path(ns)    Netlist Resource(s)
  -------------------------------------------------------------------    -------------------
                         (clock ap_clk rise edge)     0.000     0.000 r  
                                                      0.000     0.000 r  ap_clk (IN)
                         net (fo=68059, unset)        0.037     0.037    bd_0_i/hls_inst/inst/grp_top_kernel_Pipeline_K3_Gaussian_VITIS_LOOP_86_6_fu_3378/ap_clk
                         FDSE                                         r  bd_0_i/hls_inst/inst/grp_top_kernel_Pipeline_K3_Gaussian_VITIS_LOOP_86_6_fu_3378/ap_CS_fsm_reg[0]/C
  -------------------------------------------------------------------    -------------------
                         FDSE (Prop_FDSE_C_Q)         0.093     0.130 f  bd_0_i/hls_inst/inst/grp_top_kernel_Pipeline_K3_Gaussian_VITIS_LOOP_86_6_fu_3378/ap_CS_fsm_reg[0]/Q
                         net (fo=2218, unplaced)      0.314     0.444    bd_0_i/hls_inst/inst/grp_top_kernel_Pipeline_K3_Gaussian_VITIS_LOOP_86_6_fu_3378/Q[0]
                         LUT2 (Prop_LUT2_I1_O)        0.040     0.484 f  bd_0_i/hls_inst/inst/grp_top_kernel_Pipeline_K3_Gaussian_VITIS_LOOP_86_6_fu_3378/select_ln91_2_reg_5113[31]_i_1/O
                         net (fo=211, unplaced)       0.316     0.800    bd_0_i/hls_inst/inst/grp_top_kernel_Pipeline_K3_Gaussian_VITIS_LOOP_86_6_fu_3378/select_ln91_12_reg_54030
                         LUT2 (Prop_LUT2_I0_O)        0.040     0.840 r  bd_0_i/hls_inst/inst/grp_top_kernel_Pipeline_K3_Gaussian_VITIS_LOOP_86_6_fu_3378/ram_reg_bram_0_i_31__5/O
                         net (fo=24, unplaced)        0.267     1.107    bd_0_i/hls_inst/inst/grp_top_kernel_Pipeline_K3_Gaussian_VITIS_LOOP_86_6_fu_3378/ram_reg_bram_0_i_31__5_n_0
                         LUT6 (Prop_LUT6_I4_O)        0.040     1.147 r  bd_0_i/hls_inst/inst/grp_top_kernel_Pipeline_K3_Gaussian_VITIS_LOOP_86_6_fu_3378/ram_reg_bram_0_i_20__3/O
                         net (fo=1, unplaced)         0.214     1.361    bd_0_i/hls_inst/inst/grp_top_kernel_Pipeline_K3_Gaussian_VITIS_LOOP_86_6_fu_3378/ram_reg_bram_0_i_20__3_n_0
                         LUT6 (Prop_LUT6_I5_O)        0.040     1.401 r  bd_0_i/hls_inst/inst/grp_top_kernel_Pipeline_K3_Gaussian_VITIS_LOOP_86_6_fu_3378/ram_reg_bram_0_i_12__8/O
                         net (fo=1, unplaced)         0.214     1.615    bd_0_i/hls_inst/inst/grp_top_kernel_Pipeline_K3_Gaussian_VITIS_LOOP_86_6_fu_3378/ram_reg_bram_0_i_12__8_n_0
                         LUT5 (Prop_LUT5_I0_O)        0.040     1.655 r  bd_0_i/hls_inst/inst/grp_top_kernel_Pipeline_K3_Gaussian_VITIS_LOOP_86_6_fu_3378/ram_reg_bram_0_i_2__11/O
                         net (fo=1, unplaced)         0.267     1.922    bd_0_i/hls_inst/inst/p_ZZ10top_kernelPKfS0_S0_PfE9equalized_1_2_U/ADDRARDADDR[7]
                         RAMB36E2                                     r  bd_0_i/hls_inst/inst/p_ZZ10top_kernelPKfS0_S0_PfE9equalized_1_2_U/ram_reg_bram_0/ADDRARDADDR[12]
  -------------------------------------------------------------------    -------------------

                         (clock ap_clk rise edge)     4.000     4.000 r  
                                                      0.000     4.000 r  ap_clk (IN)
                         net (fo=68059, unset)        0.041     4.041    bd_0_i/hls_inst/inst/p_ZZ10top_kernelPKfS0_S0_PfE9equalized_1_2_U/ap_clk
                         RAMB36E2                                     r  bd_0_i/hls_inst/inst/p_ZZ10top_kernelPKfS0_S0_PfE9equalized_1_2_U/ram_reg_bram_0/CLKARDCLK
                         clock pessimism              0.000     4.041    
                         clock uncertainty           -0.035     4.006    
                         RAMB36E2 (Setup_RAMB36E2_CLKARDCLK_ADDRARDADDR[12])
                                                     -0.303     3.703    bd_0_i/hls_inst/inst/p_ZZ10top_kernelPKfS0_S0_PfE9equalized_1_2_U/ram_reg_bram_0
  -------------------------------------------------------------------
                         required time                          3.703    
                         arrival time                          -1.922    
  -------------------------------------------------------------------
                         slack                                  1.781    




