Copyright 1986-2022 Xilinx, Inc. All Rights Reserved. Copyright 2022-2025 Advanced Micro Devices, Inc. All Rights Reserved.
---------------------------------------------------------------------------------------------------------------------------------------------
| Tool Version : Vivado v.2025.1.1 (lin64) Build 6233196 Thu Sep 11 21:27:11 MDT 2025
| Date         : Fri Apr 10 22:14:30 2026
| Host         : ece-linlabsrv01 running 64-bit Red Hat Enterprise Linux release 8.10 (Ootpa)
| Command      : report_utilization -hierarchical -hierarchical_depth 7 -file ./report/top_kernel_utilization_hierarchical_routed.rpt
| Design       : bd_0_wrapper
| Device       : xczu3eg-sbva484-1-e
| Speed File   : -1
| Design State : Routed
---------------------------------------------------------------------------------------------------------------------------------------------

Utilization Design Information

Table of Contents
-----------------
1. Utilization by Hierarchy

1. Utilization by Hierarchy
---------------------------

+-----------------------------------------------------------------------------------+-------------------------------------------------------------------------------------+------------+------------+---------+------+-------+--------+--------+------+------------+
|                                      Instance                                     |                                        Module                                       | Total LUTs | Logic LUTs | LUTRAMs | SRLs |  FFs  | RAMB36 | RAMB18 | URAM | DSP Blocks |
+-----------------------------------------------------------------------------------+-------------------------------------------------------------------------------------+------------+------------+---------+------+-------+--------+--------+------+------------+
| bd_0_wrapper                                                                      |                                                                               (top) |      44892 |      42829 |     256 | 1807 | 60625 |     14 |     53 |    0 |        299 |
|   bd_0_i                                                                          |                                                                                bd_0 |      44892 |      42829 |     256 | 1807 | 60625 |     14 |     53 |    0 |        299 |
|     hls_inst                                                                      |                                                                     bd_0_hls_inst_0 |      44892 |      42829 |     256 | 1807 | 60625 |     14 |     53 |    0 |        299 |
|       inst                                                                        |                                                          bd_0_hls_inst_0_top_kernel |      44892 |      42829 |     256 | 1807 | 60625 |     14 |     53 |    0 |        299 |
|         stage_rgb2eq_U0                                                           |                                             bd_0_hls_inst_0_top_kernel_stage_rgb2eq |      12998 |      12919 |       0 |   79 | 21270 |      2 |      0 |    0 |         16 |
|           (stage_rgb2eq_U0)                                                       |                                             bd_0_hls_inst_0_top_kernel_stage_rgb2eq |        135 |        135 |       0 |    0 |   100 |      0 |      0 |    0 |          0 |
|           (fpext_32ns_64_2_no_dsp_1_U1085)                                        |                      bd_0_hls_inst_0_top_kernel_fpext_32ns_64_2_no_dsp_1__xdcDup__1 |         18 |         18 |       0 |    0 |    68 |      0 |      0 |    0 |          0 |
|           faddfsub_32ns_32ns_32_10_full_dsp_1_U1082                               |                      bd_0_hls_inst_0_top_kernel_faddfsub_32ns_32ns_32_10_full_dsp_1 |        180 |        177 |       0 |    3 |   356 |      0 |      0 |    0 |          2 |
|             (faddfsub_32ns_32ns_32_10_full_dsp_1_U1082)                           |                      bd_0_hls_inst_0_top_kernel_faddfsub_32ns_32ns_32_10_full_dsp_1 |         16 |         16 |       0 |    0 |    97 |      0 |      0 |    0 |          0 |
|             top_kernel_faddfsub_32ns_32ns_32_10_full_dsp_1_ip_u                   |                   bd_0_hls_inst_0_top_kernel_faddfsub_32ns_32ns_32_10_full_dsp_1_ip |        164 |        161 |       0 |    3 |   259 |      0 |      0 |    0 |          2 |
|               U0                                                                  |                              bd_0_hls_inst_0_floating_point_v7_1_20__parameterized7 |        164 |        161 |       0 |    3 |   259 |      0 |      0 |    0 |          2 |
|           fmul_32ns_32ns_32_7_max_dsp_1_U1084                                     |                 bd_0_hls_inst_0_top_kernel_fmul_32ns_32ns_32_7_max_dsp_1__xdcDup__4 |         87 |         87 |       0 |    0 |   172 |      0 |      0 |    0 |          3 |
|             (fmul_32ns_32ns_32_7_max_dsp_1_U1084)                                 |                 bd_0_hls_inst_0_top_kernel_fmul_32ns_32ns_32_7_max_dsp_1__xdcDup__4 |         19 |         19 |       0 |    0 |    68 |      0 |      0 |    0 |          0 |
|             top_kernel_fmul_32ns_32ns_32_7_max_dsp_1_ip_u                         |                     bd_0_hls_inst_0_top_kernel_fmul_32ns_32ns_32_7_max_dsp_1_ip__39 |         68 |         68 |       0 |    0 |   104 |      0 |      0 |    0 |          3 |
|               U0                                                                  |                          bd_0_hls_inst_0_floating_point_v7_1_20__parameterized1__39 |         68 |         68 |       0 |    0 |   104 |      0 |      0 |    0 |          3 |
|           grp_stage_rgb2eq_Pipeline_BUILD_HIST_fu_2163                            |                         bd_0_hls_inst_0_top_kernel_stage_rgb2eq_Pipeline_BUILD_HIST |       4958 |       4954 |       0 |    4 |  8478 |      0 |      0 |    0 |          0 |
|             (grp_stage_rgb2eq_Pipeline_BUILD_HIST_fu_2163)                        |                         bd_0_hls_inst_0_top_kernel_stage_rgb2eq_Pipeline_BUILD_HIST |       4944 |       4940 |       0 |    4 |  8476 |      0 |      0 |    0 |          0 |
|           grp_stage_rgb2eq_Pipeline_PASS1_fu_2149                                 |                              bd_0_hls_inst_0_top_kernel_stage_rgb2eq_Pipeline_PASS1 |       1000 |        969 |       0 |   31 |  1420 |      0 |      0 |    0 |         11 |
|             (grp_stage_rgb2eq_Pipeline_PASS1_fu_2149)                             |                              bd_0_hls_inst_0_top_kernel_stage_rgb2eq_Pipeline_PASS1 |        551 |        523 |       0 |   28 |   561 |      0 |      0 |    0 |          0 |
|             fadd_32ns_32ns_32_10_full_dsp_1_U4                                    |                          bd_0_hls_inst_0_top_kernel_fadd_32ns_32ns_32_10_full_dsp_1 |        179 |        176 |       0 |    3 |   355 |      0 |      0 |    0 |          2 |
|               (fadd_32ns_32ns_32_10_full_dsp_1_U4)                                |                          bd_0_hls_inst_0_top_kernel_fadd_32ns_32ns_32_10_full_dsp_1 |         16 |         16 |       0 |    0 |    96 |      0 |      0 |    0 |          0 |
|               top_kernel_fadd_32ns_32ns_32_10_full_dsp_1_ip_u                     |                       bd_0_hls_inst_0_top_kernel_fadd_32ns_32ns_32_10_full_dsp_1_ip |        163 |        160 |       0 |    3 |   259 |      0 |      0 |    0 |          2 |
|             fmul_32ns_32ns_32_7_max_dsp_1_U6                                      |                 bd_0_hls_inst_0_top_kernel_fmul_32ns_32ns_32_7_max_dsp_1__xdcDup__1 |         81 |         81 |       0 |    0 |   167 |      0 |      0 |    0 |          3 |
|               (fmul_32ns_32ns_32_7_max_dsp_1_U6)                                  |                 bd_0_hls_inst_0_top_kernel_fmul_32ns_32ns_32_7_max_dsp_1__xdcDup__1 |         16 |         16 |       0 |    0 |    64 |      0 |      0 |    0 |          0 |
|               top_kernel_fmul_32ns_32ns_32_7_max_dsp_1_ip_u                       |                     bd_0_hls_inst_0_top_kernel_fmul_32ns_32ns_32_7_max_dsp_1_ip__38 |         65 |         65 |       0 |    0 |   103 |      0 |      0 |    0 |          3 |
|             fmul_32ns_32ns_32_7_max_dsp_1_U7                                      |                 bd_0_hls_inst_0_top_kernel_fmul_32ns_32ns_32_7_max_dsp_1__xdcDup__2 |         81 |         81 |       0 |    0 |   167 |      0 |      0 |    0 |          3 |
|               (fmul_32ns_32ns_32_7_max_dsp_1_U7)                                  |                 bd_0_hls_inst_0_top_kernel_fmul_32ns_32ns_32_7_max_dsp_1__xdcDup__2 |         16 |         16 |       0 |    0 |    64 |      0 |      0 |    0 |          0 |
|               top_kernel_fmul_32ns_32ns_32_7_max_dsp_1_ip_u                       |                     bd_0_hls_inst_0_top_kernel_fmul_32ns_32ns_32_7_max_dsp_1_ip__37 |         65 |         65 |       0 |    0 |   103 |      0 |      0 |    0 |          3 |
|             fmul_32ns_32ns_32_7_max_dsp_1_U8                                      |                 bd_0_hls_inst_0_top_kernel_fmul_32ns_32ns_32_7_max_dsp_1__xdcDup__3 |         81 |         81 |       0 |    0 |   168 |      0 |      0 |    0 |          3 |
|               (fmul_32ns_32ns_32_7_max_dsp_1_U8)                                  |                 bd_0_hls_inst_0_top_kernel_fmul_32ns_32ns_32_7_max_dsp_1__xdcDup__3 |         16 |         16 |       0 |    0 |    65 |      0 |      0 |    0 |          0 |
|               top_kernel_fmul_32ns_32ns_32_7_max_dsp_1_ip_u                       |                     bd_0_hls_inst_0_top_kernel_fmul_32ns_32ns_32_7_max_dsp_1_ip__36 |         65 |         65 |       0 |    0 |   103 |      0 |      0 |    0 |          3 |
|           grp_stage_rgb2eq_Pipeline_PASS2_fu_2939                                 |                              bd_0_hls_inst_0_top_kernel_stage_rgb2eq_Pipeline_PASS2 |       1691 |       1651 |       0 |   40 |  2168 |      0 |      0 |    0 |          0 |
|             (grp_stage_rgb2eq_Pipeline_PASS2_fu_2939)                             |                              bd_0_hls_inst_0_top_kernel_stage_rgb2eq_Pipeline_PASS2 |        814 |        809 |       0 |    5 |   689 |      0 |      0 |    0 |          0 |
|             fdiv_32ns_32ns_32_30_no_dsp_1_U807                                    |                 bd_0_hls_inst_0_top_kernel_fdiv_32ns_32ns_32_30_no_dsp_1__xdcDup__1 |        788 |        753 |       0 |   35 |  1441 |      0 |      0 |    0 |          0 |
|               (fdiv_32ns_32ns_32_30_no_dsp_1_U807)                                |                 bd_0_hls_inst_0_top_kernel_fdiv_32ns_32ns_32_30_no_dsp_1__xdcDup__1 |         16 |         16 |       0 |    0 |    96 |      0 |      0 |    0 |          0 |
|               top_kernel_fdiv_32ns_32ns_32_30_no_dsp_1_ip_u                       |                         bd_0_hls_inst_0_top_kernel_fdiv_32ns_32ns_32_30_no_dsp_1_ip |        772 |        737 |       0 |   35 |  1345 |      0 |      0 |    0 |          0 |
|           grp_stage_rgb2eq_Pipeline_VITIS_LOOP_115_2_fu_2424                      |                   bd_0_hls_inst_0_top_kernel_stage_rgb2eq_Pipeline_VITIS_LOOP_115_2 |       4687 |       4687 |       0 |    0 |  8263 |      0 |      0 |    0 |          0 |
|             (grp_stage_rgb2eq_Pipeline_VITIS_LOOP_115_2_fu_2424)                  |                   bd_0_hls_inst_0_top_kernel_stage_rgb2eq_Pipeline_VITIS_LOOP_115_2 |       4637 |       4637 |       0 |    0 |  8261 |      0 |      0 |    0 |          0 |
|             flow_control_loop_pipe_sequential_init_U                              |                   bd_0_hls_inst_0_top_kernel_flow_control_loop_pipe_sequential_init |         51 |         51 |       0 |    0 |     2 |      0 |      0 |    0 |          0 |
|           sitofp_32ns_32_7_no_dsp_1_U1083                                         |                                bd_0_hls_inst_0_top_kernel_sitofp_32ns_32_7_no_dsp_1 |        174 |        173 |       0 |    1 |   245 |      0 |      0 |    0 |          0 |
|             (sitofp_32ns_32_7_no_dsp_1_U1083)                                     |                                bd_0_hls_inst_0_top_kernel_sitofp_32ns_32_7_no_dsp_1 |         17 |         17 |       0 |    0 |    65 |      0 |      0 |    0 |          0 |
|             top_kernel_sitofp_32ns_32_7_no_dsp_1_ip_u                             |                             bd_0_hls_inst_0_top_kernel_sitofp_32ns_32_7_no_dsp_1_ip |        157 |        156 |       0 |    1 |   180 |      0 |      0 |    0 |          0 |
|               U0                                                                  |                              bd_0_hls_inst_0_floating_point_v7_1_20__parameterized9 |        157 |        156 |       0 |    1 |   180 |      0 |      0 |    0 |          0 |
|         Loop_VITIS_LOOP_393_1_proc_U0                                             |                               bd_0_hls_inst_0_top_kernel_Loop_VITIS_LOOP_393_1_proc |        110 |        108 |       0 |    2 |   172 |      0 |      0 |    0 |          0 |
|           (Loop_VITIS_LOOP_393_1_proc_U0)                                         |                               bd_0_hls_inst_0_top_kernel_Loop_VITIS_LOOP_393_1_proc |         90 |         88 |       0 |    2 |   171 |      0 |      0 |    0 |          0 |
|         bilateral_stream_U                                                        |                                          bd_0_hls_inst_0_top_kernel_fifo_w14_d256_A |        211 |        147 |      64 |    0 |    51 |      0 |      0 |    0 |          0 |
|           (bilateral_stream_U)                                                    |                                          bd_0_hls_inst_0_top_kernel_fifo_w14_d256_A |        131 |        131 |       0 |    0 |    37 |      0 |      0 |    0 |          0 |
|           U_top_kernel_fifo_w14_d256_A_ram                                        |                                 bd_0_hls_inst_0_top_kernel_fifo_w14_d256_A_ram_6595 |         81 |         17 |      64 |    0 |    14 |      0 |      0 |    0 |          0 |
|         control_s_axi_U                                                           |                                            bd_0_hls_inst_0_top_kernel_control_s_axi |        274 |        274 |       0 |    0 |   309 |      0 |      0 |    0 |          0 |
|         equalized_stream_U                                                        |                                        bd_0_hls_inst_0_top_kernel_fifo_w14_d256_A_0 |        126 |         62 |      64 |    0 |    51 |      0 |      0 |    0 |          0 |
|           U_top_kernel_fifo_w14_d256_A_ram                                        |                                 bd_0_hls_inst_0_top_kernel_fifo_w14_d256_A_ram_6594 |         81 |         17 |      64 |    0 |    14 |      0 |      0 |    0 |          0 |
|         gaussian_stream_U                                                         |                                        bd_0_hls_inst_0_top_kernel_fifo_w14_d256_A_1 |        127 |         63 |      64 |    0 |    51 |      0 |      0 |    0 |          0 |
|           U_top_kernel_fifo_w14_d256_A_ram                                        |                                 bd_0_hls_inst_0_top_kernel_fifo_w14_d256_A_ram_6593 |         81 |         17 |      64 |    0 |    14 |      0 |      0 |    0 |          0 |
|         gmem0_m_axi_U                                                             |                                              bd_0_hls_inst_0_top_kernel_gmem0_m_axi |        517 |        484 |       0 |   33 |   858 |      4 |      0 |    0 |          0 |
|           bus_read                                                                |                                         bd_0_hls_inst_0_top_kernel_gmem0_m_axi_read |        393 |        393 |       0 |    0 |   634 |      0 |      0 |    0 |          0 |
|             rreq_burst_conv                                                       |                              bd_0_hls_inst_0_top_kernel_gmem0_m_axi_burst_converter |        315 |        315 |       0 |    0 |   532 |      0 |      0 |    0 |          0 |
|               burst_sequential                                                    |                             bd_0_hls_inst_0_top_kernel_gmem0_m_axi_burst_sequential |        315 |        315 |       0 |    0 |   532 |      0 |      0 |    0 |          0 |
|             rs_rdata                                                              |                    bd_0_hls_inst_0_top_kernel_gmem0_m_axi_reg_slice__parameterized0 |         40 |         40 |       0 |    0 |    71 |      0 |      0 |    0 |          0 |
|           load_unit_0                                                             |                                         bd_0_hls_inst_0_top_kernel_gmem0_m_axi_load |        125 |         92 |       0 |   33 |   224 |      4 |      0 |    0 |          0 |
|             (load_unit_0)                                                         |                                         bd_0_hls_inst_0_top_kernel_gmem0_m_axi_load |          1 |          1 |       0 |    0 |    94 |      0 |      0 |    0 |          0 |
|             buff_rdata                                                            |                         bd_0_hls_inst_0_top_kernel_gmem0_m_axi_fifo__parameterized0 |         71 |         71 |       0 |    0 |    53 |      4 |      0 |    0 |          0 |
|               (buff_rdata)                                                        |                         bd_0_hls_inst_0_top_kernel_gmem0_m_axi_fifo__parameterized0 |         67 |         67 |       0 |    0 |    53 |      0 |      0 |    0 |          0 |
|             fifo_rreq                                                             |                                         bd_0_hls_inst_0_top_kernel_gmem0_m_axi_fifo |         54 |         21 |       0 |   33 |    77 |      0 |      0 |    0 |          0 |
|               U_fifo_srl                                                          |                                          bd_0_hls_inst_0_top_kernel_gmem0_m_axi_srl |         37 |          4 |       0 |   33 |    63 |      0 |      0 |    0 |          0 |
|         gmem1_m_axi_U                                                             |                                              bd_0_hls_inst_0_top_kernel_gmem1_m_axi |        517 |        484 |       0 |   33 |   858 |      4 |      0 |    0 |          0 |
|           bus_read                                                                |                                         bd_0_hls_inst_0_top_kernel_gmem1_m_axi_read |        393 |        393 |       0 |    0 |   634 |      0 |      0 |    0 |          0 |
|             rreq_burst_conv                                                       |                              bd_0_hls_inst_0_top_kernel_gmem1_m_axi_burst_converter |        315 |        315 |       0 |    0 |   532 |      0 |      0 |    0 |          0 |
|               burst_sequential                                                    |                             bd_0_hls_inst_0_top_kernel_gmem1_m_axi_burst_sequential |        315 |        315 |       0 |    0 |   532 |      0 |      0 |    0 |          0 |
|             rs_rdata                                                              |                    bd_0_hls_inst_0_top_kernel_gmem1_m_axi_reg_slice__parameterized0 |         40 |         40 |       0 |    0 |    71 |      0 |      0 |    0 |          0 |
|           load_unit_0                                                             |                                         bd_0_hls_inst_0_top_kernel_gmem1_m_axi_load |        125 |         92 |       0 |   33 |   224 |      4 |      0 |    0 |          0 |
|             (load_unit_0)                                                         |                                         bd_0_hls_inst_0_top_kernel_gmem1_m_axi_load |          1 |          1 |       0 |    0 |    94 |      0 |      0 |    0 |          0 |
|             buff_rdata                                                            |                         bd_0_hls_inst_0_top_kernel_gmem1_m_axi_fifo__parameterized0 |         71 |         71 |       0 |    0 |    53 |      4 |      0 |    0 |          0 |
|               (buff_rdata)                                                        |                         bd_0_hls_inst_0_top_kernel_gmem1_m_axi_fifo__parameterized0 |         67 |         67 |       0 |    0 |    53 |      0 |      0 |    0 |          0 |
|             fifo_rreq                                                             |                                         bd_0_hls_inst_0_top_kernel_gmem1_m_axi_fifo |         54 |         21 |       0 |   33 |    77 |      0 |      0 |    0 |          0 |
|               U_fifo_srl                                                          |                                          bd_0_hls_inst_0_top_kernel_gmem1_m_axi_srl |         37 |          4 |       0 |   33 |    63 |      0 |      0 |    0 |          0 |
|         gmem2_m_axi_U                                                             |                                              bd_0_hls_inst_0_top_kernel_gmem2_m_axi |        514 |        481 |       0 |   33 |   858 |      4 |      0 |    0 |          0 |
|           bus_read                                                                |                                         bd_0_hls_inst_0_top_kernel_gmem2_m_axi_read |        391 |        391 |       0 |    0 |   634 |      0 |      0 |    0 |          0 |
|             rreq_burst_conv                                                       |                              bd_0_hls_inst_0_top_kernel_gmem2_m_axi_burst_converter |        313 |        313 |       0 |    0 |   532 |      0 |      0 |    0 |          0 |
|               burst_sequential                                                    |                             bd_0_hls_inst_0_top_kernel_gmem2_m_axi_burst_sequential |        313 |        313 |       0 |    0 |   532 |      0 |      0 |    0 |          0 |
|             rs_rdata                                                              |                    bd_0_hls_inst_0_top_kernel_gmem2_m_axi_reg_slice__parameterized0 |         40 |         40 |       0 |    0 |    71 |      0 |      0 |    0 |          0 |
|           load_unit_0                                                             |                                         bd_0_hls_inst_0_top_kernel_gmem2_m_axi_load |        125 |         92 |       0 |   33 |   224 |      4 |      0 |    0 |          0 |
|             (load_unit_0)                                                         |                                         bd_0_hls_inst_0_top_kernel_gmem2_m_axi_load |          1 |          1 |       0 |    0 |    94 |      0 |      0 |    0 |          0 |
|             buff_rdata                                                            |                         bd_0_hls_inst_0_top_kernel_gmem2_m_axi_fifo__parameterized0 |         71 |         71 |       0 |    0 |    53 |      4 |      0 |    0 |          0 |
|               (buff_rdata)                                                        |                         bd_0_hls_inst_0_top_kernel_gmem2_m_axi_fifo__parameterized0 |         67 |         67 |       0 |    0 |    53 |      0 |      0 |    0 |          0 |
|             fifo_rreq                                                             |                                         bd_0_hls_inst_0_top_kernel_gmem2_m_axi_fifo |         54 |         21 |       0 |   33 |    77 |      0 |      0 |    0 |          0 |
|               U_fifo_srl                                                          |                                          bd_0_hls_inst_0_top_kernel_gmem2_m_axi_srl |         37 |          4 |       0 |   33 |    63 |      0 |      0 |    0 |          0 |
|         gmem3_m_axi_U                                                             |                                              bd_0_hls_inst_0_top_kernel_gmem3_m_axi |        667 |        592 |       0 |   75 |   997 |      0 |      1 |    0 |          0 |
|           bus_write                                                               |                                        bd_0_hls_inst_0_top_kernel_gmem3_m_axi_write |        481 |        448 |       0 |   33 |   746 |      0 |      0 |    0 |          0 |
|             wreq_burst_conv                                                       |                              bd_0_hls_inst_0_top_kernel_gmem3_m_axi_burst_converter |        291 |        291 |       0 |    0 |   467 |      0 |      0 |    0 |          0 |
|               burst_sequential                                                    |                             bd_0_hls_inst_0_top_kernel_gmem3_m_axi_burst_sequential |        291 |        291 |       0 |    0 |   467 |      0 |      0 |    0 |          0 |
|             wreq_throttle                                                         |                                     bd_0_hls_inst_0_top_kernel_gmem3_m_axi_throttle |        162 |        130 |       0 |   32 |   256 |      0 |      0 |    0 |          0 |
|               rs_req                                                              |                    bd_0_hls_inst_0_top_kernel_gmem3_m_axi_reg_slice__parameterized1 |         78 |         78 |       0 |    0 |   145 |      0 |      0 |    0 |          0 |
|               fifo_burst_gen[0].fifo_req                                          |                         bd_0_hls_inst_0_top_kernel_gmem3_m_axi_fifo__parameterized4 |         51 |         19 |       0 |   32 |    79 |      0 |      0 |    0 |          0 |
|           store_unit_0                                                            |                                        bd_0_hls_inst_0_top_kernel_gmem3_m_axi_store |        189 |        147 |       0 |   42 |   251 |      0 |      1 |    0 |          0 |
|             (store_unit_0)                                                        |                                        bd_0_hls_inst_0_top_kernel_gmem3_m_axi_store |          0 |          0 |       0 |    0 |    84 |      0 |      0 |    0 |          0 |
|             buff_wdata                                                            |                         bd_0_hls_inst_0_top_kernel_gmem3_m_axi_fifo__parameterized1 |         50 |         50 |       0 |    0 |    41 |      0 |      1 |    0 |          0 |
|               (buff_wdata)                                                        |                         bd_0_hls_inst_0_top_kernel_gmem3_m_axi_fifo__parameterized1 |         50 |         50 |       0 |    0 |    41 |      0 |      0 |    0 |          0 |
|             conservative_gen.fifo_burst                                           |                                         bd_0_hls_inst_0_top_kernel_gmem3_m_axi_fifo |         60 |         52 |       0 |    8 |    25 |      0 |      0 |    0 |          0 |
|             fifo_wreq                                                             |                         bd_0_hls_inst_0_top_kernel_gmem3_m_axi_fifo__parameterized0 |         46 |         13 |       0 |   33 |    74 |      0 |      0 |    0 |          0 |
|               U_fifo_srl                                                          |                          bd_0_hls_inst_0_top_kernel_gmem3_m_axi_srl__parameterized0 |         35 |          2 |       0 |   33 |    63 |      0 |      0 |    0 |          0 |
|         morphology_stream_U                                                       |                                        bd_0_hls_inst_0_top_kernel_fifo_w14_d256_A_2 |        139 |         75 |      64 |    0 |    51 |      0 |      0 |    0 |          0 |
|           U_top_kernel_fifo_w14_d256_A_ram                                        |                                      bd_0_hls_inst_0_top_kernel_fifo_w14_d256_A_ram |         91 |         27 |      64 |    0 |    14 |      0 |      0 |    0 |          0 |
|         stage_bilateral_U0                                                        |                                          bd_0_hls_inst_0_top_kernel_stage_bilateral |      22408 |      21423 |       0 |  985 | 32300 |      0 |      9 |    0 |        173 |
|           grp_stage_bilateral_Pipeline_READ_IN_fu_66                              |                         bd_0_hls_inst_0_top_kernel_stage_bilateral_Pipeline_READ_IN |         76 |         55 |       0 |   21 |   104 |      0 |      0 |    0 |          3 |
|           grp_stage_bilateral_Pipeline_BILATERAL_OUT_VITIS_LOOP_239_3_fu_90       |  bd_0_hls_inst_0_top_kernel_stage_bilateral_Pipeline_BILATERAL_OUT_VITIS_LOOP_239_3 |      22325 |      21361 |       0 |  964 | 32189 |      0 |      0 |    0 |        170 |
|             (grp_stage_bilateral_Pipeline_BILATERAL_OUT_VITIS_LOOP_239_3_fu_90)   |  bd_0_hls_inst_0_top_kernel_stage_bilateral_Pipeline_BILATERAL_OUT_VITIS_LOOP_239_3 |       6708 |       6157 |       0 |  551 |  9576 |      0 |      0 |    0 |         14 |
|             (fpext_32ns_64_2_no_dsp_1_U1340)                                      |                      bd_0_hls_inst_0_top_kernel_fpext_32ns_64_2_no_dsp_1__xdcDup__2 |         18 |         18 |       0 |    0 |    68 |      0 |      0 |    0 |          0 |
|             (fpext_32ns_64_2_no_dsp_1_U1341)                                      |                      bd_0_hls_inst_0_top_kernel_fpext_32ns_64_2_no_dsp_1__xdcDup__3 |         18 |         18 |       0 |    0 |    68 |      0 |      0 |    0 |          0 |
|             (fpext_32ns_64_2_no_dsp_1_U1342)                                      |                      bd_0_hls_inst_0_top_kernel_fpext_32ns_64_2_no_dsp_1__xdcDup__4 |         18 |         18 |       0 |    0 |    68 |      0 |      0 |    0 |          0 |
|             (fpext_32ns_64_2_no_dsp_1_U1343)                                      |                      bd_0_hls_inst_0_top_kernel_fpext_32ns_64_2_no_dsp_1__xdcDup__5 |         18 |         18 |       0 |    0 |    68 |      0 |      0 |    0 |          0 |
|             (fpext_32ns_64_2_no_dsp_1_U1344)                                      |                      bd_0_hls_inst_0_top_kernel_fpext_32ns_64_2_no_dsp_1__xdcDup__6 |         18 |         18 |       0 |    0 |    67 |      0 |      0 |    0 |          0 |
|             (fpext_32ns_64_2_no_dsp_1_U1345)                                      |                      bd_0_hls_inst_0_top_kernel_fpext_32ns_64_2_no_dsp_1__xdcDup__7 |         18 |         18 |       0 |    0 |    68 |      0 |      0 |    0 |          0 |
|             (fpext_32ns_64_2_no_dsp_1_U1346)                                      |                      bd_0_hls_inst_0_top_kernel_fpext_32ns_64_2_no_dsp_1__xdcDup__8 |         18 |         18 |       0 |    0 |    68 |      0 |      0 |    0 |          0 |
|             (fpext_32ns_64_2_no_dsp_1_U1347)                                      |                      bd_0_hls_inst_0_top_kernel_fpext_32ns_64_2_no_dsp_1__xdcDup__9 |         18 |         18 |       0 |    0 |    68 |      0 |      0 |    0 |          0 |
|             (fpext_32ns_64_2_no_dsp_1_U1348)                                      |                                 bd_0_hls_inst_0_top_kernel_fpext_32ns_64_2_no_dsp_1 |         18 |         18 |       0 |    0 |    68 |      0 |      0 |    0 |          0 |
|             fdiv_32ns_32ns_32_30_no_dsp_1_U1331                                   |                 bd_0_hls_inst_0_top_kernel_fdiv_32ns_32ns_32_30_no_dsp_1__xdcDup__2 |        735 |        701 |       0 |   34 |  1077 |      0 |      0 |    0 |          0 |
|               (fdiv_32ns_32ns_32_30_no_dsp_1_U1331)                               |                 bd_0_hls_inst_0_top_kernel_fdiv_32ns_32ns_32_30_no_dsp_1__xdcDup__2 |         16 |         16 |       0 |    0 |    64 |      0 |      0 |    0 |          0 |
|               top_kernel_fdiv_32ns_32ns_32_30_no_dsp_1_ip_u                       |                     bd_0_hls_inst_0_top_kernel_fdiv_32ns_32ns_32_30_no_dsp_1_ip__11 |        719 |        685 |       0 |   34 |  1013 |      0 |      0 |    0 |          0 |
|             fdiv_32ns_32ns_32_30_no_dsp_1_U1332                                   |                 bd_0_hls_inst_0_top_kernel_fdiv_32ns_32ns_32_30_no_dsp_1__xdcDup__3 |        734 |        700 |       0 |   34 |  1077 |      0 |      0 |    0 |          0 |
|               (fdiv_32ns_32ns_32_30_no_dsp_1_U1332)                               |                 bd_0_hls_inst_0_top_kernel_fdiv_32ns_32ns_32_30_no_dsp_1__xdcDup__3 |         16 |         16 |       0 |    0 |    64 |      0 |      0 |    0 |          0 |
|               top_kernel_fdiv_32ns_32ns_32_30_no_dsp_1_ip_u                       |                     bd_0_hls_inst_0_top_kernel_fdiv_32ns_32ns_32_30_no_dsp_1_ip__12 |        718 |        684 |       0 |   34 |  1013 |      0 |      0 |    0 |          0 |
|             fdiv_32ns_32ns_32_30_no_dsp_1_U1333                                   |                 bd_0_hls_inst_0_top_kernel_fdiv_32ns_32ns_32_30_no_dsp_1__xdcDup__4 |        734 |        700 |       0 |   34 |  1077 |      0 |      0 |    0 |          0 |
|               (fdiv_32ns_32ns_32_30_no_dsp_1_U1333)                               |                 bd_0_hls_inst_0_top_kernel_fdiv_32ns_32ns_32_30_no_dsp_1__xdcDup__4 |         16 |         16 |       0 |    0 |    64 |      0 |      0 |    0 |          0 |
|               top_kernel_fdiv_32ns_32ns_32_30_no_dsp_1_ip_u                       |                     bd_0_hls_inst_0_top_kernel_fdiv_32ns_32ns_32_30_no_dsp_1_ip__13 |        718 |        684 |       0 |   34 |  1013 |      0 |      0 |    0 |          0 |
|             fdiv_32ns_32ns_32_30_no_dsp_1_U1334                                   |                 bd_0_hls_inst_0_top_kernel_fdiv_32ns_32ns_32_30_no_dsp_1__xdcDup__5 |        734 |        700 |       0 |   34 |  1077 |      0 |      0 |    0 |          0 |
|               (fdiv_32ns_32ns_32_30_no_dsp_1_U1334)                               |                 bd_0_hls_inst_0_top_kernel_fdiv_32ns_32ns_32_30_no_dsp_1__xdcDup__5 |         16 |         16 |       0 |    0 |    64 |      0 |      0 |    0 |          0 |
|               top_kernel_fdiv_32ns_32ns_32_30_no_dsp_1_ip_u                       |                     bd_0_hls_inst_0_top_kernel_fdiv_32ns_32ns_32_30_no_dsp_1_ip__14 |        718 |        684 |       0 |   34 |  1013 |      0 |      0 |    0 |          0 |
|             fdiv_32ns_32ns_32_30_no_dsp_1_U1335                                   |                 bd_0_hls_inst_0_top_kernel_fdiv_32ns_32ns_32_30_no_dsp_1__xdcDup__6 |        734 |        700 |       0 |   34 |  1077 |      0 |      0 |    0 |          0 |
|               (fdiv_32ns_32ns_32_30_no_dsp_1_U1335)                               |                 bd_0_hls_inst_0_top_kernel_fdiv_32ns_32ns_32_30_no_dsp_1__xdcDup__6 |         16 |         16 |       0 |    0 |    64 |      0 |      0 |    0 |          0 |
|               top_kernel_fdiv_32ns_32ns_32_30_no_dsp_1_ip_u                       |                     bd_0_hls_inst_0_top_kernel_fdiv_32ns_32ns_32_30_no_dsp_1_ip__15 |        718 |        684 |       0 |   34 |  1013 |      0 |      0 |    0 |          0 |
|             fdiv_32ns_32ns_32_30_no_dsp_1_U1336                                   |                 bd_0_hls_inst_0_top_kernel_fdiv_32ns_32ns_32_30_no_dsp_1__xdcDup__7 |        734 |        700 |       0 |   34 |  1077 |      0 |      0 |    0 |          0 |
|               (fdiv_32ns_32ns_32_30_no_dsp_1_U1336)                               |                 bd_0_hls_inst_0_top_kernel_fdiv_32ns_32ns_32_30_no_dsp_1__xdcDup__7 |         16 |         16 |       0 |    0 |    64 |      0 |      0 |    0 |          0 |
|               top_kernel_fdiv_32ns_32ns_32_30_no_dsp_1_ip_u                       |                     bd_0_hls_inst_0_top_kernel_fdiv_32ns_32ns_32_30_no_dsp_1_ip__16 |        718 |        684 |       0 |   34 |  1013 |      0 |      0 |    0 |          0 |
|             fdiv_32ns_32ns_32_30_no_dsp_1_U1337                                   |                 bd_0_hls_inst_0_top_kernel_fdiv_32ns_32ns_32_30_no_dsp_1__xdcDup__8 |        734 |        700 |       0 |   34 |  1077 |      0 |      0 |    0 |          0 |
|               (fdiv_32ns_32ns_32_30_no_dsp_1_U1337)                               |                 bd_0_hls_inst_0_top_kernel_fdiv_32ns_32ns_32_30_no_dsp_1__xdcDup__8 |         16 |         16 |       0 |    0 |    64 |      0 |      0 |    0 |          0 |
|               top_kernel_fdiv_32ns_32ns_32_30_no_dsp_1_ip_u                       |                     bd_0_hls_inst_0_top_kernel_fdiv_32ns_32ns_32_30_no_dsp_1_ip__17 |        718 |        684 |       0 |   34 |  1013 |      0 |      0 |    0 |          0 |
|             fdiv_32ns_32ns_32_30_no_dsp_1_U1338                                   |                 bd_0_hls_inst_0_top_kernel_fdiv_32ns_32ns_32_30_no_dsp_1__xdcDup__9 |        735 |        701 |       0 |   34 |  1077 |      0 |      0 |    0 |          0 |
|               (fdiv_32ns_32ns_32_30_no_dsp_1_U1338)                               |                 bd_0_hls_inst_0_top_kernel_fdiv_32ns_32ns_32_30_no_dsp_1__xdcDup__9 |         16 |         16 |       0 |    0 |    64 |      0 |      0 |    0 |          0 |
|               top_kernel_fdiv_32ns_32ns_32_30_no_dsp_1_ip_u                       |                     bd_0_hls_inst_0_top_kernel_fdiv_32ns_32ns_32_30_no_dsp_1_ip__18 |        719 |        685 |       0 |   34 |  1013 |      0 |      0 |    0 |          0 |
|             fdiv_32ns_32ns_32_30_no_dsp_1_U1339                                   |                            bd_0_hls_inst_0_top_kernel_fdiv_32ns_32ns_32_30_no_dsp_1 |        735 |        701 |       0 |   34 |  1077 |      0 |      0 |    0 |          0 |
|               (fdiv_32ns_32ns_32_30_no_dsp_1_U1339)                               |                            bd_0_hls_inst_0_top_kernel_fdiv_32ns_32ns_32_30_no_dsp_1 |         16 |         16 |       0 |    0 |    64 |      0 |      0 |    0 |          0 |
|               top_kernel_fdiv_32ns_32ns_32_30_no_dsp_1_ip_u                       |                     bd_0_hls_inst_0_top_kernel_fdiv_32ns_32ns_32_30_no_dsp_1_ip__10 |        719 |        685 |       0 |   34 |  1013 |      0 |      0 |    0 |          0 |
|             fmul_32ns_32ns_32_7_max_dsp_1_U1299                                   |                 bd_0_hls_inst_0_top_kernel_fmul_32ns_32ns_32_7_max_dsp_1__xdcDup__5 |         79 |         79 |       0 |    0 |   161 |      0 |      0 |    0 |          3 |
|               (fmul_32ns_32ns_32_7_max_dsp_1_U1299)                               |                 bd_0_hls_inst_0_top_kernel_fmul_32ns_32ns_32_7_max_dsp_1__xdcDup__5 |         16 |         16 |       0 |    0 |    63 |      0 |      0 |    0 |          0 |
|               top_kernel_fmul_32ns_32ns_32_7_max_dsp_1_ip_u                       |                     bd_0_hls_inst_0_top_kernel_fmul_32ns_32ns_32_7_max_dsp_1_ip__53 |         63 |         63 |       0 |    0 |    98 |      0 |      0 |    0 |          3 |
|             fmul_32ns_32ns_32_7_max_dsp_1_U1300                                   |                 bd_0_hls_inst_0_top_kernel_fmul_32ns_32ns_32_7_max_dsp_1__xdcDup__6 |         78 |         78 |       0 |    0 |   161 |      0 |      0 |    0 |          3 |
|               (fmul_32ns_32ns_32_7_max_dsp_1_U1300)                               |                 bd_0_hls_inst_0_top_kernel_fmul_32ns_32ns_32_7_max_dsp_1__xdcDup__6 |         16 |         16 |       0 |    0 |    63 |      0 |      0 |    0 |          0 |
|               top_kernel_fmul_32ns_32ns_32_7_max_dsp_1_ip_u                       |                     bd_0_hls_inst_0_top_kernel_fmul_32ns_32ns_32_7_max_dsp_1_ip__54 |         62 |         62 |       0 |    0 |    98 |      0 |      0 |    0 |          3 |
|             fmul_32ns_32ns_32_7_max_dsp_1_U1301                                   |                 bd_0_hls_inst_0_top_kernel_fmul_32ns_32ns_32_7_max_dsp_1__xdcDup__7 |         79 |         79 |       0 |    0 |   161 |      0 |      0 |    0 |          3 |
|               (fmul_32ns_32ns_32_7_max_dsp_1_U1301)                               |                 bd_0_hls_inst_0_top_kernel_fmul_32ns_32ns_32_7_max_dsp_1__xdcDup__7 |         16 |         16 |       0 |    0 |    63 |      0 |      0 |    0 |          0 |
|               top_kernel_fmul_32ns_32ns_32_7_max_dsp_1_ip_u                       |                     bd_0_hls_inst_0_top_kernel_fmul_32ns_32ns_32_7_max_dsp_1_ip__55 |         63 |         63 |       0 |    0 |    98 |      0 |      0 |    0 |          3 |
|             fmul_32ns_32ns_32_7_max_dsp_1_U1302                                   |                 bd_0_hls_inst_0_top_kernel_fmul_32ns_32ns_32_7_max_dsp_1__xdcDup__8 |         79 |         79 |       0 |    0 |   161 |      0 |      0 |    0 |          3 |
|               (fmul_32ns_32ns_32_7_max_dsp_1_U1302)                               |                 bd_0_hls_inst_0_top_kernel_fmul_32ns_32ns_32_7_max_dsp_1__xdcDup__8 |         16 |         16 |       0 |    0 |    63 |      0 |      0 |    0 |          0 |
|               top_kernel_fmul_32ns_32ns_32_7_max_dsp_1_ip_u                       |                     bd_0_hls_inst_0_top_kernel_fmul_32ns_32ns_32_7_max_dsp_1_ip__56 |         63 |         63 |       0 |    0 |    98 |      0 |      0 |    0 |          3 |
|             fmul_32ns_32ns_32_7_max_dsp_1_U1303                                   |                 bd_0_hls_inst_0_top_kernel_fmul_32ns_32ns_32_7_max_dsp_1__xdcDup__9 |         79 |         79 |       0 |    0 |   161 |      0 |      0 |    0 |          3 |
|               (fmul_32ns_32ns_32_7_max_dsp_1_U1303)                               |                 bd_0_hls_inst_0_top_kernel_fmul_32ns_32ns_32_7_max_dsp_1__xdcDup__9 |         16 |         16 |       0 |    0 |    63 |      0 |      0 |    0 |          0 |
|               top_kernel_fmul_32ns_32ns_32_7_max_dsp_1_ip_u                       |                     bd_0_hls_inst_0_top_kernel_fmul_32ns_32ns_32_7_max_dsp_1_ip__60 |         63 |         63 |       0 |    0 |    98 |      0 |      0 |    0 |          3 |
|             fmul_32ns_32ns_32_7_max_dsp_1_U1304                                   |                bd_0_hls_inst_0_top_kernel_fmul_32ns_32ns_32_7_max_dsp_1__xdcDup__10 |         78 |         78 |       0 |    0 |   161 |      0 |      0 |    0 |          3 |
|               (fmul_32ns_32ns_32_7_max_dsp_1_U1304)                               |                bd_0_hls_inst_0_top_kernel_fmul_32ns_32ns_32_7_max_dsp_1__xdcDup__10 |         16 |         16 |       0 |    0 |    63 |      0 |      0 |    0 |          0 |
|               top_kernel_fmul_32ns_32ns_32_7_max_dsp_1_ip_u                       |                     bd_0_hls_inst_0_top_kernel_fmul_32ns_32ns_32_7_max_dsp_1_ip__61 |         62 |         62 |       0 |    0 |    98 |      0 |      0 |    0 |          3 |
|             fmul_32ns_32ns_32_7_max_dsp_1_U1305                                   |                bd_0_hls_inst_0_top_kernel_fmul_32ns_32ns_32_7_max_dsp_1__xdcDup__11 |         79 |         79 |       0 |    0 |   161 |      0 |      0 |    0 |          3 |
|               (fmul_32ns_32ns_32_7_max_dsp_1_U1305)                               |                bd_0_hls_inst_0_top_kernel_fmul_32ns_32ns_32_7_max_dsp_1__xdcDup__11 |         16 |         16 |       0 |    0 |    63 |      0 |      0 |    0 |          0 |
|               top_kernel_fmul_32ns_32ns_32_7_max_dsp_1_ip_u                       |                     bd_0_hls_inst_0_top_kernel_fmul_32ns_32ns_32_7_max_dsp_1_ip__62 |         63 |         63 |       0 |    0 |    98 |      0 |      0 |    0 |          3 |
|             fmul_32ns_32ns_32_7_max_dsp_1_U1306                                   |                bd_0_hls_inst_0_top_kernel_fmul_32ns_32ns_32_7_max_dsp_1__xdcDup__12 |         79 |         79 |       0 |    0 |   161 |      0 |      0 |    0 |          3 |
|               (fmul_32ns_32ns_32_7_max_dsp_1_U1306)                               |                bd_0_hls_inst_0_top_kernel_fmul_32ns_32ns_32_7_max_dsp_1__xdcDup__12 |         16 |         16 |       0 |    0 |    63 |      0 |      0 |    0 |          0 |
|               top_kernel_fmul_32ns_32ns_32_7_max_dsp_1_ip_u                       |                     bd_0_hls_inst_0_top_kernel_fmul_32ns_32ns_32_7_max_dsp_1_ip__63 |         63 |         63 |       0 |    0 |    98 |      0 |      0 |    0 |          3 |
|             fmul_32ns_32ns_32_7_max_dsp_1_U1307                                   |                bd_0_hls_inst_0_top_kernel_fmul_32ns_32ns_32_7_max_dsp_1__xdcDup__13 |         79 |         79 |       0 |    0 |   161 |      0 |      0 |    0 |          3 |
|               (fmul_32ns_32ns_32_7_max_dsp_1_U1307)                               |                bd_0_hls_inst_0_top_kernel_fmul_32ns_32ns_32_7_max_dsp_1__xdcDup__13 |         16 |         16 |       0 |    0 |    63 |      0 |      0 |    0 |          0 |
|               top_kernel_fmul_32ns_32ns_32_7_max_dsp_1_ip_u                       |                     bd_0_hls_inst_0_top_kernel_fmul_32ns_32ns_32_7_max_dsp_1_ip__64 |         63 |         63 |       0 |    0 |    98 |      0 |      0 |    0 |          3 |
|             fmul_32ns_32ns_32_7_max_dsp_1_U1308                                   |                bd_0_hls_inst_0_top_kernel_fmul_32ns_32ns_32_7_max_dsp_1__xdcDup__14 |         81 |         81 |       0 |    0 |   129 |      0 |      0 |    0 |          3 |
|               top_kernel_fmul_32ns_32ns_32_7_max_dsp_1_ip_u                       |                     bd_0_hls_inst_0_top_kernel_fmul_32ns_32ns_32_7_max_dsp_1_ip__48 |         65 |         65 |       0 |    0 |    98 |      0 |      0 |    0 |          3 |
|             fmul_32ns_32ns_32_7_max_dsp_1_U1309                                   |                bd_0_hls_inst_0_top_kernel_fmul_32ns_32ns_32_7_max_dsp_1__xdcDup__15 |         80 |         80 |       0 |    0 |   129 |      0 |      0 |    0 |          3 |
|               top_kernel_fmul_32ns_32ns_32_7_max_dsp_1_ip_u                       |                     bd_0_hls_inst_0_top_kernel_fmul_32ns_32ns_32_7_max_dsp_1_ip__49 |         64 |         64 |       0 |    0 |    98 |      0 |      0 |    0 |          3 |
|             fmul_32ns_32ns_32_7_max_dsp_1_U1310                                   |                bd_0_hls_inst_0_top_kernel_fmul_32ns_32ns_32_7_max_dsp_1__xdcDup__16 |         79 |         79 |       0 |    0 |   129 |      0 |      0 |    0 |          3 |
|               top_kernel_fmul_32ns_32ns_32_7_max_dsp_1_ip_u                       |                     bd_0_hls_inst_0_top_kernel_fmul_32ns_32ns_32_7_max_dsp_1_ip__50 |         63 |         63 |       0 |    0 |    98 |      0 |      0 |    0 |          3 |
|             fmul_32ns_32ns_32_7_max_dsp_1_U1311                                   |                bd_0_hls_inst_0_top_kernel_fmul_32ns_32ns_32_7_max_dsp_1__xdcDup__17 |         81 |         81 |       0 |    0 |   130 |      0 |      0 |    0 |          3 |
|               top_kernel_fmul_32ns_32ns_32_7_max_dsp_1_ip_u                       |                     bd_0_hls_inst_0_top_kernel_fmul_32ns_32ns_32_7_max_dsp_1_ip__65 |         65 |         65 |       0 |    0 |    98 |      0 |      0 |    0 |          3 |
|             fmul_32ns_32ns_32_7_max_dsp_1_U1312                                   |                bd_0_hls_inst_0_top_kernel_fmul_32ns_32ns_32_7_max_dsp_1__xdcDup__18 |         81 |         81 |       0 |    0 |   153 |      0 |      0 |    0 |          3 |
|               (fmul_32ns_32ns_32_7_max_dsp_1_U1312)                               |                bd_0_hls_inst_0_top_kernel_fmul_32ns_32ns_32_7_max_dsp_1__xdcDup__18 |         16 |         16 |       0 |    0 |    55 |      0 |      0 |    0 |          0 |
|               top_kernel_fmul_32ns_32ns_32_7_max_dsp_1_ip_u                       |                     bd_0_hls_inst_0_top_kernel_fmul_32ns_32ns_32_7_max_dsp_1_ip__66 |         65 |         65 |       0 |    0 |    98 |      0 |      0 |    0 |          3 |
|             fmul_32ns_32ns_32_7_max_dsp_1_U1313                                   |                bd_0_hls_inst_0_top_kernel_fmul_32ns_32ns_32_7_max_dsp_1__xdcDup__19 |         77 |         77 |       0 |    0 |   130 |      0 |      0 |    0 |          3 |
|               top_kernel_fmul_32ns_32ns_32_7_max_dsp_1_ip_u                       |                     bd_0_hls_inst_0_top_kernel_fmul_32ns_32ns_32_7_max_dsp_1_ip__67 |         61 |         61 |       0 |    0 |    98 |      0 |      0 |    0 |          3 |
|             fmul_32ns_32ns_32_7_max_dsp_1_U1314                                   |                bd_0_hls_inst_0_top_kernel_fmul_32ns_32ns_32_7_max_dsp_1__xdcDup__20 |         81 |         81 |       0 |    0 |   129 |      0 |      0 |    0 |          3 |
|               top_kernel_fmul_32ns_32ns_32_7_max_dsp_1_ip_u                       |                     bd_0_hls_inst_0_top_kernel_fmul_32ns_32ns_32_7_max_dsp_1_ip__43 |         65 |         65 |       0 |    0 |    98 |      0 |      0 |    0 |          3 |
|             fmul_32ns_32ns_32_7_max_dsp_1_U1315                                   |                bd_0_hls_inst_0_top_kernel_fmul_32ns_32ns_32_7_max_dsp_1__xdcDup__21 |         81 |         81 |       0 |    0 |   129 |      0 |      0 |    0 |          3 |
|               top_kernel_fmul_32ns_32ns_32_7_max_dsp_1_ip_u                       |                     bd_0_hls_inst_0_top_kernel_fmul_32ns_32ns_32_7_max_dsp_1_ip__44 |         65 |         65 |       0 |    0 |    98 |      0 |      0 |    0 |          3 |
|             fmul_32ns_32ns_32_7_max_dsp_1_U1316                                   |                bd_0_hls_inst_0_top_kernel_fmul_32ns_32ns_32_7_max_dsp_1__xdcDup__22 |         79 |         79 |       0 |    0 |   129 |      0 |      0 |    0 |          3 |
|               top_kernel_fmul_32ns_32ns_32_7_max_dsp_1_ip_u                       |                     bd_0_hls_inst_0_top_kernel_fmul_32ns_32ns_32_7_max_dsp_1_ip__45 |         63 |         63 |       0 |    0 |    98 |      0 |      0 |    0 |          3 |
|             fmul_32ns_32ns_32_7_max_dsp_1_U1317                                   |                bd_0_hls_inst_0_top_kernel_fmul_32ns_32ns_32_7_max_dsp_1__xdcDup__23 |         84 |         84 |       0 |    0 |   165 |      0 |      0 |    0 |          3 |
|               (fmul_32ns_32ns_32_7_max_dsp_1_U1317)                               |                bd_0_hls_inst_0_top_kernel_fmul_32ns_32ns_32_7_max_dsp_1__xdcDup__23 |         19 |         19 |       0 |    0 |    67 |      0 |      0 |    0 |          0 |
|               top_kernel_fmul_32ns_32ns_32_7_max_dsp_1_ip_u                       |                     bd_0_hls_inst_0_top_kernel_fmul_32ns_32ns_32_7_max_dsp_1_ip__46 |         65 |         65 |       0 |    0 |    98 |      0 |      0 |    0 |          3 |
|             fmul_32ns_32ns_32_7_max_dsp_1_U1318                                   |                bd_0_hls_inst_0_top_kernel_fmul_32ns_32ns_32_7_max_dsp_1__xdcDup__24 |         84 |         84 |       0 |    0 |   165 |      0 |      0 |    0 |          3 |
|               (fmul_32ns_32ns_32_7_max_dsp_1_U1318)                               |                bd_0_hls_inst_0_top_kernel_fmul_32ns_32ns_32_7_max_dsp_1__xdcDup__24 |         19 |         19 |       0 |    0 |    67 |      0 |      0 |    0 |          0 |
|               top_kernel_fmul_32ns_32ns_32_7_max_dsp_1_ip_u                       |                     bd_0_hls_inst_0_top_kernel_fmul_32ns_32ns_32_7_max_dsp_1_ip__51 |         65 |         65 |       0 |    0 |    98 |      0 |      0 |    0 |          3 |
|             fmul_32ns_32ns_32_7_max_dsp_1_U1319                                   |                bd_0_hls_inst_0_top_kernel_fmul_32ns_32ns_32_7_max_dsp_1__xdcDup__25 |         84 |         84 |       0 |    0 |   166 |      0 |      0 |    0 |          3 |
|               (fmul_32ns_32ns_32_7_max_dsp_1_U1319)                               |                bd_0_hls_inst_0_top_kernel_fmul_32ns_32ns_32_7_max_dsp_1__xdcDup__25 |         19 |         19 |       0 |    0 |    68 |      0 |      0 |    0 |          0 |
|               top_kernel_fmul_32ns_32ns_32_7_max_dsp_1_ip_u                       |                     bd_0_hls_inst_0_top_kernel_fmul_32ns_32ns_32_7_max_dsp_1_ip__68 |         65 |         65 |       0 |    0 |    98 |      0 |      0 |    0 |          3 |
|             fmul_32ns_32ns_32_7_max_dsp_1_U1320                                   |                bd_0_hls_inst_0_top_kernel_fmul_32ns_32ns_32_7_max_dsp_1__xdcDup__26 |         80 |         80 |       0 |    0 |   166 |      0 |      0 |    0 |          3 |
|               (fmul_32ns_32ns_32_7_max_dsp_1_U1320)                               |                bd_0_hls_inst_0_top_kernel_fmul_32ns_32ns_32_7_max_dsp_1__xdcDup__26 |         16 |         16 |       0 |    0 |    68 |      0 |      0 |    0 |          0 |
|               top_kernel_fmul_32ns_32ns_32_7_max_dsp_1_ip_u                       |                     bd_0_hls_inst_0_top_kernel_fmul_32ns_32ns_32_7_max_dsp_1_ip__40 |         64 |         64 |       0 |    0 |    98 |      0 |      0 |    0 |          3 |
|             fmul_32ns_32ns_32_7_max_dsp_1_U1321                                   |                bd_0_hls_inst_0_top_kernel_fmul_32ns_32ns_32_7_max_dsp_1__xdcDup__27 |         84 |         84 |       0 |    0 |   165 |      0 |      0 |    0 |          3 |
|               (fmul_32ns_32ns_32_7_max_dsp_1_U1321)                               |                bd_0_hls_inst_0_top_kernel_fmul_32ns_32ns_32_7_max_dsp_1__xdcDup__27 |         19 |         19 |       0 |    0 |    67 |      0 |      0 |    0 |          0 |
|               top_kernel_fmul_32ns_32ns_32_7_max_dsp_1_ip_u                       |                     bd_0_hls_inst_0_top_kernel_fmul_32ns_32ns_32_7_max_dsp_1_ip__52 |         65 |         65 |       0 |    0 |    98 |      0 |      0 |    0 |          3 |
|             fmul_32ns_32ns_32_7_max_dsp_1_U1322                                   |                bd_0_hls_inst_0_top_kernel_fmul_32ns_32ns_32_7_max_dsp_1__xdcDup__28 |         84 |         84 |       0 |    0 |   165 |      0 |      0 |    0 |          3 |
|               (fmul_32ns_32ns_32_7_max_dsp_1_U1322)                               |                bd_0_hls_inst_0_top_kernel_fmul_32ns_32ns_32_7_max_dsp_1__xdcDup__28 |         19 |         19 |       0 |    0 |    67 |      0 |      0 |    0 |          0 |
|               top_kernel_fmul_32ns_32ns_32_7_max_dsp_1_ip_u                       |                     bd_0_hls_inst_0_top_kernel_fmul_32ns_32ns_32_7_max_dsp_1_ip__41 |         65 |         65 |       0 |    0 |    98 |      0 |      0 |    0 |          3 |
|             fmul_32ns_32ns_32_7_max_dsp_1_U1323                                   |                bd_0_hls_inst_0_top_kernel_fmul_32ns_32ns_32_7_max_dsp_1__xdcDup__29 |         80 |         80 |       0 |    0 |   168 |      0 |      0 |    0 |          3 |
|               (fmul_32ns_32ns_32_7_max_dsp_1_U1323)                               |                bd_0_hls_inst_0_top_kernel_fmul_32ns_32ns_32_7_max_dsp_1__xdcDup__29 |         16 |         16 |       0 |    0 |    65 |      0 |      0 |    0 |          0 |
|               top_kernel_fmul_32ns_32ns_32_7_max_dsp_1_ip_u                       |                     bd_0_hls_inst_0_top_kernel_fmul_32ns_32ns_32_7_max_dsp_1_ip__57 |         64 |         64 |       0 |    0 |   103 |      0 |      0 |    0 |          3 |
|             fmul_32ns_32ns_32_7_max_dsp_1_U1324                                   |                bd_0_hls_inst_0_top_kernel_fmul_32ns_32ns_32_7_max_dsp_1__xdcDup__30 |         81 |         81 |       0 |    0 |   168 |      0 |      0 |    0 |          3 |
|               (fmul_32ns_32ns_32_7_max_dsp_1_U1324)                               |                bd_0_hls_inst_0_top_kernel_fmul_32ns_32ns_32_7_max_dsp_1__xdcDup__30 |         16 |         16 |       0 |    0 |    65 |      0 |      0 |    0 |          0 |
|               top_kernel_fmul_32ns_32ns_32_7_max_dsp_1_ip_u                       |                     bd_0_hls_inst_0_top_kernel_fmul_32ns_32ns_32_7_max_dsp_1_ip__69 |         65 |         65 |       0 |    0 |   103 |      0 |      0 |    0 |          3 |
|             fmul_32ns_32ns_32_7_max_dsp_1_U1325                                   |                bd_0_hls_inst_0_top_kernel_fmul_32ns_32ns_32_7_max_dsp_1__xdcDup__31 |         80 |         80 |       0 |    0 |   168 |      0 |      0 |    0 |          3 |
|               (fmul_32ns_32ns_32_7_max_dsp_1_U1325)                               |                bd_0_hls_inst_0_top_kernel_fmul_32ns_32ns_32_7_max_dsp_1__xdcDup__31 |         16 |         16 |       0 |    0 |    65 |      0 |      0 |    0 |          0 |
|               top_kernel_fmul_32ns_32ns_32_7_max_dsp_1_ip_u                       |                     bd_0_hls_inst_0_top_kernel_fmul_32ns_32ns_32_7_max_dsp_1_ip__70 |         64 |         64 |       0 |    0 |   103 |      0 |      0 |    0 |          3 |
|             fmul_32ns_32ns_32_7_max_dsp_1_U1326                                   |                bd_0_hls_inst_0_top_kernel_fmul_32ns_32ns_32_7_max_dsp_1__xdcDup__32 |         81 |         81 |       0 |    0 |   167 |      0 |      0 |    0 |          3 |
|               (fmul_32ns_32ns_32_7_max_dsp_1_U1326)                               |                bd_0_hls_inst_0_top_kernel_fmul_32ns_32ns_32_7_max_dsp_1__xdcDup__32 |         16 |         16 |       0 |    0 |    64 |      0 |      0 |    0 |          0 |
|               top_kernel_fmul_32ns_32ns_32_7_max_dsp_1_ip_u                       |                     bd_0_hls_inst_0_top_kernel_fmul_32ns_32ns_32_7_max_dsp_1_ip__47 |         65 |         65 |       0 |    0 |   103 |      0 |      0 |    0 |          3 |
|             fmul_32ns_32ns_32_7_max_dsp_1_U1327                                   |                bd_0_hls_inst_0_top_kernel_fmul_32ns_32ns_32_7_max_dsp_1__xdcDup__33 |         81 |         81 |       0 |    0 |   168 |      0 |      0 |    0 |          3 |
|               (fmul_32ns_32ns_32_7_max_dsp_1_U1327)                               |                bd_0_hls_inst_0_top_kernel_fmul_32ns_32ns_32_7_max_dsp_1__xdcDup__33 |         16 |         16 |       0 |    0 |    65 |      0 |      0 |    0 |          0 |
|               top_kernel_fmul_32ns_32ns_32_7_max_dsp_1_ip_u                       |                     bd_0_hls_inst_0_top_kernel_fmul_32ns_32ns_32_7_max_dsp_1_ip__58 |         65 |         65 |       0 |    0 |   103 |      0 |      0 |    0 |          3 |
|             fmul_32ns_32ns_32_7_max_dsp_1_U1328                                   |                bd_0_hls_inst_0_top_kernel_fmul_32ns_32ns_32_7_max_dsp_1__xdcDup__34 |         81 |         81 |       0 |    0 |   168 |      0 |      0 |    0 |          3 |
|               (fmul_32ns_32ns_32_7_max_dsp_1_U1328)                               |                bd_0_hls_inst_0_top_kernel_fmul_32ns_32ns_32_7_max_dsp_1__xdcDup__34 |         16 |         16 |       0 |    0 |    65 |      0 |      0 |    0 |          0 |
|               top_kernel_fmul_32ns_32ns_32_7_max_dsp_1_ip_u                       |                         bd_0_hls_inst_0_top_kernel_fmul_32ns_32ns_32_7_max_dsp_1_ip |         65 |         65 |       0 |    0 |   103 |      0 |      0 |    0 |          3 |
|             fmul_32ns_32ns_32_7_max_dsp_1_U1329                                   |                bd_0_hls_inst_0_top_kernel_fmul_32ns_32ns_32_7_max_dsp_1__xdcDup__35 |         81 |         81 |       0 |    0 |   168 |      0 |      0 |    0 |          3 |
|               (fmul_32ns_32ns_32_7_max_dsp_1_U1329)                               |                bd_0_hls_inst_0_top_kernel_fmul_32ns_32ns_32_7_max_dsp_1__xdcDup__35 |         16 |         16 |       0 |    0 |    65 |      0 |      0 |    0 |          0 |
|               top_kernel_fmul_32ns_32ns_32_7_max_dsp_1_ip_u                       |                     bd_0_hls_inst_0_top_kernel_fmul_32ns_32ns_32_7_max_dsp_1_ip__59 |         65 |         65 |       0 |    0 |   103 |      0 |      0 |    0 |          3 |
|             fmul_32ns_32ns_32_7_max_dsp_1_U1330                                   |                            bd_0_hls_inst_0_top_kernel_fmul_32ns_32ns_32_7_max_dsp_1 |         81 |         81 |       0 |    0 |   167 |      0 |      0 |    0 |          3 |
|               (fmul_32ns_32ns_32_7_max_dsp_1_U1330)                               |                            bd_0_hls_inst_0_top_kernel_fmul_32ns_32ns_32_7_max_dsp_1 |         16 |         16 |       0 |    0 |    64 |      0 |      0 |    0 |          0 |
|               top_kernel_fmul_32ns_32ns_32_7_max_dsp_1_ip_u                       |                     bd_0_hls_inst_0_top_kernel_fmul_32ns_32ns_32_7_max_dsp_1_ip__42 |         65 |         65 |       0 |    0 |   103 |      0 |      0 |    0 |          3 |
|             fsub_32ns_32ns_32_10_full_dsp_1_U1281                                 |               bd_0_hls_inst_0_top_kernel_fsub_32ns_32ns_32_10_full_dsp_1__xdcDup__1 |        175 |        173 |       0 |    2 |   347 |      0 |      0 |    0 |          2 |
|               (fsub_32ns_32ns_32_10_full_dsp_1_U1281)                             |               bd_0_hls_inst_0_top_kernel_fsub_32ns_32ns_32_10_full_dsp_1__xdcDup__1 |         16 |         16 |       0 |    0 |    94 |      0 |      0 |    0 |          0 |
|               top_kernel_fsub_32ns_32ns_32_10_full_dsp_1_ip_u                     |                   bd_0_hls_inst_0_top_kernel_fsub_32ns_32ns_32_10_full_dsp_1_ip__25 |        159 |        157 |       0 |    2 |   253 |      0 |      0 |    0 |          2 |
|             fsub_32ns_32ns_32_10_full_dsp_1_U1282                                 |               bd_0_hls_inst_0_top_kernel_fsub_32ns_32ns_32_10_full_dsp_1__xdcDup__2 |        175 |        173 |       0 |    2 |   316 |      0 |      0 |    0 |          2 |
|               (fsub_32ns_32ns_32_10_full_dsp_1_U1282)                             |               bd_0_hls_inst_0_top_kernel_fsub_32ns_32ns_32_10_full_dsp_1__xdcDup__2 |         16 |         16 |       0 |    0 |    63 |      0 |      0 |    0 |          0 |
|               top_kernel_fsub_32ns_32ns_32_10_full_dsp_1_ip_u                     |                   bd_0_hls_inst_0_top_kernel_fsub_32ns_32ns_32_10_full_dsp_1_ip__26 |        159 |        157 |       0 |    2 |   253 |      0 |      0 |    0 |          2 |
|             fsub_32ns_32ns_32_10_full_dsp_1_U1283                                 |               bd_0_hls_inst_0_top_kernel_fsub_32ns_32ns_32_10_full_dsp_1__xdcDup__3 |        175 |        173 |       0 |    2 |   316 |      0 |      0 |    0 |          2 |
|               (fsub_32ns_32ns_32_10_full_dsp_1_U1283)                             |               bd_0_hls_inst_0_top_kernel_fsub_32ns_32ns_32_10_full_dsp_1__xdcDup__3 |         16 |         16 |       0 |    0 |    63 |      0 |      0 |    0 |          0 |
|               top_kernel_fsub_32ns_32ns_32_10_full_dsp_1_ip_u                     |                   bd_0_hls_inst_0_top_kernel_fsub_32ns_32ns_32_10_full_dsp_1_ip__27 |        159 |        157 |       0 |    2 |   253 |      0 |      0 |    0 |          2 |
|             fsub_32ns_32ns_32_10_full_dsp_1_U1284                                 |               bd_0_hls_inst_0_top_kernel_fsub_32ns_32ns_32_10_full_dsp_1__xdcDup__4 |        175 |        173 |       0 |    2 |   347 |      0 |      0 |    0 |          2 |
|               (fsub_32ns_32ns_32_10_full_dsp_1_U1284)                             |               bd_0_hls_inst_0_top_kernel_fsub_32ns_32ns_32_10_full_dsp_1__xdcDup__4 |         16 |         16 |       0 |    0 |    94 |      0 |      0 |    0 |          0 |
|               top_kernel_fsub_32ns_32ns_32_10_full_dsp_1_ip_u                     |                   bd_0_hls_inst_0_top_kernel_fsub_32ns_32ns_32_10_full_dsp_1_ip__28 |        159 |        157 |       0 |    2 |   253 |      0 |      0 |    0 |          2 |
|             fsub_32ns_32ns_32_10_full_dsp_1_U1285                                 |               bd_0_hls_inst_0_top_kernel_fsub_32ns_32ns_32_10_full_dsp_1__xdcDup__5 |        176 |        174 |       0 |    2 |   316 |      0 |      0 |    0 |          2 |
|               (fsub_32ns_32ns_32_10_full_dsp_1_U1285)                             |               bd_0_hls_inst_0_top_kernel_fsub_32ns_32ns_32_10_full_dsp_1__xdcDup__5 |         16 |         16 |       0 |    0 |    63 |      0 |      0 |    0 |          0 |
|               top_kernel_fsub_32ns_32ns_32_10_full_dsp_1_ip_u                     |                   bd_0_hls_inst_0_top_kernel_fsub_32ns_32ns_32_10_full_dsp_1_ip__29 |        160 |        158 |       0 |    2 |   253 |      0 |      0 |    0 |          2 |
|             fsub_32ns_32ns_32_10_full_dsp_1_U1286                                 |               bd_0_hls_inst_0_top_kernel_fsub_32ns_32ns_32_10_full_dsp_1__xdcDup__6 |        176 |        174 |       0 |    2 |   316 |      0 |      0 |    0 |          2 |
|               (fsub_32ns_32ns_32_10_full_dsp_1_U1286)                             |               bd_0_hls_inst_0_top_kernel_fsub_32ns_32ns_32_10_full_dsp_1__xdcDup__6 |         16 |         16 |       0 |    0 |    63 |      0 |      0 |    0 |          0 |
|               top_kernel_fsub_32ns_32ns_32_10_full_dsp_1_ip_u                     |                   bd_0_hls_inst_0_top_kernel_fsub_32ns_32ns_32_10_full_dsp_1_ip__30 |        160 |        158 |       0 |    2 |   253 |      0 |      0 |    0 |          2 |
|             fsub_32ns_32ns_32_10_full_dsp_1_U1287                                 |               bd_0_hls_inst_0_top_kernel_fsub_32ns_32ns_32_10_full_dsp_1__xdcDup__7 |        175 |        173 |       0 |    2 |   316 |      0 |      0 |    0 |          2 |
|               (fsub_32ns_32ns_32_10_full_dsp_1_U1287)                             |               bd_0_hls_inst_0_top_kernel_fsub_32ns_32ns_32_10_full_dsp_1__xdcDup__7 |         16 |         16 |       0 |    0 |    63 |      0 |      0 |    0 |          0 |
|               top_kernel_fsub_32ns_32ns_32_10_full_dsp_1_ip_u                     |                   bd_0_hls_inst_0_top_kernel_fsub_32ns_32ns_32_10_full_dsp_1_ip__31 |        159 |        157 |       0 |    2 |   253 |      0 |      0 |    0 |          2 |
|             fsub_32ns_32ns_32_10_full_dsp_1_U1288                                 |               bd_0_hls_inst_0_top_kernel_fsub_32ns_32ns_32_10_full_dsp_1__xdcDup__8 |         99 |         97 |       0 |    2 |   230 |      0 |      0 |    0 |          2 |
|               top_kernel_fsub_32ns_32ns_32_10_full_dsp_1_ip_u                     |                   bd_0_hls_inst_0_top_kernel_fsub_32ns_32ns_32_10_full_dsp_1_ip__32 |         83 |         81 |       0 |    2 |   198 |      0 |      0 |    0 |          2 |
|             fsub_32ns_32ns_32_10_full_dsp_1_U1289                                 |               bd_0_hls_inst_0_top_kernel_fsub_32ns_32ns_32_10_full_dsp_1__xdcDup__9 |        176 |        174 |       0 |    2 |   347 |      0 |      0 |    0 |          2 |
|               (fsub_32ns_32ns_32_10_full_dsp_1_U1289)                             |               bd_0_hls_inst_0_top_kernel_fsub_32ns_32ns_32_10_full_dsp_1__xdcDup__9 |         16 |         16 |       0 |    0 |    94 |      0 |      0 |    0 |          0 |
|               top_kernel_fsub_32ns_32ns_32_10_full_dsp_1_ip_u                     |                   bd_0_hls_inst_0_top_kernel_fsub_32ns_32ns_32_10_full_dsp_1_ip__33 |        160 |        158 |       0 |    2 |   253 |      0 |      0 |    0 |          2 |
|             fsub_32ns_32ns_32_10_full_dsp_1_U1290                                 |              bd_0_hls_inst_0_top_kernel_fsub_32ns_32ns_32_10_full_dsp_1__xdcDup__10 |        194 |        191 |       0 |    3 |   297 |      0 |      0 |    0 |          2 |
|               (fsub_32ns_32ns_32_10_full_dsp_1_U1290)                             |              bd_0_hls_inst_0_top_kernel_fsub_32ns_32ns_32_10_full_dsp_1__xdcDup__10 |         47 |         47 |       0 |    0 |    68 |      0 |      0 |    0 |          0 |
|               top_kernel_fsub_32ns_32ns_32_10_full_dsp_1_ip_u                     |                   bd_0_hls_inst_0_top_kernel_fsub_32ns_32ns_32_10_full_dsp_1_ip__20 |        147 |        144 |       0 |    3 |   229 |      0 |      0 |    0 |          2 |
|             fsub_32ns_32ns_32_10_full_dsp_1_U1291                                 |              bd_0_hls_inst_0_top_kernel_fsub_32ns_32ns_32_10_full_dsp_1__xdcDup__11 |        195 |        192 |       0 |    3 |   298 |      0 |      0 |    0 |          2 |
|               (fsub_32ns_32ns_32_10_full_dsp_1_U1291)                             |              bd_0_hls_inst_0_top_kernel_fsub_32ns_32ns_32_10_full_dsp_1__xdcDup__11 |         48 |         48 |       0 |    0 |    69 |      0 |      0 |    0 |          0 |
|               top_kernel_fsub_32ns_32ns_32_10_full_dsp_1_ip_u                     |                   bd_0_hls_inst_0_top_kernel_fsub_32ns_32ns_32_10_full_dsp_1_ip__34 |        147 |        144 |       0 |    3 |   229 |      0 |      0 |    0 |          2 |
|             fsub_32ns_32ns_32_10_full_dsp_1_U1292                                 |              bd_0_hls_inst_0_top_kernel_fsub_32ns_32ns_32_10_full_dsp_1__xdcDup__12 |        195 |        192 |       0 |    3 |   297 |      0 |      0 |    0 |          2 |
|               (fsub_32ns_32ns_32_10_full_dsp_1_U1292)                             |              bd_0_hls_inst_0_top_kernel_fsub_32ns_32ns_32_10_full_dsp_1__xdcDup__12 |         48 |         48 |       0 |    0 |    68 |      0 |      0 |    0 |          0 |
|               top_kernel_fsub_32ns_32ns_32_10_full_dsp_1_ip_u                     |                   bd_0_hls_inst_0_top_kernel_fsub_32ns_32ns_32_10_full_dsp_1_ip__21 |        147 |        144 |       0 |    3 |   229 |      0 |      0 |    0 |          2 |
|             fsub_32ns_32ns_32_10_full_dsp_1_U1293                                 |              bd_0_hls_inst_0_top_kernel_fsub_32ns_32ns_32_10_full_dsp_1__xdcDup__13 |        165 |        162 |       0 |    3 |   297 |      0 |      0 |    0 |          2 |
|               (fsub_32ns_32ns_32_10_full_dsp_1_U1293)                             |              bd_0_hls_inst_0_top_kernel_fsub_32ns_32ns_32_10_full_dsp_1__xdcDup__13 |         18 |         18 |       0 |    0 |    68 |      0 |      0 |    0 |          0 |
|               top_kernel_fsub_32ns_32ns_32_10_full_dsp_1_ip_u                     |                   bd_0_hls_inst_0_top_kernel_fsub_32ns_32ns_32_10_full_dsp_1_ip__22 |        147 |        144 |       0 |    3 |   229 |      0 |      0 |    0 |          2 |
|             fsub_32ns_32ns_32_10_full_dsp_1_U1294                                 |              bd_0_hls_inst_0_top_kernel_fsub_32ns_32ns_32_10_full_dsp_1__xdcDup__14 |        165 |        162 |       0 |    3 |   297 |      0 |      0 |    0 |          2 |
|               (fsub_32ns_32ns_32_10_full_dsp_1_U1294)                             |              bd_0_hls_inst_0_top_kernel_fsub_32ns_32ns_32_10_full_dsp_1__xdcDup__14 |         18 |         18 |       0 |    0 |    68 |      0 |      0 |    0 |          0 |
|               top_kernel_fsub_32ns_32ns_32_10_full_dsp_1_ip_u                     |                   bd_0_hls_inst_0_top_kernel_fsub_32ns_32ns_32_10_full_dsp_1_ip__23 |        147 |        144 |       0 |    3 |   229 |      0 |      0 |    0 |          2 |
|             fsub_32ns_32ns_32_10_full_dsp_1_U1295                                 |              bd_0_hls_inst_0_top_kernel_fsub_32ns_32ns_32_10_full_dsp_1__xdcDup__15 |        165 |        162 |       0 |    3 |   298 |      0 |      0 |    0 |          2 |
|               (fsub_32ns_32ns_32_10_full_dsp_1_U1295)                             |              bd_0_hls_inst_0_top_kernel_fsub_32ns_32ns_32_10_full_dsp_1__xdcDup__15 |         18 |         18 |       0 |    0 |    69 |      0 |      0 |    0 |          0 |
|               top_kernel_fsub_32ns_32ns_32_10_full_dsp_1_ip_u                     |                       bd_0_hls_inst_0_top_kernel_fsub_32ns_32ns_32_10_full_dsp_1_ip |        147 |        144 |       0 |    3 |   229 |      0 |      0 |    0 |          2 |
|             fsub_32ns_32ns_32_10_full_dsp_1_U1296                                 |              bd_0_hls_inst_0_top_kernel_fsub_32ns_32ns_32_10_full_dsp_1__xdcDup__16 |        163 |        160 |       0 |    3 |   298 |      0 |      0 |    0 |          2 |
|               (fsub_32ns_32ns_32_10_full_dsp_1_U1296)                             |              bd_0_hls_inst_0_top_kernel_fsub_32ns_32ns_32_10_full_dsp_1__xdcDup__16 |         16 |         16 |       0 |    0 |    69 |      0 |      0 |    0 |          0 |
|               top_kernel_fsub_32ns_32ns_32_10_full_dsp_1_ip_u                     |                   bd_0_hls_inst_0_top_kernel_fsub_32ns_32ns_32_10_full_dsp_1_ip__18 |        147 |        144 |       0 |    3 |   229 |      0 |      0 |    0 |          2 |
|             fsub_32ns_32ns_32_10_full_dsp_1_U1297                                 |              bd_0_hls_inst_0_top_kernel_fsub_32ns_32ns_32_10_full_dsp_1__xdcDup__17 |        165 |        162 |       0 |    3 |   297 |      0 |      0 |    0 |          2 |
|               (fsub_32ns_32ns_32_10_full_dsp_1_U1297)                             |              bd_0_hls_inst_0_top_kernel_fsub_32ns_32ns_32_10_full_dsp_1__xdcDup__17 |         18 |         18 |       0 |    0 |    68 |      0 |      0 |    0 |          0 |
|               top_kernel_fsub_32ns_32ns_32_10_full_dsp_1_ip_u                     |                   bd_0_hls_inst_0_top_kernel_fsub_32ns_32ns_32_10_full_dsp_1_ip__24 |        147 |        144 |       0 |    3 |   229 |      0 |      0 |    0 |          2 |
|             fsub_32ns_32ns_32_10_full_dsp_1_U1298                                 |                          bd_0_hls_inst_0_top_kernel_fsub_32ns_32ns_32_10_full_dsp_1 |        165 |        162 |       0 |    3 |   297 |      0 |      0 |    0 |          2 |
|               (fsub_32ns_32ns_32_10_full_dsp_1_U1298)                             |                          bd_0_hls_inst_0_top_kernel_fsub_32ns_32ns_32_10_full_dsp_1 |         18 |         18 |       0 |    0 |    68 |      0 |      0 |    0 |          0 |
|               top_kernel_fsub_32ns_32ns_32_10_full_dsp_1_ip_u                     |                   bd_0_hls_inst_0_top_kernel_fsub_32ns_32ns_32_10_full_dsp_1_ip__19 |        147 |        144 |       0 |    3 |   229 |      0 |      0 |    0 |          2 |
|             mul_64ns_66ns_129_5_1_U1376                                           |                                bd_0_hls_inst_0_top_kernel_mul_64ns_66ns_129_5_1_678 |        103 |        103 |       0 |    0 |    41 |      0 |      0 |    0 |         13 |
|             sdiv_31ns_19ns_31_35_1_U1495                                          |                                   bd_0_hls_inst_0_top_kernel_sdiv_31ns_19ns_31_35_1 |       1417 |       1361 |       0 |   56 |  1496 |      0 |      0 |    0 |          0 |
|               (sdiv_31ns_19ns_31_35_1_U1495)                                      |                                   bd_0_hls_inst_0_top_kernel_sdiv_31ns_19ns_31_35_1 |         95 |         85 |       0 |   10 |    48 |      0 |      0 |    0 |          0 |
|               top_kernel_sdiv_31ns_19ns_31_35_1_divider_u                         |                           bd_0_hls_inst_0_top_kernel_sdiv_31ns_19ns_31_35_1_divider |       1322 |       1276 |       0 |   46 |  1448 |      0 |      0 |    0 |          0 |
|         stage_gaussian_U0                                                         |                                           bd_0_hls_inst_0_top_kernel_stage_gaussian |       4203 |       3893 |       0 |  310 |  1527 |      0 |     25 |    0 |         78 |
|           grp_stage_gaussian_Pipeline_READ_IN_fu_130                              |                          bd_0_hls_inst_0_top_kernel_stage_gaussian_Pipeline_READ_IN |        111 |         84 |       0 |   27 |   104 |      0 |      0 |    0 |          2 |
|           grp_stage_gaussian_Pipeline_GAUSSIAN_OUT_VITIS_LOOP_158_1_fu_186        |    bd_0_hls_inst_0_top_kernel_stage_gaussian_Pipeline_GAUSSIAN_OUT_VITIS_LOOP_158_1 |       4074 |       3791 |       0 |  283 |  1416 |      0 |      0 |    0 |         76 |
|             (grp_stage_gaussian_Pipeline_GAUSSIAN_OUT_VITIS_LOOP_158_1_fu_186)    |    bd_0_hls_inst_0_top_kernel_stage_gaussian_Pipeline_GAUSSIAN_OUT_VITIS_LOOP_158_1 |       1770 |       1494 |       0 |  276 |  1245 |      0 |      0 |    0 |         23 |
|             mul_16s_8ns_24_1_1_U1199                                              |                                       bd_0_hls_inst_0_top_kernel_mul_16s_8ns_24_1_1 |        160 |        160 |       0 |    0 |    28 |      0 |      0 |    0 |          1 |
|             mul_16s_9ns_25_1_1_U1200                                              |                                       bd_0_hls_inst_0_top_kernel_mul_16s_9ns_25_1_1 |        158 |        158 |       0 |    0 |    28 |      0 |      0 |    0 |          1 |
|             mul_64ns_66ns_129_5_1_U1132                                           |                                bd_0_hls_inst_0_top_kernel_mul_64ns_66ns_129_5_1_617 |        112 |        112 |       0 |    0 |    25 |      0 |      0 |    0 |         13 |
|             mul_64ns_66ns_129_5_1_U1133                                           |                                bd_0_hls_inst_0_top_kernel_mul_64ns_66ns_129_5_1_618 |        103 |        103 |       0 |    0 |    25 |      0 |      0 |    0 |         13 |
|             mul_6ns_8ns_13_1_1_U1170                                              |                                   bd_0_hls_inst_0_top_kernel_mul_6ns_8ns_13_1_1_619 |       1107 |       1107 |       0 |    0 |     4 |      0 |      0 |    0 |          1 |
|             mul_6ns_8ns_13_1_1_U1171                                              |                                   bd_0_hls_inst_0_top_kernel_mul_6ns_8ns_13_1_1_620 |        172 |        172 |       0 |    0 |     4 |      0 |      0 |    0 |          1 |
|             mul_6ns_8ns_13_1_1_U1172                                              |                                   bd_0_hls_inst_0_top_kernel_mul_6ns_8ns_13_1_1_621 |        206 |        206 |       0 |    0 |     4 |      0 |      0 |    0 |          1 |
|             mul_6ns_8ns_13_1_1_U1173                                              |                                   bd_0_hls_inst_0_top_kernel_mul_6ns_8ns_13_1_1_622 |        194 |        194 |       0 |    0 |     4 |      0 |      0 |    0 |          1 |
|         stage_morphology_U0                                                       |                                         bd_0_hls_inst_0_top_kernel_stage_morphology |       2021 |       1799 |       0 |  222 |  1242 |      0 |     18 |    0 |         32 |
|           mul_64ns_66ns_129_5_1_U1620                                             |                                    bd_0_hls_inst_0_top_kernel_mul_64ns_66ns_129_5_1 |         88 |         88 |       0 |    0 |    41 |      0 |      0 |    0 |         13 |
|           grp_stage_morphology_Pipeline_DILATION_LOOP_VITIS_LOOP_332_4_fu_150     | bd_0_hls_inst_0_top_kernel_stage_morphology_Pipeline_DILATION_LOOP_VITIS_LOOP_332_4 |        861 |        770 |       0 |   91 |   533 |      0 |      0 |    0 |          8 |
|             (grp_stage_morphology_Pipeline_DILATION_LOOP_VITIS_LOOP_332_4_fu_150) | bd_0_hls_inst_0_top_kernel_stage_morphology_Pipeline_DILATION_LOOP_VITIS_LOOP_332_4 |        781 |        697 |       0 |   84 |   485 |      0 |      0 |    0 |          6 |
|           grp_stage_morphology_Pipeline_EROSION_LOOP_VITIS_LOOP_304_1_fu_128      |  bd_0_hls_inst_0_top_kernel_stage_morphology_Pipeline_EROSION_LOOP_VITIS_LOOP_304_1 |        987 |        877 |       0 |  110 |   555 |      0 |      0 |    0 |          8 |
|             (grp_stage_morphology_Pipeline_EROSION_LOOP_VITIS_LOOP_304_1_fu_128)  |  bd_0_hls_inst_0_top_kernel_stage_morphology_Pipeline_EROSION_LOOP_VITIS_LOOP_304_1 |        908 |        811 |       0 |   97 |   501 |      0 |      0 |    0 |          8 |
|           grp_stage_morphology_Pipeline_READ_BILATERAL_fu_104                     |                 bd_0_hls_inst_0_top_kernel_stage_morphology_Pipeline_READ_BILATERAL |         76 |         55 |       0 |   21 |   104 |      0 |      0 |    0 |          3 |
+-----------------------------------------------------------------------------------+-------------------------------------------------------------------------------------+------------+------------+---------+------+-------+--------+--------+------+------------+
* Note: The sum of lower-level cells may be larger than their parent cells total, due to cross-hierarchy LUT combining


