Copyright 1986-2022 Xilinx, Inc. All Rights Reserved. Copyright 2022-2025 Advanced Micro Devices, Inc. All Rights Reserved.
--------------------------------------------------------------------------------------------------------------------------------------------------
| Tool Version      : Vivado v.2025.1.1 (lin64) Build 6233196 Thu Sep 11 21:27:11 MDT 2025
| Date              : Sat Apr 11 21:50:56 2026
| Host              : ece-linlabsrv01 running 64-bit Red Hat Enterprise Linux release 8.10 (Ootpa)
| Command           : report_timing_summary -file ./report/top_kernel_timing_routed.rpt
| Design            : bd_0_wrapper
| Device            : xczu3eg-sbva484
| Speed File        : -1  PRODUCTION 1.30 05-15-2022
| Design State      : Routed
| Temperature Grade : E
--------------------------------------------------------------------------------------------------------------------------------------------------

Timing Summary Report

------------------------------------------------------------------------------------------------
| Timer Settings
| --------------
------------------------------------------------------------------------------------------------

  Enable Multi Corner Analysis               :  Yes
  Enable Pessimism Removal                   :  Yes
  Pessimism Removal Resolution               :  Nearest Common Node
  Enable Input Delay Default Clock           :  No
  Enable Preset / Clear Arcs                 :  No
  Disable Flight Delays                      :  No
  Ignore I/O Paths                           :  No
  Timing Early Launch at Borrowing Latches   :  No
  Borrow Time for Max Delay Exceptions       :  Yes
  Merge Timing Exceptions                    :  Yes
  Inter-SLR Compensation                     :  Conservative

  Corner  Analyze    Analyze    
  Name    Max Paths  Min Paths  
  ------  ---------  ---------  
  Slow    Yes        Yes        
  Fast    Yes        Yes        


------------------------------------------------------------------------------------------------
| Report Methodology
| ------------------
------------------------------------------------------------------------------------------------

Rule       Severity  Description                    Violations  
---------  --------  -----------------------------  ----------  
TIMING-18  Warning   Missing input or output delay  534         

Note: This report is based on the most recent report_methodology run and may not be up-to-date. Run report_methodology on the current design for the latest report.



check_timing report

Table of Contents
-----------------
1. checking no_clock (0)
2. checking constant_clock (0)
3. checking pulse_width_clock (0)
4. checking unconstrained_internal_endpoints (0)
5. checking no_input_delay (160)
6. checking no_output_delay (364)
7. checking multiple_clock (0)
8. checking generated_clocks (0)
9. checking loops (0)
10. checking partial_input_delay (0)
11. checking partial_output_delay (0)
12. checking latch_loops (0)

1. checking no_clock (0)
------------------------
 There are 0 register/latch pins with no clock.


2. checking constant_clock (0)
------------------------------
 There are 0 register/latch pins with constant_clock.


3. checking pulse_width_clock (0)
---------------------------------
 There are 0 register/latch pins which need pulse_width check


4. checking unconstrained_internal_endpoints (0)
------------------------------------------------
 There are 0 pins that are not constrained for maximum delay.

 There are 0 pins that are not constrained for maximum delay due to constant clock.


5. checking no_input_delay (160)
--------------------------------
 There are 160 input ports with no input delay specified. (HIGH)

 There are 0 input ports with no input delay but user has a false path constraint.


6. checking no_output_delay (364)
---------------------------------
 There are 364 ports with no output delay specified. (HIGH)

 There are 0 ports with no output delay but user has a false path constraint

 There are 0 ports with no output delay but with a timing clock defined on it or propagating through it


7. checking multiple_clock (0)
------------------------------
 There are 0 register/latch pins with multiple clocks.


8. checking generated_clocks (0)
--------------------------------
 There are 0 generated clocks that are not connected to a clock source.


9. checking loops (0)
---------------------
 There are 0 combinational loops in the design.


10. checking partial_input_delay (0)
------------------------------------
 There are 0 input ports with partial input delay specified.


11. checking partial_output_delay (0)
-------------------------------------
 There are 0 ports with partial output delay specified.


12. checking latch_loops (0)
----------------------------
 There are 0 combinational latch loops in the design through latch input



------------------------------------------------------------------------------------------------
| Design Timing Summary
| ---------------------
------------------------------------------------------------------------------------------------

    WNS(ns)      TNS(ns)  TNS Failing Endpoints  TNS Total Endpoints      WHS(ns)      THS(ns)  THS Failing Endpoints  THS Total Endpoints     WPWS(ns)     TPWS(ns)  TPWS Failing Endpoints  TPWS Total Endpoints  
    -------      -------  ---------------------  -------------------      -------      -------  ---------------------  -------------------     --------     --------  ----------------------  --------------------  
     -0.001       -0.001                      1               165354        0.023        0.000                      0               165354        1.427        0.000                       0                 61418  


Timing constraints are not met.


------------------------------------------------------------------------------------------------
| Clock Summary
| -------------
------------------------------------------------------------------------------------------------

Clock   Waveform(ns)         Period(ns)      Frequency(MHz)
-----   ------------         ----------      --------------
ap_clk  {0.000 2.000}        4.000           250.000         


------------------------------------------------------------------------------------------------
| Intra Clock Table
| -----------------
------------------------------------------------------------------------------------------------

Clock             WNS(ns)      TNS(ns)  TNS Failing Endpoints  TNS Total Endpoints      WHS(ns)      THS(ns)  THS Failing Endpoints  THS Total Endpoints     WPWS(ns)     TPWS(ns)  TPWS Failing Endpoints  TPWS Total Endpoints  
-----             -------      -------  ---------------------  -------------------      -------      -------  ---------------------  -------------------     --------     --------  ----------------------  --------------------  
ap_clk             -0.001       -0.001                      1               165354        0.023        0.000                      0               165354        1.427        0.000                       0                 61418  


------------------------------------------------------------------------------------------------
| Inter Clock Table
| -----------------
------------------------------------------------------------------------------------------------

From Clock    To Clock          WNS(ns)      TNS(ns)  TNS Failing Endpoints  TNS Total Endpoints      WHS(ns)      THS(ns)  THS Failing Endpoints  THS Total Endpoints  
----------    --------          -------      -------  ---------------------  -------------------      -------      -------  ---------------------  -------------------  


------------------------------------------------------------------------------------------------
| Other Path Groups Table
| -----------------------
------------------------------------------------------------------------------------------------

Path Group    From Clock    To Clock          WNS(ns)      TNS(ns)  TNS Failing Endpoints  TNS Total Endpoints      WHS(ns)      THS(ns)  THS Failing Endpoints  THS Total Endpoints  
----------    ----------    --------          -------      -------  ---------------------  -------------------      -------      -------  ---------------------  -------------------  


------------------------------------------------------------------------------------------------
| Timing Details
| --------------
------------------------------------------------------------------------------------------------


---------------------------------------------------------------------------------------------------
From Clock:  ap_clk
  To Clock:  ap_clk

Setup :            1  Failing Endpoint ,  Worst Slack       -0.001ns,  Total Violation       -0.001ns
Hold  :            0  Failing Endpoints,  Worst Slack        0.023ns,  Total Violation        0.000ns
PW    :            0  Failing Endpoints,  Worst Slack        1.427ns,  Total Violation        0.000ns
---------------------------------------------------------------------------------------------------


Max Delay Paths
--------------------------------------------------------------------------------------
Slack (VIOLATED) :        -0.001ns  (required time - arrival time)
  Source:                 bd_0_i/hls_inst/inst/stage_gaussian_U0/grp_stage_gaussian_Pipeline_GAUSSIAN_OUT_VITIS_LOOP_164_1_fu_186/mul_6ns_8ns_13_1_1_U1167/tmp_product/DSP_OUTPUT_INST/CLK
                            (rising edge-triggered cell DSP_OUTPUT clocked by ap_clk  {rise@0.000ns fall@2.000ns period=4.000ns})
  Destination:            bd_0_i/hls_inst/inst/stage_gaussian_U0/grid_15_U/ram_reg_bram_0/ADDRARDADDR[11]
                            (rising edge-triggered cell RAMB18E2 clocked by ap_clk  {rise@0.000ns fall@2.000ns period=4.000ns})
  Path Group:             ap_clk
  Path Type:              Setup (Max at Slow Process Corner)
  Requirement:            4.000ns  (ap_clk rise@4.000ns - ap_clk rise@0.000ns)
  Data Path Delay:        3.644ns  (logic 1.107ns (30.382%)  route 2.537ns (69.618%))
  Logic Levels:           7  (LUT3=1 LUT6=4 MUXF7=2)
  Clock Path Skew:        -0.034ns (DCD - SCD + CPR)
    Destination Clock Delay (DCD):    0.041ns = ( 4.041 - 4.000 ) 
    Source Clock Delay      (SCD):    0.075ns
    Clock Pessimism Removal (CPR):    0.000ns
  Clock Uncertainty:      0.035ns  ((TSJ^2 + TIJ^2)^1/2 + DJ) / 2 + PE
    Total System Jitter     (TSJ):    0.071ns
    Total Input Jitter      (TIJ):    0.000ns
    Discrete Jitter          (DJ):    0.000ns
    Phase Error              (PE):    0.000ns

    Location             Delay type                Incr(ns)  Path(ns)    Netlist Resource(s)
  -------------------------------------------------------------------    -------------------
                         (clock ap_clk rise edge)     0.000     0.000 r  
                                                      0.000     0.000 r  ap_clk (IN)
                         net (fo=62689, unset)        0.075     0.075    bd_0_i/hls_inst/inst/stage_gaussian_U0/grp_stage_gaussian_Pipeline_GAUSSIAN_OUT_VITIS_LOOP_164_1_fu_186/mul_6ns_8ns_13_1_1_U1167/tmp_product/CLK
    DSP48E2_X3Y59        DSP_OUTPUT                                   r  bd_0_i/hls_inst/inst/stage_gaussian_U0/grp_stage_gaussian_Pipeline_GAUSSIAN_OUT_VITIS_LOOP_164_1_fu_186/mul_6ns_8ns_13_1_1_U1167/tmp_product/DSP_OUTPUT_INST/CLK
  -------------------------------------------------------------------    -------------------
    DSP48E2_X3Y59        DSP_OUTPUT (Prop_DSP_OUTPUT_DSP48E2_CLK_P[11])
                                                      0.246     0.321 f  bd_0_i/hls_inst/inst/stage_gaussian_U0/grp_stage_gaussian_Pipeline_GAUSSIAN_OUT_VITIS_LOOP_164_1_fu_186/mul_6ns_8ns_13_1_1_U1167/tmp_product/DSP_OUTPUT_INST/P[11]
                         net (fo=15, routed)          0.489     0.810    bd_0_i/hls_inst/inst/stage_gaussian_U0/grp_stage_gaussian_Pipeline_GAUSSIAN_OUT_VITIS_LOOP_164_1_fu_186/mul_6ns_8ns_13_1_1_U1167/tmp_179_reg_12648[2]
    SLICE_X40Y151        LUT6 (Prop_C6LUT_SLICEM_I0_O)
                                                      0.098     0.908 r  bd_0_i/hls_inst/inst/stage_gaussian_U0/grp_stage_gaussian_Pipeline_GAUSSIAN_OUT_VITIS_LOOP_164_1_fu_186/mul_6ns_8ns_13_1_1_U1167/ram_reg_bram_0_i_457/O
                         net (fo=5, routed)           0.256     1.163    bd_0_i/hls_inst/inst/stage_gaussian_U0/grp_stage_gaussian_Pipeline_GAUSSIAN_OUT_VITIS_LOOP_164_1_fu_186/mul_6ns_8ns_13_1_1_U1167/ram_reg_bram_0_i_457_n_8
    SLICE_X42Y154        LUT6 (Prop_G6LUT_SLICEM_I2_O)
                                                      0.179     1.342 r  bd_0_i/hls_inst/inst/stage_gaussian_U0/grp_stage_gaussian_Pipeline_GAUSSIAN_OUT_VITIS_LOOP_164_1_fu_186/mul_6ns_8ns_13_1_1_U1167/ram_reg_bram_0_i_398/O
                         net (fo=1, routed)           0.017     1.359    bd_0_i/hls_inst/inst/stage_gaussian_U0/grp_stage_gaussian_Pipeline_GAUSSIAN_OUT_VITIS_LOOP_164_1_fu_186/mul_6ns_8ns_13_1_1_U1167/ram_reg_bram_0_i_398_n_8
    SLICE_X42Y154        MUXF7 (Prop_F7MUX_GH_SLICEM_I1_O)
                                                      0.087     1.446 r  bd_0_i/hls_inst/inst/stage_gaussian_U0/grp_stage_gaussian_Pipeline_GAUSSIAN_OUT_VITIS_LOOP_164_1_fu_186/mul_6ns_8ns_13_1_1_U1167/ram_reg_bram_0_i_227/O
                         net (fo=3, routed)           0.224     1.671    bd_0_i/hls_inst/inst/stage_gaussian_U0/grp_stage_gaussian_Pipeline_GAUSSIAN_OUT_VITIS_LOOP_164_1_fu_186/mul_6ns_8ns_13_1_1_U1164/ram_reg_bram_0_i_35__0_0
    SLICE_X42Y152        LUT3 (Prop_E5LUT_SLICEM_I2_O)
                                                      0.087     1.758 r  bd_0_i/hls_inst/inst/stage_gaussian_U0/grp_stage_gaussian_Pipeline_GAUSSIAN_OUT_VITIS_LOOP_164_1_fu_186/mul_6ns_8ns_13_1_1_U1164/ram_reg_bram_0_i_98/O
                         net (fo=3, routed)           0.443     2.201    bd_0_i/hls_inst/inst/stage_gaussian_U0/grp_stage_gaussian_Pipeline_GAUSSIAN_OUT_VITIS_LOOP_164_1_fu_186/mul_6ns_8ns_13_1_1_U1164/ram_reg_bram_0_i_98_n_8
    SLICE_X41Y155        LUT6 (Prop_A6LUT_SLICEL_I0_O)
                                                      0.178     2.379 r  bd_0_i/hls_inst/inst/stage_gaussian_U0/grp_stage_gaussian_Pipeline_GAUSSIAN_OUT_VITIS_LOOP_164_1_fu_186/mul_6ns_8ns_13_1_1_U1164/ram_reg_bram_0_i_43/O
                         net (fo=5, routed)           0.392     2.771    bd_0_i/hls_inst/inst/stage_gaussian_U0/grp_stage_gaussian_Pipeline_GAUSSIAN_OUT_VITIS_LOOP_164_1_fu_186/mul_6ns_8ns_13_1_1_U1164/ram_reg_bram_0_i_43_n_8
    SLICE_X44Y159        LUT6 (Prop_H6LUT_SLICEL_I1_O)
                                                      0.149     2.920 r  bd_0_i/hls_inst/inst/stage_gaussian_U0/grp_stage_gaussian_Pipeline_GAUSSIAN_OUT_VITIS_LOOP_164_1_fu_186/mul_6ns_8ns_13_1_1_U1164/ram_reg_bram_0_i_11__5/O
                         net (fo=1, routed)           0.011     2.931    bd_0_i/hls_inst/inst/stage_gaussian_U0/grp_stage_gaussian_Pipeline_GAUSSIAN_OUT_VITIS_LOOP_164_1_fu_186/mul_6ns_8ns_13_1_1_U1164/ram_reg_bram_0_i_11__5_n_8
    SLICE_X44Y159        MUXF7 (Prop_F7MUX_GH_SLICEL_I0_O)
                                                      0.083     3.014 r  bd_0_i/hls_inst/inst/stage_gaussian_U0/grp_stage_gaussian_Pipeline_GAUSSIAN_OUT_VITIS_LOOP_164_1_fu_186/mul_6ns_8ns_13_1_1_U1164/ram_reg_bram_0_i_2__11/O
                         net (fo=1, routed)           0.705     3.719    bd_0_i/hls_inst/inst/stage_gaussian_U0/grid_15_U/ADDRARDADDR[7]
    RAMB18_X4Y62         RAMB18E2                                     r  bd_0_i/hls_inst/inst/stage_gaussian_U0/grid_15_U/ram_reg_bram_0/ADDRARDADDR[11]
  -------------------------------------------------------------------    -------------------

                         (clock ap_clk rise edge)     4.000     4.000 r  
                                                      0.000     4.000 r  ap_clk (IN)
                         net (fo=62689, unset)        0.041     4.041    bd_0_i/hls_inst/inst/stage_gaussian_U0/grid_15_U/ap_clk
    RAMB18_X4Y62         RAMB18E2                                     r  bd_0_i/hls_inst/inst/stage_gaussian_U0/grid_15_U/ram_reg_bram_0/CLKARDCLK
                         clock pessimism              0.000     4.041    
                         clock uncertainty           -0.035     4.006    
    RAMB18_X4Y62         RAMB18E2 (Setup_RAMB18E2_L_RAMB180_CLKARDCLK_ADDRARDADDR[11])
                                                     -0.288     3.718    bd_0_i/hls_inst/inst/stage_gaussian_U0/grid_15_U/ram_reg_bram_0
  -------------------------------------------------------------------
                         required time                          3.718    
                         arrival time                          -3.719    
  -------------------------------------------------------------------
                         slack                                 -0.001    





Min Delay Paths
--------------------------------------------------------------------------------------
Slack (MET) :             0.023ns  (arrival time - required time)
  Source:                 <hidden>
                            (rising edge-triggered cell FDRE clocked by ap_clk  {rise@0.000ns fall@2.000ns period=4.000ns})
  Destination:            <hidden>
                            (rising edge-triggered cell FDRE clocked by ap_clk  {rise@0.000ns fall@2.000ns period=4.000ns})
  Path Group:             ap_clk
  Path Type:              Hold (Min at Fast Process Corner)
  Requirement:            0.000ns  (ap_clk rise@0.000ns - ap_clk rise@0.000ns)
  Data Path Delay:        0.076ns  (logic 0.039ns (51.531%)  route 0.037ns (48.469%))
  Logic Levels:           0  
  Clock Path Skew:        0.006ns (DCD - SCD - CPR)
    Destination Clock Delay (DCD):    0.018ns
    Source Clock Delay      (SCD):    0.012ns
    Clock Pessimism Removal (CPR):    -0.000ns

    Location             Delay type                Incr(ns)  Path(ns)    Netlist Resource(s)
  -------------------------------------------------------------------    -------------------
                         (clock ap_clk rise edge)     0.000     0.000 r  
                                                      0.000     0.000 r  ap_clk (IN)
                         net (fo=62689, unset)        0.012     0.012    <hidden>
    SLICE_X6Y27          FDRE                                         r  <hidden>
  -------------------------------------------------------------------    -------------------
    SLICE_X6Y27          FDRE (Prop_BFF_SLICEL_C_Q)
                                                      0.039     0.051 r  <hidden>
                         net (fo=2, routed)           0.037     0.088    <hidden>
    SLICE_X6Y27          FDRE                                         r  <hidden>
  -------------------------------------------------------------------    -------------------

                         (clock ap_clk rise edge)     0.000     0.000 r  
                                                      0.000     0.000 r  ap_clk (IN)
                         net (fo=62689, unset)        0.018     0.018    <hidden>
    SLICE_X6Y27          FDRE                                         r  <hidden>
                         clock pessimism              0.000     0.018    
    SLICE_X6Y27          FDRE (Hold_CFF2_SLICEL_C_D)
                                                      0.047     0.065    <hidden>
  -------------------------------------------------------------------
                         required time                         -0.065    
                         arrival time                           0.088    
  -------------------------------------------------------------------
                         slack                                  0.023    





Pulse Width Checks
--------------------------------------------------------------------------------------
Clock Name:         ap_clk
Waveform(ns):       { 0.000 2.000 }
Period(ns):         4.000
Sources:            { ap_clk }

Check Type        Corner  Lib Pin             Reference Pin  Required(ns)  Actual(ns)  Slack(ns)  Location      Pin
Min Period        n/a     RAMB36E2/CLKARDCLK  n/a            1.739         4.000       2.261      RAMB36_X4Y16  bd_0_i/hls_inst/inst/gmem0_m_axi_U/load_unit_0/buff_rdata/U_fifo_mem/mem_reg_bram_0/CLKARDCLK
Low Pulse Width   Slow    SRL16E/CLK          n/a            0.573         2.000       1.427      SLICE_X28Y95  bd_0_i/hls_inst/inst/bus_read/ost_ctrl_gen[0].fifo_burst/U_fifo_srl/mem_reg[14][0]_srl15/CLK
High Pulse Width  Slow    SRL16E/CLK          n/a            0.573         2.000       1.427      SLICE_X28Y95  bd_0_i/hls_inst/inst/bus_read/ost_ctrl_gen[0].fifo_burst/U_fifo_srl/mem_reg[14][0]_srl15/CLK



