Copyright 1986-2022 Xilinx, Inc. All Rights Reserved. Copyright 2022-2025 Advanced Micro Devices, Inc. All Rights Reserved.
---------------------------------------------------------------------------------------------------------------------------------------------
| Tool Version : Vivado v.2025.1.1 (lin64) Build 6233196 Thu Sep 11 21:27:11 MDT 2025
| Date         : Sat Mar 28 23:00:18 2026
| Host         : ece-linlabsrv01 running 64-bit Red Hat Enterprise Linux release 8.10 (Ootpa)
| Command      : report_utilization -hierarchical -hierarchical_depth 7 -file ./report/top_kernel_utilization_hierarchical_synth.rpt
| Design       : bd_0_wrapper
| Device       : xczu3eg-sbva484-1-e
| Speed File   : -1
| Design State : Synthesized
---------------------------------------------------------------------------------------------------------------------------------------------

Utilization Design Information

Table of Contents
-----------------
1. Utilization by Hierarchy

1. Utilization by Hierarchy
---------------------------

+-----------------------------------------------------------------------------+----------------------------------------------------------------------------------------------------------------+------------+------------+---------+------+------+--------+--------+------+------------+
|                                   Instance                                  |                                                     Module                                                     | Total LUTs | Logic LUTs | LUTRAMs | SRLs |  FFs | RAMB36 | RAMB18 | URAM | DSP Blocks |
+-----------------------------------------------------------------------------+----------------------------------------------------------------------------------------------------------------+------------+------------+---------+------+------+--------+--------+------+------------+
| bd_0_wrapper                                                                |                                                                                                          (top) |       4576 |       3437 |     784 |  355 | 4183 |      7 |      2 |    0 |          0 |
|   bd_0_i                                                                    |                                                                                                           bd_0 |       4576 |       3437 |     784 |  355 | 4183 |      7 |      2 |    0 |          0 |
|     hls_inst                                                                |                                                                                                bd_0_hls_inst_0 |       4576 |       3437 |     784 |  355 | 4183 |      7 |      2 |    0 |          0 |
|       inst                                                                  |                                                                                     bd_0_hls_inst_0_top_kernel |       4576 |       3437 |     784 |  355 | 4183 |      7 |      2 |    0 |          0 |
|         s4_U                                                                |                                                                   bd_0_hls_inst_0_top_kernel_fifo_w16_d256_A_3 |        174 |         94 |      80 |    0 |   53 |      0 |      0 |    0 |          0 |
|           U_top_kernel_fifo_w16_d256_A_ram                                  |                                                                 bd_0_hls_inst_0_top_kernel_fifo_w16_d256_A_ram |        129 |         49 |      80 |    0 |   16 |      0 |      0 |    0 |          0 |
|         control_s_axi_U                                                     |                                                                       bd_0_hls_inst_0_top_kernel_control_s_axi |        161 |        161 |       0 |    0 |  181 |      0 |      0 |    0 |          0 |
|         gmem0_m_axi_U                                                       |                                                                         bd_0_hls_inst_0_top_kernel_gmem0_m_axi |        599 |        533 |       0 |   66 |  871 |      0 |      1 |    0 |          0 |
|           bus_read                                                          |                                                                    bd_0_hls_inst_0_top_kernel_gmem0_m_axi_read |        375 |        375 |       0 |    0 |  563 |      0 |      0 |    0 |          0 |
|             rreq_burst_conv                                                 |                                                         bd_0_hls_inst_0_top_kernel_gmem0_m_axi_burst_converter |        297 |        297 |       0 |    0 |  461 |      0 |      0 |    0 |          0 |
|               burst_sequential                                              |                                                        bd_0_hls_inst_0_top_kernel_gmem0_m_axi_burst_sequential |        297 |        297 |       0 |    0 |  461 |      0 |      0 |    0 |          0 |
|             rs_rdata                                                        |                                               bd_0_hls_inst_0_top_kernel_gmem0_m_axi_reg_slice__parameterized1 |         40 |         40 |       0 |    0 |   71 |      0 |      0 |    0 |          0 |
|           load_unit_0                                                       |                                                                    bd_0_hls_inst_0_top_kernel_gmem0_m_axi_load |        224 |        158 |       0 |   66 |  308 |      0 |      1 |    0 |          0 |
|             (load_unit_0)                                                   |                                                                    bd_0_hls_inst_0_top_kernel_gmem0_m_axi_load |          1 |          1 |       0 |    0 |  103 |      0 |      0 |    0 |          0 |
|             buff_rdata                                                      |                                                    bd_0_hls_inst_0_top_kernel_gmem0_m_axi_fifo__parameterized1 |         50 |         50 |       0 |    0 |   37 |      0 |      1 |    0 |          0 |
|             bus_wide_gen.rreq_offset                                        |                                                                    bd_0_hls_inst_0_top_kernel_gmem0_m_axi_fifo |         52 |         50 |       0 |    2 |   19 |      0 |      0 |    0 |          0 |
|             bus_wide_gen.rs_rdata_int                                       |                                                               bd_0_hls_inst_0_top_kernel_gmem0_m_axi_reg_slice |         40 |         40 |       0 |    0 |   71 |      0 |      0 |    0 |          0 |
|             fifo_rreq                                                       |                                                    bd_0_hls_inst_0_top_kernel_gmem0_m_axi_fifo__parameterized0 |         81 |         17 |       0 |   64 |   78 |      0 |      0 |    0 |          0 |
|               U_fifo_srl                                                    |                                                     bd_0_hls_inst_0_top_kernel_gmem0_m_axi_srl__parameterized0 |         66 |          2 |       0 |   64 |   64 |      0 |      0 |    0 |          0 |
|         gmem1_m_axi_U                                                       |                                                                         bd_0_hls_inst_0_top_kernel_gmem1_m_axi |        850 |        677 |       0 |  173 | 1102 |      0 |      0 |    0 |          0 |
|           bus_write                                                         |                                                                   bd_0_hls_inst_0_top_kernel_gmem1_m_axi_write |        507 |        444 |       0 |   63 |  730 |      0 |      0 |    0 |          0 |
|             wreq_burst_conv                                                 |                                                         bd_0_hls_inst_0_top_kernel_gmem1_m_axi_burst_converter |        297 |        297 |       0 |    0 |  461 |      0 |      0 |    0 |          0 |
|               burst_sequential                                              |                                                        bd_0_hls_inst_0_top_kernel_gmem1_m_axi_burst_sequential |        297 |        297 |       0 |    0 |  461 |      0 |      0 |    0 |          0 |
|             wreq_throttle                                                   |                                                                bd_0_hls_inst_0_top_kernel_gmem1_m_axi_throttle |        183 |        121 |       0 |   62 |  246 |      0 |      0 |    0 |          0 |
|               rs_req                                                        |                                               bd_0_hls_inst_0_top_kernel_gmem1_m_axi_reg_slice__parameterized1 |         73 |         73 |       0 |    0 |  137 |      0 |      0 |    0 |          0 |
|               fifo_burst_gen[0].fifo_req                                    |                                                    bd_0_hls_inst_0_top_kernel_gmem1_m_axi_fifo__parameterized6 |         84 |         22 |       0 |   62 |   79 |      0 |      0 |    0 |          0 |
|           store_unit_0                                                      |                                                                   bd_0_hls_inst_0_top_kernel_gmem1_m_axi_store |        343 |        233 |       0 |  110 |  372 |      0 |      0 |    0 |          0 |
|             (store_unit_0)                                                  |                                                                   bd_0_hls_inst_0_top_kernel_gmem1_m_axi_store |         55 |         55 |       0 |    0 |  154 |      0 |      0 |    0 |          0 |
|             bus_wide_gen.wreq_offset                                        |                                                    bd_0_hls_inst_0_top_kernel_gmem1_m_axi_fifo__parameterized0 |         61 |         29 |       0 |   32 |   49 |      0 |      0 |    0 |          0 |
|             fifo_wreq                                                       |                                                    bd_0_hls_inst_0_top_kernel_gmem1_m_axi_fifo__parameterized2 |         82 |         18 |       0 |   64 |   75 |      0 |      0 |    0 |          0 |
|               U_fifo_srl                                                    |                                                     bd_0_hls_inst_0_top_kernel_gmem1_m_axi_srl__parameterized2 |         68 |          4 |       0 |   64 |   64 |      0 |      0 |    0 |          0 |
|         k1_contrast_U0                                                      |                                                                         bd_0_hls_inst_0_top_kernel_k1_contrast |        294 |        214 |      80 |    0 |  178 |      0 |      0 |    0 |          0 |
|           (k1_contrast_U0)                                                  |                                                                         bd_0_hls_inst_0_top_kernel_k1_contrast |         71 |         71 |       0 |    0 |  145 |      0 |      0 |    0 |          0 |
|           k1_contrast_stream_ap_fixed_0_stream_ap_fixed_16_8_5_3_0_0_lb_1_U | bd_0_hls_inst_0_top_kernel_k1_contrast_k1_contrast_stream_ap_fixed_0_stream_ap_fixed_16_8_5_3_0_0_lb_1_Rbkb_19 |        121 |         89 |      32 |    0 |   16 |      0 |      0 |    0 |          0 |
|           k1_contrast_stream_ap_fixed_0_stream_ap_fixed_16_8_5_3_0_0_lb_U   | bd_0_hls_inst_0_top_kernel_k1_contrast_k1_contrast_stream_ap_fixed_0_stream_ap_fixed_16_8_5_3_0_0_lb_1_Rbkb_20 |         74 |         26 |      48 |    0 |   16 |      0 |      0 |    0 |          0 |
|         k2_erosion_U0                                                       |                                                                          bd_0_hls_inst_0_top_kernel_k2_erosion |        754 |        584 |     152 |   18 |  627 |      0 |      0 |    0 |          0 |
|           (k2_erosion_U0)                                                   |                                                                          bd_0_hls_inst_0_top_kernel_k2_erosion |        497 |        479 |       0 |   18 |  562 |      0 |      0 |    0 |          0 |
|           k2_erosion_stream_ap_fixed_0_stream_ap_fixed_16_8_5_3_0_0_lb_3_U  | bd_0_hls_inst_0_top_kernel_k1_contrast_k1_contrast_stream_ap_fixed_0_stream_ap_fixed_16_8_5_3_0_0_lb_1_Rbkb_16 |         92 |         44 |      48 |    0 |   16 |      0 |      0 |    0 |          0 |
|           k2_erosion_stream_ap_fixed_0_stream_ap_fixed_16_8_5_3_0_0_lb_U    | bd_0_hls_inst_0_top_kernel_k1_contrast_k1_contrast_stream_ap_fixed_0_stream_ap_fixed_16_8_5_3_0_0_lb_1_Rbkb_17 |         54 |         14 |      40 |    0 |   16 |      0 |      0 |    0 |          0 |
|         k3_dilation_U0                                                      |                                                                         bd_0_hls_inst_0_top_kernel_k3_dilation |        773 |        587 |     152 |   34 |  643 |      0 |      0 |    0 |          0 |
|           (k3_dilation_U0)                                                  |                                                                         bd_0_hls_inst_0_top_kernel_k3_dilation |        517 |        483 |       0 |   34 |  578 |      0 |      0 |    0 |          0 |
|           k3_dilation_stream_stream_stream_ap_fixed_16_8_5_3_0_0_lb_3_U     | bd_0_hls_inst_0_top_kernel_k1_contrast_k1_contrast_stream_ap_fixed_0_stream_ap_fixed_16_8_5_3_0_0_lb_1_Rbkb_11 |         92 |         44 |      48 |    0 |   16 |      0 |      0 |    0 |          0 |
|           k3_dilation_stream_stream_stream_ap_fixed_16_8_5_3_0_0_lb_U       | bd_0_hls_inst_0_top_kernel_k1_contrast_k1_contrast_stream_ap_fixed_0_stream_ap_fixed_16_8_5_3_0_0_lb_1_Rbkb_12 |         53 |         13 |      40 |    0 |   16 |      0 |      0 |    0 |          0 |
|         k5_threshold_U0                                                     |                                                                        bd_0_hls_inst_0_top_kernel_k5_threshold |        184 |        184 |       0 |    0 |  186 |      7 |      1 |    0 |          0 |
|           (k5_threshold_U0)                                                 |                                                                        bd_0_hls_inst_0_top_kernel_k5_threshold |         35 |         35 |       0 |    0 |   90 |      0 |      0 |    0 |          0 |
|           grp_k5_threshold_Pipeline_VITIS_LOOP_116_1_fu_102                 |                                              bd_0_hls_inst_0_top_kernel_k5_threshold_Pipeline_VITIS_LOOP_116_1 |         86 |         86 |       0 |    0 |   60 |      0 |      0 |    0 |          0 |
|             (grp_k5_threshold_Pipeline_VITIS_LOOP_116_1_fu_102)             |                                              bd_0_hls_inst_0_top_kernel_k5_threshold_Pipeline_VITIS_LOOP_116_1 |         58 |         58 |       0 |    0 |   58 |      0 |      0 |    0 |          0 |
|           grp_k5_threshold_Pipeline_VITIS_LOOP_125_2_fu_111                 |                                              bd_0_hls_inst_0_top_kernel_k5_threshold_Pipeline_VITIS_LOOP_125_2 |         62 |         62 |       0 |    0 |   36 |      0 |      0 |    0 |          0 |
|         out_r_c_U                                                           |                                                                       bd_0_hls_inst_0_top_kernel_fifo_w64_d7_S |         77 |         14 |       0 |   63 |    9 |      0 |      0 |    0 |          0 |
|           U_top_kernel_fifo_w64_d7_S_ShiftReg                               |                                                              bd_0_hls_inst_0_top_kernel_fifo_w64_d7_S_ShiftReg |         64 |          1 |       0 |   63 |    0 |      0 |      0 |    0 |          0 |
|         s1_U                                                                |                                                                     bd_0_hls_inst_0_top_kernel_fifo_w16_d256_A |        149 |         69 |      80 |    0 |   53 |      0 |      0 |    0 |          0 |
|           U_top_kernel_fifo_w16_d256_A_ram                                  |                                                               bd_0_hls_inst_0_top_kernel_fifo_w16_d256_A_ram_7 |        109 |         29 |      80 |    0 |   16 |      0 |      0 |    0 |          0 |
|         s2_U                                                                |                                                                   bd_0_hls_inst_0_top_kernel_fifo_w16_d256_A_0 |        148 |         68 |      80 |    0 |   53 |      0 |      0 |    0 |          0 |
|           U_top_kernel_fifo_w16_d256_A_ram                                  |                                                               bd_0_hls_inst_0_top_kernel_fifo_w16_d256_A_ram_6 |        108 |         28 |      80 |    0 |   16 |      0 |      0 |    0 |          0 |
|         s3_dil_U                                                            |                                                                   bd_0_hls_inst_0_top_kernel_fifo_w16_d256_A_1 |        162 |         82 |      80 |    0 |   53 |      0 |      0 |    0 |          0 |
|           U_top_kernel_fifo_w16_d256_A_ram                                  |                                                               bd_0_hls_inst_0_top_kernel_fifo_w16_d256_A_ram_5 |        117 |         37 |      80 |    0 |   16 |      0 |      0 |    0 |          0 |
|         s3_ero_U                                                            |                                                                   bd_0_hls_inst_0_top_kernel_fifo_w16_d256_A_2 |        145 |         65 |      80 |    0 |   53 |      0 |      0 |    0 |          0 |
|           U_top_kernel_fifo_w16_d256_A_ram                                  |                                                               bd_0_hls_inst_0_top_kernel_fifo_w16_d256_A_ram_4 |        101 |         21 |      80 |    0 |   16 |      0 |      0 |    0 |          0 |
+-----------------------------------------------------------------------------+----------------------------------------------------------------------------------------------------------------+------------+------------+---------+------+------+--------+--------+------+------------+


