#-----------------------------------------------------------
# Vivado v2025.1.1 (64-bit)
# SW Build 6233196 on Thu Sep 11 21:27:11 MDT 2025
# IP Build 6232796 on Fri Sep 12 01:46:16 MDT 2025
# SharedData Build 6233195 on Thu Sep 11 17:56:43 MDT 2025
# Start of session at: Sat Mar 28 00:12:08 2026
# Process ID         : 3597171
# Current directory  : /nethome/asandeep6/FPGA_ECE8893/2026_Spring/lab4/project_1/hls/.autopilot/db/ip_tmp
# Command line       : vivado  -notrace -log vivado.log -mode batch -source run_vivado_gen_ip.tcl
# Log file           : /nethome/asandeep6/FPGA_ECE8893/2026_Spring/lab4/project_1/hls/.autopilot/db/ip_tmp/vivado.log
# Journal file       : /nethome/asandeep6/FPGA_ECE8893/2026_Spring/lab4/project_1/hls/.autopilot/db/ip_tmp/vivado.jou
# Running On         : ece-linlabsrv01
# Platform           : RedHatEnterprise
# Operating System   : Red Hat Enterprise Linux release 8.10 (Ootpa)
# Processor Detail   : Intel(R) Xeon(R) Gold 5117 CPU @ 2.00GHz
# CPU Frequency      : 2800.000 MHz
# CPU Physical cores : 56
# CPU Logical cores  : 112
# Host memory        : 404103 MB
# Swap memory        : 68719 MB
# Total Virtual      : 472822 MB
# Available Virtual  : 434544 MB
#-----------------------------------------------------------
source run_vivado_gen_ip.tcl -notrace
INFO: [IP_Flow 19-234] Refreshing IP repositories
INFO: [IP_Flow 19-1704] No user IP repositories specified
INFO: [IP_Flow 19-2313] Loaded Vivado IP repository '/tools/software/xilinx/2025.1.1/data/ip'.
INFO: [IP_Flow 19-1686] Generating 'Synthesis' target for IP 'ag_pipeline_baseline_dadddsub_64ns_64ns_64_5_full_dsp_1_ip'...
INFO: [IP_Flow 19-1686] Generating 'Simulation' target for IP 'ag_pipeline_baseline_dadddsub_64ns_64ns_64_5_full_dsp_1_ip'...
INFO: [IP_Flow 19-1686] Generating 'Synthesis' target for IP 'ag_pipeline_baseline_ddiv_64ns_64ns_64_22_no_dsp_1_ip'...
INFO: [IP_Flow 19-1686] Generating 'Simulation' target for IP 'ag_pipeline_baseline_ddiv_64ns_64ns_64_22_no_dsp_1_ip'...
INFO: [IP_Flow 19-1686] Generating 'Synthesis' target for IP 'ag_pipeline_baseline_dcmp_64ns_64ns_1_2_no_dsp_1_ip'...
INFO: [IP_Flow 19-1686] Generating 'Simulation' target for IP 'ag_pipeline_baseline_dcmp_64ns_64ns_1_2_no_dsp_1_ip'...
INFO: [IP_Flow 19-1686] Generating 'Synthesis' target for IP 'ag_pipeline_baseline_fpext_32ns_64_2_no_dsp_1_ip'...
INFO: [IP_Flow 19-1686] Generating 'Simulation' target for IP 'ag_pipeline_baseline_fpext_32ns_64_2_no_dsp_1_ip'...
INFO: [Common 17-206] Exiting Vivado at Sat Mar 28 00:12:22 2026...
