Vivado Simulator v2025.1.1
Copyright 1986-2022 Xilinx, Inc. All Rights Reserved.
Copyright 2022-2025 Advanced Micro Devices, Inc. All Rights Reserved.
Running: /tools/software/xilinx/2025.1.1/Vivado/bin/unwrapped/lnx64.o/xelab xil_defaultlib.apatb_top_kernel_top xil_defaultlib.glbl -Oenable_linking_all_libraries -prj top_kernel.prj -L smartconnect_v1_0 -L axi_protocol_checker_v1_1_12 -L axi_protocol_checker_v1_1_13 -L axis_protocol_checker_v1_1_11 -L axis_protocol_checker_v1_1_12 -L xil_defaultlib -L unisims_ver -L xpm -L floating_point_v7_1_20 -L floating_point_v7_0_25 --lib ieee_proposed=./ieee_proposed -L uvm -relax -i ./svr -i ./svtb -i ./file_agent -i ./top_kernel_subsystem -s top_kernel 
Multi-threading is on. Using 110 slave threads.
Determining compilation order of HDL files.
INFO: [VRFC 10-2263] Analyzing SystemVerilog file "/nethome/asandeep6/FPGA_ECE8893/2026_Spring/lab4/project_1/hls/sim/verilog/glbl.v" into library xil_defaultlib
INFO: [VRFC 10-311] analyzing module glbl
INFO: [VRFC 10-2263] Analyzing SystemVerilog file "/nethome/asandeep6/FPGA_ECE8893/2026_Spring/lab4/project_1/hls/sim/verilog/top_kernel.autotb.v" into library xil_defaultlib
INFO: [VRFC 10-311] analyzing module apatb_top_kernel_top
INFO: [VRFC 10-2263] Analyzing SystemVerilog file "/nethome/asandeep6/FPGA_ECE8893/2026_Spring/lab4/project_1/hls/sim/verilog/AESL_deadlock_detection_unit.v" into library xil_defaultlib
INFO: [VRFC 10-311] analyzing module AESL_deadlock_detect_unit
INFO: [VRFC 10-2263] Analyzing SystemVerilog file "/nethome/asandeep6/FPGA_ECE8893/2026_Spring/lab4/project_1/hls/sim/verilog/AESL_deadlock_report_unit.v" into library xil_defaultlib
INFO: [VRFC 10-311] analyzing module AESL_deadlock_report_unit
INFO: [VRFC 10-2263] Analyzing SystemVerilog file "/nethome/asandeep6/FPGA_ECE8893/2026_Spring/lab4/project_1/hls/sim/verilog/AESL_deadlock_detector.v" into library xil_defaultlib
INFO: [VRFC 10-311] analyzing module AESL_deadlock_detector
INFO: [VRFC 10-2263] Analyzing SystemVerilog file "/nethome/asandeep6/FPGA_ECE8893/2026_Spring/lab4/project_1/hls/sim/verilog/top_kernel_add_12s_12ns_12_1_1.v" into library xil_defaultlib
INFO: [VRFC 10-311] analyzing module top_kernel_add_12s_12ns_12_1_1
INFO: [VRFC 10-2263] Analyzing SystemVerilog file "/nethome/asandeep6/FPGA_ECE8893/2026_Spring/lab4/project_1/hls/sim/verilog/top_kernel_entry_proc.v" into library xil_defaultlib
INFO: [VRFC 10-311] analyzing module top_kernel_entry_proc
INFO: [VRFC 10-2263] Analyzing SystemVerilog file "/nethome/asandeep6/FPGA_ECE8893/2026_Spring/lab4/project_1/hls/sim/verilog/top_kernel_stage_rgb2eq_Pipeline_PASS1.v" into library xil_defaultlib
INFO: [VRFC 10-311] analyzing module top_kernel_stage_rgb2eq_Pipeline_PASS1
INFO: [VRFC 10-2263] Analyzing SystemVerilog file "/nethome/asandeep6/FPGA_ECE8893/2026_Spring/lab4/project_1/hls/sim/verilog/top_kernel_stage_rgb2eq_Pipeline_BUILD_HIST.v" into library xil_defaultlib
INFO: [VRFC 10-311] analyzing module top_kernel_stage_rgb2eq_Pipeline_BUILD_HIST
INFO: [VRFC 10-2263] Analyzing SystemVerilog file "/nethome/asandeep6/FPGA_ECE8893/2026_Spring/lab4/project_1/hls/sim/verilog/top_kernel_stage_rgb2eq_Pipeline_VITIS_LOOP_116_2.v" into library xil_defaultlib
INFO: [VRFC 10-311] analyzing module top_kernel_stage_rgb2eq_Pipeline_VITIS_LOOP_116_2
INFO: [VRFC 10-2263] Analyzing SystemVerilog file "/nethome/asandeep6/FPGA_ECE8893/2026_Spring/lab4/project_1/hls/sim/verilog/top_kernel_stage_rgb2eq_Pipeline_PASS2.v" into library xil_defaultlib
INFO: [VRFC 10-311] analyzing module top_kernel_stage_rgb2eq_Pipeline_PASS2
INFO: [VRFC 10-2263] Analyzing SystemVerilog file "/nethome/asandeep6/FPGA_ECE8893/2026_Spring/lab4/project_1/hls/sim/verilog/top_kernel_stage_rgb2eq.v" into library xil_defaultlib
INFO: [VRFC 10-311] analyzing module top_kernel_stage_rgb2eq
INFO: [VRFC 10-2263] Analyzing SystemVerilog file "/nethome/asandeep6/FPGA_ECE8893/2026_Spring/lab4/project_1/hls/sim/verilog/top_kernel_stage_gaussian_Pipeline_READ_IN.v" into library xil_defaultlib
INFO: [VRFC 10-311] analyzing module top_kernel_stage_gaussian_Pipeline_READ_IN
INFO: [VRFC 10-2263] Analyzing SystemVerilog file "/nethome/asandeep6/FPGA_ECE8893/2026_Spring/lab4/project_1/hls/sim/verilog/top_kernel_stage_gaussian_Pipeline_GAUSSIAN_OUT_VITIS_LOOP_161_1.v" into library xil_defaultlib
INFO: [VRFC 10-311] analyzing module top_kernel_stage_gaussian_Pipeline_GAUSSIAN_OUT_VITIS_LOOP_161_1
INFO: [VRFC 10-2263] Analyzing SystemVerilog file "/nethome/asandeep6/FPGA_ECE8893/2026_Spring/lab4/project_1/hls/sim/verilog/top_kernel_stage_gaussian.v" into library xil_defaultlib
INFO: [VRFC 10-311] analyzing module top_kernel_stage_gaussian
INFO: [VRFC 10-2263] Analyzing SystemVerilog file "/nethome/asandeep6/FPGA_ECE8893/2026_Spring/lab4/project_1/hls/sim/verilog/top_kernel_stage_bilateral_Pipeline_VITIS_LOOP_223_1.v" into library xil_defaultlib
INFO: [VRFC 10-311] analyzing module top_kernel_stage_bilateral_Pipeline_VITIS_LOOP_223_1
INFO: [VRFC 10-2263] Analyzing SystemVerilog file "/nethome/asandeep6/FPGA_ECE8893/2026_Spring/lab4/project_1/hls/sim/verilog/top_kernel_stage_bilateral_Pipeline_BILATERAL_OUT_VITIS_LOOP_243_4.v" into library xil_defaultlib
INFO: [VRFC 10-311] analyzing module top_kernel_stage_bilateral_Pipeline_BILATERAL_OUT_VITIS_LOOP_243_4
INFO: [VRFC 10-2263] Analyzing SystemVerilog file "/nethome/asandeep6/FPGA_ECE8893/2026_Spring/lab4/project_1/hls/sim/verilog/top_kernel_stage_bilateral.v" into library xil_defaultlib
INFO: [VRFC 10-311] analyzing module top_kernel_stage_bilateral
INFO: [VRFC 10-2263] Analyzing SystemVerilog file "/nethome/asandeep6/FPGA_ECE8893/2026_Spring/lab4/project_1/hls/sim/verilog/top_kernel_stage_morphology_Pipeline_READ_BILATERAL.v" into library xil_defaultlib
INFO: [VRFC 10-311] analyzing module top_kernel_stage_morphology_Pipeline_READ_BILATERAL
INFO: [VRFC 10-2263] Analyzing SystemVerilog file "/nethome/asandeep6/FPGA_ECE8893/2026_Spring/lab4/project_1/hls/sim/verilog/top_kernel_stage_morphology_Pipeline_EROSION_LOOP_VITIS_LOOP_308_1.v" into library xil_defaultlib
INFO: [VRFC 10-311] analyzing module top_kernel_stage_morphology_Pipeline_EROSION_LOOP_VITIS_LOOP_308_1
INFO: [VRFC 10-2263] Analyzing SystemVerilog file "/nethome/asandeep6/FPGA_ECE8893/2026_Spring/lab4/project_1/hls/sim/verilog/top_kernel_stage_morphology_Pipeline_DILATION_LOOP_VITIS_LOOP_347_2.v" into library xil_defaultlib
INFO: [VRFC 10-311] analyzing module top_kernel_stage_morphology_Pipeline_DILATION_LOOP_VITIS_LOOP_347_2
INFO: [VRFC 10-2263] Analyzing SystemVerilog file "/nethome/asandeep6/FPGA_ECE8893/2026_Spring/lab4/project_1/hls/sim/verilog/top_kernel_stage_morphology.v" into library xil_defaultlib
INFO: [VRFC 10-311] analyzing module top_kernel_stage_morphology
INFO: [VRFC 10-2263] Analyzing SystemVerilog file "/nethome/asandeep6/FPGA_ECE8893/2026_Spring/lab4/project_1/hls/sim/verilog/top_kernel_Loop_VITIS_LOOP_419_1_proc.v" into library xil_defaultlib
INFO: [VRFC 10-311] analyzing module top_kernel_Loop_VITIS_LOOP_419_1_proc
INFO: [VRFC 10-2263] Analyzing SystemVerilog file "/nethome/asandeep6/FPGA_ECE8893/2026_Spring/lab4/project_1/hls/sim/verilog/top_kernel.v" into library xil_defaultlib
INFO: [VRFC 10-311] analyzing module top_kernel
INFO: [VRFC 10-2263] Analyzing SystemVerilog file "/nethome/asandeep6/FPGA_ECE8893/2026_Spring/lab4/project_1/hls/sim/verilog/top_kernel_flow_control_loop_pipe_sequential_init.v" into library xil_defaultlib
INFO: [VRFC 10-311] analyzing module top_kernel_flow_control_loop_pipe_sequential_init
INFO: [VRFC 10-2263] Analyzing SystemVerilog file "/nethome/asandeep6/FPGA_ECE8893/2026_Spring/lab4/project_1/hls/sim/verilog/top_kernel_flow_control_loop_pipe.v" into library xil_defaultlib
INFO: [VRFC 10-311] analyzing module top_kernel_flow_control_loop_pipe
INFO: [VRFC 10-2263] Analyzing SystemVerilog file "/nethome/asandeep6/FPGA_ECE8893/2026_Spring/lab4/project_1/hls/sim/verilog/top_kernel_fadd_32ns_32ns_32_10_full_dsp_1.v" into library xil_defaultlib
INFO: [VRFC 10-311] analyzing module top_kernel_fadd_32ns_32ns_32_10_full_dsp_1
INFO: [VRFC 10-2263] Analyzing SystemVerilog file "/nethome/asandeep6/FPGA_ECE8893/2026_Spring/lab4/project_1/hls/sim/verilog/top_kernel_fmul_32ns_32ns_32_7_max_dsp_1.v" into library xil_defaultlib
INFO: [VRFC 10-311] analyzing module top_kernel_fmul_32ns_32ns_32_7_max_dsp_1
INFO: [VRFC 10-2263] Analyzing SystemVerilog file "/nethome/asandeep6/FPGA_ECE8893/2026_Spring/lab4/project_1/hls/sim/verilog/top_kernel_bitselect_1ns_54ns_6ns_1_1_1.v" into library xil_defaultlib
INFO: [VRFC 10-311] analyzing module top_kernel_bitselect_1ns_54ns_6ns_1_1_1
INFO: [VRFC 10-2263] Analyzing SystemVerilog file "/nethome/asandeep6/FPGA_ECE8893/2026_Spring/lab4/project_1/hls/sim/verilog/top_kernel_sparsemux_7_2_16_1_1.v" into library xil_defaultlib
INFO: [VRFC 10-311] analyzing module top_kernel_sparsemux_7_2_16_1_1
INFO: [VRFC 10-2263] Analyzing SystemVerilog file "/nethome/asandeep6/FPGA_ECE8893/2026_Spring/lab4/project_1/hls/sim/verilog/top_kernel_sparsemux_7_2_1_1_1.v" into library xil_defaultlib
INFO: [VRFC 10-311] analyzing module top_kernel_sparsemux_7_2_1_1_1
INFO: [VRFC 10-2263] Analyzing SystemVerilog file "/nethome/asandeep6/FPGA_ECE8893/2026_Spring/lab4/project_1/hls/sim/verilog/top_kernel_ctlz_16_16_1_1.v" into library xil_defaultlib
INFO: [VRFC 10-311] analyzing module top_kernel_ctlz_16_16_1_1
INFO: [VRFC 10-2263] Analyzing SystemVerilog file "/nethome/asandeep6/FPGA_ECE8893/2026_Spring/lab4/project_1/hls/sim/verilog/top_kernel_sparsemux_513_8_32_1_1.v" into library xil_defaultlib
INFO: [VRFC 10-311] analyzing module top_kernel_sparsemux_513_8_32_1_1
INFO: [VRFC 10-2263] Analyzing SystemVerilog file "/nethome/asandeep6/FPGA_ECE8893/2026_Spring/lab4/project_1/hls/sim/verilog/top_kernel_sparsemux_511_8_32_1_1.v" into library xil_defaultlib
INFO: [VRFC 10-311] analyzing module top_kernel_sparsemux_511_8_32_1_1
INFO: [VRFC 10-2263] Analyzing SystemVerilog file "/nethome/asandeep6/FPGA_ECE8893/2026_Spring/lab4/project_1/hls/sim/verilog/top_kernel_fdiv_32ns_32ns_32_30_no_dsp_1.v" into library xil_defaultlib
INFO: [VRFC 10-311] analyzing module top_kernel_fdiv_32ns_32ns_32_30_no_dsp_1
INFO: [VRFC 10-2263] Analyzing SystemVerilog file "/nethome/asandeep6/FPGA_ECE8893/2026_Spring/lab4/project_1/hls/sim/verilog/top_kernel_fcmp_32ns_32ns_1_3_no_dsp_1.v" into library xil_defaultlib
INFO: [VRFC 10-311] analyzing module top_kernel_fcmp_32ns_32ns_1_3_no_dsp_1
INFO: [VRFC 10-2263] Analyzing SystemVerilog file "/nethome/asandeep6/FPGA_ECE8893/2026_Spring/lab4/project_1/hls/sim/verilog/top_kernel_faddfsub_32ns_32ns_32_10_full_dsp_1.v" into library xil_defaultlib
INFO: [VRFC 10-311] analyzing module top_kernel_faddfsub_32ns_32ns_32_10_full_dsp_1
INFO: [VRFC 10-2263] Analyzing SystemVerilog file "/nethome/asandeep6/FPGA_ECE8893/2026_Spring/lab4/project_1/hls/sim/verilog/top_kernel_sitofp_32ns_32_7_no_dsp_1.v" into library xil_defaultlib
INFO: [VRFC 10-311] analyzing module top_kernel_sitofp_32ns_32_7_no_dsp_1
INFO: [VRFC 10-2263] Analyzing SystemVerilog file "/nethome/asandeep6/FPGA_ECE8893/2026_Spring/lab4/project_1/hls/sim/verilog/top_kernel_fpext_32ns_64_2_no_dsp_1.v" into library xil_defaultlib
INFO: [VRFC 10-311] analyzing module top_kernel_fpext_32ns_64_2_no_dsp_1
INFO: [VRFC 10-2263] Analyzing SystemVerilog file "/nethome/asandeep6/FPGA_ECE8893/2026_Spring/lab4/project_1/hls/sim/verilog/top_kernel_stage_rgb2eq_intensity_buf_RAM_AUTO_1R1W.v" into library xil_defaultlib
INFO: [VRFC 10-311] analyzing module top_kernel_stage_rgb2eq_intensity_buf_RAM_AUTO_1R1W
INFO: [VRFC 10-2263] Analyzing SystemVerilog file "/nethome/asandeep6/FPGA_ECE8893/2026_Spring/lab4/project_1/hls/sim/verilog/top_kernel_mul_6ns_8ns_13_1_1.v" into library xil_defaultlib
INFO: [VRFC 10-311] analyzing module top_kernel_mul_6ns_8ns_13_1_1
INFO: [VRFC 10-2263] Analyzing SystemVerilog file "/nethome/asandeep6/FPGA_ECE8893/2026_Spring/lab4/project_1/hls/sim/verilog/top_kernel_urem_6ns_4ns_3_10_1.v" into library xil_defaultlib
INFO: [VRFC 10-311] analyzing module top_kernel_urem_6ns_4ns_3_10_1_divider
INFO: [VRFC 10-311] analyzing module top_kernel_urem_6ns_4ns_3_10_1
INFO: [VRFC 10-2263] Analyzing SystemVerilog file "/nethome/asandeep6/FPGA_ECE8893/2026_Spring/lab4/project_1/hls/sim/verilog/top_kernel_mac_muladd_4ns_4ns_4ns_8_4_1.v" into library xil_defaultlib
INFO: [VRFC 10-311] analyzing module top_kernel_mac_muladd_4ns_4ns_4ns_8_4_1_DSP48_0
INFO: [VRFC 10-311] analyzing module top_kernel_mac_muladd_4ns_4ns_4ns_8_4_1
INFO: [VRFC 10-2263] Analyzing SystemVerilog file "/nethome/asandeep6/FPGA_ECE8893/2026_Spring/lab4/project_1/hls/sim/verilog/top_kernel_mul_64ns_66ns_129_5_1.v" into library xil_defaultlib
INFO: [VRFC 10-311] analyzing module top_kernel_mul_64ns_66ns_129_5_1
INFO: [VRFC 10-2263] Analyzing SystemVerilog file "/nethome/asandeep6/FPGA_ECE8893/2026_Spring/lab4/project_1/hls/sim/verilog/top_kernel_sparsemux_11_3_16_1_1.v" into library xil_defaultlib
INFO: [VRFC 10-311] analyzing module top_kernel_sparsemux_11_3_16_1_1
INFO: [VRFC 10-2263] Analyzing SystemVerilog file "/nethome/asandeep6/FPGA_ECE8893/2026_Spring/lab4/project_1/hls/sim/verilog/top_kernel_urem_7ns_4ns_3_11_1.v" into library xil_defaultlib
INFO: [VRFC 10-311] analyzing module top_kernel_urem_7ns_4ns_3_11_1_divider
INFO: [VRFC 10-311] analyzing module top_kernel_urem_7ns_4ns_3_11_1
INFO: [VRFC 10-2263] Analyzing SystemVerilog file "/nethome/asandeep6/FPGA_ECE8893/2026_Spring/lab4/project_1/hls/sim/verilog/top_kernel_mul_7ns_9ns_15_1_1.v" into library xil_defaultlib
INFO: [VRFC 10-311] analyzing module top_kernel_mul_7ns_9ns_15_1_1
INFO: [VRFC 10-2263] Analyzing SystemVerilog file "/nethome/asandeep6/FPGA_ECE8893/2026_Spring/lab4/project_1/hls/sim/verilog/top_kernel_mul_5ns_5ns_8_1_1.v" into library xil_defaultlib
INFO: [VRFC 10-311] analyzing module top_kernel_mul_5ns_5ns_8_1_1
INFO: [VRFC 10-2263] Analyzing SystemVerilog file "/nethome/asandeep6/FPGA_ECE8893/2026_Spring/lab4/project_1/hls/sim/verilog/top_kernel_mul_8s_5ns_8_1_1.v" into library xil_defaultlib
INFO: [VRFC 10-311] analyzing module top_kernel_mul_8s_5ns_8_1_1
INFO: [VRFC 10-2263] Analyzing SystemVerilog file "/nethome/asandeep6/FPGA_ECE8893/2026_Spring/lab4/project_1/hls/sim/verilog/top_kernel_mul_18s_8ns_26_1_1.v" into library xil_defaultlib
INFO: [VRFC 10-311] analyzing module top_kernel_mul_18s_8ns_26_1_1
INFO: [VRFC 10-2263] Analyzing SystemVerilog file "/nethome/asandeep6/FPGA_ECE8893/2026_Spring/lab4/project_1/hls/sim/verilog/top_kernel_mul_18s_10ns_28_1_1.v" into library xil_defaultlib
INFO: [VRFC 10-311] analyzing module top_kernel_mul_18s_10ns_28_1_1
INFO: [VRFC 10-2263] Analyzing SystemVerilog file "/nethome/asandeep6/FPGA_ECE8893/2026_Spring/lab4/project_1/hls/sim/verilog/top_kernel_add_36s_36s_36_1_1.v" into library xil_defaultlib
INFO: [VRFC 10-311] analyzing module top_kernel_add_36s_36s_36_1_1
INFO: [VRFC 10-2263] Analyzing SystemVerilog file "/nethome/asandeep6/FPGA_ECE8893/2026_Spring/lab4/project_1/hls/sim/verilog/top_kernel_mul_18s_11ns_29_1_1.v" into library xil_defaultlib
INFO: [VRFC 10-311] analyzing module top_kernel_mul_18s_11ns_29_1_1
INFO: [VRFC 10-2263] Analyzing SystemVerilog file "/nethome/asandeep6/FPGA_ECE8893/2026_Spring/lab4/project_1/hls/sim/verilog/top_kernel_add_20ns_20ns_20_1_1.v" into library xil_defaultlib
INFO: [VRFC 10-311] analyzing module top_kernel_add_20ns_20ns_20_1_1
INFO: [VRFC 10-2263] Analyzing SystemVerilog file "/nethome/asandeep6/FPGA_ECE8893/2026_Spring/lab4/project_1/hls/sim/verilog/top_kernel_mul_18s_12ns_30_1_1.v" into library xil_defaultlib
INFO: [VRFC 10-311] analyzing module top_kernel_mul_18s_12ns_30_1_1
INFO: [VRFC 10-2263] Analyzing SystemVerilog file "/nethome/asandeep6/FPGA_ECE8893/2026_Spring/lab4/project_1/hls/sim/verilog/top_kernel_mul_18s_13ns_31_1_1.v" into library xil_defaultlib
INFO: [VRFC 10-311] analyzing module top_kernel_mul_18s_13ns_31_1_1
INFO: [VRFC 10-2263] Analyzing SystemVerilog file "/nethome/asandeep6/FPGA_ECE8893/2026_Spring/lab4/project_1/hls/sim/verilog/top_kernel_mul_18s_14ns_32_1_1.v" into library xil_defaultlib
INFO: [VRFC 10-311] analyzing module top_kernel_mul_18s_14ns_32_1_1
INFO: [VRFC 10-2263] Analyzing SystemVerilog file "/nethome/asandeep6/FPGA_ECE8893/2026_Spring/lab4/project_1/hls/sim/verilog/top_kernel_stage_gaussian_grid_RAM_2P_BRAM_1R1W.v" into library xil_defaultlib
INFO: [VRFC 10-311] analyzing module top_kernel_stage_gaussian_grid_RAM_2P_BRAM_1R1W
INFO: [VRFC 10-2263] Analyzing SystemVerilog file "/nethome/asandeep6/FPGA_ECE8893/2026_Spring/lab4/project_1/hls/sim/verilog/top_kernel_urem_6ns_3ns_2_10_1.v" into library xil_defaultlib
INFO: [VRFC 10-311] analyzing module top_kernel_urem_6ns_3ns_2_10_1_divider
INFO: [VRFC 10-311] analyzing module top_kernel_urem_6ns_3ns_2_10_1
INFO: [VRFC 10-2263] Analyzing SystemVerilog file "/nethome/asandeep6/FPGA_ECE8893/2026_Spring/lab4/project_1/hls/sim/verilog/top_kernel_mac_muladd_5ns_5ns_5ns_9_4_1.v" into library xil_defaultlib
INFO: [VRFC 10-311] analyzing module top_kernel_mac_muladd_5ns_5ns_5ns_9_4_1_DSP48_0
INFO: [VRFC 10-311] analyzing module top_kernel_mac_muladd_5ns_5ns_5ns_9_4_1
INFO: [VRFC 10-2263] Analyzing SystemVerilog file "/nethome/asandeep6/FPGA_ECE8893/2026_Spring/lab4/project_1/hls/sim/verilog/top_kernel_fsub_32ns_32ns_32_10_full_dsp_1.v" into library xil_defaultlib
INFO: [VRFC 10-311] analyzing module top_kernel_fsub_32ns_32ns_32_10_full_dsp_1
INFO: [VRFC 10-2263] Analyzing SystemVerilog file "/nethome/asandeep6/FPGA_ECE8893/2026_Spring/lab4/project_1/hls/sim/verilog/top_kernel_sparsemux_7_2_16_1_1_x.v" into library xil_defaultlib
INFO: [VRFC 10-311] analyzing module top_kernel_sparsemux_7_2_16_1_1_x
INFO: [VRFC 10-2263] Analyzing SystemVerilog file "/nethome/asandeep6/FPGA_ECE8893/2026_Spring/lab4/project_1/hls/sim/verilog/top_kernel_urem_7ns_3ns_2_11_1.v" into library xil_defaultlib
INFO: [VRFC 10-311] analyzing module top_kernel_urem_7ns_3ns_2_11_1_divider
INFO: [VRFC 10-311] analyzing module top_kernel_urem_7ns_3ns_2_11_1
INFO: [VRFC 10-2263] Analyzing SystemVerilog file "/nethome/asandeep6/FPGA_ECE8893/2026_Spring/lab4/project_1/hls/sim/verilog/top_kernel_mul_6ns_6ns_9_1_1.v" into library xil_defaultlib
INFO: [VRFC 10-311] analyzing module top_kernel_mul_6ns_6ns_9_1_1
INFO: [VRFC 10-2263] Analyzing SystemVerilog file "/nethome/asandeep6/FPGA_ECE8893/2026_Spring/lab4/project_1/hls/sim/verilog/top_kernel_mul_9s_6ns_9_1_1.v" into library xil_defaultlib
INFO: [VRFC 10-311] analyzing module top_kernel_mul_9s_6ns_9_1_1
INFO: [VRFC 10-2263] Analyzing SystemVerilog file "/nethome/asandeep6/FPGA_ECE8893/2026_Spring/lab4/project_1/hls/sim/verilog/top_kernel_sparsemux_9_3_32_1_1.v" into library xil_defaultlib
INFO: [VRFC 10-311] analyzing module top_kernel_sparsemux_9_3_32_1_1
INFO: [VRFC 10-2263] Analyzing SystemVerilog file "/nethome/asandeep6/FPGA_ECE8893/2026_Spring/lab4/project_1/hls/sim/verilog/top_kernel_sparsemux_7_2_20_1_1.v" into library xil_defaultlib
INFO: [VRFC 10-311] analyzing module top_kernel_sparsemux_7_2_20_1_1
INFO: [VRFC 10-2263] Analyzing SystemVerilog file "/nethome/asandeep6/FPGA_ECE8893/2026_Spring/lab4/project_1/hls/sim/verilog/top_kernel_mul_20s_18s_38_2_1.v" into library xil_defaultlib
INFO: [VRFC 10-311] analyzing module top_kernel_mul_20s_18s_38_2_1
INFO: [VRFC 10-2263] Analyzing SystemVerilog file "/nethome/asandeep6/FPGA_ECE8893/2026_Spring/lab4/project_1/hls/sim/verilog/top_kernel_sdiv_35ns_21ns_35_39_1.v" into library xil_defaultlib
INFO: [VRFC 10-311] analyzing module top_kernel_sdiv_35ns_21ns_35_39_1_divider
INFO: [VRFC 10-311] analyzing module top_kernel_sdiv_35ns_21ns_35_39_1
INFO: [VRFC 10-2263] Analyzing SystemVerilog file "/nethome/asandeep6/FPGA_ECE8893/2026_Spring/lab4/project_1/hls/sim/verilog/top_kernel_stage_bilateral_grid_RAM_2P_BRAM_1R1W.v" into library xil_defaultlib
INFO: [VRFC 10-311] analyzing module top_kernel_stage_bilateral_grid_RAM_2P_BRAM_1R1W
INFO: [VRFC 10-2263] Analyzing SystemVerilog file "/nethome/asandeep6/FPGA_ECE8893/2026_Spring/lab4/project_1/hls/sim/verilog/top_kernel_fifo_w64_d6_S.v" into library xil_defaultlib
INFO: [VRFC 10-311] analyzing module top_kernel_fifo_w64_d6_S
INFO: [VRFC 10-311] analyzing module top_kernel_fifo_w64_d6_S_ShiftReg
INFO: [VRFC 10-2263] Analyzing SystemVerilog file "/nethome/asandeep6/FPGA_ECE8893/2026_Spring/lab4/project_1/hls/sim/verilog/top_kernel_fifo_w16_d256_A.v" into library xil_defaultlib
INFO: [VRFC 10-311] analyzing module top_kernel_fifo_w16_d256_A
INFO: [VRFC 10-311] analyzing module top_kernel_fifo_w16_d256_A_ram
INFO: [VRFC 10-2263] Analyzing SystemVerilog file "/nethome/asandeep6/FPGA_ECE8893/2026_Spring/lab4/project_1/hls/sim/verilog/top_kernel_start_for_Loop_VITIS_LOOP_419_1_proc_U0.v" into library xil_defaultlib
INFO: [VRFC 10-311] analyzing module top_kernel_start_for_Loop_VITIS_LOOP_419_1_proc_U0
INFO: [VRFC 10-311] analyzing module top_kernel_start_for_Loop_VITIS_LOOP_419_1_proc_U0_ShiftReg
INFO: [VRFC 10-2263] Analyzing SystemVerilog file "/nethome/asandeep6/FPGA_ECE8893/2026_Spring/lab4/project_1/hls/sim/verilog/top_kernel_start_for_stage_gaussian_U0.v" into library xil_defaultlib
INFO: [VRFC 10-311] analyzing module top_kernel_start_for_stage_gaussian_U0
INFO: [VRFC 10-311] analyzing module top_kernel_start_for_stage_gaussian_U0_ShiftReg
INFO: [VRFC 10-2263] Analyzing SystemVerilog file "/nethome/asandeep6/FPGA_ECE8893/2026_Spring/lab4/project_1/hls/sim/verilog/top_kernel_start_for_stage_bilateral_U0.v" into library xil_defaultlib
INFO: [VRFC 10-311] analyzing module top_kernel_start_for_stage_bilateral_U0
INFO: [VRFC 10-311] analyzing module top_kernel_start_for_stage_bilateral_U0_ShiftReg
INFO: [VRFC 10-2263] Analyzing SystemVerilog file "/nethome/asandeep6/FPGA_ECE8893/2026_Spring/lab4/project_1/hls/sim/verilog/top_kernel_start_for_stage_morphology_U0.v" into library xil_defaultlib
INFO: [VRFC 10-311] analyzing module top_kernel_start_for_stage_morphology_U0
INFO: [VRFC 10-311] analyzing module top_kernel_start_for_stage_morphology_U0_ShiftReg
INFO: [VRFC 10-2263] Analyzing SystemVerilog file "/nethome/asandeep6/FPGA_ECE8893/2026_Spring/lab4/project_1/hls/sim/verilog/top_kernel_gmem0_m_axi.v" into library xil_defaultlib
INFO: [VRFC 10-311] analyzing module top_kernel_gmem0_m_axi
INFO: [VRFC 10-311] analyzing module top_kernel_gmem0_m_axi_load
INFO: [VRFC 10-311] analyzing module top_kernel_gmem0_m_axi_read
INFO: [VRFC 10-311] analyzing module top_kernel_gmem0_m_axi_burst_converter
INFO: [VRFC 10-311] analyzing module top_kernel_gmem0_m_axi_burst_interleave
INFO: [VRFC 10-311] analyzing module top_kernel_gmem0_m_axi_burst_sequential
INFO: [VRFC 10-311] analyzing module top_kernel_gmem0_m_axi_reg_slice
INFO: [VRFC 10-311] analyzing module top_kernel_gmem0_m_axi_fifo
INFO: [VRFC 10-311] analyzing module top_kernel_gmem0_m_axi_srl
INFO: [VRFC 10-311] analyzing module top_kernel_gmem0_m_axi_mem
INFO: [VRFC 10-2263] Analyzing SystemVerilog file "/nethome/asandeep6/FPGA_ECE8893/2026_Spring/lab4/project_1/hls/sim/verilog/top_kernel_gmem1_m_axi.v" into library xil_defaultlib
INFO: [VRFC 10-311] analyzing module top_kernel_gmem1_m_axi
INFO: [VRFC 10-311] analyzing module top_kernel_gmem1_m_axi_load
INFO: [VRFC 10-311] analyzing module top_kernel_gmem1_m_axi_read
INFO: [VRFC 10-311] analyzing module top_kernel_gmem1_m_axi_burst_converter
INFO: [VRFC 10-311] analyzing module top_kernel_gmem1_m_axi_burst_interleave
INFO: [VRFC 10-311] analyzing module top_kernel_gmem1_m_axi_burst_sequential
INFO: [VRFC 10-311] analyzing module top_kernel_gmem1_m_axi_reg_slice
INFO: [VRFC 10-311] analyzing module top_kernel_gmem1_m_axi_fifo
INFO: [VRFC 10-311] analyzing module top_kernel_gmem1_m_axi_srl
INFO: [VRFC 10-311] analyzing module top_kernel_gmem1_m_axi_mem
INFO: [VRFC 10-2263] Analyzing SystemVerilog file "/nethome/asandeep6/FPGA_ECE8893/2026_Spring/lab4/project_1/hls/sim/verilog/top_kernel_gmem2_m_axi.v" into library xil_defaultlib
INFO: [VRFC 10-311] analyzing module top_kernel_gmem2_m_axi
INFO: [VRFC 10-311] analyzing module top_kernel_gmem2_m_axi_load
INFO: [VRFC 10-311] analyzing module top_kernel_gmem2_m_axi_read
INFO: [VRFC 10-311] analyzing module top_kernel_gmem2_m_axi_burst_converter
INFO: [VRFC 10-311] analyzing module top_kernel_gmem2_m_axi_burst_interleave
INFO: [VRFC 10-311] analyzing module top_kernel_gmem2_m_axi_burst_sequential
INFO: [VRFC 10-311] analyzing module top_kernel_gmem2_m_axi_reg_slice
INFO: [VRFC 10-311] analyzing module top_kernel_gmem2_m_axi_fifo
INFO: [VRFC 10-311] analyzing module top_kernel_gmem2_m_axi_srl
INFO: [VRFC 10-311] analyzing module top_kernel_gmem2_m_axi_mem
INFO: [VRFC 10-2263] Analyzing SystemVerilog file "/nethome/asandeep6/FPGA_ECE8893/2026_Spring/lab4/project_1/hls/sim/verilog/top_kernel_gmem3_m_axi.v" into library xil_defaultlib
INFO: [VRFC 10-311] analyzing module top_kernel_gmem3_m_axi
INFO: [VRFC 10-311] analyzing module top_kernel_gmem3_m_axi_store
INFO: [VRFC 10-311] analyzing module top_kernel_gmem3_m_axi_write
INFO: [VRFC 10-311] analyzing module top_kernel_gmem3_m_axi_burst_converter
INFO: [VRFC 10-311] analyzing module top_kernel_gmem3_m_axi_burst_interleave
INFO: [VRFC 10-311] analyzing module top_kernel_gmem3_m_axi_burst_sequential
INFO: [VRFC 10-311] analyzing module top_kernel_gmem3_m_axi_throttle
INFO: [VRFC 10-311] analyzing module top_kernel_gmem3_m_axi_reg_slice
INFO: [VRFC 10-311] analyzing module top_kernel_gmem3_m_axi_fifo
INFO: [VRFC 10-311] analyzing module top_kernel_gmem3_m_axi_srl
INFO: [VRFC 10-311] analyzing module top_kernel_gmem3_m_axi_mem
INFO: [VRFC 10-2263] Analyzing SystemVerilog file "/nethome/asandeep6/FPGA_ECE8893/2026_Spring/lab4/project_1/hls/sim/verilog/top_kernel_control_s_axi.v" into library xil_defaultlib
INFO: [VRFC 10-311] analyzing module top_kernel_control_s_axi
INFO: [VRFC 10-2263] Analyzing SystemVerilog file "/nethome/asandeep6/FPGA_ECE8893/2026_Spring/lab4/project_1/hls/sim/verilog/dataflow_monitor.sv" into library xil_defaultlib
INFO: [VRFC 10-311] analyzing module dataflow_monitor
INFO: [VRFC 10-2263] Analyzing SystemVerilog file "/nethome/asandeep6/FPGA_ECE8893/2026_Spring/lab4/project_1/hls/sim/verilog/file_agent/file_agent_pkg.sv" into library xil_defaultlib
INFO: [VRFC 10-2263] Analyzing SystemVerilog file "/nethome/asandeep6/FPGA_ECE8893/2026_Spring/lab4/project_1/hls/sim/verilog/axivip/axi_pkg.sv" into library xil_defaultlib
INFO: [VRFC 10-2263] Analyzing SystemVerilog file "/nethome/asandeep6/FPGA_ECE8893/2026_Spring/lab4/project_1/hls/sim/verilog/axivip/axi_if.sv" into library xil_defaultlib
INFO: [VRFC 10-2263] Analyzing SystemVerilog file "/nethome/asandeep6/FPGA_ECE8893/2026_Spring/lab4/project_1/hls/sim/verilog/top_kernel_subsystem/top_kernel_subsystem_pkg.sv" into library xil_defaultlib
INFO: [VRFC 10-2263] Analyzing SystemVerilog file "/nethome/asandeep6/FPGA_ECE8893/2026_Spring/lab4/project_1/hls/sim/verilog/svtb/misc_interface.sv" into library xil_defaultlib
INFO: [VRFC 10-2263] Analyzing SystemVerilog file "/nethome/asandeep6/FPGA_ECE8893/2026_Spring/lab4/project_1/hls/sim/verilog/svtb/sv_module_top.sv" into library xil_defaultlib
INFO: [VRFC 10-311] analyzing module sv_module_top
INFO: [VRFC 10-163] Analyzing VHDL file "/nethome/asandeep6/FPGA_ECE8893/2026_Spring/lab4/project_1/hls/sim/verilog/ip/xil_defaultlib/top_kernel_fadd_32ns_32ns_32_10_full_dsp_1_ip.vhd" into library xil_defaultlib
INFO: [VRFC 10-3107] analyzing entity 'top_kernel_fadd_32ns_32ns_32_10_full_dsp_1_ip'
INFO: [VRFC 10-163] Analyzing VHDL file "/nethome/asandeep6/FPGA_ECE8893/2026_Spring/lab4/project_1/hls/sim/verilog/ip/xil_defaultlib/top_kernel_fmul_32ns_32ns_32_7_max_dsp_1_ip.vhd" into library xil_defaultlib
INFO: [VRFC 10-3107] analyzing entity 'top_kernel_fmul_32ns_32ns_32_7_max_dsp_1_ip'
INFO: [VRFC 10-163] Analyzing VHDL file "/nethome/asandeep6/FPGA_ECE8893/2026_Spring/lab4/project_1/hls/sim/verilog/ip/xil_defaultlib/top_kernel_fdiv_32ns_32ns_32_30_no_dsp_1_ip.vhd" into library xil_defaultlib
INFO: [VRFC 10-3107] analyzing entity 'top_kernel_fdiv_32ns_32ns_32_30_no_dsp_1_ip'
INFO: [VRFC 10-163] Analyzing VHDL file "/nethome/asandeep6/FPGA_ECE8893/2026_Spring/lab4/project_1/hls/sim/verilog/ip/xil_defaultlib/top_kernel_fcmp_32ns_32ns_1_3_no_dsp_1_ip.vhd" into library xil_defaultlib
INFO: [VRFC 10-3107] analyzing entity 'top_kernel_fcmp_32ns_32ns_1_3_no_dsp_1_ip'
INFO: [VRFC 10-163] Analyzing VHDL file "/nethome/asandeep6/FPGA_ECE8893/2026_Spring/lab4/project_1/hls/sim/verilog/ip/xil_defaultlib/top_kernel_faddfsub_32ns_32ns_32_10_full_dsp_1_ip.vhd" into library xil_defaultlib
INFO: [VRFC 10-3107] analyzing entity 'top_kernel_faddfsub_32ns_32ns_32_10_full_dsp_1_ip'
INFO: [VRFC 10-163] Analyzing VHDL file "/nethome/asandeep6/FPGA_ECE8893/2026_Spring/lab4/project_1/hls/sim/verilog/ip/xil_defaultlib/top_kernel_sitofp_32ns_32_7_no_dsp_1_ip.vhd" into library xil_defaultlib
INFO: [VRFC 10-3107] analyzing entity 'top_kernel_sitofp_32ns_32_7_no_dsp_1_ip'
INFO: [VRFC 10-163] Analyzing VHDL file "/nethome/asandeep6/FPGA_ECE8893/2026_Spring/lab4/project_1/hls/sim/verilog/ip/xil_defaultlib/top_kernel_fpext_32ns_64_2_no_dsp_1_ip.vhd" into library xil_defaultlib
INFO: [VRFC 10-3107] analyzing entity 'top_kernel_fpext_32ns_64_2_no_dsp_1_ip'
INFO: [VRFC 10-163] Analyzing VHDL file "/nethome/asandeep6/FPGA_ECE8893/2026_Spring/lab4/project_1/hls/sim/verilog/ip/xil_defaultlib/top_kernel_fsub_32ns_32ns_32_10_full_dsp_1_ip.vhd" into library xil_defaultlib
INFO: [VRFC 10-3107] analyzing entity 'top_kernel_fsub_32ns_32ns_32_10_full_dsp_1_ip'
Starting static elaboration
Pass Through NonSizing Optimizer
Completed static elaboration
Starting simulation data flow analysis
WARNING: [XSIM 43-4099] "/proj/primebuilds/9999.0_PRIME_0428_0031/installs/data/system_verilog/uvm_1.2/xlnx_uvm_package.sv" Line 4356. Module uvm_pkg doesn't have a timescale but at least one module in design has a timescale.
WARNING: [XSIM 43-4099] "/proj/primebuilds/9999.0_PRIME_0428_0031/installs/data/system_verilog/uvm_1.2/xlnx_uvm_package.sv" Line 4356. Module uvm_pkg doesn't have a timescale but at least one module in design has a timescale.
WARNING: [XSIM 43-4468] File : /proj/primebuilds/9999.0_PRIME_0428_0031/installs/data/system_verilog/uvm_1.2/xlnx_uvm_package.sv, Line : 25994, RANDC variable size more than 8 bits. This will be treated as a RAND variable instead.
Completed simulation data flow analysis
Time Resolution for simulation is 1ps
Compiling package std.standard
Compiling package std.textio
Compiling package ieee.std_logic_1164
Compiling package ieee.numeric_std
Compiling package floating_point_v7_1_20.floating_point_v7_1_20_viv_comp
Compiling package xbip_utils_v3_0_14.xbip_utils_v3_0_14_pkg
Compiling package axi_utils_v2_0_10.axi_utils_v2_0_10_pkg
Compiling package floating_point_v7_1_20.floating_point_v7_1_20_consts
Compiling package ieee.math_real
Compiling package floating_point_v7_1_20.floating_point_v7_1_20_exp_table...
Compiling package mult_gen_v12_0_23.mult_gen_v12_0_23_pkg
Compiling package ieee.std_logic_arith
Compiling package ieee.std_logic_signed
Compiling package floating_point_v7_1_20.floating_point_v7_1_20_pkg
Compiling package floating_point_v7_1_20.flt_utils
Compiling package xbip_pipe_v3_0_10.xbip_pipe_v3_0_10_viv_comp
Compiling package unisim.vcomponents
Compiling package ieee.vital_timing
Compiling package ieee.vital_primitives
Compiling package unisim.vpkg
Compiling package floating_point_v7_1_20.vt2mutils
Compiling package floating_point_v7_1_20.vt2mcomps
Compiling package xil_defaultlib.$unit_sv_module_top_sv
Compiling package uvm.uvm_pkg
Compiling package std.std
Compiling package xil_defaultlib.axi_pkg
Compiling package xil_defaultlib.top_kernel_subsystem_pkg
Compiling package xil_defaultlib.file_agent_pkg
Compiling package xil_defaultlib.$unit_dataflow_monitor_sv
Compiling module xil_defaultlib.top_kernel_control_s_axi
Compiling module xil_defaultlib.top_kernel_gmem0_m_axi_srl(DATA_...
Compiling module xil_defaultlib.top_kernel_gmem0_m_axi_fifo(DATA...
Compiling module xil_defaultlib.top_kernel_gmem0_m_axi_mem(MEM_S...
Compiling module xil_defaultlib.top_kernel_gmem0_m_axi_fifo(MEM_...
Compiling module xil_defaultlib.top_kernel_gmem0_m_axi_load(NUM_...
Compiling module xil_defaultlib.top_kernel_gmem0_m_axi_reg_slice...
Compiling module xil_defaultlib.top_kernel_gmem0_m_axi_burst_seq...
Compiling module xil_defaultlib.top_kernel_gmem0_m_axi_reg_slice...
Compiling module xil_defaultlib.top_kernel_gmem0_m_axi_srl(DATA_...
Compiling module xil_defaultlib.top_kernel_gmem0_m_axi_fifo(DATA...
Compiling module xil_defaultlib.top_kernel_gmem0_m_axi_read(C_US...
Compiling module xil_defaultlib.top_kernel_gmem0_m_axi(C_M_AXI_A...
Compiling module xil_defaultlib.top_kernel_gmem1_m_axi_srl(DATA_...
Compiling module xil_defaultlib.top_kernel_gmem1_m_axi_fifo(DATA...
Compiling module xil_defaultlib.top_kernel_gmem1_m_axi_mem(MEM_S...
Compiling module xil_defaultlib.top_kernel_gmem1_m_axi_fifo(MEM_...
Compiling module xil_defaultlib.top_kernel_gmem1_m_axi_load(NUM_...
Compiling module xil_defaultlib.top_kernel_gmem1_m_axi_reg_slice...
Compiling module xil_defaultlib.top_kernel_gmem1_m_axi_burst_seq...
Compiling module xil_defaultlib.top_kernel_gmem1_m_axi_reg_slice...
Compiling module xil_defaultlib.top_kernel_gmem1_m_axi_srl(DATA_...
Compiling module xil_defaultlib.top_kernel_gmem1_m_axi_fifo(DATA...
Compiling module xil_defaultlib.top_kernel_gmem1_m_axi_read(C_US...
Compiling module xil_defaultlib.top_kernel_gmem1_m_axi(C_M_AXI_A...
Compiling module xil_defaultlib.top_kernel_gmem2_m_axi_srl(DATA_...
Compiling module xil_defaultlib.top_kernel_gmem2_m_axi_fifo(DATA...
Compiling module xil_defaultlib.top_kernel_gmem2_m_axi_mem(MEM_S...
Compiling module xil_defaultlib.top_kernel_gmem2_m_axi_fifo(MEM_...
Compiling module xil_defaultlib.top_kernel_gmem2_m_axi_load(NUM_...
Compiling module xil_defaultlib.top_kernel_gmem2_m_axi_reg_slice...
Compiling module xil_defaultlib.top_kernel_gmem2_m_axi_burst_seq...
Compiling module xil_defaultlib.top_kernel_gmem2_m_axi_reg_slice...
Compiling module xil_defaultlib.top_kernel_gmem2_m_axi_srl(DATA_...
Compiling module xil_defaultlib.top_kernel_gmem2_m_axi_fifo(DATA...
Compiling module xil_defaultlib.top_kernel_gmem2_m_axi_read(C_US...
Compiling module xil_defaultlib.top_kernel_gmem2_m_axi(C_M_AXI_A...
Compiling module xil_defaultlib.top_kernel_gmem3_m_axi_srl(DATA_...
Compiling module xil_defaultlib.top_kernel_gmem3_m_axi_fifo(DATA...
Compiling module xil_defaultlib.top_kernel_gmem3_m_axi_srl(DATA_...
Compiling module xil_defaultlib.top_kernel_gmem3_m_axi_fifo(DATA...
Compiling module xil_defaultlib.top_kernel_gmem3_m_axi_mem(MEM_S...
Compiling module xil_defaultlib.top_kernel_gmem3_m_axi_fifo(MEM_...
Compiling module xil_defaultlib.top_kernel_gmem3_m_axi_srl(DATA_...
Compiling module xil_defaultlib.top_kernel_gmem3_m_axi_fifo(DATA...
Compiling module xil_defaultlib.top_kernel_gmem3_m_axi_srl(DATA_...
Compiling module xil_defaultlib.top_kernel_gmem3_m_axi_fifo(DATA...
Compiling module xil_defaultlib.top_kernel_gmem3_m_axi_store(CON...
Compiling module xil_defaultlib.top_kernel_gmem3_m_axi_reg_slice...
Compiling module xil_defaultlib.top_kernel_gmem3_m_axi_burst_seq...
Compiling module xil_defaultlib.top_kernel_gmem3_m_axi_reg_slice...
Compiling module xil_defaultlib.top_kernel_gmem3_m_axi_srl(DATA_...
Compiling module xil_defaultlib.top_kernel_gmem3_m_axi_fifo(DATA...
Compiling module xil_defaultlib.top_kernel_gmem3_m_axi_reg_slice...
Compiling module xil_defaultlib.top_kernel_gmem3_m_axi_throttle(...
Compiling module xil_defaultlib.top_kernel_gmem3_m_axi_reg_slice...
Compiling module xil_defaultlib.top_kernel_gmem3_m_axi_write(CON...
Compiling module xil_defaultlib.top_kernel_gmem3_m_axi(C_M_AXI_A...
Compiling module xil_defaultlib.top_kernel_entry_proc
Compiling module xil_defaultlib.top_kernel_stage_rgb2eq_intensit...
Compiling architecture muxcy_v of entity unisim.MUXCY [muxcy_default]
Compiling architecture synth of entity xbip_pipe_v3_0_10.xbip_pipe_v3_0_10_viv [\xbip_pipe_v3_0_10_viv(c_has_ce=...]
Compiling architecture rtl of entity floating_point_v7_1_20.delay [\delay(width=7,length=0)\]
Compiling architecture struct of entity floating_point_v7_1_20.carry_chain [\carry_chain(c_xdevicefamily="zy...]
Compiling architecture synth of entity floating_point_v7_1_20.compare_eq_im [\compare_eq_im(c_xdevicefamily="...]
Compiling architecture xorcy_v of entity unisim.XORCY [xorcy_default]
Compiling architecture fdre_v of entity unisim.FDRE [fdre_default]
Compiling architecture fde_v of entity unisim.FDE [fde_default]
Compiling architecture struct of entity floating_point_v7_1_20.carry_chain [\carry_chain(c_xdevicefamily="zy...]
Compiling architecture synth of entity xbip_pipe_v3_0_10.xbip_pipe_v3_0_10_viv [\xbip_pipe_v3_0_10_viv(c_has_ce=...]
Compiling architecture rtl of entity floating_point_v7_1_20.delay [\delay(length=0)\]
Compiling architecture synth of entity xbip_pipe_v3_0_10.xbip_pipe_v3_0_10_viv [\xbip_pipe_v3_0_10_viv(c_latency...]
Compiling architecture rtl of entity floating_point_v7_1_20.delay [\delay(width=24,fast_input=true)...]
Compiling architecture synth of entity xbip_pipe_v3_0_10.xbip_pipe_v3_0_10_viv [\xbip_pipe_v3_0_10_viv(c_latency...]
Compiling architecture rtl of entity floating_point_v7_1_20.delay [\delay(width=16)\]
Compiling architecture synth of entity xbip_pipe_v3_0_10.xbip_pipe_v3_0_10_viv [\xbip_pipe_v3_0_10_viv(c_latency...]
Compiling architecture rtl of entity floating_point_v7_1_20.delay [delay_default]
Compiling architecture dsp48e1_v of entity unisim.DSP48E1 [\DSP48E1(adreg=0,bcascreg=0,breg...]
Compiling architecture synth of entity xbip_pipe_v3_0_10.xbip_pipe_v3_0_10_viv [\xbip_pipe_v3_0_10_viv(c_has_ce=...]
Compiling architecture rtl of entity floating_point_v7_1_20.delay [\delay(width=4,length=0)\]
Compiling architecture synth of entity xbip_pipe_v3_0_10.xbip_pipe_v3_0_10_viv [\xbip_pipe_v3_0_10_viv(c_has_ce=...]
Compiling architecture rtl of entity floating_point_v7_1_20.delay [\delay(width=48,length=0)\]
Compiling architecture synth of entity xbip_pipe_v3_0_10.xbip_pipe_v3_0_10_viv [\xbip_pipe_v3_0_10_viv(c_has_ce=...]
Compiling architecture rtl of entity floating_point_v7_1_20.delay [\delay(width=24,length=0)\]
Compiling architecture synth of entity xbip_pipe_v3_0_10.xbip_pipe_v3_0_10_viv [\xbip_pipe_v3_0_10_viv(c_has_ce=...]
Compiling architecture rtl of entity floating_point_v7_1_20.delay [\delay(width=16,length=0)\]
Compiling architecture rtl of entity floating_point_v7_1_20.dsp48e1_wrapper [\dsp48e1_wrapper(c_part="xczu3eg...]
Compiling architecture synth of entity xbip_pipe_v3_0_10.xbip_pipe_v3_0_10_viv [\xbip_pipe_v3_0_10_viv(c_latency...]
Compiling architecture rtl of entity floating_point_v7_1_20.delay [\delay(length=2)\]
Compiling architecture synth of entity xbip_pipe_v3_0_10.xbip_pipe_v3_0_10_viv [\xbip_pipe_v3_0_10_viv(c_has_ce=...]
Compiling architecture rtl of entity floating_point_v7_1_20.delay [\delay(width=13,length=0)\]
Compiling architecture synth of entity xbip_pipe_v3_0_10.xbip_pipe_v3_0_10_viv [\xbip_pipe_v3_0_10_viv(c_has_ce=...]
Compiling architecture rtl of entity floating_point_v7_1_20.delay [\delay(width=27,length=0)\]
Compiling architecture synth of entity floating_point_v7_1_20.align_add_dsp48e1_sgl [\align_add_dsp48e1_sgl(c_xdevice...]
Compiling architecture lut5_v of entity unisim.LUT5 [\LUT5(init="00000000000000001111...]
Compiling architecture lut5_v of entity unisim.LUT5 [\LUT5(init="00000000000000000000...]
Compiling architecture synth of entity xbip_pipe_v3_0_10.xbip_pipe_v3_0_10_viv [\xbip_pipe_v3_0_10_viv(c_latency...]
Compiling architecture rtl of entity floating_point_v7_1_20.delay [\delay(width=27)\]
Compiling architecture synth of entity xbip_pipe_v3_0_10.xbip_pipe_v3_0_10_viv [\xbip_pipe_v3_0_10_viv(c_has_ce=...]
Compiling architecture rtl of entity floating_point_v7_1_20.delay [\delay(width=5,length=0)\]
Compiling architecture rtl of entity floating_point_v7_1_20.lead_zero_encode_shift [\lead_zero_encode_shift(ab_fw=24...]
Compiling architecture synth of entity xbip_pipe_v3_0_10.xbip_pipe_v3_0_10_viv [\xbip_pipe_v3_0_10_viv(c_latency...]
Compiling architecture rtl of entity floating_point_v7_1_20.delay [\delay(width=4)\]
Compiling architecture synth of entity xbip_pipe_v3_0_10.xbip_pipe_v3_0_10_viv [\xbip_pipe_v3_0_10_viv(c_latency...]
Compiling architecture rtl of entity floating_point_v7_1_20.delay [\delay(width=3)\]
Compiling architecture lut6_v of entity unisim.LUT6 [\LUT6(init="11111110010101001011...]
Compiling architecture lut5_v of entity unisim.LUT5 [\LUT5(init="00010001010111110000...]
Compiling architecture lut5_v of entity unisim.LUT5 [\LUT5(init="11101110101000001111...]
Compiling architecture synth of entity xbip_pipe_v3_0_10.xbip_pipe_v3_0_10_viv [\xbip_pipe_v3_0_10_viv(c_latency...]
Compiling architecture rtl of entity floating_point_v7_1_20.delay [\delay(width=2)\]
Compiling architecture dsp48e1_v of entity unisim.DSP48E1 [\DSP48E1(adreg=0,alumodereg=0,ca...]
Compiling architecture synth of entity xbip_pipe_v3_0_10.xbip_pipe_v3_0_10_viv [\xbip_pipe_v3_0_10_viv(c_has_ce=...]
Compiling architecture rtl of entity floating_point_v7_1_20.delay [\delay(width=25,length=0)\]
Compiling architecture rtl of entity floating_point_v7_1_20.dsp48e1_wrapper [\dsp48e1_wrapper(a_width=24,c_wi...]
Compiling architecture rtl of entity floating_point_v7_1_20.norm_and_round_dsp48e1_sgl [\norm_and_round_dsp48e1_sgl(c_mu...]
Compiling architecture lut5_v of entity unisim.LUT5 [\LUT5(init="10011001100110011001...]
Compiling architecture lut5_v of entity unisim.LUT5 [\LUT5(init="11111111000000001111...]
Compiling architecture synth of entity xbip_pipe_v3_0_10.xbip_pipe_v3_0_10_viv [\xbip_pipe_v3_0_10_viv(c_has_ce=...]
Compiling architecture rtl of entity floating_point_v7_1_20.delay [\delay(width=9,length=0)\]
Compiling architecture struct of entity floating_point_v7_1_20.carry_chain [\carry_chain(c_xdevicefamily="zy...]
Compiling architecture synth of entity xbip_pipe_v3_0_10.xbip_pipe_v3_0_10_viv [\xbip_pipe_v3_0_10_viv(c_latency...]
Compiling architecture rtl of entity floating_point_v7_1_20.delay [\delay(width=9)\]
Compiling architecture synth of entity xbip_pipe_v3_0_10.xbip_pipe_v3_0_10_viv [\xbip_pipe_v3_0_10_viv(c_latency...]
Compiling architecture rtl of entity floating_point_v7_1_20.delay [\delay(width=9,length=3)\]
Compiling architecture synth of entity xbip_pipe_v3_0_10.xbip_pipe_v3_0_10_viv [\xbip_pipe_v3_0_10_viv(c_latency...]
Compiling architecture rtl of entity floating_point_v7_1_20.delay [\delay(width=10)\]
Compiling architecture synth of entity xbip_pipe_v3_0_10.xbip_pipe_v3_0_10_viv [\xbip_pipe_v3_0_10_viv(c_has_ce=...]
Compiling architecture rtl of entity floating_point_v7_1_20.delay [\delay(width=4,length=0,fast_inp...]
Compiling architecture synth of entity xbip_pipe_v3_0_10.xbip_pipe_v3_0_10_viv [\xbip_pipe_v3_0_10_viv(c_has_ce=...]
Compiling architecture rtl of entity floating_point_v7_1_20.delay [\delay(width=8,length=0)\]
Compiling architecture struct of entity floating_point_v7_1_20.carry_chain [\carry_chain(c_xdevicefamily="zy...]
Compiling architecture synth of entity floating_point_v7_1_20.compare_eq_im [\compare_eq_im(c_xdevicefamily="...]
Compiling architecture synth of entity xbip_pipe_v3_0_10.xbip_pipe_v3_0_10_viv [\xbip_pipe_v3_0_10_viv(c_latency...]
Compiling architecture rtl of entity floating_point_v7_1_20.delay [\delay(fast_input=true)\]
Compiling architecture rtl of entity floating_point_v7_1_20.special_detect [\special_detect(c_xdevicefamily=...]
Compiling architecture struct of entity floating_point_v7_1_20.carry_chain [\carry_chain(c_xdevicefamily="zy...]
Compiling architecture synth of entity floating_point_v7_1_20.compare_gt [\compare_gt(c_xdevicefamily="zyn...]
Compiling architecture synth of entity floating_point_v7_1_20.compare [\compare(c_xdevicefamily="zynqup...]
Compiling architecture synth of entity xbip_pipe_v3_0_10.xbip_pipe_v3_0_10_viv [\xbip_pipe_v3_0_10_viv(c_latency...]
Compiling architecture rtl of entity floating_point_v7_1_20.delay [\delay(width=8)\]
Compiling architecture synth of entity xbip_pipe_v3_0_10.xbip_pipe_v3_0_10_viv [\xbip_pipe_v3_0_10_viv(c_latency...]
Compiling architecture rtl of entity floating_point_v7_1_20.delay [\delay(width=2,length=5,fast_inp...]
Compiling architecture synth of entity xbip_pipe_v3_0_10.xbip_pipe_v3_0_10_viv [\xbip_pipe_v3_0_10_viv(c_latency...]
Compiling architecture rtl of entity floating_point_v7_1_20.delay [\delay(length=6,fast_input=true)...]
Compiling architecture synth of entity xbip_pipe_v3_0_10.xbip_pipe_v3_0_10_viv [\xbip_pipe_v3_0_10_viv(c_latency...]
Compiling architecture rtl of entity floating_point_v7_1_20.delay [\delay(length=5,fast_input=true)...]
Compiling architecture synth of entity xbip_pipe_v3_0_10.xbip_pipe_v3_0_10_viv [\xbip_pipe_v3_0_10_viv(c_latency...]
Compiling architecture rtl of entity floating_point_v7_1_20.delay [\delay(width=4,fast_input=true)\]
Compiling architecture synth of entity xbip_pipe_v3_0_10.xbip_pipe_v3_0_10_viv [\xbip_pipe_v3_0_10_viv(c_has_ce=...]
Compiling architecture rtl of entity floating_point_v7_1_20.delay [\delay(width=2,length=0,fast_inp...]
Compiling architecture synth of entity xbip_pipe_v3_0_10.xbip_pipe_v3_0_10_viv [\xbip_pipe_v3_0_10_viv(c_latency...]
Compiling architecture rtl of entity floating_point_v7_1_20.delay [\delay(width=12)\]
Compiling architecture rtl of entity floating_point_v7_1_20.flt_add_exp_sp [\flt_add_exp_sp(c_xdevicefamily=...]
Compiling architecture synth of entity xbip_pipe_v3_0_10.xbip_pipe_v3_0_10_viv [\xbip_pipe_v3_0_10_viv(c_latency...]
Compiling architecture rtl of entity floating_point_v7_1_20.delay [\delay(width=23)\]
Compiling architecture synth of entity floating_point_v7_1_20.flt_dec_op [\flt_dec_op(c_xdevicefamily="zyn...]
Compiling architecture rtl of entity floating_point_v7_1_20.flt_add_dsp [\flt_add_dsp(c_xdevicefamily="zy...]
Compiling architecture rtl of entity floating_point_v7_1_20.flt_add [\flt_add(c_xdevicefamily="zynqup...]
Compiling architecture synth of entity xbip_pipe_v3_0_10.xbip_pipe_v3_0_10_viv [\xbip_pipe_v3_0_10_viv(c_latency...]
Compiling architecture synth of entity xbip_pipe_v3_0_10.xbip_pipe_v3_0_10_viv [\xbip_pipe_v3_0_10_viv(c_has_ce=...]
Compiling architecture rtl of entity floating_point_v7_1_20.delay [\delay(width=32,length=0)\]
Compiling architecture xilinx of entity floating_point_v7_1_20.floating_point_v7_1_20_viv [\floating_point_v7_1_20_viv(c_xd...]
Compiling architecture xilinx of entity floating_point_v7_1_20.floating_point_v7_1_20 [\floating_point_v7_1_20(c_xdevic...]
Compiling architecture top_kernel_fadd_32ns_32ns_32_10_full_dsp_1_ip_arch of entity xil_defaultlib.top_kernel_fadd_32ns_32ns_32_10_full_dsp_1_ip [top_kernel_fadd_32ns_32ns_32_10_...]
Compiling module xil_defaultlib.top_kernel_fadd_32ns_32ns_32_10_...
Compiling architecture dsp48e1_v of entity unisim.DSP48E1 [\DSP48E1(acascreg=0,adreg=0,alum...]
Compiling architecture synth of entity xbip_pipe_v3_0_10.xbip_pipe_v3_0_10_viv [\xbip_pipe_v3_0_10_viv(c_has_ce=...]
Compiling architecture rtl of entity floating_point_v7_1_20.delay [\delay(width=17,length=0)\]
Compiling architecture rtl of entity floating_point_v7_1_20.dsp48e1_wrapper [\dsp48e1_wrapper(a_width=24,b_wi...]
Compiling architecture dsp48e1_v of entity unisim.DSP48E1 [\DSP48E1(adreg=0,alumodereg=0,a_...]
Compiling architecture rtl of entity floating_point_v7_1_20.dsp48e1_wrapper [\dsp48e1_wrapper(a_width=24,b_wi...]
Compiling architecture struct of entity floating_point_v7_1_20.fix_mult_dsp48e1_sgl [\fix_mult_dsp48e1_sgl(registers=...]
Compiling architecture rtl of entity floating_point_v7_1_20.fix_mult [\fix_mult(c_xdevicefamily="zynqu...]
Compiling architecture synth of entity xbip_pipe_v3_0_10.xbip_pipe_v3_0_10_viv [\xbip_pipe_v3_0_10_viv(c_latency...]
Compiling architecture rtl of entity floating_point_v7_1_20.delay [\delay(width=7)\]
Compiling architecture synth of entity xbip_pipe_v3_0_10.xbip_pipe_v3_0_10_viv [\xbip_pipe_v3_0_10_viv(c_latency...]
Compiling architecture rtl of entity floating_point_v7_1_20.delay [\delay(width=8,fast_input=true)\]
Compiling architecture struct of entity floating_point_v7_1_20.carry_chain [\carry_chain(c_xdevicefamily="zy...]
Compiling architecture struct of entity floating_point_v7_1_20.carry_chain [\carry_chain(c_xdevicefamily="zy...]
Compiling architecture synth of entity floating_point_v7_1_20.compare_eq_im [\compare_eq_im(c_xdevicefamily="...]
Compiling architecture synth of entity xbip_pipe_v3_0_10.xbip_pipe_v3_0_10_viv [\xbip_pipe_v3_0_10_viv(c_has_ce=...]
Compiling architecture rtl of entity floating_point_v7_1_20.delay [\delay(length=0,fast_input=true)...]
Compiling architecture rtl of entity floating_point_v7_1_20.special_detect [\special_detect(c_xdevicefamily=...]
Compiling architecture synth of entity xbip_pipe_v3_0_10.xbip_pipe_v3_0_10_viv [\xbip_pipe_v3_0_10_viv(c_latency...]
Compiling architecture rtl of entity floating_point_v7_1_20.delay [\delay(width=2,length=2,fast_inp...]
Compiling architecture synth of entity xbip_pipe_v3_0_10.xbip_pipe_v3_0_10_viv [\xbip_pipe_v3_0_10_viv(c_latency...]
Compiling architecture rtl of entity floating_point_v7_1_20.delay [\delay(length=2,fast_input=true)...]
Compiling architecture synth of entity xbip_pipe_v3_0_10.xbip_pipe_v3_0_10_viv [\xbip_pipe_v3_0_10_viv(c_latency...]
Compiling architecture rtl of entity floating_point_v7_1_20.delay [\delay(length=3,fast_input=true)...]
Compiling architecture synth of entity xbip_pipe_v3_0_10.xbip_pipe_v3_0_10_viv [\xbip_pipe_v3_0_10_viv(c_latency...]
Compiling architecture rtl of entity floating_point_v7_1_20.delay [\delay(width=4,length=2,fast_inp...]
Compiling architecture synth of entity xbip_pipe_v3_0_10.xbip_pipe_v3_0_10_viv [\xbip_pipe_v3_0_10_viv(c_has_ce=...]
Compiling architecture rtl of entity floating_point_v7_1_20.delay [\delay(width=3,length=0,fast_inp...]
Compiling architecture synth of entity xbip_pipe_v3_0_10.xbip_pipe_v3_0_10_viv [\xbip_pipe_v3_0_10_viv(c_latency...]
Compiling architecture rtl of entity floating_point_v7_1_20.delay [\delay(width=14)\]
Compiling architecture rtl of entity floating_point_v7_1_20.flt_mult_exp [\flt_mult_exp(c_xdevicefamily="z...]
Compiling architecture dsp48e1_v of entity unisim.DSP48E1 [\DSP48E1(acascreg=0,adreg=0,alum...]
Compiling architecture synth of entity xbip_pipe_v3_0_10.xbip_pipe_v3_0_10_viv [\xbip_pipe_v3_0_10_viv(c_has_ce=...]
Compiling architecture rtl of entity floating_point_v7_1_20.delay [\delay(width=30,length=0)\]
Compiling architecture synth of entity xbip_pipe_v3_0_10.xbip_pipe_v3_0_10_viv [\xbip_pipe_v3_0_10_viv(c_has_ce=...]
Compiling architecture rtl of entity floating_point_v7_1_20.delay [\delay(width=18,length=0)\]
Compiling architecture rtl of entity floating_point_v7_1_20.dsp48e1_wrapper [\dsp48e1_wrapper(a_width=30,b_wi...]
Compiling architecture synth of entity xbip_pipe_v3_0_10.xbip_pipe_v3_0_10_viv [\xbip_pipe_v3_0_10_viv(c_latency...]
Compiling architecture rtl of entity floating_point_v7_1_20.delay [\delay(width=25)\]
Compiling architecture struct of entity floating_point_v7_1_20.flt_round_dsp_opt_full [\flt_round_dsp_opt_full(c_xdevic...]
Compiling architecture rtl of entity floating_point_v7_1_20.flt_mult_round [\flt_mult_round(c_xdevicefamily=...]
Compiling architecture synth of entity floating_point_v7_1_20.flt_dec_op_lat [\flt_dec_op_lat(c_xdevicefamily=...]
Compiling architecture rtl of entity floating_point_v7_1_20.flt_mult [\flt_mult(c_xdevicefamily="zynqu...]
Compiling architecture xilinx of entity floating_point_v7_1_20.floating_point_v7_1_20_viv [\floating_point_v7_1_20_viv(c_xd...]
Compiling architecture xilinx of entity floating_point_v7_1_20.floating_point_v7_1_20 [\floating_point_v7_1_20(c_xdevic...]
Compiling architecture top_kernel_fmul_32ns_32ns_32_7_max_dsp_1_ip_arch of entity xil_defaultlib.top_kernel_fmul_32ns_32ns_32_7_max_dsp_1_ip [top_kernel_fmul_32ns_32ns_32_7_m...]
Compiling module xil_defaultlib.top_kernel_fmul_32ns_32ns_32_7_m...
Compiling module xil_defaultlib.top_kernel_bitselect_1ns_54ns_6n...
Compiling module xil_defaultlib.top_kernel_sparsemux_7_2_16_1_1(...
Compiling module xil_defaultlib.top_kernel_sparsemux_7_2_1_1_1(s...
Compiling module xil_defaultlib.top_kernel_flow_control_loop_pip...
Compiling module xil_defaultlib.top_kernel_stage_rgb2eq_Pipeline...
Compiling module xil_defaultlib.top_kernel_ctlz_16_16_1_1(din_WI...
Compiling module xil_defaultlib.top_kernel_sparsemux_513_8_32_1_...
Compiling module xil_defaultlib.top_kernel_stage_rgb2eq_Pipeline...
Compiling module xil_defaultlib.top_kernel_sparsemux_511_8_32_1_...
Compiling module xil_defaultlib.top_kernel_stage_rgb2eq_Pipeline...
Compiling architecture synth of entity xbip_pipe_v3_0_10.xbip_pipe_v3_0_10_viv [\xbip_pipe_v3_0_10_viv(c_latency...]
Compiling architecture rtl of entity floating_point_v7_1_20.delay [\delay(width=25,fast_input=true)...]
Compiling architecture struct of entity floating_point_v7_1_20.carry_chain [\carry_chain(c_xdevicefamily="zy...]
Compiling architecture synth of entity floating_point_v7_1_20.flt_div_mant_addsub [\flt_div_mant_addsub(c_xdevicefa...]
Compiling architecture synth of entity xbip_pipe_v3_0_10.xbip_pipe_v3_0_10_viv [\xbip_pipe_v3_0_10_viv(c_latency...]
Compiling architecture rtl of entity floating_point_v7_1_20.delay [\delay(width=26)\]
Compiling architecture synth of entity xbip_pipe_v3_0_10.xbip_pipe_v3_0_10_viv [\xbip_pipe_v3_0_10_viv(c_has_ce=...]
Compiling architecture rtl of entity floating_point_v7_1_20.delay [\delay(width=26,length=0)\]
Compiling architecture virtex of entity floating_point_v7_1_20.flt_div_mant [\flt_div_mant(c_xdevicefamily="z...]
Compiling architecture synth of entity xbip_pipe_v3_0_10.xbip_pipe_v3_0_10_viv [\xbip_pipe_v3_0_10_viv(c_latency...]
Compiling architecture rtl of entity floating_point_v7_1_20.delay [\delay(width=10,length=2,fast_in...]
Compiling architecture rtl of entity floating_point_v7_1_20.special_detect [\special_detect(c_xdevicefamily=...]
Compiling architecture synth of entity xbip_pipe_v3_0_10.xbip_pipe_v3_0_10_viv [\xbip_pipe_v3_0_10_viv(c_latency...]
Compiling architecture rtl of entity floating_point_v7_1_20.delay [\delay(length=25,fast_input=true...]
Compiling architecture synth of entity xbip_pipe_v3_0_10.xbip_pipe_v3_0_10_viv [\xbip_pipe_v3_0_10_viv(c_latency...]
Compiling architecture rtl of entity floating_point_v7_1_20.delay [\delay(length=26,fast_input=true...]
Compiling architecture synth of entity xbip_pipe_v3_0_10.xbip_pipe_v3_0_10_viv [\xbip_pipe_v3_0_10_viv(c_latency...]
Compiling architecture rtl of entity floating_point_v7_1_20.delay [\delay(width=8,length=24)\]
Compiling architecture synth of entity xbip_pipe_v3_0_10.xbip_pipe_v3_0_10_viv [\xbip_pipe_v3_0_10_viv(c_latency...]
Compiling architecture rtl of entity floating_point_v7_1_20.delay [\delay(length=24,fast_input=true...]
Compiling architecture synth of entity xbip_pipe_v3_0_10.xbip_pipe_v3_0_10_viv [\xbip_pipe_v3_0_10_viv(c_latency...]
Compiling architecture rtl of entity floating_point_v7_1_20.delay [\delay(width=3,length=23,fast_in...]
Compiling architecture synth of entity xbip_pipe_v3_0_10.xbip_pipe_v3_0_10_viv [\xbip_pipe_v3_0_10_viv(c_latency...]
Compiling architecture rtl of entity floating_point_v7_1_20.delay [\delay(width=4,length=24,fast_in...]
Compiling architecture synth of entity xbip_pipe_v3_0_10.xbip_pipe_v3_0_10_viv [\xbip_pipe_v3_0_10_viv(c_latency...]
Compiling architecture rtl of entity floating_point_v7_1_20.delay [\delay(length=23,fast_input=true...]
Compiling architecture rtl of entity floating_point_v7_1_20.flt_div_exp [\flt_div_exp(c_xdevicefamily="no...]
Compiling architecture synth of entity xbip_pipe_v3_0_10.xbip_pipe_v3_0_10_viv [\xbip_pipe_v3_0_10_viv(c_has_ce=...]
Compiling architecture rtl of entity floating_point_v7_1_20.delay [\delay(width=11,length=0)\]
Compiling architecture synth of entity xbip_pipe_v3_0_10.xbip_pipe_v3_0_10_viv [\xbip_pipe_v3_0_10_viv(c_latency...]
Compiling architecture rtl of entity floating_point_v7_1_20.delay [\delay(width=12,fast_input=true)...]
Compiling architecture struct of entity floating_point_v7_1_20.carry_chain [\carry_chain(c_xdevicefamily="zy...]
Compiling architecture synth of entity xbip_pipe_v3_0_10.xbip_pipe_v3_0_10_viv [\xbip_pipe_v3_0_10_viv(c_latency...]
Compiling architecture rtl of entity floating_point_v7_1_20.delay [\delay(width=11)\]
Compiling architecture struct of entity floating_point_v7_1_20.carry_chain [\carry_chain(c_xdevicefamily="zy...]
Compiling architecture struct of entity floating_point_v7_1_20.carry_chain [\carry_chain(c_xdevicefamily="zy...]
Compiling architecture synth of entity xbip_pipe_v3_0_10.xbip_pipe_v3_0_10_viv [\xbip_pipe_v3_0_10_viv(c_has_ce=...]
Compiling architecture rtl of entity floating_point_v7_1_20.delay [\delay(width=14,length=0)\]
Compiling architecture synth of entity xbip_pipe_v3_0_10.xbip_pipe_v3_0_10_viv [\xbip_pipe_v3_0_10_viv(c_has_ce=...]
Compiling architecture rtl of entity floating_point_v7_1_20.delay [\delay(width=25,length=0,fast_in...]
Compiling architecture synth of entity xbip_pipe_v3_0_10.xbip_pipe_v3_0_10_viv [\xbip_pipe_v3_0_10_viv(c_has_ce=...]
Compiling architecture rtl of entity floating_point_v7_1_20.delay [\delay(width=3,length=0)\]
Compiling architecture synth of entity xbip_pipe_v3_0_10.xbip_pipe_v3_0_10_viv [\xbip_pipe_v3_0_10_viv(c_has_ce=...]
Compiling architecture rtl of entity floating_point_v7_1_20.delay [\delay(width=2,length=0)\]
Compiling architecture struct of entity floating_point_v7_1_20.carry_chain [\carry_chain(c_xdevicefamily="zy...]
Compiling architecture rtl of entity floating_point_v7_1_20.flt_round_bit [\flt_round_bit(c_xdevicefamily="...]
Compiling architecture rtl of entity floating_point_v7_1_20.renorm_and_round_logic [\renorm_and_round_logic(c_xdevic...]
Compiling architecture synth of entity floating_point_v7_1_20.flt_dec_op_lat [\flt_dec_op_lat(c_xdevicefamily=...]
Compiling architecture virtex of entity floating_point_v7_1_20.flt_div [\flt_div(c_xdevicefamily="zynqup...]
Compiling architecture synth of entity xbip_pipe_v3_0_10.xbip_pipe_v3_0_10_viv [\xbip_pipe_v3_0_10_viv(c_latency...]
Compiling architecture xilinx of entity floating_point_v7_1_20.floating_point_v7_1_20_viv [\floating_point_v7_1_20_viv(c_xd...]
Compiling architecture xilinx of entity floating_point_v7_1_20.floating_point_v7_1_20 [\floating_point_v7_1_20(c_xdevic...]
Compiling architecture top_kernel_fdiv_32ns_32ns_32_30_no_dsp_1_ip_arch of entity xil_defaultlib.top_kernel_fdiv_32ns_32ns_32_30_no_dsp_1_ip [top_kernel_fdiv_32ns_32ns_32_30_...]
Compiling module xil_defaultlib.top_kernel_fdiv_32ns_32ns_32_30_...
Compiling architecture synth of entity floating_point_v7_1_20.compare_eq_im [\compare_eq_im(c_xdevicefamily="...]
Compiling architecture synth of entity floating_point_v7_1_20.compare_ne_im [\compare_ne_im(c_xdevicefamily="...]
Compiling architecture struct of entity floating_point_v7_1_20.carry_chain [\carry_chain(c_xdevicefamily="zy...]
Compiling architecture synth of entity floating_point_v7_1_20.compare_eq_im [\compare_eq_im(c_xdevicefamily="...]
Compiling architecture struct of entity floating_point_v7_1_20.carry_chain [\carry_chain(c_xdevicefamily="zy...]
Compiling architecture synth of entity floating_point_v7_1_20.compare_eq [\compare_eq(c_xdevicefamily="zyn...]
Compiling architecture struct of entity floating_point_v7_1_20.carry_chain [\carry_chain(c_xdevicefamily="zy...]
Compiling architecture synth of entity floating_point_v7_1_20.compare_gt [\compare_gt(c_xdevicefamily="zyn...]
Compiling architecture rtl of entity floating_point_v7_1_20.fp_cmp [\fp_cmp(c_xdevicefamily="zynqupl...]
Compiling architecture xilinx of entity floating_point_v7_1_20.floating_point_v7_1_20_viv [\floating_point_v7_1_20_viv(c_xd...]
Compiling architecture xilinx of entity floating_point_v7_1_20.floating_point_v7_1_20 [\floating_point_v7_1_20(c_xdevic...]
Compiling architecture top_kernel_fcmp_32ns_32ns_1_3_no_dsp_1_ip_arch of entity xil_defaultlib.top_kernel_fcmp_32ns_32ns_1_3_no_dsp_1_ip [top_kernel_fcmp_32ns_32ns_1_3_no...]
Compiling module xil_defaultlib.top_kernel_fcmp_32ns_32ns_1_3_no...
Compiling module xil_defaultlib.top_kernel_stage_rgb2eq_Pipeline...
Compiling architecture rtl of entity floating_point_v7_1_20.flt_add [\flt_add(c_xdevicefamily="zynqup...]
Compiling architecture xilinx of entity floating_point_v7_1_20.floating_point_v7_1_20_viv [\floating_point_v7_1_20_viv(c_xd...]
Compiling architecture xilinx of entity floating_point_v7_1_20.floating_point_v7_1_20 [\floating_point_v7_1_20(c_xdevic...]
Compiling architecture top_kernel_faddfsub_32ns_32ns_32_10_full_dsp_1_ip_arch of entity xil_defaultlib.top_kernel_faddfsub_32ns_32ns_32_10_full_dsp_1_ip [top_kernel_faddfsub_32ns_32ns_32...]
Compiling module xil_defaultlib.top_kernel_faddfsub_32ns_32ns_32...
Compiling architecture synth of entity xbip_pipe_v3_0_10.xbip_pipe_v3_0_10_viv [\xbip_pipe_v3_0_10_viv(c_has_ce=...]
Compiling architecture rtl of entity floating_point_v7_1_20.delay [\delay(width=31,length=0)\]
Compiling architecture synth of entity xbip_pipe_v3_0_10.xbip_pipe_v3_0_10_viv [\xbip_pipe_v3_0_10_viv(c_latency...]
Compiling architecture rtl of entity floating_point_v7_1_20.delay [\delay(width=32)\]
Compiling architecture struct of entity floating_point_v7_1_20.carry_chain [\carry_chain(c_xdevicefamily="zy...]
Compiling architecture rtl of entity floating_point_v7_1_20.norm_zero_det [\norm_zero_det(data_width=7,norm...]
Compiling architecture rtl of entity floating_point_v7_1_20.mux4 [\mux4(c_xdevicefamily="zynquplus...]
Compiling architecture rtl of entity floating_point_v7_1_20.mux4 [\mux4(c_xdevicefamily="zynquplus...]
Compiling architecture synth of entity xbip_pipe_v3_0_10.xbip_pipe_v3_0_10_viv [\xbip_pipe_v3_0_10_viv(c_has_ce=...]
Compiling architecture rtl of entity floating_point_v7_1_20.delay [\delay(width=8,length=0,fast_inp...]
Compiling architecture struct of entity floating_point_v7_1_20.carry_chain [\carry_chain(c_xdevicefamily="zy...]
Compiling architecture rtl of entity floating_point_v7_1_20.lead_zero_encode [\lead_zero_encode(c_xdevicefamil...]
Compiling architecture rtl of entity floating_point_v7_1_20.shift_msb_first [\shift_msb_first(a_width=32,resu...]
Compiling architecture struct of entity floating_point_v7_1_20.carry_chain [\carry_chain(c_xdevicefamily="zy...]
Compiling architecture struct of entity floating_point_v7_1_20.carry_chain [\carry_chain(c_xdevicefamily="zy...]
Compiling architecture rtl of entity floating_point_v7_1_20.renorm_and_round_logic [\renorm_and_round_logic(c_xdevic...]
Compiling architecture synth of entity xbip_pipe_v3_0_10.xbip_pipe_v3_0_10_viv [\xbip_pipe_v3_0_10_viv(c_latency...]
Compiling architecture rtl of entity floating_point_v7_1_20.delay [\delay(length=4)\]
Compiling architecture synth of entity floating_point_v7_1_20.fix_to_flt_conv_exp [\fix_to_flt_conv_exp(c_xdevicefa...]
Compiling architecture struct of entity floating_point_v7_1_20.fix_to_flt_conv [\fix_to_flt_conv(c_xdevicefamily...]
Compiling architecture xilinx of entity floating_point_v7_1_20.floating_point_v7_1_20_viv [\floating_point_v7_1_20_viv(c_xd...]
Compiling architecture xilinx of entity floating_point_v7_1_20.floating_point_v7_1_20 [\floating_point_v7_1_20(c_xdevic...]
Compiling architecture top_kernel_sitofp_32ns_32_7_no_dsp_1_ip_arch of entity xil_defaultlib.top_kernel_sitofp_32ns_32_7_no_dsp_1_ip [top_kernel_sitofp_32ns_32_7_no_d...]
Compiling module xil_defaultlib.top_kernel_sitofp_32ns_32_7_no_d...
Compiling architecture synth of entity xbip_pipe_v3_0_10.xbip_pipe_v3_0_10_viv [\xbip_pipe_v3_0_10_viv(c_has_ce=...]
Compiling architecture rtl of entity floating_point_v7_1_20.delay [\delay(width=23,length=0)\]
Compiling architecture struct of entity floating_point_v7_1_20.carry_chain [\carry_chain(c_xdevicefamily="ki...]
Compiling architecture synth of entity floating_point_v7_1_20.compare_eq_im [\compare_eq_im(c_xdevicefamily="...]
Compiling architecture rtl of entity floating_point_v7_1_20.special_detect [\special_detect(a_fw=24,op_delay...]
Compiling architecture rtl of entity floating_point_v7_1_20.flt_to_flt_conv_exp [\flt_to_flt_conv_exp(r_w=64,r_ew...]
Compiling architecture synth of entity floating_point_v7_1_20.flt_dec_op [\flt_dec_op(c_xdevicefamily="zyn...]
Compiling architecture rtl of entity floating_point_v7_1_20.flt_to_flt_conv [\flt_to_flt_conv(c_xdevicefamily...]
Compiling architecture synth of entity xbip_pipe_v3_0_10.xbip_pipe_v3_0_10_viv [\xbip_pipe_v3_0_10_viv(c_has_ce=...]
Compiling architecture rtl of entity floating_point_v7_1_20.delay [\delay(width=64,length=0)\]
Compiling architecture xilinx of entity floating_point_v7_1_20.floating_point_v7_1_20_viv [\floating_point_v7_1_20_viv(c_xd...]
Compiling architecture xilinx of entity floating_point_v7_1_20.floating_point_v7_1_20 [\floating_point_v7_1_20(c_xdevic...]
Compiling architecture top_kernel_fpext_32ns_64_2_no_dsp_1_ip_arch of entity xil_defaultlib.top_kernel_fpext_32ns_64_2_no_dsp_1_ip [top_kernel_fpext_32ns_64_2_no_ds...]
Compiling module xil_defaultlib.top_kernel_fpext_32ns_64_2_no_ds...
Compiling module xil_defaultlib.top_kernel_stage_rgb2eq
Compiling module xil_defaultlib.top_kernel_stage_gaussian_grid_R...
Compiling module xil_defaultlib.top_kernel_mul_6ns_8ns_13_1_1(NU...
Compiling module xil_defaultlib.top_kernel_urem_6ns_4ns_3_10_1_d...
Compiling module xil_defaultlib.top_kernel_urem_6ns_4ns_3_10_1(N...
Compiling module xil_defaultlib.top_kernel_mac_muladd_4ns_4ns_4n...
Compiling module xil_defaultlib.top_kernel_mac_muladd_4ns_4ns_4n...
Compiling module xil_defaultlib.top_kernel_stage_gaussian_Pipeli...
Compiling module xil_defaultlib.top_kernel_mul_64ns_66ns_129_5_1...
Compiling module xil_defaultlib.top_kernel_sparsemux_11_3_16_1_1...
Compiling module xil_defaultlib.top_kernel_urem_7ns_4ns_3_11_1_d...
Compiling module xil_defaultlib.top_kernel_urem_7ns_4ns_3_11_1(N...
Compiling module xil_defaultlib.top_kernel_mul_7ns_9ns_15_1_1(NU...
Compiling module xil_defaultlib.top_kernel_mul_5ns_5ns_8_1_1(NUM...
Compiling module xil_defaultlib.top_kernel_mul_8s_5ns_8_1_1(NUM_...
Compiling module xil_defaultlib.top_kernel_mul_18s_8ns_26_1_1(NU...
Compiling module xil_defaultlib.top_kernel_mul_18s_10ns_28_1_1(N...
Compiling module xil_defaultlib.top_kernel_add_12s_12ns_12_1_1
Compiling module xil_defaultlib.top_kernel_add_36s_36s_36_1_1
Compiling module xil_defaultlib.top_kernel_mul_18s_11ns_29_1_1(N...
Compiling module xil_defaultlib.top_kernel_add_20ns_20ns_20_1_1
Compiling module xil_defaultlib.top_kernel_mul_18s_12ns_30_1_1(N...
Compiling module xil_defaultlib.top_kernel_mul_18s_13ns_31_1_1(N...
Compiling module xil_defaultlib.top_kernel_mul_18s_14ns_32_1_1(N...
Compiling module xil_defaultlib.top_kernel_stage_gaussian_Pipeli...
Compiling module xil_defaultlib.top_kernel_stage_gaussian
Compiling module xil_defaultlib.top_kernel_stage_bilateral_grid_...
Compiling module xil_defaultlib.top_kernel_urem_6ns_3ns_2_10_1_d...
Compiling module xil_defaultlib.top_kernel_urem_6ns_3ns_2_10_1(N...
Compiling module xil_defaultlib.top_kernel_mac_muladd_5ns_5ns_5n...
Compiling module xil_defaultlib.top_kernel_mac_muladd_5ns_5ns_5n...
Compiling module xil_defaultlib.top_kernel_stage_bilateral_Pipel...
Compiling architecture rtl of entity floating_point_v7_1_20.flt_add [\flt_add(c_xdevicefamily="zynqup...]
Compiling architecture xilinx of entity floating_point_v7_1_20.floating_point_v7_1_20_viv [\floating_point_v7_1_20_viv(c_xd...]
Compiling architecture xilinx of entity floating_point_v7_1_20.floating_point_v7_1_20 [\floating_point_v7_1_20(c_xdevic...]
Compiling architecture top_kernel_fsub_32ns_32ns_32_10_full_dsp_1_ip_arch of entity xil_defaultlib.top_kernel_fsub_32ns_32ns_32_10_full_dsp_1_ip [top_kernel_fsub_32ns_32ns_32_10_...]
Compiling module xil_defaultlib.top_kernel_fsub_32ns_32ns_32_10_...
Compiling module xil_defaultlib.top_kernel_sparsemux_7_2_16_1_1_...
Compiling module xil_defaultlib.top_kernel_urem_7ns_3ns_2_11_1_d...
Compiling module xil_defaultlib.top_kernel_urem_7ns_3ns_2_11_1(N...
Compiling module xil_defaultlib.top_kernel_mul_6ns_6ns_9_1_1(NUM...
Compiling module xil_defaultlib.top_kernel_mul_9s_6ns_9_1_1(NUM_...
Compiling module xil_defaultlib.top_kernel_sparsemux_9_3_32_1_1(...
Compiling module xil_defaultlib.top_kernel_sparsemux_7_2_20_1_1(...
Compiling module xil_defaultlib.top_kernel_mul_20s_18s_38_2_1(NU...
Compiling module xil_defaultlib.top_kernel_sdiv_35ns_21ns_35_39_...
Compiling module xil_defaultlib.top_kernel_sdiv_35ns_21ns_35_39_...
Compiling module xil_defaultlib.top_kernel_stage_bilateral_Pipel...
Compiling module xil_defaultlib.top_kernel_stage_bilateral
Compiling module xil_defaultlib.top_kernel_stage_morphology_Pipe...
Compiling module xil_defaultlib.top_kernel_stage_morphology_Pipe...
Compiling module xil_defaultlib.top_kernel_stage_morphology_Pipe...
Compiling module xil_defaultlib.top_kernel_stage_morphology
Compiling module xil_defaultlib.top_kernel_flow_control_loop_pip...
Compiling module xil_defaultlib.top_kernel_Loop_VITIS_LOOP_419_1...
Compiling module xil_defaultlib.top_kernel_fifo_w64_d6_S_ShiftRe...
Compiling module xil_defaultlib.top_kernel_fifo_w64_d6_S_default
Compiling module xil_defaultlib.top_kernel_fifo_w16_d256_A_ram(D...
Compiling module xil_defaultlib.top_kernel_fifo_w16_d256_A_defau...
Compiling module xil_defaultlib.top_kernel_start_for_Loop_VITIS_...
Compiling module xil_defaultlib.top_kernel_start_for_Loop_VITIS_...
Compiling module xil_defaultlib.top_kernel_start_for_stage_gauss...
Compiling module xil_defaultlib.top_kernel_start_for_stage_gauss...
Compiling module xil_defaultlib.top_kernel_start_for_stage_bilat...
Compiling module xil_defaultlib.top_kernel_start_for_stage_bilat...
Compiling module xil_defaultlib.top_kernel_start_for_stage_morph...
Compiling module xil_defaultlib.top_kernel_start_for_stage_morph...
Compiling module xil_defaultlib.top_kernel
Compiling module xil_defaultlib.misc_interface_default
Compiling module xil_defaultlib.axi_if(ADDR_WIDTH=64,STRB_WIDTH=...
Compiling module xil_defaultlib.axi_if(ADDR_WIDTH=6,STRB_WIDTH=4...
Compiling module xil_defaultlib.sv_module_top
Compiling module xil_defaultlib.AESL_deadlock_detect_unit(PROC_N...
Compiling module xil_defaultlib.AESL_deadlock_detect_unit(PROC_N...
Compiling module xil_defaultlib.AESL_deadlock_detect_unit(PROC_N...
Compiling module xil_defaultlib.AESL_deadlock_detect_unit(PROC_N...
Compiling module xil_defaultlib.AESL_deadlock_detect_unit(PROC_N...
Compiling module xil_defaultlib.AESL_deadlock_detect_unit(PROC_N...
Compiling module xil_defaultlib.AESL_deadlock_report_unit(PROC_N...
Compiling module xil_defaultlib.AESL_deadlock_detector_2
Compiling module xil_defaultlib.df_fifo_intf_default
Compiling module xil_defaultlib.df_process_intf_default
Compiling module xil_defaultlib.nodf_module_intf_default
Compiling module xil_defaultlib.upc_loop_intf(FSM_WIDTH=1)
Compiling module xil_defaultlib.dataflow_monitor_1
Compiling module xil_defaultlib.apatb_top_kernel_top
Compiling module xil_defaultlib.glbl
Built simulation snapshot top_kernel
