

================================================================
== Vitis HLS Report for 'k1_contrast'
================================================================
* Date:           Sat Mar 28 22:53:00 2026

* Version:        2025.1.1 (Build 6214317 on Sep 11 2025)
* Project:        project_1
* Solution:       hls (Vivado IP Flow Target)
* Product family: zynquplus
* Target device:  xczu3eg-sbva484-1-e


================================================================
== Performance Estimates
================================================================
+ Timing: 
    * Summary: 
    +--------+----------+----------+------------+
    |  Clock |  Target  | Estimated| Uncertainty|
    +--------+----------+----------+------------+
    |ap_clk  |  10.00 ns|  6.744 ns|     2.70 ns|
    +--------+----------+----------+------------+

+ Latency: 
    * Summary: 
    +---------+---------+----------+----------+-------+-------+------------------------------------------------+
    |  Latency (cycles) |  Latency (absolute) |    Interval   |                    Pipeline                    |
    |   min   |   max   |    min   |    max   |  min  |  max  |                      Type                      |
    +---------+---------+----------+----------+-------+-------+------------------------------------------------+
    |    16516|    16516|  0.165 ms|  0.165 ms|  16513|  16513|  loop auto-rewind stp (delay=0 clock cycles(s))|
    +---------+---------+----------+----------+-------+-------+------------------------------------------------+

    + Detail: 
        * Instance: 
        N/A

        * Loop: 
        +-------------------+---------+---------+----------+-----------+-----------+-------+----------+
        |                   |  Latency (cycles) | Iteration|  Initiation Interval  |  Trip |          |
        |     Loop Name     |   min   |   max   |  Latency |  achieved |   target  | Count | Pipelined|
        +-------------------+---------+---------+----------+-----------+-----------+-------+----------+
        |- VITIS_LOOP_10_1  |    16514|    16514|         3|          1|          1|  16513|       yes|
        +-------------------+---------+---------+----------+-----------+-----------+-------+----------+

============================================================
+ Verbose Summary: Synthesis Manager
============================================================
InlineROM: 1
ExposeGlobal: 0
============================================================
+ Verbose Summary: CDFG Model
============================================================
IsTopModel: 0
ResetActiveHigh: 1
IsCombinational: 2
IsDatapathOnly: 0
HasWiredReturn: 1
HasMFsm: 2
HasVarLatency: 1
IsPipeline: 0
IsRtlPipelined: 0
IsInstanceOverlapped: 0
IsDontTouch: 0
HasImplIP: 0
IsGatedGlobalClock: 0

+ Individual pipeline summary: 
  * Pipeline-0: initiation interval (II) = 1, depth = 3


============================================================
+ Verbose Summary: Schedule
============================================================
* Number of FSM states : 3
* Pipeline : 1
  Pipeline-0 : II = 1, D = 3, States = { 1 2 3 }
* Dataflow Pipeline: 0

* FSM state transitions: 
1 --> 2 
2 --> 3 
3 --> 

* FSM state operations: 

State 1 <SV = 0> <Delay = 3.28>
ST_1 : Operation 6 [1/1] (0.00ns)   --->   "%p_0_0_0153_290_i10 = alloca i32 1"   --->   Operation 6 'alloca' 'p_0_0_0153_290_i10' <Predicate = true> <Delay = 0.00>
ST_1 : Operation 7 [1/1] (0.00ns)   --->   "%p_0_0_0153_188_i12 = alloca i32 1"   --->   Operation 7 'alloca' 'p_0_0_0153_188_i12' <Predicate = true> <Delay = 0.00>
ST_1 : Operation 8 [1/1] (0.00ns)   --->   "%sum14 = alloca i32 1"   --->   Operation 8 'alloca' 'sum14' <Predicate = true> <Delay = 0.00>
ST_1 : Operation 9 [1/1] (0.00ns)   --->   "%i15 = alloca i32 1"   --->   Operation 9 'alloca' 'i15' <Predicate = true> <Delay = 0.00>
ST_1 : Operation 10 [1/1] (0.00ns)   --->   "%p_0_0_0153_291_i9 = alloca i32 1"   --->   Operation 10 'alloca' 'p_0_0_0153_291_i9' <Predicate = true> <Delay = 0.00>
ST_1 : Operation 11 [1/1] (0.00ns)   --->   "%p_0_0_0153_189_i11 = alloca i32 1"   --->   Operation 11 'alloca' 'p_0_0_0153_189_i11' <Predicate = true> <Delay = 0.00>
ST_1 : Operation 12 [1/1] (0.00ns)   --->   "%sum = alloca i32 1" [top.cpp:26]   --->   Operation 12 'alloca' 'sum' <Predicate = true> <Delay = 0.00>
ST_1 : Operation 13 [1/1] (0.00ns)   --->   "%specinterface_ln0 = specinterface void @_ssdm_op_SpecInterface, i16 %s1, void @empty_4, i32 0, i32 0, void @empty_5, i32 0, i32 0, void @empty_5, void @empty_5, void @empty_5, i32 0, i32 0, i32 0, i32 0, void @empty_5, void @empty_5, i32 4294967295, i32 0, i32 0"   --->   Operation 13 'specinterface' 'specinterface_ln0' <Predicate = true> <Delay = 0.00>
ST_1 : Operation 14 [1/1] (0.00ns)   --->   "%specinterface_ln0 = specinterface void @_ssdm_op_SpecInterface, i16 %s1, void @empty_4, i32 0, i32 0, void @empty_5, i32 0, i32 0, void @empty_5, void @empty_5, void @empty_5, i32 0, i32 0, i32 0, i32 0, void @empty_5, void @empty_5, i32 4294967295, i32 0, i32 0"   --->   Operation 14 'specinterface' 'specinterface_ln0' <Predicate = true> <Delay = 0.00>
ST_1 : Operation 15 [1/1] (0.00ns)   --->   "%specinterface_ln0 = specinterface void @_ssdm_op_SpecInterface, i16 %s1, void @empty_4, i32 0, i32 0, void @empty_5, i32 0, i32 0, void @empty_5, void @empty_5, void @empty_5, i32 0, i32 0, i32 0, i32 0, void @empty_5, void @empty_5, i32 4294967295, i32 0, i32 0"   --->   Operation 15 'specinterface' 'specinterface_ln0' <Predicate = true> <Delay = 0.00>
ST_1 : Operation 16 [1/1] (0.00ns)   --->   "%specinterface_ln0 = specinterface void @_ssdm_op_SpecInterface, i16 %s1, void @empty_4, i32 0, i32 0, void @empty_5, i32 0, i32 0, void @empty_5, void @empty_5, void @empty_5, i32 0, i32 0, i32 0, i32 0, void @empty_5, void @empty_5, i32 4294967295, i32 0, i32 0"   --->   Operation 16 'specinterface' 'specinterface_ln0' <Predicate = true> <Delay = 0.00>
ST_1 : Operation 17 [1/1] (0.00ns)   --->   "%specinterface_ln0 = specinterface void @_ssdm_op_SpecInterface, i16 %in_stream, void @empty_4, i32 0, i32 0, void @empty_5, i32 0, i32 0, void @empty_5, void @empty_5, void @empty_5, i32 0, i32 0, i32 0, i32 0, void @empty_5, void @empty_5, i32 4294967295, i32 0, i32 0"   --->   Operation 17 'specinterface' 'specinterface_ln0' <Predicate = true> <Delay = 0.00>
ST_1 : Operation 18 [1/1] (0.48ns)   --->   "%store_ln0 = store i15 0, i15 %i15"   --->   Operation 18 'store' 'store_ln0' <Predicate = true> <Delay = 0.48>
ST_1 : Operation 19 [1/1] (0.00ns)   --->   "%br_ln10 = br void %for.body.split.i" [top.cpp:10]   --->   Operation 19 'br' 'br_ln10' <Predicate = true> <Delay = 0.00>
ST_1 : Operation 20 [1/1] (0.00ns)   --->   "%i15_load = load i15 %i15" [top.cpp:10]   --->   Operation 20 'load' 'i15_load' <Predicate = true> <Delay = 0.00>
ST_1 : Operation 21 [1/1] (0.00ns)   --->   "%trunc_ln10 = trunc i15 %i15_load" [top.cpp:10]   --->   Operation 21 'trunc' 'trunc_ln10' <Predicate = true> <Delay = 0.00>
ST_1 : Operation 22 [1/1] (0.00ns)   --->   "%trunc_ln10_1 = trunc i15 %i15_load" [top.cpp:10]   --->   Operation 22 'trunc' 'trunc_ln10_1' <Predicate = true> <Delay = 0.00>
ST_1 : Operation 23 [1/1] (0.00ns)   --->   "%tmp_6 = bitselect i1 @_ssdm_op_BitSelect.i1.i15.i32, i15 %i15_load, i32 14" [top.cpp:12]   --->   Operation 23 'bitselect' 'tmp_6' <Predicate = true> <Delay = 0.00>
ST_1 : Operation 24 [1/1] (1.00ns)   --->   "%i = add i15 %i15_load, i15 1" [top.cpp:10]   --->   Operation 24 'add' 'i' <Predicate = true> <Delay = 1.00> <CoreInst = "Adder">   --->   Core 1 'Adder' <Latency = 0> <II = 1> <Delay = 1.00> <FuncUnit> <Opcode : 'add' 'sub'> <InPorts = 2> <OutPorts = 1>
ST_1 : Operation 25 [1/1] (0.48ns)   --->   "%br_ln12 = br i1 %tmp_6, void %cond.true.i, void %for.inc.i" [top.cpp:12]   --->   Operation 25 'br' 'br_ln12' <Predicate = true> <Delay = 0.48>
ST_1 : Operation 26 [1/1] (0.48ns)   --->   "%br_ln12 = br void %for.inc.i" [top.cpp:12]   --->   Operation 26 'br' 'br_ln12' <Predicate = (!tmp_6)> <Delay = 0.48>
ST_1 : Operation 27 [1/1] (0.00ns)   --->   "%zext_ln17 = zext i7 %trunc_ln10_1" [top.cpp:17]   --->   Operation 27 'zext' 'zext_ln17' <Predicate = true> <Delay = 0.00>
ST_1 : Operation 28 [1/1] (0.00ns)   --->   "%k1_contrast_stream_ap_fixed_0_stream_ap_fixed_16_8_5_3_0_0_lb_1_addr = getelementptr i16 %k1_contrast_stream_ap_fixed_0_stream_ap_fixed_16_8_5_3_0_0_lb_1, i64 0, i64 %zext_ln17" [top.cpp:17]   --->   Operation 28 'getelementptr' 'k1_contrast_stream_ap_fixed_0_stream_ap_fixed_16_8_5_3_0_0_lb_1_addr' <Predicate = true> <Delay = 0.00>
ST_1 : Operation 29 [2/2] (1.35ns)   --->   "%k1_contrast_stream_ap_fixed_0_stream_ap_fixed_16_8_5_3_0_0_lb_1_load = load i7 %k1_contrast_stream_ap_fixed_0_stream_ap_fixed_16_8_5_3_0_0_lb_1_addr" [top.cpp:17]   --->   Operation 29 'load' 'k1_contrast_stream_ap_fixed_0_stream_ap_fixed_16_8_5_3_0_0_lb_1_load' <Predicate = true> <Delay = 1.35> <CoreInst = "RAM">   --->   Core 82 'RAM' <Latency = 1> <II = 1> <Delay = 1.35> <Storage> <Opcode : 'load' 'store'> <Ports = 2> <Width = 16> <Depth = 128> <RAM>
ST_1 : Operation 30 [1/1] (0.00ns)   --->   "%k1_contrast_stream_ap_fixed_0_stream_ap_fixed_16_8_5_3_0_0_lb_addr = getelementptr i16 %k1_contrast_stream_ap_fixed_0_stream_ap_fixed_16_8_5_3_0_0_lb, i64 0, i64 %zext_ln17" [top.cpp:17]   --->   Operation 30 'getelementptr' 'k1_contrast_stream_ap_fixed_0_stream_ap_fixed_16_8_5_3_0_0_lb_addr' <Predicate = true> <Delay = 0.00>
ST_1 : Operation 31 [2/2] (1.35ns)   --->   "%k1_contrast_stream_ap_fixed_0_stream_ap_fixed_16_8_5_3_0_0_lb_load = load i7 %k1_contrast_stream_ap_fixed_0_stream_ap_fixed_16_8_5_3_0_0_lb_addr" [top.cpp:17]   --->   Operation 31 'load' 'k1_contrast_stream_ap_fixed_0_stream_ap_fixed_16_8_5_3_0_0_lb_load' <Predicate = true> <Delay = 1.35> <CoreInst = "RAM">   --->   Core 82 'RAM' <Latency = 1> <II = 1> <Delay = 1.35> <Storage> <Opcode : 'load' 'store'> <Ports = 2> <Width = 16> <Depth = 128> <RAM>
ST_1 : Operation 32 [1/1] (1.00ns)   --->   "%icmp_ln20 = icmp_ugt  i15 %i15_load, i15 128" [top.cpp:20]   --->   Operation 32 'icmp' 'icmp_ln20' <Predicate = true> <Delay = 1.00> <CoreInst = "Cmp">   --->   Core 9 'Cmp' <Latency = 0> <II = 1> <Delay = 1.00> <FuncUnit> <Opcode : 'seteq' 'setne' 'setle' 'setge' 'setlt' 'setgt'> <InPorts = 2> <OutPorts = 1>
ST_1 : Operation 33 [1/1] (0.00ns)   --->   "%br_ln20 = br i1 %icmp_ln20, void %for.inc72.i, void %if.then.i_ifconv" [top.cpp:20]   --->   Operation 33 'br' 'br_ln20' <Predicate = true> <Delay = 0.00>
ST_1 : Operation 34 [1/1] (0.98ns)   --->   "%add_ln21 = add i14 %trunc_ln10, i14 16255" [top.cpp:21]   --->   Operation 34 'add' 'add_ln21' <Predicate = (icmp_ln20)> <Delay = 0.98> <CoreInst = "Adder">   --->   Core 1 'Adder' <Latency = 0> <II = 1> <Delay = 0.98> <FuncUnit> <Opcode : 'add' 'sub'> <InPorts = 2> <OutPorts = 1>
ST_1 : Operation 35 [1/1] (0.00ns)   --->   "%c = trunc i14 %add_ln21" [top.cpp:21]   --->   Operation 35 'trunc' 'c' <Predicate = (icmp_ln20)> <Delay = 0.00>
ST_1 : Operation 36 [1/1] (0.00ns)   --->   "%tmp = partselect i7 @_ssdm_op_PartSelect.i7.i14.i32.i32, i14 %add_ln21, i32 7, i32 13" [top.cpp:22]   --->   Operation 36 'partselect' 'tmp' <Predicate = (icmp_ln20)> <Delay = 0.00>
ST_1 : Operation 37 [1/1] (0.00ns)   --->   "%zext_ln22_1 = zext i7 %tmp" [top.cpp:22]   --->   Operation 37 'zext' 'zext_ln22_1' <Predicate = (icmp_ln20)> <Delay = 0.00>
ST_1 : Operation 38 [1/1] (0.00ns)   --->   "%zext_ln22 = zext i7 %c" [top.cpp:22]   --->   Operation 38 'zext' 'zext_ln22' <Predicate = (icmp_ln20)> <Delay = 0.00>
ST_1 : Operation 39 [1/1] (0.89ns)   --->   "%add_ln25 = add i8 %zext_ln22_1, i8 255" [top.cpp:25]   --->   Operation 39 'add' 'add_ln25' <Predicate = (icmp_ln20)> <Delay = 0.89> <CoreInst = "Adder">   --->   Core 1 'Adder' <Latency = 0> <II = 1> <Delay = 0.89> <FuncUnit> <Opcode : 'add' 'sub'> <InPorts = 2> <OutPorts = 1>
ST_1 : Operation 40 [1/1] (0.90ns)   --->   "%icmp_ln25 = icmp_ult  i8 %add_ln25, i8 126" [top.cpp:25]   --->   Operation 40 'icmp' 'icmp_ln25' <Predicate = (icmp_ln20)> <Delay = 0.90> <CoreInst = "Cmp">   --->   Core 9 'Cmp' <Latency = 0> <II = 1> <Delay = 0.90> <FuncUnit> <Opcode : 'seteq' 'setne' 'setle' 'setge' 'setlt' 'setgt'> <InPorts = 2> <OutPorts = 1>
ST_1 : Operation 41 [1/1] (0.89ns)   --->   "%add_ln25_1 = add i8 %zext_ln22, i8 255" [top.cpp:25]   --->   Operation 41 'add' 'add_ln25_1' <Predicate = (icmp_ln20)> <Delay = 0.89> <CoreInst = "Adder">   --->   Core 1 'Adder' <Latency = 0> <II = 1> <Delay = 0.89> <FuncUnit> <Opcode : 'add' 'sub'> <InPorts = 2> <OutPorts = 1>
ST_1 : Operation 42 [1/1] (0.90ns)   --->   "%icmp_ln25_1 = icmp_ult  i8 %add_ln25_1, i8 126" [top.cpp:25]   --->   Operation 42 'icmp' 'icmp_ln25_1' <Predicate = (icmp_ln20)> <Delay = 0.90> <CoreInst = "Cmp">   --->   Core 9 'Cmp' <Latency = 0> <II = 1> <Delay = 0.90> <FuncUnit> <Opcode : 'seteq' 'setne' 'setle' 'setge' 'setlt' 'setgt'> <InPorts = 2> <OutPorts = 1>
ST_1 : Operation 43 [1/1] (1.00ns)   --->   "%icmp_ln10 = icmp_eq  i15 %i15_load, i15 16512" [top.cpp:10]   --->   Operation 43 'icmp' 'icmp_ln10' <Predicate = true> <Delay = 1.00> <CoreInst = "Cmp">   --->   Core 9 'Cmp' <Latency = 0> <II = 1> <Delay = 1.00> <FuncUnit> <Opcode : 'seteq' 'setne' 'setle' 'setge' 'setlt' 'setgt'> <InPorts = 2> <OutPorts = 1>
ST_1 : Operation 44 [1/1] (0.48ns)   --->   "%store_ln10 = store i15 %i, i15 %i15" [top.cpp:10]   --->   Operation 44 'store' 'store_ln10' <Predicate = true> <Delay = 0.48>
ST_1 : Operation 45 [1/1] (0.00ns)   --->   "%br_ln10 = br i1 %icmp_ln10, void %for.body.split.i, void %k1_contrast.exit" [top.cpp:10]   --->   Operation 45 'br' 'br_ln10' <Predicate = true> <Delay = 0.00>

State 2 <SV = 1> <Delay = 6.74>
ST_2 : Operation 46 [1/1] (0.00ns)   --->   "%p_0_0_0153_291_i9_load = load i16 %p_0_0_0153_291_i9" [top.cpp:28]   --->   Operation 46 'load' 'p_0_0_0153_291_i9_load' <Predicate = true> <Delay = 0.00>
ST_2 : Operation 47 [1/1] (0.00ns)   --->   "%p_0_0_0153_189_i11_load = load i16 %p_0_0_0153_189_i11" [top.cpp:28]   --->   Operation 47 'load' 'p_0_0_0153_189_i11_load' <Predicate = true> <Delay = 0.00>
ST_2 : Operation 48 [1/1] (0.00ns)   --->   "%sum_1 = load i16 %sum" [top.cpp:28]   --->   Operation 48 'load' 'sum_1' <Predicate = true> <Delay = 0.00>
ST_2 : Operation 49 [1/1] (0.00ns)   --->   "%specpipeline_ln11 = specpipeline void @_ssdm_op_SpecPipeline, i32 1, i32 0, i32 0, i32 0, void @empty_5" [top.cpp:11]   --->   Operation 49 'specpipeline' 'specpipeline_ln11' <Predicate = true> <Delay = 0.00>
ST_2 : Operation 50 [1/1] (0.00ns)   --->   "%speclooptripcount_ln10 = speclooptripcount void @_ssdm_op_SpecLoopTripCount, i64 16513, i64 16513, i64 16513" [top.cpp:10]   --->   Operation 50 'speclooptripcount' 'speclooptripcount_ln10' <Predicate = true> <Delay = 0.00>
ST_2 : Operation 51 [1/1] (0.00ns)   --->   "%specloopname_ln10 = specloopname void @_ssdm_op_SpecLoopName, void @empty_11" [top.cpp:10]   --->   Operation 51 'specloopname' 'specloopname_ln10' <Predicate = true> <Delay = 0.00>
ST_2 : Operation 52 [1/1] ( I:2.16ns O:2.16ns )   --->   "%val = read i16 @_ssdm_op_Read.ap_fifo.volatile.i16P0A, i16 %in_stream" [top.cpp:12]   --->   Operation 52 'read' 'val' <Predicate = (!tmp_6)> <Delay = 2.16> <CoreInst = "FIFO_SRL">   --->   Core 80 'FIFO_SRL' <Latency = 0> <II = 1> <Delay = 2.16> <Storage> <Opcode : 'read' 'write' 'nbread' 'nbwrite'> <Ports = 0> <Width = 16> <Depth = 2> <FIFO>
ST_2 : Operation 53 [1/1] (0.00ns)   --->   "%val_5 = phi i16 %val, void %cond.true.i, i16 0, void %for.body.split.i"   --->   Operation 53 'phi' 'val_5' <Predicate = true> <Delay = 0.00>
ST_2 : Operation 54 [1/2] ( I:1.35ns O:1.35ns )   --->   "%k1_contrast_stream_ap_fixed_0_stream_ap_fixed_16_8_5_3_0_0_lb_1_load = load i7 %k1_contrast_stream_ap_fixed_0_stream_ap_fixed_16_8_5_3_0_0_lb_1_addr" [top.cpp:17]   --->   Operation 54 'load' 'k1_contrast_stream_ap_fixed_0_stream_ap_fixed_16_8_5_3_0_0_lb_1_load' <Predicate = true> <Delay = 1.35> <CoreInst = "RAM">   --->   Core 82 'RAM' <Latency = 1> <II = 1> <Delay = 1.35> <Storage> <Opcode : 'load' 'store'> <Ports = 2> <Width = 16> <Depth = 128> <RAM>
ST_2 : Operation 55 [1/2] ( I:1.35ns O:1.35ns )   --->   "%k1_contrast_stream_ap_fixed_0_stream_ap_fixed_16_8_5_3_0_0_lb_load = load i7 %k1_contrast_stream_ap_fixed_0_stream_ap_fixed_16_8_5_3_0_0_lb_addr" [top.cpp:17]   --->   Operation 55 'load' 'k1_contrast_stream_ap_fixed_0_stream_ap_fixed_16_8_5_3_0_0_lb_load' <Predicate = true> <Delay = 1.35> <CoreInst = "RAM">   --->   Core 82 'RAM' <Latency = 1> <II = 1> <Delay = 1.35> <Storage> <Opcode : 'load' 'store'> <Ports = 2> <Width = 16> <Depth = 128> <RAM>
ST_2 : Operation 56 [1/1] ( I:1.35ns O:1.35ns )   --->   "%store_ln18 = store i16 %k1_contrast_stream_ap_fixed_0_stream_ap_fixed_16_8_5_3_0_0_lb_load, i7 %k1_contrast_stream_ap_fixed_0_stream_ap_fixed_16_8_5_3_0_0_lb_1_addr" [top.cpp:18]   --->   Operation 56 'store' 'store_ln18' <Predicate = true> <Delay = 1.35> <CoreInst = "RAM">   --->   Core 82 'RAM' <Latency = 1> <II = 1> <Delay = 1.35> <Storage> <Opcode : 'load' 'store'> <Ports = 2> <Width = 16> <Depth = 128> <RAM>
ST_2 : Operation 57 [1/1] ( I:1.35ns O:1.35ns )   --->   "%store_ln18 = store i16 %val_5, i7 %k1_contrast_stream_ap_fixed_0_stream_ap_fixed_16_8_5_3_0_0_lb_addr" [top.cpp:18]   --->   Operation 57 'store' 'store_ln18' <Predicate = true> <Delay = 1.35> <CoreInst = "RAM">   --->   Core 82 'RAM' <Latency = 1> <II = 1> <Delay = 1.35> <Storage> <Opcode : 'load' 'store'> <Ports = 2> <Width = 16> <Depth = 128> <RAM>
ST_2 : Operation 58 [1/1] (0.00ns)   --->   "%p_0_0_0153_290_i10_load = load i16 %p_0_0_0153_290_i10" [top.cpp:28]   --->   Operation 58 'load' 'p_0_0_0153_290_i10_load' <Predicate = (icmp_ln20)> <Delay = 0.00>
ST_2 : Operation 59 [1/1] (0.00ns)   --->   "%p_0_0_0153_188_i12_load = load i16 %p_0_0_0153_188_i12" [top.cpp:28]   --->   Operation 59 'load' 'p_0_0_0153_188_i12_load' <Predicate = (icmp_ln20)> <Delay = 0.00>
ST_2 : Operation 60 [1/1] (0.00ns)   --->   "%sum14_load = load i16 %sum14" [top.cpp:28]   --->   Operation 60 'load' 'sum14_load' <Predicate = (icmp_ln20)> <Delay = 0.00>
ST_2 : Operation 61 [1/1] (1.01ns)   --->   "%add_ln28 = add i16 %k1_contrast_stream_ap_fixed_0_stream_ap_fixed_16_8_5_3_0_0_lb_1_load, i16 %k1_contrast_stream_ap_fixed_0_stream_ap_fixed_16_8_5_3_0_0_lb_load" [top.cpp:28]   --->   Operation 61 'add' 'add_ln28' <Predicate = (icmp_ln20)> <Delay = 1.01> <CoreInst = "Adder">   --->   Core 1 'Adder' <Latency = 0> <II = 1> <Delay = 1.01> <FuncUnit> <Opcode : 'add' 'sub'> <InPorts = 2> <OutPorts = 1>
ST_2 : Operation 62 [1/1] (1.01ns)   --->   "%add_ln28_1 = add i16 %p_0_0_0153_290_i10_load, i16 %p_0_0_0153_291_i9_load" [top.cpp:28]   --->   Operation 62 'add' 'add_ln28_1' <Predicate = (icmp_ln20)> <Delay = 1.01> <CoreInst = "Adder">   --->   Core 1 'Adder' <Latency = 0> <II = 1> <Delay = 1.01> <FuncUnit> <Opcode : 'add' 'sub'> <InPorts = 2> <OutPorts = 1>
ST_2 : Operation 63 [1/1] (0.00ns) (grouped into TernaryAdder)   --->   "%add_ln28_2 = add i16 %add_ln28_1, i16 %add_ln28" [top.cpp:28]   --->   Operation 63 'add' 'add_ln28_2' <Predicate = (icmp_ln20)> <Delay = 0.00> <CoreInst = "TAddSub">   --->   Core 10 'TAddSub' <Latency = 0> <II = 1> <Delay = 0.41> <IPBlock> <Opcode : 'add' 'sub'> <InPorts = 3> <OutPorts = 1> <Sync> <CReg>
ST_2 : Operation 64 [1/1] (0.00ns) (grouped into TernaryAdder)   --->   "%add_ln28_3 = add i16 %p_0_0_0153_189_i11_load, i16 %p_0_0_0153_188_i12_load" [top.cpp:28]   --->   Operation 64 'add' 'add_ln28_3' <Predicate = (icmp_ln20)> <Delay = 0.00> <CoreInst = "TAddSub">   --->   Core 10 'TAddSub' <Latency = 0> <II = 1> <Delay = 0.41> <IPBlock> <Opcode : 'add' 'sub'> <InPorts = 3> <OutPorts = 1> <Sync> <CReg>
ST_2 : Operation 65 [1/1] (0.00ns) (grouped into TernaryAdder)   --->   "%add_ln28_4 = add i16 %sum14_load, i16 %val_5" [top.cpp:28]   --->   Operation 65 'add' 'add_ln28_4' <Predicate = (icmp_ln20)> <Delay = 0.00> <CoreInst = "TAddSub">   --->   Core 10 'TAddSub' <Latency = 0> <II = 1> <Delay = 0.41> <IPBlock> <Opcode : 'add' 'sub'> <InPorts = 3> <OutPorts = 1> <Sync> <CReg>
ST_2 : Operation 66 [1/1] (0.82ns) (root node of TernaryAdder)   --->   "%add_ln28_5 = add i16 %add_ln28_4, i16 %sum_1" [top.cpp:28]   --->   Operation 66 'add' 'add_ln28_5' <Predicate = (icmp_ln20)> <Delay = 0.82> <CoreInst = "TAddSub">   --->   Core 10 'TAddSub' <Latency = 0> <II = 1> <Delay = 0.41> <IPBlock> <Opcode : 'add' 'sub'> <InPorts = 3> <OutPorts = 1> <Sync> <CReg>
ST_2 : Operation 67 [1/1] (0.82ns) (root node of TernaryAdder)   --->   "%add_ln28_6 = add i16 %add_ln28_5, i16 %add_ln28_3" [top.cpp:28]   --->   Operation 67 'add' 'add_ln28_6' <Predicate = (icmp_ln20)> <Delay = 0.82> <CoreInst = "TAddSub">   --->   Core 10 'TAddSub' <Latency = 0> <II = 1> <Delay = 0.41> <IPBlock> <Opcode : 'add' 'sub'> <InPorts = 3> <OutPorts = 1> <Sync> <CReg>
ST_2 : Operation 68 [1/1] (0.82ns) (root node of TernaryAdder)   --->   "%add_ln28_7 = add i16 %add_ln28_6, i16 %add_ln28_2" [top.cpp:28]   --->   Operation 68 'add' 'add_ln28_7' <Predicate = (icmp_ln20)> <Delay = 0.82> <CoreInst = "TAddSub">   --->   Core 10 'TAddSub' <Latency = 0> <II = 1> <Delay = 0.41> <IPBlock> <Opcode : 'add' 'sub'> <InPorts = 3> <OutPorts = 1> <Sync> <CReg>
ST_2 : Operation 69 [1/1] (0.00ns)   --->   "%tmp_7 = bitconcatenate i21 @_ssdm_op_BitConcatenate.i21.i16.i5, i16 %add_ln28_7, i5 0" [top.cpp:29]   --->   Operation 69 'bitconcatenate' 'tmp_7' <Predicate = (icmp_ln20)> <Delay = 0.00>
ST_2 : Operation 70 [1/1] (0.00ns)   --->   "%sext_ln29 = sext i21 %tmp_7" [top.cpp:29]   --->   Operation 70 'sext' 'sext_ln29' <Predicate = (icmp_ln20)> <Delay = 0.00>
ST_2 : Operation 71 [1/1] (0.00ns)   --->   "%tmp_8 = bitconcatenate i18 @_ssdm_op_BitConcatenate.i18.i16.i2, i16 %add_ln28_7, i2 0" [top.cpp:29]   --->   Operation 71 'bitconcatenate' 'tmp_8' <Predicate = (icmp_ln20)> <Delay = 0.00>
ST_2 : Operation 72 [1/1] (0.00ns)   --->   "%sext_ln29_2 = sext i18 %tmp_8" [top.cpp:29]   --->   Operation 72 'sext' 'sext_ln29_2' <Predicate = (icmp_ln20)> <Delay = 0.00>
ST_2 : Operation 73 [1/1] (1.07ns)   --->   "%sub_ln29 = sub i22 %sext_ln29, i22 %sext_ln29_2" [top.cpp:29]   --->   Operation 73 'sub' 'sub_ln29' <Predicate = (icmp_ln20)> <Delay = 1.07> <CoreInst = "Adder">   --->   Core 1 'Adder' <Latency = 0> <II = 1> <Delay = 1.07> <FuncUnit> <Opcode : 'add' 'sub'> <InPorts = 2> <OutPorts = 1>
ST_2 : Operation 74 [1/1] (0.00ns)   --->   "%trunc_ln2 = partselect i14 @_ssdm_op_PartSelect.i14.i22.i32.i32, i22 %sub_ln29, i32 8, i32 21" [top.cpp:29]   --->   Operation 74 'partselect' 'trunc_ln2' <Predicate = (icmp_ln20)> <Delay = 0.00>
ST_2 : Operation 75 [1/1] (0.00ns)   --->   "%sext_ln29_1 = sext i14 %trunc_ln2" [top.cpp:29]   --->   Operation 75 'sext' 'sext_ln29_1' <Predicate = (icmp_ln20)> <Delay = 0.00>
ST_2 : Operation 76 [1/1] (1.01ns)   --->   "%res = sub i16 %p_0_0_0153_189_i11_load, i16 %sext_ln29_1" [top.cpp:29]   --->   Operation 76 'sub' 'res' <Predicate = (icmp_ln20)> <Delay = 1.01> <CoreInst = "Adder">   --->   Core 1 'Adder' <Latency = 0> <II = 1> <Delay = 1.01> <FuncUnit> <Opcode : 'add' 'sub'> <InPorts = 2> <OutPorts = 1>
ST_2 : Operation 77 [1/1] (0.00ns)   --->   "%store_ln26 = store i16 %k1_contrast_stream_ap_fixed_0_stream_ap_fixed_16_8_5_3_0_0_lb_1_load, i16 %sum" [top.cpp:26]   --->   Operation 77 'store' 'store_ln26' <Predicate = true> <Delay = 0.00>
ST_2 : Operation 78 [1/1] (0.00ns)   --->   "%store_ln17 = store i16 %k1_contrast_stream_ap_fixed_0_stream_ap_fixed_16_8_5_3_0_0_lb_load, i16 %p_0_0_0153_189_i11" [top.cpp:17]   --->   Operation 78 'store' 'store_ln17' <Predicate = true> <Delay = 0.00>
ST_2 : Operation 79 [1/1] (0.00ns)   --->   "%store_ln12 = store i16 %val_5, i16 %p_0_0_0153_291_i9" [top.cpp:12]   --->   Operation 79 'store' 'store_ln12' <Predicate = true> <Delay = 0.00>
ST_2 : Operation 80 [1/1] (0.00ns)   --->   "%store_ln28 = store i16 %sum_1, i16 %sum14" [top.cpp:28]   --->   Operation 80 'store' 'store_ln28' <Predicate = true> <Delay = 0.00>
ST_2 : Operation 81 [1/1] (0.00ns)   --->   "%store_ln28 = store i16 %p_0_0_0153_189_i11_load, i16 %p_0_0_0153_188_i12" [top.cpp:28]   --->   Operation 81 'store' 'store_ln28' <Predicate = true> <Delay = 0.00>
ST_2 : Operation 82 [1/1] (0.00ns)   --->   "%store_ln28 = store i16 %p_0_0_0153_291_i9_load, i16 %p_0_0_0153_290_i10" [top.cpp:28]   --->   Operation 82 'store' 'store_ln28' <Predicate = true> <Delay = 0.00>

State 3 <SV = 2> <Delay = 2.28>
ST_3 : Operation 83 [1/1] (0.00ns) (grouped into LUT with out node res_1)   --->   "%and_ln25 = and i1 %icmp_ln25_1, i1 %icmp_ln25" [top.cpp:25]   --->   Operation 83 'and' 'and_ln25' <Predicate = (icmp_ln20)> <Delay = 0.00> <CoreInst = "LogicGate">   --->   Core 74 'LogicGate' <Latency = 0> <II = 1> <Delay = 0.33> <FuncUnit> <Opcode : 'and' 'or' 'xor'> <InPorts = 2> <OutPorts = 1>
ST_3 : Operation 84 [1/1] (0.42ns) (out node of the LUT)   --->   "%res_1 = select i1 %and_ln25, i16 %res, i16 0" [top.cpp:25]   --->   Operation 84 'select' 'res_1' <Predicate = (icmp_ln20)> <Delay = 0.42> <CoreInst = "Sel">   --->   Core 73 'Sel' <Latency = 0> <II = 1> <Delay = 0.42> <FuncUnit> <Opcode : 'select'> <InPorts = 3> <OutPorts = 1>
ST_3 : Operation 85 [1/1] ( I:1.86ns O:1.86ns )   --->   "%write_ln31 = write void @_ssdm_op_Write.ap_fifo.volatile.i16P0A, i16 %s1, i16 %res_1" [top.cpp:31]   --->   Operation 85 'write' 'write_ln31' <Predicate = (icmp_ln20)> <Delay = 1.86> <CoreInst = "FIFO">   --->   Core 77 'FIFO' <Latency = 0> <II = 1> <Delay = 1.86> <Storage> <Opcode : 'read' 'write' 'nbread' 'nbwrite'> <Ports = 0> <Width = 16> <Depth = 256> <FIFO>
ST_3 : Operation 86 [1/1] (0.00ns)   --->   "%br_ln32 = br void %for.inc72.i" [top.cpp:32]   --->   Operation 86 'br' 'br_ln32' <Predicate = (icmp_ln20)> <Delay = 0.00>
ST_3 : Operation 87 [1/1] (0.48ns)   --->   "%ret_ln0 = ret"   --->   Operation 87 'ret' 'ret_ln0' <Predicate = (icmp_ln10)> <Delay = 0.48>


============================================================
+ Verbose Summary: Timing violations
============================================================
Target clock period: 10.000ns, clock uncertainty: 2.700ns.

 <State 1>: 3.282ns
The critical path consists of the following:
	'store' operation 0 bit ('store_ln0') of constant 0 on local variable 'i15' [17]  (0.489 ns)
	'load' operation 15 bit ('i15_load', top.cpp:10) on local variable 'i15' [20]  (0.000 ns)
	'add' operation 14 bit ('add_ln21', top.cpp:21) [50]  (0.989 ns)
	'add' operation 8 bit ('add_ln25', top.cpp:25) [55]  (0.897 ns)
	'icmp' operation 1 bit ('icmp_ln25', top.cpp:25) [56]  (0.907 ns)

 <State 2>: 6.744ns
The critical path consists of the following:
	fifo read operation ('val', top.cpp:12) on port 'in_stream' (top.cpp:12) [33]  (2.167 ns)
	'phi' operation 16 bit ('val') with incoming values : ('val', top.cpp:12) [36]  (0.000 ns)
	'add' operation 16 bit ('add_ln28_4', top.cpp:28) [64]  (0.000 ns)
	'add' operation 16 bit ('add_ln28_5', top.cpp:28) [65]  (0.829 ns)
	'add' operation 16 bit ('add_ln28_6', top.cpp:28) [66]  (0.829 ns)
	'add' operation 16 bit ('add_ln28_7', top.cpp:28) [67]  (0.829 ns)
	'sub' operation 22 bit ('sub_ln29', top.cpp:29) [72]  (1.074 ns)
	'sub' operation 16 bit ('res', top.cpp:29) [75]  (1.016 ns)

 <State 3>: 2.284ns
The critical path consists of the following:
	'and' operation 1 bit ('and_ln25', top.cpp:25) [59]  (0.000 ns)
	'select' operation 16 bit ('res', top.cpp:25) [76]  (0.420 ns)
	fifo write operation ('write_ln31', top.cpp:31) on port 's1' (top.cpp:31) [77]  (1.864 ns)


============================================================
+ Verbose Summary: Binding
============================================================
N/A
* FSMD analyzer results:
  - Output states:
 - Input state : 
  - Chain level:
	State 1
	State 2
	State 3


============================================================
+ Verbose Summary: Datapath Resource usage 
============================================================
N/A
