

================================================================
== Vitis HLS Report for 'k2_erosion'
================================================================
* Date:           Sat Mar 28 22:53:00 2026

* Version:        2025.1.1 (Build 6214317 on Sep 11 2025)
* Project:        project_1
* Solution:       hls (Vivado IP Flow Target)
* Product family: zynquplus
* Target device:  xczu3eg-sbva484-1-e


================================================================
== Performance Estimates
================================================================
+ Timing: 
    * Summary: 
    +--------+----------+----------+------------+
    |  Clock |  Target  | Estimated| Uncertainty|
    +--------+----------+----------+------------+
    |ap_clk  |  10.00 ns|  7.180 ns|     2.70 ns|
    +--------+----------+----------+------------+

+ Latency: 
    * Summary: 
    +---------+---------+----------+----------+-------+-------+------------------------------------------------+
    |  Latency (cycles) |  Latency (absolute) |    Interval   |                    Pipeline                    |
    |   min   |   max   |    min   |    max   |  min  |  max  |                      Type                      |
    +---------+---------+----------+----------+-------+-------+------------------------------------------------+
    |    16649|    16649|  0.166 ms|  0.166 ms|  16642|  16642|  loop auto-rewind stp (delay=0 clock cycles(s))|
    +---------+---------+----------+----------+-------+-------+------------------------------------------------+

    + Detail: 
        * Instance: 
        N/A

        * Loop: 
        +-------------------+---------+---------+----------+-----------+-----------+-------+----------+
        |                   |  Latency (cycles) | Iteration|  Initiation Interval  |  Trip |          |
        |     Loop Name     |   min   |   max   |  Latency |  achieved |   target  | Count | Pipelined|
        +-------------------+---------+---------+----------+-----------+-----------+-------+----------+
        |- VITIS_LOOP_43_1  |    16647|    16647|         7|          1|          1|  16642|       yes|
        +-------------------+---------+---------+----------+-----------+-----------+-------+----------+

============================================================
+ Verbose Summary: Synthesis Manager
============================================================
InlineROM: 1
ExposeGlobal: 0
============================================================
+ Verbose Summary: CDFG Model
============================================================
IsTopModel: 0
ResetActiveHigh: 1
IsCombinational: 2
IsDatapathOnly: 0
HasWiredReturn: 1
HasMFsm: 2
HasVarLatency: 1
IsPipeline: 0
IsRtlPipelined: 0
IsInstanceOverlapped: 0
IsDontTouch: 0
HasImplIP: 0
IsGatedGlobalClock: 0

+ Individual pipeline summary: 
  * Pipeline-0: initiation interval (II) = 1, depth = 7


============================================================
+ Verbose Summary: Schedule
============================================================
* Number of FSM states : 7
* Pipeline : 1
  Pipeline-0 : II = 1, D = 7, States = { 1 2 3 4 5 6 7 }
* Dataflow Pipeline: 0

* FSM state transitions: 
1 --> 2 
2 --> 3 
3 --> 4 
4 --> 5 
5 --> 6 
6 --> 7 
7 --> 

* FSM state operations: 

State 1 <SV = 0> <Delay = 2.82>
ST_1 : Operation 10 [1/1] (0.00ns)   --->   "%min_v = alloca i32 1" [top.cpp:57]   --->   Operation 10 'alloca' 'min_v' <Predicate = true> <Delay = 0.00>
ST_1 : Operation 11 [1/1] (0.00ns)   --->   "%min_v_4024 = alloca i32 1"   --->   Operation 11 'alloca' 'min_v_4024' <Predicate = true> <Delay = 0.00>
ST_1 : Operation 12 [1/1] (0.00ns)   --->   "%min_v_2 = alloca i32 1" [top.cpp:57]   --->   Operation 12 'alloca' 'min_v_2' <Predicate = true> <Delay = 0.00>
ST_1 : Operation 13 [1/1] (0.00ns)   --->   "%min_v_3028 = alloca i32 1"   --->   Operation 13 'alloca' 'min_v_3028' <Predicate = true> <Delay = 0.00>
ST_1 : Operation 14 [1/1] (0.00ns)   --->   "%min_v_4 = alloca i32 1" [top.cpp:57]   --->   Operation 14 'alloca' 'min_v_4' <Predicate = true> <Delay = 0.00>
ST_1 : Operation 15 [1/1] (0.00ns)   --->   "%min_v_2032 = alloca i32 1"   --->   Operation 15 'alloca' 'min_v_2032' <Predicate = true> <Delay = 0.00>
ST_1 : Operation 16 [1/1] (0.00ns)   --->   "%min_v_6 = alloca i32 1" [top.cpp:57]   --->   Operation 16 'alloca' 'min_v_6' <Predicate = true> <Delay = 0.00>
ST_1 : Operation 17 [1/1] (0.00ns)   --->   "%min_v_1036 = alloca i32 1"   --->   Operation 17 'alloca' 'min_v_1036' <Predicate = true> <Delay = 0.00>
ST_1 : Operation 18 [1/1] (0.00ns)   --->   "%min_v_10 = alloca i32 1" [top.cpp:57]   --->   Operation 18 'alloca' 'min_v_10' <Predicate = true> <Delay = 0.00>
ST_1 : Operation 19 [1/1] (0.00ns)   --->   "%min_v40 = alloca i32 1"   --->   Operation 19 'alloca' 'min_v40' <Predicate = true> <Delay = 0.00>
ST_1 : Operation 20 [1/1] (0.00ns)   --->   "%i41 = alloca i32 1"   --->   Operation 20 'alloca' 'i41' <Predicate = true> <Delay = 0.00>
ST_1 : Operation 21 [1/1] (0.00ns)   --->   "%min_v_12 = alloca i32 1" [top.cpp:57]   --->   Operation 21 'alloca' 'min_v_12' <Predicate = true> <Delay = 0.00>
ST_1 : Operation 22 [1/1] (0.00ns)   --->   "%min_v_14 = alloca i32 1" [top.cpp:57]   --->   Operation 22 'alloca' 'min_v_14' <Predicate = true> <Delay = 0.00>
ST_1 : Operation 23 [1/1] (0.00ns)   --->   "%min_v_16 = alloca i32 1" [top.cpp:57]   --->   Operation 23 'alloca' 'min_v_16' <Predicate = true> <Delay = 0.00>
ST_1 : Operation 24 [1/1] (0.00ns)   --->   "%min_v_20 = alloca i32 1" [top.cpp:57]   --->   Operation 24 'alloca' 'min_v_20' <Predicate = true> <Delay = 0.00>
ST_1 : Operation 25 [1/1] (0.00ns)   --->   "%min_v_22 = alloca i32 1" [top.cpp:57]   --->   Operation 25 'alloca' 'min_v_22' <Predicate = true> <Delay = 0.00>
ST_1 : Operation 26 [1/1] (0.00ns)   --->   "%min_v_24 = alloca i32 1" [top.cpp:57]   --->   Operation 26 'alloca' 'min_v_24' <Predicate = true> <Delay = 0.00>
ST_1 : Operation 27 [1/1] (0.00ns)   --->   "%min_v_26 = alloca i32 1" [top.cpp:57]   --->   Operation 27 'alloca' 'min_v_26' <Predicate = true> <Delay = 0.00>
ST_1 : Operation 28 [1/1] (0.00ns)   --->   "%min_v_30 = alloca i32 1" [top.cpp:57]   --->   Operation 28 'alloca' 'min_v_30' <Predicate = true> <Delay = 0.00>
ST_1 : Operation 29 [1/1] (0.00ns)   --->   "%min_v_32 = alloca i32 1" [top.cpp:57]   --->   Operation 29 'alloca' 'min_v_32' <Predicate = true> <Delay = 0.00>
ST_1 : Operation 30 [1/1] (0.00ns)   --->   "%min_v_34 = alloca i32 1" [top.cpp:57]   --->   Operation 30 'alloca' 'min_v_34' <Predicate = true> <Delay = 0.00>
ST_1 : Operation 31 [1/1] (0.00ns)   --->   "%specinterface_ln0 = specinterface void @_ssdm_op_SpecInterface, i16 %s1, void @empty_4, i32 0, i32 0, void @empty_5, i32 0, i32 0, void @empty_5, void @empty_5, void @empty_5, i32 0, i32 0, i32 0, i32 0, void @empty_5, void @empty_5, i32 4294967295, i32 0, i32 0"   --->   Operation 31 'specinterface' 'specinterface_ln0' <Predicate = true> <Delay = 0.00>
ST_1 : Operation 32 [1/1] (0.00ns)   --->   "%specinterface_ln0 = specinterface void @_ssdm_op_SpecInterface, i16 %s1, void @empty_4, i32 0, i32 0, void @empty_5, i32 0, i32 0, void @empty_5, void @empty_5, void @empty_5, i32 0, i32 0, i32 0, i32 0, void @empty_5, void @empty_5, i32 4294967295, i32 0, i32 0"   --->   Operation 32 'specinterface' 'specinterface_ln0' <Predicate = true> <Delay = 0.00>
ST_1 : Operation 33 [1/1] (0.00ns)   --->   "%specinterface_ln0 = specinterface void @_ssdm_op_SpecInterface, i16 %s1, void @empty_4, i32 0, i32 0, void @empty_5, i32 0, i32 0, void @empty_5, void @empty_5, void @empty_5, i32 0, i32 0, i32 0, i32 0, void @empty_5, void @empty_5, i32 4294967295, i32 0, i32 0"   --->   Operation 33 'specinterface' 'specinterface_ln0' <Predicate = true> <Delay = 0.00>
ST_1 : Operation 34 [1/1] (0.00ns)   --->   "%specinterface_ln0 = specinterface void @_ssdm_op_SpecInterface, i16 %s2, void @empty_4, i32 0, i32 0, void @empty_5, i32 0, i32 0, void @empty_5, void @empty_5, void @empty_5, i32 0, i32 0, i32 0, i32 0, void @empty_5, void @empty_5, i32 4294967295, i32 0, i32 0"   --->   Operation 34 'specinterface' 'specinterface_ln0' <Predicate = true> <Delay = 0.00>
ST_1 : Operation 35 [1/1] (0.00ns)   --->   "%specinterface_ln0 = specinterface void @_ssdm_op_SpecInterface, i16 %s2, void @empty_4, i32 0, i32 0, void @empty_5, i32 0, i32 0, void @empty_5, void @empty_5, void @empty_5, i32 0, i32 0, i32 0, i32 0, void @empty_5, void @empty_5, i32 4294967295, i32 0, i32 0"   --->   Operation 35 'specinterface' 'specinterface_ln0' <Predicate = true> <Delay = 0.00>
ST_1 : Operation 36 [1/1] (0.00ns)   --->   "%specinterface_ln0 = specinterface void @_ssdm_op_SpecInterface, i16 %s2, void @empty_4, i32 0, i32 0, void @empty_5, i32 0, i32 0, void @empty_5, void @empty_5, void @empty_5, i32 0, i32 0, i32 0, i32 0, void @empty_5, void @empty_5, i32 4294967295, i32 0, i32 0"   --->   Operation 36 'specinterface' 'specinterface_ln0' <Predicate = true> <Delay = 0.00>
ST_1 : Operation 37 [1/1] (0.00ns)   --->   "%specinterface_ln0 = specinterface void @_ssdm_op_SpecInterface, i16 %s2, void @empty_4, i32 0, i32 0, void @empty_5, i32 0, i32 0, void @empty_5, void @empty_5, void @empty_5, i32 0, i32 0, i32 0, i32 0, void @empty_5, void @empty_5, i32 4294967295, i32 0, i32 0"   --->   Operation 37 'specinterface' 'specinterface_ln0' <Predicate = true> <Delay = 0.00>
ST_1 : Operation 38 [1/1] (0.00ns)   --->   "%specinterface_ln0 = specinterface void @_ssdm_op_SpecInterface, i16 %s1, void @empty_4, i32 0, i32 0, void @empty_5, i32 0, i32 0, void @empty_5, void @empty_5, void @empty_5, i32 0, i32 0, i32 0, i32 0, void @empty_5, void @empty_5, i32 4294967295, i32 0, i32 0"   --->   Operation 38 'specinterface' 'specinterface_ln0' <Predicate = true> <Delay = 0.00>
ST_1 : Operation 39 [1/1] (0.48ns)   --->   "%store_ln0 = store i15 0, i15 %i41"   --->   Operation 39 'store' 'store_ln0' <Predicate = true> <Delay = 0.48>
ST_1 : Operation 40 [1/1] (0.00ns)   --->   "%br_ln43 = br void %for.body.split.i" [top.cpp:43]   --->   Operation 40 'br' 'br_ln43' <Predicate = true> <Delay = 0.00>
ST_1 : Operation 41 [1/1] (0.00ns)   --->   "%i41_load = load i15 %i41" [top.cpp:55]   --->   Operation 41 'load' 'i41_load' <Predicate = true> <Delay = 0.00>
ST_1 : Operation 42 [1/1] (0.00ns)   --->   "%trunc_ln43 = trunc i15 %i41_load" [top.cpp:43]   --->   Operation 42 'trunc' 'trunc_ln43' <Predicate = true> <Delay = 0.00>
ST_1 : Operation 43 [1/1] (0.00ns)   --->   "%tmp = bitselect i1 @_ssdm_op_BitSelect.i1.i15.i32, i15 %i41_load, i32 14" [top.cpp:45]   --->   Operation 43 'bitselect' 'tmp' <Predicate = true> <Delay = 0.00>
ST_1 : Operation 44 [1/1] (1.00ns)   --->   "%i = add i15 %i41_load, i15 1" [top.cpp:43]   --->   Operation 44 'add' 'i' <Predicate = true> <Delay = 1.00> <CoreInst = "Adder">   --->   Core 1 'Adder' <Latency = 0> <II = 1> <Delay = 1.00> <FuncUnit> <Opcode : 'add' 'sub'> <InPorts = 2> <OutPorts = 1>
ST_1 : Operation 45 [1/1] (0.48ns)   --->   "%br_ln45 = br i1 %tmp, void %cond.true.i, void %for.inc.i" [top.cpp:45]   --->   Operation 45 'br' 'br_ln45' <Predicate = true> <Delay = 0.48>
ST_1 : Operation 46 [1/1] (0.48ns)   --->   "%br_ln45 = br void %for.inc.i" [top.cpp:45]   --->   Operation 46 'br' 'br_ln45' <Predicate = (!tmp)> <Delay = 0.48>
ST_1 : Operation 47 [1/1] (0.00ns)   --->   "%zext_ln49 = zext i7 %trunc_ln43" [top.cpp:49]   --->   Operation 47 'zext' 'zext_ln49' <Predicate = true> <Delay = 0.00>
ST_1 : Operation 48 [1/1] (0.00ns)   --->   "%k2_erosion_stream_ap_fixed_0_stream_ap_fixed_16_8_5_3_0_0_lb_3_addr = getelementptr i16 %k2_erosion_stream_ap_fixed_0_stream_ap_fixed_16_8_5_3_0_0_lb_3, i64 0, i64 %zext_ln49" [top.cpp:49]   --->   Operation 48 'getelementptr' 'k2_erosion_stream_ap_fixed_0_stream_ap_fixed_16_8_5_3_0_0_lb_3_addr' <Predicate = true> <Delay = 0.00>
ST_1 : Operation 49 [2/2] (1.35ns)   --->   "%min_v_46 = load i7 %k2_erosion_stream_ap_fixed_0_stream_ap_fixed_16_8_5_3_0_0_lb_3_addr" [top.cpp:49]   --->   Operation 49 'load' 'min_v_46' <Predicate = true> <Delay = 1.35> <CoreInst = "RAM">   --->   Core 82 'RAM' <Latency = 1> <II = 1> <Delay = 1.35> <Storage> <Opcode : 'load' 'store'> <Ports = 2> <Width = 16> <Depth = 128> <RAM>
ST_1 : Operation 50 [1/1] (0.00ns)   --->   "%k2_erosion_stream_ap_fixed_0_stream_ap_fixed_16_8_5_3_0_0_lb_2_addr = getelementptr i16 %k2_erosion_stream_ap_fixed_0_stream_ap_fixed_16_8_5_3_0_0_lb_2, i64 0, i64 %zext_ln49" [top.cpp:49]   --->   Operation 50 'getelementptr' 'k2_erosion_stream_ap_fixed_0_stream_ap_fixed_16_8_5_3_0_0_lb_2_addr' <Predicate = true> <Delay = 0.00>
ST_1 : Operation 51 [2/2] (1.35ns)   --->   "%min_v_57 = load i7 %k2_erosion_stream_ap_fixed_0_stream_ap_fixed_16_8_5_3_0_0_lb_2_addr" [top.cpp:49]   --->   Operation 51 'load' 'min_v_57' <Predicate = true> <Delay = 1.35> <CoreInst = "RAM">   --->   Core 82 'RAM' <Latency = 1> <II = 1> <Delay = 1.35> <Storage> <Opcode : 'load' 'store'> <Ports = 2> <Width = 16> <Depth = 128> <RAM>
ST_1 : Operation 52 [1/1] (0.00ns)   --->   "%k2_erosion_stream_ap_fixed_0_stream_ap_fixed_16_8_5_3_0_0_lb_1_addr = getelementptr i16 %k2_erosion_stream_ap_fixed_0_stream_ap_fixed_16_8_5_3_0_0_lb_1, i64 0, i64 %zext_ln49" [top.cpp:50]   --->   Operation 52 'getelementptr' 'k2_erosion_stream_ap_fixed_0_stream_ap_fixed_16_8_5_3_0_0_lb_1_addr' <Predicate = true> <Delay = 0.00>
ST_1 : Operation 53 [2/2] (1.35ns)   --->   "%min_v_65 = load i7 %k2_erosion_stream_ap_fixed_0_stream_ap_fixed_16_8_5_3_0_0_lb_1_addr" [top.cpp:50]   --->   Operation 53 'load' 'min_v_65' <Predicate = true> <Delay = 1.35> <CoreInst = "RAM">   --->   Core 82 'RAM' <Latency = 1> <II = 1> <Delay = 1.35> <Storage> <Opcode : 'load' 'store'> <Ports = 2> <Width = 16> <Depth = 128> <RAM>
ST_1 : Operation 54 [1/1] (0.00ns)   --->   "%k2_erosion_stream_ap_fixed_0_stream_ap_fixed_16_8_5_3_0_0_lb_addr = getelementptr i16 %k2_erosion_stream_ap_fixed_0_stream_ap_fixed_16_8_5_3_0_0_lb, i64 0, i64 %zext_ln49" [top.cpp:50]   --->   Operation 54 'getelementptr' 'k2_erosion_stream_ap_fixed_0_stream_ap_fixed_16_8_5_3_0_0_lb_addr' <Predicate = true> <Delay = 0.00>
ST_1 : Operation 55 [2/2] (1.35ns)   --->   "%min_v_73 = load i7 %k2_erosion_stream_ap_fixed_0_stream_ap_fixed_16_8_5_3_0_0_lb_addr" [top.cpp:50]   --->   Operation 55 'load' 'min_v_73' <Predicate = true> <Delay = 1.35> <CoreInst = "RAM">   --->   Core 82 'RAM' <Latency = 1> <II = 1> <Delay = 1.35> <Storage> <Opcode : 'load' 'store'> <Ports = 2> <Width = 16> <Depth = 128> <RAM>
ST_1 : Operation 56 [1/1] (1.00ns)   --->   "%icmp_ln54 = icmp_ugt  i15 %i41_load, i15 257" [top.cpp:54]   --->   Operation 56 'icmp' 'icmp_ln54' <Predicate = true> <Delay = 1.00> <CoreInst = "Cmp">   --->   Core 9 'Cmp' <Latency = 0> <II = 1> <Delay = 1.00> <FuncUnit> <Opcode : 'seteq' 'setne' 'setle' 'setge' 'setlt' 'setgt'> <InPorts = 2> <OutPorts = 1>
ST_1 : Operation 57 [1/1] (0.00ns)   --->   "%br_ln54 = br i1 %icmp_ln54, void %for.inc99.i, void %if.then.i_ifconv" [top.cpp:54]   --->   Operation 57 'br' 'br_ln54' <Predicate = true> <Delay = 0.00>
ST_1 : Operation 58 [1/1] (1.00ns)   --->   "%add_ln55 = add i15 %i41_load, i15 32510" [top.cpp:55]   --->   Operation 58 'add' 'add_ln55' <Predicate = (icmp_ln54)> <Delay = 1.00> <CoreInst = "Adder">   --->   Core 1 'Adder' <Latency = 0> <II = 1> <Delay = 1.00> <FuncUnit> <Opcode : 'add' 'sub'> <InPorts = 2> <OutPorts = 1>
ST_1 : Operation 59 [1/1] (0.00ns)   --->   "%c = trunc i15 %add_ln55" [top.cpp:56]   --->   Operation 59 'trunc' 'c' <Predicate = (icmp_ln54)> <Delay = 0.00>
ST_1 : Operation 60 [1/1] (0.89ns)   --->   "%icmp_ln58 = icmp_eq  i7 %c, i7 127" [top.cpp:58]   --->   Operation 60 'icmp' 'icmp_ln58' <Predicate = (icmp_ln54)> <Delay = 0.89> <CoreInst = "Cmp">   --->   Core 9 'Cmp' <Latency = 0> <II = 1> <Delay = 0.89> <FuncUnit> <Opcode : 'seteq' 'setne' 'setle' 'setge' 'setlt' 'setgt'> <InPorts = 2> <OutPorts = 1>
ST_1 : Operation 61 [1/1] (0.89ns)   --->   "%icmp_ln58_1 = icmp_eq  i7 %c, i7 126" [top.cpp:58]   --->   Operation 61 'icmp' 'icmp_ln58_1' <Predicate = (icmp_ln54)> <Delay = 0.89> <CoreInst = "Cmp">   --->   Core 9 'Cmp' <Latency = 0> <II = 1> <Delay = 0.89> <FuncUnit> <Opcode : 'seteq' 'setne' 'setle' 'setge' 'setlt' 'setgt'> <InPorts = 2> <OutPorts = 1>
ST_1 : Operation 62 [1/1] (0.89ns)   --->   "%icmp_ln58_2 = icmp_eq  i7 %c, i7 1" [top.cpp:58]   --->   Operation 62 'icmp' 'icmp_ln58_2' <Predicate = (icmp_ln54)> <Delay = 0.89> <CoreInst = "Cmp">   --->   Core 9 'Cmp' <Latency = 0> <II = 1> <Delay = 0.89> <FuncUnit> <Opcode : 'seteq' 'setne' 'setle' 'setge' 'setlt' 'setgt'> <InPorts = 2> <OutPorts = 1>
ST_1 : Operation 63 [1/1] (0.89ns)   --->   "%icmp_ln58_3 = icmp_eq  i7 %c, i7 0" [top.cpp:58]   --->   Operation 63 'icmp' 'icmp_ln58_3' <Predicate = (icmp_ln54)> <Delay = 0.89> <CoreInst = "Cmp">   --->   Core 9 'Cmp' <Latency = 0> <II = 1> <Delay = 0.89> <FuncUnit> <Opcode : 'seteq' 'setne' 'setle' 'setge' 'setlt' 'setgt'> <InPorts = 2> <OutPorts = 1>
ST_1 : Operation 64 [1/1] (0.00ns)   --->   "%tmp_5 = partselect i7 @_ssdm_op_PartSelect.i7.i15.i32.i32, i15 %add_ln55, i32 8, i32 14" [top.cpp:58]   --->   Operation 64 'partselect' 'tmp_5' <Predicate = (icmp_ln54)> <Delay = 0.00>
ST_1 : Operation 65 [1/1] (0.89ns)   --->   "%icmp_ln58_4 = icmp_slt  i7 %tmp_5, i7 1" [top.cpp:58]   --->   Operation 65 'icmp' 'icmp_ln58_4' <Predicate = (icmp_ln54)> <Delay = 0.89> <CoreInst = "Cmp">   --->   Core 9 'Cmp' <Latency = 0> <II = 1> <Delay = 0.89> <FuncUnit> <Opcode : 'seteq' 'setne' 'setle' 'setge' 'setlt' 'setgt'> <InPorts = 2> <OutPorts = 1>
ST_1 : Operation 66 [1/1] (1.00ns)   --->   "%icmp_ln58_5 = icmp_sgt  i15 %add_ln55, i15 16127" [top.cpp:58]   --->   Operation 66 'icmp' 'icmp_ln58_5' <Predicate = (icmp_ln54)> <Delay = 1.00> <CoreInst = "Cmp">   --->   Core 9 'Cmp' <Latency = 0> <II = 1> <Delay = 1.00> <FuncUnit> <Opcode : 'seteq' 'setne' 'setle' 'setge' 'setlt' 'setgt'> <InPorts = 2> <OutPorts = 1>
ST_1 : Operation 67 [1/1] (0.00ns) (grouped into LUT with out node or_ln58_4)   --->   "%or_ln58 = or i1 %icmp_ln58_4, i1 %icmp_ln58" [top.cpp:58]   --->   Operation 67 'or' 'or_ln58' <Predicate = (icmp_ln54)> <Delay = 0.00> <CoreInst = "LogicGate">   --->   Core 74 'LogicGate' <Latency = 0> <II = 1> <Delay = 0.33> <FuncUnit> <Opcode : 'and' 'or' 'xor'> <InPorts = 2> <OutPorts = 1>
ST_1 : Operation 68 [1/1] (0.00ns) (grouped into LUT with out node or_ln58_4)   --->   "%or_ln58_1 = or i1 %or_ln58, i1 %icmp_ln58_5" [top.cpp:58]   --->   Operation 68 'or' 'or_ln58_1' <Predicate = (icmp_ln54)> <Delay = 0.00> <CoreInst = "LogicGate">   --->   Core 74 'LogicGate' <Latency = 0> <II = 1> <Delay = 0.33> <FuncUnit> <Opcode : 'and' 'or' 'xor'> <InPorts = 2> <OutPorts = 1>
ST_1 : Operation 69 [1/1] (0.00ns) (grouped into LUT with out node or_ln58_4)   --->   "%or_ln58_2 = or i1 %icmp_ln58_2, i1 %icmp_ln58_3" [top.cpp:58]   --->   Operation 69 'or' 'or_ln58_2' <Predicate = (icmp_ln54)> <Delay = 0.00> <CoreInst = "LogicGate">   --->   Core 74 'LogicGate' <Latency = 0> <II = 1> <Delay = 0.33> <FuncUnit> <Opcode : 'and' 'or' 'xor'> <InPorts = 2> <OutPorts = 1>
ST_1 : Operation 70 [1/1] (0.00ns) (grouped into LUT with out node or_ln58_4)   --->   "%or_ln58_3 = or i1 %or_ln58_2, i1 %icmp_ln58_1" [top.cpp:58]   --->   Operation 70 'or' 'or_ln58_3' <Predicate = (icmp_ln54)> <Delay = 0.00> <CoreInst = "LogicGate">   --->   Core 74 'LogicGate' <Latency = 0> <II = 1> <Delay = 0.33> <FuncUnit> <Opcode : 'and' 'or' 'xor'> <InPorts = 2> <OutPorts = 1>
ST_1 : Operation 71 [1/1] (0.33ns) (out node of the LUT)   --->   "%or_ln58_4 = or i1 %or_ln58_3, i1 %or_ln58_1" [top.cpp:58]   --->   Operation 71 'or' 'or_ln58_4' <Predicate = (icmp_ln54)> <Delay = 0.33> <CoreInst = "LogicGate">   --->   Core 74 'LogicGate' <Latency = 0> <II = 1> <Delay = 0.33> <FuncUnit> <Opcode : 'and' 'or' 'xor'> <InPorts = 2> <OutPorts = 1>
ST_1 : Operation 72 [1/1] (1.00ns)   --->   "%icmp_ln43 = icmp_eq  i15 %i41_load, i15 16641" [top.cpp:43]   --->   Operation 72 'icmp' 'icmp_ln43' <Predicate = true> <Delay = 1.00> <CoreInst = "Cmp">   --->   Core 9 'Cmp' <Latency = 0> <II = 1> <Delay = 1.00> <FuncUnit> <Opcode : 'seteq' 'setne' 'setle' 'setge' 'setlt' 'setgt'> <InPorts = 2> <OutPorts = 1>
ST_1 : Operation 73 [1/1] (0.48ns)   --->   "%store_ln43 = store i15 %i, i15 %i41" [top.cpp:43]   --->   Operation 73 'store' 'store_ln43' <Predicate = true> <Delay = 0.48>
ST_1 : Operation 74 [1/1] (0.00ns)   --->   "%br_ln43 = br i1 %icmp_ln43, void %for.body.split.i, void %k2_erosion.exit" [top.cpp:43]   --->   Operation 74 'br' 'br_ln43' <Predicate = true> <Delay = 0.00>

State 2 <SV = 1> <Delay = 7.18>
ST_2 : Operation 75 [1/1] (0.00ns)   --->   "%min_v_42 = load i16 %min_v_32"   --->   Operation 75 'load' 'min_v_42' <Predicate = true> <Delay = 0.00>
ST_2 : Operation 76 [1/1] (0.00ns)   --->   "%min_v_36 = load i16 %min_v_34"   --->   Operation 76 'load' 'min_v_36' <Predicate = true> <Delay = 0.00>
ST_2 : Operation 77 [1/1] ( I:1.86ns O:1.86ns )   --->   "%val = read i16 @_ssdm_op_Read.ap_fifo.volatile.i16P0A, i16 %s1" [top.cpp:45]   --->   Operation 77 'read' 'val' <Predicate = (!tmp)> <Delay = 1.86> <CoreInst = "FIFO">   --->   Core 77 'FIFO' <Latency = 0> <II = 1> <Delay = 1.86> <Storage> <Opcode : 'read' 'write' 'nbread' 'nbwrite'> <Ports = 0> <Width = 16> <Depth = 256> <FIFO>
ST_2 : Operation 78 [1/1] (0.00ns)   --->   "%val_4 = phi i16 %val, void %cond.true.i, i16 30720, void %for.body.split.i"   --->   Operation 78 'phi' 'val_4' <Predicate = true> <Delay = 0.00>
ST_2 : Operation 79 [1/2] ( I:1.35ns O:1.35ns )   --->   "%min_v_46 = load i7 %k2_erosion_stream_ap_fixed_0_stream_ap_fixed_16_8_5_3_0_0_lb_3_addr" [top.cpp:49]   --->   Operation 79 'load' 'min_v_46' <Predicate = true> <Delay = 1.35> <CoreInst = "RAM">   --->   Core 82 'RAM' <Latency = 1> <II = 1> <Delay = 1.35> <Storage> <Opcode : 'load' 'store'> <Ports = 2> <Width = 16> <Depth = 128> <RAM>
ST_2 : Operation 80 [1/2] ( I:1.35ns O:1.35ns )   --->   "%min_v_57 = load i7 %k2_erosion_stream_ap_fixed_0_stream_ap_fixed_16_8_5_3_0_0_lb_2_addr" [top.cpp:49]   --->   Operation 80 'load' 'min_v_57' <Predicate = true> <Delay = 1.35> <CoreInst = "RAM">   --->   Core 82 'RAM' <Latency = 1> <II = 1> <Delay = 1.35> <Storage> <Opcode : 'load' 'store'> <Ports = 2> <Width = 16> <Depth = 128> <RAM>
ST_2 : Operation 81 [1/2] ( I:1.35ns O:1.35ns )   --->   "%min_v_65 = load i7 %k2_erosion_stream_ap_fixed_0_stream_ap_fixed_16_8_5_3_0_0_lb_1_addr" [top.cpp:50]   --->   Operation 81 'load' 'min_v_65' <Predicate = true> <Delay = 1.35> <CoreInst = "RAM">   --->   Core 82 'RAM' <Latency = 1> <II = 1> <Delay = 1.35> <Storage> <Opcode : 'load' 'store'> <Ports = 2> <Width = 16> <Depth = 128> <RAM>
ST_2 : Operation 82 [1/2] ( I:1.35ns O:1.35ns )   --->   "%min_v_73 = load i7 %k2_erosion_stream_ap_fixed_0_stream_ap_fixed_16_8_5_3_0_0_lb_addr" [top.cpp:50]   --->   Operation 82 'load' 'min_v_73' <Predicate = true> <Delay = 1.35> <CoreInst = "RAM">   --->   Core 82 'RAM' <Latency = 1> <II = 1> <Delay = 1.35> <Storage> <Opcode : 'load' 'store'> <Ports = 2> <Width = 16> <Depth = 128> <RAM>
ST_2 : Operation 83 [1/1] ( I:1.35ns O:1.35ns )   --->   "%store_ln51 = store i16 %min_v_57, i7 %k2_erosion_stream_ap_fixed_0_stream_ap_fixed_16_8_5_3_0_0_lb_3_addr" [top.cpp:51]   --->   Operation 83 'store' 'store_ln51' <Predicate = true> <Delay = 1.35> <CoreInst = "RAM">   --->   Core 82 'RAM' <Latency = 1> <II = 1> <Delay = 1.35> <Storage> <Opcode : 'load' 'store'> <Ports = 2> <Width = 16> <Depth = 128> <RAM>
ST_2 : Operation 84 [1/1] ( I:1.35ns O:1.35ns )   --->   "%store_ln51 = store i16 %min_v_65, i7 %k2_erosion_stream_ap_fixed_0_stream_ap_fixed_16_8_5_3_0_0_lb_2_addr" [top.cpp:51]   --->   Operation 84 'store' 'store_ln51' <Predicate = true> <Delay = 1.35> <CoreInst = "RAM">   --->   Core 82 'RAM' <Latency = 1> <II = 1> <Delay = 1.35> <Storage> <Opcode : 'load' 'store'> <Ports = 2> <Width = 16> <Depth = 128> <RAM>
ST_2 : Operation 85 [1/1] ( I:1.35ns O:1.35ns )   --->   "%store_ln51 = store i16 %min_v_73, i7 %k2_erosion_stream_ap_fixed_0_stream_ap_fixed_16_8_5_3_0_0_lb_1_addr" [top.cpp:51]   --->   Operation 85 'store' 'store_ln51' <Predicate = true> <Delay = 1.35> <CoreInst = "RAM">   --->   Core 82 'RAM' <Latency = 1> <II = 1> <Delay = 1.35> <Storage> <Opcode : 'load' 'store'> <Ports = 2> <Width = 16> <Depth = 128> <RAM>
ST_2 : Operation 86 [1/1] ( I:1.35ns O:1.35ns )   --->   "%store_ln52 = store i16 %val_4, i7 %k2_erosion_stream_ap_fixed_0_stream_ap_fixed_16_8_5_3_0_0_lb_addr" [top.cpp:52]   --->   Operation 86 'store' 'store_ln52' <Predicate = true> <Delay = 1.35> <CoreInst = "RAM">   --->   Core 82 'RAM' <Latency = 1> <II = 1> <Delay = 1.35> <Storage> <Opcode : 'load' 'store'> <Ports = 2> <Width = 16> <Depth = 128> <RAM>
ST_2 : Operation 87 [1/1] (0.00ns)   --->   "%min_v_10_load = load i16 %min_v_10" [top.cpp:62]   --->   Operation 87 'load' 'min_v_10_load' <Predicate = (icmp_ln54 & !or_ln58_4)> <Delay = 0.00>
ST_2 : Operation 88 [1/1] (0.00ns)   --->   "%min_v40_load = load i16 %min_v40" [top.cpp:62]   --->   Operation 88 'load' 'min_v40_load' <Predicate = (icmp_ln54 & !or_ln58_4)> <Delay = 0.00>
ST_2 : Operation 89 [1/1] (1.01ns)   --->   "%icmp_ln62 = icmp_slt  i16 %min_v40_load, i16 30720" [top.cpp:62]   --->   Operation 89 'icmp' 'icmp_ln62' <Predicate = (icmp_ln54 & !or_ln58_4)> <Delay = 1.01> <CoreInst = "Cmp">   --->   Core 9 'Cmp' <Latency = 0> <II = 1> <Delay = 1.01> <FuncUnit> <Opcode : 'seteq' 'setne' 'setle' 'setge' 'setlt' 'setgt'> <InPorts = 2> <OutPorts = 1>
ST_2 : Operation 90 [1/1] (0.42ns)   --->   "%min_v_38 = select i1 %icmp_ln62, i16 %min_v40_load, i16 30720" [top.cpp:62]   --->   Operation 90 'select' 'min_v_38' <Predicate = (icmp_ln54 & !or_ln58_4)> <Delay = 0.42> <CoreInst = "Sel">   --->   Core 73 'Sel' <Latency = 0> <II = 1> <Delay = 0.42> <FuncUnit> <Opcode : 'select'> <InPorts = 3> <OutPorts = 1>
ST_2 : Operation 91 [1/1] (1.01ns)   --->   "%icmp_ln62_1 = icmp_slt  i16 %min_v_36, i16 %min_v_38" [top.cpp:62]   --->   Operation 91 'icmp' 'icmp_ln62_1' <Predicate = (icmp_ln54 & !or_ln58_4)> <Delay = 1.01> <CoreInst = "Cmp">   --->   Core 9 'Cmp' <Latency = 0> <II = 1> <Delay = 1.01> <FuncUnit> <Opcode : 'seteq' 'setne' 'setle' 'setge' 'setlt' 'setgt'> <InPorts = 2> <OutPorts = 1>
ST_2 : Operation 92 [1/1] (0.42ns)   --->   "%min_v_40 = select i1 %icmp_ln62_1, i16 %min_v_36, i16 %min_v_38" [top.cpp:62]   --->   Operation 92 'select' 'min_v_40' <Predicate = (icmp_ln54 & !or_ln58_4)> <Delay = 0.42> <CoreInst = "Sel">   --->   Core 73 'Sel' <Latency = 0> <II = 1> <Delay = 0.42> <FuncUnit> <Opcode : 'select'> <InPorts = 3> <OutPorts = 1>
ST_2 : Operation 93 [1/1] (1.01ns)   --->   "%icmp_ln62_2 = icmp_slt  i16 %min_v_10_load, i16 %min_v_40" [top.cpp:62]   --->   Operation 93 'icmp' 'icmp_ln62_2' <Predicate = (icmp_ln54 & !or_ln58_4)> <Delay = 1.01> <CoreInst = "Cmp">   --->   Core 9 'Cmp' <Latency = 0> <II = 1> <Delay = 1.01> <FuncUnit> <Opcode : 'seteq' 'setne' 'setle' 'setge' 'setlt' 'setgt'> <InPorts = 2> <OutPorts = 1>
ST_2 : Operation 94 [1/1] (0.42ns)   --->   "%min_v_44 = select i1 %icmp_ln62_2, i16 %min_v_10_load, i16 %min_v_40" [top.cpp:62]   --->   Operation 94 'select' 'min_v_44' <Predicate = (icmp_ln54 & !or_ln58_4)> <Delay = 0.42> <CoreInst = "Sel">   --->   Core 73 'Sel' <Latency = 0> <II = 1> <Delay = 0.42> <FuncUnit> <Opcode : 'select'> <InPorts = 3> <OutPorts = 1>
ST_2 : Operation 95 [1/1] (1.01ns)   --->   "%icmp_ln62_3 = icmp_slt  i16 %min_v_42, i16 %min_v_44" [top.cpp:62]   --->   Operation 95 'icmp' 'icmp_ln62_3' <Predicate = (icmp_ln54 & !or_ln58_4)> <Delay = 1.01> <CoreInst = "Cmp">   --->   Core 9 'Cmp' <Latency = 0> <II = 1> <Delay = 1.01> <FuncUnit> <Opcode : 'seteq' 'setne' 'setle' 'setge' 'setlt' 'setgt'> <InPorts = 2> <OutPorts = 1>
ST_2 : Operation 96 [1/1] (0.42ns)   --->   "%min_v_48 = select i1 %icmp_ln62_3, i16 %min_v_42, i16 %min_v_44" [top.cpp:62]   --->   Operation 96 'select' 'min_v_48' <Predicate = (icmp_ln54 & !or_ln58_4)> <Delay = 0.42> <CoreInst = "Sel">   --->   Core 73 'Sel' <Latency = 0> <II = 1> <Delay = 0.42> <FuncUnit> <Opcode : 'select'> <InPorts = 3> <OutPorts = 1>
ST_2 : Operation 97 [1/1] (1.01ns)   --->   "%icmp_ln62_4 = icmp_slt  i16 %min_v_46, i16 %min_v_48" [top.cpp:62]   --->   Operation 97 'icmp' 'icmp_ln62_4' <Predicate = (icmp_ln54 & !or_ln58_4)> <Delay = 1.01> <CoreInst = "Cmp">   --->   Core 9 'Cmp' <Latency = 0> <II = 1> <Delay = 1.01> <FuncUnit> <Opcode : 'seteq' 'setne' 'setle' 'setge' 'setlt' 'setgt'> <InPorts = 2> <OutPorts = 1>
ST_2 : Operation 98 [1/1] (0.42ns)   --->   "%min_v_51 = select i1 %icmp_ln62_4, i16 %min_v_46, i16 %min_v_48" [top.cpp:62]   --->   Operation 98 'select' 'min_v_51' <Predicate = (icmp_ln54 & !or_ln58_4)> <Delay = 0.42> <CoreInst = "Sel">   --->   Core 73 'Sel' <Latency = 0> <II = 1> <Delay = 0.42> <FuncUnit> <Opcode : 'select'> <InPorts = 3> <OutPorts = 1>
ST_2 : Operation 99 [1/1] (0.00ns)   --->   "%min_v_10_load_1 = load i16 %min_v_10" [top.cpp:57]   --->   Operation 99 'load' 'min_v_10_load_1' <Predicate = true> <Delay = 0.00>
ST_2 : Operation 100 [1/1] (0.00ns)   --->   "%store_ln57 = store i16 %min_v_10_load_1, i16 %min_v_34" [top.cpp:57]   --->   Operation 100 'store' 'store_ln57' <Predicate = true> <Delay = 0.00>
ST_2 : Operation 101 [1/1] (0.00ns)   --->   "%store_ln57 = store i16 %min_v_46, i16 %min_v_32" [top.cpp:57]   --->   Operation 101 'store' 'store_ln57' <Predicate = true> <Delay = 0.00>
ST_2 : Operation 102 [1/1] (0.00ns)   --->   "%store_ln0 = store i16 %min_v_36, i16 %min_v40"   --->   Operation 102 'store' 'store_ln0' <Predicate = true> <Delay = 0.00>
ST_2 : Operation 103 [1/1] (0.00ns)   --->   "%store_ln57 = store i16 %min_v_42, i16 %min_v_10" [top.cpp:57]   --->   Operation 103 'store' 'store_ln57' <Predicate = true> <Delay = 0.00>

State 3 <SV = 2> <Delay = 7.18>
ST_3 : Operation 104 [1/1] (0.00ns)   --->   "%min_v_55 = load i16 %min_v_26"   --->   Operation 104 'load' 'min_v_55' <Predicate = true> <Delay = 0.00>
ST_3 : Operation 105 [1/1] (0.00ns)   --->   "%min_v_52 = load i16 %min_v_30"   --->   Operation 105 'load' 'min_v_52' <Predicate = true> <Delay = 0.00>
ST_3 : Operation 106 [1/1] (0.00ns)   --->   "%min_v_6_load = load i16 %min_v_6" [top.cpp:62]   --->   Operation 106 'load' 'min_v_6_load' <Predicate = (icmp_ln54 & !or_ln58_4)> <Delay = 0.00>
ST_3 : Operation 107 [1/1] (0.00ns)   --->   "%min_v_1036_load = load i16 %min_v_1036" [top.cpp:62]   --->   Operation 107 'load' 'min_v_1036_load' <Predicate = (icmp_ln54 & !or_ln58_4)> <Delay = 0.00>
ST_3 : Operation 108 [1/1] (1.01ns)   --->   "%icmp_ln62_5 = icmp_slt  i16 %min_v_1036_load, i16 %min_v_51" [top.cpp:62]   --->   Operation 108 'icmp' 'icmp_ln62_5' <Predicate = (icmp_ln54 & !or_ln58_4)> <Delay = 1.01> <CoreInst = "Cmp">   --->   Core 9 'Cmp' <Latency = 0> <II = 1> <Delay = 1.01> <FuncUnit> <Opcode : 'seteq' 'setne' 'setle' 'setge' 'setlt' 'setgt'> <InPorts = 2> <OutPorts = 1>
ST_3 : Operation 109 [1/1] (0.42ns)   --->   "%min_v_53 = select i1 %icmp_ln62_5, i16 %min_v_1036_load, i16 %min_v_51" [top.cpp:62]   --->   Operation 109 'select' 'min_v_53' <Predicate = (icmp_ln54 & !or_ln58_4)> <Delay = 0.42> <CoreInst = "Sel">   --->   Core 73 'Sel' <Latency = 0> <II = 1> <Delay = 0.42> <FuncUnit> <Opcode : 'select'> <InPorts = 3> <OutPorts = 1>
ST_3 : Operation 110 [1/1] (1.01ns)   --->   "%icmp_ln62_6 = icmp_slt  i16 %min_v_52, i16 %min_v_53" [top.cpp:62]   --->   Operation 110 'icmp' 'icmp_ln62_6' <Predicate = (icmp_ln54 & !or_ln58_4)> <Delay = 1.01> <CoreInst = "Cmp">   --->   Core 9 'Cmp' <Latency = 0> <II = 1> <Delay = 1.01> <FuncUnit> <Opcode : 'seteq' 'setne' 'setle' 'setge' 'setlt' 'setgt'> <InPorts = 2> <OutPorts = 1>
ST_3 : Operation 111 [1/1] (0.42ns)   --->   "%min_v_54 = select i1 %icmp_ln62_6, i16 %min_v_52, i16 %min_v_53" [top.cpp:62]   --->   Operation 111 'select' 'min_v_54' <Predicate = (icmp_ln54 & !or_ln58_4)> <Delay = 0.42> <CoreInst = "Sel">   --->   Core 73 'Sel' <Latency = 0> <II = 1> <Delay = 0.42> <FuncUnit> <Opcode : 'select'> <InPorts = 3> <OutPorts = 1>
ST_3 : Operation 112 [1/1] (1.01ns)   --->   "%icmp_ln62_7 = icmp_slt  i16 %min_v_6_load, i16 %min_v_54" [top.cpp:62]   --->   Operation 112 'icmp' 'icmp_ln62_7' <Predicate = (icmp_ln54 & !or_ln58_4)> <Delay = 1.01> <CoreInst = "Cmp">   --->   Core 9 'Cmp' <Latency = 0> <II = 1> <Delay = 1.01> <FuncUnit> <Opcode : 'seteq' 'setne' 'setle' 'setge' 'setlt' 'setgt'> <InPorts = 2> <OutPorts = 1>
ST_3 : Operation 113 [1/1] (0.42ns)   --->   "%min_v_56 = select i1 %icmp_ln62_7, i16 %min_v_6_load, i16 %min_v_54" [top.cpp:62]   --->   Operation 113 'select' 'min_v_56' <Predicate = (icmp_ln54 & !or_ln58_4)> <Delay = 0.42> <CoreInst = "Sel">   --->   Core 73 'Sel' <Latency = 0> <II = 1> <Delay = 0.42> <FuncUnit> <Opcode : 'select'> <InPorts = 3> <OutPorts = 1>
ST_3 : Operation 114 [1/1] (1.01ns)   --->   "%icmp_ln62_8 = icmp_slt  i16 %min_v_55, i16 %min_v_56" [top.cpp:62]   --->   Operation 114 'icmp' 'icmp_ln62_8' <Predicate = (icmp_ln54 & !or_ln58_4)> <Delay = 1.01> <CoreInst = "Cmp">   --->   Core 9 'Cmp' <Latency = 0> <II = 1> <Delay = 1.01> <FuncUnit> <Opcode : 'seteq' 'setne' 'setle' 'setge' 'setlt' 'setgt'> <InPorts = 2> <OutPorts = 1>
ST_3 : Operation 115 [1/1] (0.42ns)   --->   "%min_v_58 = select i1 %icmp_ln62_8, i16 %min_v_55, i16 %min_v_56" [top.cpp:62]   --->   Operation 115 'select' 'min_v_58' <Predicate = (icmp_ln54 & !or_ln58_4)> <Delay = 0.42> <CoreInst = "Sel">   --->   Core 73 'Sel' <Latency = 0> <II = 1> <Delay = 0.42> <FuncUnit> <Opcode : 'select'> <InPorts = 3> <OutPorts = 1>
ST_3 : Operation 116 [1/1] (1.01ns)   --->   "%icmp_ln62_9 = icmp_slt  i16 %min_v_57, i16 %min_v_58" [top.cpp:62]   --->   Operation 116 'icmp' 'icmp_ln62_9' <Predicate = (icmp_ln54 & !or_ln58_4)> <Delay = 1.01> <CoreInst = "Cmp">   --->   Core 9 'Cmp' <Latency = 0> <II = 1> <Delay = 1.01> <FuncUnit> <Opcode : 'seteq' 'setne' 'setle' 'setge' 'setlt' 'setgt'> <InPorts = 2> <OutPorts = 1>
ST_3 : Operation 117 [1/1] (0.42ns)   --->   "%min_v_59 = select i1 %icmp_ln62_9, i16 %min_v_57, i16 %min_v_58" [top.cpp:62]   --->   Operation 117 'select' 'min_v_59' <Predicate = (icmp_ln54 & !or_ln58_4)> <Delay = 0.42> <CoreInst = "Sel">   --->   Core 73 'Sel' <Latency = 0> <II = 1> <Delay = 0.42> <FuncUnit> <Opcode : 'select'> <InPorts = 3> <OutPorts = 1>
ST_3 : Operation 118 [1/1] (0.00ns)   --->   "%min_v_6_load_1 = load i16 %min_v_6" [top.cpp:57]   --->   Operation 118 'load' 'min_v_6_load_1' <Predicate = true> <Delay = 0.00>
ST_3 : Operation 119 [1/1] (0.00ns)   --->   "%store_ln57 = store i16 %min_v_6_load_1, i16 %min_v_30" [top.cpp:57]   --->   Operation 119 'store' 'store_ln57' <Predicate = true> <Delay = 0.00>
ST_3 : Operation 120 [1/1] (0.00ns)   --->   "%store_ln57 = store i16 %min_v_57, i16 %min_v_26" [top.cpp:57]   --->   Operation 120 'store' 'store_ln57' <Predicate = true> <Delay = 0.00>
ST_3 : Operation 121 [1/1] (0.00ns)   --->   "%store_ln0 = store i16 %min_v_52, i16 %min_v_1036"   --->   Operation 121 'store' 'store_ln0' <Predicate = true> <Delay = 0.00>
ST_3 : Operation 122 [1/1] (0.00ns)   --->   "%store_ln57 = store i16 %min_v_55, i16 %min_v_6" [top.cpp:57]   --->   Operation 122 'store' 'store_ln57' <Predicate = true> <Delay = 0.00>

State 4 <SV = 3> <Delay = 7.18>
ST_4 : Operation 123 [1/1] (0.00ns)   --->   "%min_v_63 = load i16 %min_v_22"   --->   Operation 123 'load' 'min_v_63' <Predicate = true> <Delay = 0.00>
ST_4 : Operation 124 [1/1] (0.00ns)   --->   "%min_v_60 = load i16 %min_v_24"   --->   Operation 124 'load' 'min_v_60' <Predicate = true> <Delay = 0.00>
ST_4 : Operation 125 [1/1] (0.00ns)   --->   "%min_v_4_load = load i16 %min_v_4" [top.cpp:62]   --->   Operation 125 'load' 'min_v_4_load' <Predicate = (icmp_ln54 & !or_ln58_4)> <Delay = 0.00>
ST_4 : Operation 126 [1/1] (0.00ns)   --->   "%min_v_2032_load = load i16 %min_v_2032" [top.cpp:62]   --->   Operation 126 'load' 'min_v_2032_load' <Predicate = (icmp_ln54 & !or_ln58_4)> <Delay = 0.00>
ST_4 : Operation 127 [1/1] (1.01ns)   --->   "%icmp_ln62_10 = icmp_slt  i16 %min_v_2032_load, i16 %min_v_59" [top.cpp:62]   --->   Operation 127 'icmp' 'icmp_ln62_10' <Predicate = (icmp_ln54 & !or_ln58_4)> <Delay = 1.01> <CoreInst = "Cmp">   --->   Core 9 'Cmp' <Latency = 0> <II = 1> <Delay = 1.01> <FuncUnit> <Opcode : 'seteq' 'setne' 'setle' 'setge' 'setlt' 'setgt'> <InPorts = 2> <OutPorts = 1>
ST_4 : Operation 128 [1/1] (0.42ns)   --->   "%min_v_61 = select i1 %icmp_ln62_10, i16 %min_v_2032_load, i16 %min_v_59" [top.cpp:62]   --->   Operation 128 'select' 'min_v_61' <Predicate = (icmp_ln54 & !or_ln58_4)> <Delay = 0.42> <CoreInst = "Sel">   --->   Core 73 'Sel' <Latency = 0> <II = 1> <Delay = 0.42> <FuncUnit> <Opcode : 'select'> <InPorts = 3> <OutPorts = 1>
ST_4 : Operation 129 [1/1] (1.01ns)   --->   "%icmp_ln62_11 = icmp_slt  i16 %min_v_60, i16 %min_v_61" [top.cpp:62]   --->   Operation 129 'icmp' 'icmp_ln62_11' <Predicate = (icmp_ln54 & !or_ln58_4)> <Delay = 1.01> <CoreInst = "Cmp">   --->   Core 9 'Cmp' <Latency = 0> <II = 1> <Delay = 1.01> <FuncUnit> <Opcode : 'seteq' 'setne' 'setle' 'setge' 'setlt' 'setgt'> <InPorts = 2> <OutPorts = 1>
ST_4 : Operation 130 [1/1] (0.42ns)   --->   "%min_v_62 = select i1 %icmp_ln62_11, i16 %min_v_60, i16 %min_v_61" [top.cpp:62]   --->   Operation 130 'select' 'min_v_62' <Predicate = (icmp_ln54 & !or_ln58_4)> <Delay = 0.42> <CoreInst = "Sel">   --->   Core 73 'Sel' <Latency = 0> <II = 1> <Delay = 0.42> <FuncUnit> <Opcode : 'select'> <InPorts = 3> <OutPorts = 1>
ST_4 : Operation 131 [1/1] (1.01ns)   --->   "%icmp_ln62_12 = icmp_slt  i16 %min_v_4_load, i16 %min_v_62" [top.cpp:62]   --->   Operation 131 'icmp' 'icmp_ln62_12' <Predicate = (icmp_ln54 & !or_ln58_4)> <Delay = 1.01> <CoreInst = "Cmp">   --->   Core 9 'Cmp' <Latency = 0> <II = 1> <Delay = 1.01> <FuncUnit> <Opcode : 'seteq' 'setne' 'setle' 'setge' 'setlt' 'setgt'> <InPorts = 2> <OutPorts = 1>
ST_4 : Operation 132 [1/1] (0.42ns)   --->   "%min_v_64 = select i1 %icmp_ln62_12, i16 %min_v_4_load, i16 %min_v_62" [top.cpp:62]   --->   Operation 132 'select' 'min_v_64' <Predicate = (icmp_ln54 & !or_ln58_4)> <Delay = 0.42> <CoreInst = "Sel">   --->   Core 73 'Sel' <Latency = 0> <II = 1> <Delay = 0.42> <FuncUnit> <Opcode : 'select'> <InPorts = 3> <OutPorts = 1>
ST_4 : Operation 133 [1/1] (1.01ns)   --->   "%icmp_ln62_13 = icmp_slt  i16 %min_v_63, i16 %min_v_64" [top.cpp:62]   --->   Operation 133 'icmp' 'icmp_ln62_13' <Predicate = (icmp_ln54 & !or_ln58_4)> <Delay = 1.01> <CoreInst = "Cmp">   --->   Core 9 'Cmp' <Latency = 0> <II = 1> <Delay = 1.01> <FuncUnit> <Opcode : 'seteq' 'setne' 'setle' 'setge' 'setlt' 'setgt'> <InPorts = 2> <OutPorts = 1>
ST_4 : Operation 134 [1/1] (0.42ns)   --->   "%min_v_66 = select i1 %icmp_ln62_13, i16 %min_v_63, i16 %min_v_64" [top.cpp:62]   --->   Operation 134 'select' 'min_v_66' <Predicate = (icmp_ln54 & !or_ln58_4)> <Delay = 0.42> <CoreInst = "Sel">   --->   Core 73 'Sel' <Latency = 0> <II = 1> <Delay = 0.42> <FuncUnit> <Opcode : 'select'> <InPorts = 3> <OutPorts = 1>
ST_4 : Operation 135 [1/1] (1.01ns)   --->   "%icmp_ln62_14 = icmp_slt  i16 %min_v_65, i16 %min_v_66" [top.cpp:62]   --->   Operation 135 'icmp' 'icmp_ln62_14' <Predicate = (icmp_ln54 & !or_ln58_4)> <Delay = 1.01> <CoreInst = "Cmp">   --->   Core 9 'Cmp' <Latency = 0> <II = 1> <Delay = 1.01> <FuncUnit> <Opcode : 'seteq' 'setne' 'setle' 'setge' 'setlt' 'setgt'> <InPorts = 2> <OutPorts = 1>
ST_4 : Operation 136 [1/1] (0.42ns)   --->   "%min_v_67 = select i1 %icmp_ln62_14, i16 %min_v_65, i16 %min_v_66" [top.cpp:62]   --->   Operation 136 'select' 'min_v_67' <Predicate = (icmp_ln54 & !or_ln58_4)> <Delay = 0.42> <CoreInst = "Sel">   --->   Core 73 'Sel' <Latency = 0> <II = 1> <Delay = 0.42> <FuncUnit> <Opcode : 'select'> <InPorts = 3> <OutPorts = 1>
ST_4 : Operation 137 [1/1] (0.00ns)   --->   "%min_v_4_load_1 = load i16 %min_v_4" [top.cpp:57]   --->   Operation 137 'load' 'min_v_4_load_1' <Predicate = true> <Delay = 0.00>
ST_4 : Operation 138 [1/1] (0.00ns)   --->   "%store_ln57 = store i16 %min_v_4_load_1, i16 %min_v_24" [top.cpp:57]   --->   Operation 138 'store' 'store_ln57' <Predicate = true> <Delay = 0.00>
ST_4 : Operation 139 [1/1] (0.00ns)   --->   "%store_ln57 = store i16 %min_v_65, i16 %min_v_22" [top.cpp:57]   --->   Operation 139 'store' 'store_ln57' <Predicate = true> <Delay = 0.00>
ST_4 : Operation 140 [1/1] (0.00ns)   --->   "%store_ln0 = store i16 %min_v_60, i16 %min_v_2032"   --->   Operation 140 'store' 'store_ln0' <Predicate = true> <Delay = 0.00>
ST_4 : Operation 141 [1/1] (0.00ns)   --->   "%store_ln57 = store i16 %min_v_63, i16 %min_v_4" [top.cpp:57]   --->   Operation 141 'store' 'store_ln57' <Predicate = true> <Delay = 0.00>

State 5 <SV = 4> <Delay = 7.18>
ST_5 : Operation 142 [1/1] (0.00ns)   --->   "%min_v_71 = load i16 %min_v_16"   --->   Operation 142 'load' 'min_v_71' <Predicate = true> <Delay = 0.00>
ST_5 : Operation 143 [1/1] (0.00ns)   --->   "%min_v_68 = load i16 %min_v_20"   --->   Operation 143 'load' 'min_v_68' <Predicate = true> <Delay = 0.00>
ST_5 : Operation 144 [1/1] (0.00ns)   --->   "%min_v_2_load = load i16 %min_v_2" [top.cpp:62]   --->   Operation 144 'load' 'min_v_2_load' <Predicate = (icmp_ln54 & !or_ln58_4)> <Delay = 0.00>
ST_5 : Operation 145 [1/1] (0.00ns)   --->   "%min_v_3028_load = load i16 %min_v_3028" [top.cpp:62]   --->   Operation 145 'load' 'min_v_3028_load' <Predicate = (icmp_ln54 & !or_ln58_4)> <Delay = 0.00>
ST_5 : Operation 146 [1/1] (1.01ns)   --->   "%icmp_ln62_15 = icmp_slt  i16 %min_v_3028_load, i16 %min_v_67" [top.cpp:62]   --->   Operation 146 'icmp' 'icmp_ln62_15' <Predicate = (icmp_ln54 & !or_ln58_4)> <Delay = 1.01> <CoreInst = "Cmp">   --->   Core 9 'Cmp' <Latency = 0> <II = 1> <Delay = 1.01> <FuncUnit> <Opcode : 'seteq' 'setne' 'setle' 'setge' 'setlt' 'setgt'> <InPorts = 2> <OutPorts = 1>
ST_5 : Operation 147 [1/1] (0.42ns)   --->   "%min_v_69 = select i1 %icmp_ln62_15, i16 %min_v_3028_load, i16 %min_v_67" [top.cpp:62]   --->   Operation 147 'select' 'min_v_69' <Predicate = (icmp_ln54 & !or_ln58_4)> <Delay = 0.42> <CoreInst = "Sel">   --->   Core 73 'Sel' <Latency = 0> <II = 1> <Delay = 0.42> <FuncUnit> <Opcode : 'select'> <InPorts = 3> <OutPorts = 1>
ST_5 : Operation 148 [1/1] (1.01ns)   --->   "%icmp_ln62_16 = icmp_slt  i16 %min_v_68, i16 %min_v_69" [top.cpp:62]   --->   Operation 148 'icmp' 'icmp_ln62_16' <Predicate = (icmp_ln54 & !or_ln58_4)> <Delay = 1.01> <CoreInst = "Cmp">   --->   Core 9 'Cmp' <Latency = 0> <II = 1> <Delay = 1.01> <FuncUnit> <Opcode : 'seteq' 'setne' 'setle' 'setge' 'setlt' 'setgt'> <InPorts = 2> <OutPorts = 1>
ST_5 : Operation 149 [1/1] (0.42ns)   --->   "%min_v_70 = select i1 %icmp_ln62_16, i16 %min_v_68, i16 %min_v_69" [top.cpp:62]   --->   Operation 149 'select' 'min_v_70' <Predicate = (icmp_ln54 & !or_ln58_4)> <Delay = 0.42> <CoreInst = "Sel">   --->   Core 73 'Sel' <Latency = 0> <II = 1> <Delay = 0.42> <FuncUnit> <Opcode : 'select'> <InPorts = 3> <OutPorts = 1>
ST_5 : Operation 150 [1/1] (1.01ns)   --->   "%icmp_ln62_17 = icmp_slt  i16 %min_v_2_load, i16 %min_v_70" [top.cpp:62]   --->   Operation 150 'icmp' 'icmp_ln62_17' <Predicate = (icmp_ln54 & !or_ln58_4)> <Delay = 1.01> <CoreInst = "Cmp">   --->   Core 9 'Cmp' <Latency = 0> <II = 1> <Delay = 1.01> <FuncUnit> <Opcode : 'seteq' 'setne' 'setle' 'setge' 'setlt' 'setgt'> <InPorts = 2> <OutPorts = 1>
ST_5 : Operation 151 [1/1] (0.42ns)   --->   "%min_v_72 = select i1 %icmp_ln62_17, i16 %min_v_2_load, i16 %min_v_70" [top.cpp:62]   --->   Operation 151 'select' 'min_v_72' <Predicate = (icmp_ln54 & !or_ln58_4)> <Delay = 0.42> <CoreInst = "Sel">   --->   Core 73 'Sel' <Latency = 0> <II = 1> <Delay = 0.42> <FuncUnit> <Opcode : 'select'> <InPorts = 3> <OutPorts = 1>
ST_5 : Operation 152 [1/1] (1.01ns)   --->   "%icmp_ln62_18 = icmp_slt  i16 %min_v_71, i16 %min_v_72" [top.cpp:62]   --->   Operation 152 'icmp' 'icmp_ln62_18' <Predicate = (icmp_ln54 & !or_ln58_4)> <Delay = 1.01> <CoreInst = "Cmp">   --->   Core 9 'Cmp' <Latency = 0> <II = 1> <Delay = 1.01> <FuncUnit> <Opcode : 'seteq' 'setne' 'setle' 'setge' 'setlt' 'setgt'> <InPorts = 2> <OutPorts = 1>
ST_5 : Operation 153 [1/1] (0.42ns)   --->   "%min_v_74 = select i1 %icmp_ln62_18, i16 %min_v_71, i16 %min_v_72" [top.cpp:62]   --->   Operation 153 'select' 'min_v_74' <Predicate = (icmp_ln54 & !or_ln58_4)> <Delay = 0.42> <CoreInst = "Sel">   --->   Core 73 'Sel' <Latency = 0> <II = 1> <Delay = 0.42> <FuncUnit> <Opcode : 'select'> <InPorts = 3> <OutPorts = 1>
ST_5 : Operation 154 [1/1] (1.01ns)   --->   "%icmp_ln62_19 = icmp_slt  i16 %min_v_73, i16 %min_v_74" [top.cpp:62]   --->   Operation 154 'icmp' 'icmp_ln62_19' <Predicate = (icmp_ln54 & !or_ln58_4)> <Delay = 1.01> <CoreInst = "Cmp">   --->   Core 9 'Cmp' <Latency = 0> <II = 1> <Delay = 1.01> <FuncUnit> <Opcode : 'seteq' 'setne' 'setle' 'setge' 'setlt' 'setgt'> <InPorts = 2> <OutPorts = 1>
ST_5 : Operation 155 [1/1] (0.42ns)   --->   "%min_v_75 = select i1 %icmp_ln62_19, i16 %min_v_73, i16 %min_v_74" [top.cpp:62]   --->   Operation 155 'select' 'min_v_75' <Predicate = (icmp_ln54 & !or_ln58_4)> <Delay = 0.42> <CoreInst = "Sel">   --->   Core 73 'Sel' <Latency = 0> <II = 1> <Delay = 0.42> <FuncUnit> <Opcode : 'select'> <InPorts = 3> <OutPorts = 1>
ST_5 : Operation 156 [1/1] (0.00ns)   --->   "%min_v_2_load_1 = load i16 %min_v_2" [top.cpp:57]   --->   Operation 156 'load' 'min_v_2_load_1' <Predicate = true> <Delay = 0.00>
ST_5 : Operation 157 [1/1] (0.00ns)   --->   "%store_ln57 = store i16 %min_v_2_load_1, i16 %min_v_20" [top.cpp:57]   --->   Operation 157 'store' 'store_ln57' <Predicate = true> <Delay = 0.00>
ST_5 : Operation 158 [1/1] (0.00ns)   --->   "%store_ln57 = store i16 %min_v_73, i16 %min_v_16" [top.cpp:57]   --->   Operation 158 'store' 'store_ln57' <Predicate = true> <Delay = 0.00>
ST_5 : Operation 159 [1/1] (0.00ns)   --->   "%store_ln0 = store i16 %min_v_68, i16 %min_v_3028"   --->   Operation 159 'store' 'store_ln0' <Predicate = true> <Delay = 0.00>
ST_5 : Operation 160 [1/1] (0.00ns)   --->   "%store_ln57 = store i16 %min_v_71, i16 %min_v_2" [top.cpp:57]   --->   Operation 160 'store' 'store_ln57' <Predicate = true> <Delay = 0.00>

State 6 <SV = 5> <Delay = 7.18>
ST_6 : Operation 161 [1/1] (0.00ns)   --->   "%min_v_79 = load i16 %min_v_12"   --->   Operation 161 'load' 'min_v_79' <Predicate = true> <Delay = 0.00>
ST_6 : Operation 162 [1/1] (0.00ns)   --->   "%min_v_76 = load i16 %min_v_14"   --->   Operation 162 'load' 'min_v_76' <Predicate = true> <Delay = 0.00>
ST_6 : Operation 163 [1/1] (0.00ns)   --->   "%specpipeline_ln44 = specpipeline void @_ssdm_op_SpecPipeline, i32 1, i32 0, i32 0, i32 0, void @empty_5" [top.cpp:44]   --->   Operation 163 'specpipeline' 'specpipeline_ln44' <Predicate = true> <Delay = 0.00>
ST_6 : Operation 164 [1/1] (0.00ns)   --->   "%speclooptripcount_ln43 = speclooptripcount void @_ssdm_op_SpecLoopTripCount, i64 16642, i64 16642, i64 16642" [top.cpp:43]   --->   Operation 164 'speclooptripcount' 'speclooptripcount_ln43' <Predicate = true> <Delay = 0.00>
ST_6 : Operation 165 [1/1] (0.00ns)   --->   "%specloopname_ln43 = specloopname void @_ssdm_op_SpecLoopName, void @empty_12" [top.cpp:43]   --->   Operation 165 'specloopname' 'specloopname_ln43' <Predicate = true> <Delay = 0.00>
ST_6 : Operation 166 [1/1] (0.00ns)   --->   "%min_v_load = load i16 %min_v" [top.cpp:62]   --->   Operation 166 'load' 'min_v_load' <Predicate = (icmp_ln54 & !or_ln58_4)> <Delay = 0.00>
ST_6 : Operation 167 [1/1] (0.00ns)   --->   "%min_v_4024_load = load i16 %min_v_4024" [top.cpp:62]   --->   Operation 167 'load' 'min_v_4024_load' <Predicate = (icmp_ln54 & !or_ln58_4)> <Delay = 0.00>
ST_6 : Operation 168 [1/1] (1.01ns)   --->   "%icmp_ln62_20 = icmp_slt  i16 %min_v_4024_load, i16 %min_v_75" [top.cpp:62]   --->   Operation 168 'icmp' 'icmp_ln62_20' <Predicate = (icmp_ln54 & !or_ln58_4)> <Delay = 1.01> <CoreInst = "Cmp">   --->   Core 9 'Cmp' <Latency = 0> <II = 1> <Delay = 1.01> <FuncUnit> <Opcode : 'seteq' 'setne' 'setle' 'setge' 'setlt' 'setgt'> <InPorts = 2> <OutPorts = 1>
ST_6 : Operation 169 [1/1] (0.42ns)   --->   "%min_v_77 = select i1 %icmp_ln62_20, i16 %min_v_4024_load, i16 %min_v_75" [top.cpp:62]   --->   Operation 169 'select' 'min_v_77' <Predicate = (icmp_ln54 & !or_ln58_4)> <Delay = 0.42> <CoreInst = "Sel">   --->   Core 73 'Sel' <Latency = 0> <II = 1> <Delay = 0.42> <FuncUnit> <Opcode : 'select'> <InPorts = 3> <OutPorts = 1>
ST_6 : Operation 170 [1/1] (1.01ns)   --->   "%icmp_ln62_21 = icmp_slt  i16 %min_v_76, i16 %min_v_77" [top.cpp:62]   --->   Operation 170 'icmp' 'icmp_ln62_21' <Predicate = (icmp_ln54 & !or_ln58_4)> <Delay = 1.01> <CoreInst = "Cmp">   --->   Core 9 'Cmp' <Latency = 0> <II = 1> <Delay = 1.01> <FuncUnit> <Opcode : 'seteq' 'setne' 'setle' 'setge' 'setlt' 'setgt'> <InPorts = 2> <OutPorts = 1>
ST_6 : Operation 171 [1/1] (0.42ns)   --->   "%min_v_78 = select i1 %icmp_ln62_21, i16 %min_v_76, i16 %min_v_77" [top.cpp:62]   --->   Operation 171 'select' 'min_v_78' <Predicate = (icmp_ln54 & !or_ln58_4)> <Delay = 0.42> <CoreInst = "Sel">   --->   Core 73 'Sel' <Latency = 0> <II = 1> <Delay = 0.42> <FuncUnit> <Opcode : 'select'> <InPorts = 3> <OutPorts = 1>
ST_6 : Operation 172 [1/1] (1.01ns)   --->   "%icmp_ln62_22 = icmp_slt  i16 %min_v_load, i16 %min_v_78" [top.cpp:62]   --->   Operation 172 'icmp' 'icmp_ln62_22' <Predicate = (icmp_ln54 & !or_ln58_4)> <Delay = 1.01> <CoreInst = "Cmp">   --->   Core 9 'Cmp' <Latency = 0> <II = 1> <Delay = 1.01> <FuncUnit> <Opcode : 'seteq' 'setne' 'setle' 'setge' 'setlt' 'setgt'> <InPorts = 2> <OutPorts = 1>
ST_6 : Operation 173 [1/1] (0.42ns)   --->   "%min_v_80 = select i1 %icmp_ln62_22, i16 %min_v_load, i16 %min_v_78" [top.cpp:62]   --->   Operation 173 'select' 'min_v_80' <Predicate = (icmp_ln54 & !or_ln58_4)> <Delay = 0.42> <CoreInst = "Sel">   --->   Core 73 'Sel' <Latency = 0> <II = 1> <Delay = 0.42> <FuncUnit> <Opcode : 'select'> <InPorts = 3> <OutPorts = 1>
ST_6 : Operation 174 [1/1] (1.01ns)   --->   "%icmp_ln62_23 = icmp_slt  i16 %min_v_79, i16 %min_v_80" [top.cpp:62]   --->   Operation 174 'icmp' 'icmp_ln62_23' <Predicate = (icmp_ln54 & !or_ln58_4)> <Delay = 1.01> <CoreInst = "Cmp">   --->   Core 9 'Cmp' <Latency = 0> <II = 1> <Delay = 1.01> <FuncUnit> <Opcode : 'seteq' 'setne' 'setle' 'setge' 'setlt' 'setgt'> <InPorts = 2> <OutPorts = 1>
ST_6 : Operation 175 [1/1] (0.42ns)   --->   "%min_v_82 = select i1 %icmp_ln62_23, i16 %min_v_79, i16 %min_v_80" [top.cpp:62]   --->   Operation 175 'select' 'min_v_82' <Predicate = (icmp_ln54 & !or_ln58_4)> <Delay = 0.42> <CoreInst = "Sel">   --->   Core 73 'Sel' <Latency = 0> <II = 1> <Delay = 0.42> <FuncUnit> <Opcode : 'select'> <InPorts = 3> <OutPorts = 1>
ST_6 : Operation 176 [1/1] (1.01ns)   --->   "%icmp_ln62_24 = icmp_slt  i16 %val_4, i16 %min_v_82" [top.cpp:62]   --->   Operation 176 'icmp' 'icmp_ln62_24' <Predicate = (icmp_ln54 & !or_ln58_4)> <Delay = 1.01> <CoreInst = "Cmp">   --->   Core 9 'Cmp' <Latency = 0> <II = 1> <Delay = 1.01> <FuncUnit> <Opcode : 'seteq' 'setne' 'setle' 'setge' 'setlt' 'setgt'> <InPorts = 2> <OutPorts = 1>
ST_6 : Operation 177 [1/1] (0.00ns) (grouped into LUT with out node min_v_50)   --->   "%min_v_83 = select i1 %icmp_ln62_24, i16 %val_4, i16 %min_v_82" [top.cpp:62]   --->   Operation 177 'select' 'min_v_83' <Predicate = (icmp_ln54 & !or_ln58_4)> <Delay = 0.00> <CoreInst = "Sel">   --->   Core 73 'Sel' <Latency = 0> <II = 1> <Delay = 0.42> <FuncUnit> <Opcode : 'select'> <InPorts = 3> <OutPorts = 1>
ST_6 : Operation 178 [1/1] (0.42ns) (out node of the LUT)   --->   "%min_v_50 = select i1 %or_ln58_4, i16 0, i16 %min_v_83" [top.cpp:58]   --->   Operation 178 'select' 'min_v_50' <Predicate = (icmp_ln54)> <Delay = 0.42> <CoreInst = "Sel">   --->   Core 73 'Sel' <Latency = 0> <II = 1> <Delay = 0.42> <FuncUnit> <Opcode : 'select'> <InPorts = 3> <OutPorts = 1>
ST_6 : Operation 179 [1/1] (0.00ns)   --->   "%min_v_load_1 = load i16 %min_v" [top.cpp:57]   --->   Operation 179 'load' 'min_v_load_1' <Predicate = true> <Delay = 0.00>
ST_6 : Operation 180 [1/1] (0.00ns)   --->   "%store_ln57 = store i16 %min_v_load_1, i16 %min_v_14" [top.cpp:57]   --->   Operation 180 'store' 'store_ln57' <Predicate = true> <Delay = 0.00>
ST_6 : Operation 181 [1/1] (0.00ns)   --->   "%store_ln57 = store i16 %val_4, i16 %min_v_12" [top.cpp:57]   --->   Operation 181 'store' 'store_ln57' <Predicate = true> <Delay = 0.00>
ST_6 : Operation 182 [1/1] (0.00ns)   --->   "%store_ln0 = store i16 %min_v_76, i16 %min_v_4024"   --->   Operation 182 'store' 'store_ln0' <Predicate = true> <Delay = 0.00>
ST_6 : Operation 183 [1/1] (0.00ns)   --->   "%store_ln57 = store i16 %min_v_79, i16 %min_v" [top.cpp:57]   --->   Operation 183 'store' 'store_ln57' <Predicate = true> <Delay = 0.00>

State 7 <SV = 6> <Delay = 1.86>
ST_7 : Operation 184 [1/1] ( I:1.86ns O:1.86ns )   --->   "%write_ln64 = write void @_ssdm_op_Write.ap_fifo.volatile.i16P0A, i16 %s2, i16 %min_v_50" [top.cpp:64]   --->   Operation 184 'write' 'write_ln64' <Predicate = (icmp_ln54)> <Delay = 1.86> <CoreInst = "FIFO">   --->   Core 77 'FIFO' <Latency = 0> <II = 1> <Delay = 1.86> <Storage> <Opcode : 'read' 'write' 'nbread' 'nbwrite'> <Ports = 0> <Width = 16> <Depth = 256> <FIFO>
ST_7 : Operation 185 [1/1] (0.00ns)   --->   "%br_ln65 = br void %for.inc99.i" [top.cpp:65]   --->   Operation 185 'br' 'br_ln65' <Predicate = (icmp_ln54)> <Delay = 0.00>
ST_7 : Operation 186 [1/1] (0.48ns)   --->   "%ret_ln0 = ret"   --->   Operation 186 'ret' 'ret_ln0' <Predicate = (icmp_ln43)> <Delay = 0.48>


============================================================
+ Verbose Summary: Timing violations
============================================================
Target clock period: 10.000ns, clock uncertainty: 2.700ns.

 <State 1>: 2.825ns
The critical path consists of the following:
	'store' operation 0 bit ('store_ln0') of constant 0 on local variable 'i41' [36]  (0.489 ns)
	'load' operation 15 bit ('i41_load', top.cpp:55) on local variable 'i41' [39]  (0.000 ns)
	'add' operation 15 bit ('add_ln55', top.cpp:55) [88]  (1.002 ns)
	'icmp' operation 1 bit ('icmp_ln58_5', top.cpp:58) [146]  (1.002 ns)
	'or' operation 1 bit ('or_ln58_1', top.cpp:58) [148]  (0.000 ns)
	'or' operation 1 bit ('or_ln58_4', top.cpp:58) [151]  (0.331 ns)

 <State 2>: 7.180ns
The critical path consists of the following:
	'load' operation 16 bit ('min_v40_load', top.cpp:62) on local variable 'min_v40' [87]  (0.000 ns)
	'icmp' operation 1 bit ('icmp_ln62', top.cpp:62) [90]  (1.016 ns)
	'select' operation 16 bit ('min_v', top.cpp:62) [91]  (0.420 ns)
	'icmp' operation 1 bit ('icmp_ln62_1', top.cpp:62) [92]  (1.016 ns)
	'select' operation 16 bit ('min_v', top.cpp:62) [93]  (0.420 ns)
	'icmp' operation 1 bit ('icmp_ln62_2', top.cpp:62) [94]  (1.016 ns)
	'select' operation 16 bit ('min_v', top.cpp:62) [95]  (0.420 ns)
	'icmp' operation 1 bit ('icmp_ln62_3', top.cpp:62) [96]  (1.016 ns)
	'select' operation 16 bit ('min_v', top.cpp:62) [97]  (0.420 ns)
	'icmp' operation 1 bit ('icmp_ln62_4', top.cpp:62) [98]  (1.016 ns)
	'select' operation 16 bit ('min_v', top.cpp:62) [99]  (0.420 ns)

 <State 3>: 7.180ns
The critical path consists of the following:
	'load' operation 16 bit ('min_v_1036_load', top.cpp:62) on local variable 'min_v_1036' [85]  (0.000 ns)
	'icmp' operation 1 bit ('icmp_ln62_5', top.cpp:62) [100]  (1.016 ns)
	'select' operation 16 bit ('min_v', top.cpp:62) [101]  (0.420 ns)
	'icmp' operation 1 bit ('icmp_ln62_6', top.cpp:62) [102]  (1.016 ns)
	'select' operation 16 bit ('min_v', top.cpp:62) [103]  (0.420 ns)
	'icmp' operation 1 bit ('icmp_ln62_7', top.cpp:62) [104]  (1.016 ns)
	'select' operation 16 bit ('min_v', top.cpp:62) [105]  (0.420 ns)
	'icmp' operation 1 bit ('icmp_ln62_8', top.cpp:62) [106]  (1.016 ns)
	'select' operation 16 bit ('min_v', top.cpp:62) [107]  (0.420 ns)
	'icmp' operation 1 bit ('icmp_ln62_9', top.cpp:62) [108]  (1.016 ns)
	'select' operation 16 bit ('min_v', top.cpp:62) [109]  (0.420 ns)

 <State 4>: 7.180ns
The critical path consists of the following:
	'load' operation 16 bit ('min_v_2032_load', top.cpp:62) on local variable 'min_v_2032' [83]  (0.000 ns)
	'icmp' operation 1 bit ('icmp_ln62_10', top.cpp:62) [110]  (1.016 ns)
	'select' operation 16 bit ('min_v', top.cpp:62) [111]  (0.420 ns)
	'icmp' operation 1 bit ('icmp_ln62_11', top.cpp:62) [112]  (1.016 ns)
	'select' operation 16 bit ('min_v', top.cpp:62) [113]  (0.420 ns)
	'icmp' operation 1 bit ('icmp_ln62_12', top.cpp:62) [114]  (1.016 ns)
	'select' operation 16 bit ('min_v', top.cpp:62) [115]  (0.420 ns)
	'icmp' operation 1 bit ('icmp_ln62_13', top.cpp:62) [116]  (1.016 ns)
	'select' operation 16 bit ('min_v', top.cpp:62) [117]  (0.420 ns)
	'icmp' operation 1 bit ('icmp_ln62_14', top.cpp:62) [118]  (1.016 ns)
	'select' operation 16 bit ('min_v', top.cpp:62) [119]  (0.420 ns)

 <State 5>: 7.180ns
The critical path consists of the following:
	'load' operation 16 bit ('min_v_3028_load', top.cpp:62) on local variable 'min_v_3028' [81]  (0.000 ns)
	'icmp' operation 1 bit ('icmp_ln62_15', top.cpp:62) [120]  (1.016 ns)
	'select' operation 16 bit ('min_v', top.cpp:62) [121]  (0.420 ns)
	'icmp' operation 1 bit ('icmp_ln62_16', top.cpp:62) [122]  (1.016 ns)
	'select' operation 16 bit ('min_v', top.cpp:62) [123]  (0.420 ns)
	'icmp' operation 1 bit ('icmp_ln62_17', top.cpp:62) [124]  (1.016 ns)
	'select' operation 16 bit ('min_v', top.cpp:62) [125]  (0.420 ns)
	'icmp' operation 1 bit ('icmp_ln62_18', top.cpp:62) [126]  (1.016 ns)
	'select' operation 16 bit ('min_v', top.cpp:62) [127]  (0.420 ns)
	'icmp' operation 1 bit ('icmp_ln62_19', top.cpp:62) [128]  (1.016 ns)
	'select' operation 16 bit ('min_v', top.cpp:62) [129]  (0.420 ns)

 <State 6>: 7.180ns
The critical path consists of the following:
	'load' operation 16 bit ('min_v_4024_load', top.cpp:62) on local variable 'min_v_4024' [79]  (0.000 ns)
	'icmp' operation 1 bit ('icmp_ln62_20', top.cpp:62) [130]  (1.016 ns)
	'select' operation 16 bit ('min_v', top.cpp:62) [131]  (0.420 ns)
	'icmp' operation 1 bit ('icmp_ln62_21', top.cpp:62) [132]  (1.016 ns)
	'select' operation 16 bit ('min_v', top.cpp:62) [133]  (0.420 ns)
	'icmp' operation 1 bit ('icmp_ln62_22', top.cpp:62) [134]  (1.016 ns)
	'select' operation 16 bit ('min_v', top.cpp:62) [135]  (0.420 ns)
	'icmp' operation 1 bit ('icmp_ln62_23', top.cpp:62) [136]  (1.016 ns)
	'select' operation 16 bit ('min_v', top.cpp:62) [137]  (0.420 ns)
	'icmp' operation 1 bit ('icmp_ln62_24', top.cpp:62) [138]  (1.016 ns)
	'select' operation 16 bit ('min_v', top.cpp:62) [139]  (0.000 ns)
	'select' operation 16 bit ('min_v', top.cpp:58) [152]  (0.420 ns)

 <State 7>: 1.864ns
The critical path consists of the following:
	fifo write operation ('write_ln64', top.cpp:64) on port 's2' (top.cpp:64) [153]  (1.864 ns)


============================================================
+ Verbose Summary: Binding
============================================================
N/A
* FSMD analyzer results:
  - Output states:
 - Input state : 
  - Chain level:
	State 1
	State 2
	State 3
	State 4
	State 5
	State 6
	State 7


============================================================
+ Verbose Summary: Datapath Resource usage 
============================================================
N/A
