

================================================================
== Vitis HLS Report for 'k5_threshold'
================================================================
* Date:           Sat Mar 28 22:53:00 2026

* Version:        2025.1.1 (Build 6214317 on Sep 11 2025)
* Project:        project_1
* Solution:       hls (Vivado IP Flow Target)
* Product family: zynquplus
* Target device:  xczu3eg-sbva484-1-e


================================================================
== Performance Estimates
================================================================
+ Timing: 
    * Summary: 
    +--------+----------+----------+------------+
    |  Clock |  Target  | Estimated| Uncertainty|
    +--------+----------+----------+------------+
    |ap_clk  |  10.00 ns|  7.300 ns|     2.70 ns|
    +--------+----------+----------+------------+

+ Latency: 
    * Summary: 
    +---------+---------+----------+----------+-------+-------+---------+
    |  Latency (cycles) |  Latency (absolute) |    Interval   | Pipeline|
    |   min   |   max   |    min   |    max   |  min  |  max  |   Type  |
    +---------+---------+----------+----------+-------+-------+---------+
    |    32782|    32782|  0.328 ms|  0.328 ms|  32782|  32782|       no|
    +---------+---------+----------+----------+-------+-------+---------+

    + Detail: 
        * Instance: 
        +---------------------------------------------------+----------------------------------------+---------+---------+----------+----------+-------+-------+------------------------------------------------+
        |                                                   |                                        |  Latency (cycles) |  Latency (absolute) |    Interval   |                    Pipeline                    |
        |                      Instance                     |                 Module                 |   min   |   max   |    min   |    max   |  min  |  max  |                      Type                      |
        +---------------------------------------------------+----------------------------------------+---------+---------+----------+----------+-------+-------+------------------------------------------------+
        |grp_k5_threshold_Pipeline_VITIS_LOOP_116_1_fu_102  |k5_threshold_Pipeline_VITIS_LOOP_116_1  |    16386|    16386|  0.164 ms|  0.164 ms|  16385|  16385|  loop auto-rewind stp (delay=0 clock cycles(s))|
        |grp_k5_threshold_Pipeline_VITIS_LOOP_125_2_fu_111  |k5_threshold_Pipeline_VITIS_LOOP_125_2  |    16387|    16387|  0.164 ms|  0.164 ms|  16385|  16385|  loop auto-rewind stp (delay=0 clock cycles(s))|
        +---------------------------------------------------+----------------------------------------+---------+---------+----------+----------+-------+-------+------------------------------------------------+

        * Loop: 
        N/A

============================================================
+ Verbose Summary: Synthesis Manager
============================================================
InlineROM: 1
ExposeGlobal: 0
============================================================
+ Verbose Summary: CDFG Model
============================================================
IsTopModel: 0
ResetActiveHigh: 1
IsCombinational: 2
IsDatapathOnly: 0
HasWiredReturn: 1
HasMFsm: 0
HasVarLatency: 1
IsPipeline: 0
IsRtlPipelined: 0
IsInstanceOverlapped: 0
IsDontTouch: 0
HasImplIP: 0
IsGatedGlobalClock: 0


============================================================
+ Verbose Summary: Schedule
============================================================
* Number of FSM states : 10
* Pipeline : 0
* Dataflow Pipeline: 0

* FSM state transitions: 
1 --> 2 
2 --> 3 
3 --> 4 
4 --> 5 
5 --> 6 
6 --> 7 
7 --> 8 
8 --> 9 
9 --> 10 
10 --> 

* FSM state operations: 

State 1 <SV = 0> <Delay = 2.14>
ST_1 : Operation 11 [1/1] (0.00ns)   --->   "%total_sum_loc = alloca i64 1"   --->   Operation 11 'alloca' 'total_sum_loc' <Predicate = true> <Delay = 0.00>
ST_1 : Operation 12 [1/1] ( I:2.14ns O:2.14ns )   --->   "%out_1 = read i64 @_ssdm_op_Read.ap_fifo.i64P0A, i64 %out_r" [top.cpp:112]   --->   Operation 12 'read' 'out_1' <Predicate = true> <Delay = 2.14> <CoreInst = "FIFO_SRL">   --->   Core 80 'FIFO_SRL' <Latency = 0> <II = 1> <Delay = 2.14> <Storage> <Opcode : 'read' 'write' 'nbread' 'nbwrite'> <Ports = 0> <Width = 64> <Depth = 7> <FIFO>
ST_1 : Operation 13 [2/2] (0.00ns)   --->   "%call_ln0 = call void @k5_threshold_Pipeline_VITIS_LOOP_116_1, i32 %total_sum_loc, i16 %s4, i16 %local_storage"   --->   Operation 13 'call' 'call_ln0' <Predicate = true> <Delay = 0.00> <CoreType = "Generic">   --->   Generic Core
ST_1 : Operation 14 [1/1] (0.00ns)   --->   "%trunc_ln1 = partselect i63 @_ssdm_op_PartSelect.i63.i64.i32.i32, i64 %out_1, i32 1, i32 63" [top.cpp:125]   --->   Operation 14 'partselect' 'trunc_ln1' <Predicate = true> <Delay = 0.00>

State 2 <SV = 1> <Delay = 1.98>
ST_2 : Operation 15 [1/2] (1.98ns)   --->   "%call_ln0 = call void @k5_threshold_Pipeline_VITIS_LOOP_116_1, i32 %total_sum_loc, i16 %s4, i16 %local_storage"   --->   Operation 15 'call' 'call_ln0' <Predicate = true> <Delay = 1.98> <CoreType = "Generic">   --->   Generic Core

State 3 <SV = 2> <Delay = 7.30>
ST_3 : Operation 16 [1/1] (0.00ns)   --->   "%sext_ln125 = sext i63 %trunc_ln1" [top.cpp:125]   --->   Operation 16 'sext' 'sext_ln125' <Predicate = true> <Delay = 0.00>
ST_3 : Operation 17 [1/1] (0.00ns)   --->   "%gmem1_addr = getelementptr i16 %gmem1, i64 %sext_ln125" [top.cpp:125]   --->   Operation 17 'getelementptr' 'gmem1_addr' <Predicate = true> <Delay = 0.00>
ST_3 : Operation 18 [1/1] (7.30ns)   --->   "%empty = writereq i1 @_ssdm_op_WriteReq.m_axi.p1i16, i16 %gmem1_addr, i64 16384" [top.cpp:125]   --->   Operation 18 'writereq' 'empty' <Predicate = true> <Delay = 7.30> <CoreInst = "m_axi">   --->   Core 119 'm_axi' <Latency = 9> <II = 1> <Delay = 1.00> <Adapter> <Opcode : 'read' 'write' 'readreq' 'writereq' 'writeresp'>

State 4 <SV = 3> <Delay = 2.77>
ST_4 : Operation 19 [1/1] (0.00ns)   --->   "%total_sum_loc_load = load i32 %total_sum_loc"   --->   Operation 19 'load' 'total_sum_loc_load' <Predicate = true> <Delay = 0.00>
ST_4 : Operation 20 [1/1] (0.00ns)   --->   "%shl_ln = bitconcatenate i44 @_ssdm_op_BitConcatenate.i44.i32.i12, i32 %total_sum_loc_load, i12 0" [top.cpp:123]   --->   Operation 20 'bitconcatenate' 'shl_ln' <Predicate = true> <Delay = 0.00>
ST_4 : Operation 21 [1/1] (0.00ns)   --->   "%tmp_3 = bitselect i1 @_ssdm_op_BitSelect.i1.i32.i32, i32 %total_sum_loc_load, i32 31" [top.cpp:123]   --->   Operation 21 'bitselect' 'tmp_3' <Predicate = true> <Delay = 0.00>
ST_4 : Operation 22 [1/1] (1.25ns)   --->   "%sub_ln123 = sub i44 0, i44 %shl_ln" [top.cpp:123]   --->   Operation 22 'sub' 'sub_ln123' <Predicate = true> <Delay = 1.25> <CoreInst = "Adder">   --->   Core 1 'Adder' <Latency = 0> <II = 1> <Delay = 1.25> <FuncUnit> <Opcode : 'add' 'sub'> <InPorts = 2> <OutPorts = 1>
ST_4 : Operation 23 [1/1] (0.00ns)   --->   "%tmp = partselect i18 @_ssdm_op_PartSelect.i18.i44.i32.i32, i44 %sub_ln123, i32 26, i32 43" [top.cpp:123]   --->   Operation 23 'partselect' 'tmp' <Predicate = true> <Delay = 0.00>
ST_4 : Operation 24 [1/1] (0.00ns)   --->   "%zext_ln123 = zext i18 %tmp" [top.cpp:123]   --->   Operation 24 'zext' 'zext_ln123' <Predicate = true> <Delay = 0.00>
ST_4 : Operation 25 [1/1] (1.03ns)   --->   "%sub_ln123_1 = sub i19 0, i19 %zext_ln123" [top.cpp:123]   --->   Operation 25 'sub' 'sub_ln123_1' <Predicate = true> <Delay = 1.03> <CoreInst = "Adder">   --->   Core 1 'Adder' <Latency = 0> <II = 1> <Delay = 1.03> <FuncUnit> <Opcode : 'add' 'sub'> <InPorts = 2> <OutPorts = 1>
ST_4 : Operation 26 [1/1] (0.00ns)   --->   "%tmp_1 = partselect i15 @_ssdm_op_PartSelect.i15.i19.i32.i32, i19 %sub_ln123_1, i32 4, i32 18" [top.cpp:123]   --->   Operation 26 'partselect' 'tmp_1' <Predicate = true> <Delay = 0.00>
ST_4 : Operation 27 [1/1] (0.00ns)   --->   "%tmp_2 = partselect i14 @_ssdm_op_PartSelect.i14.i32.i32.i32, i32 %total_sum_loc_load, i32 18, i32 31" [top.cpp:123]   --->   Operation 27 'partselect' 'tmp_2' <Predicate = true> <Delay = 0.00>
ST_4 : Operation 28 [1/1] (0.00ns)   --->   "%zext_ln123_1 = zext i14 %tmp_2" [top.cpp:123]   --->   Operation 28 'zext' 'zext_ln123_1' <Predicate = true> <Delay = 0.00>
ST_4 : Operation 29 [1/1] (0.48ns)   --->   "%global_avg = select i1 %tmp_3, i15 %tmp_1, i15 %zext_ln123_1" [top.cpp:123]   --->   Operation 29 'select' 'global_avg' <Predicate = true> <Delay = 0.48> <CoreInst = "Sel">   --->   Core 73 'Sel' <Latency = 0> <II = 1> <Delay = 0.48> <FuncUnit> <Opcode : 'select'> <InPorts = 3> <OutPorts = 1>
ST_4 : Operation 30 [2/2] (0.00ns)   --->   "%call_ln123 = call void @k5_threshold_Pipeline_VITIS_LOOP_125_2, i15 %global_avg, i16 %gmem1, i63 %trunc_ln1, i16 %local_storage" [top.cpp:123]   --->   Operation 30 'call' 'call_ln123' <Predicate = true> <Delay = 0.00> <CoreType = "Generic">   --->   Generic Core

State 5 <SV = 4> <Delay = 0.00>
ST_5 : Operation 31 [1/2] (0.00ns)   --->   "%call_ln123 = call void @k5_threshold_Pipeline_VITIS_LOOP_125_2, i15 %global_avg, i16 %gmem1, i63 %trunc_ln1, i16 %local_storage" [top.cpp:123]   --->   Operation 31 'call' 'call_ln123' <Predicate = true> <Delay = 0.00> <CoreType = "Generic">   --->   Generic Core

State 6 <SV = 5> <Delay = 7.30>
ST_6 : Operation 32 [5/5] (7.30ns)   --->   "%empty_44 = writeresp i1 @_ssdm_op_WriteResp.m_axi.p1i16, i16 %gmem1_addr" [top.cpp:129]   --->   Operation 32 'writeresp' 'empty_44' <Predicate = true> <Delay = 7.30> <CoreInst = "m_axi">   --->   Core 119 'm_axi' <Latency = 3> <II = 1> <Delay = 1.00> <Adapter> <Opcode : 'read' 'write' 'readreq' 'writereq' 'writeresp'>

State 7 <SV = 6> <Delay = 7.30>
ST_7 : Operation 33 [4/5] (7.30ns)   --->   "%empty_44 = writeresp i1 @_ssdm_op_WriteResp.m_axi.p1i16, i16 %gmem1_addr" [top.cpp:129]   --->   Operation 33 'writeresp' 'empty_44' <Predicate = true> <Delay = 7.30> <CoreInst = "m_axi">   --->   Core 119 'm_axi' <Latency = 3> <II = 1> <Delay = 1.00> <Adapter> <Opcode : 'read' 'write' 'readreq' 'writereq' 'writeresp'>

State 8 <SV = 7> <Delay = 7.30>
ST_8 : Operation 34 [3/5] (7.30ns)   --->   "%empty_44 = writeresp i1 @_ssdm_op_WriteResp.m_axi.p1i16, i16 %gmem1_addr" [top.cpp:129]   --->   Operation 34 'writeresp' 'empty_44' <Predicate = true> <Delay = 7.30> <CoreInst = "m_axi">   --->   Core 119 'm_axi' <Latency = 3> <II = 1> <Delay = 1.00> <Adapter> <Opcode : 'read' 'write' 'readreq' 'writereq' 'writeresp'>

State 9 <SV = 8> <Delay = 7.30>
ST_9 : Operation 35 [2/5] (7.30ns)   --->   "%empty_44 = writeresp i1 @_ssdm_op_WriteResp.m_axi.p1i16, i16 %gmem1_addr" [top.cpp:129]   --->   Operation 35 'writeresp' 'empty_44' <Predicate = true> <Delay = 7.30> <CoreInst = "m_axi">   --->   Core 119 'm_axi' <Latency = 3> <II = 1> <Delay = 1.00> <Adapter> <Opcode : 'read' 'write' 'readreq' 'writereq' 'writeresp'>

State 10 <SV = 9> <Delay = 7.30>
ST_10 : Operation 36 [1/1] (0.00ns)   --->   "%specinterface_ln0 = specinterface void @_ssdm_op_SpecInterface, i64 %out_r, void @ap_fifo_str, i32 0, i32 0, void @p_str, i32 0, i32 0, void @p_str, void @p_str, void @p_str, i32 2, i32 2, i32 16, i32 16, void @p_str, void @ScalarProp_str, i32 4294967295, i32 0, i32 0"   --->   Operation 36 'specinterface' 'specinterface_ln0' <Predicate = true> <Delay = 0.00>
ST_10 : Operation 37 [1/1] (0.00ns)   --->   "%specinterface_ln0 = specinterface void @_ssdm_op_SpecInterface, i16 %s4, void @empty_4, i32 0, i32 0, void @empty_5, i32 0, i32 0, void @empty_5, void @empty_5, void @empty_5, i32 0, i32 0, i32 0, i32 0, void @empty_5, void @empty_5, i32 4294967295, i32 0, i32 0"   --->   Operation 37 'specinterface' 'specinterface_ln0' <Predicate = true> <Delay = 0.00>
ST_10 : Operation 38 [1/1] (0.00ns)   --->   "%specinterface_ln0 = specinterface void @_ssdm_op_SpecInterface, i16 %s4, void @empty_4, i32 0, i32 0, void @empty_5, i32 0, i32 0, void @empty_5, void @empty_5, void @empty_5, i32 0, i32 0, i32 0, i32 0, void @empty_5, void @empty_5, i32 4294967295, i32 0, i32 0"   --->   Operation 38 'specinterface' 'specinterface_ln0' <Predicate = true> <Delay = 0.00>
ST_10 : Operation 39 [1/1] (0.00ns)   --->   "%specinterface_ln0 = specinterface void @_ssdm_op_SpecInterface, i16 %s4, void @empty_4, i32 0, i32 0, void @empty_5, i32 0, i32 0, void @empty_5, void @empty_5, void @empty_5, i32 0, i32 0, i32 0, i32 0, void @empty_5, void @empty_5, i32 4294967295, i32 0, i32 0"   --->   Operation 39 'specinterface' 'specinterface_ln0' <Predicate = true> <Delay = 0.00>
ST_10 : Operation 40 [1/1] (0.00ns)   --->   "%specinterface_ln0 = specinterface void @_ssdm_op_SpecInterface, i16 %s4, void @empty_4, i32 0, i32 0, void @empty_5, i32 0, i32 0, void @empty_5, void @empty_5, void @empty_5, i32 0, i32 0, i32 0, i32 0, void @empty_5, void @empty_5, i32 4294967295, i32 0, i32 0"   --->   Operation 40 'specinterface' 'specinterface_ln0' <Predicate = true> <Delay = 0.00>
ST_10 : Operation 41 [1/1] (0.00ns)   --->   "%specinterface_ln0 = specinterface void @_ssdm_op_SpecInterface, i16 %gmem1, void @empty_6, i32 0, i32 0, void @empty_5, i32 0, i32 0, void @empty_2, void @empty_3, void @empty_5, i32 16, i32 16, i32 16, i32 16, void @empty_5, void @empty_5, i32 4294967295, i32 0, i32 0"   --->   Operation 41 'specinterface' 'specinterface_ln0' <Predicate = true> <Delay = 0.00>
ST_10 : Operation 42 [1/5] (7.30ns)   --->   "%empty_44 = writeresp i1 @_ssdm_op_WriteResp.m_axi.p1i16, i16 %gmem1_addr" [top.cpp:129]   --->   Operation 42 'writeresp' 'empty_44' <Predicate = true> <Delay = 7.30> <CoreInst = "m_axi">   --->   Core 119 'm_axi' <Latency = 3> <II = 1> <Delay = 1.00> <Adapter> <Opcode : 'read' 'write' 'readreq' 'writereq' 'writeresp'>
ST_10 : Operation 43 [1/1] (0.00ns)   --->   "%ret_ln0 = ret"   --->   Operation 43 'ret' 'ret_ln0' <Predicate = true> <Delay = 0.00>


============================================================
+ Verbose Summary: Binding
============================================================
STG Binding: 
---------------- STG Properties BEGIN ----------------
- Is combinational: 0
- Is one-state seq: 0
- Is datapath-only: 0
- Is pipelined: 0
- Is top level: 0
Port [ Return ] is wired: 1; IO mode=ap_ctrl_hs:ce=0
Port [ gmem1]:  wired=1; compound=1; hidden=0; nouse=0; global=0; static=0; extern=0; dir=1; type=4; pingpong=0; private_global=0; IO mode=m_axi:ce=0
Port [ out_r]:  wired=1; compound=1; hidden=0; nouse=0; global=0; static=0; extern=0; dir=0; type=3; pingpong=0; private_global=0; IO mode=ap_fifo:ce=0
Port [ s4]:  wired=1; compound=1; hidden=0; nouse=0; global=1; static=1; extern=0; dir=0; type=3; pingpong=0; private_global=0; IO mode=ap_fifo:ce=0
Port [ local_storage]:  wired=0; compound=1; hidden=1; nouse=0; global=1; static=1; extern=0; dir=2; type=1; pingpong=0; private_global=1; MemPort=[23]; IO mode=ap_memory:ce=0
---------------- STG Properties END ------------------

---------------- Datapath Model BEGIN ----------------

<LifeTime>
<method=bitvector/>
total_sum_loc      (alloca        ) [ 01111000000]
out_1              (read          ) [ 00000000000]
trunc_ln1          (partselect    ) [ 00111100000]
call_ln0           (call          ) [ 00000000000]
sext_ln125         (sext          ) [ 00000000000]
gmem1_addr         (getelementptr ) [ 00001111111]
empty              (writereq      ) [ 00000000000]
total_sum_loc_load (load          ) [ 00000000000]
shl_ln             (bitconcatenate) [ 00000000000]
tmp_3              (bitselect     ) [ 00000000000]
sub_ln123          (sub           ) [ 00000000000]
tmp                (partselect    ) [ 00000000000]
zext_ln123         (zext          ) [ 00000000000]
sub_ln123_1        (sub           ) [ 00000000000]
tmp_1              (partselect    ) [ 00000000000]
tmp_2              (partselect    ) [ 00000000000]
zext_ln123_1       (zext          ) [ 00000000000]
global_avg         (select        ) [ 00000100000]
call_ln123         (call          ) [ 00000000000]
specinterface_ln0  (specinterface ) [ 00000000000]
specinterface_ln0  (specinterface ) [ 00000000000]
specinterface_ln0  (specinterface ) [ 00000000000]
specinterface_ln0  (specinterface ) [ 00000000000]
specinterface_ln0  (specinterface ) [ 00000000000]
specinterface_ln0  (specinterface ) [ 00000000000]
empty_44           (writeresp     ) [ 00000000000]
ret_ln0            (ret           ) [ 00000000000]
</LifeTime>

<model>

<comp_list>
<comp id="0" class="1000" name="gmem1">
<pin_list>
<pin id="1" dir="1" index="0" bw="1" slack="0"/>
</pin_list>
<bind>
<StgValue><ssdm name="gmem1"/><MemPortTyVec>1 </MemPortTyVec>
</StgValue>
</bind>
</comp>

<comp id="2" class="1000" name="out_r">
<pin_list>
<pin id="3" dir="1" index="0" bw="1" slack="0"/>
</pin_list>
<bind>
<StgValue><ssdm name="out_r"/></StgValue>
</bind>
</comp>

<comp id="4" class="1000" name="s4">
<pin_list>
<pin id="5" dir="1" index="0" bw="1" slack="0"/>
</pin_list>
<bind>
<StgValue><ssdm name="s4"/></StgValue>
</bind>
</comp>

<comp id="6" class="1000" name="local_storage">
<pin_list>
<pin id="7" dir="1" index="0" bw="1" slack="0"/>
</pin_list>
<bind>
<StgValue><ssdm name="local_storage"/><MemPortTyVec>2 3 </MemPortTyVec>
</StgValue>
</bind>
</comp>

<comp id="8" class="1001" name="const_8">
<pin_list>
<pin id="9" dir="1" index="0" bw="1" slack="0"/>
</pin_list>
<bind>
<StgValue><ssdm name=""/></StgValue>
</bind>
</comp>

<comp id="10" class="1001" name="const_10">
<pin_list>
<pin id="11" dir="1" index="0" bw="1" slack="0"/>
</pin_list>
<bind>
<StgValue><ssdm name="_ssdm_op_Read.ap_fifo.i64P0A"/></StgValue>
</bind>
</comp>

<comp id="12" class="1001" name="const_12">
<pin_list>
<pin id="13" dir="1" index="0" bw="1" slack="0"/>
</pin_list>
<bind>
<StgValue><ssdm name="k5_threshold_Pipeline_VITIS_LOOP_116_1"/></StgValue>
</bind>
</comp>

<comp id="14" class="1001" name="const_14">
<pin_list>
<pin id="15" dir="1" index="0" bw="1" slack="0"/>
</pin_list>
<bind>
<StgValue><ssdm name="_ssdm_op_PartSelect.i63.i64.i32.i32"/></StgValue>
</bind>
</comp>

<comp id="16" class="1001" name="const_16">
<pin_list>
<pin id="17" dir="1" index="0" bw="1" slack="0"/>
</pin_list>
<bind>
<StgValue><ssdm name=""/></StgValue>
</bind>
</comp>

<comp id="18" class="1001" name="const_18">
<pin_list>
<pin id="19" dir="1" index="0" bw="1" slack="0"/>
</pin_list>
<bind>
<StgValue><ssdm name=""/></StgValue>
</bind>
</comp>

<comp id="20" class="1001" name="const_20">
<pin_list>
<pin id="21" dir="1" index="0" bw="1" slack="0"/>
</pin_list>
<bind>
<StgValue><ssdm name="_ssdm_op_WriteReq.m_axi.p1i16"/></StgValue>
</bind>
</comp>

<comp id="22" class="1001" name="const_22">
<pin_list>
<pin id="23" dir="1" index="0" bw="1" slack="0"/>
</pin_list>
<bind>
<StgValue><ssdm name=""/></StgValue>
</bind>
</comp>

<comp id="24" class="1001" name="const_24">
<pin_list>
<pin id="25" dir="1" index="0" bw="1" slack="0"/>
</pin_list>
<bind>
<StgValue><ssdm name="_ssdm_op_BitConcatenate.i44.i32.i12"/></StgValue>
</bind>
</comp>

<comp id="26" class="1001" name="const_26">
<pin_list>
<pin id="27" dir="1" index="0" bw="1" slack="0"/>
</pin_list>
<bind>
<StgValue><ssdm name=""/></StgValue>
</bind>
</comp>

<comp id="28" class="1001" name="const_28">
<pin_list>
<pin id="29" dir="1" index="0" bw="1" slack="0"/>
</pin_list>
<bind>
<StgValue><ssdm name="_ssdm_op_BitSelect.i1.i32.i32"/></StgValue>
</bind>
</comp>

<comp id="30" class="1001" name="const_30">
<pin_list>
<pin id="31" dir="1" index="0" bw="1" slack="0"/>
</pin_list>
<bind>
<StgValue><ssdm name=""/></StgValue>
</bind>
</comp>

<comp id="32" class="1001" name="const_32">
<pin_list>
<pin id="33" dir="1" index="0" bw="1" slack="0"/>
</pin_list>
<bind>
<StgValue><ssdm name=""/></StgValue>
</bind>
</comp>

<comp id="34" class="1001" name="const_34">
<pin_list>
<pin id="35" dir="1" index="0" bw="1" slack="0"/>
</pin_list>
<bind>
<StgValue><ssdm name="_ssdm_op_PartSelect.i18.i44.i32.i32"/></StgValue>
</bind>
</comp>

<comp id="36" class="1001" name="const_36">
<pin_list>
<pin id="37" dir="1" index="0" bw="1" slack="0"/>
</pin_list>
<bind>
<StgValue><ssdm name=""/></StgValue>
</bind>
</comp>

<comp id="38" class="1001" name="const_38">
<pin_list>
<pin id="39" dir="1" index="0" bw="1" slack="0"/>
</pin_list>
<bind>
<StgValue><ssdm name=""/></StgValue>
</bind>
</comp>

<comp id="40" class="1001" name="const_40">
<pin_list>
<pin id="41" dir="1" index="0" bw="1" slack="0"/>
</pin_list>
<bind>
<StgValue><ssdm name=""/></StgValue>
</bind>
</comp>

<comp id="42" class="1001" name="const_42">
<pin_list>
<pin id="43" dir="1" index="0" bw="1" slack="0"/>
</pin_list>
<bind>
<StgValue><ssdm name="_ssdm_op_PartSelect.i15.i19.i32.i32"/></StgValue>
</bind>
</comp>

<comp id="44" class="1001" name="const_44">
<pin_list>
<pin id="45" dir="1" index="0" bw="1" slack="0"/>
</pin_list>
<bind>
<StgValue><ssdm name=""/></StgValue>
</bind>
</comp>

<comp id="46" class="1001" name="const_46">
<pin_list>
<pin id="47" dir="1" index="0" bw="1" slack="0"/>
</pin_list>
<bind>
<StgValue><ssdm name=""/></StgValue>
</bind>
</comp>

<comp id="48" class="1001" name="const_48">
<pin_list>
<pin id="49" dir="1" index="0" bw="1" slack="0"/>
</pin_list>
<bind>
<StgValue><ssdm name="_ssdm_op_PartSelect.i14.i32.i32.i32"/></StgValue>
</bind>
</comp>

<comp id="50" class="1001" name="const_50">
<pin_list>
<pin id="51" dir="1" index="0" bw="1" slack="0"/>
</pin_list>
<bind>
<StgValue><ssdm name="k5_threshold_Pipeline_VITIS_LOOP_125_2"/></StgValue>
</bind>
</comp>

<comp id="52" class="1001" name="const_52">
<pin_list>
<pin id="53" dir="1" index="0" bw="1" slack="0"/>
</pin_list>
<bind>
<StgValue><ssdm name="_ssdm_op_WriteResp.m_axi.p1i16"/></StgValue>
</bind>
</comp>

<comp id="54" class="1001" name="const_54">
<pin_list>
<pin id="55" dir="1" index="0" bw="1" slack="2147483647"/>
</pin_list>
<bind>
<StgValue><ssdm name="_ssdm_op_SpecInterface"/></StgValue>
</bind>
</comp>

<comp id="56" class="1001" name="const_56">
<pin_list>
<pin id="57" dir="1" index="0" bw="1" slack="2147483647"/>
</pin_list>
<bind>
<StgValue><ssdm name="ap_fifo_str"/></StgValue>
</bind>
</comp>

<comp id="58" class="1001" name="const_58">
<pin_list>
<pin id="59" dir="1" index="0" bw="1" slack="2147483647"/>
</pin_list>
<bind>
<StgValue><ssdm name=""/></StgValue>
</bind>
</comp>

<comp id="60" class="1001" name="const_60">
<pin_list>
<pin id="61" dir="1" index="0" bw="1" slack="2147483647"/>
</pin_list>
<bind>
<StgValue><ssdm name="p_str"/></StgValue>
</bind>
</comp>

<comp id="62" class="1001" name="const_62">
<pin_list>
<pin id="63" dir="1" index="0" bw="1" slack="2147483647"/>
</pin_list>
<bind>
<StgValue><ssdm name=""/></StgValue>
</bind>
</comp>

<comp id="64" class="1001" name="const_64">
<pin_list>
<pin id="65" dir="1" index="0" bw="1" slack="2147483647"/>
</pin_list>
<bind>
<StgValue><ssdm name=""/></StgValue>
</bind>
</comp>

<comp id="66" class="1001" name="const_66">
<pin_list>
<pin id="67" dir="1" index="0" bw="1" slack="2147483647"/>
</pin_list>
<bind>
<StgValue><ssdm name="ScalarProp_str"/></StgValue>
</bind>
</comp>

<comp id="68" class="1001" name="const_68">
<pin_list>
<pin id="69" dir="1" index="0" bw="1" slack="2147483647"/>
</pin_list>
<bind>
<StgValue><ssdm name=""/></StgValue>
</bind>
</comp>

<comp id="70" class="1001" name="const_70">
<pin_list>
<pin id="71" dir="1" index="0" bw="1" slack="2147483647"/>
</pin_list>
<bind>
<StgValue><ssdm name="empty_4"/></StgValue>
</bind>
</comp>

<comp id="72" class="1001" name="const_72">
<pin_list>
<pin id="73" dir="1" index="0" bw="1" slack="2147483647"/>
</pin_list>
<bind>
<StgValue><ssdm name="empty_5"/></StgValue>
</bind>
</comp>

<comp id="74" class="1001" name="const_74">
<pin_list>
<pin id="75" dir="1" index="0" bw="1" slack="2147483647"/>
</pin_list>
<bind>
<StgValue><ssdm name="empty_6"/></StgValue>
</bind>
</comp>

<comp id="76" class="1001" name="const_76">
<pin_list>
<pin id="77" dir="1" index="0" bw="1" slack="2147483647"/>
</pin_list>
<bind>
<StgValue><ssdm name="empty_2"/></StgValue>
</bind>
</comp>

<comp id="78" class="1001" name="const_78">
<pin_list>
<pin id="79" dir="1" index="0" bw="1" slack="2147483647"/>
</pin_list>
<bind>
<StgValue><ssdm name="empty_3"/></StgValue>
</bind>
</comp>

<comp id="80" class="1004" name="total_sum_loc_fu_80">
<pin_list>
<pin id="81" dir="0" index="0" bw="1" slack="0"/>
<pin id="82" dir="1" index="1" bw="32" slack="0"/>
</pin_list>
<bind>
<opcode="alloca(26) " fcode="alloca"/>
<opset="total_sum_loc/1 "/>
</bind>
</comp>

<comp id="84" class="1004" name="out_1_read_fu_84">
<pin_list>
<pin id="85" dir="0" index="0" bw="64" slack="0"/>
<pin id="86" dir="0" index="1" bw="64" slack="0"/>
<pin id="87" dir="1" index="2" bw="64" slack="0"/>
</pin_list>
<bind>
<opcode="read(1150) " fcode="read"/>
<opset="out_1/1 "/>
</bind>
</comp>

<comp id="90" class="1004" name="empty_writereq_fu_90">
<pin_list>
<pin id="91" dir="0" index="0" bw="1" slack="0"/>
<pin id="92" dir="0" index="1" bw="16" slack="0"/>
<pin id="93" dir="0" index="2" bw="16" slack="0"/>
<pin id="94" dir="1" index="3" bw="1" slack="2147483647"/>
</pin_list>
<bind>
<opcode="writereq(1155) " fcode="writereq"/>
<opset="empty/3 "/>
</bind>
</comp>

<comp id="97" class="1004" name="grp_writeresp_fu_97">
<pin_list>
<pin id="98" dir="0" index="0" bw="1" slack="0"/>
<pin id="99" dir="0" index="1" bw="16" slack="3"/>
<pin id="100" dir="1" index="2" bw="1" slack="2147483647"/>
</pin_list>
<bind>
<opcode="writeresp(1158) " fcode="writeresp"/>
<opset="empty_44/6 "/>
</bind>
</comp>

<comp id="102" class="1004" name="grp_k5_threshold_Pipeline_VITIS_LOOP_116_1_fu_102">
<pin_list>
<pin id="103" dir="0" index="0" bw="0" slack="0"/>
<pin id="104" dir="0" index="1" bw="32" slack="0"/>
<pin id="105" dir="0" index="2" bw="16" slack="0"/>
<pin id="106" dir="0" index="3" bw="16" slack="0"/>
<pin id="107" dir="1" index="4" bw="0" slack="2147483647"/>
</pin_list>
<bind>
<opcode="call(48) " fcode="call"/>
<opset="call_ln0/1 "/>
</bind>
</comp>

<comp id="111" class="1004" name="grp_k5_threshold_Pipeline_VITIS_LOOP_125_2_fu_111">
<pin_list>
<pin id="112" dir="0" index="0" bw="0" slack="0"/>
<pin id="113" dir="0" index="1" bw="15" slack="0"/>
<pin id="114" dir="0" index="2" bw="16" slack="0"/>
<pin id="115" dir="0" index="3" bw="63" slack="3"/>
<pin id="116" dir="0" index="4" bw="16" slack="0"/>
<pin id="117" dir="1" index="5" bw="0" slack="2147483647"/>
</pin_list>
<bind>
<opcode="call(48) " fcode="call"/>
<opset="call_ln123/4 "/>
</bind>
</comp>

<comp id="121" class="1004" name="trunc_ln1_fu_121">
<pin_list>
<pin id="122" dir="0" index="0" bw="63" slack="0"/>
<pin id="123" dir="0" index="1" bw="64" slack="0"/>
<pin id="124" dir="0" index="2" bw="1" slack="0"/>
<pin id="125" dir="0" index="3" bw="7" slack="0"/>
<pin id="126" dir="1" index="4" bw="63" slack="2"/>
</pin_list>
<bind>
<opcode="partselect(1002) " fcode="partselect"/>
<opset="trunc_ln1/1 "/>
</bind>
</comp>

<comp id="131" class="1004" name="sext_ln125_fu_131">
<pin_list>
<pin id="132" dir="0" index="0" bw="63" slack="2"/>
<pin id="133" dir="1" index="1" bw="64" slack="0"/>
</pin_list>
<bind>
<opcode="sext(35) " fcode="sext"/>
<opset="sext_ln125/3 "/>
</bind>
</comp>

<comp id="134" class="1004" name="gmem1_addr_fu_134">
<pin_list>
<pin id="135" dir="0" index="0" bw="16" slack="0"/>
<pin id="136" dir="0" index="1" bw="63" slack="0"/>
<pin id="137" dir="1" index="2" bw="16" slack="0"/>
</pin_list>
<bind>
<opcode="getelementptr(29) " fcode="getelementptr"/>
<opset="gmem1_addr/3 "/>
</bind>
</comp>

<comp id="141" class="1004" name="total_sum_loc_load_load_fu_141">
<pin_list>
<pin id="142" dir="0" index="0" bw="32" slack="3"/>
<pin id="143" dir="1" index="1" bw="32" slack="0"/>
</pin_list>
<bind>
<opcode="load(27) " fcode="load"/>
<opset="total_sum_loc_load/4 "/>
</bind>
</comp>

<comp id="144" class="1004" name="shl_ln_fu_144">
<pin_list>
<pin id="145" dir="0" index="0" bw="44" slack="0"/>
<pin id="146" dir="0" index="1" bw="32" slack="0"/>
<pin id="147" dir="0" index="2" bw="1" slack="0"/>
<pin id="148" dir="1" index="3" bw="44" slack="0"/>
</pin_list>
<bind>
<opcode="bitconcatenate(1004) " fcode="bitconcatenate"/>
<opset="shl_ln/4 "/>
</bind>
</comp>

<comp id="152" class="1004" name="tmp_3_fu_152">
<pin_list>
<pin id="153" dir="0" index="0" bw="1" slack="0"/>
<pin id="154" dir="0" index="1" bw="32" slack="0"/>
<pin id="155" dir="0" index="2" bw="6" slack="0"/>
<pin id="156" dir="1" index="3" bw="1" slack="0"/>
</pin_list>
<bind>
<opcode="bitselect(1000) " fcode="bitselect"/>
<opset="tmp_3/4 "/>
</bind>
</comp>

<comp id="160" class="1004" name="sub_ln123_fu_160">
<pin_list>
<pin id="161" dir="0" index="0" bw="1" slack="0"/>
<pin id="162" dir="0" index="1" bw="44" slack="0"/>
<pin id="163" dir="1" index="2" bw="44" slack="0"/>
</pin_list>
<bind>
<opcode="sub(10) " fcode="sub"/>
<opset="sub_ln123/4 "/>
</bind>
</comp>

<comp id="166" class="1004" name="tmp_fu_166">
<pin_list>
<pin id="167" dir="0" index="0" bw="18" slack="0"/>
<pin id="168" dir="0" index="1" bw="44" slack="0"/>
<pin id="169" dir="0" index="2" bw="6" slack="0"/>
<pin id="170" dir="0" index="3" bw="7" slack="0"/>
<pin id="171" dir="1" index="4" bw="18" slack="0"/>
</pin_list>
<bind>
<opcode="partselect(1002) " fcode="partselect"/>
<opset="tmp/4 "/>
</bind>
</comp>

<comp id="176" class="1004" name="zext_ln123_fu_176">
<pin_list>
<pin id="177" dir="0" index="0" bw="18" slack="0"/>
<pin id="178" dir="1" index="1" bw="19" slack="0"/>
</pin_list>
<bind>
<opcode="zext(34) " fcode="zext"/>
<opset="zext_ln123/4 "/>
</bind>
</comp>

<comp id="180" class="1004" name="sub_ln123_1_fu_180">
<pin_list>
<pin id="181" dir="0" index="0" bw="1" slack="0"/>
<pin id="182" dir="0" index="1" bw="18" slack="0"/>
<pin id="183" dir="1" index="2" bw="19" slack="0"/>
</pin_list>
<bind>
<opcode="sub(10) " fcode="sub"/>
<opset="sub_ln123_1/4 "/>
</bind>
</comp>

<comp id="186" class="1004" name="tmp_1_fu_186">
<pin_list>
<pin id="187" dir="0" index="0" bw="15" slack="0"/>
<pin id="188" dir="0" index="1" bw="19" slack="0"/>
<pin id="189" dir="0" index="2" bw="4" slack="0"/>
<pin id="190" dir="0" index="3" bw="6" slack="0"/>
<pin id="191" dir="1" index="4" bw="15" slack="0"/>
</pin_list>
<bind>
<opcode="partselect(1002) " fcode="partselect"/>
<opset="tmp_1/4 "/>
</bind>
</comp>

<comp id="196" class="1004" name="tmp_2_fu_196">
<pin_list>
<pin id="197" dir="0" index="0" bw="14" slack="0"/>
<pin id="198" dir="0" index="1" bw="32" slack="0"/>
<pin id="199" dir="0" index="2" bw="6" slack="0"/>
<pin id="200" dir="0" index="3" bw="6" slack="0"/>
<pin id="201" dir="1" index="4" bw="14" slack="0"/>
</pin_list>
<bind>
<opcode="partselect(1002) " fcode="partselect"/>
<opset="tmp_2/4 "/>
</bind>
</comp>

<comp id="206" class="1004" name="zext_ln123_1_fu_206">
<pin_list>
<pin id="207" dir="0" index="0" bw="14" slack="0"/>
<pin id="208" dir="1" index="1" bw="15" slack="0"/>
</pin_list>
<bind>
<opcode="zext(34) " fcode="zext"/>
<opset="zext_ln123_1/4 "/>
</bind>
</comp>

<comp id="210" class="1004" name="global_avg_fu_210">
<pin_list>
<pin id="211" dir="0" index="0" bw="1" slack="0"/>
<pin id="212" dir="0" index="1" bw="15" slack="0"/>
<pin id="213" dir="0" index="2" bw="14" slack="0"/>
<pin id="214" dir="1" index="3" bw="15" slack="0"/>
</pin_list>
<bind>
<opcode="select(49) " fcode="select"/>
<opset="global_avg/4 "/>
</bind>
</comp>

<comp id="219" class="1005" name="total_sum_loc_reg_219">
<pin_list>
<pin id="220" dir="0" index="0" bw="32" slack="0"/>
<pin id="221" dir="1" index="1" bw="32" slack="0"/>
</pin_list>
<bind>
<opset="total_sum_loc "/>
</bind>
</comp>

<comp id="225" class="1005" name="trunc_ln1_reg_225">
<pin_list>
<pin id="226" dir="0" index="0" bw="63" slack="2"/>
<pin id="227" dir="1" index="1" bw="63" slack="2"/>
</pin_list>
<bind>
<opset="trunc_ln1 "/>
</bind>
</comp>

<comp id="231" class="1005" name="gmem1_addr_reg_231">
<pin_list>
<pin id="232" dir="0" index="0" bw="16" slack="3"/>
<pin id="233" dir="1" index="1" bw="16" slack="3"/>
</pin_list>
<bind>
<opset="gmem1_addr "/>
</bind>
</comp>

<comp id="236" class="1005" name="global_avg_reg_236">
<pin_list>
<pin id="237" dir="0" index="0" bw="15" slack="1"/>
<pin id="238" dir="1" index="1" bw="15" slack="1"/>
</pin_list>
<bind>
<opset="global_avg "/>
</bind>
</comp>

</comp_list>

<net_list>
<net id="83"><net_src comp="8" pin="0"/><net_sink comp="80" pin=0"/></net>

<net id="88"><net_src comp="10" pin="0"/><net_sink comp="84" pin=0"/></net>

<net id="89"><net_src comp="2" pin="0"/><net_sink comp="84" pin=1"/></net>

<net id="95"><net_src comp="20" pin="0"/><net_sink comp="90" pin=0"/></net>

<net id="96"><net_src comp="22" pin="0"/><net_sink comp="90" pin=2"/></net>

<net id="101"><net_src comp="52" pin="0"/><net_sink comp="97" pin=0"/></net>

<net id="108"><net_src comp="12" pin="0"/><net_sink comp="102" pin=0"/></net>

<net id="109"><net_src comp="4" pin="0"/><net_sink comp="102" pin=2"/></net>

<net id="110"><net_src comp="6" pin="0"/><net_sink comp="102" pin=3"/></net>

<net id="118"><net_src comp="50" pin="0"/><net_sink comp="111" pin=0"/></net>

<net id="119"><net_src comp="0" pin="0"/><net_sink comp="111" pin=2"/></net>

<net id="120"><net_src comp="6" pin="0"/><net_sink comp="111" pin=4"/></net>

<net id="127"><net_src comp="14" pin="0"/><net_sink comp="121" pin=0"/></net>

<net id="128"><net_src comp="84" pin="2"/><net_sink comp="121" pin=1"/></net>

<net id="129"><net_src comp="16" pin="0"/><net_sink comp="121" pin=2"/></net>

<net id="130"><net_src comp="18" pin="0"/><net_sink comp="121" pin=3"/></net>

<net id="138"><net_src comp="0" pin="0"/><net_sink comp="134" pin=0"/></net>

<net id="139"><net_src comp="131" pin="1"/><net_sink comp="134" pin=1"/></net>

<net id="140"><net_src comp="134" pin="2"/><net_sink comp="90" pin=1"/></net>

<net id="149"><net_src comp="24" pin="0"/><net_sink comp="144" pin=0"/></net>

<net id="150"><net_src comp="141" pin="1"/><net_sink comp="144" pin=1"/></net>

<net id="151"><net_src comp="26" pin="0"/><net_sink comp="144" pin=2"/></net>

<net id="157"><net_src comp="28" pin="0"/><net_sink comp="152" pin=0"/></net>

<net id="158"><net_src comp="141" pin="1"/><net_sink comp="152" pin=1"/></net>

<net id="159"><net_src comp="30" pin="0"/><net_sink comp="152" pin=2"/></net>

<net id="164"><net_src comp="32" pin="0"/><net_sink comp="160" pin=0"/></net>

<net id="165"><net_src comp="144" pin="3"/><net_sink comp="160" pin=1"/></net>

<net id="172"><net_src comp="34" pin="0"/><net_sink comp="166" pin=0"/></net>

<net id="173"><net_src comp="160" pin="2"/><net_sink comp="166" pin=1"/></net>

<net id="174"><net_src comp="36" pin="0"/><net_sink comp="166" pin=2"/></net>

<net id="175"><net_src comp="38" pin="0"/><net_sink comp="166" pin=3"/></net>

<net id="179"><net_src comp="166" pin="4"/><net_sink comp="176" pin=0"/></net>

<net id="184"><net_src comp="40" pin="0"/><net_sink comp="180" pin=0"/></net>

<net id="185"><net_src comp="176" pin="1"/><net_sink comp="180" pin=1"/></net>

<net id="192"><net_src comp="42" pin="0"/><net_sink comp="186" pin=0"/></net>

<net id="193"><net_src comp="180" pin="2"/><net_sink comp="186" pin=1"/></net>

<net id="194"><net_src comp="44" pin="0"/><net_sink comp="186" pin=2"/></net>

<net id="195"><net_src comp="46" pin="0"/><net_sink comp="186" pin=3"/></net>

<net id="202"><net_src comp="48" pin="0"/><net_sink comp="196" pin=0"/></net>

<net id="203"><net_src comp="141" pin="1"/><net_sink comp="196" pin=1"/></net>

<net id="204"><net_src comp="46" pin="0"/><net_sink comp="196" pin=2"/></net>

<net id="205"><net_src comp="30" pin="0"/><net_sink comp="196" pin=3"/></net>

<net id="209"><net_src comp="196" pin="4"/><net_sink comp="206" pin=0"/></net>

<net id="215"><net_src comp="152" pin="3"/><net_sink comp="210" pin=0"/></net>

<net id="216"><net_src comp="186" pin="4"/><net_sink comp="210" pin=1"/></net>

<net id="217"><net_src comp="206" pin="1"/><net_sink comp="210" pin=2"/></net>

<net id="218"><net_src comp="210" pin="3"/><net_sink comp="111" pin=1"/></net>

<net id="222"><net_src comp="80" pin="1"/><net_sink comp="219" pin=0"/></net>

<net id="223"><net_src comp="219" pin="1"/><net_sink comp="102" pin=1"/></net>

<net id="224"><net_src comp="219" pin="1"/><net_sink comp="141" pin=0"/></net>

<net id="228"><net_src comp="121" pin="4"/><net_sink comp="225" pin=0"/></net>

<net id="229"><net_src comp="225" pin="1"/><net_sink comp="131" pin=0"/></net>

<net id="230"><net_src comp="225" pin="1"/><net_sink comp="111" pin=3"/></net>

<net id="234"><net_src comp="134" pin="2"/><net_sink comp="231" pin=0"/></net>

<net id="235"><net_src comp="231" pin="1"/><net_sink comp="97" pin=1"/></net>

<net id="239"><net_src comp="210" pin="3"/><net_sink comp="236" pin=0"/></net>

<net id="240"><net_src comp="236" pin="1"/><net_sink comp="111" pin=1"/></net>

</net_list>

</model> 
---------------- Datapath Model END ------------------

* FSMD analyzer results:
  - Output states:
	Port: gmem1 | {3 4 5 6 7 8 9 10 }
	Port: local_storage | {1 2 }
 - Input state : 
	Port: k5_threshold : out_r | {1 }
	Port: k5_threshold : s4 | {1 2 }
	Port: k5_threshold : local_storage | {4 5 }
  - Chain level:
	State 1
		call_ln0 : 1
	State 2
	State 3
		gmem1_addr : 1
		empty : 2
	State 4
		shl_ln : 1
		tmp_3 : 1
		sub_ln123 : 2
		tmp : 3
		zext_ln123 : 4
		sub_ln123_1 : 5
		tmp_1 : 6
		tmp_2 : 1
		zext_ln123_1 : 2
		global_avg : 7
		call_ln123 : 8
	State 5
	State 6
	State 7
	State 8
	State 9
	State 10


============================================================
+ Verbose Summary: Datapath Resource usage 
============================================================

* Functional unit list:
|----------|---------------------------------------------------|---------|---------|---------|
| Operation|                  Functional Unit                  |  Delay  |    FF   |   LUT   |
|----------|---------------------------------------------------|---------|---------|---------|
|   call   | grp_k5_threshold_Pipeline_VITIS_LOOP_116_1_fu_102 |    0    |    62   |    83   |
|          | grp_k5_threshold_Pipeline_VITIS_LOOP_125_2_fu_111 |  0.489  |   126   |    85   |
|----------|---------------------------------------------------|---------|---------|---------|
|    sub   |                  sub_ln123_fu_160                 |    0    |    0    |    51   |
|          |                 sub_ln123_1_fu_180                |    0    |    0    |    25   |
|----------|---------------------------------------------------|---------|---------|---------|
|  select  |                 global_avg_fu_210                 |    0    |    0    |    15   |
|----------|---------------------------------------------------|---------|---------|---------|
|   read   |                  out_1_read_fu_84                 |    0    |    0    |    0    |
|----------|---------------------------------------------------|---------|---------|---------|
| writereq |                empty_writereq_fu_90               |    0    |    0    |    0    |
|----------|---------------------------------------------------|---------|---------|---------|
| writeresp|                grp_writeresp_fu_97                |    0    |    0    |    0    |
|----------|---------------------------------------------------|---------|---------|---------|
|          |                  trunc_ln1_fu_121                 |    0    |    0    |    0    |
|partselect|                     tmp_fu_166                    |    0    |    0    |    0    |
|          |                    tmp_1_fu_186                   |    0    |    0    |    0    |
|          |                    tmp_2_fu_196                   |    0    |    0    |    0    |
|----------|---------------------------------------------------|---------|---------|---------|
|   sext   |                 sext_ln125_fu_131                 |    0    |    0    |    0    |
|----------|---------------------------------------------------|---------|---------|---------|
|bitconcatenate|                   shl_ln_fu_144                   |    0    |    0    |    0    |
|----------|---------------------------------------------------|---------|---------|---------|
| bitselect|                    tmp_3_fu_152                   |    0    |    0    |    0    |
|----------|---------------------------------------------------|---------|---------|---------|
|   zext   |                 zext_ln123_fu_176                 |    0    |    0    |    0    |
|          |                zext_ln123_1_fu_206                |    0    |    0    |    0    |
|----------|---------------------------------------------------|---------|---------|---------|
|   Total  |                                                   |  0.489  |   188   |   259   |
|----------|---------------------------------------------------|---------|---------|---------|

Memories:
N/A

* Register list:
+---------------------+--------+
|                     |   FF   |
+---------------------+--------+
|  global_avg_reg_236 |   15   |
|  gmem1_addr_reg_231 |   16   |
|total_sum_loc_reg_219|   32   |
|  trunc_ln1_reg_225  |   63   |
+---------------------+--------+
|        Total        |   126  |
+---------------------+--------+

* Multiplexer (MUX) list: 
|---------------------------------------------------|------|------|------|--------||---------||---------||---------|
|                        Comp                       |  Pin | Size |  BW  | S x BW ||  Delay  ||    FF   ||   LUT   |
|---------------------------------------------------|------|------|------|--------||---------||---------||---------|
| grp_k5_threshold_Pipeline_VITIS_LOOP_125_2_fu_111 |  p1  |   2  |  15  |   30   ||    0    ||    9    |
|---------------------------------------------------|------|------|------|--------||---------||---------||---------|
|                       Total                       |      |      |      |   30   ||  0.489  ||    0    ||    9    |
|---------------------------------------------------|------|------|------|--------||---------||---------||---------|



* Summary:
+-----------+--------+--------+--------+
|           |  Delay |   FF   |   LUT  |
+-----------+--------+--------+--------+
|  Function |    0   |   188  |   259  |
|   Memory  |    -   |    -   |    -   |
|Multiplexer|    0   |    0   |    9   |
|  Register |    -   |   126  |    -   |
+-----------+--------+--------+--------+
|   Total   |    0   |   314  |   268  |
+-----------+--------+--------+--------+
