

================================================================
== Vitis HLS Report for 'Loop_VITIS_LOOP_145_1_proc'
================================================================
* Date:           Sat Mar 28 22:53:00 2026

* Version:        2025.1.1 (Build 6214317 on Sep 11 2025)
* Project:        project_1
* Solution:       hls (Vivado IP Flow Target)
* Product family: zynquplus
* Target device:  xczu3eg-sbva484-1-e


================================================================
== Performance Estimates
================================================================
+ Timing: 
    * Summary: 
    +--------+----------+----------+------------+
    |  Clock |  Target  | Estimated| Uncertainty|
    +--------+----------+----------+------------+
    |ap_clk  |  10.00 ns|  7.300 ns|     2.70 ns|
    +--------+----------+----------+------------+

+ Latency: 
    * Summary: 
    +---------+---------+----------+----------+-------+-------+---------+
    |  Latency (cycles) |  Latency (absolute) |    Interval   | Pipeline|
    |   min   |   max   |    min   |    max   |  min  |  max  |   Type  |
    +---------+---------+----------+----------+-------+-------+---------+
    |    49160|    49160|  0.492 ms|  0.492 ms|  49160|  49160|       no|
    +---------+---------+----------+----------+-------+-------+---------+

    + Detail: 
        * Instance: 
        N/A

        * Loop: 
        +--------------------+---------+---------+----------+-----------+-----------+-------+----------+
        |                    |  Latency (cycles) | Iteration|  Initiation Interval  |  Trip |          |
        |      Loop Name     |   min   |   max   |  Latency |  achieved |   target  | Count | Pipelined|
        +--------------------+---------+---------+----------+-----------+-----------+-------+----------+
        |- VITIS_LOOP_145_1  |    49152|    49152|         3|          -|          -|  16384|        no|
        +--------------------+---------+---------+----------+-----------+-----------+-------+----------+

============================================================
+ Verbose Summary: Synthesis Manager
============================================================
InlineROM: 1
ExposeGlobal: 0
============================================================
+ Verbose Summary: CDFG Model
============================================================
IsTopModel: 0
ResetActiveHigh: 1
IsCombinational: 2
IsDatapathOnly: 0
HasWiredReturn: 1
HasMFsm: 0
HasVarLatency: 1
IsPipeline: 0
IsRtlPipelined: 0
IsInstanceOverlapped: 0
IsDontTouch: 0
HasImplIP: 0
IsGatedGlobalClock: 0


============================================================
+ Verbose Summary: Schedule
============================================================
* Number of FSM states : 11
* Pipeline : 0
* Dataflow Pipeline: 0

* FSM state transitions: 
1 --> 2 
2 --> 3 
3 --> 4 
4 --> 5 
5 --> 6 
6 --> 7 
7 --> 8 
8 --> 9 
9 --> 10 
10 --> 11 
11 --> 9 

* FSM state operations: 

State 1 <SV = 0> <Delay = 7.30>
ST_1 : Operation 12 [1/1] (0.00ns)   --->   "%i = alloca i32 1" [top.cpp:145->top.cpp:145]   --->   Operation 12 'alloca' 'i' <Predicate = true> <Delay = 0.00>
ST_1 : Operation 13 [1/1] (0.00ns)   --->   "%in_r_read = read i64 @_ssdm_op_Read.ap_auto.i64, i64 %in_r" [top.cpp:145]   --->   Operation 13 'read' 'in_r_read' <Predicate = true> <Delay = 0.00>
ST_1 : Operation 14 [1/1] (0.00ns)   --->   "%trunc_ln = partselect i63 @_ssdm_op_PartSelect.i63.i64.i32.i32, i64 %in_r_read, i32 1, i32 63" [top.cpp:145]   --->   Operation 14 'partselect' 'trunc_ln' <Predicate = true> <Delay = 0.00>
ST_1 : Operation 15 [1/1] (0.00ns)   --->   "%sext_ln145 = sext i63 %trunc_ln" [top.cpp:145]   --->   Operation 15 'sext' 'sext_ln145' <Predicate = true> <Delay = 0.00>
ST_1 : Operation 16 [1/1] (0.00ns)   --->   "%gmem0_addr = getelementptr i16 %gmem0, i64 %sext_ln145" [top.cpp:145]   --->   Operation 16 'getelementptr' 'gmem0_addr' <Predicate = true> <Delay = 0.00>
ST_1 : Operation 17 [8/8] (7.30ns)   --->   "%empty = readreq i1 @_ssdm_op_ReadReq.m_axi.p1i16, i16 %gmem0_addr, i64 16384" [top.cpp:145]   --->   Operation 17 'readreq' 'empty' <Predicate = true> <Delay = 7.30> <CoreInst = "m_axi">   --->   Core 119 'm_axi' <Latency = 6> <II = 1> <Delay = 1.00> <Adapter> <Opcode : 'read' 'write' 'readreq' 'writereq' 'writeresp'>
ST_1 : Operation 18 [1/1] (0.48ns)   --->   "%store_ln145 = store i15 0, i15 %i" [top.cpp:145->top.cpp:145]   --->   Operation 18 'store' 'store_ln145' <Predicate = true> <Delay = 0.48>

State 2 <SV = 1> <Delay = 7.30>
ST_2 : Operation 19 [7/8] (7.30ns)   --->   "%empty = readreq i1 @_ssdm_op_ReadReq.m_axi.p1i16, i16 %gmem0_addr, i64 16384" [top.cpp:145]   --->   Operation 19 'readreq' 'empty' <Predicate = true> <Delay = 7.30> <CoreInst = "m_axi">   --->   Core 119 'm_axi' <Latency = 6> <II = 1> <Delay = 1.00> <Adapter> <Opcode : 'read' 'write' 'readreq' 'writereq' 'writeresp'>

State 3 <SV = 2> <Delay = 7.30>
ST_3 : Operation 20 [6/8] (7.30ns)   --->   "%empty = readreq i1 @_ssdm_op_ReadReq.m_axi.p1i16, i16 %gmem0_addr, i64 16384" [top.cpp:145]   --->   Operation 20 'readreq' 'empty' <Predicate = true> <Delay = 7.30> <CoreInst = "m_axi">   --->   Core 119 'm_axi' <Latency = 6> <II = 1> <Delay = 1.00> <Adapter> <Opcode : 'read' 'write' 'readreq' 'writereq' 'writeresp'>

State 4 <SV = 3> <Delay = 7.30>
ST_4 : Operation 21 [5/8] (7.30ns)   --->   "%empty = readreq i1 @_ssdm_op_ReadReq.m_axi.p1i16, i16 %gmem0_addr, i64 16384" [top.cpp:145]   --->   Operation 21 'readreq' 'empty' <Predicate = true> <Delay = 7.30> <CoreInst = "m_axi">   --->   Core 119 'm_axi' <Latency = 6> <II = 1> <Delay = 1.00> <Adapter> <Opcode : 'read' 'write' 'readreq' 'writereq' 'writeresp'>

State 5 <SV = 4> <Delay = 7.30>
ST_5 : Operation 22 [4/8] (7.30ns)   --->   "%empty = readreq i1 @_ssdm_op_ReadReq.m_axi.p1i16, i16 %gmem0_addr, i64 16384" [top.cpp:145]   --->   Operation 22 'readreq' 'empty' <Predicate = true> <Delay = 7.30> <CoreInst = "m_axi">   --->   Core 119 'm_axi' <Latency = 6> <II = 1> <Delay = 1.00> <Adapter> <Opcode : 'read' 'write' 'readreq' 'writereq' 'writeresp'>

State 6 <SV = 5> <Delay = 7.30>
ST_6 : Operation 23 [3/8] (7.30ns)   --->   "%empty = readreq i1 @_ssdm_op_ReadReq.m_axi.p1i16, i16 %gmem0_addr, i64 16384" [top.cpp:145]   --->   Operation 23 'readreq' 'empty' <Predicate = true> <Delay = 7.30> <CoreInst = "m_axi">   --->   Core 119 'm_axi' <Latency = 6> <II = 1> <Delay = 1.00> <Adapter> <Opcode : 'read' 'write' 'readreq' 'writereq' 'writeresp'>

State 7 <SV = 6> <Delay = 7.30>
ST_7 : Operation 24 [2/8] (7.30ns)   --->   "%empty = readreq i1 @_ssdm_op_ReadReq.m_axi.p1i16, i16 %gmem0_addr, i64 16384" [top.cpp:145]   --->   Operation 24 'readreq' 'empty' <Predicate = true> <Delay = 7.30> <CoreInst = "m_axi">   --->   Core 119 'm_axi' <Latency = 6> <II = 1> <Delay = 1.00> <Adapter> <Opcode : 'read' 'write' 'readreq' 'writereq' 'writeresp'>

State 8 <SV = 7> <Delay = 7.30>
ST_8 : Operation 25 [1/1] (0.00ns)   --->   "%specinterface_ln0 = specinterface void @_ssdm_op_SpecInterface, i16 %in_stream, void @empty_4, i32 0, i32 0, void @empty_5, i32 0, i32 0, void @empty_5, void @empty_5, void @empty_5, i32 0, i32 0, i32 0, i32 0, void @empty_5, void @empty_5, i32 4294967295, i32 0, i32 0"   --->   Operation 25 'specinterface' 'specinterface_ln0' <Predicate = true> <Delay = 0.00>
ST_8 : Operation 26 [1/1] (0.00ns)   --->   "%specinterface_ln0 = specinterface void @_ssdm_op_SpecInterface, i16 %gmem0, void @empty_6, i32 0, i32 0, void @empty_5, i32 0, i32 0, void @empty_18, void @empty_3, void @empty_5, i32 16, i32 16, i32 16, i32 16, void @empty_5, void @empty_5, i32 4294967295, i32 0, i32 0"   --->   Operation 26 'specinterface' 'specinterface_ln0' <Predicate = true> <Delay = 0.00>
ST_8 : Operation 27 [1/8] (7.30ns)   --->   "%empty = readreq i1 @_ssdm_op_ReadReq.m_axi.p1i16, i16 %gmem0_addr, i64 16384" [top.cpp:145]   --->   Operation 27 'readreq' 'empty' <Predicate = true> <Delay = 7.30> <CoreInst = "m_axi">   --->   Core 119 'm_axi' <Latency = 6> <II = 1> <Delay = 1.00> <Adapter> <Opcode : 'read' 'write' 'readreq' 'writereq' 'writeresp'>
ST_8 : Operation 28 [1/1] (0.00ns)   --->   "%br_ln145 = br void %for.inc.i" [top.cpp:145->top.cpp:145]   --->   Operation 28 'br' 'br_ln145' <Predicate = true> <Delay = 0.00>

State 9 <SV = 8> <Delay = 1.49>
ST_9 : Operation 29 [1/1] (0.00ns)   --->   "%i_3 = load i15 %i" [top.cpp:145->top.cpp:145]   --->   Operation 29 'load' 'i_3' <Predicate = true> <Delay = 0.00>
ST_9 : Operation 30 [1/1] (1.00ns)   --->   "%icmp_ln145 = icmp_eq  i15 %i_3, i15 16384" [top.cpp:145->top.cpp:145]   --->   Operation 30 'icmp' 'icmp_ln145' <Predicate = true> <Delay = 1.00> <CoreInst = "Cmp">   --->   Core 9 'Cmp' <Latency = 0> <II = 1> <Delay = 1.00> <FuncUnit> <Opcode : 'seteq' 'setne' 'setle' 'setge' 'setlt' 'setgt'> <InPorts = 2> <OutPorts = 1>
ST_9 : Operation 31 [1/1] (1.00ns)   --->   "%add_ln145 = add i15 %i_3, i15 1" [top.cpp:145->top.cpp:145]   --->   Operation 31 'add' 'add_ln145' <Predicate = true> <Delay = 1.00> <CoreInst = "Adder">   --->   Core 1 'Adder' <Latency = 0> <II = 1> <Delay = 1.00> <FuncUnit> <Opcode : 'add' 'sub'> <InPorts = 2> <OutPorts = 1>
ST_9 : Operation 32 [1/1] (0.00ns)   --->   "%br_ln145 = br i1 %icmp_ln145, void %for.inc.split.i, void %Loop_VITIS_LOOP_145_1_proc.1.exit" [top.cpp:145->top.cpp:145]   --->   Operation 32 'br' 'br_ln145' <Predicate = true> <Delay = 0.00>
ST_9 : Operation 33 [1/1] (0.48ns)   --->   "%store_ln145 = store i15 %add_ln145, i15 %i" [top.cpp:145->top.cpp:145]   --->   Operation 33 'store' 'store_ln145' <Predicate = (!icmp_ln145)> <Delay = 0.48>
ST_9 : Operation 34 [1/1] (0.00ns)   --->   "%ret_ln0 = ret"   --->   Operation 34 'ret' 'ret_ln0' <Predicate = (icmp_ln145)> <Delay = 0.00>

State 10 <SV = 9> <Delay = 7.30>
ST_10 : Operation 35 [1/1] (7.30ns)   --->   "%gmem0_addr_read = read i16 @_ssdm_op_Read.m_axi.p1i16, i16 %gmem0_addr" [top.cpp:145->top.cpp:145]   --->   Operation 35 'read' 'gmem0_addr_read' <Predicate = true> <Delay = 7.30> <CoreInst = "m_axi">   --->   Core 119 'm_axi' <Latency = 3> <II = 1> <Delay = 1.00> <Adapter> <Opcode : 'read' 'write' 'readreq' 'writereq' 'writeresp'>

State 11 <SV = 10> <Delay = 2.16>
ST_11 : Operation 36 [1/1] (0.00ns)   --->   "%speclooptripcount_ln145 = speclooptripcount void @_ssdm_op_SpecLoopTripCount, i64 16384, i64 16384, i64 16384" [top.cpp:145->top.cpp:145]   --->   Operation 36 'speclooptripcount' 'speclooptripcount_ln145' <Predicate = true> <Delay = 0.00>
ST_11 : Operation 37 [1/1] (0.00ns)   --->   "%specloopname_ln145 = specloopname void @_ssdm_op_SpecLoopName, void @empty_9" [top.cpp:145->top.cpp:145]   --->   Operation 37 'specloopname' 'specloopname_ln145' <Predicate = true> <Delay = 0.00>
ST_11 : Operation 38 [1/1] ( I:2.16ns O:2.16ns )   --->   "%write_ln145 = write void @_ssdm_op_Write.ap_fifo.volatile.i16P0A, i16 %in_stream, i16 %gmem0_addr_read" [top.cpp:145->top.cpp:145]   --->   Operation 38 'write' 'write_ln145' <Predicate = true> <Delay = 2.16> <CoreInst = "FIFO_SRL">   --->   Core 80 'FIFO_SRL' <Latency = 0> <II = 1> <Delay = 2.16> <Storage> <Opcode : 'read' 'write' 'nbread' 'nbwrite'> <Ports = 0> <Width = 16> <Depth = 2> <FIFO>
ST_11 : Operation 39 [1/1] (0.00ns)   --->   "%br_ln145 = br void %for.inc.i" [top.cpp:145->top.cpp:145]   --->   Operation 39 'br' 'br_ln145' <Predicate = true> <Delay = 0.00>


============================================================
+ Verbose Summary: Timing violations
============================================================
Target clock period: 10.000ns, clock uncertainty: 2.700ns.

 <State 1>: 7.300ns
The critical path consists of the following:
	wire read operation ('in_r_read', top.cpp:145) on port 'in_r' (top.cpp:145) [7]  (0.000 ns)
	'getelementptr' operation 16 bit ('gmem0_addr', top.cpp:145) [10]  (0.000 ns)
	bus request operation ('empty', top.cpp:145) on port 'gmem0' (top.cpp:145) [11]  (7.300 ns)

 <State 2>: 7.300ns
The critical path consists of the following:
	bus request operation ('empty', top.cpp:145) on port 'gmem0' (top.cpp:145) [11]  (7.300 ns)

 <State 3>: 7.300ns
The critical path consists of the following:
	bus request operation ('empty', top.cpp:145) on port 'gmem0' (top.cpp:145) [11]  (7.300 ns)

 <State 4>: 7.300ns
The critical path consists of the following:
	bus request operation ('empty', top.cpp:145) on port 'gmem0' (top.cpp:145) [11]  (7.300 ns)

 <State 5>: 7.300ns
The critical path consists of the following:
	bus request operation ('empty', top.cpp:145) on port 'gmem0' (top.cpp:145) [11]  (7.300 ns)

 <State 6>: 7.300ns
The critical path consists of the following:
	bus request operation ('empty', top.cpp:145) on port 'gmem0' (top.cpp:145) [11]  (7.300 ns)

 <State 7>: 7.300ns
The critical path consists of the following:
	bus request operation ('empty', top.cpp:145) on port 'gmem0' (top.cpp:145) [11]  (7.300 ns)

 <State 8>: 7.300ns
The critical path consists of the following:
	bus request operation ('empty', top.cpp:145) on port 'gmem0' (top.cpp:145) [11]  (7.300 ns)

 <State 9>: 1.491ns
The critical path consists of the following:
	'load' operation 15 bit ('i', top.cpp:145->top.cpp:145) on local variable 'i', top.cpp:145->top.cpp:145 [15]  (0.000 ns)
	'icmp' operation 1 bit ('icmp_ln145', top.cpp:145->top.cpp:145) [16]  (1.002 ns)
	'store' operation 0 bit ('store_ln145', top.cpp:145->top.cpp:145) of variable 'add_ln145', top.cpp:145->top.cpp:145 on local variable 'i', top.cpp:145->top.cpp:145 [24]  (0.489 ns)

 <State 10>: 7.300ns
The critical path consists of the following:
	bus read operation ('gmem0_addr_read', top.cpp:145->top.cpp:145) on port 'gmem0' (top.cpp:145->top.cpp:145) [22]  (7.300 ns)

 <State 11>: 2.167ns
The critical path consists of the following:
	fifo write operation ('write_ln145', top.cpp:145->top.cpp:145) on port 'in_stream' (top.cpp:145->top.cpp:145) [23]  (2.167 ns)


============================================================
+ Verbose Summary: Binding
============================================================
N/A
* FSMD analyzer results:
  - Output states:
 - Input state : 
  - Chain level:
	State 1
	State 2
	State 3
	State 4
	State 5
	State 6
	State 7
	State 8
	State 9
	State 10
	State 11


============================================================
+ Verbose Summary: Datapath Resource usage 
============================================================
N/A
