

================================================================
== Vitis HLS Report for 'top_kernel'
================================================================
* Date:           Sat Mar 28 22:53:00 2026

* Version:        2025.1.1 (Build 6214317 on Sep 11 2025)
* Project:        project_1
* Solution:       hls (Vivado IP Flow Target)
* Product family: zynquplus
* Target device:  xczu3eg-sbva484-1-e


================================================================
== Performance Estimates
================================================================
+ Timing: 
    * Summary: 
    +--------+----------+----------+------------+
    |  Clock |  Target  | Estimated| Uncertainty|
    +--------+----------+----------+------------+
    |ap_clk  |  10.00 ns|  7.300 ns|     2.70 ns|
    +--------+----------+----------+------------+

+ Latency: 
    * Summary: 
    +---------+---------+----------+----------+-------+-------+----------+
    |  Latency (cycles) |  Latency (absolute) |    Interval   | Pipeline |
    |   min   |   max   |    min   |    max   |  min  |  max  |   Type   |
    +---------+---------+----------+----------+-------+-------+----------+
    |    49176|    49176|  0.492 ms|  0.492 ms|  49161|  49161|  dataflow|
    +---------+---------+----------+----------+-------+-------+----------+

    + Detail: 
        * Instance: 
        N/A

        * Loop: 
        N/A

============================================================
+ Verbose Summary: Synthesis Manager
============================================================
InlineROM: 1
ExposeGlobal: 0
============================================================
+ Verbose Summary: CDFG Model
============================================================
IsTopModel: 1
ResetActiveHigh: 1
IsCombinational: 2
IsDatapathOnly: 0
HasWiredReturn: 1
HasMFsm: 0
HasVarLatency: 1
IsPipeline: 0
IsRtlPipelined: 0
IsInstanceOverlapped: 0
IsDontTouch: 0
HasImplIP: 0
IsGatedGlobalClock: 0


============================================================
+ Verbose Summary: Schedule
============================================================
* Number of FSM states : 13
* Pipeline : 0
* Dataflow Pipeline: 1
  DF-Pipeline-0: Size = 13, States = { 1 2 3 4 5 6 7 8 9 10 11 12 13 }

* FSM state transitions: 
1 --> 2 
2 --> 3 
3 --> 4 
4 --> 5 
5 --> 6 
6 --> 7 
7 --> 8 
8 --> 9 
9 --> 10 
10 --> 11 
11 --> 12 
12 --> 13 
13 --> 

* FSM state operations: 

State 1 <SV = 0> <Delay = 3.14>
ST_1 : Operation 14 [1/1] (1.00ns)   --->   "%out_r_read = read i64 @_ssdm_op_Read.s_axilite.i64, i64 %out_r" [top.cpp:143]   --->   Operation 14 'read' 'out_r_read' <Predicate = true> <Delay = 1.00> <CoreInst = "s_axilite">   --->   Core 120 's_axilite' <Latency = 0> <II = 1> <Delay = 1.00> <Adapter> <Opcode : 'read' 'write'>
ST_1 : Operation 15 [1/1] (1.00ns)   --->   "%in_r_read = read i64 @_ssdm_op_Read.s_axilite.i64, i64 %in_r" [top.cpp:143]   --->   Operation 15 'read' 'in_r_read' <Predicate = true> <Delay = 1.00> <CoreInst = "s_axilite">   --->   Core 120 's_axilite' <Latency = 0> <II = 1> <Delay = 1.00> <Adapter> <Opcode : 'read' 'write'>
ST_1 : Operation 16 [1/1] (0.00ns)   --->   "%out_r_c = alloca i64 1" [top.cpp:143]   --->   Operation 16 'alloca' 'out_r_c' <Predicate = true> <Delay = 0.00> <CoreInst = "FIFO_SRL">   --->   Core 80 'FIFO_SRL' <Latency = 0> <II = 1> <Delay = 2.14> <Storage> <Opcode : 'read' 'write' 'nbread' 'nbwrite'> <Ports = 0> <Width = 64> <Depth = 7> <FIFO>
ST_1 : Operation 17 [1/1] (0.00ns)   --->   "%in_stream = alloca i64 1" [top.cpp:144]   --->   Operation 17 'alloca' 'in_stream' <Predicate = true> <Delay = 0.00> <CoreInst = "FIFO_SRL">   --->   Core 80 'FIFO_SRL' <Latency = 0> <II = 1> <Delay = 2.16> <Storage> <Opcode : 'read' 'write' 'nbread' 'nbwrite'> <Ports = 0> <Width = 16> <Depth = 2> <FIFO>
ST_1 : Operation 18 [1/1] (2.14ns)   --->   "%call_ln143 = call void @entry_proc, i64 %out_r_read, i64 %out_r_c" [top.cpp:143]   --->   Operation 18 'call' 'call_ln143' <Predicate = true> <Delay = 2.14> <CoreType = "Generic">   --->   Generic Core

State 2 <SV = 1> <Delay = 7.30>
ST_2 : Operation 19 [2/2] (7.30ns)   --->   "%call_ln145 = call void @Loop_VITIS_LOOP_145_1_proc, i64 %in_r_read, i16 %gmem0, i16 %in_stream" [top.cpp:145]   --->   Operation 19 'call' 'call_ln145' <Predicate = true> <Delay = 7.30> <CoreType = "Generic">   --->   Generic Core

State 3 <SV = 2> <Delay = 1.00>
ST_3 : Operation 20 [1/2] (1.00ns)   --->   "%call_ln145 = call void @Loop_VITIS_LOOP_145_1_proc, i64 %in_r_read, i16 %gmem0, i16 %in_stream" [top.cpp:145]   --->   Operation 20 'call' 'call_ln145' <Predicate = true> <Delay = 1.00> <CoreType = "Generic">   --->   Generic Core

State 4 <SV = 3> <Delay = 0.00>
ST_4 : Operation 21 [2/2] (0.00ns)   --->   "%call_ln147 = call void @k1_contrast, i16 %in_stream, i16 %k1_contrast_stream_ap_fixed_0_stream_ap_fixed_16_8_5_3_0_0_lb_1, i16 %k1_contrast_stream_ap_fixed_0_stream_ap_fixed_16_8_5_3_0_0_lb, i16 %s1" [top.cpp:147]   --->   Operation 21 'call' 'call_ln147' <Predicate = true> <Delay = 0.00> <CoreType = "Generic">   --->   Generic Core

State 5 <SV = 4> <Delay = 0.00>
ST_5 : Operation 22 [1/2] (0.00ns)   --->   "%call_ln147 = call void @k1_contrast, i16 %in_stream, i16 %k1_contrast_stream_ap_fixed_0_stream_ap_fixed_16_8_5_3_0_0_lb_1, i16 %k1_contrast_stream_ap_fixed_0_stream_ap_fixed_16_8_5_3_0_0_lb, i16 %s1" [top.cpp:147]   --->   Operation 22 'call' 'call_ln147' <Predicate = true> <Delay = 0.00> <CoreType = "Generic">   --->   Generic Core

State 6 <SV = 5> <Delay = 0.00>
ST_6 : Operation 23 [2/2] (0.00ns)   --->   "%call_ln148 = call void @k2_erosion, i16 %s1, i16 %k2_erosion_stream_ap_fixed_0_stream_ap_fixed_16_8_5_3_0_0_lb_3, i16 %k2_erosion_stream_ap_fixed_0_stream_ap_fixed_16_8_5_3_0_0_lb_2, i16 %k2_erosion_stream_ap_fixed_0_stream_ap_fixed_16_8_5_3_0_0_lb_1, i16 %k2_erosion_stream_ap_fixed_0_stream_ap_fixed_16_8_5_3_0_0_lb, i16 %s2" [top.cpp:148]   --->   Operation 23 'call' 'call_ln148' <Predicate = true> <Delay = 0.00> <CoreType = "Generic">   --->   Generic Core

State 7 <SV = 6> <Delay = 0.00>
ST_7 : Operation 24 [1/2] (0.00ns)   --->   "%call_ln148 = call void @k2_erosion, i16 %s1, i16 %k2_erosion_stream_ap_fixed_0_stream_ap_fixed_16_8_5_3_0_0_lb_3, i16 %k2_erosion_stream_ap_fixed_0_stream_ap_fixed_16_8_5_3_0_0_lb_2, i16 %k2_erosion_stream_ap_fixed_0_stream_ap_fixed_16_8_5_3_0_0_lb_1, i16 %k2_erosion_stream_ap_fixed_0_stream_ap_fixed_16_8_5_3_0_0_lb, i16 %s2" [top.cpp:148]   --->   Operation 24 'call' 'call_ln148' <Predicate = true> <Delay = 0.00> <CoreType = "Generic">   --->   Generic Core

State 8 <SV = 7> <Delay = 0.00>
ST_8 : Operation 25 [2/2] (0.00ns)   --->   "%call_ln149 = call void @k3_dilation, i16 %s2, i16 %k3_dilation_stream_stream_stream_ap_fixed_16_8_5_3_0_0_lb_3, i16 %k3_dilation_stream_stream_stream_ap_fixed_16_8_5_3_0_0_lb_2, i16 %k3_dilation_stream_stream_stream_ap_fixed_16_8_5_3_0_0_lb_1, i16 %k3_dilation_stream_stream_stream_ap_fixed_16_8_5_3_0_0_lb, i16 %s3_dil, i16 %s3_ero" [top.cpp:149]   --->   Operation 25 'call' 'call_ln149' <Predicate = true> <Delay = 0.00> <CoreType = "Generic">   --->   Generic Core

State 9 <SV = 8> <Delay = 0.00>
ST_9 : Operation 26 [1/2] (0.00ns)   --->   "%call_ln149 = call void @k3_dilation, i16 %s2, i16 %k3_dilation_stream_stream_stream_ap_fixed_16_8_5_3_0_0_lb_3, i16 %k3_dilation_stream_stream_stream_ap_fixed_16_8_5_3_0_0_lb_2, i16 %k3_dilation_stream_stream_stream_ap_fixed_16_8_5_3_0_0_lb_1, i16 %k3_dilation_stream_stream_stream_ap_fixed_16_8_5_3_0_0_lb, i16 %s3_dil, i16 %s3_ero" [top.cpp:149]   --->   Operation 26 'call' 'call_ln149' <Predicate = true> <Delay = 0.00> <CoreType = "Generic">   --->   Generic Core

State 10 <SV = 9> <Delay = 0.00>
ST_10 : Operation 27 [2/2] (0.00ns)   --->   "%call_ln150 = call void @k4_gradient, i16 %s3_dil, i16 %s3_ero, i16 %s4" [top.cpp:150]   --->   Operation 27 'call' 'call_ln150' <Predicate = true> <Delay = 0.00> <CoreType = "Generic">   --->   Generic Core

State 11 <SV = 10> <Delay = 1.96>
ST_11 : Operation 28 [1/2] (1.96ns)   --->   "%call_ln150 = call void @k4_gradient, i16 %s3_dil, i16 %s3_ero, i16 %s4" [top.cpp:150]   --->   Operation 28 'call' 'call_ln150' <Predicate = true> <Delay = 1.96> <CoreType = "Generic">   --->   Generic Core

State 12 <SV = 11> <Delay = 0.00>
ST_12 : Operation 29 [2/2] (0.00ns)   --->   "%call_ln151 = call void @k5_threshold, i16 %gmem1, i64 %out_r_c, i16 %s4, i16 %local_storage" [top.cpp:151]   --->   Operation 29 'call' 'call_ln151' <Predicate = true> <Delay = 0.00> <CoreType = "Generic">   --->   Generic Core

State 13 <SV = 12> <Delay = 0.00>
ST_13 : Operation 30 [1/1] (0.00ns)   --->   "%empty = specchannel i32 @_ssdm_op_SpecChannel, void @out_r_c_str, i32 1, void @p_str, void @p_str, i32 7, i32 0, i64 %out_r_c, i64 %out_r_c" [top.cpp:143]   --->   Operation 30 'specchannel' 'empty' <Predicate = true> <Delay = 0.00>
ST_13 : Operation 31 [1/1] (0.00ns)   --->   "%specinterface_ln143 = specinterface void @_ssdm_op_SpecInterface, i64 %out_r_c, void @ap_fifo_str, i32 0, i32 0, void @p_str, i32 0, i32 0, void @p_str, void @p_str, void @p_str, i32 2, i32 2, i32 16, i32 16, void @p_str, void @p_str, i32 4294967295, i32 0, i32 0" [top.cpp:143]   --->   Operation 31 'specinterface' 'specinterface_ln143' <Predicate = true> <Delay = 0.00>
ST_13 : Operation 32 [1/1] (0.00ns)   --->   "%specdataflowpipeline_ln143 = specdataflowpipeline void @_ssdm_op_SpecDataflowPipeline, i32 4294967295, i32 0, void @empty_5" [top.cpp:143]   --->   Operation 32 'specdataflowpipeline' 'specdataflowpipeline_ln143' <Predicate = true> <Delay = 0.00>
ST_13 : Operation 33 [1/1] (0.00ns)   --->   "%empty_38 = specchannel i32 @_ssdm_op_SpecChannel, void @s1_str, i32 1, void @p_str, void @p_str, i32 256, i32 256, i16 %s1, i16 %s1"   --->   Operation 33 'specchannel' 'empty_38' <Predicate = true> <Delay = 0.00>
ST_13 : Operation 34 [1/1] (0.00ns)   --->   "%empty_39 = specchannel i32 @_ssdm_op_SpecChannel, void @s2_str, i32 1, void @p_str, void @p_str, i32 256, i32 256, i16 %s2, i16 %s2"   --->   Operation 34 'specchannel' 'empty_39' <Predicate = true> <Delay = 0.00>
ST_13 : Operation 35 [1/1] (0.00ns)   --->   "%empty_40 = specchannel i32 @_ssdm_op_SpecChannel, void @s3_dil_str, i32 1, void @p_str, void @p_str, i32 256, i32 256, i16 %s3_dil, i16 %s3_dil"   --->   Operation 35 'specchannel' 'empty_40' <Predicate = true> <Delay = 0.00>
ST_13 : Operation 36 [1/1] (0.00ns)   --->   "%empty_41 = specchannel i32 @_ssdm_op_SpecChannel, void @s3_ero_str, i32 1, void @p_str, void @p_str, i32 256, i32 256, i16 %s3_ero, i16 %s3_ero"   --->   Operation 36 'specchannel' 'empty_41' <Predicate = true> <Delay = 0.00>
ST_13 : Operation 37 [1/1] (0.00ns)   --->   "%empty_42 = specchannel i32 @_ssdm_op_SpecChannel, void @s4_str, i32 1, void @p_str, void @p_str, i32 256, i32 256, i16 %s4, i16 %s4"   --->   Operation 37 'specchannel' 'empty_42' <Predicate = true> <Delay = 0.00>
ST_13 : Operation 38 [1/1] (0.00ns)   --->   "%spectopmodule_ln131 = spectopmodule void @_ssdm_op_SpecTopModule, void @empty_10" [top.cpp:131]   --->   Operation 38 'spectopmodule' 'spectopmodule_ln131' <Predicate = true> <Delay = 0.00>
ST_13 : Operation 39 [1/1] (0.00ns)   --->   "%specinterface_ln0 = specinterface void @_ssdm_op_SpecInterface, i16 %gmem0, void @empty_6, i32 0, i32 0, void @empty_5, i32 0, i32 0, void @empty_18, void @empty_3, void @empty_5, i32 16, i32 16, i32 16, i32 16, void @empty_5, void @empty_5, i32 4294967295, i32 0, i32 0"   --->   Operation 39 'specinterface' 'specinterface_ln0' <Predicate = true> <Delay = 0.00>
ST_13 : Operation 40 [1/1] (0.00ns)   --->   "%specbitsmap_ln0 = specbitsmap void @_ssdm_op_SpecBitsMap, i16 %gmem0"   --->   Operation 40 'specbitsmap' 'specbitsmap_ln0' <Predicate = true> <Delay = 0.00>
ST_13 : Operation 41 [1/1] (0.00ns)   --->   "%specinterface_ln0 = specinterface void @_ssdm_op_SpecInterface, i16 %gmem1, void @empty_6, i32 0, i32 0, void @empty_5, i32 0, i32 0, void @empty_2, void @empty_3, void @empty_5, i32 16, i32 16, i32 16, i32 16, void @empty_5, void @empty_5, i32 4294967295, i32 0, i32 0"   --->   Operation 41 'specinterface' 'specinterface_ln0' <Predicate = true> <Delay = 0.00>
ST_13 : Operation 42 [1/1] (0.00ns)   --->   "%specbitsmap_ln0 = specbitsmap void @_ssdm_op_SpecBitsMap, i16 %gmem1"   --->   Operation 42 'specbitsmap' 'specbitsmap_ln0' <Predicate = true> <Delay = 0.00>
ST_13 : Operation 43 [1/1] (0.00ns)   --->   "%specinterface_ln0 = specinterface void @_ssdm_op_SpecInterface, i64 %in_r, void @empty_1, i32 0, i32 0, void @empty_5, i32 0, i32 0, void @empty_0, void @empty, void @empty_5, i32 0, i32 0, i32 0, i32 0, void @empty_5, void @empty_7, i32 4294967295, i32 0, i32 0"   --->   Operation 43 'specinterface' 'specinterface_ln0' <Predicate = true> <Delay = 0.00>
ST_13 : Operation 44 [1/1] (0.00ns)   --->   "%specinterface_ln0 = specinterface void @_ssdm_op_SpecInterface, i64 %in_r, void @empty_8, i32 0, i32 0, void @empty_5, i32 0, i32 0, void @empty_5, void @empty_5, void @empty_5, i32 0, i32 0, i32 0, i32 0, void @empty_5, void @empty_7, i32 4294967295, i32 0, i32 0"   --->   Operation 44 'specinterface' 'specinterface_ln0' <Predicate = true> <Delay = 0.00>
ST_13 : Operation 45 [1/1] (0.00ns)   --->   "%specinterface_ln0 = specinterface void @_ssdm_op_SpecInterface, i64 %out_r, void @empty_1, i32 0, i32 0, void @empty_5, i32 0, i32 0, void @empty_0, void @empty_17, void @empty_5, i32 0, i32 0, i32 0, i32 0, void @empty_5, void @empty_7, i32 4294967295, i32 0, i32 0"   --->   Operation 45 'specinterface' 'specinterface_ln0' <Predicate = true> <Delay = 0.00>
ST_13 : Operation 46 [1/1] (0.00ns)   --->   "%specinterface_ln0 = specinterface void @_ssdm_op_SpecInterface, i64 %out_r, void @empty_8, i32 0, i32 0, void @empty_5, i32 0, i32 0, void @empty_5, void @empty_5, void @empty_5, i32 0, i32 0, i32 0, i32 0, void @empty_5, void @empty_7, i32 4294967295, i32 0, i32 0"   --->   Operation 46 'specinterface' 'specinterface_ln0' <Predicate = true> <Delay = 0.00>
ST_13 : Operation 47 [1/1] (0.00ns)   --->   "%specinterface_ln0 = specinterface void @_ssdm_op_SpecInterface, i32 0, void @empty_1, i32 0, i32 0, void @empty_5, i32 0, i32 0, void @empty_0, void @empty_5, void @empty_5, i32 0, i32 0, i32 0, i32 0, void @empty_5, void @empty_5, i32 4294967295, i32 0, i32 0"   --->   Operation 47 'specinterface' 'specinterface_ln0' <Predicate = true> <Delay = 0.00>
ST_13 : Operation 48 [1/1] (0.00ns)   --->   "%empty_43 = specchannel i32 @_ssdm_op_SpecChannel, void @in_stream_str, i32 1, void @p_str, void @p_str, i32 2, i32 2, i16 %in_stream, i16 %in_stream"   --->   Operation 48 'specchannel' 'empty_43' <Predicate = true> <Delay = 0.00>
ST_13 : Operation 49 [1/1] (0.00ns)   --->   "%specinterface_ln0 = specinterface void @_ssdm_op_SpecInterface, i16 %in_stream, void @empty_4, i32 0, i32 0, void @empty_5, i32 0, i32 0, void @empty_5, void @empty_5, void @empty_5, i32 0, i32 0, i32 0, i32 0, void @empty_5, void @empty_5, i32 4294967295, i32 0, i32 0"   --->   Operation 49 'specinterface' 'specinterface_ln0' <Predicate = true> <Delay = 0.00>
ST_13 : Operation 50 [1/1] (0.00ns)   --->   "%specinterface_ln0 = specinterface void @_ssdm_op_SpecInterface, i16 %s1, void @empty_4, i32 0, i32 0, void @empty_5, i32 0, i32 0, void @empty_5, void @empty_5, void @empty_5, i32 0, i32 0, i32 0, i32 0, void @empty_5, void @empty_5, i32 4294967295, i32 0, i32 0"   --->   Operation 50 'specinterface' 'specinterface_ln0' <Predicate = true> <Delay = 0.00>
ST_13 : Operation 51 [1/1] (0.00ns)   --->   "%specinterface_ln0 = specinterface void @_ssdm_op_SpecInterface, i16 %s2, void @empty_4, i32 0, i32 0, void @empty_5, i32 0, i32 0, void @empty_5, void @empty_5, void @empty_5, i32 0, i32 0, i32 0, i32 0, void @empty_5, void @empty_5, i32 4294967295, i32 0, i32 0"   --->   Operation 51 'specinterface' 'specinterface_ln0' <Predicate = true> <Delay = 0.00>
ST_13 : Operation 52 [1/1] (0.00ns)   --->   "%specinterface_ln0 = specinterface void @_ssdm_op_SpecInterface, i16 %s3_dil, void @empty_4, i32 0, i32 0, void @empty_5, i32 0, i32 0, void @empty_5, void @empty_5, void @empty_5, i32 0, i32 0, i32 0, i32 0, void @empty_5, void @empty_5, i32 4294967295, i32 0, i32 0"   --->   Operation 52 'specinterface' 'specinterface_ln0' <Predicate = true> <Delay = 0.00>
ST_13 : Operation 53 [1/1] (0.00ns)   --->   "%specinterface_ln0 = specinterface void @_ssdm_op_SpecInterface, i16 %s3_ero, void @empty_4, i32 0, i32 0, void @empty_5, i32 0, i32 0, void @empty_5, void @empty_5, void @empty_5, i32 0, i32 0, i32 0, i32 0, void @empty_5, void @empty_5, i32 4294967295, i32 0, i32 0"   --->   Operation 53 'specinterface' 'specinterface_ln0' <Predicate = true> <Delay = 0.00>
ST_13 : Operation 54 [1/1] (0.00ns)   --->   "%specinterface_ln0 = specinterface void @_ssdm_op_SpecInterface, i16 %s4, void @empty_4, i32 0, i32 0, void @empty_5, i32 0, i32 0, void @empty_5, void @empty_5, void @empty_5, i32 0, i32 0, i32 0, i32 0, void @empty_5, void @empty_5, i32 4294967295, i32 0, i32 0"   --->   Operation 54 'specinterface' 'specinterface_ln0' <Predicate = true> <Delay = 0.00>
ST_13 : Operation 55 [1/2] (0.00ns)   --->   "%call_ln151 = call void @k5_threshold, i16 %gmem1, i64 %out_r_c, i16 %s4, i16 %local_storage" [top.cpp:151]   --->   Operation 55 'call' 'call_ln151' <Predicate = true> <Delay = 0.00> <CoreType = "Generic">   --->   Generic Core
ST_13 : Operation 56 [1/1] (0.00ns)   --->   "%ret_ln152 = ret" [top.cpp:152]   --->   Operation 56 'ret' 'ret_ln152' <Predicate = true> <Delay = 0.00>


============================================================
+ Verbose Summary: Timing violations
============================================================
Target clock period: 10.000ns, clock uncertainty: 2.700ns.

 <State 1>: 3.141ns
The critical path consists of the following:
	s_axi read operation ('out_r_read', top.cpp:143) on port 'out_r' (top.cpp:143) [21]  (1.000 ns)
	'call' operation 0 bit ('call_ln143', top.cpp:143) to 'entry_proc' [50]  (2.141 ns)

 <State 2>: 7.300ns
The critical path consists of the following:
	'call' operation 0 bit ('call_ln145', top.cpp:145) to 'Loop_VITIS_LOOP_145_1_proc' [51]  (7.300 ns)

 <State 3>: 1.002ns
The critical path consists of the following:
	'call' operation 0 bit ('call_ln145', top.cpp:145) to 'Loop_VITIS_LOOP_145_1_proc' [51]  (1.002 ns)

 <State 4>: 0.000ns
The critical path consists of the following:

 <State 5>: 0.000ns
The critical path consists of the following:

 <State 6>: 0.000ns
The critical path consists of the following:

 <State 7>: 0.000ns
The critical path consists of the following:

 <State 8>: 0.000ns
The critical path consists of the following:

 <State 9>: 0.000ns
The critical path consists of the following:

 <State 10>: 0.000ns
The critical path consists of the following:

 <State 11>: 1.967ns
The critical path consists of the following:
	'call' operation 0 bit ('call_ln150', top.cpp:150) to 'k4_gradient' [55]  (1.967 ns)

 <State 12>: 0.000ns
The critical path consists of the following:

 <State 13>: 0.000ns
The critical path consists of the following:


============================================================
+ Verbose Summary: Binding
============================================================
N/A
* FSMD analyzer results:
  - Output states:
 - Input state : 
  - Chain level:
	State 1
	State 2
	State 3
	State 4
	State 5
	State 6
	State 7
	State 8
	State 9
	State 10
	State 11
	State 12
	State 13


============================================================
+ Verbose Summary: Datapath Resource usage 
============================================================
N/A
