
*** Running vivado
    with args -log bd_0_wrapper.vdi -applog -m64 -product Vivado -messageDb vivado.pb -mode batch -source bd_0_wrapper.tcl -notrace


****** Vivado v2025.1.1 (64-bit)
  **** SW Build 6233196 on Thu Sep 11 21:27:11 MDT 2025
  **** IP Build 6232796 on Fri Sep 12 01:46:16 MDT 2025
  **** SharedData Build 6233195 on Thu Sep 11 17:56:43 MDT 2025
  **** Start of session at: Sat Mar 28 00:20:28 2026
    ** Copyright 1986-2022 Xilinx, Inc. All Rights Reserved.
    ** Copyright 2022-2025 Advanced Micro Devices, Inc. All Rights Reserved.

source bd_0_wrapper.tcl -notrace
INFO: Dispatch client connection id - 44879
Command: open_checkpoint /nethome/asandeep6/FPGA_ECE8893/2026_Spring/lab4/project_1/hls/impl/verilog/project.runs/impl_1/bd_0_wrapper.dcp
INFO: [Device 21-403] Loading part xczu3eg-sbva484-1-e
Netlist sorting complete. Time (s): cpu = 00:00:00.01 ; elapsed = 00:00:00.01 . Memory (MB): peak = 2770.953 ; gain = 0.000 ; free physical = 314475 ; free virtual = 421828
INFO: [Netlist 29-17] Analyzing 48 Unisim elements for replacement
INFO: [Netlist 29-28] Unisim Transformation completed in 0 CPU seconds
INFO: [Project 1-479] Netlist was created with Vivado 2025.1.1
INFO: [Project 1-570] Preparing netlist for logic optimization
Read ShapeDB Complete: Time (s): cpu = 00:00:00.01 ; elapsed = 00:00:00 . Memory (MB): peak = 2770.953 ; gain = 0.000 ; free physical = 314430 ; free virtual = 421817
INFO: [Timing 38-478] Restoring timing data from binary archive.
INFO: [Timing 38-479] Binary timing data restore complete.
INFO: [Project 1-856] Restoring constraints from binary archive.
INFO: [Project 1-853] Binary constraint restore complete.
Netlist sorting complete. Time (s): cpu = 00:00:00 ; elapsed = 00:00:00 . Memory (MB): peak = 3366.621 ; gain = 0.000 ; free physical = 314032 ; free virtual = 421418
INFO: [Project 1-111] Unisim Transformation Summary:
  A total of 17 instances were transformed.
  DSP48E2 => DSP48E2 (DSP_ALU, DSP_A_B_DATA, DSP_C_DATA, DSP_MULTIPLIER, DSP_M_DATA, DSP_OUTPUT, DSP_PREADD, DSP_PREADD_DATA): 1 instance 
  RAM64X1S => RAM64X1S (RAMS64E): 16 instances

INFO: [Project 1-604] Checkpoint was created with Vivado v2025.1.1 (64-bit) build 6233196
open_checkpoint: Time (s): cpu = 00:00:38 ; elapsed = 00:00:30 . Memory (MB): peak = 3366.656 ; gain = 1625.793 ; free physical = 314031 ; free virtual = 421417
INFO: [IP_Flow 19-234] Refreshing IP repositories
INFO: [IP_Flow 19-1700] Loaded user IP repository '/nethome/asandeep6/FPGA_ECE8893/2026_Spring/lab4/project_1/hls/impl/ip'.
INFO: [IP_Flow 19-2313] Loaded Vivado IP repository '/tools/software/xilinx/2025.1.1/data/ip'.
Command: opt_design
Attempting to get a license for feature 'Implementation' and/or device 'xczu3eg'
INFO: [Common 17-349] Got license for feature 'Implementation' and/or device 'xczu3eg'
Running DRC as a precondition to command opt_design

Starting DRC Task
INFO: [DRC 23-27] Running DRC with 8 threads
WARNING: [DRC 23-814] Not all possible (connectivity based) DRCs may have been run because this design is seen as Out of Context.
INFO: [Project 1-461] DRC finished with 0 Errors
INFO: [Project 1-462] Please refer to the DRC report (report_drc) for more information.

Time (s): cpu = 00:00:04 ; elapsed = 00:00:00.97 . Memory (MB): peak = 3535.504 ; gain = 165.914 ; free physical = 313861 ; free virtual = 421247

Starting Cache Timing Information Task
Ending Cache Timing Information Task | Checksum: 115dbb04f

Time (s): cpu = 00:00:00.76 ; elapsed = 00:00:00.79 . Memory (MB): peak = 3535.504 ; gain = 0.000 ; free physical = 313863 ; free virtual = 421250

Starting Logic Optimization Task

Phase 1 Initialization

Phase 1.1 Core Generation And Design Setup
Phase 1.1 Core Generation And Design Setup | Checksum: 115dbb04f

Time (s): cpu = 00:00:00 ; elapsed = 00:00:00 . Memory (MB): peak = 3795.402 ; gain = 0.000 ; free physical = 313613 ; free virtual = 421000

Phase 1.2 Setup Constraints And Sort Netlist
Phase 1.2 Setup Constraints And Sort Netlist | Checksum: 115dbb04f

Time (s): cpu = 00:00:00 ; elapsed = 00:00:00.01 . Memory (MB): peak = 3795.402 ; gain = 0.000 ; free physical = 313613 ; free virtual = 421000
Phase 1 Initialization | Checksum: 115dbb04f

Time (s): cpu = 00:00:00 ; elapsed = 00:00:00.01 . Memory (MB): peak = 3795.402 ; gain = 0.000 ; free physical = 313613 ; free virtual = 421000

Phase 2 Timer Update And Timing Data Collection

Phase 2.1 Timer Update
Phase 2.1 Timer Update | Checksum: 115dbb04f

Time (s): cpu = 00:00:00.1 ; elapsed = 00:00:00.04 . Memory (MB): peak = 3795.402 ; gain = 0.000 ; free physical = 313614 ; free virtual = 421000

Phase 2.2 Timing Data Collection
Phase 2.2 Timing Data Collection | Checksum: 115dbb04f

Time (s): cpu = 00:00:00.11 ; elapsed = 00:00:00.05 . Memory (MB): peak = 3795.402 ; gain = 0.000 ; free physical = 313610 ; free virtual = 420996
Phase 2 Timer Update And Timing Data Collection | Checksum: 115dbb04f

Time (s): cpu = 00:00:00.11 ; elapsed = 00:00:00.05 . Memory (MB): peak = 3795.402 ; gain = 0.000 ; free physical = 313610 ; free virtual = 420996

Phase 3 Retarget
INFO: [Opt 31-1851] Number of loadless carry chains removed were: 0
INFO: [Opt 31-1834] Total Chains To Be Transformed Were: 0 AND Number of Transformed insts Created are: 0
INFO: [Opt 31-138] Pushed 0 inverter(s) to 0 load pin(s).
INFO: [Opt 31-49] Retargeted 0 cell(s).
Phase 3 Retarget | Checksum: 12c8b66e7

Time (s): cpu = 00:00:00.15 ; elapsed = 00:00:00.1 . Memory (MB): peak = 3795.402 ; gain = 0.000 ; free physical = 313602 ; free virtual = 420988
Retarget | Checksum: 12c8b66e7
INFO: [Opt 31-389] Phase Retarget created 0 cells and removed 0 cells

Phase 4 Constant propagation
INFO: [Opt 31-138] Pushed 0 inverter(s) to 0 load pin(s).
Phase 4 Constant propagation | Checksum: 1b6eefa25

Time (s): cpu = 00:00:00.16 ; elapsed = 00:00:00.11 . Memory (MB): peak = 3795.402 ; gain = 0.000 ; free physical = 313584 ; free virtual = 420970
Constant propagation | Checksum: 1b6eefa25
INFO: [Opt 31-389] Phase Constant propagation created 0 cells and removed 0 cells

Phase 5 Sweep
INFO: [Constraints 18-11670] Building netlist checker database with flags, 0x8
Done building netlist checker database: Time (s): cpu = 00:00:00 ; elapsed = 00:00:00 . Memory (MB): peak = 3795.402 ; gain = 0.000 ; free physical = 313577 ; free virtual = 420963
INFO: [Constraints 18-11670] Building netlist checker database with flags, 0x8
Done building netlist checker database: Time (s): cpu = 00:00:00 ; elapsed = 00:00:00 . Memory (MB): peak = 3795.402 ; gain = 0.000 ; free physical = 313605 ; free virtual = 420991
Phase 5 Sweep | Checksum: 15d2d5624

Time (s): cpu = 00:00:00.18 ; elapsed = 00:00:00.13 . Memory (MB): peak = 3795.402 ; gain = 0.000 ; free physical = 313606 ; free virtual = 420992
Sweep | Checksum: 15d2d5624
INFO: [Opt 31-389] Phase Sweep created 0 cells and removed 0 cells

Phase 6 BUFG optimization
INFO: [Opt 31-1077] Phase BUFG optimization inserted 0 global clock buffer(s) for CLOCK_LOW_FANOUT.
Phase 6 BUFG optimization | Checksum: 15d2d5624

Time (s): cpu = 00:00:00.19 ; elapsed = 00:00:00.14 . Memory (MB): peak = 3827.418 ; gain = 32.016 ; free physical = 313608 ; free virtual = 420994
BUFG optimization | Checksum: 15d2d5624
INFO: [Opt 31-662] Phase BUFG optimization created 0 cells of which 0 are BUFGs and removed 0 cells.

Phase 7 Shift Register Optimization
INFO: [Opt 31-1064] SRL Remap converted 0 SRLs to 0 registers and converted 0 registers of register chains to 0 SRLs
Phase 7 Shift Register Optimization | Checksum: 15d2d5624

Time (s): cpu = 00:00:00.19 ; elapsed = 00:00:00.15 . Memory (MB): peak = 3827.418 ; gain = 32.016 ; free physical = 313608 ; free virtual = 420994
Shift Register Optimization | Checksum: 15d2d5624
INFO: [Opt 31-389] Phase Shift Register Optimization created 0 cells and removed 0 cells

Phase 8 Post Processing Netlist
Phase 8 Post Processing Netlist | Checksum: 15d2d5624

Time (s): cpu = 00:00:00.19 ; elapsed = 00:00:00.15 . Memory (MB): peak = 3827.418 ; gain = 32.016 ; free physical = 313608 ; free virtual = 420994
Post Processing Netlist | Checksum: 15d2d5624
INFO: [Opt 31-389] Phase Post Processing Netlist created 0 cells and removed 0 cells

Phase 9 Finalization

Phase 9.1 Finalizing Design Cores and Updating Shapes
Phase 9.1 Finalizing Design Cores and Updating Shapes | Checksum: 1e1781207

Time (s): cpu = 00:00:00.23 ; elapsed = 00:00:00.19 . Memory (MB): peak = 3827.418 ; gain = 32.016 ; free physical = 313608 ; free virtual = 420994

Phase 9.2 Verifying Netlist Connectivity

Starting Connectivity Check Task

Time (s): cpu = 00:00:00 ; elapsed = 00:00:00 . Memory (MB): peak = 3827.418 ; gain = 0.000 ; free physical = 313608 ; free virtual = 420994
Phase 9.2 Verifying Netlist Connectivity | Checksum: 1e1781207

Time (s): cpu = 00:00:00.23 ; elapsed = 00:00:00.19 . Memory (MB): peak = 3827.418 ; gain = 32.016 ; free physical = 313608 ; free virtual = 420994
Phase 9 Finalization | Checksum: 1e1781207

Time (s): cpu = 00:00:00.23 ; elapsed = 00:00:00.19 . Memory (MB): peak = 3827.418 ; gain = 32.016 ; free physical = 313608 ; free virtual = 420994
Opt_design Change Summary
=========================


-------------------------------------------------------------------------------------------------------------------------
|  Phase                        |  #Cells created  |  #Cells Removed  |  #Constrained objects preventing optimizations  |
-------------------------------------------------------------------------------------------------------------------------
|  Retarget                     |               0  |               0  |                                              0  |
|  Constant propagation         |               0  |               0  |                                              0  |
|  Sweep                        |               0  |               0  |                                              0  |
|  BUFG optimization            |               0  |               0  |                                              0  |
|  Shift Register Optimization  |               0  |               0  |                                              0  |
|  Post Processing Netlist      |               0  |               0  |                                              0  |
-------------------------------------------------------------------------------------------------------------------------


Ending Logic Optimization Task | Checksum: 1e1781207

Time (s): cpu = 00:00:00.23 ; elapsed = 00:00:00.2 . Memory (MB): peak = 3827.418 ; gain = 32.016 ; free physical = 313608 ; free virtual = 420994

Starting Power Optimization Task
INFO: [Pwropt 34-132] Skipping clock gating for clocks with a period < 2.00 ns.
INFO: [Timing 38-35] Done setting XDC timing constraints.
Running Vector-less Activity Propagation...

Finished Running Vector-less Activity Propagation
INFO: [Pwropt 34-9] Applying IDT optimizations ...
INFO: [Pwropt 34-10] Applying ODC optimizations ...


Starting PowerOpt Patch Enables Task
INFO: [Pwropt 34-162] WRITE_MODE attribute of 0 BRAM(s) out of a total of 24 has been updated to save power. Run report_power_opt to get a complete listing of the BRAMs updated.
INFO: [Pwropt 34-201] Structural ODC has moved 0 WE to EN ports
Number of BRAM Ports augmented: 0 newly gated: 0 Total Ports: 48
Ending PowerOpt Patch Enables Task | Checksum: 1e1781207

Time (s): cpu = 00:00:00.15 ; elapsed = 00:00:00.16 . Memory (MB): peak = 4178.789 ; gain = 0.000 ; free physical = 313496 ; free virtual = 420882
Ending Power Optimization Task | Checksum: 1e1781207

Time (s): cpu = 00:00:04 ; elapsed = 00:00:02 . Memory (MB): peak = 4178.789 ; gain = 351.371 ; free physical = 313496 ; free virtual = 420882

Starting Final Cleanup Task
Ending Final Cleanup Task | Checksum: 1e1781207

Time (s): cpu = 00:00:00 ; elapsed = 00:00:00 . Memory (MB): peak = 4178.789 ; gain = 0.000 ; free physical = 313496 ; free virtual = 420882

Starting Netlist Obfuscation Task
Netlist sorting complete. Time (s): cpu = 00:00:00 ; elapsed = 00:00:00 . Memory (MB): peak = 4178.789 ; gain = 0.000 ; free physical = 313496 ; free virtual = 420882
Ending Netlist Obfuscation Task | Checksum: 1e1781207

Time (s): cpu = 00:00:00 ; elapsed = 00:00:00 . Memory (MB): peak = 4178.789 ; gain = 0.000 ; free physical = 313496 ; free virtual = 420882
INFO: [Common 17-83] Releasing license: Implementation
40 Infos, 1 Warnings, 0 Critical Warnings and 0 Errors encountered.
opt_design completed successfully
opt_design: Time (s): cpu = 00:00:12 ; elapsed = 00:00:08 . Memory (MB): peak = 4178.789 ; gain = 809.199 ; free physical = 313496 ; free virtual = 420882
INFO: [Vivado 12-24828] Executing command : report_drc -file bd_0_wrapper_drc_opted.rpt -pb bd_0_wrapper_drc_opted.pb -rpx bd_0_wrapper_drc_opted.rpx
Command: report_drc -file bd_0_wrapper_drc_opted.rpt -pb bd_0_wrapper_drc_opted.pb -rpx bd_0_wrapper_drc_opted.rpx
INFO: [IP_Flow 19-1839] IP Catalog is up to date.
INFO: [DRC 23-27] Running DRC with 8 threads
WARNING: [DRC 23-814] Not all possible (connectivity based) DRCs may have been run because this design is seen as Out of Context.
INFO: [Vivado_Tcl 2-168] The results of DRC are in file /nethome/asandeep6/FPGA_ECE8893/2026_Spring/lab4/project_1/hls/impl/verilog/project.runs/impl_1/bd_0_wrapper_drc_opted.rpt.
report_drc completed successfully
INFO: [Timing 38-35] Done setting XDC timing constraints.
Write ShapeDB Complete: Time (s): cpu = 00:00:00 ; elapsed = 00:00:00.01 . Memory (MB): peak = 4178.789 ; gain = 0.000 ; free physical = 313446 ; free virtual = 420832
INFO: [Timing 38-480] Writing timing data to binary archive.
INFO: [Common 17-1381] The checkpoint '/nethome/asandeep6/FPGA_ECE8893/2026_Spring/lab4/project_1/hls/impl/verilog/project.runs/impl_1/bd_0_wrapper_opt.dcp' has been generated.
Command: place_design
Attempting to get a license for feature 'Implementation' and/or device 'xczu3eg'
INFO: [Common 17-349] Got license for feature 'Implementation' and/or device 'xczu3eg'
INFO: [Common 17-83] Releasing license: Implementation
INFO: [DRC 23-27] Running DRC with 8 threads
WARNING: [DRC 23-814] Not all possible (connectivity based) DRCs may have been run because this design is seen as Out of Context.
INFO: [Vivado_Tcl 4-198] DRC finished with 0 Errors
INFO: [Vivado_Tcl 4-199] Please refer to the DRC report (report_drc) for more information.
Running DRC as a precondition to command place_design
INFO: [DRC 23-27] Running DRC with 8 threads
WARNING: [DRC 23-814] Not all possible (connectivity based) DRCs may have been run because this design is seen as Out of Context.
INFO: [Vivado_Tcl 4-198] DRC finished with 0 Errors
INFO: [Vivado_Tcl 4-199] Please refer to the DRC report (report_drc) for more information.
INFO: [Place 30-611] Multithreading enabled for place_design using a maximum of 8 CPUs

Starting Placer Task

Phase 1 Placer Initialization

Phase 1.1 Placer Initialization Netlist Sorting
Netlist sorting complete. Time (s): cpu = 00:00:00 ; elapsed = 00:00:00 . Memory (MB): peak = 4178.789 ; gain = 0.000 ; free physical = 313426 ; free virtual = 420812
Phase 1.1 Placer Initialization Netlist Sorting | Checksum: 1080539a4

Time (s): cpu = 00:00:00.01 ; elapsed = 00:00:00.02 . Memory (MB): peak = 4178.789 ; gain = 0.000 ; free physical = 313426 ; free virtual = 420812
Netlist sorting complete. Time (s): cpu = 00:00:00.01 ; elapsed = 00:00:00 . Memory (MB): peak = 4178.789 ; gain = 0.000 ; free physical = 313426 ; free virtual = 420812

Phase 1.2 IO Placement/ Clock Placement/ Build Placer Device
Phase 1.2 IO Placement/ Clock Placement/ Build Placer Device | Checksum: 9a7657d7

Time (s): cpu = 00:00:18 ; elapsed = 00:00:19 . Memory (MB): peak = 4763.871 ; gain = 585.082 ; free physical = 312829 ; free virtual = 420216

Phase 1.3 Build Placer Netlist Model
Phase 1.3 Build Placer Netlist Model | Checksum: 10a35a5d6

Time (s): cpu = 00:00:20 ; elapsed = 00:00:19 . Memory (MB): peak = 4795.887 ; gain = 617.098 ; free physical = 312819 ; free virtual = 420206

Phase 1.4 Constrain Clocks/Macros
Phase 1.4 Constrain Clocks/Macros | Checksum: 10a35a5d6

Time (s): cpu = 00:00:20 ; elapsed = 00:00:19 . Memory (MB): peak = 4795.887 ; gain = 617.098 ; free physical = 312819 ; free virtual = 420206
Phase 1 Placer Initialization | Checksum: 10a35a5d6

Time (s): cpu = 00:00:20 ; elapsed = 00:00:19 . Memory (MB): peak = 4795.887 ; gain = 617.098 ; free physical = 312819 ; free virtual = 420206

Phase 2 Global Placement

Phase 2.1 Floorplanning

Phase 2.1.1 Partition Driven Placement

Phase 2.1.1.1 PBP: Partition Driven Placement
Phase 2.1.1.1 PBP: Partition Driven Placement | Checksum: 9db9c843

Time (s): cpu = 00:00:21 ; elapsed = 00:00:19 . Memory (MB): peak = 4795.887 ; gain = 617.098 ; free physical = 312801 ; free virtual = 420188

Phase 2.1.1.2 PBP: Clock Region Placement
INFO: [Place 30-3164] Check ILP status : ILP-based clock placer is skipped.
Phase 2.1.1.2 PBP: Clock Region Placement | Checksum: 9db9c843

Time (s): cpu = 00:00:21 ; elapsed = 00:00:20 . Memory (MB): peak = 4795.887 ; gain = 617.098 ; free physical = 312814 ; free virtual = 420200

Phase 2.1.1.3 PBP: Compute Congestion
Phase 2.1.1.3 PBP: Compute Congestion | Checksum: 9db9c843

Time (s): cpu = 00:00:34 ; elapsed = 00:00:24 . Memory (MB): peak = 4943.871 ; gain = 765.082 ; free physical = 312634 ; free virtual = 420021

Phase 2.1.1.4 PBP: UpdateTiming
Phase 2.1.1.4 PBP: UpdateTiming | Checksum: 13d6fe1e2

Time (s): cpu = 00:00:34 ; elapsed = 00:00:24 . Memory (MB): peak = 4975.887 ; gain = 797.098 ; free physical = 312634 ; free virtual = 420021

Phase 2.1.1.5 PBP: Add part constraints
Phase 2.1.1.5 PBP: Add part constraints | Checksum: 13d6fe1e2

Time (s): cpu = 00:00:35 ; elapsed = 00:00:24 . Memory (MB): peak = 4975.887 ; gain = 797.098 ; free physical = 312634 ; free virtual = 420021
Phase 2.1.1 Partition Driven Placement | Checksum: 13d6fe1e2

Time (s): cpu = 00:00:35 ; elapsed = 00:00:24 . Memory (MB): peak = 4975.887 ; gain = 797.098 ; free physical = 312634 ; free virtual = 420021
Phase 2.1 Floorplanning | Checksum: 12a58feed

Time (s): cpu = 00:00:35 ; elapsed = 00:00:24 . Memory (MB): peak = 4975.887 ; gain = 797.098 ; free physical = 312634 ; free virtual = 420021

Phase 2.2 Update Timing before SLR Path Opt
Phase 2.2 Update Timing before SLR Path Opt | Checksum: 12a58feed

Time (s): cpu = 00:00:35 ; elapsed = 00:00:24 . Memory (MB): peak = 4975.887 ; gain = 797.098 ; free physical = 312634 ; free virtual = 420021

Phase 2.3 Post-Processing in Floorplanning
Phase 2.3 Post-Processing in Floorplanning | Checksum: 12a58feed

Time (s): cpu = 00:00:35 ; elapsed = 00:00:24 . Memory (MB): peak = 4975.887 ; gain = 797.098 ; free physical = 312634 ; free virtual = 420021

Phase 2.4 Global Place Phase1
Phase 2.4 Global Place Phase1 | Checksum: 1e1cf9b3e

Time (s): cpu = 00:00:53 ; elapsed = 00:00:29 . Memory (MB): peak = 4993.887 ; gain = 815.098 ; free physical = 312636 ; free virtual = 420022

Phase 2.5 Global Place Phase2

Phase 2.5.1 UpdateTiming Before Physical Synthesis
Phase 2.5.1 UpdateTiming Before Physical Synthesis | Checksum: 11d128c58

Time (s): cpu = 00:00:54 ; elapsed = 00:00:29 . Memory (MB): peak = 4996.887 ; gain = 818.098 ; free physical = 312638 ; free virtual = 420024

Phase 2.5.2 Physical Synthesis In Placer
INFO: [Physopt 32-1035] Found 0 LUTNM shape to break, 20 LUT instances to create LUTNM shape
INFO: [Physopt 32-1044] Break lutnm for timing: one critical 0, two critical 0, total 0, new lutff created 0
INFO: [Physopt 32-1138] End 1 Pass. Optimized 9 nets or LUTs. Breaked 0 LUT, combined 9 existing LUTs and moved 0 existing LUT
INFO: [Physopt 32-670] No setup violation found.  Equivalent Driver Rewiring was not performed.
INFO: [Physopt 32-65] No nets found for high-fanout optimization.
INFO: [Physopt 32-232] Optimized 0 net. Created 0 new instance.
INFO: [Physopt 32-775] End 1 Pass. Optimized 0 net or cell. Created 0 new cell, deleted 0 existing cell and moved 0 existing cell
INFO: [Physopt 32-670] No setup violation found.  DSP Register Optimization was not performed.
INFO: [Physopt 32-670] No setup violation found.  Shift Register to Pipeline Optimization was not performed.
INFO: [Physopt 32-670] No setup violation found.  Shift Register Optimization was not performed.
INFO: [Physopt 32-670] No setup violation found.  BRAM Register Optimization was not performed.
INFO: [Physopt 32-670] No setup violation found.  URAM Register Optimization was not performed.
INFO: [Physopt 32-949] No candidate nets found for dynamic/static region interface net replication
INFO: [Physopt 32-775] End 1 Pass. Optimized 0 net or cell. Created 0 new cell, deleted 0 existing cell and moved 0 existing cell
Netlist sorting complete. Time (s): cpu = 00:00:00 ; elapsed = 00:00:00 . Memory (MB): peak = 4996.887 ; gain = 0.000 ; free physical = 312642 ; free virtual = 420029

Summary of Physical Synthesis Optimizations
============================================


-----------------------------------------------------------------------------------------------------------------------------------------------------------
|  Optimization                                     |  Added Cells  |  Removed Cells  |  Optimized Cells/Nets  |  Dont Touch  |  Iterations  |  Elapsed   |
-----------------------------------------------------------------------------------------------------------------------------------------------------------
|  LUT Combining                                    |            0  |              9  |                     9  |           0  |           1  |  00:00:00  |
|  Retime                                           |            0  |              0  |                     0  |           0  |           1  |  00:00:00  |
|  Equivalent Driver Rewiring                       |            0  |              0  |                     0  |           0  |           0  |  00:00:00  |
|  Very High Fanout                                 |            0  |              0  |                     0  |           0  |           1  |  00:00:00  |
|  DSP Register                                     |            0  |              0  |                     0  |           0  |           0  |  00:00:00  |
|  Shift Register to Pipeline                       |            0  |              0  |                     0  |           0  |           0  |  00:00:00  |
|  Shift Register                                   |            0  |              0  |                     0  |           0  |           0  |  00:00:00  |
|  BRAM Register                                    |            0  |              0  |                     0  |           0  |           0  |  00:00:00  |
|  URAM Register                                    |            0  |              0  |                     0  |           0  |           0  |  00:00:00  |
|  Dynamic/Static Region Interface Net Replication  |            0  |              0  |                     0  |           0  |           1  |  00:00:00  |
|  Total                                            |            0  |              9  |                     9  |           0  |           4  |  00:00:00  |
-----------------------------------------------------------------------------------------------------------------------------------------------------------


Phase 2.5.2 Physical Synthesis In Placer | Checksum: 1e1dd3c26

Time (s): cpu = 00:00:54 ; elapsed = 00:00:30 . Memory (MB): peak = 4996.887 ; gain = 818.098 ; free physical = 312643 ; free virtual = 420029
Phase 2.5 Global Place Phase2 | Checksum: 10c9c009a

Time (s): cpu = 00:01:09 ; elapsed = 00:00:34 . Memory (MB): peak = 4996.887 ; gain = 818.098 ; free physical = 312640 ; free virtual = 420026
Phase 2 Global Placement | Checksum: 10c9c009a

Time (s): cpu = 00:01:09 ; elapsed = 00:00:34 . Memory (MB): peak = 4996.887 ; gain = 818.098 ; free physical = 312640 ; free virtual = 420026

Phase 3 Detail Placement

Phase 3.1 Commit Multi Column Macros
Phase 3.1 Commit Multi Column Macros | Checksum: 1318ae464

Time (s): cpu = 00:01:23 ; elapsed = 00:00:38 . Memory (MB): peak = 4996.887 ; gain = 818.098 ; free physical = 312645 ; free virtual = 420032

Phase 3.2 Commit Most Macros & LUTRAMs
Phase 3.2 Commit Most Macros & LUTRAMs | Checksum: 178b97075

Time (s): cpu = 00:01:23 ; elapsed = 00:00:38 . Memory (MB): peak = 4996.887 ; gain = 818.098 ; free physical = 312646 ; free virtual = 420033

Phase 3.3 Small Shape DP

Phase 3.3.1 Small Shape Clustering
Phase 3.3.1 Small Shape Clustering | Checksum: 21ef58e9d

Time (s): cpu = 00:01:37 ; elapsed = 00:00:42 . Memory (MB): peak = 4996.887 ; gain = 818.098 ; free physical = 312642 ; free virtual = 420029

Phase 3.3.2 Slice Area Swap

Phase 3.3.2.1 Slice Area Swap Initial
Phase 3.3.2.1 Slice Area Swap Initial | Checksum: 1642d157c

Time (s): cpu = 00:01:38 ; elapsed = 00:00:42 . Memory (MB): peak = 4996.887 ; gain = 818.098 ; free physical = 312643 ; free virtual = 420029
Phase 3.3.2 Slice Area Swap | Checksum: 1642d157c

Time (s): cpu = 00:01:38 ; elapsed = 00:00:42 . Memory (MB): peak = 4996.887 ; gain = 818.098 ; free physical = 312642 ; free virtual = 420029
Phase 3.3 Small Shape DP | Checksum: fe0b6887

Time (s): cpu = 00:01:38 ; elapsed = 00:00:43 . Memory (MB): peak = 4996.887 ; gain = 818.098 ; free physical = 312636 ; free virtual = 420023

Phase 3.4 Re-assign LUT pins
Phase 3.4 Re-assign LUT pins | Checksum: 1001b2ba2

Time (s): cpu = 00:01:38 ; elapsed = 00:00:43 . Memory (MB): peak = 4996.887 ; gain = 818.098 ; free physical = 312637 ; free virtual = 420024

Phase 3.5 Pipeline Register Optimization
Phase 3.5 Pipeline Register Optimization | Checksum: d48e1bc8

Time (s): cpu = 00:01:38 ; elapsed = 00:00:43 . Memory (MB): peak = 4996.887 ; gain = 818.098 ; free physical = 312637 ; free virtual = 420024
Phase 3 Detail Placement | Checksum: d48e1bc8

Time (s): cpu = 00:01:38 ; elapsed = 00:00:43 . Memory (MB): peak = 4996.887 ; gain = 818.098 ; free physical = 312637 ; free virtual = 420024

Phase 4 Post Placement Optimization and Clean-Up

Phase 4.1 Post Commit Optimization
INFO: [Timing 38-35] Done setting XDC timing constraints.

Phase 4.1.1 Post Placement Optimization
Post Placement Optimization Initialization | Checksum: 115683d05

Phase 4.1.1.1 BUFG Insertion

Starting Physical Synthesis Task

Phase 1 Physical Synthesis Initialization
INFO: [Physopt 32-721] Multithreading enabled for phys_opt_design using a maximum of 8 CPUs
INFO: [Physopt 32-619] Estimated Timing Summary | WNS=5.093 | TNS=0.000 |
Phase 1 Physical Synthesis Initialization | Checksum: 1c6601a5a

Time (s): cpu = 00:00:00.1 ; elapsed = 00:00:00.02 . Memory (MB): peak = 4996.887 ; gain = 0.000 ; free physical = 312635 ; free virtual = 420021
INFO: [Place 46-56] BUFG insertion identified 0 candidate nets. Inserted BUFG: 0, Replicated BUFG Driver: 0, Skipped due to Placement/Routing Conflicts: 0, Skipped due to Timing Degradation: 0, Skipped due to netlist editing failed: 0.
Ending Physical Synthesis Task | Checksum: 1ddcb3f34

Time (s): cpu = 00:00:00.12 ; elapsed = 00:00:00.03 . Memory (MB): peak = 4996.887 ; gain = 0.000 ; free physical = 312635 ; free virtual = 420021
Phase 4.1.1.1 BUFG Insertion | Checksum: 115683d05

Time (s): cpu = 00:01:53 ; elapsed = 00:00:47 . Memory (MB): peak = 4996.887 ; gain = 818.098 ; free physical = 312635 ; free virtual = 420021

Phase 4.1.1.2 Post Placement Timing Optimization
INFO: [Place 30-746] Post Placement Timing Summary WNS=5.093. For the most accurate timing information please run report_timing.
Phase 4.1.1.2 Post Placement Timing Optimization | Checksum: 12fb2985c

Time (s): cpu = 00:01:53 ; elapsed = 00:00:47 . Memory (MB): peak = 4996.887 ; gain = 818.098 ; free physical = 312639 ; free virtual = 420026

Time (s): cpu = 00:01:53 ; elapsed = 00:00:47 . Memory (MB): peak = 4996.887 ; gain = 818.098 ; free physical = 312639 ; free virtual = 420026
Phase 4.1 Post Commit Optimization | Checksum: 12fb2985c

Time (s): cpu = 00:01:53 ; elapsed = 00:00:47 . Memory (MB): peak = 4996.887 ; gain = 818.098 ; free physical = 312639 ; free virtual = 420026

Phase 4.2 Post Placement Cleanup
Phase 4.2 Post Placement Cleanup | Checksum: 12fb2985c

Time (s): cpu = 00:02:09 ; elapsed = 00:00:53 . Memory (MB): peak = 5015.871 ; gain = 837.082 ; free physical = 312586 ; free virtual = 419972

Phase 4.3 Placer Reporting

Phase 4.3.1 Print Estimated Congestion
INFO: [Place 30-612] Post-Placement Estimated Congestion 
 ________________________________________________________________________
|           | Global Congestion | Long Congestion   | Short Congestion  |
| Direction | Region Size       | Region Size       | Region Size       |
|___________|___________________|___________________|___________________|
|      North|                1x1|                1x1|                1x1|
|___________|___________________|___________________|___________________|
|      South|                1x1|                1x1|                1x1|
|___________|___________________|___________________|___________________|
|       East|                1x1|                1x1|                1x1|
|___________|___________________|___________________|___________________|
|       West|                1x1|                1x1|                1x1|
|___________|___________________|___________________|___________________|

Phase 4.3.1 Print Estimated Congestion | Checksum: 12fb2985c

Time (s): cpu = 00:02:09 ; elapsed = 00:00:53 . Memory (MB): peak = 5015.871 ; gain = 837.082 ; free physical = 312586 ; free virtual = 419972
Phase 4.3 Placer Reporting | Checksum: 12fb2985c

Time (s): cpu = 00:02:09 ; elapsed = 00:00:53 . Memory (MB): peak = 5015.871 ; gain = 837.082 ; free physical = 312586 ; free virtual = 419972

Phase 4.4 Final Placement Cleanup
Netlist sorting complete. Time (s): cpu = 00:00:00 ; elapsed = 00:00:00 . Memory (MB): peak = 5015.871 ; gain = 0.000 ; free physical = 312586 ; free virtual = 419972

Time (s): cpu = 00:02:09 ; elapsed = 00:00:53 . Memory (MB): peak = 5015.871 ; gain = 837.082 ; free physical = 312586 ; free virtual = 419972
Phase 4 Post Placement Optimization and Clean-Up | Checksum: 14893ddc2

Time (s): cpu = 00:02:09 ; elapsed = 00:00:53 . Memory (MB): peak = 5015.871 ; gain = 837.082 ; free physical = 312586 ; free virtual = 419972
Ending Placer Task | Checksum: 11d39ac37

Time (s): cpu = 00:02:09 ; elapsed = 00:00:53 . Memory (MB): peak = 5015.871 ; gain = 837.082 ; free physical = 312586 ; free virtual = 419972
77 Infos, 4 Warnings, 0 Critical Warnings and 0 Errors encountered.
place_design completed successfully
place_design: Time (s): cpu = 00:02:18 ; elapsed = 00:00:55 . Memory (MB): peak = 5015.871 ; gain = 837.082 ; free physical = 312586 ; free virtual = 419973
INFO: [Vivado 12-24838] Running report commands "report_control_sets, report_io, report_utilization" in parallel.
Running report generation with 3 threads.
INFO: [Vivado 12-24828] Executing command : report_control_sets -verbose -file bd_0_wrapper_control_sets_placed.rpt
report_control_sets: Time (s): cpu = 00:00:00.14 ; elapsed = 00:00:00.23 . Memory (MB): peak = 5015.871 ; gain = 0.000 ; free physical = 312576 ; free virtual = 419963
INFO: [Vivado 12-24828] Executing command : report_utilization -file bd_0_wrapper_utilization_placed.rpt -pb bd_0_wrapper_utilization_placed.pb
INFO: [Vivado 12-24828] Executing command : report_io -file bd_0_wrapper_io_placed.rpt
report_io: Time (s): cpu = 00:00:00.32 ; elapsed = 00:00:00.49 . Memory (MB): peak = 5015.871 ; gain = 0.000 ; free physical = 312572 ; free virtual = 419959
INFO: [Timing 38-480] Writing timing data to binary archive.
Write ShapeDB Complete: Time (s): cpu = 00:00:00 ; elapsed = 00:00:00.01 . Memory (MB): peak = 5015.871 ; gain = 0.000 ; free physical = 312571 ; free virtual = 419958
Wrote PlaceDB: Time (s): cpu = 00:00:00.22 ; elapsed = 00:00:00.09 . Memory (MB): peak = 5015.871 ; gain = 0.000 ; free physical = 312571 ; free virtual = 419959
Wrote PulsedLatchDB: Time (s): cpu = 00:00:00 ; elapsed = 00:00:00 . Memory (MB): peak = 5015.871 ; gain = 0.000 ; free physical = 312571 ; free virtual = 419959
Writing XDEF routing.
Writing XDEF routing logical nets.
Writing XDEF routing special nets.
Wrote RouteStorage: Time (s): cpu = 00:00:00.14 ; elapsed = 00:00:00.17 . Memory (MB): peak = 5015.871 ; gain = 0.000 ; free physical = 312571 ; free virtual = 419959
Wrote Netlist Cache: Time (s): cpu = 00:00:00 ; elapsed = 00:00:00 . Memory (MB): peak = 5015.871 ; gain = 0.000 ; free physical = 312571 ; free virtual = 419959
Wrote Device Cache: Time (s): cpu = 00:00:00.03 ; elapsed = 00:00:00.06 . Memory (MB): peak = 5015.871 ; gain = 0.000 ; free physical = 312568 ; free virtual = 419960
Write Physdb Complete: Time (s): cpu = 00:00:00.41 ; elapsed = 00:00:00.34 . Memory (MB): peak = 5015.871 ; gain = 0.000 ; free physical = 312568 ; free virtual = 419959
INFO: [Common 17-1381] The checkpoint '/nethome/asandeep6/FPGA_ECE8893/2026_Spring/lab4/project_1/hls/impl/verilog/project.runs/impl_1/bd_0_wrapper_placed.dcp' has been generated.
Command: phys_opt_design
Attempting to get a license for feature 'Implementation' and/or device 'xczu3eg'
INFO: [Common 17-349] Got license for feature 'Implementation' and/or device 'xczu3eg'

Starting Initial Update Timing Task
WARNING: [Timing 38-242] The property HD.CLK_SRC of clock port "ap_clk" is not set. In out-of-context mode, this prevents timing estimation for clock delay/skew
Resolution: Set the HD.CLK_SRC property of the out-of-context port to the location of the clock buffer instance in the top-level design

Time (s): cpu = 00:00:00.56 ; elapsed = 00:00:00.28 . Memory (MB): peak = 5015.871 ; gain = 0.000 ; free physical = 312569 ; free virtual = 419957
INFO: [Vivado_Tcl 4-2279] Estimated Timing Summary | WNS= 5.092 | TNS= 0.000 | 
INFO: [Vivado_Tcl 4-383] Design worst setup slack (WNS) is greater than or equal to 0.000 ns. All physical synthesis setup optimizations will be skipped.
INFO: [Vivado_Tcl 4-232] No setup violation found. The netlist was not modified.
INFO: [Common 17-83] Releasing license: Implementation
88 Infos, 5 Warnings, 0 Critical Warnings and 0 Errors encountered.
phys_opt_design completed successfully
INFO: [Timing 38-480] Writing timing data to binary archive.
Write ShapeDB Complete: Time (s): cpu = 00:00:00.01 ; elapsed = 00:00:00.01 . Memory (MB): peak = 5015.871 ; gain = 0.000 ; free physical = 312569 ; free virtual = 419957
Wrote PlaceDB: Time (s): cpu = 00:00:00.23 ; elapsed = 00:00:00.09 . Memory (MB): peak = 5015.871 ; gain = 0.000 ; free physical = 312568 ; free virtual = 419957
Wrote PulsedLatchDB: Time (s): cpu = 00:00:00 ; elapsed = 00:00:00 . Memory (MB): peak = 5015.871 ; gain = 0.000 ; free physical = 312568 ; free virtual = 419957
Writing XDEF routing.
Writing XDEF routing logical nets.
Writing XDEF routing special nets.
Wrote RouteStorage: Time (s): cpu = 00:00:00.05 ; elapsed = 00:00:00.06 . Memory (MB): peak = 5015.871 ; gain = 0.000 ; free physical = 312569 ; free virtual = 419958
Wrote Netlist Cache: Time (s): cpu = 00:00:00.01 ; elapsed = 00:00:00.01 . Memory (MB): peak = 5015.871 ; gain = 0.000 ; free physical = 312568 ; free virtual = 419958
Wrote Device Cache: Time (s): cpu = 00:00:00.02 ; elapsed = 00:00:00.05 . Memory (MB): peak = 5015.871 ; gain = 0.000 ; free physical = 312565 ; free virtual = 419957
Write Physdb Complete: Time (s): cpu = 00:00:00.32 ; elapsed = 00:00:00.23 . Memory (MB): peak = 5015.871 ; gain = 0.000 ; free physical = 312566 ; free virtual = 419958
INFO: [Common 17-1381] The checkpoint '/nethome/asandeep6/FPGA_ECE8893/2026_Spring/lab4/project_1/hls/impl/verilog/project.runs/impl_1/bd_0_wrapper_physopt.dcp' has been generated.
Command: route_design
Attempting to get a license for feature 'Implementation' and/or device 'xczu3eg'
INFO: [Common 17-349] Got license for feature 'Implementation' and/or device 'xczu3eg'


Starting Routing Task
INFO: [Route 35-254] Multithreading enabled for route_design using a maximum of 8 CPUs

Phase 1 Build RT Design
Checksum: PlaceDB: 8e88350 ConstDB: 0 ShapeSum: f4beb129 RouteDB: 1f9277be
Nodegraph reading from file.  Time (s): cpu = 00:00:00.6 ; elapsed = 00:00:00.65 . Memory (MB): peak = 5015.871 ; gain = 0.000 ; free physical = 312569 ; free virtual = 419958
WARNING: [Route 35-197] Clock port "ap_clk" does not have an associated HD.CLK_SRC. Without this constraint, timing analysis may not be accurate and upstream checks cannot be done to ensure correct clock placement.
WARNING: [Route 35-198] Port "ap_rst" does not have an associated HD.PARTPIN_LOCS, which will prevent the partial routing of the signal "ap_rst". Without this partial route, timing analysis to/from this port will not be accurate, and no routing information for this port can be exported.
WARNING: [Route 35-198] Port "red_in_q0[14]" does not have an associated HD.PARTPIN_LOCS, which will prevent the partial routing of the signal "red_in_q0[14]". Without this partial route, timing analysis to/from this port will not be accurate, and no routing information for this port can be exported.
WARNING: [Route 35-198] Port "red_in_q0[15]" does not have an associated HD.PARTPIN_LOCS, which will prevent the partial routing of the signal "red_in_q0[15]". Without this partial route, timing analysis to/from this port will not be accurate, and no routing information for this port can be exported.
WARNING: [Route 35-198] Port "red_in_q0[12]" does not have an associated HD.PARTPIN_LOCS, which will prevent the partial routing of the signal "red_in_q0[12]". Without this partial route, timing analysis to/from this port will not be accurate, and no routing information for this port can be exported.
WARNING: [Route 35-198] Port "red_in_q0[11]" does not have an associated HD.PARTPIN_LOCS, which will prevent the partial routing of the signal "red_in_q0[11]". Without this partial route, timing analysis to/from this port will not be accurate, and no routing information for this port can be exported.
WARNING: [Route 35-198] Port "red_in_q0[10]" does not have an associated HD.PARTPIN_LOCS, which will prevent the partial routing of the signal "red_in_q0[10]". Without this partial route, timing analysis to/from this port will not be accurate, and no routing information for this port can be exported.
WARNING: [Route 35-198] Port "red_in_q0[9]" does not have an associated HD.PARTPIN_LOCS, which will prevent the partial routing of the signal "red_in_q0[9]". Without this partial route, timing analysis to/from this port will not be accurate, and no routing information for this port can be exported.
WARNING: [Route 35-198] Port "red_in_q0[8]" does not have an associated HD.PARTPIN_LOCS, which will prevent the partial routing of the signal "red_in_q0[8]". Without this partial route, timing analysis to/from this port will not be accurate, and no routing information for this port can be exported.
WARNING: [Route 35-198] Port "red_in_q0[7]" does not have an associated HD.PARTPIN_LOCS, which will prevent the partial routing of the signal "red_in_q0[7]". Without this partial route, timing analysis to/from this port will not be accurate, and no routing information for this port can be exported.
WARNING: [Route 35-198] Port "red_in_q0[13]" does not have an associated HD.PARTPIN_LOCS, which will prevent the partial routing of the signal "red_in_q0[13]". Without this partial route, timing analysis to/from this port will not be accurate, and no routing information for this port can be exported.
WARNING: [Route 35-198] Port "red_in_q0[6]" does not have an associated HD.PARTPIN_LOCS, which will prevent the partial routing of the signal "red_in_q0[6]". Without this partial route, timing analysis to/from this port will not be accurate, and no routing information for this port can be exported.
WARNING: [Route 35-198] Port "red_in_q0[5]" does not have an associated HD.PARTPIN_LOCS, which will prevent the partial routing of the signal "red_in_q0[5]". Without this partial route, timing analysis to/from this port will not be accurate, and no routing information for this port can be exported.
WARNING: [Route 35-198] Port "red_in_q0[4]" does not have an associated HD.PARTPIN_LOCS, which will prevent the partial routing of the signal "red_in_q0[4]". Without this partial route, timing analysis to/from this port will not be accurate, and no routing information for this port can be exported.
WARNING: [Route 35-198] Port "red_in_q0[3]" does not have an associated HD.PARTPIN_LOCS, which will prevent the partial routing of the signal "red_in_q0[3]". Without this partial route, timing analysis to/from this port will not be accurate, and no routing information for this port can be exported.
WARNING: [Route 35-198] Port "red_in_q0[2]" does not have an associated HD.PARTPIN_LOCS, which will prevent the partial routing of the signal "red_in_q0[2]". Without this partial route, timing analysis to/from this port will not be accurate, and no routing information for this port can be exported.
WARNING: [Route 35-198] Port "red_in_q0[1]" does not have an associated HD.PARTPIN_LOCS, which will prevent the partial routing of the signal "red_in_q0[1]". Without this partial route, timing analysis to/from this port will not be accurate, and no routing information for this port can be exported.
WARNING: [Route 35-198] Port "red_in_q0[0]" does not have an associated HD.PARTPIN_LOCS, which will prevent the partial routing of the signal "red_in_q0[0]". Without this partial route, timing analysis to/from this port will not be accurate, and no routing information for this port can be exported.
WARNING: [Route 35-198] Port "ap_ctrl_start" does not have an associated HD.PARTPIN_LOCS, which will prevent the partial routing of the signal "ap_ctrl_start". Without this partial route, timing analysis to/from this port will not be accurate, and no routing information for this port can be exported.
Post Restoration Checksum: NetGraph: 505ba04 | NumContArr: dfeb30d3 | Constraints: c2a8fa9d | Timing: c2a8fa9d
Phase 1 Build RT Design | Checksum: 26a42e011

Time (s): cpu = 00:00:04 ; elapsed = 00:00:04 . Memory (MB): peak = 5015.871 ; gain = 0.000 ; free physical = 312562 ; free virtual = 419951

Phase 2 Router Initialization

Phase 2.1 Fix Topology Constraints
Phase 2.1 Fix Topology Constraints | Checksum: 26a42e011

Time (s): cpu = 00:00:04 ; elapsed = 00:00:04 . Memory (MB): peak = 5015.871 ; gain = 0.000 ; free physical = 312562 ; free virtual = 419951

Phase 2.2 Pre Route Cleanup
Phase 2.2 Pre Route Cleanup | Checksum: 26a42e011

Time (s): cpu = 00:00:04 ; elapsed = 00:00:04 . Memory (MB): peak = 5015.871 ; gain = 0.000 ; free physical = 312562 ; free virtual = 419951

Phase 2.3 Global Clock Net Routing
Phase 2.3 Global Clock Net Routing | Checksum: 26a42e011

Time (s): cpu = 00:00:05 ; elapsed = 00:00:04 . Memory (MB): peak = 5015.871 ; gain = 0.000 ; free physical = 312556 ; free virtual = 419945

Phase 2.4 Update Timing
Phase 2.4 Update Timing | Checksum: 1be35b596

Time (s): cpu = 00:00:05 ; elapsed = 00:00:04 . Memory (MB): peak = 5015.871 ; gain = 0.000 ; free physical = 312562 ; free virtual = 419951
INFO: [Route 35-416] Intermediate Timing Summary | WNS=5.165  | TNS=0.000  | WHS=0.018  | THS=0.000  |


Phase 2.5 Soft Constraint Pins - Fast Budgeting
Phase 2.5 Soft Constraint Pins - Fast Budgeting | Checksum: 22d4d1440

Time (s): cpu = 00:00:05 ; elapsed = 00:00:04 . Memory (MB): peak = 5015.871 ; gain = 0.000 ; free physical = 312562 ; free virtual = 419951

Router Utilization Summary
  Global Vertical Routing Utilization    = 0 %
  Global Horizontal Routing Utilization  = 0 %
  Routable Net Status*
  *Does not include unroutable nets such as driverless and loadless.
  Run report_route_status for detailed report.
  Number of Failed Nets               = 848
    (Failed Nets is the sum of unrouted and partially routed nets)
  Number of Unrouted Nets             = 739
  Number of Partially Routed Nets     = 109
  Number of Node Overlaps             = 0

Phase 2 Router Initialization | Checksum: 22d4d1440

Time (s): cpu = 00:00:06 ; elapsed = 00:00:04 . Memory (MB): peak = 5015.871 ; gain = 0.000 ; free physical = 312562 ; free virtual = 419951

Phase 3 Global Routing
Phase 3 Global Routing | Checksum: 22d4d1440

Time (s): cpu = 00:00:06 ; elapsed = 00:00:04 . Memory (MB): peak = 5015.871 ; gain = 0.000 ; free physical = 312562 ; free virtual = 419951

Phase 4 Initial Routing

Phase 4.1 Initial Net Routing Pass
Phase 4.1 Initial Net Routing Pass | Checksum: 15caff938

Time (s): cpu = 00:00:07 ; elapsed = 00:00:04 . Memory (MB): peak = 5015.871 ; gain = 0.000 ; free physical = 312563 ; free virtual = 419952
Phase 4 Initial Routing | Checksum: 1579ef696

Time (s): cpu = 00:00:07 ; elapsed = 00:00:05 . Memory (MB): peak = 5015.871 ; gain = 0.000 ; free physical = 312563 ; free virtual = 419952

Phase 5 Rip-up And Reroute

Phase 5.1 Global Iteration 0
 Number of Nodes with overlaps = 60
 Number of Nodes with overlaps = 0
INFO: [Route 35-416] Intermediate Timing Summary | WNS=4.729  | TNS=0.000  | WHS=0.047  | THS=0.000  |

Phase 5.1 Global Iteration 0 | Checksum: 228790a41

Time (s): cpu = 00:00:08 ; elapsed = 00:00:05 . Memory (MB): peak = 5015.871 ; gain = 0.000 ; free physical = 312562 ; free virtual = 419951

Phase 5.2 Additional Iteration for Hold
Phase 5.2 Additional Iteration for Hold | Checksum: 26648c82a

Time (s): cpu = 00:00:08 ; elapsed = 00:00:05 . Memory (MB): peak = 5015.871 ; gain = 0.000 ; free physical = 312562 ; free virtual = 419951
Phase 5 Rip-up And Reroute | Checksum: 26648c82a

Time (s): cpu = 00:00:08 ; elapsed = 00:00:05 . Memory (MB): peak = 5015.871 ; gain = 0.000 ; free physical = 312562 ; free virtual = 419951

Phase 6 Delay and Skew Optimization

Phase 6.1 Delay CleanUp
Phase 6.1 Delay CleanUp | Checksum: 26648c82a

Time (s): cpu = 00:00:09 ; elapsed = 00:00:05 . Memory (MB): peak = 5015.871 ; gain = 0.000 ; free physical = 312562 ; free virtual = 419951

Phase 6.2 Clock Skew Optimization
Phase 6.2 Clock Skew Optimization | Checksum: 26648c82a

Time (s): cpu = 00:00:09 ; elapsed = 00:00:05 . Memory (MB): peak = 5015.871 ; gain = 0.000 ; free physical = 312562 ; free virtual = 419951
Phase 6 Delay and Skew Optimization | Checksum: 26648c82a

Time (s): cpu = 00:00:09 ; elapsed = 00:00:05 . Memory (MB): peak = 5015.871 ; gain = 0.000 ; free physical = 312562 ; free virtual = 419951

Phase 7 Post Hold Fix

Phase 7.1 Hold Fix Iter
INFO: [Route 35-416] Intermediate Timing Summary | WNS=4.729  | TNS=0.000  | WHS=0.047  | THS=0.000  |

Phase 7.1 Hold Fix Iter | Checksum: 1d8fb7bba

Time (s): cpu = 00:00:09 ; elapsed = 00:00:05 . Memory (MB): peak = 5015.871 ; gain = 0.000 ; free physical = 312562 ; free virtual = 419951
Phase 7 Post Hold Fix | Checksum: 1d8fb7bba

Time (s): cpu = 00:00:09 ; elapsed = 00:00:05 . Memory (MB): peak = 5015.871 ; gain = 0.000 ; free physical = 312562 ; free virtual = 419951

Phase 8 Route finalize

Router Utilization Summary
  Global Vertical Routing Utilization    = 0.199177 %
  Global Horizontal Routing Utilization  = 0.124606 %
  Routable Net Status*
  *Does not include unroutable nets such as driverless and loadless.
  Run report_route_status for detailed report.
  Number of Failed Nets               = 0
    (Failed Nets is the sum of unrouted and partially routed nets)
  Number of Unrouted Nets             = 0
  Number of Partially Routed Nets     = 0
  Number of Node Overlaps             = 0

Phase 8 Route finalize | Checksum: 1d8fb7bba

Time (s): cpu = 00:00:09 ; elapsed = 00:00:05 . Memory (MB): peak = 5015.871 ; gain = 0.000 ; free physical = 312562 ; free virtual = 419951

Phase 9 Verifying routed nets

 Verification completed successfully
Phase 9 Verifying routed nets | Checksum: 1d8fb7bba

Time (s): cpu = 00:00:09 ; elapsed = 00:00:05 . Memory (MB): peak = 5015.871 ; gain = 0.000 ; free physical = 312562 ; free virtual = 419951

Phase 10 Depositing Routes
Phase 10 Depositing Routes | Checksum: 1d8fb7bba

Time (s): cpu = 00:00:09 ; elapsed = 00:00:05 . Memory (MB): peak = 5015.871 ; gain = 0.000 ; free physical = 312563 ; free virtual = 419951

Phase 11 Resolve XTalk
Phase 11 Resolve XTalk | Checksum: 1d8fb7bba

Time (s): cpu = 00:00:09 ; elapsed = 00:00:05 . Memory (MB): peak = 5015.871 ; gain = 0.000 ; free physical = 312563 ; free virtual = 419951

Phase 12 Post Process Routing
Phase 12 Post Process Routing | Checksum: 1d8fb7bba

Time (s): cpu = 00:00:09 ; elapsed = 00:00:05 . Memory (MB): peak = 5015.871 ; gain = 0.000 ; free physical = 312563 ; free virtual = 419951

Phase 13 Post Router Timing
INFO: [Route 35-57] Estimated Timing Summary | WNS=4.729  | TNS=0.000  | WHS=0.047  | THS=0.000  |

INFO: [Route 35-327] The final timing numbers are based on the router estimated timing analysis. For a complete and accurate timing signoff, please run report_timing_summary.
Phase 13 Post Router Timing | Checksum: 1d8fb7bba

Time (s): cpu = 00:00:09 ; elapsed = 00:00:05 . Memory (MB): peak = 5015.871 ; gain = 0.000 ; free physical = 312563 ; free virtual = 419951
Total Elapsed time in route_design: 5.35 secs

Phase 14 Post-Route Event Processing
Phase 14 Post-Route Event Processing | Checksum: 16b565f62

Time (s): cpu = 00:00:09 ; elapsed = 00:00:05 . Memory (MB): peak = 5015.871 ; gain = 0.000 ; free physical = 312563 ; free virtual = 419951
INFO: [Route 35-16] Router Completed Successfully
Ending Routing Task | Checksum: 16b565f62

Time (s): cpu = 00:00:09 ; elapsed = 00:00:05 . Memory (MB): peak = 5015.871 ; gain = 0.000 ; free physical = 312563 ; free virtual = 419951

Routing Is Done.
INFO: [Common 17-83] Releasing license: Implementation
99 Infos, 24 Warnings, 0 Critical Warnings and 0 Errors encountered.
route_design completed successfully
route_design: Time (s): cpu = 00:00:09 ; elapsed = 00:00:05 . Memory (MB): peak = 5015.871 ; gain = 0.000 ; free physical = 312563 ; free virtual = 419952
INFO: [Vivado 12-24828] Executing command : report_drc -file bd_0_wrapper_drc_routed.rpt -pb bd_0_wrapper_drc_routed.pb -rpx bd_0_wrapper_drc_routed.rpx
Command: report_drc -file bd_0_wrapper_drc_routed.rpt -pb bd_0_wrapper_drc_routed.pb -rpx bd_0_wrapper_drc_routed.rpx
INFO: [IP_Flow 19-1839] IP Catalog is up to date.
INFO: [DRC 23-27] Running DRC with 8 threads
WARNING: [DRC 23-814] Not all possible (connectivity based) DRCs may have been run because this design is seen as Out of Context.
INFO: [Vivado_Tcl 2-168] The results of DRC are in file /nethome/asandeep6/FPGA_ECE8893/2026_Spring/lab4/project_1/hls/impl/verilog/project.runs/impl_1/bd_0_wrapper_drc_routed.rpt.
report_drc completed successfully
INFO: [Vivado 12-24828] Executing command : report_methodology -file bd_0_wrapper_methodology_drc_routed.rpt -pb bd_0_wrapper_methodology_drc_routed.pb -rpx bd_0_wrapper_methodology_drc_routed.rpx
Command: report_methodology -file bd_0_wrapper_methodology_drc_routed.rpt -pb bd_0_wrapper_methodology_drc_routed.pb -rpx bd_0_wrapper_methodology_drc_routed.rpx
INFO: [Timing 38-35] Done setting XDC timing constraints.
WARNING: [Timing 38-242] The property HD.CLK_SRC of clock port "ap_clk" is not set. In out-of-context mode, this prevents timing estimation for clock delay/skew
Resolution: Set the HD.CLK_SRC property of the out-of-context port to the location of the clock buffer instance in the top-level design
INFO: [DRC 23-133] Running Methodology with 8 threads
WARNING: [DRC 23-814] Not all possible (connectivity based) DRCs may have been run because this design is seen as Out of Context.
INFO: [Vivado_Tcl 2-1520] The results of Report Methodology are in file /nethome/asandeep6/FPGA_ECE8893/2026_Spring/lab4/project_1/hls/impl/verilog/project.runs/impl_1/bd_0_wrapper_methodology_drc_routed.rpt.
report_methodology completed successfully
INFO: [Vivado 12-24828] Executing command : report_timing_summary -max_paths 10 -routable_nets -report_unconstrained -file bd_0_wrapper_timing_summary_routed.rpt -pb bd_0_wrapper_timing_summary_routed.pb -rpx bd_0_wrapper_timing_summary_routed.rpx -warn_on_violation 
INFO: [Timing 38-35] Done setting XDC timing constraints.
INFO: [Timing 38-91] UpdateTimingParams: Speed grade: -1, Temperature grade: E, Delay Type: min_max.
INFO: [Timing 38-191] Multithreading enabled for timing update using a maximum of 8 CPUs
INFO: [Vivado 12-24838] Running report commands "report_bus_skew, report_incremental_reuse, report_route_status" in parallel.
Running report generation with 3 threads.
INFO: [Vivado 12-24828] Executing command : report_incremental_reuse -file bd_0_wrapper_incremental_reuse_routed.rpt
INFO: [Vivado_Tcl 4-1062] Incremental flow is disabled. No incremental reuse Info to report.
INFO: [Vivado 12-24828] Executing command : report_route_status -file bd_0_wrapper_route_status.rpt -pb bd_0_wrapper_route_status.pb
INFO: [Vivado 12-24828] Executing command : report_bus_skew -warn_on_violation -file bd_0_wrapper_bus_skew_routed.rpt -pb bd_0_wrapper_bus_skew_routed.pb -rpx bd_0_wrapper_bus_skew_routed.rpx
INFO: [Timing 38-91] UpdateTimingParams: Speed grade: -1, Temperature grade: E, Delay Type: min_max.
INFO: [Timing 38-191] Multithreading enabled for timing update using a maximum of 8 CPUs
INFO: [Vivado 12-24828] Executing command : report_power -file bd_0_wrapper_power_routed.rpt -pb bd_0_wrapper_power_summary_routed.pb -rpx bd_0_wrapper_power_routed.rpx
Command: report_power -file bd_0_wrapper_power_routed.rpt -pb bd_0_wrapper_power_summary_routed.pb -rpx bd_0_wrapper_power_routed.rpx
Running Vector-less Activity Propagation...

Finished Running Vector-less Activity Propagation
119 Infos, 27 Warnings, 0 Critical Warnings and 0 Errors encountered.
report_power completed successfully
report_power: Time (s): cpu = 00:00:08 ; elapsed = 00:00:07 . Memory (MB): peak = 5063.895 ; gain = 48.023 ; free physical = 312538 ; free virtual = 419928
INFO: [Vivado 12-24828] Executing command : report_clock_utilization -file bd_0_wrapper_clock_utilization_routed.rpt
generate_parallel_reports: Time (s): cpu = 00:00:31 ; elapsed = 00:00:15 . Memory (MB): peak = 5063.895 ; gain = 48.023 ; free physical = 312532 ; free virtual = 419921
INFO: [Timing 38-480] Writing timing data to binary archive.
Write ShapeDB Complete: Time (s): cpu = 00:00:00.01 ; elapsed = 00:00:00.01 . Memory (MB): peak = 5063.895 ; gain = 0.000 ; free physical = 312533 ; free virtual = 419922
Wrote PlaceDB: Time (s): cpu = 00:00:00.22 ; elapsed = 00:00:00.09 . Memory (MB): peak = 5063.895 ; gain = 0.000 ; free physical = 312534 ; free virtual = 419924
Wrote PulsedLatchDB: Time (s): cpu = 00:00:00 ; elapsed = 00:00:00 . Memory (MB): peak = 5063.895 ; gain = 0.000 ; free physical = 312534 ; free virtual = 419924
Writing XDEF routing.
Writing XDEF routing logical nets.
Writing XDEF routing special nets.
Wrote RouteStorage: Time (s): cpu = 00:00:00.1 ; elapsed = 00:00:00.11 . Memory (MB): peak = 5063.895 ; gain = 0.000 ; free physical = 312534 ; free virtual = 419925
Wrote Netlist Cache: Time (s): cpu = 00:00:00 ; elapsed = 00:00:00 . Memory (MB): peak = 5063.895 ; gain = 0.000 ; free physical = 312533 ; free virtual = 419925
Wrote Device Cache: Time (s): cpu = 00:00:00.02 ; elapsed = 00:00:00.06 . Memory (MB): peak = 5063.895 ; gain = 0.000 ; free physical = 312531 ; free virtual = 419925
Write Physdb Complete: Time (s): cpu = 00:00:00.35 ; elapsed = 00:00:00.27 . Memory (MB): peak = 5063.895 ; gain = 0.000 ; free physical = 312531 ; free virtual = 419925
INFO: [Common 17-1381] The checkpoint '/nethome/asandeep6/FPGA_ECE8893/2026_Spring/lab4/project_1/hls/impl/verilog/project.runs/impl_1/bd_0_wrapper_routed.dcp' has been generated.
INFO: [Common 17-206] Exiting Vivado at Sat Mar 28 00:22:34 2026...
