

Implementation tool: Xilinx Vivado v.2025.1.1
Project:             project_1
Solution:            hls
Device target:       xczu3eg-sbva484-1-e
Report date:         Fri Apr 10 12:19:55 EDT 2026

#=== Post-Implementation Resource usage ===
SLICE:            0
LUT:          49666
FF:           61423
DSP:            280
BRAM:            81
URAM:             0
LATCH:            0
SRL:           2234
CLB:           8440

#=== Final timing ===
CP required:                     4.000
CP achieved post-synthesis:      3.085
CP achieved post-implementation: 4.688
Timing not met
