Fri Mar 27 23:32:28 2026: Running xcd server. This server was built by gradle.
Fri Mar 27 23:32:28 2026: Server was asked to start on port: '33049'
Fri Mar 27 23:32:28 2026: Server is using token UUID: '5d21fc2b-ef1c-4639-9ca0-dfab0fe815de'
Fri Mar 27 23:32:28 2026: SESSION_MGR: creating session with session uuid: '6d04a3e9-ade5-4ab9-8d63-1f78fcd2ec76' and name 'default'
Fri Mar 27 23:32:28 2026: Attempting to start server on port '33049'
Fri Mar 27 23:32:28 2026: XCD main fifo: created main fifo '/tmp/xcdmain5d21fc2b-ef1c-4639-9ca0-dfab0fe815de', fd read = 15
Fri Mar 27 23:32:28 2026: Running Dispatch Server
Fri Mar 27 23:32:28 2026: Version 2.2.0
Fri Mar 27 23:32:32 2026: Dispatch Server: Accepted socket connection from client
Fri Mar 27 23:32:32 2026: Starting Socket connection
Fri Mar 27 23:32:32 2026: EXCHANGE_TOKEN received, server token: 5d21fc2b-ef1c-4639-9ca0-dfab0fe815de, passed token: 5d21fc2b-ef1c-4639-9ca0-dfab0fe815de
Fri Mar 27 23:32:32 2026: SESSION_MGR: creating session with session uuid: '251c491c-232f-4227-b14d-e32170adee16' and name 'vitis_hls'
Fri Mar 27 23:32:32 2026: KERNEL_SVC: creating session with uuid: '251c491c-232f-4227-b14d-e32170adee16' and name 'vitis_hls'
Fri Mar 27 23:32:32 2026: GUIDANCE_SMGR: creating guidance session with uuid: '251c491c-232f-4227-b14d-e32170adee16' and name 'vitis_hls'
Fri Mar 27 23:32:53 2026: Running xcd server. This server was built by gradle.
Fri Mar 27 23:32:53 2026: Server was asked to start on port: '41749'
Fri Mar 27 23:32:53 2026: Server is using token UUID: '09bde636-34a1-431a-ae34-47b034f16896'
Fri Mar 27 23:32:53 2026: SESSION_MGR: creating session with session uuid: '6d04a3e9-ade5-4ab9-8d63-1f78fcd2ec76' and name 'default'
Fri Mar 27 23:32:53 2026: Attempting to start server on port '41749'
Fri Mar 27 23:32:53 2026: XCD main fifo: created main fifo '/tmp/xcdmain09bde636-34a1-431a-ae34-47b034f16896', fd read = 15
Fri Mar 27 23:32:53 2026: Running Dispatch Server
Fri Mar 27 23:32:53 2026: Version 2.2.0
Fri Mar 27 23:32:57 2026: Dispatch Server: Accepted socket connection from client
Fri Mar 27 23:32:57 2026: Starting Socket connection
Fri Mar 27 23:32:57 2026: EXCHANGE_TOKEN received, server token: 09bde636-34a1-431a-ae34-47b034f16896, passed token: 09bde636-34a1-431a-ae34-47b034f16896
Fri Mar 27 23:32:57 2026: SESSION_MGR: creating session with session uuid: '723efc6d-0a13-4b28-9ee4-66d855c31403' and name 'vitis_hls'
Fri Mar 27 23:32:57 2026: KERNEL_SVC: creating session with uuid: '723efc6d-0a13-4b28-9ee4-66d855c31403' and name 'vitis_hls'
Fri Mar 27 23:32:57 2026: GUIDANCE_SMGR: creating guidance session with uuid: '723efc6d-0a13-4b28-9ee4-66d855c31403' and name 'vitis_hls'
Fri Mar 27 23:32:57 2026: STOP_SERVER received, server token: 5d21fc2b-ef1c-4639-9ca0-dfab0fe815de, passed token: 5d21fc2b-ef1c-4639-9ca0-dfab0fe815de
Fri Mar 27 23:32:57 2026: Socket received request to stop server.
Fri Mar 27 23:32:57 2026: Dispatch Server: do_await_stop
Fri Mar 27 23:32:57 2026: Dispatch Server: stopping mainFifo_
Fri Mar 27 23:32:57 2026: XCD main fifo: Stopping
Fri Mar 27 23:32:57 2026: XCD main fifo: do_read error code: Operation canceled
Fri Mar 27 23:32:57 2026: XCD main fifo: bytes_transferred: 0
Fri Mar 27 23:32:57 2026: SERVER: destructor for server bound to port 33049
Fri Mar 27 23:32:57 2026: XCD main fifo: Good unlink of /tmp/xcdmain5d21fc2b-ef1c-4639-9ca0-dfab0fe815de
Fri Mar 27 23:32:57 2026: Server exiting with status 0.
Fri Mar 27 23:32:57 2026: Closing log file.
Fri Mar 27 23:33:18 2026: STOP_SERVER received, server token: 09bde636-34a1-431a-ae34-47b034f16896, passed token: 09bde636-34a1-431a-ae34-47b034f16896
Fri Mar 27 23:33:18 2026: Socket received request to stop server.
Fri Mar 27 23:33:18 2026: Dispatch Server: do_await_stop
Fri Mar 27 23:33:18 2026: Dispatch Server: stopping mainFifo_
Fri Mar 27 23:33:18 2026: XCD main fifo: Stopping
Fri Mar 27 23:33:18 2026: XCD main fifo: do_read error code: Operation canceled
Fri Mar 27 23:33:18 2026: XCD main fifo: bytes_transferred: 0
Fri Mar 27 23:33:18 2026: SERVER: destructor for server bound to port 41749
Fri Mar 27 23:33:18 2026: XCD main fifo: Good unlink of /tmp/xcdmain09bde636-34a1-431a-ae34-47b034f16896
Fri Mar 27 23:33:18 2026: Server exiting with status 0.
Fri Mar 27 23:33:18 2026: Closing log file.
Fri Mar 27 23:44:19 2026: Running xcd server. This server was built by gradle.
Fri Mar 27 23:44:19 2026: Server was asked to start on port: '33235'
Fri Mar 27 23:44:19 2026: Server is using token UUID: '17ce1f8d-9f19-4c95-95d9-5433b7665f06'
Fri Mar 27 23:44:19 2026: SESSION_MGR: creating session with session uuid: '6d04a3e9-ade5-4ab9-8d63-1f78fcd2ec76' and name 'default'
Fri Mar 27 23:44:19 2026: Attempting to start server on port '33235'
Fri Mar 27 23:44:19 2026: XCD main fifo: created main fifo '/tmp/xcdmain17ce1f8d-9f19-4c95-95d9-5433b7665f06', fd read = 15
Fri Mar 27 23:44:19 2026: Running Dispatch Server
Fri Mar 27 23:44:19 2026: Version 2.2.0
Fri Mar 27 23:44:23 2026: Dispatch Server: Accepted socket connection from client
Fri Mar 27 23:44:23 2026: Starting Socket connection
Fri Mar 27 23:44:23 2026: EXCHANGE_TOKEN received, server token: 17ce1f8d-9f19-4c95-95d9-5433b7665f06, passed token: 17ce1f8d-9f19-4c95-95d9-5433b7665f06
Fri Mar 27 23:44:23 2026: SESSION_MGR: creating session with session uuid: '1e9b8466-0b55-4eee-8a95-cecd68c7dab6' and name 'vitis_hls'
Fri Mar 27 23:44:23 2026: KERNEL_SVC: creating session with uuid: '1e9b8466-0b55-4eee-8a95-cecd68c7dab6' and name 'vitis_hls'
Fri Mar 27 23:44:23 2026: GUIDANCE_SMGR: creating guidance session with uuid: '1e9b8466-0b55-4eee-8a95-cecd68c7dab6' and name 'vitis_hls'
Fri Mar 27 23:44:45 2026: Running xcd server. This server was built by gradle.
Fri Mar 27 23:44:45 2026: Server was asked to start on port: '34019'
Fri Mar 27 23:44:45 2026: Server is using token UUID: 'a85c8a20-aae0-461f-b27c-d7d7f25a67c5'
Fri Mar 27 23:44:45 2026: SESSION_MGR: creating session with session uuid: '6d04a3e9-ade5-4ab9-8d63-1f78fcd2ec76' and name 'default'
Fri Mar 27 23:44:45 2026: Attempting to start server on port '34019'
Fri Mar 27 23:44:45 2026: XCD main fifo: created main fifo '/tmp/xcdmaina85c8a20-aae0-461f-b27c-d7d7f25a67c5', fd read = 15
Fri Mar 27 23:44:45 2026: Running Dispatch Server
Fri Mar 27 23:44:45 2026: Version 2.2.0
Fri Mar 27 23:44:49 2026: Dispatch Server: Accepted socket connection from client
Fri Mar 27 23:44:49 2026: Starting Socket connection
Fri Mar 27 23:44:49 2026: EXCHANGE_TOKEN received, server token: a85c8a20-aae0-461f-b27c-d7d7f25a67c5, passed token: a85c8a20-aae0-461f-b27c-d7d7f25a67c5
Fri Mar 27 23:44:49 2026: SESSION_MGR: creating session with session uuid: '273d34d5-5b97-4a40-ac7d-cf40c5bd6763' and name 'vitis_hls'
Fri Mar 27 23:44:49 2026: KERNEL_SVC: creating session with uuid: '273d34d5-5b97-4a40-ac7d-cf40c5bd6763' and name 'vitis_hls'
Fri Mar 27 23:44:49 2026: GUIDANCE_SMGR: creating guidance session with uuid: '273d34d5-5b97-4a40-ac7d-cf40c5bd6763' and name 'vitis_hls'
Fri Mar 27 23:44:49 2026: STOP_SERVER received, server token: 17ce1f8d-9f19-4c95-95d9-5433b7665f06, passed token: 17ce1f8d-9f19-4c95-95d9-5433b7665f06
Fri Mar 27 23:44:49 2026: Socket received request to stop server.
Fri Mar 27 23:44:49 2026: Dispatch Server: do_await_stop
Fri Mar 27 23:44:49 2026: Dispatch Server: stopping mainFifo_
Fri Mar 27 23:44:49 2026: XCD main fifo: Stopping
Fri Mar 27 23:44:49 2026: XCD main fifo: do_read error code: Operation canceled
Fri Mar 27 23:44:49 2026: XCD main fifo: bytes_transferred: 0
Fri Mar 27 23:44:49 2026: SERVER: destructor for server bound to port 33235
Fri Mar 27 23:44:49 2026: XCD main fifo: Good unlink of /tmp/xcdmain17ce1f8d-9f19-4c95-95d9-5433b7665f06
Fri Mar 27 23:44:49 2026: Server exiting with status 0.
Fri Mar 27 23:44:49 2026: Closing log file.
Fri Mar 27 23:46:10 2026: Running xcd server. This server was built by gradle.
Fri Mar 27 23:46:10 2026: Server was asked to start on port: '33977'
Fri Mar 27 23:46:10 2026: Server is using token UUID: 'ec828be9-002e-433e-83dd-ef95533566d7'
Fri Mar 27 23:46:10 2026: SESSION_MGR: creating session with session uuid: '6d04a3e9-ade5-4ab9-8d63-1f78fcd2ec76' and name 'default'
Fri Mar 27 23:46:10 2026: Attempting to start server on port '33977'
Fri Mar 27 23:46:10 2026: XCD main fifo: created main fifo '/tmp/xcdmainec828be9-002e-433e-83dd-ef95533566d7', fd read = 15
Fri Mar 27 23:46:10 2026: Running Dispatch Server
Fri Mar 27 23:46:10 2026: Version 2.2.0
Fri Mar 27 23:46:14 2026: Dispatch Server: Accepted socket connection from client
Fri Mar 27 23:46:14 2026: Starting Socket connection
Fri Mar 27 23:46:14 2026: EXCHANGE_TOKEN received, server token: ec828be9-002e-433e-83dd-ef95533566d7, passed token: ec828be9-002e-433e-83dd-ef95533566d7
Fri Mar 27 23:46:14 2026: SESSION_MGR: creating session with session uuid: 'bdac93e9-0565-43a3-b70f-b436e17cbba9' and name 'vitis_hls'
Fri Mar 27 23:46:14 2026: KERNEL_SVC: creating session with uuid: 'bdac93e9-0565-43a3-b70f-b436e17cbba9' and name 'vitis_hls'
Fri Mar 27 23:46:14 2026: GUIDANCE_SMGR: creating guidance session with uuid: 'bdac93e9-0565-43a3-b70f-b436e17cbba9' and name 'vitis_hls'
Fri Mar 27 23:46:14 2026: STOP_SERVER received, server token: a85c8a20-aae0-461f-b27c-d7d7f25a67c5, passed token: a85c8a20-aae0-461f-b27c-d7d7f25a67c5
Fri Mar 27 23:46:14 2026: Socket received request to stop server.
Fri Mar 27 23:46:14 2026: Dispatch Server: do_await_stop
Fri Mar 27 23:46:14 2026: Dispatch Server: stopping mainFifo_
Fri Mar 27 23:46:14 2026: XCD main fifo: Stopping
Fri Mar 27 23:46:14 2026: XCD main fifo: do_read error code: Operation canceled
Fri Mar 27 23:46:14 2026: XCD main fifo: bytes_transferred: 0
Fri Mar 27 23:46:14 2026: SERVER: destructor for server bound to port 34019
Fri Mar 27 23:46:14 2026: XCD main fifo: Good unlink of /tmp/xcdmaina85c8a20-aae0-461f-b27c-d7d7f25a67c5
Fri Mar 27 23:46:14 2026: Server exiting with status 0.
Fri Mar 27 23:46:14 2026: Closing log file.
Fri Mar 27 23:47:25 2026: Dispatch Server: Accepted socket connection from client
Fri Mar 27 23:47:25 2026: Starting Socket connection
Fri Mar 27 23:49:48 2026: Dispatch Server: Accepted socket connection from client
Fri Mar 27 23:49:48 2026: Starting Socket connection
Fri Mar 27 23:52:15 2026: Dispatch Server: Accepted socket connection from client
Fri Mar 27 23:52:15 2026: Starting Socket connection
Fri Mar 27 23:55:23 2026: STOP_SERVER received, server token: ec828be9-002e-433e-83dd-ef95533566d7, passed token: ec828be9-002e-433e-83dd-ef95533566d7
Fri Mar 27 23:55:23 2026: Socket received request to stop server.
Fri Mar 27 23:55:23 2026: Dispatch Server: do_await_stop
Fri Mar 27 23:55:23 2026: Dispatch Server: stopping mainFifo_
Fri Mar 27 23:55:23 2026: XCD main fifo: Stopping
Fri Mar 27 23:55:23 2026: XCD main fifo: do_read error code: Operation canceled
Fri Mar 27 23:55:23 2026: XCD main fifo: bytes_transferred: 0
Fri Mar 27 23:55:23 2026: SERVER: destructor for server bound to port 33977
Fri Mar 27 23:55:23 2026: XCD main fifo: Good unlink of /tmp/xcdmainec828be9-002e-433e-83dd-ef95533566d7
Fri Mar 27 23:55:23 2026: Server exiting with status 0.
Fri Mar 27 23:55:23 2026: Closing log file.
Sat Mar 28 00:00:10 2026: Running xcd server. This server was built by gradle.
Sat Mar 28 00:00:10 2026: Server was asked to start on port: '36319'
Sat Mar 28 00:00:10 2026: Server is using token UUID: 'b594143f-f32e-41c1-953d-94588a85a0f0'
Sat Mar 28 00:00:10 2026: SESSION_MGR: creating session with session uuid: '6d04a3e9-ade5-4ab9-8d63-1f78fcd2ec76' and name 'default'
Sat Mar 28 00:00:10 2026: Attempting to start server on port '36319'
Sat Mar 28 00:00:10 2026: XCD main fifo: created main fifo '/tmp/xcdmainb594143f-f32e-41c1-953d-94588a85a0f0', fd read = 15
Sat Mar 28 00:00:10 2026: Running Dispatch Server
Sat Mar 28 00:00:10 2026: Version 2.2.0
Sat Mar 28 00:00:14 2026: Dispatch Server: Accepted socket connection from client
Sat Mar 28 00:00:14 2026: Starting Socket connection
Sat Mar 28 00:00:14 2026: EXCHANGE_TOKEN received, server token: b594143f-f32e-41c1-953d-94588a85a0f0, passed token: b594143f-f32e-41c1-953d-94588a85a0f0
Sat Mar 28 00:00:14 2026: SESSION_MGR: creating session with session uuid: '475a59a2-b31c-4d4c-9ac9-7a82bceec7b4' and name 'vitis_hls'
Sat Mar 28 00:00:14 2026: KERNEL_SVC: creating session with uuid: '475a59a2-b31c-4d4c-9ac9-7a82bceec7b4' and name 'vitis_hls'
Sat Mar 28 00:00:14 2026: GUIDANCE_SMGR: creating guidance session with uuid: '475a59a2-b31c-4d4c-9ac9-7a82bceec7b4' and name 'vitis_hls'
Sat Mar 28 00:00:38 2026: Running xcd server. This server was built by gradle.
Sat Mar 28 00:00:38 2026: Server was asked to start on port: '41593'
Sat Mar 28 00:00:38 2026: Server is using token UUID: '8ce139be-9028-4028-94c3-19dee08bffea'
Sat Mar 28 00:00:38 2026: SESSION_MGR: creating session with session uuid: '6d04a3e9-ade5-4ab9-8d63-1f78fcd2ec76' and name 'default'
Sat Mar 28 00:00:38 2026: Attempting to start server on port '41593'
Sat Mar 28 00:00:38 2026: XCD main fifo: created main fifo '/tmp/xcdmain8ce139be-9028-4028-94c3-19dee08bffea', fd read = 15
Sat Mar 28 00:00:38 2026: Running Dispatch Server
Sat Mar 28 00:00:38 2026: Version 2.2.0
Sat Mar 28 00:00:41 2026: Dispatch Server: Accepted socket connection from client
Sat Mar 28 00:00:41 2026: Starting Socket connection
Sat Mar 28 00:00:41 2026: EXCHANGE_TOKEN received, server token: 8ce139be-9028-4028-94c3-19dee08bffea, passed token: 8ce139be-9028-4028-94c3-19dee08bffea
Sat Mar 28 00:00:41 2026: SESSION_MGR: creating session with session uuid: 'b8636b35-a853-4479-b52b-75343c503da4' and name 'vitis_hls'
Sat Mar 28 00:00:41 2026: KERNEL_SVC: creating session with uuid: 'b8636b35-a853-4479-b52b-75343c503da4' and name 'vitis_hls'
Sat Mar 28 00:00:41 2026: GUIDANCE_SMGR: creating guidance session with uuid: 'b8636b35-a853-4479-b52b-75343c503da4' and name 'vitis_hls'
Sat Mar 28 00:00:41 2026: STOP_SERVER received, server token: b594143f-f32e-41c1-953d-94588a85a0f0, passed token: b594143f-f32e-41c1-953d-94588a85a0f0
Sat Mar 28 00:00:41 2026: Socket received request to stop server.
Sat Mar 28 00:00:41 2026: Dispatch Server: do_await_stop
Sat Mar 28 00:00:41 2026: Dispatch Server: stopping mainFifo_
Sat Mar 28 00:00:41 2026: XCD main fifo: Stopping
Sat Mar 28 00:00:41 2026: XCD main fifo: do_read error code: Operation canceled
Sat Mar 28 00:00:41 2026: XCD main fifo: bytes_transferred: 0
Sat Mar 28 00:00:41 2026: SERVER: destructor for server bound to port 36319
Sat Mar 28 00:00:41 2026: XCD main fifo: Good unlink of /tmp/xcdmainb594143f-f32e-41c1-953d-94588a85a0f0
Sat Mar 28 00:00:41 2026: Server exiting with status 0.
Sat Mar 28 00:00:41 2026: Closing log file.
Sat Mar 28 00:01:29 2026: Dispatch Server: do_await_stop
Sat Mar 28 00:01:29 2026: Dispatch Server: stopping mainFifo_
Sat Mar 28 00:01:29 2026: XCD main fifo: Stopping
Sat Mar 28 00:11:05 2026: Running xcd server. This server was built by gradle.
Sat Mar 28 00:11:05 2026: Server was asked to start on port: '40427'
Sat Mar 28 00:11:05 2026: Server is using token UUID: 'aa7657f0-04ef-4b01-a1d1-b2c5c371c87a'
Sat Mar 28 00:11:05 2026: SESSION_MGR: creating session with session uuid: '6d04a3e9-ade5-4ab9-8d63-1f78fcd2ec76' and name 'default'
Sat Mar 28 00:11:05 2026: Attempting to start server on port '40427'
Sat Mar 28 00:11:05 2026: XCD main fifo: created main fifo '/tmp/xcdmainaa7657f0-04ef-4b01-a1d1-b2c5c371c87a', fd read = 15
Sat Mar 28 00:11:05 2026: Running Dispatch Server
Sat Mar 28 00:11:05 2026: Version 2.2.0
Sat Mar 28 00:11:09 2026: Dispatch Server: Accepted socket connection from client
Sat Mar 28 00:11:09 2026: Starting Socket connection
Sat Mar 28 00:11:09 2026: EXCHANGE_TOKEN received, server token: aa7657f0-04ef-4b01-a1d1-b2c5c371c87a, passed token: aa7657f0-04ef-4b01-a1d1-b2c5c371c87a
Sat Mar 28 00:11:09 2026: SESSION_MGR: creating session with session uuid: 'e809a441-3ac7-4fd4-b424-679b4a092b2a' and name 'vitis_hls'
Sat Mar 28 00:11:09 2026: KERNEL_SVC: creating session with uuid: 'e809a441-3ac7-4fd4-b424-679b4a092b2a' and name 'vitis_hls'
Sat Mar 28 00:11:09 2026: GUIDANCE_SMGR: creating guidance session with uuid: 'e809a441-3ac7-4fd4-b424-679b4a092b2a' and name 'vitis_hls'
Sat Mar 28 00:11:35 2026: Running xcd server. This server was built by gradle.
Sat Mar 28 00:11:35 2026: Server was asked to start on port: '35795'
Sat Mar 28 00:11:35 2026: Server is using token UUID: 'c3c5f7b2-5d25-466c-beef-4df2ddac7565'
Sat Mar 28 00:11:35 2026: SESSION_MGR: creating session with session uuid: '6d04a3e9-ade5-4ab9-8d63-1f78fcd2ec76' and name 'default'
Sat Mar 28 00:11:35 2026: Attempting to start server on port '35795'
Sat Mar 28 00:11:35 2026: XCD main fifo: created main fifo '/tmp/xcdmainc3c5f7b2-5d25-466c-beef-4df2ddac7565', fd read = 15
Sat Mar 28 00:11:35 2026: Running Dispatch Server
Sat Mar 28 00:11:35 2026: Version 2.2.0
Sat Mar 28 00:11:39 2026: Dispatch Server: Accepted socket connection from client
Sat Mar 28 00:11:39 2026: Starting Socket connection
Sat Mar 28 00:11:39 2026: EXCHANGE_TOKEN received, server token: c3c5f7b2-5d25-466c-beef-4df2ddac7565, passed token: c3c5f7b2-5d25-466c-beef-4df2ddac7565
Sat Mar 28 00:11:39 2026: SESSION_MGR: creating session with session uuid: '3b673996-3934-4993-8a43-c2ff5a3deca6' and name 'vitis_hls'
Sat Mar 28 00:11:39 2026: KERNEL_SVC: creating session with uuid: '3b673996-3934-4993-8a43-c2ff5a3deca6' and name 'vitis_hls'
Sat Mar 28 00:11:39 2026: GUIDANCE_SMGR: creating guidance session with uuid: '3b673996-3934-4993-8a43-c2ff5a3deca6' and name 'vitis_hls'
Sat Mar 28 00:11:39 2026: STOP_SERVER received, server token: aa7657f0-04ef-4b01-a1d1-b2c5c371c87a, passed token: aa7657f0-04ef-4b01-a1d1-b2c5c371c87a
Sat Mar 28 00:11:39 2026: Socket received request to stop server.
Sat Mar 28 00:11:39 2026: Dispatch Server: do_await_stop
Sat Mar 28 00:11:39 2026: Dispatch Server: stopping mainFifo_
Sat Mar 28 00:11:39 2026: XCD main fifo: Stopping
Sat Mar 28 00:11:39 2026: XCD main fifo: do_read error code: Operation canceled
Sat Mar 28 00:11:39 2026: XCD main fifo: bytes_transferred: 0
Sat Mar 28 00:11:39 2026: SERVER: destructor for server bound to port 40427
Sat Mar 28 00:11:39 2026: XCD main fifo: Good unlink of /tmp/xcdmainaa7657f0-04ef-4b01-a1d1-b2c5c371c87a
Sat Mar 28 00:11:39 2026: Server exiting with status 0.
Sat Mar 28 00:11:39 2026: Closing log file.
Sat Mar 28 00:14:06 2026: Running xcd server. This server was built by gradle.
Sat Mar 28 00:14:06 2026: Server was asked to start on port: '44879'
Sat Mar 28 00:14:06 2026: Server is using token UUID: '529ad20a-2a51-4a25-8be6-54930771c897'
Sat Mar 28 00:14:06 2026: SESSION_MGR: creating session with session uuid: '6d04a3e9-ade5-4ab9-8d63-1f78fcd2ec76' and name 'default'
Sat Mar 28 00:14:06 2026: Attempting to start server on port '44879'
Sat Mar 28 00:14:06 2026: XCD main fifo: created main fifo '/tmp/xcdmain529ad20a-2a51-4a25-8be6-54930771c897', fd read = 15
Sat Mar 28 00:14:06 2026: Running Dispatch Server
Sat Mar 28 00:14:06 2026: Version 2.2.0
Sat Mar 28 00:14:08 2026: Dispatch Server: Accepted socket connection from client
Sat Mar 28 00:14:08 2026: Starting Socket connection
Sat Mar 28 00:14:08 2026: EXCHANGE_TOKEN received, server token: 529ad20a-2a51-4a25-8be6-54930771c897, passed token: 529ad20a-2a51-4a25-8be6-54930771c897
Sat Mar 28 00:14:08 2026: SESSION_MGR: creating session with session uuid: 'a7420fca-66ff-449a-9c3b-722fdb8e4661' and name 'vitis_hls'
Sat Mar 28 00:14:08 2026: KERNEL_SVC: creating session with uuid: 'a7420fca-66ff-449a-9c3b-722fdb8e4661' and name 'vitis_hls'
Sat Mar 28 00:14:08 2026: GUIDANCE_SMGR: creating guidance session with uuid: 'a7420fca-66ff-449a-9c3b-722fdb8e4661' and name 'vitis_hls'
Sat Mar 28 00:14:08 2026: STOP_SERVER received, server token: c3c5f7b2-5d25-466c-beef-4df2ddac7565, passed token: c3c5f7b2-5d25-466c-beef-4df2ddac7565
Sat Mar 28 00:14:08 2026: Socket received request to stop server.
Sat Mar 28 00:14:08 2026: Dispatch Server: do_await_stop
Sat Mar 28 00:14:08 2026: Dispatch Server: stopping mainFifo_
Sat Mar 28 00:14:08 2026: XCD main fifo: Stopping
Sat Mar 28 00:14:08 2026: XCD main fifo: do_read error code: Operation canceled
Sat Mar 28 00:14:08 2026: XCD main fifo: bytes_transferred: 0
Sat Mar 28 00:14:08 2026: SERVER: destructor for server bound to port 35795
Sat Mar 28 00:14:08 2026: XCD main fifo: Good unlink of /tmp/xcdmainc3c5f7b2-5d25-466c-beef-4df2ddac7565
Sat Mar 28 00:14:08 2026: Server exiting with status 0.
Sat Mar 28 00:14:08 2026: Closing log file.
Sat Mar 28 00:15:28 2026: Dispatch Server: Accepted socket connection from client
Sat Mar 28 00:15:28 2026: Starting Socket connection
Sat Mar 28 00:18:05 2026: Dispatch Server: Accepted socket connection from client
Sat Mar 28 00:18:05 2026: Starting Socket connection
Sat Mar 28 00:20:35 2026: Dispatch Server: Accepted socket connection from client
Sat Mar 28 00:20:35 2026: Starting Socket connection
Sat Mar 28 00:23:36 2026: STOP_SERVER received, server token: 529ad20a-2a51-4a25-8be6-54930771c897, passed token: 529ad20a-2a51-4a25-8be6-54930771c897
Sat Mar 28 00:23:36 2026: Socket received request to stop server.
Sat Mar 28 00:23:36 2026: Dispatch Server: do_await_stop
Sat Mar 28 00:23:36 2026: Dispatch Server: stopping mainFifo_
Sat Mar 28 00:23:36 2026: XCD main fifo: Stopping
Sat Mar 28 00:23:36 2026: XCD main fifo: do_read error code: Operation canceled
Sat Mar 28 00:23:36 2026: XCD main fifo: bytes_transferred: 0
Sat Mar 28 00:23:36 2026: SERVER: destructor for server bound to port 44879
Sat Mar 28 00:23:36 2026: XCD main fifo: Good unlink of /tmp/xcdmain529ad20a-2a51-4a25-8be6-54930771c897
Sat Mar 28 00:23:36 2026: Server exiting with status 0.
Sat Mar 28 00:23:36 2026: Closing log file.
