Sat Mar 28 22:52:37 2026: Running xcd server. This server was built by gradle.
Sat Mar 28 22:52:37 2026: Server was asked to start on port: '44669'
Sat Mar 28 22:52:37 2026: Server is using token UUID: '19b42aa9-9dee-4b00-b144-52d59f05047e'
Sat Mar 28 22:52:37 2026: SESSION_MGR: creating session with session uuid: '6d04a3e9-ade5-4ab9-8d63-1f78fcd2ec76' and name 'default'
Sat Mar 28 22:52:37 2026: Attempting to start server on port '44669'
Sat Mar 28 22:52:37 2026: XCD main fifo: created main fifo '/tmp/xcdmain19b42aa9-9dee-4b00-b144-52d59f05047e', fd read = 15
Sat Mar 28 22:52:37 2026: Running Dispatch Server
Sat Mar 28 22:52:37 2026: Version 2.2.0
Sat Mar 28 22:52:41 2026: Dispatch Server: Accepted socket connection from client
Sat Mar 28 22:52:41 2026: Starting Socket connection
Sat Mar 28 22:52:41 2026: EXCHANGE_TOKEN received, server token: 19b42aa9-9dee-4b00-b144-52d59f05047e, passed token: 19b42aa9-9dee-4b00-b144-52d59f05047e
Sat Mar 28 22:52:41 2026: SESSION_MGR: creating session with session uuid: '65d1cbf8-d5b0-4c94-a2ee-6c2a610d9690' and name 'vitis_hls'
Sat Mar 28 22:52:41 2026: KERNEL_SVC: creating session with uuid: '65d1cbf8-d5b0-4c94-a2ee-6c2a610d9690' and name 'vitis_hls'
Sat Mar 28 22:52:41 2026: GUIDANCE_SMGR: creating guidance session with uuid: '65d1cbf8-d5b0-4c94-a2ee-6c2a610d9690' and name 'vitis_hls'
Sat Mar 28 22:53:07 2026: Running xcd server. This server was built by gradle.
Sat Mar 28 22:53:07 2026: Server was asked to start on port: '46345'
Sat Mar 28 22:53:07 2026: Server is using token UUID: '45e1d5b0-1189-4028-932b-22dd8a930aa8'
Sat Mar 28 22:53:07 2026: SESSION_MGR: creating session with session uuid: '6d04a3e9-ade5-4ab9-8d63-1f78fcd2ec76' and name 'default'
Sat Mar 28 22:53:07 2026: Attempting to start server on port '46345'
Sat Mar 28 22:53:07 2026: XCD main fifo: created main fifo '/tmp/xcdmain45e1d5b0-1189-4028-932b-22dd8a930aa8', fd read = 15
Sat Mar 28 22:53:07 2026: Running Dispatch Server
Sat Mar 28 22:53:07 2026: Version 2.2.0
Sat Mar 28 22:53:12 2026: Dispatch Server: Accepted socket connection from client
Sat Mar 28 22:53:12 2026: Starting Socket connection
Sat Mar 28 22:53:12 2026: EXCHANGE_TOKEN received, server token: 45e1d5b0-1189-4028-932b-22dd8a930aa8, passed token: 45e1d5b0-1189-4028-932b-22dd8a930aa8
Sat Mar 28 22:53:12 2026: SESSION_MGR: creating session with session uuid: '40c4c91e-d4f1-44be-b1d1-662ab51afbc9' and name 'vitis_hls'
Sat Mar 28 22:53:12 2026: KERNEL_SVC: creating session with uuid: '40c4c91e-d4f1-44be-b1d1-662ab51afbc9' and name 'vitis_hls'
Sat Mar 28 22:53:12 2026: GUIDANCE_SMGR: creating guidance session with uuid: '40c4c91e-d4f1-44be-b1d1-662ab51afbc9' and name 'vitis_hls'
Sat Mar 28 22:53:12 2026: STOP_SERVER received, server token: 19b42aa9-9dee-4b00-b144-52d59f05047e, passed token: 19b42aa9-9dee-4b00-b144-52d59f05047e
Sat Mar 28 22:53:12 2026: Socket received request to stop server.
Sat Mar 28 22:53:12 2026: Dispatch Server: do_await_stop
Sat Mar 28 22:53:12 2026: Dispatch Server: stopping mainFifo_
Sat Mar 28 22:53:12 2026: XCD main fifo: Stopping
Sat Mar 28 22:53:12 2026: XCD main fifo: do_read error code: Operation canceled
Sat Mar 28 22:53:12 2026: XCD main fifo: bytes_transferred: 0
Sat Mar 28 22:53:12 2026: SERVER: destructor for server bound to port 44669
Sat Mar 28 22:53:12 2026: XCD main fifo: Good unlink of /tmp/xcdmain19b42aa9-9dee-4b00-b144-52d59f05047e
Sat Mar 28 22:53:12 2026: Server exiting with status 0.
Sat Mar 28 22:53:12 2026: Closing log file.
Sat Mar 28 22:54:38 2026: Running xcd server. This server was built by gradle.
Sat Mar 28 22:54:38 2026: Server was asked to start on port: '40591'
Sat Mar 28 22:54:38 2026: Server is using token UUID: '5b3214aa-1012-4ba7-8a06-26b48bd76fc9'
Sat Mar 28 22:54:38 2026: SESSION_MGR: creating session with session uuid: '6d04a3e9-ade5-4ab9-8d63-1f78fcd2ec76' and name 'default'
Sat Mar 28 22:54:38 2026: Attempting to start server on port '40591'
Sat Mar 28 22:54:38 2026: XCD main fifo: created main fifo '/tmp/xcdmain5b3214aa-1012-4ba7-8a06-26b48bd76fc9', fd read = 15
Sat Mar 28 22:54:38 2026: Running Dispatch Server
Sat Mar 28 22:54:38 2026: Version 2.2.0
Sat Mar 28 22:54:43 2026: Dispatch Server: Accepted socket connection from client
Sat Mar 28 22:54:43 2026: Starting Socket connection
Sat Mar 28 22:54:43 2026: EXCHANGE_TOKEN received, server token: 5b3214aa-1012-4ba7-8a06-26b48bd76fc9, passed token: 5b3214aa-1012-4ba7-8a06-26b48bd76fc9
Sat Mar 28 22:54:43 2026: SESSION_MGR: creating session with session uuid: '29e7b2fa-09ca-4442-81a5-878fce50b280' and name 'vitis_hls'
Sat Mar 28 22:54:43 2026: KERNEL_SVC: creating session with uuid: '29e7b2fa-09ca-4442-81a5-878fce50b280' and name 'vitis_hls'
Sat Mar 28 22:54:43 2026: GUIDANCE_SMGR: creating guidance session with uuid: '29e7b2fa-09ca-4442-81a5-878fce50b280' and name 'vitis_hls'
Sat Mar 28 22:54:43 2026: STOP_SERVER received, server token: 45e1d5b0-1189-4028-932b-22dd8a930aa8, passed token: 45e1d5b0-1189-4028-932b-22dd8a930aa8
Sat Mar 28 22:54:43 2026: Socket received request to stop server.
Sat Mar 28 22:54:43 2026: Dispatch Server: do_await_stop
Sat Mar 28 22:54:43 2026: Dispatch Server: stopping mainFifo_
Sat Mar 28 22:54:43 2026: XCD main fifo: Stopping
Sat Mar 28 22:54:43 2026: XCD main fifo: do_read error code: Operation canceled
Sat Mar 28 22:54:43 2026: XCD main fifo: bytes_transferred: 0
Sat Mar 28 22:54:43 2026: SERVER: destructor for server bound to port 46345
Sat Mar 28 22:54:43 2026: XCD main fifo: Good unlink of /tmp/xcdmain45e1d5b0-1189-4028-932b-22dd8a930aa8
Sat Mar 28 22:54:43 2026: Server exiting with status 0.
Sat Mar 28 22:54:43 2026: Closing log file.
Sat Mar 28 22:55:58 2026: Dispatch Server: Accepted socket connection from client
Sat Mar 28 22:55:58 2026: Starting Socket connection
Sat Mar 28 22:58:25 2026: Dispatch Server: Accepted socket connection from client
Sat Mar 28 22:58:25 2026: Starting Socket connection
Sat Mar 28 23:01:04 2026: Dispatch Server: Accepted socket connection from client
Sat Mar 28 23:01:04 2026: Starting Socket connection
Sat Mar 28 23:05:25 2026: STOP_SERVER received, server token: 5b3214aa-1012-4ba7-8a06-26b48bd76fc9, passed token: 5b3214aa-1012-4ba7-8a06-26b48bd76fc9
Sat Mar 28 23:05:25 2026: Socket received request to stop server.
Sat Mar 28 23:05:25 2026: Dispatch Server: do_await_stop
Sat Mar 28 23:05:25 2026: Dispatch Server: stopping mainFifo_
Sat Mar 28 23:05:25 2026: XCD main fifo: Stopping
Sat Mar 28 23:05:25 2026: XCD main fifo: do_read error code: Operation canceled
Sat Mar 28 23:05:25 2026: XCD main fifo: bytes_transferred: 0
Sat Mar 28 23:05:25 2026: SERVER: destructor for server bound to port 40591
Sat Mar 28 23:05:25 2026: XCD main fifo: Good unlink of /tmp/xcdmain5b3214aa-1012-4ba7-8a06-26b48bd76fc9
Sat Mar 28 23:05:25 2026: Server exiting with status 0.
Sat Mar 28 23:05:25 2026: Closing log file.
