

Implementation tool: Xilinx Vivado v.2025.1.1
Project:             project_1
Solution:            hls
Device target:       xczu3eg-sbva484-1-e
Report date:         Sat Mar 28 00:23:14 EDT 2026

#=== Post-Implementation Resource usage ===
SLICE:            0
LUT:            337
FF:             279
DSP:              1
BRAM:            45
URAM:             0
LATCH:            0
SRL:              0
CLB:             94

#=== Final timing ===
CP required:                     10.000
CP achieved post-synthesis:      4.190
CP achieved post-implementation: 5.272
Timing met
