# ---------------------------------------------------------------------------------
# Created on Fri Apr 10 20:23:27 EDT 2026 with report_failfast (2023.09.14)
# ---------------------------------------------------------------------------------

#  +-----------------------------------------------------------------------------------------+
#  | Design Summary                                                                          |
#  | impl_1                                                                                  |
#  | xczu3eg-sbva484-1-e                                                                     |
#  +-----------------------------------------------------------+-----------+--------+--------+
#  | Criteria                                                  | Guideline | Actual | Status |
#  +-----------------------------------------------------------+-----------+--------+--------+
#  | LUT                                                       | 70%       | 65.04% | OK     |
#  | FD                                                        | 50%       | 43.46% | OK     |
#  | LUTRAM+SRL                                                | 25%       | 7.45%  | OK     |
#  | CARRY8                                                    | 25%       | 25.23% | REVIEW |
#  | MUXF7                                                     | 15%       | 12.09% | OK     |
#  | LUT Combining                                             | 20%       | 14.56% | OK     |
#  | DSP                                                       | 80%       | 88.33% | REVIEW |
#  | RAMB/FIFO                                                 | 80%       | 18.75% | OK     |
#  | DSP+RAMB+URAM (Avg)                                       | 70%       | 53.54% | OK     |
#  | BUFGCE* + BUFGCTRL                                        | 24        | 0      | OK     |
#  | DONT_TOUCH (cells/nets)                                   | 0         | 0      | OK     |
#  | MARK_DEBUG (nets)                                         | 0         | 0      | OK     |
#  | Control Sets                                              | 1323      | 1258   | OK     |
#  | Average Fanout for modules > 100k cells                   | 4         | 1.41   | OK     |
#  | Max Average Fanout for modules > 100k cells               | 4         | 1.41   | OK     |
#  | Non-FD high fanout nets > 10k loads                       | 0         | 0      | OK     |
#  +-----------------------------------------------------------+-----------+--------+--------+
#  | TIMING-6 (No common primary clock between related clocks) | 0         | 0      | OK     |
#  | TIMING-7 (No common node between related clocks)          | 0         | 0      | OK     |
#  | TIMING-8 (No common period between related clocks)        | 0         | 0      | OK     |
#  | TIMING-14 (LUT on the clock tree)                         | 0         | 0      | OK     |
#  | TIMING-35 (No common node in paths with the same clock)   | 0         | 0      | OK     |
#  +-----------------------------------------------------------+-----------+--------+--------+
#  | Number of paths above max LUT budgeting (0.350ns)         | 0         | 0      | OK     |
#  | Number of paths above max Net budgeting (0.239ns)         | 0         | 0      | OK     |
#  +-----------------------------------------------------------+-----------+--------+--------+

