Copyright 1986-2022 Xilinx, Inc. All Rights Reserved. Copyright 2022-2025 Advanced Micro Devices, Inc. All Rights Reserved.
--------------------------------------------------------------------------------------------------------------------------------------------------
| Tool Version      : Vivado v.2025.1.1 (lin64) Build 6233196 Thu Sep 11 21:27:11 MDT 2025
| Date              : Fri Apr 10 20:21:34 2026
| Host              : ece-linlabsrv01 running 64-bit Red Hat Enterprise Linux release 8.10 (Ootpa)
| Command           : report_timing_summary -file ./report/top_kernel_timing_routed.rpt
| Design            : bd_0_wrapper
| Device            : xczu3eg-sbva484
| Speed File        : -1  PRODUCTION 1.30 05-15-2022
| Design State      : Routed
| Temperature Grade : E
--------------------------------------------------------------------------------------------------------------------------------------------------

Timing Summary Report

------------------------------------------------------------------------------------------------
| Timer Settings
| --------------
------------------------------------------------------------------------------------------------

  Enable Multi Corner Analysis               :  Yes
  Enable Pessimism Removal                   :  Yes
  Pessimism Removal Resolution               :  Nearest Common Node
  Enable Input Delay Default Clock           :  No
  Enable Preset / Clear Arcs                 :  No
  Disable Flight Delays                      :  No
  Ignore I/O Paths                           :  No
  Timing Early Launch at Borrowing Latches   :  No
  Borrow Time for Max Delay Exceptions       :  Yes
  Merge Timing Exceptions                    :  Yes
  Inter-SLR Compensation                     :  Conservative

  Corner  Analyze    Analyze    
  Name    Max Paths  Min Paths  
  ------  ---------  ---------  
  Slow    Yes        Yes        
  Fast    Yes        Yes        


------------------------------------------------------------------------------------------------
| Report Methodology
| ------------------
------------------------------------------------------------------------------------------------

Rule       Severity  Description                    Violations  
---------  --------  -----------------------------  ----------  
TIMING-18  Warning   Missing input or output delay  534         

Note: This report is based on the most recent report_methodology run and may not be up-to-date. Run report_methodology on the current design for the latest report.



check_timing report

Table of Contents
-----------------
1. checking no_clock (0)
2. checking constant_clock (0)
3. checking pulse_width_clock (0)
4. checking unconstrained_internal_endpoints (0)
5. checking no_input_delay (160)
6. checking no_output_delay (364)
7. checking multiple_clock (0)
8. checking generated_clocks (0)
9. checking loops (0)
10. checking partial_input_delay (0)
11. checking partial_output_delay (0)
12. checking latch_loops (0)

1. checking no_clock (0)
------------------------
 There are 0 register/latch pins with no clock.


2. checking constant_clock (0)
------------------------------
 There are 0 register/latch pins with constant_clock.


3. checking pulse_width_clock (0)
---------------------------------
 There are 0 register/latch pins which need pulse_width check


4. checking unconstrained_internal_endpoints (0)
------------------------------------------------
 There are 0 pins that are not constrained for maximum delay.

 There are 0 pins that are not constrained for maximum delay due to constant clock.


5. checking no_input_delay (160)
--------------------------------
 There are 160 input ports with no input delay specified. (HIGH)

 There are 0 input ports with no input delay but user has a false path constraint.


6. checking no_output_delay (364)
---------------------------------
 There are 364 ports with no output delay specified. (HIGH)

 There are 0 ports with no output delay but user has a false path constraint

 There are 0 ports with no output delay but with a timing clock defined on it or propagating through it


7. checking multiple_clock (0)
------------------------------
 There are 0 register/latch pins with multiple clocks.


8. checking generated_clocks (0)
--------------------------------
 There are 0 generated clocks that are not connected to a clock source.


9. checking loops (0)
---------------------
 There are 0 combinational loops in the design.


10. checking partial_input_delay (0)
------------------------------------
 There are 0 input ports with partial input delay specified.


11. checking partial_output_delay (0)
-------------------------------------
 There are 0 ports with partial output delay specified.


12. checking latch_loops (0)
----------------------------
 There are 0 combinational latch loops in the design through latch input



------------------------------------------------------------------------------------------------
| Design Timing Summary
| ---------------------
------------------------------------------------------------------------------------------------

    WNS(ns)      TNS(ns)  TNS Failing Endpoints  TNS Total Endpoints      WHS(ns)      THS(ns)  THS Failing Endpoints  THS Total Endpoints     WPWS(ns)     TPWS(ns)  TPWS Failing Endpoints  TPWS Total Endpoints  
    -------      -------  ---------------------  -------------------      -------      -------  ---------------------  -------------------     --------     --------  ----------------------  --------------------  
     -0.271     -185.264                   2745               172725        0.016        0.000                      0               172725        1.427        0.000                       0                 64346  


Timing constraints are not met.


------------------------------------------------------------------------------------------------
| Clock Summary
| -------------
------------------------------------------------------------------------------------------------

Clock   Waveform(ns)         Period(ns)      Frequency(MHz)
-----   ------------         ----------      --------------
ap_clk  {0.000 2.000}        4.000           250.000         


------------------------------------------------------------------------------------------------
| Intra Clock Table
| -----------------
------------------------------------------------------------------------------------------------

Clock             WNS(ns)      TNS(ns)  TNS Failing Endpoints  TNS Total Endpoints      WHS(ns)      THS(ns)  THS Failing Endpoints  THS Total Endpoints     WPWS(ns)     TPWS(ns)  TPWS Failing Endpoints  TPWS Total Endpoints  
-----             -------      -------  ---------------------  -------------------      -------      -------  ---------------------  -------------------     --------     --------  ----------------------  --------------------  
ap_clk             -0.271     -185.264                   2745               172725        0.016        0.000                      0               172725        1.427        0.000                       0                 64346  


------------------------------------------------------------------------------------------------
| Inter Clock Table
| -----------------
------------------------------------------------------------------------------------------------

From Clock    To Clock          WNS(ns)      TNS(ns)  TNS Failing Endpoints  TNS Total Endpoints      WHS(ns)      THS(ns)  THS Failing Endpoints  THS Total Endpoints  
----------    --------          -------      -------  ---------------------  -------------------      -------      -------  ---------------------  -------------------  


------------------------------------------------------------------------------------------------
| Other Path Groups Table
| -----------------------
------------------------------------------------------------------------------------------------

Path Group    From Clock    To Clock          WNS(ns)      TNS(ns)  TNS Failing Endpoints  TNS Total Endpoints      WHS(ns)      THS(ns)  THS Failing Endpoints  THS Total Endpoints  
----------    ----------    --------          -------      -------  ---------------------  -------------------      -------      -------  ---------------------  -------------------  


------------------------------------------------------------------------------------------------
| Timing Details
| --------------
------------------------------------------------------------------------------------------------


---------------------------------------------------------------------------------------------------
From Clock:  ap_clk
  To Clock:  ap_clk

Setup :         2745  Failing Endpoints,  Worst Slack       -0.271ns,  Total Violation     -185.264ns
Hold  :            0  Failing Endpoints,  Worst Slack        0.016ns,  Total Violation        0.000ns
PW    :            0  Failing Endpoints,  Worst Slack        1.427ns,  Total Violation        0.000ns
---------------------------------------------------------------------------------------------------


Max Delay Paths
--------------------------------------------------------------------------------------
Slack (VIOLATED) :        -0.271ns  (required time - arrival time)
  Source:                 bd_0_i/hls_inst/inst/stage_rgb2eq_U0/grp_stage_rgb2eq_Pipeline_BUILD_HIST_fu_2163/bin_3_reg_12342_reg[3]/C
                            (rising edge-triggered cell FDSE clocked by ap_clk  {rise@0.000ns fall@2.000ns period=4.000ns})
  Destination:            bd_0_i/hls_inst/inst/stage_rgb2eq_U0/grp_stage_rgb2eq_Pipeline_BUILD_HIST_fu_2163/histogram_31_fu_1240_reg[17]/D
                            (rising edge-triggered cell FDRE clocked by ap_clk  {rise@0.000ns fall@2.000ns period=4.000ns})
  Path Group:             ap_clk
  Path Type:              Setup (Max at Slow Process Corner)
  Requirement:            4.000ns  (ap_clk rise@4.000ns - ap_clk rise@0.000ns)
  Data Path Delay:        4.249ns  (logic 0.749ns (17.626%)  route 3.500ns (82.374%))
  Logic Levels:           6  (CARRY8=3 LUT6=2 MUXF8=1)
  Clock Path Skew:        -0.013ns (DCD - SCD + CPR)
    Destination Clock Delay (DCD):    0.024ns = ( 4.024 - 4.000 ) 
    Source Clock Delay      (SCD):    0.037ns
    Clock Pessimism Removal (CPR):    0.000ns
  Clock Uncertainty:      0.035ns  ((TSJ^2 + TIJ^2)^1/2 + DJ) / 2 + PE
    Total System Jitter     (TSJ):    0.071ns
    Total Input Jitter      (TIJ):    0.000ns
    Discrete Jitter          (DJ):    0.000ns
    Phase Error              (PE):    0.000ns

    Location             Delay type                Incr(ns)  Path(ns)    Netlist Resource(s)
  -------------------------------------------------------------------    -------------------
                         (clock ap_clk rise edge)     0.000     0.000 r  
                                                      0.000     0.000 r  ap_clk (IN)
                         net (fo=65930, unset)        0.037     0.037    bd_0_i/hls_inst/inst/stage_rgb2eq_U0/grp_stage_rgb2eq_Pipeline_BUILD_HIST_fu_2163/ap_clk
    SLICE_X14Y138        FDSE                                         r  bd_0_i/hls_inst/inst/stage_rgb2eq_U0/grp_stage_rgb2eq_Pipeline_BUILD_HIST_fu_2163/bin_3_reg_12342_reg[3]/C
  -------------------------------------------------------------------    -------------------
    SLICE_X14Y138        FDSE (Prop_AFF_SLICEM_C_Q)
                                                      0.093     0.130 r  bd_0_i/hls_inst/inst/stage_rgb2eq_U0/grp_stage_rgb2eq_Pipeline_BUILD_HIST_fu_2163/bin_3_reg_12342_reg[3]/Q
                         net (fo=644, routed)         1.077     1.207    bd_0_i/hls_inst/inst/stage_rgb2eq_U0/grp_stage_rgb2eq_Pipeline_BUILD_HIST_fu_2163/bin_3_reg_12342[3]
    SLICE_X1Y101         MUXF8 (Prop_F8MUX_BOT_SLICEM_S_O)
                                                      0.095     1.302 r  bd_0_i/hls_inst/inst/stage_rgb2eq_U0/grp_stage_rgb2eq_Pipeline_BUILD_HIST_fu_2163/histogram_1_fu_1120_reg[8]_i_166/O
                         net (fo=1, routed)           0.307     1.609    bd_0_i/hls_inst/inst/stage_rgb2eq_U0/grp_stage_rgb2eq_Pipeline_BUILD_HIST_fu_2163/histogram_1_fu_1120_reg[8]_i_166_n_8
    SLICE_X1Y107         LUT6 (Prop_H6LUT_SLICEM_I5_O)
                                                      0.151     1.760 r  bd_0_i/hls_inst/inst/stage_rgb2eq_U0/grp_stage_rgb2eq_Pipeline_BUILD_HIST_fu_2163/histogram_1_fu_1120[8]_i_41/O
                         net (fo=1, routed)           0.410     2.170    bd_0_i/hls_inst/inst/stage_rgb2eq_U0/grp_stage_rgb2eq_Pipeline_BUILD_HIST_fu_2163/histogram_1_fu_1120[8]_i_41_n_8
    SLICE_X5Y122         LUT6 (Prop_E6LUT_SLICEM_I3_O)
                                                      0.063     2.233 r  bd_0_i/hls_inst/inst/stage_rgb2eq_U0/grp_stage_rgb2eq_Pipeline_BUILD_HIST_fu_2163/histogram_1_fu_1120[8]_i_10/O
                         net (fo=1, routed)           0.471     2.704    bd_0_i/hls_inst/inst/stage_rgb2eq_U0/grp_stage_rgb2eq_Pipeline_BUILD_HIST_fu_2163/dout_tmp[1]
    SLICE_X10Y122        CARRY8 (Prop_CARRY8_SLICEL_S[0]_CO[7])
                                                      0.238     2.942 r  bd_0_i/hls_inst/inst/stage_rgb2eq_U0/grp_stage_rgb2eq_Pipeline_BUILD_HIST_fu_2163/histogram_1_fu_1120_reg[8]_i_1/CO[7]
                         net (fo=1, routed)           0.028     2.970    bd_0_i/hls_inst/inst/stage_rgb2eq_U0/grp_stage_rgb2eq_Pipeline_BUILD_HIST_fu_2163/histogram_1_fu_1120_reg[8]_i_1_n_8
    SLICE_X10Y123        CARRY8 (Prop_CARRY8_SLICEL_CI_CO[7])
                                                      0.023     2.993 r  bd_0_i/hls_inst/inst/stage_rgb2eq_U0/grp_stage_rgb2eq_Pipeline_BUILD_HIST_fu_2163/histogram_1_fu_1120_reg[16]_i_1/CO[7]
                         net (fo=1, routed)           0.028     3.021    bd_0_i/hls_inst/inst/stage_rgb2eq_U0/grp_stage_rgb2eq_Pipeline_BUILD_HIST_fu_2163/histogram_1_fu_1120_reg[16]_i_1_n_8
    SLICE_X10Y124        CARRY8 (Prop_CARRY8_SLICEL_CI_O[0])
                                                      0.086     3.107 r  bd_0_i/hls_inst/inst/stage_rgb2eq_U0/grp_stage_rgb2eq_Pipeline_BUILD_HIST_fu_2163/histogram_1_fu_1120_reg[24]_i_1/O[0]
                         net (fo=256, routed)         1.179     4.286    bd_0_i/hls_inst/inst/stage_rgb2eq_U0/grp_stage_rgb2eq_Pipeline_BUILD_HIST_fu_2163/histogram_256_fu_7382_p2[17]
    SLICE_X15Y116        FDRE                                         r  bd_0_i/hls_inst/inst/stage_rgb2eq_U0/grp_stage_rgb2eq_Pipeline_BUILD_HIST_fu_2163/histogram_31_fu_1240_reg[17]/D
  -------------------------------------------------------------------    -------------------

                         (clock ap_clk rise edge)     4.000     4.000 r  
                                                      0.000     4.000 r  ap_clk (IN)
                         net (fo=65930, unset)        0.024     4.024    bd_0_i/hls_inst/inst/stage_rgb2eq_U0/grp_stage_rgb2eq_Pipeline_BUILD_HIST_fu_2163/ap_clk
    SLICE_X15Y116        FDRE                                         r  bd_0_i/hls_inst/inst/stage_rgb2eq_U0/grp_stage_rgb2eq_Pipeline_BUILD_HIST_fu_2163/histogram_31_fu_1240_reg[17]/C
                         clock pessimism              0.000     4.024    
                         clock uncertainty           -0.035     3.989    
    SLICE_X15Y116        FDRE (Setup_AFF_SLICEL_C_D)
                                                      0.027     4.016    bd_0_i/hls_inst/inst/stage_rgb2eq_U0/grp_stage_rgb2eq_Pipeline_BUILD_HIST_fu_2163/histogram_31_fu_1240_reg[17]
  -------------------------------------------------------------------
                         required time                          4.016    
                         arrival time                          -4.286    
  -------------------------------------------------------------------
                         slack                                 -0.271    





Min Delay Paths
--------------------------------------------------------------------------------------
Slack (MET) :             0.016ns  (arrival time - required time)
  Source:                 <hidden>
                            (rising edge-triggered cell FDRE clocked by ap_clk  {rise@0.000ns fall@2.000ns period=4.000ns})
  Destination:            <hidden>
                            (rising edge-triggered cell SRLC32E clocked by ap_clk  {rise@0.000ns fall@2.000ns period=4.000ns})
  Path Group:             ap_clk
  Path Type:              Hold (Min at Fast Process Corner)
  Requirement:            0.000ns  (ap_clk rise@0.000ns - ap_clk rise@0.000ns)
  Data Path Delay:        0.104ns  (logic 0.038ns (36.410%)  route 0.066ns (63.590%))
  Logic Levels:           0  
  Clock Path Skew:        0.026ns (DCD - SCD - CPR)
    Destination Clock Delay (DCD):    0.039ns
    Source Clock Delay      (SCD):    0.013ns
    Clock Pessimism Removal (CPR):    -0.000ns

    Location             Delay type                Incr(ns)  Path(ns)    Netlist Resource(s)
  -------------------------------------------------------------------    -------------------
                         (clock ap_clk rise edge)     0.000     0.000 r  
                                                      0.000     0.000 r  ap_clk (IN)
                         net (fo=65930, unset)        0.013     0.013    <hidden>
    SLICE_X1Y50          FDRE                                         r  <hidden>
  -------------------------------------------------------------------    -------------------
    SLICE_X1Y50          FDRE (Prop_EFF_SLICEM_C_Q)
                                                      0.038     0.051 r  <hidden>
                         net (fo=4, routed)           0.066     0.117    <hidden>
    SLICE_X1Y49          SRLC32E                                      r  <hidden>
  -------------------------------------------------------------------    -------------------

                         (clock ap_clk rise edge)     0.000     0.000 r  
                                                      0.000     0.000 r  ap_clk (IN)
                         net (fo=65930, unset)        0.039     0.039    <hidden>
    SLICE_X1Y49          SRLC32E                                      r  <hidden>
                         clock pessimism              0.000     0.039    
    SLICE_X1Y49          SRLC32E (Hold_H6LUT_SLICEM_CLK_D)
                                                      0.062     0.101    <hidden>
  -------------------------------------------------------------------
                         required time                         -0.101    
                         arrival time                           0.117    
  -------------------------------------------------------------------
                         slack                                  0.016    





Pulse Width Checks
--------------------------------------------------------------------------------------
Clock Name:         ap_clk
Waveform(ns):       { 0.000 2.000 }
Period(ns):         4.000
Sources:            { ap_clk }

Check Type        Corner  Lib Pin             Reference Pin  Required(ns)  Actual(ns)  Slack(ns)  Location       Pin
Min Period        n/a     RAMB36E2/CLKARDCLK  n/a            1.739         4.000       2.261      RAMB36_X0Y16   bd_0_i/hls_inst/inst/gmem0_m_axi_U/load_unit_0/buff_rdata/U_fifo_mem/mem_reg_bram_0/CLKARDCLK
Low Pulse Width   Slow    SRL16E/CLK          n/a            0.573         2.000       1.427      SLICE_X48Y173  bd_0_i/hls_inst/inst/bus_read/ost_ctrl_gen[0].fifo_burst/U_fifo_srl/mem_reg[14][0]_srl15/CLK
High Pulse Width  Slow    SRL16E/CLK          n/a            0.573         2.000       1.427      SLICE_X48Y173  bd_0_i/hls_inst/inst/bus_read/ost_ctrl_gen[0].fifo_burst/U_fifo_srl/mem_reg[14][0]_srl15/CLK



