Copyright 1986-2022 Xilinx, Inc. All Rights Reserved. Copyright 2022-2025 Advanced Micro Devices, Inc. All Rights Reserved.
--------------------------------------------------------------------------------------------------------------------------------------------------
| Tool Version      : Vivado v.2025.1.1 (lin64) Build 6233196 Thu Sep 11 21:27:11 MDT 2025
| Date              : Fri Apr 10 19:47:26 2026
| Host              : ece-linlabsrv01 running 64-bit Red Hat Enterprise Linux release 8.10 (Ootpa)
| Command           : report_timing -max_paths 10 -file ./report/top_kernel_timing_paths_synth.rpt
| Design            : bd_0_wrapper
| Device            : xczu3eg-sbva484
| Speed File        : -1  PRODUCTION 1.30 05-15-2022
| Design State      : Synthesized
| Temperature Grade : E
--------------------------------------------------------------------------------------------------------------------------------------------------

Timing Report

Slack (MET) :             0.508ns  (required time - arrival time)
  Source:                 bd_0_i/hls_inst/inst/stage_gaussian_U0/grp_stage_gaussian_Pipeline_GAUSSIAN_OUT_VITIS_LOOP_161_1_fu_186/add_20ns_20ns_20_1_1_U1204/dout/DSP_ALU_INST/CLK
                            (rising edge-triggered cell DSP_ALU clocked by ap_clk  {rise@0.000ns fall@2.000ns period=4.000ns})
  Destination:            bd_0_i/hls_inst/inst/stage_gaussian_U0/grp_stage_gaussian_Pipeline_GAUSSIAN_OUT_VITIS_LOOP_161_1_fu_186/add_20ns_20ns_20_1_1_U1207/dout/DSP_C_DATA_INST/C[6]
                            (rising edge-triggered cell DSP_C_DATA clocked by ap_clk  {rise@0.000ns fall@2.000ns period=4.000ns})
  Path Group:             ap_clk
  Path Type:              Setup (Max at Slow Process Corner)
  Requirement:            4.000ns  (ap_clk rise@4.000ns - ap_clk rise@0.000ns)
  Data Path Delay:        3.200ns  (logic 2.436ns (76.125%)  route 0.764ns (23.875%))
  Logic Levels:           5  (DSP_ALU=1 DSP_C_DATA=1 DSP_OUTPUT=2 LUT4=1)
  Clock Path Skew:        -0.031ns (DCD - SCD + CPR)
    Destination Clock Delay (DCD):    0.044ns = ( 4.044 - 4.000 ) 
    Source Clock Delay      (SCD):    0.075ns
    Clock Pessimism Removal (CPR):    0.000ns
  Clock Uncertainty:      0.035ns  ((TSJ^2 + TIJ^2)^1/2 + DJ) / 2 + PE
    Total System Jitter     (TSJ):    0.071ns
    Total Input Jitter      (TIJ):    0.000ns
    Discrete Jitter          (DJ):    0.000ns
    Phase Error              (PE):    0.000ns

    Location             Delay type                Incr(ns)  Path(ns)    Netlist Resource(s)
  -------------------------------------------------------------------    -------------------
                         (clock ap_clk rise edge)     0.000     0.000 r  
                                                      0.000     0.000 r  ap_clk (IN)
                         net (fo=68612, unset)        0.075     0.075    bd_0_i/hls_inst/inst/stage_gaussian_U0/grp_stage_gaussian_Pipeline_GAUSSIAN_OUT_VITIS_LOOP_161_1_fu_186/add_20ns_20ns_20_1_1_U1204/dout/CLK
                         DSP_ALU                                      r  bd_0_i/hls_inst/inst/stage_gaussian_U0/grp_stage_gaussian_Pipeline_GAUSSIAN_OUT_VITIS_LOOP_161_1_fu_186/add_20ns_20ns_20_1_1_U1204/dout/DSP_ALU_INST/CLK
  -------------------------------------------------------------------    -------------------
                         DSP_ALU (Prop_DSP_ALU_CLK_ALU_OUT[19])
                                                      1.140     1.215 f  bd_0_i/hls_inst/inst/stage_gaussian_U0/grp_stage_gaussian_Pipeline_GAUSSIAN_OUT_VITIS_LOOP_161_1_fu_186/add_20ns_20ns_20_1_1_U1204/dout/DSP_ALU_INST/ALU_OUT[19]
                         net (fo=1, unplaced)         0.000     1.215    bd_0_i/hls_inst/inst/stage_gaussian_U0/grp_stage_gaussian_Pipeline_GAUSSIAN_OUT_VITIS_LOOP_161_1_fu_186/add_20ns_20ns_20_1_1_U1204/dout/DSP_ALU.ALU_OUT<19>
                         DSP_OUTPUT (Prop_DSP_OUTPUT_ALU_OUT[19]_P[19])
                                                      0.141     1.356 r  bd_0_i/hls_inst/inst/stage_gaussian_U0/grp_stage_gaussian_Pipeline_GAUSSIAN_OUT_VITIS_LOOP_161_1_fu_186/add_20ns_20ns_20_1_1_U1204/dout/DSP_OUTPUT_INST/P[19]
                         net (fo=20, unplaced)        0.233     1.589    bd_0_i/hls_inst/inst/stage_gaussian_U0/grp_stage_gaussian_Pipeline_GAUSSIAN_OUT_VITIS_LOOP_161_1_fu_186/add_20ns_20ns_20_1_1_U1204/sum_3_fu_8319_p2[19]
                         LUT4 (Prop_LUT4_I1_O)        0.139     1.728 r  bd_0_i/hls_inst/inst/stage_gaussian_U0/grp_stage_gaussian_Pipeline_GAUSSIAN_OUT_VITIS_LOOP_161_1_fu_186/add_20ns_20ns_20_1_1_U1204/dout_i_19__21/O
                         net (fo=1, unplaced)         0.263     1.991    bd_0_i/hls_inst/inst/stage_gaussian_U0/grp_stage_gaussian_Pipeline_GAUSSIAN_OUT_VITIS_LOOP_161_1_fu_186/add_36s_36s_36_1_1_U1205/dout/C[16]
                         DSP_C_DATA (Prop_DSP_C_DATA_C[16]_C_DATA[16])
                                                      0.131     2.122 r  bd_0_i/hls_inst/inst/stage_gaussian_U0/grp_stage_gaussian_Pipeline_GAUSSIAN_OUT_VITIS_LOOP_161_1_fu_186/add_36s_36s_36_1_1_U1205/dout/DSP_C_DATA_INST/C_DATA[16]
                         net (fo=2, unplaced)         0.000     2.122    bd_0_i/hls_inst/inst/stage_gaussian_U0/grp_stage_gaussian_Pipeline_GAUSSIAN_OUT_VITIS_LOOP_161_1_fu_186/add_36s_36s_36_1_1_U1205/dout/DSP_C_DATA.C_DATA<16>
                         DSP_ALU (Prop_DSP_ALU_C_DATA[16]_ALU_OUT[21])
                                                      0.744     2.866 f  bd_0_i/hls_inst/inst/stage_gaussian_U0/grp_stage_gaussian_Pipeline_GAUSSIAN_OUT_VITIS_LOOP_161_1_fu_186/add_36s_36s_36_1_1_U1205/dout/DSP_ALU_INST/ALU_OUT[21]
                         net (fo=1, unplaced)         0.000     2.866    bd_0_i/hls_inst/inst/stage_gaussian_U0/grp_stage_gaussian_Pipeline_GAUSSIAN_OUT_VITIS_LOOP_161_1_fu_186/add_36s_36s_36_1_1_U1205/dout/DSP_ALU.ALU_OUT<21>
                         DSP_OUTPUT (Prop_DSP_OUTPUT_ALU_OUT[21]_P[21])
                                                      0.141     3.007 r  bd_0_i/hls_inst/inst/stage_gaussian_U0/grp_stage_gaussian_Pipeline_GAUSSIAN_OUT_VITIS_LOOP_161_1_fu_186/add_36s_36s_36_1_1_U1205/dout/DSP_OUTPUT_INST/P[21]
                         net (fo=1, unplaced)         0.268     3.275    bd_0_i/hls_inst/inst/stage_gaussian_U0/grp_stage_gaussian_Pipeline_GAUSSIAN_OUT_VITIS_LOOP_161_1_fu_186/add_20ns_20ns_20_1_1_U1207/dout/C[6]
                         DSP_C_DATA                                   r  bd_0_i/hls_inst/inst/stage_gaussian_U0/grp_stage_gaussian_Pipeline_GAUSSIAN_OUT_VITIS_LOOP_161_1_fu_186/add_20ns_20ns_20_1_1_U1207/dout/DSP_C_DATA_INST/C[6]
  -------------------------------------------------------------------    -------------------

                         (clock ap_clk rise edge)     4.000     4.000 r  
                                                      0.000     4.000 r  ap_clk (IN)
                         net (fo=68612, unset)        0.044     4.044    bd_0_i/hls_inst/inst/stage_gaussian_U0/grp_stage_gaussian_Pipeline_GAUSSIAN_OUT_VITIS_LOOP_161_1_fu_186/add_20ns_20ns_20_1_1_U1207/dout/CLK
                         DSP_C_DATA                                   r  bd_0_i/hls_inst/inst/stage_gaussian_U0/grp_stage_gaussian_Pipeline_GAUSSIAN_OUT_VITIS_LOOP_161_1_fu_186/add_20ns_20ns_20_1_1_U1207/dout/DSP_C_DATA_INST/CLK
                         clock pessimism              0.000     4.044    
                         clock uncertainty           -0.035     4.009    
                         DSP_C_DATA (Setup_DSP_C_DATA_CLK_C[6])
                                                     -0.226     3.783    bd_0_i/hls_inst/inst/stage_gaussian_U0/grp_stage_gaussian_Pipeline_GAUSSIAN_OUT_VITIS_LOOP_161_1_fu_186/add_20ns_20ns_20_1_1_U1207/dout/DSP_C_DATA_INST
  -------------------------------------------------------------------
                         required time                          3.783    
                         arrival time                          -3.275    
  -------------------------------------------------------------------
                         slack                                  0.508    

Slack (MET) :             0.508ns  (required time - arrival time)
  Source:                 bd_0_i/hls_inst/inst/stage_gaussian_U0/grp_stage_gaussian_Pipeline_GAUSSIAN_OUT_VITIS_LOOP_161_1_fu_186/add_20ns_20ns_20_1_1_U1207/dout/DSP_ALU_INST/CLK
                            (rising edge-triggered cell DSP_ALU clocked by ap_clk  {rise@0.000ns fall@2.000ns period=4.000ns})
  Destination:            bd_0_i/hls_inst/inst/stage_gaussian_U0/grp_stage_gaussian_Pipeline_GAUSSIAN_OUT_VITIS_LOOP_161_1_fu_186/add_20ns_20ns_20_1_1_U1209/dout/DSP_C_DATA_INST/C[6]
                            (rising edge-triggered cell DSP_C_DATA clocked by ap_clk  {rise@0.000ns fall@2.000ns period=4.000ns})
  Path Group:             ap_clk
  Path Type:              Setup (Max at Slow Process Corner)
  Requirement:            4.000ns  (ap_clk rise@4.000ns - ap_clk rise@0.000ns)
  Data Path Delay:        3.200ns  (logic 2.436ns (76.125%)  route 0.764ns (23.875%))
  Logic Levels:           5  (DSP_ALU=1 DSP_C_DATA=1 DSP_OUTPUT=2 LUT4=1)
  Clock Path Skew:        -0.031ns (DCD - SCD + CPR)
    Destination Clock Delay (DCD):    0.044ns = ( 4.044 - 4.000 ) 
    Source Clock Delay      (SCD):    0.075ns
    Clock Pessimism Removal (CPR):    0.000ns
  Clock Uncertainty:      0.035ns  ((TSJ^2 + TIJ^2)^1/2 + DJ) / 2 + PE
    Total System Jitter     (TSJ):    0.071ns
    Total Input Jitter      (TIJ):    0.000ns
    Discrete Jitter          (DJ):    0.000ns
    Phase Error              (PE):    0.000ns

    Location             Delay type                Incr(ns)  Path(ns)    Netlist Resource(s)
  -------------------------------------------------------------------    -------------------
                         (clock ap_clk rise edge)     0.000     0.000 r  
                                                      0.000     0.000 r  ap_clk (IN)
                         net (fo=68612, unset)        0.075     0.075    bd_0_i/hls_inst/inst/stage_gaussian_U0/grp_stage_gaussian_Pipeline_GAUSSIAN_OUT_VITIS_LOOP_161_1_fu_186/add_20ns_20ns_20_1_1_U1207/dout/CLK
                         DSP_ALU                                      r  bd_0_i/hls_inst/inst/stage_gaussian_U0/grp_stage_gaussian_Pipeline_GAUSSIAN_OUT_VITIS_LOOP_161_1_fu_186/add_20ns_20ns_20_1_1_U1207/dout/DSP_ALU_INST/CLK
  -------------------------------------------------------------------    -------------------
                         DSP_ALU (Prop_DSP_ALU_CLK_ALU_OUT[19])
                                                      1.140     1.215 f  bd_0_i/hls_inst/inst/stage_gaussian_U0/grp_stage_gaussian_Pipeline_GAUSSIAN_OUT_VITIS_LOOP_161_1_fu_186/add_20ns_20ns_20_1_1_U1207/dout/DSP_ALU_INST/ALU_OUT[19]
                         net (fo=1, unplaced)         0.000     1.215    bd_0_i/hls_inst/inst/stage_gaussian_U0/grp_stage_gaussian_Pipeline_GAUSSIAN_OUT_VITIS_LOOP_161_1_fu_186/add_20ns_20ns_20_1_1_U1207/dout/DSP_ALU.ALU_OUT<19>
                         DSP_OUTPUT (Prop_DSP_OUTPUT_ALU_OUT[19]_P[19])
                                                      0.141     1.356 r  bd_0_i/hls_inst/inst/stage_gaussian_U0/grp_stage_gaussian_Pipeline_GAUSSIAN_OUT_VITIS_LOOP_161_1_fu_186/add_20ns_20ns_20_1_1_U1207/dout/DSP_OUTPUT_INST/P[19]
                         net (fo=20, unplaced)        0.233     1.589    bd_0_i/hls_inst/inst/stage_gaussian_U0/grp_stage_gaussian_Pipeline_GAUSSIAN_OUT_VITIS_LOOP_161_1_fu_186/add_20ns_20ns_20_1_1_U1207/sum_5_fu_8484_p2[19]
                         LUT4 (Prop_LUT4_I1_O)        0.139     1.728 r  bd_0_i/hls_inst/inst/stage_gaussian_U0/grp_stage_gaussian_Pipeline_GAUSSIAN_OUT_VITIS_LOOP_161_1_fu_186/add_20ns_20ns_20_1_1_U1207/dout_i_19__20/O
                         net (fo=1, unplaced)         0.263     1.991    bd_0_i/hls_inst/inst/stage_gaussian_U0/grp_stage_gaussian_Pipeline_GAUSSIAN_OUT_VITIS_LOOP_161_1_fu_186/add_36s_36s_36_1_1_U1208/dout/C[16]
                         DSP_C_DATA (Prop_DSP_C_DATA_C[16]_C_DATA[16])
                                                      0.131     2.122 r  bd_0_i/hls_inst/inst/stage_gaussian_U0/grp_stage_gaussian_Pipeline_GAUSSIAN_OUT_VITIS_LOOP_161_1_fu_186/add_36s_36s_36_1_1_U1208/dout/DSP_C_DATA_INST/C_DATA[16]
                         net (fo=2, unplaced)         0.000     2.122    bd_0_i/hls_inst/inst/stage_gaussian_U0/grp_stage_gaussian_Pipeline_GAUSSIAN_OUT_VITIS_LOOP_161_1_fu_186/add_36s_36s_36_1_1_U1208/dout/DSP_C_DATA.C_DATA<16>
                         DSP_ALU (Prop_DSP_ALU_C_DATA[16]_ALU_OUT[21])
                                                      0.744     2.866 f  bd_0_i/hls_inst/inst/stage_gaussian_U0/grp_stage_gaussian_Pipeline_GAUSSIAN_OUT_VITIS_LOOP_161_1_fu_186/add_36s_36s_36_1_1_U1208/dout/DSP_ALU_INST/ALU_OUT[21]
                         net (fo=1, unplaced)         0.000     2.866    bd_0_i/hls_inst/inst/stage_gaussian_U0/grp_stage_gaussian_Pipeline_GAUSSIAN_OUT_VITIS_LOOP_161_1_fu_186/add_36s_36s_36_1_1_U1208/dout/DSP_ALU.ALU_OUT<21>
                         DSP_OUTPUT (Prop_DSP_OUTPUT_ALU_OUT[21]_P[21])
                                                      0.141     3.007 r  bd_0_i/hls_inst/inst/stage_gaussian_U0/grp_stage_gaussian_Pipeline_GAUSSIAN_OUT_VITIS_LOOP_161_1_fu_186/add_36s_36s_36_1_1_U1208/dout/DSP_OUTPUT_INST/P[21]
                         net (fo=1, unplaced)         0.268     3.275    bd_0_i/hls_inst/inst/stage_gaussian_U0/grp_stage_gaussian_Pipeline_GAUSSIAN_OUT_VITIS_LOOP_161_1_fu_186/add_20ns_20ns_20_1_1_U1209/dout/C[6]
                         DSP_C_DATA                                   r  bd_0_i/hls_inst/inst/stage_gaussian_U0/grp_stage_gaussian_Pipeline_GAUSSIAN_OUT_VITIS_LOOP_161_1_fu_186/add_20ns_20ns_20_1_1_U1209/dout/DSP_C_DATA_INST/C[6]
  -------------------------------------------------------------------    -------------------

                         (clock ap_clk rise edge)     4.000     4.000 r  
                                                      0.000     4.000 r  ap_clk (IN)
                         net (fo=68612, unset)        0.044     4.044    bd_0_i/hls_inst/inst/stage_gaussian_U0/grp_stage_gaussian_Pipeline_GAUSSIAN_OUT_VITIS_LOOP_161_1_fu_186/add_20ns_20ns_20_1_1_U1209/dout/CLK
                         DSP_C_DATA                                   r  bd_0_i/hls_inst/inst/stage_gaussian_U0/grp_stage_gaussian_Pipeline_GAUSSIAN_OUT_VITIS_LOOP_161_1_fu_186/add_20ns_20ns_20_1_1_U1209/dout/DSP_C_DATA_INST/CLK
                         clock pessimism              0.000     4.044    
                         clock uncertainty           -0.035     4.009    
                         DSP_C_DATA (Setup_DSP_C_DATA_CLK_C[6])
                                                     -0.226     3.783    bd_0_i/hls_inst/inst/stage_gaussian_U0/grp_stage_gaussian_Pipeline_GAUSSIAN_OUT_VITIS_LOOP_161_1_fu_186/add_20ns_20ns_20_1_1_U1209/dout/DSP_C_DATA_INST
  -------------------------------------------------------------------
                         required time                          3.783    
                         arrival time                          -3.275    
  -------------------------------------------------------------------
                         slack                                  0.508    

Slack (MET) :             0.508ns  (required time - arrival time)
  Source:                 bd_0_i/hls_inst/inst/stage_gaussian_U0/grp_stage_gaussian_Pipeline_GAUSSIAN_OUT_VITIS_LOOP_161_1_fu_186/add_20ns_20ns_20_1_1_U1209/dout/DSP_ALU_INST/CLK
                            (rising edge-triggered cell DSP_ALU clocked by ap_clk  {rise@0.000ns fall@2.000ns period=4.000ns})
  Destination:            bd_0_i/hls_inst/inst/stage_gaussian_U0/grp_stage_gaussian_Pipeline_GAUSSIAN_OUT_VITIS_LOOP_161_1_fu_186/add_20ns_20ns_20_1_1_U1212/dout/DSP_C_DATA_INST/C[6]
                            (rising edge-triggered cell DSP_C_DATA clocked by ap_clk  {rise@0.000ns fall@2.000ns period=4.000ns})
  Path Group:             ap_clk
  Path Type:              Setup (Max at Slow Process Corner)
  Requirement:            4.000ns  (ap_clk rise@4.000ns - ap_clk rise@0.000ns)
  Data Path Delay:        3.200ns  (logic 2.436ns (76.125%)  route 0.764ns (23.875%))
  Logic Levels:           5  (DSP_ALU=1 DSP_C_DATA=1 DSP_OUTPUT=2 LUT4=1)
  Clock Path Skew:        -0.031ns (DCD - SCD + CPR)
    Destination Clock Delay (DCD):    0.044ns = ( 4.044 - 4.000 ) 
    Source Clock Delay      (SCD):    0.075ns
    Clock Pessimism Removal (CPR):    0.000ns
  Clock Uncertainty:      0.035ns  ((TSJ^2 + TIJ^2)^1/2 + DJ) / 2 + PE
    Total System Jitter     (TSJ):    0.071ns
    Total Input Jitter      (TIJ):    0.000ns
    Discrete Jitter          (DJ):    0.000ns
    Phase Error              (PE):    0.000ns

    Location             Delay type                Incr(ns)  Path(ns)    Netlist Resource(s)
  -------------------------------------------------------------------    -------------------
                         (clock ap_clk rise edge)     0.000     0.000 r  
                                                      0.000     0.000 r  ap_clk (IN)
                         net (fo=68612, unset)        0.075     0.075    bd_0_i/hls_inst/inst/stage_gaussian_U0/grp_stage_gaussian_Pipeline_GAUSSIAN_OUT_VITIS_LOOP_161_1_fu_186/add_20ns_20ns_20_1_1_U1209/dout/CLK
                         DSP_ALU                                      r  bd_0_i/hls_inst/inst/stage_gaussian_U0/grp_stage_gaussian_Pipeline_GAUSSIAN_OUT_VITIS_LOOP_161_1_fu_186/add_20ns_20ns_20_1_1_U1209/dout/DSP_ALU_INST/CLK
  -------------------------------------------------------------------    -------------------
                         DSP_ALU (Prop_DSP_ALU_CLK_ALU_OUT[19])
                                                      1.140     1.215 f  bd_0_i/hls_inst/inst/stage_gaussian_U0/grp_stage_gaussian_Pipeline_GAUSSIAN_OUT_VITIS_LOOP_161_1_fu_186/add_20ns_20ns_20_1_1_U1209/dout/DSP_ALU_INST/ALU_OUT[19]
                         net (fo=1, unplaced)         0.000     1.215    bd_0_i/hls_inst/inst/stage_gaussian_U0/grp_stage_gaussian_Pipeline_GAUSSIAN_OUT_VITIS_LOOP_161_1_fu_186/add_20ns_20ns_20_1_1_U1209/dout/DSP_ALU.ALU_OUT<19>
                         DSP_OUTPUT (Prop_DSP_OUTPUT_ALU_OUT[19]_P[19])
                                                      0.141     1.356 r  bd_0_i/hls_inst/inst/stage_gaussian_U0/grp_stage_gaussian_Pipeline_GAUSSIAN_OUT_VITIS_LOOP_161_1_fu_186/add_20ns_20ns_20_1_1_U1209/dout/DSP_OUTPUT_INST/P[19]
                         net (fo=20, unplaced)        0.233     1.589    bd_0_i/hls_inst/inst/stage_gaussian_U0/grp_stage_gaussian_Pipeline_GAUSSIAN_OUT_VITIS_LOOP_161_1_fu_186/add_20ns_20ns_20_1_1_U1209/sum_7_fu_8624_p2[19]
                         LUT4 (Prop_LUT4_I1_O)        0.139     1.728 r  bd_0_i/hls_inst/inst/stage_gaussian_U0/grp_stage_gaussian_Pipeline_GAUSSIAN_OUT_VITIS_LOOP_161_1_fu_186/add_20ns_20ns_20_1_1_U1209/dout_i_22__1/O
                         net (fo=1, unplaced)         0.263     1.991    bd_0_i/hls_inst/inst/stage_gaussian_U0/grp_stage_gaussian_Pipeline_GAUSSIAN_OUT_VITIS_LOOP_161_1_fu_186/add_36s_36s_36_1_1_U1210/dout/C[16]
                         DSP_C_DATA (Prop_DSP_C_DATA_C[16]_C_DATA[16])
                                                      0.131     2.122 r  bd_0_i/hls_inst/inst/stage_gaussian_U0/grp_stage_gaussian_Pipeline_GAUSSIAN_OUT_VITIS_LOOP_161_1_fu_186/add_36s_36s_36_1_1_U1210/dout/DSP_C_DATA_INST/C_DATA[16]
                         net (fo=2, unplaced)         0.000     2.122    bd_0_i/hls_inst/inst/stage_gaussian_U0/grp_stage_gaussian_Pipeline_GAUSSIAN_OUT_VITIS_LOOP_161_1_fu_186/add_36s_36s_36_1_1_U1210/dout/DSP_C_DATA.C_DATA<16>
                         DSP_ALU (Prop_DSP_ALU_C_DATA[16]_ALU_OUT[21])
                                                      0.744     2.866 f  bd_0_i/hls_inst/inst/stage_gaussian_U0/grp_stage_gaussian_Pipeline_GAUSSIAN_OUT_VITIS_LOOP_161_1_fu_186/add_36s_36s_36_1_1_U1210/dout/DSP_ALU_INST/ALU_OUT[21]
                         net (fo=1, unplaced)         0.000     2.866    bd_0_i/hls_inst/inst/stage_gaussian_U0/grp_stage_gaussian_Pipeline_GAUSSIAN_OUT_VITIS_LOOP_161_1_fu_186/add_36s_36s_36_1_1_U1210/dout/DSP_ALU.ALU_OUT<21>
                         DSP_OUTPUT (Prop_DSP_OUTPUT_ALU_OUT[21]_P[21])
                                                      0.141     3.007 r  bd_0_i/hls_inst/inst/stage_gaussian_U0/grp_stage_gaussian_Pipeline_GAUSSIAN_OUT_VITIS_LOOP_161_1_fu_186/add_36s_36s_36_1_1_U1210/dout/DSP_OUTPUT_INST/P[21]
                         net (fo=1, unplaced)         0.268     3.275    bd_0_i/hls_inst/inst/stage_gaussian_U0/grp_stage_gaussian_Pipeline_GAUSSIAN_OUT_VITIS_LOOP_161_1_fu_186/add_20ns_20ns_20_1_1_U1212/dout/C[6]
                         DSP_C_DATA                                   r  bd_0_i/hls_inst/inst/stage_gaussian_U0/grp_stage_gaussian_Pipeline_GAUSSIAN_OUT_VITIS_LOOP_161_1_fu_186/add_20ns_20ns_20_1_1_U1212/dout/DSP_C_DATA_INST/C[6]
  -------------------------------------------------------------------    -------------------

                         (clock ap_clk rise edge)     4.000     4.000 r  
                                                      0.000     4.000 r  ap_clk (IN)
                         net (fo=68612, unset)        0.044     4.044    bd_0_i/hls_inst/inst/stage_gaussian_U0/grp_stage_gaussian_Pipeline_GAUSSIAN_OUT_VITIS_LOOP_161_1_fu_186/add_20ns_20ns_20_1_1_U1212/dout/CLK
                         DSP_C_DATA                                   r  bd_0_i/hls_inst/inst/stage_gaussian_U0/grp_stage_gaussian_Pipeline_GAUSSIAN_OUT_VITIS_LOOP_161_1_fu_186/add_20ns_20ns_20_1_1_U1212/dout/DSP_C_DATA_INST/CLK
                         clock pessimism              0.000     4.044    
                         clock uncertainty           -0.035     4.009    
                         DSP_C_DATA (Setup_DSP_C_DATA_CLK_C[6])
                                                     -0.226     3.783    bd_0_i/hls_inst/inst/stage_gaussian_U0/grp_stage_gaussian_Pipeline_GAUSSIAN_OUT_VITIS_LOOP_161_1_fu_186/add_20ns_20ns_20_1_1_U1212/dout/DSP_C_DATA_INST
  -------------------------------------------------------------------
                         required time                          3.783    
                         arrival time                          -3.275    
  -------------------------------------------------------------------
                         slack                                  0.508    

Slack (MET) :             0.508ns  (required time - arrival time)
  Source:                 bd_0_i/hls_inst/inst/stage_gaussian_U0/grp_stage_gaussian_Pipeline_GAUSSIAN_OUT_VITIS_LOOP_161_1_fu_186/add_20ns_20ns_20_1_1_U1212/dout/DSP_ALU_INST/CLK
                            (rising edge-triggered cell DSP_ALU clocked by ap_clk  {rise@0.000ns fall@2.000ns period=4.000ns})
  Destination:            bd_0_i/hls_inst/inst/stage_gaussian_U0/grp_stage_gaussian_Pipeline_GAUSSIAN_OUT_VITIS_LOOP_161_1_fu_186/add_20ns_20ns_20_1_1_U1215/dout/DSP_C_DATA_INST/C[6]
                            (rising edge-triggered cell DSP_C_DATA clocked by ap_clk  {rise@0.000ns fall@2.000ns period=4.000ns})
  Path Group:             ap_clk
  Path Type:              Setup (Max at Slow Process Corner)
  Requirement:            4.000ns  (ap_clk rise@4.000ns - ap_clk rise@0.000ns)
  Data Path Delay:        3.200ns  (logic 2.436ns (76.125%)  route 0.764ns (23.875%))
  Logic Levels:           5  (DSP_ALU=1 DSP_C_DATA=1 DSP_OUTPUT=2 LUT4=1)
  Clock Path Skew:        -0.031ns (DCD - SCD + CPR)
    Destination Clock Delay (DCD):    0.044ns = ( 4.044 - 4.000 ) 
    Source Clock Delay      (SCD):    0.075ns
    Clock Pessimism Removal (CPR):    0.000ns
  Clock Uncertainty:      0.035ns  ((TSJ^2 + TIJ^2)^1/2 + DJ) / 2 + PE
    Total System Jitter     (TSJ):    0.071ns
    Total Input Jitter      (TIJ):    0.000ns
    Discrete Jitter          (DJ):    0.000ns
    Phase Error              (PE):    0.000ns

    Location             Delay type                Incr(ns)  Path(ns)    Netlist Resource(s)
  -------------------------------------------------------------------    -------------------
                         (clock ap_clk rise edge)     0.000     0.000 r  
                                                      0.000     0.000 r  ap_clk (IN)
                         net (fo=68612, unset)        0.075     0.075    bd_0_i/hls_inst/inst/stage_gaussian_U0/grp_stage_gaussian_Pipeline_GAUSSIAN_OUT_VITIS_LOOP_161_1_fu_186/add_20ns_20ns_20_1_1_U1212/dout/CLK
                         DSP_ALU                                      r  bd_0_i/hls_inst/inst/stage_gaussian_U0/grp_stage_gaussian_Pipeline_GAUSSIAN_OUT_VITIS_LOOP_161_1_fu_186/add_20ns_20ns_20_1_1_U1212/dout/DSP_ALU_INST/CLK
  -------------------------------------------------------------------    -------------------
                         DSP_ALU (Prop_DSP_ALU_CLK_ALU_OUT[19])
                                                      1.140     1.215 f  bd_0_i/hls_inst/inst/stage_gaussian_U0/grp_stage_gaussian_Pipeline_GAUSSIAN_OUT_VITIS_LOOP_161_1_fu_186/add_20ns_20ns_20_1_1_U1212/dout/DSP_ALU_INST/ALU_OUT[19]
                         net (fo=1, unplaced)         0.000     1.215    bd_0_i/hls_inst/inst/stage_gaussian_U0/grp_stage_gaussian_Pipeline_GAUSSIAN_OUT_VITIS_LOOP_161_1_fu_186/add_20ns_20ns_20_1_1_U1212/dout/DSP_ALU.ALU_OUT<19>
                         DSP_OUTPUT (Prop_DSP_OUTPUT_ALU_OUT[19]_P[19])
                                                      0.141     1.356 r  bd_0_i/hls_inst/inst/stage_gaussian_U0/grp_stage_gaussian_Pipeline_GAUSSIAN_OUT_VITIS_LOOP_161_1_fu_186/add_20ns_20ns_20_1_1_U1212/dout/DSP_OUTPUT_INST/P[19]
                         net (fo=20, unplaced)        0.233     1.589    bd_0_i/hls_inst/inst/stage_gaussian_U0/grp_stage_gaussian_Pipeline_GAUSSIAN_OUT_VITIS_LOOP_161_1_fu_186/add_20ns_20ns_20_1_1_U1212/sum_9_fu_8826_p2[19]
                         LUT4 (Prop_LUT4_I1_O)        0.139     1.728 r  bd_0_i/hls_inst/inst/stage_gaussian_U0/grp_stage_gaussian_Pipeline_GAUSSIAN_OUT_VITIS_LOOP_161_1_fu_186/add_20ns_20ns_20_1_1_U1212/dout_i_19__18/O
                         net (fo=1, unplaced)         0.263     1.991    bd_0_i/hls_inst/inst/stage_gaussian_U0/grp_stage_gaussian_Pipeline_GAUSSIAN_OUT_VITIS_LOOP_161_1_fu_186/add_36s_36s_36_1_1_U1213/dout/C[16]
                         DSP_C_DATA (Prop_DSP_C_DATA_C[16]_C_DATA[16])
                                                      0.131     2.122 r  bd_0_i/hls_inst/inst/stage_gaussian_U0/grp_stage_gaussian_Pipeline_GAUSSIAN_OUT_VITIS_LOOP_161_1_fu_186/add_36s_36s_36_1_1_U1213/dout/DSP_C_DATA_INST/C_DATA[16]
                         net (fo=2, unplaced)         0.000     2.122    bd_0_i/hls_inst/inst/stage_gaussian_U0/grp_stage_gaussian_Pipeline_GAUSSIAN_OUT_VITIS_LOOP_161_1_fu_186/add_36s_36s_36_1_1_U1213/dout/DSP_C_DATA.C_DATA<16>
                         DSP_ALU (Prop_DSP_ALU_C_DATA[16]_ALU_OUT[21])
                                                      0.744     2.866 f  bd_0_i/hls_inst/inst/stage_gaussian_U0/grp_stage_gaussian_Pipeline_GAUSSIAN_OUT_VITIS_LOOP_161_1_fu_186/add_36s_36s_36_1_1_U1213/dout/DSP_ALU_INST/ALU_OUT[21]
                         net (fo=1, unplaced)         0.000     2.866    bd_0_i/hls_inst/inst/stage_gaussian_U0/grp_stage_gaussian_Pipeline_GAUSSIAN_OUT_VITIS_LOOP_161_1_fu_186/add_36s_36s_36_1_1_U1213/dout/DSP_ALU.ALU_OUT<21>
                         DSP_OUTPUT (Prop_DSP_OUTPUT_ALU_OUT[21]_P[21])
                                                      0.141     3.007 r  bd_0_i/hls_inst/inst/stage_gaussian_U0/grp_stage_gaussian_Pipeline_GAUSSIAN_OUT_VITIS_LOOP_161_1_fu_186/add_36s_36s_36_1_1_U1213/dout/DSP_OUTPUT_INST/P[21]
                         net (fo=1, unplaced)         0.268     3.275    bd_0_i/hls_inst/inst/stage_gaussian_U0/grp_stage_gaussian_Pipeline_GAUSSIAN_OUT_VITIS_LOOP_161_1_fu_186/add_20ns_20ns_20_1_1_U1215/dout/C[6]
                         DSP_C_DATA                                   r  bd_0_i/hls_inst/inst/stage_gaussian_U0/grp_stage_gaussian_Pipeline_GAUSSIAN_OUT_VITIS_LOOP_161_1_fu_186/add_20ns_20ns_20_1_1_U1215/dout/DSP_C_DATA_INST/C[6]
  -------------------------------------------------------------------    -------------------

                         (clock ap_clk rise edge)     4.000     4.000 r  
                                                      0.000     4.000 r  ap_clk (IN)
                         net (fo=68612, unset)        0.044     4.044    bd_0_i/hls_inst/inst/stage_gaussian_U0/grp_stage_gaussian_Pipeline_GAUSSIAN_OUT_VITIS_LOOP_161_1_fu_186/add_20ns_20ns_20_1_1_U1215/dout/CLK
                         DSP_C_DATA                                   r  bd_0_i/hls_inst/inst/stage_gaussian_U0/grp_stage_gaussian_Pipeline_GAUSSIAN_OUT_VITIS_LOOP_161_1_fu_186/add_20ns_20ns_20_1_1_U1215/dout/DSP_C_DATA_INST/CLK
                         clock pessimism              0.000     4.044    
                         clock uncertainty           -0.035     4.009    
                         DSP_C_DATA (Setup_DSP_C_DATA_CLK_C[6])
                                                     -0.226     3.783    bd_0_i/hls_inst/inst/stage_gaussian_U0/grp_stage_gaussian_Pipeline_GAUSSIAN_OUT_VITIS_LOOP_161_1_fu_186/add_20ns_20ns_20_1_1_U1215/dout/DSP_C_DATA_INST
  -------------------------------------------------------------------
                         required time                          3.783    
                         arrival time                          -3.275    
  -------------------------------------------------------------------
                         slack                                  0.508    

Slack (MET) :             0.508ns  (required time - arrival time)
  Source:                 bd_0_i/hls_inst/inst/stage_gaussian_U0/grp_stage_gaussian_Pipeline_GAUSSIAN_OUT_VITIS_LOOP_161_1_fu_186/add_20ns_20ns_20_1_1_U1215/dout/DSP_ALU_INST/CLK
                            (rising edge-triggered cell DSP_ALU clocked by ap_clk  {rise@0.000ns fall@2.000ns period=4.000ns})
  Destination:            bd_0_i/hls_inst/inst/stage_gaussian_U0/grp_stage_gaussian_Pipeline_GAUSSIAN_OUT_VITIS_LOOP_161_1_fu_186/add_20ns_20ns_20_1_1_U1218/dout/DSP_C_DATA_INST/C[6]
                            (rising edge-triggered cell DSP_C_DATA clocked by ap_clk  {rise@0.000ns fall@2.000ns period=4.000ns})
  Path Group:             ap_clk
  Path Type:              Setup (Max at Slow Process Corner)
  Requirement:            4.000ns  (ap_clk rise@4.000ns - ap_clk rise@0.000ns)
  Data Path Delay:        3.200ns  (logic 2.436ns (76.125%)  route 0.764ns (23.875%))
  Logic Levels:           5  (DSP_ALU=1 DSP_C_DATA=1 DSP_OUTPUT=2 LUT4=1)
  Clock Path Skew:        -0.031ns (DCD - SCD + CPR)
    Destination Clock Delay (DCD):    0.044ns = ( 4.044 - 4.000 ) 
    Source Clock Delay      (SCD):    0.075ns
    Clock Pessimism Removal (CPR):    0.000ns
  Clock Uncertainty:      0.035ns  ((TSJ^2 + TIJ^2)^1/2 + DJ) / 2 + PE
    Total System Jitter     (TSJ):    0.071ns
    Total Input Jitter      (TIJ):    0.000ns
    Discrete Jitter          (DJ):    0.000ns
    Phase Error              (PE):    0.000ns

    Location             Delay type                Incr(ns)  Path(ns)    Netlist Resource(s)
  -------------------------------------------------------------------    -------------------
                         (clock ap_clk rise edge)     0.000     0.000 r  
                                                      0.000     0.000 r  ap_clk (IN)
                         net (fo=68612, unset)        0.075     0.075    bd_0_i/hls_inst/inst/stage_gaussian_U0/grp_stage_gaussian_Pipeline_GAUSSIAN_OUT_VITIS_LOOP_161_1_fu_186/add_20ns_20ns_20_1_1_U1215/dout/CLK
                         DSP_ALU                                      r  bd_0_i/hls_inst/inst/stage_gaussian_U0/grp_stage_gaussian_Pipeline_GAUSSIAN_OUT_VITIS_LOOP_161_1_fu_186/add_20ns_20ns_20_1_1_U1215/dout/DSP_ALU_INST/CLK
  -------------------------------------------------------------------    -------------------
                         DSP_ALU (Prop_DSP_ALU_CLK_ALU_OUT[19])
                                                      1.140     1.215 f  bd_0_i/hls_inst/inst/stage_gaussian_U0/grp_stage_gaussian_Pipeline_GAUSSIAN_OUT_VITIS_LOOP_161_1_fu_186/add_20ns_20ns_20_1_1_U1215/dout/DSP_ALU_INST/ALU_OUT[19]
                         net (fo=1, unplaced)         0.000     1.215    bd_0_i/hls_inst/inst/stage_gaussian_U0/grp_stage_gaussian_Pipeline_GAUSSIAN_OUT_VITIS_LOOP_161_1_fu_186/add_20ns_20ns_20_1_1_U1215/dout/DSP_ALU.ALU_OUT<19>
                         DSP_OUTPUT (Prop_DSP_OUTPUT_ALU_OUT[19]_P[19])
                                                      0.141     1.356 r  bd_0_i/hls_inst/inst/stage_gaussian_U0/grp_stage_gaussian_Pipeline_GAUSSIAN_OUT_VITIS_LOOP_161_1_fu_186/add_20ns_20ns_20_1_1_U1215/dout/DSP_OUTPUT_INST/P[19]
                         net (fo=20, unplaced)        0.233     1.589    bd_0_i/hls_inst/inst/stage_gaussian_U0/grp_stage_gaussian_Pipeline_GAUSSIAN_OUT_VITIS_LOOP_161_1_fu_186/add_20ns_20ns_20_1_1_U1215/sum_11_fu_8991_p2[19]
                         LUT4 (Prop_LUT4_I1_O)        0.139     1.728 r  bd_0_i/hls_inst/inst/stage_gaussian_U0/grp_stage_gaussian_Pipeline_GAUSSIAN_OUT_VITIS_LOOP_161_1_fu_186/add_20ns_20ns_20_1_1_U1215/dout_i_19__17/O
                         net (fo=1, unplaced)         0.263     1.991    bd_0_i/hls_inst/inst/stage_gaussian_U0/grp_stage_gaussian_Pipeline_GAUSSIAN_OUT_VITIS_LOOP_161_1_fu_186/add_36s_36s_36_1_1_U1216/dout/C[16]
                         DSP_C_DATA (Prop_DSP_C_DATA_C[16]_C_DATA[16])
                                                      0.131     2.122 r  bd_0_i/hls_inst/inst/stage_gaussian_U0/grp_stage_gaussian_Pipeline_GAUSSIAN_OUT_VITIS_LOOP_161_1_fu_186/add_36s_36s_36_1_1_U1216/dout/DSP_C_DATA_INST/C_DATA[16]
                         net (fo=2, unplaced)         0.000     2.122    bd_0_i/hls_inst/inst/stage_gaussian_U0/grp_stage_gaussian_Pipeline_GAUSSIAN_OUT_VITIS_LOOP_161_1_fu_186/add_36s_36s_36_1_1_U1216/dout/DSP_C_DATA.C_DATA<16>
                         DSP_ALU (Prop_DSP_ALU_C_DATA[16]_ALU_OUT[21])
                                                      0.744     2.866 f  bd_0_i/hls_inst/inst/stage_gaussian_U0/grp_stage_gaussian_Pipeline_GAUSSIAN_OUT_VITIS_LOOP_161_1_fu_186/add_36s_36s_36_1_1_U1216/dout/DSP_ALU_INST/ALU_OUT[21]
                         net (fo=1, unplaced)         0.000     2.866    bd_0_i/hls_inst/inst/stage_gaussian_U0/grp_stage_gaussian_Pipeline_GAUSSIAN_OUT_VITIS_LOOP_161_1_fu_186/add_36s_36s_36_1_1_U1216/dout/DSP_ALU.ALU_OUT<21>
                         DSP_OUTPUT (Prop_DSP_OUTPUT_ALU_OUT[21]_P[21])
                                                      0.141     3.007 r  bd_0_i/hls_inst/inst/stage_gaussian_U0/grp_stage_gaussian_Pipeline_GAUSSIAN_OUT_VITIS_LOOP_161_1_fu_186/add_36s_36s_36_1_1_U1216/dout/DSP_OUTPUT_INST/P[21]
                         net (fo=1, unplaced)         0.268     3.275    bd_0_i/hls_inst/inst/stage_gaussian_U0/grp_stage_gaussian_Pipeline_GAUSSIAN_OUT_VITIS_LOOP_161_1_fu_186/add_20ns_20ns_20_1_1_U1218/dout/C[6]
                         DSP_C_DATA                                   r  bd_0_i/hls_inst/inst/stage_gaussian_U0/grp_stage_gaussian_Pipeline_GAUSSIAN_OUT_VITIS_LOOP_161_1_fu_186/add_20ns_20ns_20_1_1_U1218/dout/DSP_C_DATA_INST/C[6]
  -------------------------------------------------------------------    -------------------

                         (clock ap_clk rise edge)     4.000     4.000 r  
                                                      0.000     4.000 r  ap_clk (IN)
                         net (fo=68612, unset)        0.044     4.044    bd_0_i/hls_inst/inst/stage_gaussian_U0/grp_stage_gaussian_Pipeline_GAUSSIAN_OUT_VITIS_LOOP_161_1_fu_186/add_20ns_20ns_20_1_1_U1218/dout/CLK
                         DSP_C_DATA                                   r  bd_0_i/hls_inst/inst/stage_gaussian_U0/grp_stage_gaussian_Pipeline_GAUSSIAN_OUT_VITIS_LOOP_161_1_fu_186/add_20ns_20ns_20_1_1_U1218/dout/DSP_C_DATA_INST/CLK
                         clock pessimism              0.000     4.044    
                         clock uncertainty           -0.035     4.009    
                         DSP_C_DATA (Setup_DSP_C_DATA_CLK_C[6])
                                                     -0.226     3.783    bd_0_i/hls_inst/inst/stage_gaussian_U0/grp_stage_gaussian_Pipeline_GAUSSIAN_OUT_VITIS_LOOP_161_1_fu_186/add_20ns_20ns_20_1_1_U1218/dout/DSP_C_DATA_INST
  -------------------------------------------------------------------
                         required time                          3.783    
                         arrival time                          -3.275    
  -------------------------------------------------------------------
                         slack                                  0.508    

Slack (MET) :             0.508ns  (required time - arrival time)
  Source:                 bd_0_i/hls_inst/inst/stage_gaussian_U0/grp_stage_gaussian_Pipeline_GAUSSIAN_OUT_VITIS_LOOP_161_1_fu_186/add_20ns_20ns_20_1_1_U1218/dout/DSP_ALU_INST/CLK
                            (rising edge-triggered cell DSP_ALU clocked by ap_clk  {rise@0.000ns fall@2.000ns period=4.000ns})
  Destination:            bd_0_i/hls_inst/inst/stage_gaussian_U0/grp_stage_gaussian_Pipeline_GAUSSIAN_OUT_VITIS_LOOP_161_1_fu_186/add_20ns_20ns_20_1_1_U1221/dout/DSP_C_DATA_INST/C[6]
                            (rising edge-triggered cell DSP_C_DATA clocked by ap_clk  {rise@0.000ns fall@2.000ns period=4.000ns})
  Path Group:             ap_clk
  Path Type:              Setup (Max at Slow Process Corner)
  Requirement:            4.000ns  (ap_clk rise@4.000ns - ap_clk rise@0.000ns)
  Data Path Delay:        3.200ns  (logic 2.436ns (76.125%)  route 0.764ns (23.875%))
  Logic Levels:           5  (DSP_ALU=1 DSP_C_DATA=1 DSP_OUTPUT=2 LUT4=1)
  Clock Path Skew:        -0.031ns (DCD - SCD + CPR)
    Destination Clock Delay (DCD):    0.044ns = ( 4.044 - 4.000 ) 
    Source Clock Delay      (SCD):    0.075ns
    Clock Pessimism Removal (CPR):    0.000ns
  Clock Uncertainty:      0.035ns  ((TSJ^2 + TIJ^2)^1/2 + DJ) / 2 + PE
    Total System Jitter     (TSJ):    0.071ns
    Total Input Jitter      (TIJ):    0.000ns
    Discrete Jitter          (DJ):    0.000ns
    Phase Error              (PE):    0.000ns

    Location             Delay type                Incr(ns)  Path(ns)    Netlist Resource(s)
  -------------------------------------------------------------------    -------------------
                         (clock ap_clk rise edge)     0.000     0.000 r  
                                                      0.000     0.000 r  ap_clk (IN)
                         net (fo=68612, unset)        0.075     0.075    bd_0_i/hls_inst/inst/stage_gaussian_U0/grp_stage_gaussian_Pipeline_GAUSSIAN_OUT_VITIS_LOOP_161_1_fu_186/add_20ns_20ns_20_1_1_U1218/dout/CLK
                         DSP_ALU                                      r  bd_0_i/hls_inst/inst/stage_gaussian_U0/grp_stage_gaussian_Pipeline_GAUSSIAN_OUT_VITIS_LOOP_161_1_fu_186/add_20ns_20ns_20_1_1_U1218/dout/DSP_ALU_INST/CLK
  -------------------------------------------------------------------    -------------------
                         DSP_ALU (Prop_DSP_ALU_CLK_ALU_OUT[19])
                                                      1.140     1.215 f  bd_0_i/hls_inst/inst/stage_gaussian_U0/grp_stage_gaussian_Pipeline_GAUSSIAN_OUT_VITIS_LOOP_161_1_fu_186/add_20ns_20ns_20_1_1_U1218/dout/DSP_ALU_INST/ALU_OUT[19]
                         net (fo=1, unplaced)         0.000     1.215    bd_0_i/hls_inst/inst/stage_gaussian_U0/grp_stage_gaussian_Pipeline_GAUSSIAN_OUT_VITIS_LOOP_161_1_fu_186/add_20ns_20ns_20_1_1_U1218/dout/DSP_ALU.ALU_OUT<19>
                         DSP_OUTPUT (Prop_DSP_OUTPUT_ALU_OUT[19]_P[19])
                                                      0.141     1.356 r  bd_0_i/hls_inst/inst/stage_gaussian_U0/grp_stage_gaussian_Pipeline_GAUSSIAN_OUT_VITIS_LOOP_161_1_fu_186/add_20ns_20ns_20_1_1_U1218/dout/DSP_OUTPUT_INST/P[19]
                         net (fo=20, unplaced)        0.233     1.589    bd_0_i/hls_inst/inst/stage_gaussian_U0/grp_stage_gaussian_Pipeline_GAUSSIAN_OUT_VITIS_LOOP_161_1_fu_186/add_20ns_20ns_20_1_1_U1218/sum_13_fu_9156_p2[19]
                         LUT4 (Prop_LUT4_I1_O)        0.139     1.728 r  bd_0_i/hls_inst/inst/stage_gaussian_U0/grp_stage_gaussian_Pipeline_GAUSSIAN_OUT_VITIS_LOOP_161_1_fu_186/add_20ns_20ns_20_1_1_U1218/dout_i_19__16/O
                         net (fo=1, unplaced)         0.263     1.991    bd_0_i/hls_inst/inst/stage_gaussian_U0/grp_stage_gaussian_Pipeline_GAUSSIAN_OUT_VITIS_LOOP_161_1_fu_186/add_36s_36s_36_1_1_U1219/dout/C[16]
                         DSP_C_DATA (Prop_DSP_C_DATA_C[16]_C_DATA[16])
                                                      0.131     2.122 r  bd_0_i/hls_inst/inst/stage_gaussian_U0/grp_stage_gaussian_Pipeline_GAUSSIAN_OUT_VITIS_LOOP_161_1_fu_186/add_36s_36s_36_1_1_U1219/dout/DSP_C_DATA_INST/C_DATA[16]
                         net (fo=2, unplaced)         0.000     2.122    bd_0_i/hls_inst/inst/stage_gaussian_U0/grp_stage_gaussian_Pipeline_GAUSSIAN_OUT_VITIS_LOOP_161_1_fu_186/add_36s_36s_36_1_1_U1219/dout/DSP_C_DATA.C_DATA<16>
                         DSP_ALU (Prop_DSP_ALU_C_DATA[16]_ALU_OUT[21])
                                                      0.744     2.866 f  bd_0_i/hls_inst/inst/stage_gaussian_U0/grp_stage_gaussian_Pipeline_GAUSSIAN_OUT_VITIS_LOOP_161_1_fu_186/add_36s_36s_36_1_1_U1219/dout/DSP_ALU_INST/ALU_OUT[21]
                         net (fo=1, unplaced)         0.000     2.866    bd_0_i/hls_inst/inst/stage_gaussian_U0/grp_stage_gaussian_Pipeline_GAUSSIAN_OUT_VITIS_LOOP_161_1_fu_186/add_36s_36s_36_1_1_U1219/dout/DSP_ALU.ALU_OUT<21>
                         DSP_OUTPUT (Prop_DSP_OUTPUT_ALU_OUT[21]_P[21])
                                                      0.141     3.007 r  bd_0_i/hls_inst/inst/stage_gaussian_U0/grp_stage_gaussian_Pipeline_GAUSSIAN_OUT_VITIS_LOOP_161_1_fu_186/add_36s_36s_36_1_1_U1219/dout/DSP_OUTPUT_INST/P[21]
                         net (fo=1, unplaced)         0.268     3.275    bd_0_i/hls_inst/inst/stage_gaussian_U0/grp_stage_gaussian_Pipeline_GAUSSIAN_OUT_VITIS_LOOP_161_1_fu_186/add_20ns_20ns_20_1_1_U1221/dout/C[6]
                         DSP_C_DATA                                   r  bd_0_i/hls_inst/inst/stage_gaussian_U0/grp_stage_gaussian_Pipeline_GAUSSIAN_OUT_VITIS_LOOP_161_1_fu_186/add_20ns_20ns_20_1_1_U1221/dout/DSP_C_DATA_INST/C[6]
  -------------------------------------------------------------------    -------------------

                         (clock ap_clk rise edge)     4.000     4.000 r  
                                                      0.000     4.000 r  ap_clk (IN)
                         net (fo=68612, unset)        0.044     4.044    bd_0_i/hls_inst/inst/stage_gaussian_U0/grp_stage_gaussian_Pipeline_GAUSSIAN_OUT_VITIS_LOOP_161_1_fu_186/add_20ns_20ns_20_1_1_U1221/dout/CLK
                         DSP_C_DATA                                   r  bd_0_i/hls_inst/inst/stage_gaussian_U0/grp_stage_gaussian_Pipeline_GAUSSIAN_OUT_VITIS_LOOP_161_1_fu_186/add_20ns_20ns_20_1_1_U1221/dout/DSP_C_DATA_INST/CLK
                         clock pessimism              0.000     4.044    
                         clock uncertainty           -0.035     4.009    
                         DSP_C_DATA (Setup_DSP_C_DATA_CLK_C[6])
                                                     -0.226     3.783    bd_0_i/hls_inst/inst/stage_gaussian_U0/grp_stage_gaussian_Pipeline_GAUSSIAN_OUT_VITIS_LOOP_161_1_fu_186/add_20ns_20ns_20_1_1_U1221/dout/DSP_C_DATA_INST
  -------------------------------------------------------------------
                         required time                          3.783    
                         arrival time                          -3.275    
  -------------------------------------------------------------------
                         slack                                  0.508    

Slack (MET) :             0.508ns  (required time - arrival time)
  Source:                 bd_0_i/hls_inst/inst/stage_gaussian_U0/grp_stage_gaussian_Pipeline_GAUSSIAN_OUT_VITIS_LOOP_161_1_fu_186/add_20ns_20ns_20_1_1_U1221/dout/DSP_ALU_INST/CLK
                            (rising edge-triggered cell DSP_ALU clocked by ap_clk  {rise@0.000ns fall@2.000ns period=4.000ns})
  Destination:            bd_0_i/hls_inst/inst/stage_gaussian_U0/grp_stage_gaussian_Pipeline_GAUSSIAN_OUT_VITIS_LOOP_161_1_fu_186/add_20ns_20ns_20_1_1_U1224/dout/DSP_C_DATA_INST/C[6]
                            (rising edge-triggered cell DSP_C_DATA clocked by ap_clk  {rise@0.000ns fall@2.000ns period=4.000ns})
  Path Group:             ap_clk
  Path Type:              Setup (Max at Slow Process Corner)
  Requirement:            4.000ns  (ap_clk rise@4.000ns - ap_clk rise@0.000ns)
  Data Path Delay:        3.200ns  (logic 2.436ns (76.125%)  route 0.764ns (23.875%))
  Logic Levels:           5  (DSP_ALU=1 DSP_C_DATA=1 DSP_OUTPUT=2 LUT4=1)
  Clock Path Skew:        -0.031ns (DCD - SCD + CPR)
    Destination Clock Delay (DCD):    0.044ns = ( 4.044 - 4.000 ) 
    Source Clock Delay      (SCD):    0.075ns
    Clock Pessimism Removal (CPR):    0.000ns
  Clock Uncertainty:      0.035ns  ((TSJ^2 + TIJ^2)^1/2 + DJ) / 2 + PE
    Total System Jitter     (TSJ):    0.071ns
    Total Input Jitter      (TIJ):    0.000ns
    Discrete Jitter          (DJ):    0.000ns
    Phase Error              (PE):    0.000ns

    Location             Delay type                Incr(ns)  Path(ns)    Netlist Resource(s)
  -------------------------------------------------------------------    -------------------
                         (clock ap_clk rise edge)     0.000     0.000 r  
                                                      0.000     0.000 r  ap_clk (IN)
                         net (fo=68612, unset)        0.075     0.075    bd_0_i/hls_inst/inst/stage_gaussian_U0/grp_stage_gaussian_Pipeline_GAUSSIAN_OUT_VITIS_LOOP_161_1_fu_186/add_20ns_20ns_20_1_1_U1221/dout/CLK
                         DSP_ALU                                      r  bd_0_i/hls_inst/inst/stage_gaussian_U0/grp_stage_gaussian_Pipeline_GAUSSIAN_OUT_VITIS_LOOP_161_1_fu_186/add_20ns_20ns_20_1_1_U1221/dout/DSP_ALU_INST/CLK
  -------------------------------------------------------------------    -------------------
                         DSP_ALU (Prop_DSP_ALU_CLK_ALU_OUT[19])
                                                      1.140     1.215 f  bd_0_i/hls_inst/inst/stage_gaussian_U0/grp_stage_gaussian_Pipeline_GAUSSIAN_OUT_VITIS_LOOP_161_1_fu_186/add_20ns_20ns_20_1_1_U1221/dout/DSP_ALU_INST/ALU_OUT[19]
                         net (fo=1, unplaced)         0.000     1.215    bd_0_i/hls_inst/inst/stage_gaussian_U0/grp_stage_gaussian_Pipeline_GAUSSIAN_OUT_VITIS_LOOP_161_1_fu_186/add_20ns_20ns_20_1_1_U1221/dout/DSP_ALU.ALU_OUT<19>
                         DSP_OUTPUT (Prop_DSP_OUTPUT_ALU_OUT[19]_P[19])
                                                      0.141     1.356 r  bd_0_i/hls_inst/inst/stage_gaussian_U0/grp_stage_gaussian_Pipeline_GAUSSIAN_OUT_VITIS_LOOP_161_1_fu_186/add_20ns_20ns_20_1_1_U1221/dout/DSP_OUTPUT_INST/P[19]
                         net (fo=20, unplaced)        0.233     1.589    bd_0_i/hls_inst/inst/stage_gaussian_U0/grp_stage_gaussian_Pipeline_GAUSSIAN_OUT_VITIS_LOOP_161_1_fu_186/add_20ns_20ns_20_1_1_U1221/sum_15_fu_9321_p2[19]
                         LUT4 (Prop_LUT4_I1_O)        0.139     1.728 r  bd_0_i/hls_inst/inst/stage_gaussian_U0/grp_stage_gaussian_Pipeline_GAUSSIAN_OUT_VITIS_LOOP_161_1_fu_186/add_20ns_20ns_20_1_1_U1221/dout_i_19__15/O
                         net (fo=1, unplaced)         0.263     1.991    bd_0_i/hls_inst/inst/stage_gaussian_U0/grp_stage_gaussian_Pipeline_GAUSSIAN_OUT_VITIS_LOOP_161_1_fu_186/add_36s_36s_36_1_1_U1222/dout/C[16]
                         DSP_C_DATA (Prop_DSP_C_DATA_C[16]_C_DATA[16])
                                                      0.131     2.122 r  bd_0_i/hls_inst/inst/stage_gaussian_U0/grp_stage_gaussian_Pipeline_GAUSSIAN_OUT_VITIS_LOOP_161_1_fu_186/add_36s_36s_36_1_1_U1222/dout/DSP_C_DATA_INST/C_DATA[16]
                         net (fo=2, unplaced)         0.000     2.122    bd_0_i/hls_inst/inst/stage_gaussian_U0/grp_stage_gaussian_Pipeline_GAUSSIAN_OUT_VITIS_LOOP_161_1_fu_186/add_36s_36s_36_1_1_U1222/dout/DSP_C_DATA.C_DATA<16>
                         DSP_ALU (Prop_DSP_ALU_C_DATA[16]_ALU_OUT[21])
                                                      0.744     2.866 f  bd_0_i/hls_inst/inst/stage_gaussian_U0/grp_stage_gaussian_Pipeline_GAUSSIAN_OUT_VITIS_LOOP_161_1_fu_186/add_36s_36s_36_1_1_U1222/dout/DSP_ALU_INST/ALU_OUT[21]
                         net (fo=1, unplaced)         0.000     2.866    bd_0_i/hls_inst/inst/stage_gaussian_U0/grp_stage_gaussian_Pipeline_GAUSSIAN_OUT_VITIS_LOOP_161_1_fu_186/add_36s_36s_36_1_1_U1222/dout/DSP_ALU.ALU_OUT<21>
                         DSP_OUTPUT (Prop_DSP_OUTPUT_ALU_OUT[21]_P[21])
                                                      0.141     3.007 r  bd_0_i/hls_inst/inst/stage_gaussian_U0/grp_stage_gaussian_Pipeline_GAUSSIAN_OUT_VITIS_LOOP_161_1_fu_186/add_36s_36s_36_1_1_U1222/dout/DSP_OUTPUT_INST/P[21]
                         net (fo=1, unplaced)         0.268     3.275    bd_0_i/hls_inst/inst/stage_gaussian_U0/grp_stage_gaussian_Pipeline_GAUSSIAN_OUT_VITIS_LOOP_161_1_fu_186/add_20ns_20ns_20_1_1_U1224/dout/C[6]
                         DSP_C_DATA                                   r  bd_0_i/hls_inst/inst/stage_gaussian_U0/grp_stage_gaussian_Pipeline_GAUSSIAN_OUT_VITIS_LOOP_161_1_fu_186/add_20ns_20ns_20_1_1_U1224/dout/DSP_C_DATA_INST/C[6]
  -------------------------------------------------------------------    -------------------

                         (clock ap_clk rise edge)     4.000     4.000 r  
                                                      0.000     4.000 r  ap_clk (IN)
                         net (fo=68612, unset)        0.044     4.044    bd_0_i/hls_inst/inst/stage_gaussian_U0/grp_stage_gaussian_Pipeline_GAUSSIAN_OUT_VITIS_LOOP_161_1_fu_186/add_20ns_20ns_20_1_1_U1224/dout/CLK
                         DSP_C_DATA                                   r  bd_0_i/hls_inst/inst/stage_gaussian_U0/grp_stage_gaussian_Pipeline_GAUSSIAN_OUT_VITIS_LOOP_161_1_fu_186/add_20ns_20ns_20_1_1_U1224/dout/DSP_C_DATA_INST/CLK
                         clock pessimism              0.000     4.044    
                         clock uncertainty           -0.035     4.009    
                         DSP_C_DATA (Setup_DSP_C_DATA_CLK_C[6])
                                                     -0.226     3.783    bd_0_i/hls_inst/inst/stage_gaussian_U0/grp_stage_gaussian_Pipeline_GAUSSIAN_OUT_VITIS_LOOP_161_1_fu_186/add_20ns_20ns_20_1_1_U1224/dout/DSP_C_DATA_INST
  -------------------------------------------------------------------
                         required time                          3.783    
                         arrival time                          -3.275    
  -------------------------------------------------------------------
                         slack                                  0.508    

Slack (MET) :             0.508ns  (required time - arrival time)
  Source:                 bd_0_i/hls_inst/inst/stage_gaussian_U0/grp_stage_gaussian_Pipeline_GAUSSIAN_OUT_VITIS_LOOP_161_1_fu_186/add_20ns_20ns_20_1_1_U1224/dout/DSP_ALU_INST/CLK
                            (rising edge-triggered cell DSP_ALU clocked by ap_clk  {rise@0.000ns fall@2.000ns period=4.000ns})
  Destination:            bd_0_i/hls_inst/inst/stage_gaussian_U0/grp_stage_gaussian_Pipeline_GAUSSIAN_OUT_VITIS_LOOP_161_1_fu_186/add_20ns_20ns_20_1_1_U1227/dout/DSP_C_DATA_INST/C[6]
                            (rising edge-triggered cell DSP_C_DATA clocked by ap_clk  {rise@0.000ns fall@2.000ns period=4.000ns})
  Path Group:             ap_clk
  Path Type:              Setup (Max at Slow Process Corner)
  Requirement:            4.000ns  (ap_clk rise@4.000ns - ap_clk rise@0.000ns)
  Data Path Delay:        3.200ns  (logic 2.436ns (76.125%)  route 0.764ns (23.875%))
  Logic Levels:           5  (DSP_ALU=1 DSP_C_DATA=1 DSP_OUTPUT=2 LUT4=1)
  Clock Path Skew:        -0.031ns (DCD - SCD + CPR)
    Destination Clock Delay (DCD):    0.044ns = ( 4.044 - 4.000 ) 
    Source Clock Delay      (SCD):    0.075ns
    Clock Pessimism Removal (CPR):    0.000ns
  Clock Uncertainty:      0.035ns  ((TSJ^2 + TIJ^2)^1/2 + DJ) / 2 + PE
    Total System Jitter     (TSJ):    0.071ns
    Total Input Jitter      (TIJ):    0.000ns
    Discrete Jitter          (DJ):    0.000ns
    Phase Error              (PE):    0.000ns

    Location             Delay type                Incr(ns)  Path(ns)    Netlist Resource(s)
  -------------------------------------------------------------------    -------------------
                         (clock ap_clk rise edge)     0.000     0.000 r  
                                                      0.000     0.000 r  ap_clk (IN)
                         net (fo=68612, unset)        0.075     0.075    bd_0_i/hls_inst/inst/stage_gaussian_U0/grp_stage_gaussian_Pipeline_GAUSSIAN_OUT_VITIS_LOOP_161_1_fu_186/add_20ns_20ns_20_1_1_U1224/dout/CLK
                         DSP_ALU                                      r  bd_0_i/hls_inst/inst/stage_gaussian_U0/grp_stage_gaussian_Pipeline_GAUSSIAN_OUT_VITIS_LOOP_161_1_fu_186/add_20ns_20ns_20_1_1_U1224/dout/DSP_ALU_INST/CLK
  -------------------------------------------------------------------    -------------------
                         DSP_ALU (Prop_DSP_ALU_CLK_ALU_OUT[19])
                                                      1.140     1.215 f  bd_0_i/hls_inst/inst/stage_gaussian_U0/grp_stage_gaussian_Pipeline_GAUSSIAN_OUT_VITIS_LOOP_161_1_fu_186/add_20ns_20ns_20_1_1_U1224/dout/DSP_ALU_INST/ALU_OUT[19]
                         net (fo=1, unplaced)         0.000     1.215    bd_0_i/hls_inst/inst/stage_gaussian_U0/grp_stage_gaussian_Pipeline_GAUSSIAN_OUT_VITIS_LOOP_161_1_fu_186/add_20ns_20ns_20_1_1_U1224/dout/DSP_ALU.ALU_OUT<19>
                         DSP_OUTPUT (Prop_DSP_OUTPUT_ALU_OUT[19]_P[19])
                                                      0.141     1.356 r  bd_0_i/hls_inst/inst/stage_gaussian_U0/grp_stage_gaussian_Pipeline_GAUSSIAN_OUT_VITIS_LOOP_161_1_fu_186/add_20ns_20ns_20_1_1_U1224/dout/DSP_OUTPUT_INST/P[19]
                         net (fo=20, unplaced)        0.233     1.589    bd_0_i/hls_inst/inst/stage_gaussian_U0/grp_stage_gaussian_Pipeline_GAUSSIAN_OUT_VITIS_LOOP_161_1_fu_186/add_20ns_20ns_20_1_1_U1224/sum_17_fu_9486_p2[19]
                         LUT4 (Prop_LUT4_I1_O)        0.139     1.728 r  bd_0_i/hls_inst/inst/stage_gaussian_U0/grp_stage_gaussian_Pipeline_GAUSSIAN_OUT_VITIS_LOOP_161_1_fu_186/add_20ns_20ns_20_1_1_U1224/dout_i_19__14/O
                         net (fo=1, unplaced)         0.263     1.991    bd_0_i/hls_inst/inst/stage_gaussian_U0/grp_stage_gaussian_Pipeline_GAUSSIAN_OUT_VITIS_LOOP_161_1_fu_186/add_36s_36s_36_1_1_U1225/dout/C[16]
                         DSP_C_DATA (Prop_DSP_C_DATA_C[16]_C_DATA[16])
                                                      0.131     2.122 r  bd_0_i/hls_inst/inst/stage_gaussian_U0/grp_stage_gaussian_Pipeline_GAUSSIAN_OUT_VITIS_LOOP_161_1_fu_186/add_36s_36s_36_1_1_U1225/dout/DSP_C_DATA_INST/C_DATA[16]
                         net (fo=2, unplaced)         0.000     2.122    bd_0_i/hls_inst/inst/stage_gaussian_U0/grp_stage_gaussian_Pipeline_GAUSSIAN_OUT_VITIS_LOOP_161_1_fu_186/add_36s_36s_36_1_1_U1225/dout/DSP_C_DATA.C_DATA<16>
                         DSP_ALU (Prop_DSP_ALU_C_DATA[16]_ALU_OUT[21])
                                                      0.744     2.866 f  bd_0_i/hls_inst/inst/stage_gaussian_U0/grp_stage_gaussian_Pipeline_GAUSSIAN_OUT_VITIS_LOOP_161_1_fu_186/add_36s_36s_36_1_1_U1225/dout/DSP_ALU_INST/ALU_OUT[21]
                         net (fo=1, unplaced)         0.000     2.866    bd_0_i/hls_inst/inst/stage_gaussian_U0/grp_stage_gaussian_Pipeline_GAUSSIAN_OUT_VITIS_LOOP_161_1_fu_186/add_36s_36s_36_1_1_U1225/dout/DSP_ALU.ALU_OUT<21>
                         DSP_OUTPUT (Prop_DSP_OUTPUT_ALU_OUT[21]_P[21])
                                                      0.141     3.007 r  bd_0_i/hls_inst/inst/stage_gaussian_U0/grp_stage_gaussian_Pipeline_GAUSSIAN_OUT_VITIS_LOOP_161_1_fu_186/add_36s_36s_36_1_1_U1225/dout/DSP_OUTPUT_INST/P[21]
                         net (fo=1, unplaced)         0.268     3.275    bd_0_i/hls_inst/inst/stage_gaussian_U0/grp_stage_gaussian_Pipeline_GAUSSIAN_OUT_VITIS_LOOP_161_1_fu_186/add_20ns_20ns_20_1_1_U1227/dout/C[6]
                         DSP_C_DATA                                   r  bd_0_i/hls_inst/inst/stage_gaussian_U0/grp_stage_gaussian_Pipeline_GAUSSIAN_OUT_VITIS_LOOP_161_1_fu_186/add_20ns_20ns_20_1_1_U1227/dout/DSP_C_DATA_INST/C[6]
  -------------------------------------------------------------------    -------------------

                         (clock ap_clk rise edge)     4.000     4.000 r  
                                                      0.000     4.000 r  ap_clk (IN)
                         net (fo=68612, unset)        0.044     4.044    bd_0_i/hls_inst/inst/stage_gaussian_U0/grp_stage_gaussian_Pipeline_GAUSSIAN_OUT_VITIS_LOOP_161_1_fu_186/add_20ns_20ns_20_1_1_U1227/dout/CLK
                         DSP_C_DATA                                   r  bd_0_i/hls_inst/inst/stage_gaussian_U0/grp_stage_gaussian_Pipeline_GAUSSIAN_OUT_VITIS_LOOP_161_1_fu_186/add_20ns_20ns_20_1_1_U1227/dout/DSP_C_DATA_INST/CLK
                         clock pessimism              0.000     4.044    
                         clock uncertainty           -0.035     4.009    
                         DSP_C_DATA (Setup_DSP_C_DATA_CLK_C[6])
                                                     -0.226     3.783    bd_0_i/hls_inst/inst/stage_gaussian_U0/grp_stage_gaussian_Pipeline_GAUSSIAN_OUT_VITIS_LOOP_161_1_fu_186/add_20ns_20ns_20_1_1_U1227/dout/DSP_C_DATA_INST
  -------------------------------------------------------------------
                         required time                          3.783    
                         arrival time                          -3.275    
  -------------------------------------------------------------------
                         slack                                  0.508    

Slack (MET) :             0.508ns  (required time - arrival time)
  Source:                 bd_0_i/hls_inst/inst/stage_gaussian_U0/grp_stage_gaussian_Pipeline_GAUSSIAN_OUT_VITIS_LOOP_161_1_fu_186/add_20ns_20ns_20_1_1_U1227/dout/DSP_ALU_INST/CLK
                            (rising edge-triggered cell DSP_ALU clocked by ap_clk  {rise@0.000ns fall@2.000ns period=4.000ns})
  Destination:            bd_0_i/hls_inst/inst/stage_gaussian_U0/grp_stage_gaussian_Pipeline_GAUSSIAN_OUT_VITIS_LOOP_161_1_fu_186/add_20ns_20ns_20_1_1_U1230/dout/DSP_C_DATA_INST/C[6]
                            (rising edge-triggered cell DSP_C_DATA clocked by ap_clk  {rise@0.000ns fall@2.000ns period=4.000ns})
  Path Group:             ap_clk
  Path Type:              Setup (Max at Slow Process Corner)
  Requirement:            4.000ns  (ap_clk rise@4.000ns - ap_clk rise@0.000ns)
  Data Path Delay:        3.200ns  (logic 2.436ns (76.125%)  route 0.764ns (23.875%))
  Logic Levels:           5  (DSP_ALU=1 DSP_C_DATA=1 DSP_OUTPUT=2 LUT4=1)
  Clock Path Skew:        -0.031ns (DCD - SCD + CPR)
    Destination Clock Delay (DCD):    0.044ns = ( 4.044 - 4.000 ) 
    Source Clock Delay      (SCD):    0.075ns
    Clock Pessimism Removal (CPR):    0.000ns
  Clock Uncertainty:      0.035ns  ((TSJ^2 + TIJ^2)^1/2 + DJ) / 2 + PE
    Total System Jitter     (TSJ):    0.071ns
    Total Input Jitter      (TIJ):    0.000ns
    Discrete Jitter          (DJ):    0.000ns
    Phase Error              (PE):    0.000ns

    Location             Delay type                Incr(ns)  Path(ns)    Netlist Resource(s)
  -------------------------------------------------------------------    -------------------
                         (clock ap_clk rise edge)     0.000     0.000 r  
                                                      0.000     0.000 r  ap_clk (IN)
                         net (fo=68612, unset)        0.075     0.075    bd_0_i/hls_inst/inst/stage_gaussian_U0/grp_stage_gaussian_Pipeline_GAUSSIAN_OUT_VITIS_LOOP_161_1_fu_186/add_20ns_20ns_20_1_1_U1227/dout/CLK
                         DSP_ALU                                      r  bd_0_i/hls_inst/inst/stage_gaussian_U0/grp_stage_gaussian_Pipeline_GAUSSIAN_OUT_VITIS_LOOP_161_1_fu_186/add_20ns_20ns_20_1_1_U1227/dout/DSP_ALU_INST/CLK
  -------------------------------------------------------------------    -------------------
                         DSP_ALU (Prop_DSP_ALU_CLK_ALU_OUT[19])
                                                      1.140     1.215 f  bd_0_i/hls_inst/inst/stage_gaussian_U0/grp_stage_gaussian_Pipeline_GAUSSIAN_OUT_VITIS_LOOP_161_1_fu_186/add_20ns_20ns_20_1_1_U1227/dout/DSP_ALU_INST/ALU_OUT[19]
                         net (fo=1, unplaced)         0.000     1.215    bd_0_i/hls_inst/inst/stage_gaussian_U0/grp_stage_gaussian_Pipeline_GAUSSIAN_OUT_VITIS_LOOP_161_1_fu_186/add_20ns_20ns_20_1_1_U1227/dout/DSP_ALU.ALU_OUT<19>
                         DSP_OUTPUT (Prop_DSP_OUTPUT_ALU_OUT[19]_P[19])
                                                      0.141     1.356 r  bd_0_i/hls_inst/inst/stage_gaussian_U0/grp_stage_gaussian_Pipeline_GAUSSIAN_OUT_VITIS_LOOP_161_1_fu_186/add_20ns_20ns_20_1_1_U1227/dout/DSP_OUTPUT_INST/P[19]
                         net (fo=20, unplaced)        0.233     1.589    bd_0_i/hls_inst/inst/stage_gaussian_U0/grp_stage_gaussian_Pipeline_GAUSSIAN_OUT_VITIS_LOOP_161_1_fu_186/add_20ns_20ns_20_1_1_U1227/sum_19_fu_9651_p2[19]
                         LUT4 (Prop_LUT4_I1_O)        0.139     1.728 r  bd_0_i/hls_inst/inst/stage_gaussian_U0/grp_stage_gaussian_Pipeline_GAUSSIAN_OUT_VITIS_LOOP_161_1_fu_186/add_20ns_20ns_20_1_1_U1227/dout_i_19__13/O
                         net (fo=1, unplaced)         0.263     1.991    bd_0_i/hls_inst/inst/stage_gaussian_U0/grp_stage_gaussian_Pipeline_GAUSSIAN_OUT_VITIS_LOOP_161_1_fu_186/add_36s_36s_36_1_1_U1228/dout/C[16]
                         DSP_C_DATA (Prop_DSP_C_DATA_C[16]_C_DATA[16])
                                                      0.131     2.122 r  bd_0_i/hls_inst/inst/stage_gaussian_U0/grp_stage_gaussian_Pipeline_GAUSSIAN_OUT_VITIS_LOOP_161_1_fu_186/add_36s_36s_36_1_1_U1228/dout/DSP_C_DATA_INST/C_DATA[16]
                         net (fo=2, unplaced)         0.000     2.122    bd_0_i/hls_inst/inst/stage_gaussian_U0/grp_stage_gaussian_Pipeline_GAUSSIAN_OUT_VITIS_LOOP_161_1_fu_186/add_36s_36s_36_1_1_U1228/dout/DSP_C_DATA.C_DATA<16>
                         DSP_ALU (Prop_DSP_ALU_C_DATA[16]_ALU_OUT[21])
                                                      0.744     2.866 f  bd_0_i/hls_inst/inst/stage_gaussian_U0/grp_stage_gaussian_Pipeline_GAUSSIAN_OUT_VITIS_LOOP_161_1_fu_186/add_36s_36s_36_1_1_U1228/dout/DSP_ALU_INST/ALU_OUT[21]
                         net (fo=1, unplaced)         0.000     2.866    bd_0_i/hls_inst/inst/stage_gaussian_U0/grp_stage_gaussian_Pipeline_GAUSSIAN_OUT_VITIS_LOOP_161_1_fu_186/add_36s_36s_36_1_1_U1228/dout/DSP_ALU.ALU_OUT<21>
                         DSP_OUTPUT (Prop_DSP_OUTPUT_ALU_OUT[21]_P[21])
                                                      0.141     3.007 r  bd_0_i/hls_inst/inst/stage_gaussian_U0/grp_stage_gaussian_Pipeline_GAUSSIAN_OUT_VITIS_LOOP_161_1_fu_186/add_36s_36s_36_1_1_U1228/dout/DSP_OUTPUT_INST/P[21]
                         net (fo=1, unplaced)         0.268     3.275    bd_0_i/hls_inst/inst/stage_gaussian_U0/grp_stage_gaussian_Pipeline_GAUSSIAN_OUT_VITIS_LOOP_161_1_fu_186/add_20ns_20ns_20_1_1_U1230/dout/C[6]
                         DSP_C_DATA                                   r  bd_0_i/hls_inst/inst/stage_gaussian_U0/grp_stage_gaussian_Pipeline_GAUSSIAN_OUT_VITIS_LOOP_161_1_fu_186/add_20ns_20ns_20_1_1_U1230/dout/DSP_C_DATA_INST/C[6]
  -------------------------------------------------------------------    -------------------

                         (clock ap_clk rise edge)     4.000     4.000 r  
                                                      0.000     4.000 r  ap_clk (IN)
                         net (fo=68612, unset)        0.044     4.044    bd_0_i/hls_inst/inst/stage_gaussian_U0/grp_stage_gaussian_Pipeline_GAUSSIAN_OUT_VITIS_LOOP_161_1_fu_186/add_20ns_20ns_20_1_1_U1230/dout/CLK
                         DSP_C_DATA                                   r  bd_0_i/hls_inst/inst/stage_gaussian_U0/grp_stage_gaussian_Pipeline_GAUSSIAN_OUT_VITIS_LOOP_161_1_fu_186/add_20ns_20ns_20_1_1_U1230/dout/DSP_C_DATA_INST/CLK
                         clock pessimism              0.000     4.044    
                         clock uncertainty           -0.035     4.009    
                         DSP_C_DATA (Setup_DSP_C_DATA_CLK_C[6])
                                                     -0.226     3.783    bd_0_i/hls_inst/inst/stage_gaussian_U0/grp_stage_gaussian_Pipeline_GAUSSIAN_OUT_VITIS_LOOP_161_1_fu_186/add_20ns_20ns_20_1_1_U1230/dout/DSP_C_DATA_INST
  -------------------------------------------------------------------
                         required time                          3.783    
                         arrival time                          -3.275    
  -------------------------------------------------------------------
                         slack                                  0.508    

Slack (MET) :             0.508ns  (required time - arrival time)
  Source:                 bd_0_i/hls_inst/inst/stage_gaussian_U0/grp_stage_gaussian_Pipeline_GAUSSIAN_OUT_VITIS_LOOP_161_1_fu_186/add_20ns_20ns_20_1_1_U1230/dout/DSP_ALU_INST/CLK
                            (rising edge-triggered cell DSP_ALU clocked by ap_clk  {rise@0.000ns fall@2.000ns period=4.000ns})
  Destination:            bd_0_i/hls_inst/inst/stage_gaussian_U0/grp_stage_gaussian_Pipeline_GAUSSIAN_OUT_VITIS_LOOP_161_1_fu_186/add_20ns_20ns_20_1_1_U1233/dout/DSP_C_DATA_INST/C[6]
                            (rising edge-triggered cell DSP_C_DATA clocked by ap_clk  {rise@0.000ns fall@2.000ns period=4.000ns})
  Path Group:             ap_clk
  Path Type:              Setup (Max at Slow Process Corner)
  Requirement:            4.000ns  (ap_clk rise@4.000ns - ap_clk rise@0.000ns)
  Data Path Delay:        3.200ns  (logic 2.436ns (76.125%)  route 0.764ns (23.875%))
  Logic Levels:           5  (DSP_ALU=1 DSP_C_DATA=1 DSP_OUTPUT=2 LUT4=1)
  Clock Path Skew:        -0.031ns (DCD - SCD + CPR)
    Destination Clock Delay (DCD):    0.044ns = ( 4.044 - 4.000 ) 
    Source Clock Delay      (SCD):    0.075ns
    Clock Pessimism Removal (CPR):    0.000ns
  Clock Uncertainty:      0.035ns  ((TSJ^2 + TIJ^2)^1/2 + DJ) / 2 + PE
    Total System Jitter     (TSJ):    0.071ns
    Total Input Jitter      (TIJ):    0.000ns
    Discrete Jitter          (DJ):    0.000ns
    Phase Error              (PE):    0.000ns

    Location             Delay type                Incr(ns)  Path(ns)    Netlist Resource(s)
  -------------------------------------------------------------------    -------------------
                         (clock ap_clk rise edge)     0.000     0.000 r  
                                                      0.000     0.000 r  ap_clk (IN)
                         net (fo=68612, unset)        0.075     0.075    bd_0_i/hls_inst/inst/stage_gaussian_U0/grp_stage_gaussian_Pipeline_GAUSSIAN_OUT_VITIS_LOOP_161_1_fu_186/add_20ns_20ns_20_1_1_U1230/dout/CLK
                         DSP_ALU                                      r  bd_0_i/hls_inst/inst/stage_gaussian_U0/grp_stage_gaussian_Pipeline_GAUSSIAN_OUT_VITIS_LOOP_161_1_fu_186/add_20ns_20ns_20_1_1_U1230/dout/DSP_ALU_INST/CLK
  -------------------------------------------------------------------    -------------------
                         DSP_ALU (Prop_DSP_ALU_CLK_ALU_OUT[19])
                                                      1.140     1.215 f  bd_0_i/hls_inst/inst/stage_gaussian_U0/grp_stage_gaussian_Pipeline_GAUSSIAN_OUT_VITIS_LOOP_161_1_fu_186/add_20ns_20ns_20_1_1_U1230/dout/DSP_ALU_INST/ALU_OUT[19]
                         net (fo=1, unplaced)         0.000     1.215    bd_0_i/hls_inst/inst/stage_gaussian_U0/grp_stage_gaussian_Pipeline_GAUSSIAN_OUT_VITIS_LOOP_161_1_fu_186/add_20ns_20ns_20_1_1_U1230/dout/DSP_ALU.ALU_OUT<19>
                         DSP_OUTPUT (Prop_DSP_OUTPUT_ALU_OUT[19]_P[19])
                                                      0.141     1.356 r  bd_0_i/hls_inst/inst/stage_gaussian_U0/grp_stage_gaussian_Pipeline_GAUSSIAN_OUT_VITIS_LOOP_161_1_fu_186/add_20ns_20ns_20_1_1_U1230/dout/DSP_OUTPUT_INST/P[19]
                         net (fo=20, unplaced)        0.233     1.589    bd_0_i/hls_inst/inst/stage_gaussian_U0/grp_stage_gaussian_Pipeline_GAUSSIAN_OUT_VITIS_LOOP_161_1_fu_186/add_20ns_20ns_20_1_1_U1230/sum_21_fu_9816_p2[19]
                         LUT4 (Prop_LUT4_I1_O)        0.139     1.728 r  bd_0_i/hls_inst/inst/stage_gaussian_U0/grp_stage_gaussian_Pipeline_GAUSSIAN_OUT_VITIS_LOOP_161_1_fu_186/add_20ns_20ns_20_1_1_U1230/dout_i_19__12/O
                         net (fo=1, unplaced)         0.263     1.991    bd_0_i/hls_inst/inst/stage_gaussian_U0/grp_stage_gaussian_Pipeline_GAUSSIAN_OUT_VITIS_LOOP_161_1_fu_186/add_36s_36s_36_1_1_U1231/dout/C[16]
                         DSP_C_DATA (Prop_DSP_C_DATA_C[16]_C_DATA[16])
                                                      0.131     2.122 r  bd_0_i/hls_inst/inst/stage_gaussian_U0/grp_stage_gaussian_Pipeline_GAUSSIAN_OUT_VITIS_LOOP_161_1_fu_186/add_36s_36s_36_1_1_U1231/dout/DSP_C_DATA_INST/C_DATA[16]
                         net (fo=2, unplaced)         0.000     2.122    bd_0_i/hls_inst/inst/stage_gaussian_U0/grp_stage_gaussian_Pipeline_GAUSSIAN_OUT_VITIS_LOOP_161_1_fu_186/add_36s_36s_36_1_1_U1231/dout/DSP_C_DATA.C_DATA<16>
                         DSP_ALU (Prop_DSP_ALU_C_DATA[16]_ALU_OUT[21])
                                                      0.744     2.866 f  bd_0_i/hls_inst/inst/stage_gaussian_U0/grp_stage_gaussian_Pipeline_GAUSSIAN_OUT_VITIS_LOOP_161_1_fu_186/add_36s_36s_36_1_1_U1231/dout/DSP_ALU_INST/ALU_OUT[21]
                         net (fo=1, unplaced)         0.000     2.866    bd_0_i/hls_inst/inst/stage_gaussian_U0/grp_stage_gaussian_Pipeline_GAUSSIAN_OUT_VITIS_LOOP_161_1_fu_186/add_36s_36s_36_1_1_U1231/dout/DSP_ALU.ALU_OUT<21>
                         DSP_OUTPUT (Prop_DSP_OUTPUT_ALU_OUT[21]_P[21])
                                                      0.141     3.007 r  bd_0_i/hls_inst/inst/stage_gaussian_U0/grp_stage_gaussian_Pipeline_GAUSSIAN_OUT_VITIS_LOOP_161_1_fu_186/add_36s_36s_36_1_1_U1231/dout/DSP_OUTPUT_INST/P[21]
                         net (fo=1, unplaced)         0.268     3.275    bd_0_i/hls_inst/inst/stage_gaussian_U0/grp_stage_gaussian_Pipeline_GAUSSIAN_OUT_VITIS_LOOP_161_1_fu_186/add_20ns_20ns_20_1_1_U1233/dout/C[6]
                         DSP_C_DATA                                   r  bd_0_i/hls_inst/inst/stage_gaussian_U0/grp_stage_gaussian_Pipeline_GAUSSIAN_OUT_VITIS_LOOP_161_1_fu_186/add_20ns_20ns_20_1_1_U1233/dout/DSP_C_DATA_INST/C[6]
  -------------------------------------------------------------------    -------------------

                         (clock ap_clk rise edge)     4.000     4.000 r  
                                                      0.000     4.000 r  ap_clk (IN)
                         net (fo=68612, unset)        0.044     4.044    bd_0_i/hls_inst/inst/stage_gaussian_U0/grp_stage_gaussian_Pipeline_GAUSSIAN_OUT_VITIS_LOOP_161_1_fu_186/add_20ns_20ns_20_1_1_U1233/dout/CLK
                         DSP_C_DATA                                   r  bd_0_i/hls_inst/inst/stage_gaussian_U0/grp_stage_gaussian_Pipeline_GAUSSIAN_OUT_VITIS_LOOP_161_1_fu_186/add_20ns_20ns_20_1_1_U1233/dout/DSP_C_DATA_INST/CLK
                         clock pessimism              0.000     4.044    
                         clock uncertainty           -0.035     4.009    
                         DSP_C_DATA (Setup_DSP_C_DATA_CLK_C[6])
                                                     -0.226     3.783    bd_0_i/hls_inst/inst/stage_gaussian_U0/grp_stage_gaussian_Pipeline_GAUSSIAN_OUT_VITIS_LOOP_161_1_fu_186/add_20ns_20ns_20_1_1_U1233/dout/DSP_C_DATA_INST
  -------------------------------------------------------------------
                         required time                          3.783    
                         arrival time                          -3.275    
  -------------------------------------------------------------------
                         slack                                  0.508    




