Copyright 1986-2022 Xilinx, Inc. All Rights Reserved. Copyright 2022-2025 Advanced Micro Devices, Inc. All Rights Reserved.
--------------------------------------------------------------------------------------------------------------------------------------------------
| Tool Version      : Vivado v.2025.1.1 (lin64) Build 6233196 Thu Sep 11 21:27:11 MDT 2025
| Date              : Fri Apr 10 20:21:55 2026
| Host              : ece-linlabsrv01 running 64-bit Red Hat Enterprise Linux release 8.10 (Ootpa)
| Command           : report_timing -max_paths 10 -file ./report/top_kernel_timing_paths_routed.rpt
| Design            : bd_0_wrapper
| Device            : xczu3eg-sbva484
| Speed File        : -1  PRODUCTION 1.30 05-15-2022
| Design State      : Routed
| Temperature Grade : E
--------------------------------------------------------------------------------------------------------------------------------------------------

Timing Report

Slack (VIOLATED) :        -0.271ns  (required time - arrival time)
  Source:                 bd_0_i/hls_inst/inst/stage_rgb2eq_U0/grp_stage_rgb2eq_Pipeline_BUILD_HIST_fu_2163/bin_3_reg_12342_reg[3]/C
                            (rising edge-triggered cell FDSE clocked by ap_clk  {rise@0.000ns fall@2.000ns period=4.000ns})
  Destination:            bd_0_i/hls_inst/inst/stage_rgb2eq_U0/grp_stage_rgb2eq_Pipeline_BUILD_HIST_fu_2163/histogram_31_fu_1240_reg[17]/D
                            (rising edge-triggered cell FDRE clocked by ap_clk  {rise@0.000ns fall@2.000ns period=4.000ns})
  Path Group:             ap_clk
  Path Type:              Setup (Max at Slow Process Corner)
  Requirement:            4.000ns  (ap_clk rise@4.000ns - ap_clk rise@0.000ns)
  Data Path Delay:        4.249ns  (logic 0.749ns (17.626%)  route 3.500ns (82.374%))
  Logic Levels:           6  (CARRY8=3 LUT6=2 MUXF8=1)
  Clock Path Skew:        -0.013ns (DCD - SCD + CPR)
    Destination Clock Delay (DCD):    0.024ns = ( 4.024 - 4.000 ) 
    Source Clock Delay      (SCD):    0.037ns
    Clock Pessimism Removal (CPR):    0.000ns
  Clock Uncertainty:      0.035ns  ((TSJ^2 + TIJ^2)^1/2 + DJ) / 2 + PE
    Total System Jitter     (TSJ):    0.071ns
    Total Input Jitter      (TIJ):    0.000ns
    Discrete Jitter          (DJ):    0.000ns
    Phase Error              (PE):    0.000ns

    Location             Delay type                Incr(ns)  Path(ns)    Netlist Resource(s)
  -------------------------------------------------------------------    -------------------
                         (clock ap_clk rise edge)     0.000     0.000 r  
                                                      0.000     0.000 r  ap_clk (IN)
                         net (fo=65930, unset)        0.037     0.037    bd_0_i/hls_inst/inst/stage_rgb2eq_U0/grp_stage_rgb2eq_Pipeline_BUILD_HIST_fu_2163/ap_clk
    SLICE_X14Y138        FDSE                                         r  bd_0_i/hls_inst/inst/stage_rgb2eq_U0/grp_stage_rgb2eq_Pipeline_BUILD_HIST_fu_2163/bin_3_reg_12342_reg[3]/C
  -------------------------------------------------------------------    -------------------
    SLICE_X14Y138        FDSE (Prop_AFF_SLICEM_C_Q)
                                                      0.093     0.130 r  bd_0_i/hls_inst/inst/stage_rgb2eq_U0/grp_stage_rgb2eq_Pipeline_BUILD_HIST_fu_2163/bin_3_reg_12342_reg[3]/Q
                         net (fo=644, routed)         1.077     1.207    bd_0_i/hls_inst/inst/stage_rgb2eq_U0/grp_stage_rgb2eq_Pipeline_BUILD_HIST_fu_2163/bin_3_reg_12342[3]
    SLICE_X1Y101         MUXF8 (Prop_F8MUX_BOT_SLICEM_S_O)
                                                      0.095     1.302 r  bd_0_i/hls_inst/inst/stage_rgb2eq_U0/grp_stage_rgb2eq_Pipeline_BUILD_HIST_fu_2163/histogram_1_fu_1120_reg[8]_i_166/O
                         net (fo=1, routed)           0.307     1.609    bd_0_i/hls_inst/inst/stage_rgb2eq_U0/grp_stage_rgb2eq_Pipeline_BUILD_HIST_fu_2163/histogram_1_fu_1120_reg[8]_i_166_n_8
    SLICE_X1Y107         LUT6 (Prop_H6LUT_SLICEM_I5_O)
                                                      0.151     1.760 r  bd_0_i/hls_inst/inst/stage_rgb2eq_U0/grp_stage_rgb2eq_Pipeline_BUILD_HIST_fu_2163/histogram_1_fu_1120[8]_i_41/O
                         net (fo=1, routed)           0.410     2.170    bd_0_i/hls_inst/inst/stage_rgb2eq_U0/grp_stage_rgb2eq_Pipeline_BUILD_HIST_fu_2163/histogram_1_fu_1120[8]_i_41_n_8
    SLICE_X5Y122         LUT6 (Prop_E6LUT_SLICEM_I3_O)
                                                      0.063     2.233 r  bd_0_i/hls_inst/inst/stage_rgb2eq_U0/grp_stage_rgb2eq_Pipeline_BUILD_HIST_fu_2163/histogram_1_fu_1120[8]_i_10/O
                         net (fo=1, routed)           0.471     2.704    bd_0_i/hls_inst/inst/stage_rgb2eq_U0/grp_stage_rgb2eq_Pipeline_BUILD_HIST_fu_2163/dout_tmp[1]
    SLICE_X10Y122        CARRY8 (Prop_CARRY8_SLICEL_S[0]_CO[7])
                                                      0.238     2.942 r  bd_0_i/hls_inst/inst/stage_rgb2eq_U0/grp_stage_rgb2eq_Pipeline_BUILD_HIST_fu_2163/histogram_1_fu_1120_reg[8]_i_1/CO[7]
                         net (fo=1, routed)           0.028     2.970    bd_0_i/hls_inst/inst/stage_rgb2eq_U0/grp_stage_rgb2eq_Pipeline_BUILD_HIST_fu_2163/histogram_1_fu_1120_reg[8]_i_1_n_8
    SLICE_X10Y123        CARRY8 (Prop_CARRY8_SLICEL_CI_CO[7])
                                                      0.023     2.993 r  bd_0_i/hls_inst/inst/stage_rgb2eq_U0/grp_stage_rgb2eq_Pipeline_BUILD_HIST_fu_2163/histogram_1_fu_1120_reg[16]_i_1/CO[7]
                         net (fo=1, routed)           0.028     3.021    bd_0_i/hls_inst/inst/stage_rgb2eq_U0/grp_stage_rgb2eq_Pipeline_BUILD_HIST_fu_2163/histogram_1_fu_1120_reg[16]_i_1_n_8
    SLICE_X10Y124        CARRY8 (Prop_CARRY8_SLICEL_CI_O[0])
                                                      0.086     3.107 r  bd_0_i/hls_inst/inst/stage_rgb2eq_U0/grp_stage_rgb2eq_Pipeline_BUILD_HIST_fu_2163/histogram_1_fu_1120_reg[24]_i_1/O[0]
                         net (fo=256, routed)         1.179     4.286    bd_0_i/hls_inst/inst/stage_rgb2eq_U0/grp_stage_rgb2eq_Pipeline_BUILD_HIST_fu_2163/histogram_256_fu_7382_p2[17]
    SLICE_X15Y116        FDRE                                         r  bd_0_i/hls_inst/inst/stage_rgb2eq_U0/grp_stage_rgb2eq_Pipeline_BUILD_HIST_fu_2163/histogram_31_fu_1240_reg[17]/D
  -------------------------------------------------------------------    -------------------

                         (clock ap_clk rise edge)     4.000     4.000 r  
                                                      0.000     4.000 r  ap_clk (IN)
                         net (fo=65930, unset)        0.024     4.024    bd_0_i/hls_inst/inst/stage_rgb2eq_U0/grp_stage_rgb2eq_Pipeline_BUILD_HIST_fu_2163/ap_clk
    SLICE_X15Y116        FDRE                                         r  bd_0_i/hls_inst/inst/stage_rgb2eq_U0/grp_stage_rgb2eq_Pipeline_BUILD_HIST_fu_2163/histogram_31_fu_1240_reg[17]/C
                         clock pessimism              0.000     4.024    
                         clock uncertainty           -0.035     3.989    
    SLICE_X15Y116        FDRE (Setup_AFF_SLICEL_C_D)
                                                      0.027     4.016    bd_0_i/hls_inst/inst/stage_rgb2eq_U0/grp_stage_rgb2eq_Pipeline_BUILD_HIST_fu_2163/histogram_31_fu_1240_reg[17]
  -------------------------------------------------------------------
                         required time                          4.016    
                         arrival time                          -4.286    
  -------------------------------------------------------------------
                         slack                                 -0.271    

Slack (VIOLATED) :        -0.269ns  (required time - arrival time)
  Source:                 bd_0_i/hls_inst/inst/stage_rgb2eq_U0/grp_stage_rgb2eq_Pipeline_BUILD_HIST_fu_2163/bin_3_reg_12342_reg[3]/C
                            (rising edge-triggered cell FDSE clocked by ap_clk  {rise@0.000ns fall@2.000ns period=4.000ns})
  Destination:            bd_0_i/hls_inst/inst/stage_rgb2eq_U0/grp_stage_rgb2eq_Pipeline_BUILD_HIST_fu_2163/histogram_18_fu_1188_reg[10]/D
                            (rising edge-triggered cell FDRE clocked by ap_clk  {rise@0.000ns fall@2.000ns period=4.000ns})
  Path Group:             ap_clk
  Path Type:              Setup (Max at Slow Process Corner)
  Requirement:            4.000ns  (ap_clk rise@4.000ns - ap_clk rise@0.000ns)
  Data Path Delay:        4.250ns  (logic 0.751ns (17.672%)  route 3.499ns (82.328%))
  Logic Levels:           5  (CARRY8=2 LUT6=2 MUXF8=1)
  Clock Path Skew:        -0.011ns (DCD - SCD + CPR)
    Destination Clock Delay (DCD):    0.026ns = ( 4.026 - 4.000 ) 
    Source Clock Delay      (SCD):    0.037ns
    Clock Pessimism Removal (CPR):    0.000ns
  Clock Uncertainty:      0.035ns  ((TSJ^2 + TIJ^2)^1/2 + DJ) / 2 + PE
    Total System Jitter     (TSJ):    0.071ns
    Total Input Jitter      (TIJ):    0.000ns
    Discrete Jitter          (DJ):    0.000ns
    Phase Error              (PE):    0.000ns

    Location             Delay type                Incr(ns)  Path(ns)    Netlist Resource(s)
  -------------------------------------------------------------------    -------------------
                         (clock ap_clk rise edge)     0.000     0.000 r  
                                                      0.000     0.000 r  ap_clk (IN)
                         net (fo=65930, unset)        0.037     0.037    bd_0_i/hls_inst/inst/stage_rgb2eq_U0/grp_stage_rgb2eq_Pipeline_BUILD_HIST_fu_2163/ap_clk
    SLICE_X14Y138        FDSE                                         r  bd_0_i/hls_inst/inst/stage_rgb2eq_U0/grp_stage_rgb2eq_Pipeline_BUILD_HIST_fu_2163/bin_3_reg_12342_reg[3]/C
  -------------------------------------------------------------------    -------------------
    SLICE_X14Y138        FDSE (Prop_AFF_SLICEM_C_Q)
                                                      0.093     0.130 r  bd_0_i/hls_inst/inst/stage_rgb2eq_U0/grp_stage_rgb2eq_Pipeline_BUILD_HIST_fu_2163/bin_3_reg_12342_reg[3]/Q
                         net (fo=644, routed)         1.077     1.207    bd_0_i/hls_inst/inst/stage_rgb2eq_U0/grp_stage_rgb2eq_Pipeline_BUILD_HIST_fu_2163/bin_3_reg_12342[3]
    SLICE_X1Y101         MUXF8 (Prop_F8MUX_BOT_SLICEM_S_O)
                                                      0.095     1.302 r  bd_0_i/hls_inst/inst/stage_rgb2eq_U0/grp_stage_rgb2eq_Pipeline_BUILD_HIST_fu_2163/histogram_1_fu_1120_reg[8]_i_166/O
                         net (fo=1, routed)           0.307     1.609    bd_0_i/hls_inst/inst/stage_rgb2eq_U0/grp_stage_rgb2eq_Pipeline_BUILD_HIST_fu_2163/histogram_1_fu_1120_reg[8]_i_166_n_8
    SLICE_X1Y107         LUT6 (Prop_H6LUT_SLICEM_I5_O)
                                                      0.151     1.760 r  bd_0_i/hls_inst/inst/stage_rgb2eq_U0/grp_stage_rgb2eq_Pipeline_BUILD_HIST_fu_2163/histogram_1_fu_1120[8]_i_41/O
                         net (fo=1, routed)           0.410     2.170    bd_0_i/hls_inst/inst/stage_rgb2eq_U0/grp_stage_rgb2eq_Pipeline_BUILD_HIST_fu_2163/histogram_1_fu_1120[8]_i_41_n_8
    SLICE_X5Y122         LUT6 (Prop_E6LUT_SLICEM_I3_O)
                                                      0.063     2.233 r  bd_0_i/hls_inst/inst/stage_rgb2eq_U0/grp_stage_rgb2eq_Pipeline_BUILD_HIST_fu_2163/histogram_1_fu_1120[8]_i_10/O
                         net (fo=1, routed)           0.471     2.704    bd_0_i/hls_inst/inst/stage_rgb2eq_U0/grp_stage_rgb2eq_Pipeline_BUILD_HIST_fu_2163/dout_tmp[1]
    SLICE_X10Y122        CARRY8 (Prop_CARRY8_SLICEL_S[0]_CO[7])
                                                      0.238     2.942 r  bd_0_i/hls_inst/inst/stage_rgb2eq_U0/grp_stage_rgb2eq_Pipeline_BUILD_HIST_fu_2163/histogram_1_fu_1120_reg[8]_i_1/CO[7]
                         net (fo=1, routed)           0.028     2.970    bd_0_i/hls_inst/inst/stage_rgb2eq_U0/grp_stage_rgb2eq_Pipeline_BUILD_HIST_fu_2163/histogram_1_fu_1120_reg[8]_i_1_n_8
    SLICE_X10Y123        CARRY8 (Prop_CARRY8_SLICEL_CI_O[1])
                                                      0.111     3.081 r  bd_0_i/hls_inst/inst/stage_rgb2eq_U0/grp_stage_rgb2eq_Pipeline_BUILD_HIST_fu_2163/histogram_1_fu_1120_reg[16]_i_1/O[1]
                         net (fo=256, routed)         1.205     4.287    bd_0_i/hls_inst/inst/stage_rgb2eq_U0/grp_stage_rgb2eq_Pipeline_BUILD_HIST_fu_2163/histogram_256_fu_7382_p2[10]
    SLICE_X20Y107        FDRE                                         r  bd_0_i/hls_inst/inst/stage_rgb2eq_U0/grp_stage_rgb2eq_Pipeline_BUILD_HIST_fu_2163/histogram_18_fu_1188_reg[10]/D
  -------------------------------------------------------------------    -------------------

                         (clock ap_clk rise edge)     4.000     4.000 r  
                                                      0.000     4.000 r  ap_clk (IN)
                         net (fo=65930, unset)        0.026     4.026    bd_0_i/hls_inst/inst/stage_rgb2eq_U0/grp_stage_rgb2eq_Pipeline_BUILD_HIST_fu_2163/ap_clk
    SLICE_X20Y107        FDRE                                         r  bd_0_i/hls_inst/inst/stage_rgb2eq_U0/grp_stage_rgb2eq_Pipeline_BUILD_HIST_fu_2163/histogram_18_fu_1188_reg[10]/C
                         clock pessimism              0.000     4.026    
                         clock uncertainty           -0.035     3.991    
    SLICE_X20Y107        FDRE (Setup_GFF2_SLICEM_C_D)
                                                      0.027     4.018    bd_0_i/hls_inst/inst/stage_rgb2eq_U0/grp_stage_rgb2eq_Pipeline_BUILD_HIST_fu_2163/histogram_18_fu_1188_reg[10]
  -------------------------------------------------------------------
                         required time                          4.018    
                         arrival time                          -4.287    
  -------------------------------------------------------------------
                         slack                                 -0.269    

Slack (VIOLATED) :        -0.257ns  (required time - arrival time)
  Source:                 bd_0_i/hls_inst/inst/stage_rgb2eq_U0/grp_stage_rgb2eq_Pipeline_BUILD_HIST_fu_2163/bin_3_reg_12342_reg[3]/C
                            (rising edge-triggered cell FDSE clocked by ap_clk  {rise@0.000ns fall@2.000ns period=4.000ns})
  Destination:            bd_0_i/hls_inst/inst/stage_rgb2eq_U0/grp_stage_rgb2eq_Pipeline_BUILD_HIST_fu_2163/histogram_31_fu_1240_reg[15]/D
                            (rising edge-triggered cell FDRE clocked by ap_clk  {rise@0.000ns fall@2.000ns period=4.000ns})
  Path Group:             ap_clk
  Path Type:              Setup (Max at Slow Process Corner)
  Requirement:            4.000ns  (ap_clk rise@4.000ns - ap_clk rise@0.000ns)
  Data Path Delay:        4.235ns  (logic 0.783ns (18.487%)  route 3.452ns (81.513%))
  Logic Levels:           5  (CARRY8=2 LUT6=2 MUXF8=1)
  Clock Path Skew:        -0.013ns (DCD - SCD + CPR)
    Destination Clock Delay (DCD):    0.024ns = ( 4.024 - 4.000 ) 
    Source Clock Delay      (SCD):    0.037ns
    Clock Pessimism Removal (CPR):    0.000ns
  Clock Uncertainty:      0.035ns  ((TSJ^2 + TIJ^2)^1/2 + DJ) / 2 + PE
    Total System Jitter     (TSJ):    0.071ns
    Total Input Jitter      (TIJ):    0.000ns
    Discrete Jitter          (DJ):    0.000ns
    Phase Error              (PE):    0.000ns

    Location             Delay type                Incr(ns)  Path(ns)    Netlist Resource(s)
  -------------------------------------------------------------------    -------------------
                         (clock ap_clk rise edge)     0.000     0.000 r  
                                                      0.000     0.000 r  ap_clk (IN)
                         net (fo=65930, unset)        0.037     0.037    bd_0_i/hls_inst/inst/stage_rgb2eq_U0/grp_stage_rgb2eq_Pipeline_BUILD_HIST_fu_2163/ap_clk
    SLICE_X14Y138        FDSE                                         r  bd_0_i/hls_inst/inst/stage_rgb2eq_U0/grp_stage_rgb2eq_Pipeline_BUILD_HIST_fu_2163/bin_3_reg_12342_reg[3]/C
  -------------------------------------------------------------------    -------------------
    SLICE_X14Y138        FDSE (Prop_AFF_SLICEM_C_Q)
                                                      0.093     0.130 r  bd_0_i/hls_inst/inst/stage_rgb2eq_U0/grp_stage_rgb2eq_Pipeline_BUILD_HIST_fu_2163/bin_3_reg_12342_reg[3]/Q
                         net (fo=644, routed)         1.077     1.207    bd_0_i/hls_inst/inst/stage_rgb2eq_U0/grp_stage_rgb2eq_Pipeline_BUILD_HIST_fu_2163/bin_3_reg_12342[3]
    SLICE_X1Y101         MUXF8 (Prop_F8MUX_BOT_SLICEM_S_O)
                                                      0.095     1.302 r  bd_0_i/hls_inst/inst/stage_rgb2eq_U0/grp_stage_rgb2eq_Pipeline_BUILD_HIST_fu_2163/histogram_1_fu_1120_reg[8]_i_166/O
                         net (fo=1, routed)           0.307     1.609    bd_0_i/hls_inst/inst/stage_rgb2eq_U0/grp_stage_rgb2eq_Pipeline_BUILD_HIST_fu_2163/histogram_1_fu_1120_reg[8]_i_166_n_8
    SLICE_X1Y107         LUT6 (Prop_H6LUT_SLICEM_I5_O)
                                                      0.151     1.760 r  bd_0_i/hls_inst/inst/stage_rgb2eq_U0/grp_stage_rgb2eq_Pipeline_BUILD_HIST_fu_2163/histogram_1_fu_1120[8]_i_41/O
                         net (fo=1, routed)           0.410     2.170    bd_0_i/hls_inst/inst/stage_rgb2eq_U0/grp_stage_rgb2eq_Pipeline_BUILD_HIST_fu_2163/histogram_1_fu_1120[8]_i_41_n_8
    SLICE_X5Y122         LUT6 (Prop_E6LUT_SLICEM_I3_O)
                                                      0.063     2.233 r  bd_0_i/hls_inst/inst/stage_rgb2eq_U0/grp_stage_rgb2eq_Pipeline_BUILD_HIST_fu_2163/histogram_1_fu_1120[8]_i_10/O
                         net (fo=1, routed)           0.471     2.704    bd_0_i/hls_inst/inst/stage_rgb2eq_U0/grp_stage_rgb2eq_Pipeline_BUILD_HIST_fu_2163/dout_tmp[1]
    SLICE_X10Y122        CARRY8 (Prop_CARRY8_SLICEL_S[0]_CO[7])
                                                      0.238     2.942 r  bd_0_i/hls_inst/inst/stage_rgb2eq_U0/grp_stage_rgb2eq_Pipeline_BUILD_HIST_fu_2163/histogram_1_fu_1120_reg[8]_i_1/CO[7]
                         net (fo=1, routed)           0.028     2.970    bd_0_i/hls_inst/inst/stage_rgb2eq_U0/grp_stage_rgb2eq_Pipeline_BUILD_HIST_fu_2163/histogram_1_fu_1120_reg[8]_i_1_n_8
    SLICE_X10Y123        CARRY8 (Prop_CARRY8_SLICEL_CI_O[6])
                                                      0.143     3.113 r  bd_0_i/hls_inst/inst/stage_rgb2eq_U0/grp_stage_rgb2eq_Pipeline_BUILD_HIST_fu_2163/histogram_1_fu_1120_reg[16]_i_1/O[6]
                         net (fo=256, routed)         1.159     4.272    bd_0_i/hls_inst/inst/stage_rgb2eq_U0/grp_stage_rgb2eq_Pipeline_BUILD_HIST_fu_2163/histogram_256_fu_7382_p2[15]
    SLICE_X17Y108        FDRE                                         r  bd_0_i/hls_inst/inst/stage_rgb2eq_U0/grp_stage_rgb2eq_Pipeline_BUILD_HIST_fu_2163/histogram_31_fu_1240_reg[15]/D
  -------------------------------------------------------------------    -------------------

                         (clock ap_clk rise edge)     4.000     4.000 r  
                                                      0.000     4.000 r  ap_clk (IN)
                         net (fo=65930, unset)        0.024     4.024    bd_0_i/hls_inst/inst/stage_rgb2eq_U0/grp_stage_rgb2eq_Pipeline_BUILD_HIST_fu_2163/ap_clk
    SLICE_X17Y108        FDRE                                         r  bd_0_i/hls_inst/inst/stage_rgb2eq_U0/grp_stage_rgb2eq_Pipeline_BUILD_HIST_fu_2163/histogram_31_fu_1240_reg[15]/C
                         clock pessimism              0.000     4.024    
                         clock uncertainty           -0.035     3.989    
    SLICE_X17Y108        FDRE (Setup_CFF_SLICEL_C_D)
                                                      0.027     4.016    bd_0_i/hls_inst/inst/stage_rgb2eq_U0/grp_stage_rgb2eq_Pipeline_BUILD_HIST_fu_2163/histogram_31_fu_1240_reg[15]
  -------------------------------------------------------------------
                         required time                          4.016    
                         arrival time                          -4.272    
  -------------------------------------------------------------------
                         slack                                 -0.257    

Slack (VIOLATED) :        -0.256ns  (required time - arrival time)
  Source:                 bd_0_i/hls_inst/inst/stage_rgb2eq_U0/grp_stage_rgb2eq_Pipeline_BUILD_HIST_fu_2163/bin_3_reg_12342_reg[3]/C
                            (rising edge-triggered cell FDSE clocked by ap_clk  {rise@0.000ns fall@2.000ns period=4.000ns})
  Destination:            bd_0_i/hls_inst/inst/stage_rgb2eq_U0/grp_stage_rgb2eq_Pipeline_BUILD_HIST_fu_2163/histogram_25_fu_1216_reg[15]/D
                            (rising edge-triggered cell FDRE clocked by ap_clk  {rise@0.000ns fall@2.000ns period=4.000ns})
  Path Group:             ap_clk
  Path Type:              Setup (Max at Slow Process Corner)
  Requirement:            4.000ns  (ap_clk rise@4.000ns - ap_clk rise@0.000ns)
  Data Path Delay:        4.236ns  (logic 0.783ns (18.486%)  route 3.453ns (81.514%))
  Logic Levels:           5  (CARRY8=2 LUT6=2 MUXF8=1)
  Clock Path Skew:        -0.012ns (DCD - SCD + CPR)
    Destination Clock Delay (DCD):    0.025ns = ( 4.025 - 4.000 ) 
    Source Clock Delay      (SCD):    0.037ns
    Clock Pessimism Removal (CPR):    0.000ns
  Clock Uncertainty:      0.035ns  ((TSJ^2 + TIJ^2)^1/2 + DJ) / 2 + PE
    Total System Jitter     (TSJ):    0.071ns
    Total Input Jitter      (TIJ):    0.000ns
    Discrete Jitter          (DJ):    0.000ns
    Phase Error              (PE):    0.000ns

    Location             Delay type                Incr(ns)  Path(ns)    Netlist Resource(s)
  -------------------------------------------------------------------    -------------------
                         (clock ap_clk rise edge)     0.000     0.000 r  
                                                      0.000     0.000 r  ap_clk (IN)
                         net (fo=65930, unset)        0.037     0.037    bd_0_i/hls_inst/inst/stage_rgb2eq_U0/grp_stage_rgb2eq_Pipeline_BUILD_HIST_fu_2163/ap_clk
    SLICE_X14Y138        FDSE                                         r  bd_0_i/hls_inst/inst/stage_rgb2eq_U0/grp_stage_rgb2eq_Pipeline_BUILD_HIST_fu_2163/bin_3_reg_12342_reg[3]/C
  -------------------------------------------------------------------    -------------------
    SLICE_X14Y138        FDSE (Prop_AFF_SLICEM_C_Q)
                                                      0.093     0.130 r  bd_0_i/hls_inst/inst/stage_rgb2eq_U0/grp_stage_rgb2eq_Pipeline_BUILD_HIST_fu_2163/bin_3_reg_12342_reg[3]/Q
                         net (fo=644, routed)         1.077     1.207    bd_0_i/hls_inst/inst/stage_rgb2eq_U0/grp_stage_rgb2eq_Pipeline_BUILD_HIST_fu_2163/bin_3_reg_12342[3]
    SLICE_X1Y101         MUXF8 (Prop_F8MUX_BOT_SLICEM_S_O)
                                                      0.095     1.302 r  bd_0_i/hls_inst/inst/stage_rgb2eq_U0/grp_stage_rgb2eq_Pipeline_BUILD_HIST_fu_2163/histogram_1_fu_1120_reg[8]_i_166/O
                         net (fo=1, routed)           0.307     1.609    bd_0_i/hls_inst/inst/stage_rgb2eq_U0/grp_stage_rgb2eq_Pipeline_BUILD_HIST_fu_2163/histogram_1_fu_1120_reg[8]_i_166_n_8
    SLICE_X1Y107         LUT6 (Prop_H6LUT_SLICEM_I5_O)
                                                      0.151     1.760 r  bd_0_i/hls_inst/inst/stage_rgb2eq_U0/grp_stage_rgb2eq_Pipeline_BUILD_HIST_fu_2163/histogram_1_fu_1120[8]_i_41/O
                         net (fo=1, routed)           0.410     2.170    bd_0_i/hls_inst/inst/stage_rgb2eq_U0/grp_stage_rgb2eq_Pipeline_BUILD_HIST_fu_2163/histogram_1_fu_1120[8]_i_41_n_8
    SLICE_X5Y122         LUT6 (Prop_E6LUT_SLICEM_I3_O)
                                                      0.063     2.233 r  bd_0_i/hls_inst/inst/stage_rgb2eq_U0/grp_stage_rgb2eq_Pipeline_BUILD_HIST_fu_2163/histogram_1_fu_1120[8]_i_10/O
                         net (fo=1, routed)           0.471     2.704    bd_0_i/hls_inst/inst/stage_rgb2eq_U0/grp_stage_rgb2eq_Pipeline_BUILD_HIST_fu_2163/dout_tmp[1]
    SLICE_X10Y122        CARRY8 (Prop_CARRY8_SLICEL_S[0]_CO[7])
                                                      0.238     2.942 r  bd_0_i/hls_inst/inst/stage_rgb2eq_U0/grp_stage_rgb2eq_Pipeline_BUILD_HIST_fu_2163/histogram_1_fu_1120_reg[8]_i_1/CO[7]
                         net (fo=1, routed)           0.028     2.970    bd_0_i/hls_inst/inst/stage_rgb2eq_U0/grp_stage_rgb2eq_Pipeline_BUILD_HIST_fu_2163/histogram_1_fu_1120_reg[8]_i_1_n_8
    SLICE_X10Y123        CARRY8 (Prop_CARRY8_SLICEL_CI_O[6])
                                                      0.143     3.113 r  bd_0_i/hls_inst/inst/stage_rgb2eq_U0/grp_stage_rgb2eq_Pipeline_BUILD_HIST_fu_2163/histogram_1_fu_1120_reg[16]_i_1/O[6]
                         net (fo=256, routed)         1.159     4.273    bd_0_i/hls_inst/inst/stage_rgb2eq_U0/grp_stage_rgb2eq_Pipeline_BUILD_HIST_fu_2163/histogram_256_fu_7382_p2[15]
    SLICE_X18Y107        FDRE                                         r  bd_0_i/hls_inst/inst/stage_rgb2eq_U0/grp_stage_rgb2eq_Pipeline_BUILD_HIST_fu_2163/histogram_25_fu_1216_reg[15]/D
  -------------------------------------------------------------------    -------------------

                         (clock ap_clk rise edge)     4.000     4.000 r  
                                                      0.000     4.000 r  ap_clk (IN)
                         net (fo=65930, unset)        0.025     4.025    bd_0_i/hls_inst/inst/stage_rgb2eq_U0/grp_stage_rgb2eq_Pipeline_BUILD_HIST_fu_2163/ap_clk
    SLICE_X18Y107        FDRE                                         r  bd_0_i/hls_inst/inst/stage_rgb2eq_U0/grp_stage_rgb2eq_Pipeline_BUILD_HIST_fu_2163/histogram_25_fu_1216_reg[15]/C
                         clock pessimism              0.000     4.025    
                         clock uncertainty           -0.035     3.990    
    SLICE_X18Y107        FDRE (Setup_GFF_SLICEL_C_D)
                                                      0.027     4.017    bd_0_i/hls_inst/inst/stage_rgb2eq_U0/grp_stage_rgb2eq_Pipeline_BUILD_HIST_fu_2163/histogram_25_fu_1216_reg[15]
  -------------------------------------------------------------------
                         required time                          4.017    
                         arrival time                          -4.273    
  -------------------------------------------------------------------
                         slack                                 -0.256    

Slack (VIOLATED) :        -0.248ns  (required time - arrival time)
  Source:                 bd_0_i/hls_inst/inst/stage_rgb2eq_U0/grp_stage_rgb2eq_Pipeline_BUILD_HIST_fu_2163/bin_3_reg_12342_reg[3]/C
                            (rising edge-triggered cell FDSE clocked by ap_clk  {rise@0.000ns fall@2.000ns period=4.000ns})
  Destination:            bd_0_i/hls_inst/inst/stage_rgb2eq_U0/grp_stage_rgb2eq_Pipeline_BUILD_HIST_fu_2163/histogram_137_fu_1664_reg[12]/D
                            (rising edge-triggered cell FDRE clocked by ap_clk  {rise@0.000ns fall@2.000ns period=4.000ns})
  Path Group:             ap_clk
  Path Type:              Setup (Max at Slow Process Corner)
  Requirement:            4.000ns  (ap_clk rise@4.000ns - ap_clk rise@0.000ns)
  Data Path Delay:        4.227ns  (logic 0.758ns (17.931%)  route 3.469ns (82.069%))
  Logic Levels:           5  (CARRY8=2 LUT6=2 MUXF8=1)
  Clock Path Skew:        -0.012ns (DCD - SCD + CPR)
    Destination Clock Delay (DCD):    0.025ns = ( 4.025 - 4.000 ) 
    Source Clock Delay      (SCD):    0.037ns
    Clock Pessimism Removal (CPR):    0.000ns
  Clock Uncertainty:      0.035ns  ((TSJ^2 + TIJ^2)^1/2 + DJ) / 2 + PE
    Total System Jitter     (TSJ):    0.071ns
    Total Input Jitter      (TIJ):    0.000ns
    Discrete Jitter          (DJ):    0.000ns
    Phase Error              (PE):    0.000ns

    Location             Delay type                Incr(ns)  Path(ns)    Netlist Resource(s)
  -------------------------------------------------------------------    -------------------
                         (clock ap_clk rise edge)     0.000     0.000 r  
                                                      0.000     0.000 r  ap_clk (IN)
                         net (fo=65930, unset)        0.037     0.037    bd_0_i/hls_inst/inst/stage_rgb2eq_U0/grp_stage_rgb2eq_Pipeline_BUILD_HIST_fu_2163/ap_clk
    SLICE_X14Y138        FDSE                                         r  bd_0_i/hls_inst/inst/stage_rgb2eq_U0/grp_stage_rgb2eq_Pipeline_BUILD_HIST_fu_2163/bin_3_reg_12342_reg[3]/C
  -------------------------------------------------------------------    -------------------
    SLICE_X14Y138        FDSE (Prop_AFF_SLICEM_C_Q)
                                                      0.093     0.130 r  bd_0_i/hls_inst/inst/stage_rgb2eq_U0/grp_stage_rgb2eq_Pipeline_BUILD_HIST_fu_2163/bin_3_reg_12342_reg[3]/Q
                         net (fo=644, routed)         1.077     1.207    bd_0_i/hls_inst/inst/stage_rgb2eq_U0/grp_stage_rgb2eq_Pipeline_BUILD_HIST_fu_2163/bin_3_reg_12342[3]
    SLICE_X1Y101         MUXF8 (Prop_F8MUX_BOT_SLICEM_S_O)
                                                      0.095     1.302 r  bd_0_i/hls_inst/inst/stage_rgb2eq_U0/grp_stage_rgb2eq_Pipeline_BUILD_HIST_fu_2163/histogram_1_fu_1120_reg[8]_i_166/O
                         net (fo=1, routed)           0.307     1.609    bd_0_i/hls_inst/inst/stage_rgb2eq_U0/grp_stage_rgb2eq_Pipeline_BUILD_HIST_fu_2163/histogram_1_fu_1120_reg[8]_i_166_n_8
    SLICE_X1Y107         LUT6 (Prop_H6LUT_SLICEM_I5_O)
                                                      0.151     1.760 r  bd_0_i/hls_inst/inst/stage_rgb2eq_U0/grp_stage_rgb2eq_Pipeline_BUILD_HIST_fu_2163/histogram_1_fu_1120[8]_i_41/O
                         net (fo=1, routed)           0.410     2.170    bd_0_i/hls_inst/inst/stage_rgb2eq_U0/grp_stage_rgb2eq_Pipeline_BUILD_HIST_fu_2163/histogram_1_fu_1120[8]_i_41_n_8
    SLICE_X5Y122         LUT6 (Prop_E6LUT_SLICEM_I3_O)
                                                      0.063     2.233 r  bd_0_i/hls_inst/inst/stage_rgb2eq_U0/grp_stage_rgb2eq_Pipeline_BUILD_HIST_fu_2163/histogram_1_fu_1120[8]_i_10/O
                         net (fo=1, routed)           0.471     2.704    bd_0_i/hls_inst/inst/stage_rgb2eq_U0/grp_stage_rgb2eq_Pipeline_BUILD_HIST_fu_2163/dout_tmp[1]
    SLICE_X10Y122        CARRY8 (Prop_CARRY8_SLICEL_S[0]_CO[7])
                                                      0.238     2.942 r  bd_0_i/hls_inst/inst/stage_rgb2eq_U0/grp_stage_rgb2eq_Pipeline_BUILD_HIST_fu_2163/histogram_1_fu_1120_reg[8]_i_1/CO[7]
                         net (fo=1, routed)           0.028     2.970    bd_0_i/hls_inst/inst/stage_rgb2eq_U0/grp_stage_rgb2eq_Pipeline_BUILD_HIST_fu_2163/histogram_1_fu_1120_reg[8]_i_1_n_8
    SLICE_X10Y123        CARRY8 (Prop_CARRY8_SLICEL_CI_O[3])
                                                      0.118     3.088 r  bd_0_i/hls_inst/inst/stage_rgb2eq_U0/grp_stage_rgb2eq_Pipeline_BUILD_HIST_fu_2163/histogram_1_fu_1120_reg[16]_i_1/O[3]
                         net (fo=256, routed)         1.176     4.264    bd_0_i/hls_inst/inst/stage_rgb2eq_U0/grp_stage_rgb2eq_Pipeline_BUILD_HIST_fu_2163/histogram_256_fu_7382_p2[12]
    SLICE_X15Y134        FDRE                                         r  bd_0_i/hls_inst/inst/stage_rgb2eq_U0/grp_stage_rgb2eq_Pipeline_BUILD_HIST_fu_2163/histogram_137_fu_1664_reg[12]/D
  -------------------------------------------------------------------    -------------------

                         (clock ap_clk rise edge)     4.000     4.000 r  
                                                      0.000     4.000 r  ap_clk (IN)
                         net (fo=65930, unset)        0.025     4.025    bd_0_i/hls_inst/inst/stage_rgb2eq_U0/grp_stage_rgb2eq_Pipeline_BUILD_HIST_fu_2163/ap_clk
    SLICE_X15Y134        FDRE                                         r  bd_0_i/hls_inst/inst/stage_rgb2eq_U0/grp_stage_rgb2eq_Pipeline_BUILD_HIST_fu_2163/histogram_137_fu_1664_reg[12]/C
                         clock pessimism              0.000     4.025    
                         clock uncertainty           -0.035     3.990    
    SLICE_X15Y134        FDRE (Setup_GFF_SLICEL_C_D)
                                                      0.027     4.017    bd_0_i/hls_inst/inst/stage_rgb2eq_U0/grp_stage_rgb2eq_Pipeline_BUILD_HIST_fu_2163/histogram_137_fu_1664_reg[12]
  -------------------------------------------------------------------
                         required time                          4.017    
                         arrival time                          -4.264    
  -------------------------------------------------------------------
                         slack                                 -0.248    

Slack (VIOLATED) :        -0.247ns  (required time - arrival time)
  Source:                 bd_0_i/hls_inst/inst/stage_rgb2eq_U0/grp_stage_rgb2eq_Pipeline_VITIS_LOOP_116_2_fu_2424/trunc_ln116_reg_13363_reg[2]_rep__3/C
                            (rising edge-triggered cell FDRE clocked by ap_clk  {rise@0.000ns fall@2.000ns period=4.000ns})
  Destination:            bd_0_i/hls_inst/inst/stage_rgb2eq_U0/grp_stage_rgb2eq_Pipeline_VITIS_LOOP_116_2_fu_2424/cdf_175_fu_2266_reg[19]/D
                            (rising edge-triggered cell FDRE clocked by ap_clk  {rise@0.000ns fall@2.000ns period=4.000ns})
  Path Group:             ap_clk
  Path Type:              Setup (Max at Slow Process Corner)
  Requirement:            4.000ns  (ap_clk rise@4.000ns - ap_clk rise@0.000ns)
  Data Path Delay:        4.230ns  (logic 0.785ns (18.560%)  route 3.445ns (81.440%))
  Logic Levels:           7  (CARRY8=2 LUT6=3 MUXF7=1 MUXF8=1)
  Clock Path Skew:        -0.009ns (DCD - SCD + CPR)
    Destination Clock Delay (DCD):    0.026ns = ( 4.026 - 4.000 ) 
    Source Clock Delay      (SCD):    0.035ns
    Clock Pessimism Removal (CPR):    0.000ns
  Clock Uncertainty:      0.035ns  ((TSJ^2 + TIJ^2)^1/2 + DJ) / 2 + PE
    Total System Jitter     (TSJ):    0.071ns
    Total Input Jitter      (TIJ):    0.000ns
    Discrete Jitter          (DJ):    0.000ns
    Phase Error              (PE):    0.000ns

    Location             Delay type                Incr(ns)  Path(ns)    Netlist Resource(s)
  -------------------------------------------------------------------    -------------------
                         (clock ap_clk rise edge)     0.000     0.000 r  
                                                      0.000     0.000 r  ap_clk (IN)
                         net (fo=65930, unset)        0.035     0.035    bd_0_i/hls_inst/inst/stage_rgb2eq_U0/grp_stage_rgb2eq_Pipeline_VITIS_LOOP_116_2_fu_2424/ap_clk
    SLICE_X38Y127        FDRE                                         r  bd_0_i/hls_inst/inst/stage_rgb2eq_U0/grp_stage_rgb2eq_Pipeline_VITIS_LOOP_116_2_fu_2424/trunc_ln116_reg_13363_reg[2]_rep__3/C
  -------------------------------------------------------------------    -------------------
    SLICE_X38Y127        FDRE (Prop_AFF2_SLICEL_C_Q)
                                                      0.099     0.134 r  bd_0_i/hls_inst/inst/stage_rgb2eq_U0/grp_stage_rgb2eq_Pipeline_VITIS_LOOP_116_2_fu_2424/trunc_ln116_reg_13363_reg[2]_rep__3/Q
                         net (fo=112, routed)         0.958     1.092    bd_0_i/hls_inst/inst/stage_rgb2eq_U0/grp_stage_rgb2eq_Pipeline_VITIS_LOOP_116_2_fu_2424/trunc_ln116_reg_13363_reg[2]_rep__3_n_8
    SLICE_X29Y130        MUXF7 (Prop_F7MUX_EF_SLICEM_S_O)
                                                      0.091     1.183 r  bd_0_i/hls_inst/inst/stage_rgb2eq_U0/grp_stage_rgb2eq_Pipeline_VITIS_LOOP_116_2_fu_2424/cdf_2_fu_1574_reg[15]_i_463/O
                         net (fo=1, routed)           0.000     1.183    bd_0_i/hls_inst/inst/stage_rgb2eq_U0/grp_stage_rgb2eq_Pipeline_VITIS_LOOP_116_2_fu_2424/cdf_2_fu_1574_reg[15]_i_463_n_8
    SLICE_X29Y130        MUXF8 (Prop_F8MUX_TOP_SLICEM_I1_O)
                                                      0.028     1.211 r  bd_0_i/hls_inst/inst/stage_rgb2eq_U0/grp_stage_rgb2eq_Pipeline_VITIS_LOOP_116_2_fu_2424/cdf_2_fu_1574_reg[15]_i_189/O
                         net (fo=1, routed)           0.615     1.826    bd_0_i/hls_inst/inst/stage_rgb2eq_U0/grp_stage_rgb2eq_Pipeline_VITIS_LOOP_116_2_fu_2424/cdf_2_fu_1574_reg[15]_i_189_n_8
    SLICE_X36Y125        LUT6 (Prop_D6LUT_SLICEL_I5_O)
                                                      0.099     1.925 r  bd_0_i/hls_inst/inst/stage_rgb2eq_U0/grp_stage_rgb2eq_Pipeline_VITIS_LOOP_116_2_fu_2424/cdf_2_fu_1574[15]_i_58/O
                         net (fo=1, routed)           0.211     2.136    bd_0_i/hls_inst/inst/stage_rgb2eq_U0/grp_stage_rgb2eq_Pipeline_VITIS_LOOP_116_2_fu_2424/cdf_2_fu_1574[15]_i_58_n_8
    SLICE_X35Y127        LUT6 (Prop_G6LUT_SLICEL_I0_O)
                                                      0.114     2.250 r  bd_0_i/hls_inst/inst/stage_rgb2eq_U0/grp_stage_rgb2eq_Pipeline_VITIS_LOOP_116_2_fu_2424/cdf_2_fu_1574[15]_i_16/O
                         net (fo=1, routed)           0.385     2.635    bd_0_i/hls_inst/inst/stage_rgb2eq_U0/grp_stage_rgb2eq_Pipeline_VITIS_LOOP_116_2_fu_2424/cdf_2_fu_1574[15]_i_16_n_8
    SLICE_X36Y133        LUT6 (Prop_F6LUT_SLICEL_I1_O)
                                                      0.039     2.674 r  bd_0_i/hls_inst/inst/stage_rgb2eq_U0/grp_stage_rgb2eq_Pipeline_VITIS_LOOP_116_2_fu_2424/cdf_2_fu_1574[15]_i_4/O
                         net (fo=1, routed)           0.012     2.686    bd_0_i/hls_inst/inst/stage_rgb2eq_U0/grp_stage_rgb2eq_Pipeline_VITIS_LOOP_116_2_fu_2424/cdf_2_fu_1574[15]_i_4_n_8
    SLICE_X36Y133        CARRY8 (Prop_CARRY8_SLICEL_S[5]_CO[7])
                                                      0.197     2.883 r  bd_0_i/hls_inst/inst/stage_rgb2eq_U0/grp_stage_rgb2eq_Pipeline_VITIS_LOOP_116_2_fu_2424/cdf_2_fu_1574_reg[15]_i_1/CO[7]
                         net (fo=1, routed)           0.028     2.911    bd_0_i/hls_inst/inst/stage_rgb2eq_U0/grp_stage_rgb2eq_Pipeline_VITIS_LOOP_116_2_fu_2424/cdf_2_fu_1574_reg[15]_i_1_n_8
    SLICE_X36Y134        CARRY8 (Prop_CARRY8_SLICEL_CI_O[3])
                                                      0.118     3.029 r  bd_0_i/hls_inst/inst/stage_rgb2eq_U0/grp_stage_rgb2eq_Pipeline_VITIS_LOOP_116_2_fu_2424/cdf_2_fu_1574_reg[23]_i_1/O[3]
                         net (fo=255, routed)         1.236     4.265    bd_0_i/hls_inst/inst/stage_rgb2eq_U0/grp_stage_rgb2eq_Pipeline_VITIS_LOOP_116_2_fu_2424/cdf_255_fu_9264_p2[19]
    SLICE_X45Y150        FDRE                                         r  bd_0_i/hls_inst/inst/stage_rgb2eq_U0/grp_stage_rgb2eq_Pipeline_VITIS_LOOP_116_2_fu_2424/cdf_175_fu_2266_reg[19]/D
  -------------------------------------------------------------------    -------------------

                         (clock ap_clk rise edge)     4.000     4.000 r  
                                                      0.000     4.000 r  ap_clk (IN)
                         net (fo=65930, unset)        0.026     4.026    bd_0_i/hls_inst/inst/stage_rgb2eq_U0/grp_stage_rgb2eq_Pipeline_VITIS_LOOP_116_2_fu_2424/ap_clk
    SLICE_X45Y150        FDRE                                         r  bd_0_i/hls_inst/inst/stage_rgb2eq_U0/grp_stage_rgb2eq_Pipeline_VITIS_LOOP_116_2_fu_2424/cdf_175_fu_2266_reg[19]/C
                         clock pessimism              0.000     4.026    
                         clock uncertainty           -0.035     3.991    
    SLICE_X45Y150        FDRE (Setup_GFF_SLICEM_C_D)
                                                      0.027     4.018    bd_0_i/hls_inst/inst/stage_rgb2eq_U0/grp_stage_rgb2eq_Pipeline_VITIS_LOOP_116_2_fu_2424/cdf_175_fu_2266_reg[19]
  -------------------------------------------------------------------
                         required time                          4.018    
                         arrival time                          -4.265    
  -------------------------------------------------------------------
                         slack                                 -0.247    

Slack (VIOLATED) :        -0.246ns  (required time - arrival time)
  Source:                 bd_0_i/hls_inst/inst/stage_rgb2eq_U0/grp_stage_rgb2eq_Pipeline_VITIS_LOOP_116_2_fu_2424/trunc_ln116_reg_13363_reg[2]_rep__3/C
                            (rising edge-triggered cell FDRE clocked by ap_clk  {rise@0.000ns fall@2.000ns period=4.000ns})
  Destination:            bd_0_i/hls_inst/inst/stage_rgb2eq_U0/grp_stage_rgb2eq_Pipeline_VITIS_LOOP_116_2_fu_2424/cdf_190_fu_2326_reg[19]/D
                            (rising edge-triggered cell FDRE clocked by ap_clk  {rise@0.000ns fall@2.000ns period=4.000ns})
  Path Group:             ap_clk
  Path Type:              Setup (Max at Slow Process Corner)
  Requirement:            4.000ns  (ap_clk rise@4.000ns - ap_clk rise@0.000ns)
  Data Path Delay:        4.228ns  (logic 0.785ns (18.566%)  route 3.443ns (81.434%))
  Logic Levels:           7  (CARRY8=2 LUT6=3 MUXF7=1 MUXF8=1)
  Clock Path Skew:        -0.010ns (DCD - SCD + CPR)
    Destination Clock Delay (DCD):    0.025ns = ( 4.025 - 4.000 ) 
    Source Clock Delay      (SCD):    0.035ns
    Clock Pessimism Removal (CPR):    0.000ns
  Clock Uncertainty:      0.035ns  ((TSJ^2 + TIJ^2)^1/2 + DJ) / 2 + PE
    Total System Jitter     (TSJ):    0.071ns
    Total Input Jitter      (TIJ):    0.000ns
    Discrete Jitter          (DJ):    0.000ns
    Phase Error              (PE):    0.000ns

    Location             Delay type                Incr(ns)  Path(ns)    Netlist Resource(s)
  -------------------------------------------------------------------    -------------------
                         (clock ap_clk rise edge)     0.000     0.000 r  
                                                      0.000     0.000 r  ap_clk (IN)
                         net (fo=65930, unset)        0.035     0.035    bd_0_i/hls_inst/inst/stage_rgb2eq_U0/grp_stage_rgb2eq_Pipeline_VITIS_LOOP_116_2_fu_2424/ap_clk
    SLICE_X38Y127        FDRE                                         r  bd_0_i/hls_inst/inst/stage_rgb2eq_U0/grp_stage_rgb2eq_Pipeline_VITIS_LOOP_116_2_fu_2424/trunc_ln116_reg_13363_reg[2]_rep__3/C
  -------------------------------------------------------------------    -------------------
    SLICE_X38Y127        FDRE (Prop_AFF2_SLICEL_C_Q)
                                                      0.099     0.134 r  bd_0_i/hls_inst/inst/stage_rgb2eq_U0/grp_stage_rgb2eq_Pipeline_VITIS_LOOP_116_2_fu_2424/trunc_ln116_reg_13363_reg[2]_rep__3/Q
                         net (fo=112, routed)         0.958     1.092    bd_0_i/hls_inst/inst/stage_rgb2eq_U0/grp_stage_rgb2eq_Pipeline_VITIS_LOOP_116_2_fu_2424/trunc_ln116_reg_13363_reg[2]_rep__3_n_8
    SLICE_X29Y130        MUXF7 (Prop_F7MUX_EF_SLICEM_S_O)
                                                      0.091     1.183 r  bd_0_i/hls_inst/inst/stage_rgb2eq_U0/grp_stage_rgb2eq_Pipeline_VITIS_LOOP_116_2_fu_2424/cdf_2_fu_1574_reg[15]_i_463/O
                         net (fo=1, routed)           0.000     1.183    bd_0_i/hls_inst/inst/stage_rgb2eq_U0/grp_stage_rgb2eq_Pipeline_VITIS_LOOP_116_2_fu_2424/cdf_2_fu_1574_reg[15]_i_463_n_8
    SLICE_X29Y130        MUXF8 (Prop_F8MUX_TOP_SLICEM_I1_O)
                                                      0.028     1.211 r  bd_0_i/hls_inst/inst/stage_rgb2eq_U0/grp_stage_rgb2eq_Pipeline_VITIS_LOOP_116_2_fu_2424/cdf_2_fu_1574_reg[15]_i_189/O
                         net (fo=1, routed)           0.615     1.826    bd_0_i/hls_inst/inst/stage_rgb2eq_U0/grp_stage_rgb2eq_Pipeline_VITIS_LOOP_116_2_fu_2424/cdf_2_fu_1574_reg[15]_i_189_n_8
    SLICE_X36Y125        LUT6 (Prop_D6LUT_SLICEL_I5_O)
                                                      0.099     1.925 r  bd_0_i/hls_inst/inst/stage_rgb2eq_U0/grp_stage_rgb2eq_Pipeline_VITIS_LOOP_116_2_fu_2424/cdf_2_fu_1574[15]_i_58/O
                         net (fo=1, routed)           0.211     2.136    bd_0_i/hls_inst/inst/stage_rgb2eq_U0/grp_stage_rgb2eq_Pipeline_VITIS_LOOP_116_2_fu_2424/cdf_2_fu_1574[15]_i_58_n_8
    SLICE_X35Y127        LUT6 (Prop_G6LUT_SLICEL_I0_O)
                                                      0.114     2.250 r  bd_0_i/hls_inst/inst/stage_rgb2eq_U0/grp_stage_rgb2eq_Pipeline_VITIS_LOOP_116_2_fu_2424/cdf_2_fu_1574[15]_i_16/O
                         net (fo=1, routed)           0.385     2.635    bd_0_i/hls_inst/inst/stage_rgb2eq_U0/grp_stage_rgb2eq_Pipeline_VITIS_LOOP_116_2_fu_2424/cdf_2_fu_1574[15]_i_16_n_8
    SLICE_X36Y133        LUT6 (Prop_F6LUT_SLICEL_I1_O)
                                                      0.039     2.674 r  bd_0_i/hls_inst/inst/stage_rgb2eq_U0/grp_stage_rgb2eq_Pipeline_VITIS_LOOP_116_2_fu_2424/cdf_2_fu_1574[15]_i_4/O
                         net (fo=1, routed)           0.012     2.686    bd_0_i/hls_inst/inst/stage_rgb2eq_U0/grp_stage_rgb2eq_Pipeline_VITIS_LOOP_116_2_fu_2424/cdf_2_fu_1574[15]_i_4_n_8
    SLICE_X36Y133        CARRY8 (Prop_CARRY8_SLICEL_S[5]_CO[7])
                                                      0.197     2.883 r  bd_0_i/hls_inst/inst/stage_rgb2eq_U0/grp_stage_rgb2eq_Pipeline_VITIS_LOOP_116_2_fu_2424/cdf_2_fu_1574_reg[15]_i_1/CO[7]
                         net (fo=1, routed)           0.028     2.911    bd_0_i/hls_inst/inst/stage_rgb2eq_U0/grp_stage_rgb2eq_Pipeline_VITIS_LOOP_116_2_fu_2424/cdf_2_fu_1574_reg[15]_i_1_n_8
    SLICE_X36Y134        CARRY8 (Prop_CARRY8_SLICEL_CI_O[3])
                                                      0.118     3.029 r  bd_0_i/hls_inst/inst/stage_rgb2eq_U0/grp_stage_rgb2eq_Pipeline_VITIS_LOOP_116_2_fu_2424/cdf_2_fu_1574_reg[23]_i_1/O[3]
                         net (fo=255, routed)         1.234     4.263    bd_0_i/hls_inst/inst/stage_rgb2eq_U0/grp_stage_rgb2eq_Pipeline_VITIS_LOOP_116_2_fu_2424/cdf_255_fu_9264_p2[19]
    SLICE_X46Y150        FDRE                                         r  bd_0_i/hls_inst/inst/stage_rgb2eq_U0/grp_stage_rgb2eq_Pipeline_VITIS_LOOP_116_2_fu_2424/cdf_190_fu_2326_reg[19]/D
  -------------------------------------------------------------------    -------------------

                         (clock ap_clk rise edge)     4.000     4.000 r  
                                                      0.000     4.000 r  ap_clk (IN)
                         net (fo=65930, unset)        0.025     4.025    bd_0_i/hls_inst/inst/stage_rgb2eq_U0/grp_stage_rgb2eq_Pipeline_VITIS_LOOP_116_2_fu_2424/ap_clk
    SLICE_X46Y150        FDRE                                         r  bd_0_i/hls_inst/inst/stage_rgb2eq_U0/grp_stage_rgb2eq_Pipeline_VITIS_LOOP_116_2_fu_2424/cdf_190_fu_2326_reg[19]/C
                         clock pessimism              0.000     4.025    
                         clock uncertainty           -0.035     3.990    
    SLICE_X46Y150        FDRE (Setup_HFF_SLICEL_C_D)
                                                      0.027     4.017    bd_0_i/hls_inst/inst/stage_rgb2eq_U0/grp_stage_rgb2eq_Pipeline_VITIS_LOOP_116_2_fu_2424/cdf_190_fu_2326_reg[19]
  -------------------------------------------------------------------
                         required time                          4.017    
                         arrival time                          -4.263    
  -------------------------------------------------------------------
                         slack                                 -0.246    

Slack (VIOLATED) :        -0.245ns  (required time - arrival time)
  Source:                 bd_0_i/hls_inst/inst/stage_rgb2eq_U0/grp_stage_rgb2eq_Pipeline_BUILD_HIST_fu_2163/bin_3_reg_12342_reg[3]/C
                            (rising edge-triggered cell FDSE clocked by ap_clk  {rise@0.000ns fall@2.000ns period=4.000ns})
  Destination:            bd_0_i/hls_inst/inst/stage_rgb2eq_U0/grp_stage_rgb2eq_Pipeline_BUILD_HIST_fu_2163/histogram_26_fu_1220_reg[27]/D
                            (rising edge-triggered cell FDRE clocked by ap_clk  {rise@0.000ns fall@2.000ns period=4.000ns})
  Path Group:             ap_clk
  Path Type:              Setup (Max at Slow Process Corner)
  Requirement:            4.000ns  (ap_clk rise@4.000ns - ap_clk rise@0.000ns)
  Data Path Delay:        4.225ns  (logic 0.786ns (18.605%)  route 3.439ns (81.395%))
  Logic Levels:           7  (CARRY8=4 LUT6=2 MUXF8=1)
  Clock Path Skew:        -0.012ns (DCD - SCD + CPR)
    Destination Clock Delay (DCD):    0.025ns = ( 4.025 - 4.000 ) 
    Source Clock Delay      (SCD):    0.037ns
    Clock Pessimism Removal (CPR):    0.000ns
  Clock Uncertainty:      0.035ns  ((TSJ^2 + TIJ^2)^1/2 + DJ) / 2 + PE
    Total System Jitter     (TSJ):    0.071ns
    Total Input Jitter      (TIJ):    0.000ns
    Discrete Jitter          (DJ):    0.000ns
    Phase Error              (PE):    0.000ns

    Location             Delay type                Incr(ns)  Path(ns)    Netlist Resource(s)
  -------------------------------------------------------------------    -------------------
                         (clock ap_clk rise edge)     0.000     0.000 r  
                                                      0.000     0.000 r  ap_clk (IN)
                         net (fo=65930, unset)        0.037     0.037    bd_0_i/hls_inst/inst/stage_rgb2eq_U0/grp_stage_rgb2eq_Pipeline_BUILD_HIST_fu_2163/ap_clk
    SLICE_X14Y138        FDSE                                         r  bd_0_i/hls_inst/inst/stage_rgb2eq_U0/grp_stage_rgb2eq_Pipeline_BUILD_HIST_fu_2163/bin_3_reg_12342_reg[3]/C
  -------------------------------------------------------------------    -------------------
    SLICE_X14Y138        FDSE (Prop_AFF_SLICEM_C_Q)
                                                      0.093     0.130 r  bd_0_i/hls_inst/inst/stage_rgb2eq_U0/grp_stage_rgb2eq_Pipeline_BUILD_HIST_fu_2163/bin_3_reg_12342_reg[3]/Q
                         net (fo=644, routed)         1.077     1.207    bd_0_i/hls_inst/inst/stage_rgb2eq_U0/grp_stage_rgb2eq_Pipeline_BUILD_HIST_fu_2163/bin_3_reg_12342[3]
    SLICE_X1Y101         MUXF8 (Prop_F8MUX_BOT_SLICEM_S_O)
                                                      0.095     1.302 r  bd_0_i/hls_inst/inst/stage_rgb2eq_U0/grp_stage_rgb2eq_Pipeline_BUILD_HIST_fu_2163/histogram_1_fu_1120_reg[8]_i_166/O
                         net (fo=1, routed)           0.307     1.609    bd_0_i/hls_inst/inst/stage_rgb2eq_U0/grp_stage_rgb2eq_Pipeline_BUILD_HIST_fu_2163/histogram_1_fu_1120_reg[8]_i_166_n_8
    SLICE_X1Y107         LUT6 (Prop_H6LUT_SLICEM_I5_O)
                                                      0.151     1.760 r  bd_0_i/hls_inst/inst/stage_rgb2eq_U0/grp_stage_rgb2eq_Pipeline_BUILD_HIST_fu_2163/histogram_1_fu_1120[8]_i_41/O
                         net (fo=1, routed)           0.410     2.170    bd_0_i/hls_inst/inst/stage_rgb2eq_U0/grp_stage_rgb2eq_Pipeline_BUILD_HIST_fu_2163/histogram_1_fu_1120[8]_i_41_n_8
    SLICE_X5Y122         LUT6 (Prop_E6LUT_SLICEM_I3_O)
                                                      0.063     2.233 r  bd_0_i/hls_inst/inst/stage_rgb2eq_U0/grp_stage_rgb2eq_Pipeline_BUILD_HIST_fu_2163/histogram_1_fu_1120[8]_i_10/O
                         net (fo=1, routed)           0.471     2.704    bd_0_i/hls_inst/inst/stage_rgb2eq_U0/grp_stage_rgb2eq_Pipeline_BUILD_HIST_fu_2163/dout_tmp[1]
    SLICE_X10Y122        CARRY8 (Prop_CARRY8_SLICEL_S[0]_CO[7])
                                                      0.238     2.942 r  bd_0_i/hls_inst/inst/stage_rgb2eq_U0/grp_stage_rgb2eq_Pipeline_BUILD_HIST_fu_2163/histogram_1_fu_1120_reg[8]_i_1/CO[7]
                         net (fo=1, routed)           0.028     2.970    bd_0_i/hls_inst/inst/stage_rgb2eq_U0/grp_stage_rgb2eq_Pipeline_BUILD_HIST_fu_2163/histogram_1_fu_1120_reg[8]_i_1_n_8
    SLICE_X10Y123        CARRY8 (Prop_CARRY8_SLICEL_CI_CO[7])
                                                      0.023     2.993 r  bd_0_i/hls_inst/inst/stage_rgb2eq_U0/grp_stage_rgb2eq_Pipeline_BUILD_HIST_fu_2163/histogram_1_fu_1120_reg[16]_i_1/CO[7]
                         net (fo=1, routed)           0.028     3.021    bd_0_i/hls_inst/inst/stage_rgb2eq_U0/grp_stage_rgb2eq_Pipeline_BUILD_HIST_fu_2163/histogram_1_fu_1120_reg[16]_i_1_n_8
    SLICE_X10Y124        CARRY8 (Prop_CARRY8_SLICEL_CI_CO[7])
                                                      0.023     3.044 r  bd_0_i/hls_inst/inst/stage_rgb2eq_U0/grp_stage_rgb2eq_Pipeline_BUILD_HIST_fu_2163/histogram_1_fu_1120_reg[24]_i_1/CO[7]
                         net (fo=1, routed)           0.028     3.072    bd_0_i/hls_inst/inst/stage_rgb2eq_U0/grp_stage_rgb2eq_Pipeline_BUILD_HIST_fu_2163/histogram_1_fu_1120_reg[24]_i_1_n_8
    SLICE_X10Y125        CARRY8 (Prop_CARRY8_SLICEL_CI_O[2])
                                                      0.100     3.172 r  bd_0_i/hls_inst/inst/stage_rgb2eq_U0/grp_stage_rgb2eq_Pipeline_BUILD_HIST_fu_2163/histogram_1_fu_1120_reg[31]_i_3/O[2]
                         net (fo=256, routed)         1.089     4.262    bd_0_i/hls_inst/inst/stage_rgb2eq_U0/grp_stage_rgb2eq_Pipeline_BUILD_HIST_fu_2163/histogram_256_fu_7382_p2[27]
    SLICE_X17Y130        FDRE                                         r  bd_0_i/hls_inst/inst/stage_rgb2eq_U0/grp_stage_rgb2eq_Pipeline_BUILD_HIST_fu_2163/histogram_26_fu_1220_reg[27]/D
  -------------------------------------------------------------------    -------------------

                         (clock ap_clk rise edge)     4.000     4.000 r  
                                                      0.000     4.000 r  ap_clk (IN)
                         net (fo=65930, unset)        0.025     4.025    bd_0_i/hls_inst/inst/stage_rgb2eq_U0/grp_stage_rgb2eq_Pipeline_BUILD_HIST_fu_2163/ap_clk
    SLICE_X17Y130        FDRE                                         r  bd_0_i/hls_inst/inst/stage_rgb2eq_U0/grp_stage_rgb2eq_Pipeline_BUILD_HIST_fu_2163/histogram_26_fu_1220_reg[27]/C
                         clock pessimism              0.000     4.025    
                         clock uncertainty           -0.035     3.990    
    SLICE_X17Y130        FDRE (Setup_GFF2_SLICEL_C_D)
                                                      0.027     4.017    bd_0_i/hls_inst/inst/stage_rgb2eq_U0/grp_stage_rgb2eq_Pipeline_BUILD_HIST_fu_2163/histogram_26_fu_1220_reg[27]
  -------------------------------------------------------------------
                         required time                          4.017    
                         arrival time                          -4.262    
  -------------------------------------------------------------------
                         slack                                 -0.245    

Slack (VIOLATED) :        -0.244ns  (required time - arrival time)
  Source:                 bd_0_i/hls_inst/inst/stage_rgb2eq_U0/grp_stage_rgb2eq_Pipeline_BUILD_HIST_fu_2163/bin_3_reg_12342_reg[3]/C
                            (rising edge-triggered cell FDSE clocked by ap_clk  {rise@0.000ns fall@2.000ns period=4.000ns})
  Destination:            bd_0_i/hls_inst/inst/stage_rgb2eq_U0/grp_stage_rgb2eq_Pipeline_BUILD_HIST_fu_2163/histogram_29_fu_1232_reg[15]/D
                            (rising edge-triggered cell FDRE clocked by ap_clk  {rise@0.000ns fall@2.000ns period=4.000ns})
  Path Group:             ap_clk
  Path Type:              Setup (Max at Slow Process Corner)
  Requirement:            4.000ns  (ap_clk rise@4.000ns - ap_clk rise@0.000ns)
  Data Path Delay:        4.222ns  (logic 0.783ns (18.544%)  route 3.439ns (81.456%))
  Logic Levels:           5  (CARRY8=2 LUT6=2 MUXF8=1)
  Clock Path Skew:        -0.013ns (DCD - SCD + CPR)
    Destination Clock Delay (DCD):    0.024ns = ( 4.024 - 4.000 ) 
    Source Clock Delay      (SCD):    0.037ns
    Clock Pessimism Removal (CPR):    0.000ns
  Clock Uncertainty:      0.035ns  ((TSJ^2 + TIJ^2)^1/2 + DJ) / 2 + PE
    Total System Jitter     (TSJ):    0.071ns
    Total Input Jitter      (TIJ):    0.000ns
    Discrete Jitter          (DJ):    0.000ns
    Phase Error              (PE):    0.000ns

    Location             Delay type                Incr(ns)  Path(ns)    Netlist Resource(s)
  -------------------------------------------------------------------    -------------------
                         (clock ap_clk rise edge)     0.000     0.000 r  
                                                      0.000     0.000 r  ap_clk (IN)
                         net (fo=65930, unset)        0.037     0.037    bd_0_i/hls_inst/inst/stage_rgb2eq_U0/grp_stage_rgb2eq_Pipeline_BUILD_HIST_fu_2163/ap_clk
    SLICE_X14Y138        FDSE                                         r  bd_0_i/hls_inst/inst/stage_rgb2eq_U0/grp_stage_rgb2eq_Pipeline_BUILD_HIST_fu_2163/bin_3_reg_12342_reg[3]/C
  -------------------------------------------------------------------    -------------------
    SLICE_X14Y138        FDSE (Prop_AFF_SLICEM_C_Q)
                                                      0.093     0.130 r  bd_0_i/hls_inst/inst/stage_rgb2eq_U0/grp_stage_rgb2eq_Pipeline_BUILD_HIST_fu_2163/bin_3_reg_12342_reg[3]/Q
                         net (fo=644, routed)         1.077     1.207    bd_0_i/hls_inst/inst/stage_rgb2eq_U0/grp_stage_rgb2eq_Pipeline_BUILD_HIST_fu_2163/bin_3_reg_12342[3]
    SLICE_X1Y101         MUXF8 (Prop_F8MUX_BOT_SLICEM_S_O)
                                                      0.095     1.302 r  bd_0_i/hls_inst/inst/stage_rgb2eq_U0/grp_stage_rgb2eq_Pipeline_BUILD_HIST_fu_2163/histogram_1_fu_1120_reg[8]_i_166/O
                         net (fo=1, routed)           0.307     1.609    bd_0_i/hls_inst/inst/stage_rgb2eq_U0/grp_stage_rgb2eq_Pipeline_BUILD_HIST_fu_2163/histogram_1_fu_1120_reg[8]_i_166_n_8
    SLICE_X1Y107         LUT6 (Prop_H6LUT_SLICEM_I5_O)
                                                      0.151     1.760 r  bd_0_i/hls_inst/inst/stage_rgb2eq_U0/grp_stage_rgb2eq_Pipeline_BUILD_HIST_fu_2163/histogram_1_fu_1120[8]_i_41/O
                         net (fo=1, routed)           0.410     2.170    bd_0_i/hls_inst/inst/stage_rgb2eq_U0/grp_stage_rgb2eq_Pipeline_BUILD_HIST_fu_2163/histogram_1_fu_1120[8]_i_41_n_8
    SLICE_X5Y122         LUT6 (Prop_E6LUT_SLICEM_I3_O)
                                                      0.063     2.233 r  bd_0_i/hls_inst/inst/stage_rgb2eq_U0/grp_stage_rgb2eq_Pipeline_BUILD_HIST_fu_2163/histogram_1_fu_1120[8]_i_10/O
                         net (fo=1, routed)           0.471     2.704    bd_0_i/hls_inst/inst/stage_rgb2eq_U0/grp_stage_rgb2eq_Pipeline_BUILD_HIST_fu_2163/dout_tmp[1]
    SLICE_X10Y122        CARRY8 (Prop_CARRY8_SLICEL_S[0]_CO[7])
                                                      0.238     2.942 r  bd_0_i/hls_inst/inst/stage_rgb2eq_U0/grp_stage_rgb2eq_Pipeline_BUILD_HIST_fu_2163/histogram_1_fu_1120_reg[8]_i_1/CO[7]
                         net (fo=1, routed)           0.028     2.970    bd_0_i/hls_inst/inst/stage_rgb2eq_U0/grp_stage_rgb2eq_Pipeline_BUILD_HIST_fu_2163/histogram_1_fu_1120_reg[8]_i_1_n_8
    SLICE_X10Y123        CARRY8 (Prop_CARRY8_SLICEL_CI_O[6])
                                                      0.143     3.113 r  bd_0_i/hls_inst/inst/stage_rgb2eq_U0/grp_stage_rgb2eq_Pipeline_BUILD_HIST_fu_2163/histogram_1_fu_1120_reg[16]_i_1/O[6]
                         net (fo=256, routed)         1.146     4.259    bd_0_i/hls_inst/inst/stage_rgb2eq_U0/grp_stage_rgb2eq_Pipeline_BUILD_HIST_fu_2163/histogram_256_fu_7382_p2[15]
    SLICE_X17Y108        FDRE                                         r  bd_0_i/hls_inst/inst/stage_rgb2eq_U0/grp_stage_rgb2eq_Pipeline_BUILD_HIST_fu_2163/histogram_29_fu_1232_reg[15]/D
  -------------------------------------------------------------------    -------------------

                         (clock ap_clk rise edge)     4.000     4.000 r  
                                                      0.000     4.000 r  ap_clk (IN)
                         net (fo=65930, unset)        0.024     4.024    bd_0_i/hls_inst/inst/stage_rgb2eq_U0/grp_stage_rgb2eq_Pipeline_BUILD_HIST_fu_2163/ap_clk
    SLICE_X17Y108        FDRE                                         r  bd_0_i/hls_inst/inst/stage_rgb2eq_U0/grp_stage_rgb2eq_Pipeline_BUILD_HIST_fu_2163/histogram_29_fu_1232_reg[15]/C
                         clock pessimism              0.000     4.024    
                         clock uncertainty           -0.035     3.989    
    SLICE_X17Y108        FDRE (Setup_CFF2_SLICEL_C_D)
                                                      0.027     4.016    bd_0_i/hls_inst/inst/stage_rgb2eq_U0/grp_stage_rgb2eq_Pipeline_BUILD_HIST_fu_2163/histogram_29_fu_1232_reg[15]
  -------------------------------------------------------------------
                         required time                          4.016    
                         arrival time                          -4.259    
  -------------------------------------------------------------------
                         slack                                 -0.244    

Slack (VIOLATED) :        -0.243ns  (required time - arrival time)
  Source:                 bd_0_i/hls_inst/inst/stage_rgb2eq_U0/grp_stage_rgb2eq_Pipeline_BUILD_HIST_fu_2163/bin_3_reg_12342_reg[3]/C
                            (rising edge-triggered cell FDSE clocked by ap_clk  {rise@0.000ns fall@2.000ns period=4.000ns})
  Destination:            bd_0_i/hls_inst/inst/stage_rgb2eq_U0/grp_stage_rgb2eq_Pipeline_BUILD_HIST_fu_2163/histogram_26_fu_1220_reg[10]/D
                            (rising edge-triggered cell FDRE clocked by ap_clk  {rise@0.000ns fall@2.000ns period=4.000ns})
  Path Group:             ap_clk
  Path Type:              Setup (Max at Slow Process Corner)
  Requirement:            4.000ns  (ap_clk rise@4.000ns - ap_clk rise@0.000ns)
  Data Path Delay:        4.224ns  (logic 0.751ns (17.780%)  route 3.473ns (82.220%))
  Logic Levels:           5  (CARRY8=2 LUT6=2 MUXF8=1)
  Clock Path Skew:        -0.011ns (DCD - SCD + CPR)
    Destination Clock Delay (DCD):    0.026ns = ( 4.026 - 4.000 ) 
    Source Clock Delay      (SCD):    0.037ns
    Clock Pessimism Removal (CPR):    0.000ns
  Clock Uncertainty:      0.035ns  ((TSJ^2 + TIJ^2)^1/2 + DJ) / 2 + PE
    Total System Jitter     (TSJ):    0.071ns
    Total Input Jitter      (TIJ):    0.000ns
    Discrete Jitter          (DJ):    0.000ns
    Phase Error              (PE):    0.000ns

    Location             Delay type                Incr(ns)  Path(ns)    Netlist Resource(s)
  -------------------------------------------------------------------    -------------------
                         (clock ap_clk rise edge)     0.000     0.000 r  
                                                      0.000     0.000 r  ap_clk (IN)
                         net (fo=65930, unset)        0.037     0.037    bd_0_i/hls_inst/inst/stage_rgb2eq_U0/grp_stage_rgb2eq_Pipeline_BUILD_HIST_fu_2163/ap_clk
    SLICE_X14Y138        FDSE                                         r  bd_0_i/hls_inst/inst/stage_rgb2eq_U0/grp_stage_rgb2eq_Pipeline_BUILD_HIST_fu_2163/bin_3_reg_12342_reg[3]/C
  -------------------------------------------------------------------    -------------------
    SLICE_X14Y138        FDSE (Prop_AFF_SLICEM_C_Q)
                                                      0.093     0.130 r  bd_0_i/hls_inst/inst/stage_rgb2eq_U0/grp_stage_rgb2eq_Pipeline_BUILD_HIST_fu_2163/bin_3_reg_12342_reg[3]/Q
                         net (fo=644, routed)         1.077     1.207    bd_0_i/hls_inst/inst/stage_rgb2eq_U0/grp_stage_rgb2eq_Pipeline_BUILD_HIST_fu_2163/bin_3_reg_12342[3]
    SLICE_X1Y101         MUXF8 (Prop_F8MUX_BOT_SLICEM_S_O)
                                                      0.095     1.302 r  bd_0_i/hls_inst/inst/stage_rgb2eq_U0/grp_stage_rgb2eq_Pipeline_BUILD_HIST_fu_2163/histogram_1_fu_1120_reg[8]_i_166/O
                         net (fo=1, routed)           0.307     1.609    bd_0_i/hls_inst/inst/stage_rgb2eq_U0/grp_stage_rgb2eq_Pipeline_BUILD_HIST_fu_2163/histogram_1_fu_1120_reg[8]_i_166_n_8
    SLICE_X1Y107         LUT6 (Prop_H6LUT_SLICEM_I5_O)
                                                      0.151     1.760 r  bd_0_i/hls_inst/inst/stage_rgb2eq_U0/grp_stage_rgb2eq_Pipeline_BUILD_HIST_fu_2163/histogram_1_fu_1120[8]_i_41/O
                         net (fo=1, routed)           0.410     2.170    bd_0_i/hls_inst/inst/stage_rgb2eq_U0/grp_stage_rgb2eq_Pipeline_BUILD_HIST_fu_2163/histogram_1_fu_1120[8]_i_41_n_8
    SLICE_X5Y122         LUT6 (Prop_E6LUT_SLICEM_I3_O)
                                                      0.063     2.233 r  bd_0_i/hls_inst/inst/stage_rgb2eq_U0/grp_stage_rgb2eq_Pipeline_BUILD_HIST_fu_2163/histogram_1_fu_1120[8]_i_10/O
                         net (fo=1, routed)           0.471     2.704    bd_0_i/hls_inst/inst/stage_rgb2eq_U0/grp_stage_rgb2eq_Pipeline_BUILD_HIST_fu_2163/dout_tmp[1]
    SLICE_X10Y122        CARRY8 (Prop_CARRY8_SLICEL_S[0]_CO[7])
                                                      0.238     2.942 r  bd_0_i/hls_inst/inst/stage_rgb2eq_U0/grp_stage_rgb2eq_Pipeline_BUILD_HIST_fu_2163/histogram_1_fu_1120_reg[8]_i_1/CO[7]
                         net (fo=1, routed)           0.028     2.970    bd_0_i/hls_inst/inst/stage_rgb2eq_U0/grp_stage_rgb2eq_Pipeline_BUILD_HIST_fu_2163/histogram_1_fu_1120_reg[8]_i_1_n_8
    SLICE_X10Y123        CARRY8 (Prop_CARRY8_SLICEL_CI_O[1])
                                                      0.111     3.081 r  bd_0_i/hls_inst/inst/stage_rgb2eq_U0/grp_stage_rgb2eq_Pipeline_BUILD_HIST_fu_2163/histogram_1_fu_1120_reg[16]_i_1/O[1]
                         net (fo=256, routed)         1.180     4.261    bd_0_i/hls_inst/inst/stage_rgb2eq_U0/grp_stage_rgb2eq_Pipeline_BUILD_HIST_fu_2163/histogram_256_fu_7382_p2[10]
    SLICE_X16Y112        FDRE                                         r  bd_0_i/hls_inst/inst/stage_rgb2eq_U0/grp_stage_rgb2eq_Pipeline_BUILD_HIST_fu_2163/histogram_26_fu_1220_reg[10]/D
  -------------------------------------------------------------------    -------------------

                         (clock ap_clk rise edge)     4.000     4.000 r  
                                                      0.000     4.000 r  ap_clk (IN)
                         net (fo=65930, unset)        0.026     4.026    bd_0_i/hls_inst/inst/stage_rgb2eq_U0/grp_stage_rgb2eq_Pipeline_BUILD_HIST_fu_2163/ap_clk
    SLICE_X16Y112        FDRE                                         r  bd_0_i/hls_inst/inst/stage_rgb2eq_U0/grp_stage_rgb2eq_Pipeline_BUILD_HIST_fu_2163/histogram_26_fu_1220_reg[10]/C
                         clock pessimism              0.000     4.026    
                         clock uncertainty           -0.035     3.991    
    SLICE_X16Y112        FDRE (Setup_EFF_SLICEM_C_D)
                                                      0.027     4.018    bd_0_i/hls_inst/inst/stage_rgb2eq_U0/grp_stage_rgb2eq_Pipeline_BUILD_HIST_fu_2163/histogram_26_fu_1220_reg[10]
  -------------------------------------------------------------------
                         required time                          4.018    
                         arrival time                          -4.261    
  -------------------------------------------------------------------
                         slack                                 -0.243    




