Copyright 1986-2022 Xilinx, Inc. All Rights Reserved. Copyright 2022-2025 Advanced Micro Devices, Inc. All Rights Reserved.
---------------------------------------------------------------------------------------------------------------------------------------------
| Tool Version : Vivado v.2025.1.1 (lin64) Build 6233196 Thu Sep 11 21:27:11 MDT 2025
| Date         : Fri Apr 10 19:46:14 2026
| Host         : ece-linlabsrv01 running 64-bit Red Hat Enterprise Linux release 8.10 (Ootpa)
| Command      : report_utilization -hierarchical -hierarchical_depth 7 -file ./report/top_kernel_utilization_hierarchical_synth.rpt
| Design       : bd_0_wrapper
| Device       : xczu3eg-sbva484-1-e
| Speed File   : -1
| Design State : Synthesized
---------------------------------------------------------------------------------------------------------------------------------------------

Utilization Design Information

Table of Contents
-----------------
1. Utilization by Hierarchy

1. Utilization by Hierarchy
---------------------------

+-----------------------------------------------------------------------------------+-------------------------------------------------------------------------------------+------------+------------+---------+------+-------+--------+--------+------+------------+
|                                      Instance                                     |                                        Module                                       | Total LUTs | Logic LUTs | LUTRAMs | SRLs |  FFs  | RAMB36 | RAMB18 | URAM | DSP Blocks |
+-----------------------------------------------------------------------------------+-------------------------------------------------------------------------------------+------------+------------+---------+------+-------+--------+--------+------+------------+
| bd_0_wrapper                                                                      |                                                                               (top) |      49975 |      47274 |     320 | 2381 | 63890 |     14 |     53 |    0 |        318 |
|   bd_0_i                                                                          |                                                                                bd_0 |      49975 |      47274 |     320 | 2381 | 63890 |     14 |     53 |    0 |        318 |
|     hls_inst                                                                      |                                                                     bd_0_hls_inst_0 |      49975 |      47274 |     320 | 2381 | 63890 |     14 |     53 |    0 |        318 |
|       inst                                                                        |                                                          bd_0_hls_inst_0_top_kernel |      49975 |      47274 |     320 | 2381 | 63890 |     14 |     53 |    0 |        318 |
|         start_for_stage_gaussian_U0_U                                             |                              bd_0_hls_inst_0_top_kernel_start_for_stage_gaussian_U0 |         55 |         55 |       0 |    0 |     4 |      0 |      0 |    0 |          0 |
|         Loop_VITIS_LOOP_419_1_proc_U0                                             |                               bd_0_hls_inst_0_top_kernel_Loop_VITIS_LOOP_419_1_proc |        110 |        108 |       0 |    2 |   165 |      0 |      0 |    0 |          0 |
|           (Loop_VITIS_LOOP_419_1_proc_U0)                                         |                               bd_0_hls_inst_0_top_kernel_Loop_VITIS_LOOP_419_1_proc |         90 |         88 |       0 |    2 |   164 |      0 |      0 |    0 |          0 |
|         bilateral_stream_U                                                        |                                          bd_0_hls_inst_0_top_kernel_fifo_w16_d256_A |        243 |        163 |      80 |    0 |    53 |      0 |      0 |    0 |          0 |
|           (bilateral_stream_U)                                                    |                                          bd_0_hls_inst_0_top_kernel_fifo_w16_d256_A |        142 |        142 |       0 |    0 |    37 |      0 |      0 |    0 |          0 |
|           U_top_kernel_fifo_w16_d256_A_ram                                        |                                 bd_0_hls_inst_0_top_kernel_fifo_w16_d256_A_ram_6628 |        101 |         21 |      80 |    0 |    16 |      0 |      0 |    0 |          0 |
|         control_s_axi_U                                                           |                                            bd_0_hls_inst_0_top_kernel_control_s_axi |        322 |        322 |       0 |    0 |   309 |      0 |      0 |    0 |          0 |
|         equalized_stream_U                                                        |                                        bd_0_hls_inst_0_top_kernel_fifo_w16_d256_A_0 |        148 |         68 |      80 |    0 |    53 |      0 |      0 |    0 |          0 |
|           U_top_kernel_fifo_w16_d256_A_ram                                        |                                 bd_0_hls_inst_0_top_kernel_fifo_w16_d256_A_ram_6627 |        101 |         21 |      80 |    0 |    16 |      0 |      0 |    0 |          0 |
|         gaussian_stream_U                                                         |                                        bd_0_hls_inst_0_top_kernel_fifo_w16_d256_A_1 |        148 |         68 |      80 |    0 |    53 |      0 |      0 |    0 |          0 |
|           U_top_kernel_fifo_w16_d256_A_ram                                        |                                 bd_0_hls_inst_0_top_kernel_fifo_w16_d256_A_ram_6626 |        101 |         21 |      80 |    0 |    16 |      0 |      0 |    0 |          0 |
|         gmem0_m_axi_U                                                             |                                              bd_0_hls_inst_0_top_kernel_gmem0_m_axi |        627 |        533 |       0 |   94 |   889 |      4 |      0 |    0 |          0 |
|           bus_read                                                                |                                         bd_0_hls_inst_0_top_kernel_gmem0_m_axi_read |        396 |        396 |       0 |    0 |   634 |      0 |      0 |    0 |          0 |
|             rreq_burst_conv                                                       |                              bd_0_hls_inst_0_top_kernel_gmem0_m_axi_burst_converter |        318 |        318 |       0 |    0 |   532 |      0 |      0 |    0 |          0 |
|               burst_sequential                                                    |                             bd_0_hls_inst_0_top_kernel_gmem0_m_axi_burst_sequential |        318 |        318 |       0 |    0 |   532 |      0 |      0 |    0 |          0 |
|             rs_rdata                                                              |                    bd_0_hls_inst_0_top_kernel_gmem0_m_axi_reg_slice__parameterized0 |         40 |         40 |       0 |    0 |    71 |      0 |      0 |    0 |          0 |
|           load_unit_0                                                             |                                         bd_0_hls_inst_0_top_kernel_gmem0_m_axi_load |        231 |        137 |       0 |   94 |   255 |      4 |      0 |    0 |          0 |
|             (load_unit_0)                                                         |                                         bd_0_hls_inst_0_top_kernel_gmem0_m_axi_load |          1 |          1 |       0 |    0 |    94 |      0 |      0 |    0 |          0 |
|             buff_rdata                                                            |                         bd_0_hls_inst_0_top_kernel_gmem0_m_axi_fifo__parameterized0 |         77 |         77 |       0 |    0 |    53 |      4 |      0 |    0 |          0 |
|               (buff_rdata)                                                        |                         bd_0_hls_inst_0_top_kernel_gmem0_m_axi_fifo__parameterized0 |         71 |         71 |       0 |    0 |    53 |      0 |      0 |    0 |          0 |
|             fifo_rreq                                                             |                                         bd_0_hls_inst_0_top_kernel_gmem0_m_axi_fifo |        153 |         59 |       0 |   94 |   108 |      0 |      0 |    0 |          0 |
|               U_fifo_srl                                                          |                                          bd_0_hls_inst_0_top_kernel_gmem0_m_axi_srl |        135 |         41 |       0 |   94 |    94 |      0 |      0 |    0 |          0 |
|         gmem1_m_axi_U                                                             |                                              bd_0_hls_inst_0_top_kernel_gmem1_m_axi |        627 |        533 |       0 |   94 |   889 |      4 |      0 |    0 |          0 |
|           bus_read                                                                |                                         bd_0_hls_inst_0_top_kernel_gmem1_m_axi_read |        396 |        396 |       0 |    0 |   634 |      0 |      0 |    0 |          0 |
|             rreq_burst_conv                                                       |                              bd_0_hls_inst_0_top_kernel_gmem1_m_axi_burst_converter |        318 |        318 |       0 |    0 |   532 |      0 |      0 |    0 |          0 |
|               burst_sequential                                                    |                             bd_0_hls_inst_0_top_kernel_gmem1_m_axi_burst_sequential |        318 |        318 |       0 |    0 |   532 |      0 |      0 |    0 |          0 |
|             rs_rdata                                                              |                    bd_0_hls_inst_0_top_kernel_gmem1_m_axi_reg_slice__parameterized0 |         40 |         40 |       0 |    0 |    71 |      0 |      0 |    0 |          0 |
|           load_unit_0                                                             |                                         bd_0_hls_inst_0_top_kernel_gmem1_m_axi_load |        231 |        137 |       0 |   94 |   255 |      4 |      0 |    0 |          0 |
|             (load_unit_0)                                                         |                                         bd_0_hls_inst_0_top_kernel_gmem1_m_axi_load |          1 |          1 |       0 |    0 |    94 |      0 |      0 |    0 |          0 |
|             buff_rdata                                                            |                         bd_0_hls_inst_0_top_kernel_gmem1_m_axi_fifo__parameterized0 |         77 |         77 |       0 |    0 |    53 |      4 |      0 |    0 |          0 |
|               (buff_rdata)                                                        |                         bd_0_hls_inst_0_top_kernel_gmem1_m_axi_fifo__parameterized0 |         71 |         71 |       0 |    0 |    53 |      0 |      0 |    0 |          0 |
|             fifo_rreq                                                             |                                         bd_0_hls_inst_0_top_kernel_gmem1_m_axi_fifo |        153 |         59 |       0 |   94 |   108 |      0 |      0 |    0 |          0 |
|               U_fifo_srl                                                          |                                          bd_0_hls_inst_0_top_kernel_gmem1_m_axi_srl |        135 |         41 |       0 |   94 |    94 |      0 |      0 |    0 |          0 |
|         gmem2_m_axi_U                                                             |                                              bd_0_hls_inst_0_top_kernel_gmem2_m_axi |        628 |        534 |       0 |   94 |   889 |      4 |      0 |    0 |          0 |
|           bus_read                                                                |                                         bd_0_hls_inst_0_top_kernel_gmem2_m_axi_read |        396 |        396 |       0 |    0 |   634 |      0 |      0 |    0 |          0 |
|             rreq_burst_conv                                                       |                              bd_0_hls_inst_0_top_kernel_gmem2_m_axi_burst_converter |        318 |        318 |       0 |    0 |   532 |      0 |      0 |    0 |          0 |
|               burst_sequential                                                    |                             bd_0_hls_inst_0_top_kernel_gmem2_m_axi_burst_sequential |        318 |        318 |       0 |    0 |   532 |      0 |      0 |    0 |          0 |
|             rs_rdata                                                              |                    bd_0_hls_inst_0_top_kernel_gmem2_m_axi_reg_slice__parameterized0 |         40 |         40 |       0 |    0 |    71 |      0 |      0 |    0 |          0 |
|           load_unit_0                                                             |                                         bd_0_hls_inst_0_top_kernel_gmem2_m_axi_load |        232 |        138 |       0 |   94 |   255 |      4 |      0 |    0 |          0 |
|             (load_unit_0)                                                         |                                         bd_0_hls_inst_0_top_kernel_gmem2_m_axi_load |          1 |          1 |       0 |    0 |    94 |      0 |      0 |    0 |          0 |
|             buff_rdata                                                            |                         bd_0_hls_inst_0_top_kernel_gmem2_m_axi_fifo__parameterized0 |         77 |         77 |       0 |    0 |    53 |      4 |      0 |    0 |          0 |
|               (buff_rdata)                                                        |                         bd_0_hls_inst_0_top_kernel_gmem2_m_axi_fifo__parameterized0 |         71 |         71 |       0 |    0 |    53 |      0 |      0 |    0 |          0 |
|             fifo_rreq                                                             |                                         bd_0_hls_inst_0_top_kernel_gmem2_m_axi_fifo |        154 |         60 |       0 |   94 |   108 |      0 |      0 |    0 |          0 |
|               U_fifo_srl                                                          |                                          bd_0_hls_inst_0_top_kernel_gmem2_m_axi_srl |        135 |         41 |       0 |   94 |    94 |      0 |      0 |    0 |          0 |
|         gmem3_m_axi_U                                                             |                                              bd_0_hls_inst_0_top_kernel_gmem3_m_axi |        729 |        594 |       0 |  135 |   997 |      0 |      1 |    0 |          0 |
|           bus_write                                                               |                                        bd_0_hls_inst_0_top_kernel_gmem3_m_axi_write |        518 |        455 |       0 |   63 |   746 |      0 |      0 |    0 |          0 |
|             wreq_burst_conv                                                       |                              bd_0_hls_inst_0_top_kernel_gmem3_m_axi_burst_converter |        294 |        294 |       0 |    0 |   467 |      0 |      0 |    0 |          0 |
|               burst_sequential                                                    |                             bd_0_hls_inst_0_top_kernel_gmem3_m_axi_burst_sequential |        294 |        294 |       0 |    0 |   467 |      0 |      0 |    0 |          0 |
|             wreq_throttle                                                         |                                     bd_0_hls_inst_0_top_kernel_gmem3_m_axi_throttle |        196 |        134 |       0 |   62 |   256 |      0 |      0 |    0 |          0 |
|               rs_req                                                              |                    bd_0_hls_inst_0_top_kernel_gmem3_m_axi_reg_slice__parameterized1 |         78 |         78 |       0 |    0 |   145 |      0 |      0 |    0 |          0 |
|               fifo_burst_gen[0].fifo_req                                          |                         bd_0_hls_inst_0_top_kernel_gmem3_m_axi_fifo__parameterized4 |         81 |         19 |       0 |   62 |    79 |      0 |      0 |    0 |          0 |
|           store_unit_0                                                            |                                        bd_0_hls_inst_0_top_kernel_gmem3_m_axi_store |        211 |        139 |       0 |   72 |   251 |      0 |      1 |    0 |          0 |
|             (store_unit_0)                                                        |                                        bd_0_hls_inst_0_top_kernel_gmem3_m_axi_store |          1 |          1 |       0 |    0 |    84 |      0 |      0 |    0 |          0 |
|             conservative_gen.fifo_burst                                           |                                         bd_0_hls_inst_0_top_kernel_gmem3_m_axi_fifo |         53 |         45 |       0 |    8 |    25 |      0 |      0 |    0 |          0 |
|             fifo_wreq                                                             |                         bd_0_hls_inst_0_top_kernel_gmem3_m_axi_fifo__parameterized0 |         76 |         13 |       0 |   63 |    74 |      0 |      0 |    0 |          0 |
|               U_fifo_srl                                                          |                          bd_0_hls_inst_0_top_kernel_gmem3_m_axi_srl__parameterized0 |         65 |          2 |       0 |   63 |    63 |      0 |      0 |    0 |          0 |
|         morphology_stream_U                                                       |                                        bd_0_hls_inst_0_top_kernel_fifo_w16_d256_A_2 |        166 |         86 |      80 |    0 |    53 |      0 |      0 |    0 |          0 |
|           U_top_kernel_fifo_w16_d256_A_ram                                        |                                      bd_0_hls_inst_0_top_kernel_fifo_w16_d256_A_ram |        119 |         39 |      80 |    0 |    16 |      0 |      0 |    0 |          0 |
|         out_r_c_U                                                                 |                                            bd_0_hls_inst_0_top_kernel_fifo_w64_d6_S |         69 |          7 |       0 |   62 |     9 |      0 |      0 |    0 |          0 |
|           U_top_kernel_fifo_w64_d6_S_ShiftReg                                     |                                   bd_0_hls_inst_0_top_kernel_fifo_w64_d6_S_ShiftReg |         62 |          0 |       0 |   62 |     0 |      0 |      0 |    0 |          0 |
|         stage_bilateral_U0                                                        |                                          bd_0_hls_inst_0_top_kernel_stage_bilateral |      26114 |      24984 |       0 | 1130 | 35823 |      0 |      9 |    0 |        163 |
|           grp_stage_bilateral_Pipeline_VITIS_LOOP_223_1_fu_66                     |                bd_0_hls_inst_0_top_kernel_stage_bilateral_Pipeline_VITIS_LOOP_223_1 |         80 |         58 |       0 |   22 |   104 |      0 |      0 |    0 |          3 |
|           grp_stage_bilateral_Pipeline_BILATERAL_OUT_VITIS_LOOP_243_4_fu_90       |  bd_0_hls_inst_0_top_kernel_stage_bilateral_Pipeline_BILATERAL_OUT_VITIS_LOOP_243_4 |      26032 |      24924 |       0 | 1108 | 35712 |      0 |      0 |    0 |        160 |
|             (grp_stage_bilateral_Pipeline_BILATERAL_OUT_VITIS_LOOP_243_4_fu_90)   |  bd_0_hls_inst_0_top_kernel_stage_bilateral_Pipeline_BILATERAL_OUT_VITIS_LOOP_243_4 |       7966 |       7318 |       0 |  648 | 11251 |      0 |      0 |    0 |          1 |
|             fdiv_32ns_32ns_32_30_no_dsp_1_U1385                                   |                 bd_0_hls_inst_0_top_kernel_fdiv_32ns_32ns_32_30_no_dsp_1__xdcDup__2 |        747 |        711 |       0 |   36 |  1145 |      0 |      0 |    0 |          0 |
|               (fdiv_32ns_32ns_32_30_no_dsp_1_U1385)                               |                 bd_0_hls_inst_0_top_kernel_fdiv_32ns_32ns_32_30_no_dsp_1__xdcDup__2 |         16 |         16 |       0 |    0 |    65 |      0 |      0 |    0 |          0 |
|               top_kernel_fdiv_32ns_32ns_32_30_no_dsp_1_ip_u                       |                     bd_0_hls_inst_0_top_kernel_fdiv_32ns_32ns_32_30_no_dsp_1_ip__11 |        731 |        695 |       0 |   36 |  1080 |      0 |      0 |    0 |          0 |
|             fdiv_32ns_32ns_32_30_no_dsp_1_U1386                                   |                 bd_0_hls_inst_0_top_kernel_fdiv_32ns_32ns_32_30_no_dsp_1__xdcDup__3 |        747 |        711 |       0 |   36 |  1145 |      0 |      0 |    0 |          0 |
|               (fdiv_32ns_32ns_32_30_no_dsp_1_U1386)                               |                 bd_0_hls_inst_0_top_kernel_fdiv_32ns_32ns_32_30_no_dsp_1__xdcDup__3 |         16 |         16 |       0 |    0 |    65 |      0 |      0 |    0 |          0 |
|               top_kernel_fdiv_32ns_32ns_32_30_no_dsp_1_ip_u                       |                     bd_0_hls_inst_0_top_kernel_fdiv_32ns_32ns_32_30_no_dsp_1_ip__12 |        731 |        695 |       0 |   36 |  1080 |      0 |      0 |    0 |          0 |
|             fdiv_32ns_32ns_32_30_no_dsp_1_U1387                                   |                 bd_0_hls_inst_0_top_kernel_fdiv_32ns_32ns_32_30_no_dsp_1__xdcDup__4 |        747 |        711 |       0 |   36 |  1145 |      0 |      0 |    0 |          0 |
|               (fdiv_32ns_32ns_32_30_no_dsp_1_U1387)                               |                 bd_0_hls_inst_0_top_kernel_fdiv_32ns_32ns_32_30_no_dsp_1__xdcDup__4 |         16 |         16 |       0 |    0 |    65 |      0 |      0 |    0 |          0 |
|               top_kernel_fdiv_32ns_32ns_32_30_no_dsp_1_ip_u                       |                     bd_0_hls_inst_0_top_kernel_fdiv_32ns_32ns_32_30_no_dsp_1_ip__13 |        731 |        695 |       0 |   36 |  1080 |      0 |      0 |    0 |          0 |
|             fdiv_32ns_32ns_32_30_no_dsp_1_U1388                                   |                 bd_0_hls_inst_0_top_kernel_fdiv_32ns_32ns_32_30_no_dsp_1__xdcDup__5 |        747 |        711 |       0 |   36 |  1145 |      0 |      0 |    0 |          0 |
|               (fdiv_32ns_32ns_32_30_no_dsp_1_U1388)                               |                 bd_0_hls_inst_0_top_kernel_fdiv_32ns_32ns_32_30_no_dsp_1__xdcDup__5 |         16 |         16 |       0 |    0 |    65 |      0 |      0 |    0 |          0 |
|               top_kernel_fdiv_32ns_32ns_32_30_no_dsp_1_ip_u                       |                     bd_0_hls_inst_0_top_kernel_fdiv_32ns_32ns_32_30_no_dsp_1_ip__14 |        731 |        695 |       0 |   36 |  1080 |      0 |      0 |    0 |          0 |
|             fdiv_32ns_32ns_32_30_no_dsp_1_U1389                                   |                 bd_0_hls_inst_0_top_kernel_fdiv_32ns_32ns_32_30_no_dsp_1__xdcDup__6 |        747 |        711 |       0 |   36 |  1145 |      0 |      0 |    0 |          0 |
|               (fdiv_32ns_32ns_32_30_no_dsp_1_U1389)                               |                 bd_0_hls_inst_0_top_kernel_fdiv_32ns_32ns_32_30_no_dsp_1__xdcDup__6 |         16 |         16 |       0 |    0 |    65 |      0 |      0 |    0 |          0 |
|               top_kernel_fdiv_32ns_32ns_32_30_no_dsp_1_ip_u                       |                     bd_0_hls_inst_0_top_kernel_fdiv_32ns_32ns_32_30_no_dsp_1_ip__15 |        731 |        695 |       0 |   36 |  1080 |      0 |      0 |    0 |          0 |
|             fdiv_32ns_32ns_32_30_no_dsp_1_U1390                                   |                 bd_0_hls_inst_0_top_kernel_fdiv_32ns_32ns_32_30_no_dsp_1__xdcDup__7 |        747 |        711 |       0 |   36 |  1145 |      0 |      0 |    0 |          0 |
|               (fdiv_32ns_32ns_32_30_no_dsp_1_U1390)                               |                 bd_0_hls_inst_0_top_kernel_fdiv_32ns_32ns_32_30_no_dsp_1__xdcDup__7 |         16 |         16 |       0 |    0 |    65 |      0 |      0 |    0 |          0 |
|               top_kernel_fdiv_32ns_32ns_32_30_no_dsp_1_ip_u                       |                     bd_0_hls_inst_0_top_kernel_fdiv_32ns_32ns_32_30_no_dsp_1_ip__16 |        731 |        695 |       0 |   36 |  1080 |      0 |      0 |    0 |          0 |
|             fdiv_32ns_32ns_32_30_no_dsp_1_U1391                                   |                 bd_0_hls_inst_0_top_kernel_fdiv_32ns_32ns_32_30_no_dsp_1__xdcDup__8 |        747 |        711 |       0 |   36 |  1145 |      0 |      0 |    0 |          0 |
|               (fdiv_32ns_32ns_32_30_no_dsp_1_U1391)                               |                 bd_0_hls_inst_0_top_kernel_fdiv_32ns_32ns_32_30_no_dsp_1__xdcDup__8 |         16 |         16 |       0 |    0 |    65 |      0 |      0 |    0 |          0 |
|               top_kernel_fdiv_32ns_32ns_32_30_no_dsp_1_ip_u                       |                     bd_0_hls_inst_0_top_kernel_fdiv_32ns_32ns_32_30_no_dsp_1_ip__17 |        731 |        695 |       0 |   36 |  1080 |      0 |      0 |    0 |          0 |
|             fdiv_32ns_32ns_32_30_no_dsp_1_U1392                                   |                 bd_0_hls_inst_0_top_kernel_fdiv_32ns_32ns_32_30_no_dsp_1__xdcDup__9 |        747 |        711 |       0 |   36 |  1145 |      0 |      0 |    0 |          0 |
|               (fdiv_32ns_32ns_32_30_no_dsp_1_U1392)                               |                 bd_0_hls_inst_0_top_kernel_fdiv_32ns_32ns_32_30_no_dsp_1__xdcDup__9 |         16 |         16 |       0 |    0 |    65 |      0 |      0 |    0 |          0 |
|               top_kernel_fdiv_32ns_32ns_32_30_no_dsp_1_ip_u                       |                     bd_0_hls_inst_0_top_kernel_fdiv_32ns_32ns_32_30_no_dsp_1_ip__18 |        731 |        695 |       0 |   36 |  1080 |      0 |      0 |    0 |          0 |
|             fdiv_32ns_32ns_32_30_no_dsp_1_U1393                                   |                            bd_0_hls_inst_0_top_kernel_fdiv_32ns_32ns_32_30_no_dsp_1 |        747 |        711 |       0 |   36 |  1145 |      0 |      0 |    0 |          0 |
|               (fdiv_32ns_32ns_32_30_no_dsp_1_U1393)                               |                            bd_0_hls_inst_0_top_kernel_fdiv_32ns_32ns_32_30_no_dsp_1 |         16 |         16 |       0 |    0 |    65 |      0 |      0 |    0 |          0 |
|               top_kernel_fdiv_32ns_32ns_32_30_no_dsp_1_ip_u                       |                     bd_0_hls_inst_0_top_kernel_fdiv_32ns_32ns_32_30_no_dsp_1_ip__10 |        731 |        695 |       0 |   36 |  1080 |      0 |      0 |    0 |          0 |
|             fmul_32ns_32ns_32_7_max_dsp_1_U1353                                   |                 bd_0_hls_inst_0_top_kernel_fmul_32ns_32ns_32_7_max_dsp_1__xdcDup__5 |         83 |         83 |       0 |    0 |   171 |      0 |      0 |    0 |          3 |
|               (fmul_32ns_32ns_32_7_max_dsp_1_U1353)                               |                 bd_0_hls_inst_0_top_kernel_fmul_32ns_32ns_32_7_max_dsp_1__xdcDup__5 |         16 |         16 |       0 |    0 |    63 |      0 |      0 |    0 |          0 |
|               top_kernel_fmul_32ns_32ns_32_7_max_dsp_1_ip_u                       |                     bd_0_hls_inst_0_top_kernel_fmul_32ns_32ns_32_7_max_dsp_1_ip__66 |         67 |         67 |       0 |    0 |   108 |      0 |      0 |    0 |          3 |
|             fmul_32ns_32ns_32_7_max_dsp_1_U1354                                   |                 bd_0_hls_inst_0_top_kernel_fmul_32ns_32ns_32_7_max_dsp_1__xdcDup__6 |         83 |         83 |       0 |    0 |   172 |      0 |      0 |    0 |          3 |
|               (fmul_32ns_32ns_32_7_max_dsp_1_U1354)                               |                 bd_0_hls_inst_0_top_kernel_fmul_32ns_32ns_32_7_max_dsp_1__xdcDup__6 |         16 |         16 |       0 |    0 |    64 |      0 |      0 |    0 |          0 |
|               top_kernel_fmul_32ns_32ns_32_7_max_dsp_1_ip_u                       |                     bd_0_hls_inst_0_top_kernel_fmul_32ns_32ns_32_7_max_dsp_1_ip__43 |         67 |         67 |       0 |    0 |   108 |      0 |      0 |    0 |          3 |
|             fmul_32ns_32ns_32_7_max_dsp_1_U1355                                   |                 bd_0_hls_inst_0_top_kernel_fmul_32ns_32ns_32_7_max_dsp_1__xdcDup__7 |         83 |         83 |       0 |    0 |   171 |      0 |      0 |    0 |          3 |
|               (fmul_32ns_32ns_32_7_max_dsp_1_U1355)                               |                 bd_0_hls_inst_0_top_kernel_fmul_32ns_32ns_32_7_max_dsp_1__xdcDup__7 |         16 |         16 |       0 |    0 |    63 |      0 |      0 |    0 |          0 |
|               top_kernel_fmul_32ns_32ns_32_7_max_dsp_1_ip_u                       |                     bd_0_hls_inst_0_top_kernel_fmul_32ns_32ns_32_7_max_dsp_1_ip__65 |         67 |         67 |       0 |    0 |   108 |      0 |      0 |    0 |          3 |
|             fmul_32ns_32ns_32_7_max_dsp_1_U1356                                   |                 bd_0_hls_inst_0_top_kernel_fmul_32ns_32ns_32_7_max_dsp_1__xdcDup__8 |         83 |         83 |       0 |    0 |   171 |      0 |      0 |    0 |          3 |
|               (fmul_32ns_32ns_32_7_max_dsp_1_U1356)                               |                 bd_0_hls_inst_0_top_kernel_fmul_32ns_32ns_32_7_max_dsp_1__xdcDup__8 |         16 |         16 |       0 |    0 |    63 |      0 |      0 |    0 |          0 |
|               top_kernel_fmul_32ns_32ns_32_7_max_dsp_1_ip_u                       |                     bd_0_hls_inst_0_top_kernel_fmul_32ns_32ns_32_7_max_dsp_1_ip__64 |         67 |         67 |       0 |    0 |   108 |      0 |      0 |    0 |          3 |
|             fmul_32ns_32ns_32_7_max_dsp_1_U1357                                   |                 bd_0_hls_inst_0_top_kernel_fmul_32ns_32ns_32_7_max_dsp_1__xdcDup__9 |         83 |         83 |       0 |    0 |   171 |      0 |      0 |    0 |          3 |
|               (fmul_32ns_32ns_32_7_max_dsp_1_U1357)                               |                 bd_0_hls_inst_0_top_kernel_fmul_32ns_32ns_32_7_max_dsp_1__xdcDup__9 |         16 |         16 |       0 |    0 |    63 |      0 |      0 |    0 |          0 |
|               top_kernel_fmul_32ns_32ns_32_7_max_dsp_1_ip_u                       |                     bd_0_hls_inst_0_top_kernel_fmul_32ns_32ns_32_7_max_dsp_1_ip__63 |         67 |         67 |       0 |    0 |   108 |      0 |      0 |    0 |          3 |
|             fmul_32ns_32ns_32_7_max_dsp_1_U1358                                   |                bd_0_hls_inst_0_top_kernel_fmul_32ns_32ns_32_7_max_dsp_1__xdcDup__10 |         83 |         83 |       0 |    0 |   171 |      0 |      0 |    0 |          3 |
|               (fmul_32ns_32ns_32_7_max_dsp_1_U1358)                               |                bd_0_hls_inst_0_top_kernel_fmul_32ns_32ns_32_7_max_dsp_1__xdcDup__10 |         16 |         16 |       0 |    0 |    63 |      0 |      0 |    0 |          0 |
|               top_kernel_fmul_32ns_32ns_32_7_max_dsp_1_ip_u                       |                     bd_0_hls_inst_0_top_kernel_fmul_32ns_32ns_32_7_max_dsp_1_ip__62 |         67 |         67 |       0 |    0 |   108 |      0 |      0 |    0 |          3 |
|             fmul_32ns_32ns_32_7_max_dsp_1_U1359                                   |                bd_0_hls_inst_0_top_kernel_fmul_32ns_32ns_32_7_max_dsp_1__xdcDup__11 |         83 |         83 |       0 |    0 |   171 |      0 |      0 |    0 |          3 |
|               (fmul_32ns_32ns_32_7_max_dsp_1_U1359)                               |                bd_0_hls_inst_0_top_kernel_fmul_32ns_32ns_32_7_max_dsp_1__xdcDup__11 |         16 |         16 |       0 |    0 |    63 |      0 |      0 |    0 |          0 |
|               top_kernel_fmul_32ns_32ns_32_7_max_dsp_1_ip_u                       |                     bd_0_hls_inst_0_top_kernel_fmul_32ns_32ns_32_7_max_dsp_1_ip__61 |         67 |         67 |       0 |    0 |   108 |      0 |      0 |    0 |          3 |
|             fmul_32ns_32ns_32_7_max_dsp_1_U1360                                   |                bd_0_hls_inst_0_top_kernel_fmul_32ns_32ns_32_7_max_dsp_1__xdcDup__12 |         83 |         83 |       0 |    0 |   171 |      0 |      0 |    0 |          3 |
|               (fmul_32ns_32ns_32_7_max_dsp_1_U1360)                               |                bd_0_hls_inst_0_top_kernel_fmul_32ns_32ns_32_7_max_dsp_1__xdcDup__12 |         16 |         16 |       0 |    0 |    63 |      0 |      0 |    0 |          0 |
|               top_kernel_fmul_32ns_32ns_32_7_max_dsp_1_ip_u                       |                     bd_0_hls_inst_0_top_kernel_fmul_32ns_32ns_32_7_max_dsp_1_ip__60 |         67 |         67 |       0 |    0 |   108 |      0 |      0 |    0 |          3 |
|             fmul_32ns_32ns_32_7_max_dsp_1_U1361                                   |                bd_0_hls_inst_0_top_kernel_fmul_32ns_32ns_32_7_max_dsp_1__xdcDup__13 |         83 |         83 |       0 |    0 |   171 |      0 |      0 |    0 |          3 |
|               (fmul_32ns_32ns_32_7_max_dsp_1_U1361)                               |                bd_0_hls_inst_0_top_kernel_fmul_32ns_32ns_32_7_max_dsp_1__xdcDup__13 |         16 |         16 |       0 |    0 |    63 |      0 |      0 |    0 |          0 |
|               top_kernel_fmul_32ns_32ns_32_7_max_dsp_1_ip_u                       |                     bd_0_hls_inst_0_top_kernel_fmul_32ns_32ns_32_7_max_dsp_1_ip__59 |         67 |         67 |       0 |    0 |   108 |      0 |      0 |    0 |          3 |
|             fmul_32ns_32ns_32_7_max_dsp_1_U1362                                   |                bd_0_hls_inst_0_top_kernel_fmul_32ns_32ns_32_7_max_dsp_1__xdcDup__14 |         86 |         86 |       0 |    0 |   143 |      0 |      0 |    0 |          3 |
|               top_kernel_fmul_32ns_32ns_32_7_max_dsp_1_ip_u                       |                     bd_0_hls_inst_0_top_kernel_fmul_32ns_32ns_32_7_max_dsp_1_ip__67 |         70 |         70 |       0 |    0 |   109 |      0 |      0 |    0 |          3 |
|             fmul_32ns_32ns_32_7_max_dsp_1_U1363                                   |                bd_0_hls_inst_0_top_kernel_fmul_32ns_32ns_32_7_max_dsp_1__xdcDup__15 |         86 |         86 |       0 |    0 |   165 |      0 |      0 |    0 |          3 |
|               (fmul_32ns_32ns_32_7_max_dsp_1_U1363)                               |                bd_0_hls_inst_0_top_kernel_fmul_32ns_32ns_32_7_max_dsp_1__xdcDup__15 |         16 |         16 |       0 |    0 |    56 |      0 |      0 |    0 |          0 |
|               top_kernel_fmul_32ns_32ns_32_7_max_dsp_1_ip_u                       |                     bd_0_hls_inst_0_top_kernel_fmul_32ns_32ns_32_7_max_dsp_1_ip__68 |         70 |         70 |       0 |    0 |   109 |      0 |      0 |    0 |          3 |
|             fmul_32ns_32ns_32_7_max_dsp_1_U1364                                   |                bd_0_hls_inst_0_top_kernel_fmul_32ns_32ns_32_7_max_dsp_1__xdcDup__16 |         84 |         84 |       0 |    0 |   142 |      0 |      0 |    0 |          3 |
|               top_kernel_fmul_32ns_32ns_32_7_max_dsp_1_ip_u                       |                     bd_0_hls_inst_0_top_kernel_fmul_32ns_32ns_32_7_max_dsp_1_ip__69 |         68 |         68 |       0 |    0 |   109 |      0 |      0 |    0 |          3 |
|             fmul_32ns_32ns_32_7_max_dsp_1_U1365                                   |                bd_0_hls_inst_0_top_kernel_fmul_32ns_32ns_32_7_max_dsp_1__xdcDup__17 |         86 |         86 |       0 |    0 |   142 |      0 |      0 |    0 |          3 |
|               top_kernel_fmul_32ns_32ns_32_7_max_dsp_1_ip_u                       |                     bd_0_hls_inst_0_top_kernel_fmul_32ns_32ns_32_7_max_dsp_1_ip__49 |         70 |         70 |       0 |    0 |   109 |      0 |      0 |    0 |          3 |
|             fmul_32ns_32ns_32_7_max_dsp_1_U1366                                   |                bd_0_hls_inst_0_top_kernel_fmul_32ns_32ns_32_7_max_dsp_1__xdcDup__18 |         86 |         86 |       0 |    0 |   142 |      0 |      0 |    0 |          3 |
|               top_kernel_fmul_32ns_32ns_32_7_max_dsp_1_ip_u                       |                     bd_0_hls_inst_0_top_kernel_fmul_32ns_32ns_32_7_max_dsp_1_ip__50 |         70 |         70 |       0 |    0 |   109 |      0 |      0 |    0 |          3 |
|             fmul_32ns_32ns_32_7_max_dsp_1_U1367                                   |                bd_0_hls_inst_0_top_kernel_fmul_32ns_32ns_32_7_max_dsp_1__xdcDup__19 |         84 |         84 |       0 |    0 |   165 |      0 |      0 |    0 |          3 |
|               (fmul_32ns_32ns_32_7_max_dsp_1_U1367)                               |                bd_0_hls_inst_0_top_kernel_fmul_32ns_32ns_32_7_max_dsp_1__xdcDup__19 |         16 |         16 |       0 |    0 |    56 |      0 |      0 |    0 |          0 |
|               top_kernel_fmul_32ns_32ns_32_7_max_dsp_1_ip_u                       |                     bd_0_hls_inst_0_top_kernel_fmul_32ns_32ns_32_7_max_dsp_1_ip__51 |         68 |         68 |       0 |    0 |   109 |      0 |      0 |    0 |          3 |
|             fmul_32ns_32ns_32_7_max_dsp_1_U1368                                   |                bd_0_hls_inst_0_top_kernel_fmul_32ns_32ns_32_7_max_dsp_1__xdcDup__20 |         86 |         86 |       0 |    0 |   142 |      0 |      0 |    0 |          3 |
|               top_kernel_fmul_32ns_32ns_32_7_max_dsp_1_ip_u                       |                     bd_0_hls_inst_0_top_kernel_fmul_32ns_32ns_32_7_max_dsp_1_ip__52 |         70 |         70 |       0 |    0 |   109 |      0 |      0 |    0 |          3 |
|             fmul_32ns_32ns_32_7_max_dsp_1_U1369                                   |                bd_0_hls_inst_0_top_kernel_fmul_32ns_32ns_32_7_max_dsp_1__xdcDup__21 |         86 |         86 |       0 |    0 |   142 |      0 |      0 |    0 |          3 |
|               top_kernel_fmul_32ns_32ns_32_7_max_dsp_1_ip_u                       |                     bd_0_hls_inst_0_top_kernel_fmul_32ns_32ns_32_7_max_dsp_1_ip__53 |         70 |         70 |       0 |    0 |   109 |      0 |      0 |    0 |          3 |
|             fmul_32ns_32ns_32_7_max_dsp_1_U1370                                   |                bd_0_hls_inst_0_top_kernel_fmul_32ns_32ns_32_7_max_dsp_1__xdcDup__22 |         84 |         84 |       0 |    0 |   165 |      0 |      0 |    0 |          3 |
|               (fmul_32ns_32ns_32_7_max_dsp_1_U1370)                               |                bd_0_hls_inst_0_top_kernel_fmul_32ns_32ns_32_7_max_dsp_1__xdcDup__22 |         16 |         16 |       0 |    0 |    56 |      0 |      0 |    0 |          0 |
|               top_kernel_fmul_32ns_32ns_32_7_max_dsp_1_ip_u                       |                     bd_0_hls_inst_0_top_kernel_fmul_32ns_32ns_32_7_max_dsp_1_ip__54 |         68 |         68 |       0 |    0 |   109 |      0 |      0 |    0 |          3 |
|             fmul_32ns_32ns_32_7_max_dsp_1_U1371                                   |                bd_0_hls_inst_0_top_kernel_fmul_32ns_32ns_32_7_max_dsp_1__xdcDup__23 |         87 |         87 |       0 |    0 |   179 |      0 |      0 |    0 |          3 |
|               (fmul_32ns_32ns_32_7_max_dsp_1_U1371)                               |                bd_0_hls_inst_0_top_kernel_fmul_32ns_32ns_32_7_max_dsp_1__xdcDup__23 |         16 |         16 |       0 |    0 |    70 |      0 |      0 |    0 |          0 |
|               top_kernel_fmul_32ns_32ns_32_7_max_dsp_1_ip_u                       |                     bd_0_hls_inst_0_top_kernel_fmul_32ns_32ns_32_7_max_dsp_1_ip__42 |         71 |         71 |       0 |    0 |   109 |      0 |      0 |    0 |          3 |
|             fmul_32ns_32ns_32_7_max_dsp_1_U1372                                   |                bd_0_hls_inst_0_top_kernel_fmul_32ns_32ns_32_7_max_dsp_1__xdcDup__24 |         90 |         90 |       0 |    0 |   178 |      0 |      0 |    0 |          3 |
|               (fmul_32ns_32ns_32_7_max_dsp_1_U1372)                               |                bd_0_hls_inst_0_top_kernel_fmul_32ns_32ns_32_7_max_dsp_1__xdcDup__24 |         19 |         19 |       0 |    0 |    69 |      0 |      0 |    0 |          0 |
|               top_kernel_fmul_32ns_32ns_32_7_max_dsp_1_ip_u                       |                     bd_0_hls_inst_0_top_kernel_fmul_32ns_32ns_32_7_max_dsp_1_ip__44 |         71 |         71 |       0 |    0 |   109 |      0 |      0 |    0 |          3 |
|             fmul_32ns_32ns_32_7_max_dsp_1_U1373                                   |                bd_0_hls_inst_0_top_kernel_fmul_32ns_32ns_32_7_max_dsp_1__xdcDup__25 |         90 |         90 |       0 |    0 |   178 |      0 |      0 |    0 |          3 |
|               (fmul_32ns_32ns_32_7_max_dsp_1_U1373)                               |                bd_0_hls_inst_0_top_kernel_fmul_32ns_32ns_32_7_max_dsp_1__xdcDup__25 |         19 |         19 |       0 |    0 |    69 |      0 |      0 |    0 |          0 |
|               top_kernel_fmul_32ns_32ns_32_7_max_dsp_1_ip_u                       |                     bd_0_hls_inst_0_top_kernel_fmul_32ns_32ns_32_7_max_dsp_1_ip__45 |         71 |         71 |       0 |    0 |   109 |      0 |      0 |    0 |          3 |
|             fmul_32ns_32ns_32_7_max_dsp_1_U1374                                   |                bd_0_hls_inst_0_top_kernel_fmul_32ns_32ns_32_7_max_dsp_1__xdcDup__26 |         90 |         90 |       0 |    0 |   178 |      0 |      0 |    0 |          3 |
|               (fmul_32ns_32ns_32_7_max_dsp_1_U1374)                               |                bd_0_hls_inst_0_top_kernel_fmul_32ns_32ns_32_7_max_dsp_1__xdcDup__26 |         19 |         19 |       0 |    0 |    69 |      0 |      0 |    0 |          0 |
|               top_kernel_fmul_32ns_32ns_32_7_max_dsp_1_ip_u                       |                     bd_0_hls_inst_0_top_kernel_fmul_32ns_32ns_32_7_max_dsp_1_ip__58 |         71 |         71 |       0 |    0 |   109 |      0 |      0 |    0 |          3 |
|             fmul_32ns_32ns_32_7_max_dsp_1_U1375                                   |                bd_0_hls_inst_0_top_kernel_fmul_32ns_32ns_32_7_max_dsp_1__xdcDup__27 |         90 |         90 |       0 |    0 |   179 |      0 |      0 |    0 |          3 |
|               (fmul_32ns_32ns_32_7_max_dsp_1_U1375)                               |                bd_0_hls_inst_0_top_kernel_fmul_32ns_32ns_32_7_max_dsp_1__xdcDup__27 |         19 |         19 |       0 |    0 |    70 |      0 |      0 |    0 |          0 |
|               top_kernel_fmul_32ns_32ns_32_7_max_dsp_1_ip_u                       |                     bd_0_hls_inst_0_top_kernel_fmul_32ns_32ns_32_7_max_dsp_1_ip__41 |         71 |         71 |       0 |    0 |   109 |      0 |      0 |    0 |          3 |
|             fmul_32ns_32ns_32_7_max_dsp_1_U1376                                   |                bd_0_hls_inst_0_top_kernel_fmul_32ns_32ns_32_7_max_dsp_1__xdcDup__28 |         90 |         90 |       0 |    0 |   178 |      0 |      0 |    0 |          3 |
|               (fmul_32ns_32ns_32_7_max_dsp_1_U1376)                               |                bd_0_hls_inst_0_top_kernel_fmul_32ns_32ns_32_7_max_dsp_1__xdcDup__28 |         19 |         19 |       0 |    0 |    69 |      0 |      0 |    0 |          0 |
|               top_kernel_fmul_32ns_32ns_32_7_max_dsp_1_ip_u                       |                     bd_0_hls_inst_0_top_kernel_fmul_32ns_32ns_32_7_max_dsp_1_ip__46 |         71 |         71 |       0 |    0 |   109 |      0 |      0 |    0 |          3 |
|             fmul_32ns_32ns_32_7_max_dsp_1_U1377                                   |                bd_0_hls_inst_0_top_kernel_fmul_32ns_32ns_32_7_max_dsp_1__xdcDup__29 |         86 |         86 |       0 |    0 |   174 |      0 |      0 |    0 |          3 |
|               (fmul_32ns_32ns_32_7_max_dsp_1_U1377)                               |                bd_0_hls_inst_0_top_kernel_fmul_32ns_32ns_32_7_max_dsp_1__xdcDup__29 |         16 |         16 |       0 |    0 |    65 |      0 |      0 |    0 |          0 |
|               top_kernel_fmul_32ns_32ns_32_7_max_dsp_1_ip_u                       |                     bd_0_hls_inst_0_top_kernel_fmul_32ns_32ns_32_7_max_dsp_1_ip__70 |         70 |         70 |       0 |    0 |   109 |      0 |      0 |    0 |          3 |
|             fmul_32ns_32ns_32_7_max_dsp_1_U1378                                   |                bd_0_hls_inst_0_top_kernel_fmul_32ns_32ns_32_7_max_dsp_1__xdcDup__30 |         86 |         86 |       0 |    0 |   174 |      0 |      0 |    0 |          3 |
|               (fmul_32ns_32ns_32_7_max_dsp_1_U1378)                               |                bd_0_hls_inst_0_top_kernel_fmul_32ns_32ns_32_7_max_dsp_1__xdcDup__30 |         16 |         16 |       0 |    0 |    65 |      0 |      0 |    0 |          0 |
|               top_kernel_fmul_32ns_32ns_32_7_max_dsp_1_ip_u                       |                     bd_0_hls_inst_0_top_kernel_fmul_32ns_32ns_32_7_max_dsp_1_ip__55 |         70 |         70 |       0 |    0 |   109 |      0 |      0 |    0 |          3 |
|             fmul_32ns_32ns_32_7_max_dsp_1_U1379                                   |                bd_0_hls_inst_0_top_kernel_fmul_32ns_32ns_32_7_max_dsp_1__xdcDup__31 |         86 |         86 |       0 |    0 |   174 |      0 |      0 |    0 |          3 |
|               (fmul_32ns_32ns_32_7_max_dsp_1_U1379)                               |                bd_0_hls_inst_0_top_kernel_fmul_32ns_32ns_32_7_max_dsp_1__xdcDup__31 |         16 |         16 |       0 |    0 |    65 |      0 |      0 |    0 |          0 |
|               top_kernel_fmul_32ns_32ns_32_7_max_dsp_1_ip_u                       |                     bd_0_hls_inst_0_top_kernel_fmul_32ns_32ns_32_7_max_dsp_1_ip__56 |         70 |         70 |       0 |    0 |   109 |      0 |      0 |    0 |          3 |
|             fmul_32ns_32ns_32_7_max_dsp_1_U1380                                   |                bd_0_hls_inst_0_top_kernel_fmul_32ns_32ns_32_7_max_dsp_1__xdcDup__32 |         86 |         86 |       0 |    0 |   174 |      0 |      0 |    0 |          3 |
|               (fmul_32ns_32ns_32_7_max_dsp_1_U1380)                               |                bd_0_hls_inst_0_top_kernel_fmul_32ns_32ns_32_7_max_dsp_1__xdcDup__32 |         16 |         16 |       0 |    0 |    65 |      0 |      0 |    0 |          0 |
|               top_kernel_fmul_32ns_32ns_32_7_max_dsp_1_ip_u                       |                     bd_0_hls_inst_0_top_kernel_fmul_32ns_32ns_32_7_max_dsp_1_ip__40 |         70 |         70 |       0 |    0 |   109 |      0 |      0 |    0 |          3 |
|             fmul_32ns_32ns_32_7_max_dsp_1_U1381                                   |                bd_0_hls_inst_0_top_kernel_fmul_32ns_32ns_32_7_max_dsp_1__xdcDup__33 |         86 |         86 |       0 |    0 |   173 |      0 |      0 |    0 |          3 |
|               (fmul_32ns_32ns_32_7_max_dsp_1_U1381)                               |                bd_0_hls_inst_0_top_kernel_fmul_32ns_32ns_32_7_max_dsp_1__xdcDup__33 |         16 |         16 |       0 |    0 |    64 |      0 |      0 |    0 |          0 |
|               top_kernel_fmul_32ns_32ns_32_7_max_dsp_1_ip_u                       |                     bd_0_hls_inst_0_top_kernel_fmul_32ns_32ns_32_7_max_dsp_1_ip__47 |         70 |         70 |       0 |    0 |   109 |      0 |      0 |    0 |          3 |
|             fmul_32ns_32ns_32_7_max_dsp_1_U1382                                   |                bd_0_hls_inst_0_top_kernel_fmul_32ns_32ns_32_7_max_dsp_1__xdcDup__34 |         86 |         86 |       0 |    0 |   173 |      0 |      0 |    0 |          3 |
|               (fmul_32ns_32ns_32_7_max_dsp_1_U1382)                               |                bd_0_hls_inst_0_top_kernel_fmul_32ns_32ns_32_7_max_dsp_1__xdcDup__34 |         16 |         16 |       0 |    0 |    64 |      0 |      0 |    0 |          0 |
|               top_kernel_fmul_32ns_32ns_32_7_max_dsp_1_ip_u                       |                     bd_0_hls_inst_0_top_kernel_fmul_32ns_32ns_32_7_max_dsp_1_ip__48 |         70 |         70 |       0 |    0 |   109 |      0 |      0 |    0 |          3 |
|             fmul_32ns_32ns_32_7_max_dsp_1_U1383                                   |                bd_0_hls_inst_0_top_kernel_fmul_32ns_32ns_32_7_max_dsp_1__xdcDup__35 |         86 |         86 |       0 |    0 |   174 |      0 |      0 |    0 |          3 |
|               (fmul_32ns_32ns_32_7_max_dsp_1_U1383)                               |                bd_0_hls_inst_0_top_kernel_fmul_32ns_32ns_32_7_max_dsp_1__xdcDup__35 |         16 |         16 |       0 |    0 |    65 |      0 |      0 |    0 |          0 |
|               top_kernel_fmul_32ns_32ns_32_7_max_dsp_1_ip_u                       |                         bd_0_hls_inst_0_top_kernel_fmul_32ns_32ns_32_7_max_dsp_1_ip |         70 |         70 |       0 |    0 |   109 |      0 |      0 |    0 |          3 |
|             fmul_32ns_32ns_32_7_max_dsp_1_U1384                                   |                            bd_0_hls_inst_0_top_kernel_fmul_32ns_32ns_32_7_max_dsp_1 |         86 |         86 |       0 |    0 |   174 |      0 |      0 |    0 |          3 |
|               (fmul_32ns_32ns_32_7_max_dsp_1_U1384)                               |                            bd_0_hls_inst_0_top_kernel_fmul_32ns_32ns_32_7_max_dsp_1 |         16 |         16 |       0 |    0 |    65 |      0 |      0 |    0 |          0 |
|               top_kernel_fmul_32ns_32ns_32_7_max_dsp_1_ip_u                       |                     bd_0_hls_inst_0_top_kernel_fmul_32ns_32ns_32_7_max_dsp_1_ip__57 |         70 |         70 |       0 |    0 |   109 |      0 |      0 |    0 |          3 |
|             fpext_32ns_64_2_no_dsp_1_U1394                                        |                      bd_0_hls_inst_0_top_kernel_fpext_32ns_64_2_no_dsp_1__xdcDup__2 |         99 |         99 |       0 |    0 |    97 |      0 |      0 |    0 |          0 |
|               (fpext_32ns_64_2_no_dsp_1_U1394)                                    |                      bd_0_hls_inst_0_top_kernel_fpext_32ns_64_2_no_dsp_1__xdcDup__2 |         32 |         32 |       0 |    0 |    97 |      0 |      0 |    0 |          0 |
|               top_kernel_fpext_32ns_64_2_no_dsp_1_ip_u                            |                          bd_0_hls_inst_0_top_kernel_fpext_32ns_64_2_no_dsp_1_ip__18 |         67 |         67 |       0 |    0 |     0 |      0 |      0 |    0 |          0 |
|             fpext_32ns_64_2_no_dsp_1_U1395                                        |                      bd_0_hls_inst_0_top_kernel_fpext_32ns_64_2_no_dsp_1__xdcDup__3 |         99 |         99 |       0 |    0 |    97 |      0 |      0 |    0 |          0 |
|               (fpext_32ns_64_2_no_dsp_1_U1395)                                    |                      bd_0_hls_inst_0_top_kernel_fpext_32ns_64_2_no_dsp_1__xdcDup__3 |         32 |         32 |       0 |    0 |    97 |      0 |      0 |    0 |          0 |
|               top_kernel_fpext_32ns_64_2_no_dsp_1_ip_u                            |                          bd_0_hls_inst_0_top_kernel_fpext_32ns_64_2_no_dsp_1_ip__15 |         67 |         67 |       0 |    0 |     0 |      0 |      0 |    0 |          0 |
|             fpext_32ns_64_2_no_dsp_1_U1396                                        |                      bd_0_hls_inst_0_top_kernel_fpext_32ns_64_2_no_dsp_1__xdcDup__4 |         99 |         99 |       0 |    0 |    97 |      0 |      0 |    0 |          0 |
|               (fpext_32ns_64_2_no_dsp_1_U1396)                                    |                      bd_0_hls_inst_0_top_kernel_fpext_32ns_64_2_no_dsp_1__xdcDup__4 |         32 |         32 |       0 |    0 |    97 |      0 |      0 |    0 |          0 |
|               top_kernel_fpext_32ns_64_2_no_dsp_1_ip_u                            |                          bd_0_hls_inst_0_top_kernel_fpext_32ns_64_2_no_dsp_1_ip__16 |         67 |         67 |       0 |    0 |     0 |      0 |      0 |    0 |          0 |
|             fpext_32ns_64_2_no_dsp_1_U1397                                        |                      bd_0_hls_inst_0_top_kernel_fpext_32ns_64_2_no_dsp_1__xdcDup__5 |         99 |         99 |       0 |    0 |    97 |      0 |      0 |    0 |          0 |
|               (fpext_32ns_64_2_no_dsp_1_U1397)                                    |                      bd_0_hls_inst_0_top_kernel_fpext_32ns_64_2_no_dsp_1__xdcDup__5 |         32 |         32 |       0 |    0 |    97 |      0 |      0 |    0 |          0 |
|               top_kernel_fpext_32ns_64_2_no_dsp_1_ip_u                            |                          bd_0_hls_inst_0_top_kernel_fpext_32ns_64_2_no_dsp_1_ip__13 |         67 |         67 |       0 |    0 |     0 |      0 |      0 |    0 |          0 |
|             fpext_32ns_64_2_no_dsp_1_U1398                                        |                      bd_0_hls_inst_0_top_kernel_fpext_32ns_64_2_no_dsp_1__xdcDup__6 |         99 |         99 |       0 |    0 |    97 |      0 |      0 |    0 |          0 |
|               (fpext_32ns_64_2_no_dsp_1_U1398)                                    |                      bd_0_hls_inst_0_top_kernel_fpext_32ns_64_2_no_dsp_1__xdcDup__6 |         32 |         32 |       0 |    0 |    97 |      0 |      0 |    0 |          0 |
|               top_kernel_fpext_32ns_64_2_no_dsp_1_ip_u                            |                          bd_0_hls_inst_0_top_kernel_fpext_32ns_64_2_no_dsp_1_ip__12 |         67 |         67 |       0 |    0 |     0 |      0 |      0 |    0 |          0 |
|             fpext_32ns_64_2_no_dsp_1_U1399                                        |                      bd_0_hls_inst_0_top_kernel_fpext_32ns_64_2_no_dsp_1__xdcDup__7 |         99 |         99 |       0 |    0 |    97 |      0 |      0 |    0 |          0 |
|               (fpext_32ns_64_2_no_dsp_1_U1399)                                    |                      bd_0_hls_inst_0_top_kernel_fpext_32ns_64_2_no_dsp_1__xdcDup__7 |         32 |         32 |       0 |    0 |    97 |      0 |      0 |    0 |          0 |
|               top_kernel_fpext_32ns_64_2_no_dsp_1_ip_u                            |                          bd_0_hls_inst_0_top_kernel_fpext_32ns_64_2_no_dsp_1_ip__11 |         67 |         67 |       0 |    0 |     0 |      0 |      0 |    0 |          0 |
|             fpext_32ns_64_2_no_dsp_1_U1400                                        |                      bd_0_hls_inst_0_top_kernel_fpext_32ns_64_2_no_dsp_1__xdcDup__8 |         99 |         99 |       0 |    0 |    97 |      0 |      0 |    0 |          0 |
|               (fpext_32ns_64_2_no_dsp_1_U1400)                                    |                      bd_0_hls_inst_0_top_kernel_fpext_32ns_64_2_no_dsp_1__xdcDup__8 |         32 |         32 |       0 |    0 |    97 |      0 |      0 |    0 |          0 |
|               top_kernel_fpext_32ns_64_2_no_dsp_1_ip_u                            |                          bd_0_hls_inst_0_top_kernel_fpext_32ns_64_2_no_dsp_1_ip__14 |         67 |         67 |       0 |    0 |     0 |      0 |      0 |    0 |          0 |
|             fpext_32ns_64_2_no_dsp_1_U1401                                        |                      bd_0_hls_inst_0_top_kernel_fpext_32ns_64_2_no_dsp_1__xdcDup__9 |         99 |         99 |       0 |    0 |    97 |      0 |      0 |    0 |          0 |
|               (fpext_32ns_64_2_no_dsp_1_U1401)                                    |                      bd_0_hls_inst_0_top_kernel_fpext_32ns_64_2_no_dsp_1__xdcDup__9 |         32 |         32 |       0 |    0 |    97 |      0 |      0 |    0 |          0 |
|               top_kernel_fpext_32ns_64_2_no_dsp_1_ip_u                            |                              bd_0_hls_inst_0_top_kernel_fpext_32ns_64_2_no_dsp_1_ip |         67 |         67 |       0 |    0 |     0 |      0 |      0 |    0 |          0 |
|             fpext_32ns_64_2_no_dsp_1_U1402                                        |                                 bd_0_hls_inst_0_top_kernel_fpext_32ns_64_2_no_dsp_1 |         99 |         99 |       0 |    0 |    97 |      0 |      0 |    0 |          0 |
|               (fpext_32ns_64_2_no_dsp_1_U1402)                                    |                                 bd_0_hls_inst_0_top_kernel_fpext_32ns_64_2_no_dsp_1 |         32 |         32 |       0 |    0 |    97 |      0 |      0 |    0 |          0 |
|               top_kernel_fpext_32ns_64_2_no_dsp_1_ip_u                            |                          bd_0_hls_inst_0_top_kernel_fpext_32ns_64_2_no_dsp_1_ip__17 |         67 |         67 |       0 |    0 |     0 |      0 |      0 |    0 |          0 |
|             fsub_32ns_32ns_32_10_full_dsp_1_U1335                                 |               bd_0_hls_inst_0_top_kernel_fsub_32ns_32ns_32_10_full_dsp_1__xdcDup__1 |        212 |        209 |       0 |    3 |   355 |      0 |      0 |    0 |          2 |
|               (fsub_32ns_32ns_32_10_full_dsp_1_U1335)                             |               bd_0_hls_inst_0_top_kernel_fsub_32ns_32ns_32_10_full_dsp_1__xdcDup__1 |         16 |         16 |       0 |    0 |    93 |      0 |      0 |    0 |          0 |
|               top_kernel_fsub_32ns_32ns_32_10_full_dsp_1_ip_u                     |                   bd_0_hls_inst_0_top_kernel_fsub_32ns_32ns_32_10_full_dsp_1_ip__34 |        196 |        193 |       0 |    3 |   262 |      0 |      0 |    0 |          2 |
|             fsub_32ns_32ns_32_10_full_dsp_1_U1336                                 |               bd_0_hls_inst_0_top_kernel_fsub_32ns_32ns_32_10_full_dsp_1__xdcDup__2 |        212 |        209 |       0 |    3 |   325 |      0 |      0 |    0 |          2 |
|               (fsub_32ns_32ns_32_10_full_dsp_1_U1336)                             |               bd_0_hls_inst_0_top_kernel_fsub_32ns_32ns_32_10_full_dsp_1__xdcDup__2 |         16 |         16 |       0 |    0 |    63 |      0 |      0 |    0 |          0 |
|               top_kernel_fsub_32ns_32ns_32_10_full_dsp_1_ip_u                     |                   bd_0_hls_inst_0_top_kernel_fsub_32ns_32ns_32_10_full_dsp_1_ip__20 |        196 |        193 |       0 |    3 |   262 |      0 |      0 |    0 |          2 |
|             fsub_32ns_32ns_32_10_full_dsp_1_U1337                                 |               bd_0_hls_inst_0_top_kernel_fsub_32ns_32ns_32_10_full_dsp_1__xdcDup__3 |        212 |        209 |       0 |    3 |   355 |      0 |      0 |    0 |          2 |
|               (fsub_32ns_32ns_32_10_full_dsp_1_U1337)                             |               bd_0_hls_inst_0_top_kernel_fsub_32ns_32ns_32_10_full_dsp_1__xdcDup__3 |         16 |         16 |       0 |    0 |    93 |      0 |      0 |    0 |          0 |
|               top_kernel_fsub_32ns_32ns_32_10_full_dsp_1_ip_u                     |                   bd_0_hls_inst_0_top_kernel_fsub_32ns_32ns_32_10_full_dsp_1_ip__33 |        196 |        193 |       0 |    3 |   262 |      0 |      0 |    0 |          2 |
|             fsub_32ns_32ns_32_10_full_dsp_1_U1338                                 |               bd_0_hls_inst_0_top_kernel_fsub_32ns_32ns_32_10_full_dsp_1__xdcDup__4 |        212 |        209 |       0 |    3 |   355 |      0 |      0 |    0 |          2 |
|               (fsub_32ns_32ns_32_10_full_dsp_1_U1338)                             |               bd_0_hls_inst_0_top_kernel_fsub_32ns_32ns_32_10_full_dsp_1__xdcDup__4 |         16 |         16 |       0 |    0 |    93 |      0 |      0 |    0 |          0 |
|               top_kernel_fsub_32ns_32ns_32_10_full_dsp_1_ip_u                     |                   bd_0_hls_inst_0_top_kernel_fsub_32ns_32ns_32_10_full_dsp_1_ip__32 |        196 |        193 |       0 |    3 |   262 |      0 |      0 |    0 |          2 |
|             fsub_32ns_32ns_32_10_full_dsp_1_U1339                                 |               bd_0_hls_inst_0_top_kernel_fsub_32ns_32ns_32_10_full_dsp_1__xdcDup__5 |        212 |        209 |       0 |    3 |   324 |      0 |      0 |    0 |          2 |
|               (fsub_32ns_32ns_32_10_full_dsp_1_U1339)                             |               bd_0_hls_inst_0_top_kernel_fsub_32ns_32ns_32_10_full_dsp_1__xdcDup__5 |         16 |         16 |       0 |    0 |    62 |      0 |      0 |    0 |          0 |
|               top_kernel_fsub_32ns_32ns_32_10_full_dsp_1_ip_u                     |                   bd_0_hls_inst_0_top_kernel_fsub_32ns_32ns_32_10_full_dsp_1_ip__31 |        196 |        193 |       0 |    3 |   262 |      0 |      0 |    0 |          2 |
|             fsub_32ns_32ns_32_10_full_dsp_1_U1340                                 |               bd_0_hls_inst_0_top_kernel_fsub_32ns_32ns_32_10_full_dsp_1__xdcDup__6 |        212 |        209 |       0 |    3 |   355 |      0 |      0 |    0 |          2 |
|               (fsub_32ns_32ns_32_10_full_dsp_1_U1340)                             |               bd_0_hls_inst_0_top_kernel_fsub_32ns_32ns_32_10_full_dsp_1__xdcDup__6 |         16 |         16 |       0 |    0 |    93 |      0 |      0 |    0 |          0 |
|               top_kernel_fsub_32ns_32ns_32_10_full_dsp_1_ip_u                     |                   bd_0_hls_inst_0_top_kernel_fsub_32ns_32ns_32_10_full_dsp_1_ip__30 |        196 |        193 |       0 |    3 |   262 |      0 |      0 |    0 |          2 |
|             fsub_32ns_32ns_32_10_full_dsp_1_U1341                                 |               bd_0_hls_inst_0_top_kernel_fsub_32ns_32ns_32_10_full_dsp_1__xdcDup__7 |        212 |        209 |       0 |    3 |   355 |      0 |      0 |    0 |          2 |
|               (fsub_32ns_32ns_32_10_full_dsp_1_U1341)                             |               bd_0_hls_inst_0_top_kernel_fsub_32ns_32ns_32_10_full_dsp_1__xdcDup__7 |         16 |         16 |       0 |    0 |    93 |      0 |      0 |    0 |          0 |
|               top_kernel_fsub_32ns_32ns_32_10_full_dsp_1_ip_u                     |                   bd_0_hls_inst_0_top_kernel_fsub_32ns_32ns_32_10_full_dsp_1_ip__29 |        196 |        193 |       0 |    3 |   262 |      0 |      0 |    0 |          2 |
|             fsub_32ns_32ns_32_10_full_dsp_1_U1342                                 |               bd_0_hls_inst_0_top_kernel_fsub_32ns_32ns_32_10_full_dsp_1__xdcDup__8 |        156 |        153 |       0 |    3 |   294 |      0 |      0 |    0 |          2 |
|               (fsub_32ns_32ns_32_10_full_dsp_1_U1342)                             |               bd_0_hls_inst_0_top_kernel_fsub_32ns_32ns_32_10_full_dsp_1__xdcDup__8 |         16 |         16 |       0 |    0 |    62 |      0 |      0 |    0 |          0 |
|               top_kernel_fsub_32ns_32ns_32_10_full_dsp_1_ip_u                     |                   bd_0_hls_inst_0_top_kernel_fsub_32ns_32ns_32_10_full_dsp_1_ip__28 |        140 |        137 |       0 |    3 |   232 |      0 |      0 |    0 |          2 |
|             fsub_32ns_32ns_32_10_full_dsp_1_U1343                                 |               bd_0_hls_inst_0_top_kernel_fsub_32ns_32ns_32_10_full_dsp_1__xdcDup__9 |        212 |        209 |       0 |    3 |   324 |      0 |      0 |    0 |          2 |
|               (fsub_32ns_32ns_32_10_full_dsp_1_U1343)                             |               bd_0_hls_inst_0_top_kernel_fsub_32ns_32ns_32_10_full_dsp_1__xdcDup__9 |         16 |         16 |       0 |    0 |    62 |      0 |      0 |    0 |          0 |
|               top_kernel_fsub_32ns_32ns_32_10_full_dsp_1_ip_u                     |                   bd_0_hls_inst_0_top_kernel_fsub_32ns_32ns_32_10_full_dsp_1_ip__27 |        196 |        193 |       0 |    3 |   262 |      0 |      0 |    0 |          2 |
|             fsub_32ns_32ns_32_10_full_dsp_1_U1344                                 |              bd_0_hls_inst_0_top_kernel_fsub_32ns_32ns_32_10_full_dsp_1__xdcDup__10 |        237 |        234 |       0 |    3 |   308 |      0 |      0 |    0 |          2 |
|               (fsub_32ns_32ns_32_10_full_dsp_1_U1344)                             |              bd_0_hls_inst_0_top_kernel_fsub_32ns_32ns_32_10_full_dsp_1__xdcDup__10 |         49 |         49 |       0 |    0 |    70 |      0 |      0 |    0 |          0 |
|               top_kernel_fsub_32ns_32ns_32_10_full_dsp_1_ip_u                     |                       bd_0_hls_inst_0_top_kernel_fsub_32ns_32ns_32_10_full_dsp_1_ip |        188 |        185 |       0 |    3 |   238 |      0 |      0 |    0 |          2 |
|             fsub_32ns_32ns_32_10_full_dsp_1_U1345                                 |              bd_0_hls_inst_0_top_kernel_fsub_32ns_32ns_32_10_full_dsp_1__xdcDup__11 |        237 |        234 |       0 |    3 |   308 |      0 |      0 |    0 |          2 |
|               (fsub_32ns_32ns_32_10_full_dsp_1_U1345)                             |              bd_0_hls_inst_0_top_kernel_fsub_32ns_32ns_32_10_full_dsp_1__xdcDup__11 |         49 |         49 |       0 |    0 |    70 |      0 |      0 |    0 |          0 |
|               top_kernel_fsub_32ns_32ns_32_10_full_dsp_1_ip_u                     |                   bd_0_hls_inst_0_top_kernel_fsub_32ns_32ns_32_10_full_dsp_1_ip__24 |        188 |        185 |       0 |    3 |   238 |      0 |      0 |    0 |          2 |
|             fsub_32ns_32ns_32_10_full_dsp_1_U1346                                 |              bd_0_hls_inst_0_top_kernel_fsub_32ns_32ns_32_10_full_dsp_1__xdcDup__12 |        237 |        234 |       0 |    3 |   308 |      0 |      0 |    0 |          2 |
|               (fsub_32ns_32ns_32_10_full_dsp_1_U1346)                             |              bd_0_hls_inst_0_top_kernel_fsub_32ns_32ns_32_10_full_dsp_1__xdcDup__12 |         49 |         49 |       0 |    0 |    70 |      0 |      0 |    0 |          0 |
|               top_kernel_fsub_32ns_32ns_32_10_full_dsp_1_ip_u                     |                   bd_0_hls_inst_0_top_kernel_fsub_32ns_32ns_32_10_full_dsp_1_ip__25 |        188 |        185 |       0 |    3 |   238 |      0 |      0 |    0 |          2 |
|             fsub_32ns_32ns_32_10_full_dsp_1_U1347                                 |              bd_0_hls_inst_0_top_kernel_fsub_32ns_32ns_32_10_full_dsp_1__xdcDup__13 |        204 |        201 |       0 |    3 |   308 |      0 |      0 |    0 |          2 |
|               (fsub_32ns_32ns_32_10_full_dsp_1_U1347)                             |              bd_0_hls_inst_0_top_kernel_fsub_32ns_32ns_32_10_full_dsp_1__xdcDup__13 |         16 |         16 |       0 |    0 |    70 |      0 |      0 |    0 |          0 |
|               top_kernel_fsub_32ns_32ns_32_10_full_dsp_1_ip_u                     |                   bd_0_hls_inst_0_top_kernel_fsub_32ns_32ns_32_10_full_dsp_1_ip__19 |        188 |        185 |       0 |    3 |   238 |      0 |      0 |    0 |          2 |
|             fsub_32ns_32ns_32_10_full_dsp_1_U1348                                 |              bd_0_hls_inst_0_top_kernel_fsub_32ns_32ns_32_10_full_dsp_1__xdcDup__14 |        206 |        203 |       0 |    3 |   307 |      0 |      0 |    0 |          2 |
|               (fsub_32ns_32ns_32_10_full_dsp_1_U1348)                             |              bd_0_hls_inst_0_top_kernel_fsub_32ns_32ns_32_10_full_dsp_1__xdcDup__14 |         18 |         18 |       0 |    0 |    69 |      0 |      0 |    0 |          0 |
|               top_kernel_fsub_32ns_32ns_32_10_full_dsp_1_ip_u                     |                   bd_0_hls_inst_0_top_kernel_fsub_32ns_32ns_32_10_full_dsp_1_ip__21 |        188 |        185 |       0 |    3 |   238 |      0 |      0 |    0 |          2 |
|             fsub_32ns_32ns_32_10_full_dsp_1_U1349                                 |              bd_0_hls_inst_0_top_kernel_fsub_32ns_32ns_32_10_full_dsp_1__xdcDup__15 |        206 |        203 |       0 |    3 |   307 |      0 |      0 |    0 |          2 |
|               (fsub_32ns_32ns_32_10_full_dsp_1_U1349)                             |              bd_0_hls_inst_0_top_kernel_fsub_32ns_32ns_32_10_full_dsp_1__xdcDup__15 |         18 |         18 |       0 |    0 |    69 |      0 |      0 |    0 |          0 |
|               top_kernel_fsub_32ns_32ns_32_10_full_dsp_1_ip_u                     |                   bd_0_hls_inst_0_top_kernel_fsub_32ns_32ns_32_10_full_dsp_1_ip__22 |        188 |        185 |       0 |    3 |   238 |      0 |      0 |    0 |          2 |
|             fsub_32ns_32ns_32_10_full_dsp_1_U1350                                 |              bd_0_hls_inst_0_top_kernel_fsub_32ns_32ns_32_10_full_dsp_1__xdcDup__16 |        206 |        203 |       0 |    3 |   308 |      0 |      0 |    0 |          2 |
|               (fsub_32ns_32ns_32_10_full_dsp_1_U1350)                             |              bd_0_hls_inst_0_top_kernel_fsub_32ns_32ns_32_10_full_dsp_1__xdcDup__16 |         18 |         18 |       0 |    0 |    70 |      0 |      0 |    0 |          0 |
|               top_kernel_fsub_32ns_32ns_32_10_full_dsp_1_ip_u                     |                   bd_0_hls_inst_0_top_kernel_fsub_32ns_32ns_32_10_full_dsp_1_ip__26 |        188 |        185 |       0 |    3 |   238 |      0 |      0 |    0 |          2 |
|             fsub_32ns_32ns_32_10_full_dsp_1_U1351                                 |              bd_0_hls_inst_0_top_kernel_fsub_32ns_32ns_32_10_full_dsp_1__xdcDup__17 |        206 |        203 |       0 |    3 |   308 |      0 |      0 |    0 |          2 |
|               (fsub_32ns_32ns_32_10_full_dsp_1_U1351)                             |              bd_0_hls_inst_0_top_kernel_fsub_32ns_32ns_32_10_full_dsp_1__xdcDup__17 |         18 |         18 |       0 |    0 |    70 |      0 |      0 |    0 |          0 |
|               top_kernel_fsub_32ns_32ns_32_10_full_dsp_1_ip_u                     |                   bd_0_hls_inst_0_top_kernel_fsub_32ns_32ns_32_10_full_dsp_1_ip__18 |        188 |        185 |       0 |    3 |   238 |      0 |      0 |    0 |          2 |
|             fsub_32ns_32ns_32_10_full_dsp_1_U1352                                 |                          bd_0_hls_inst_0_top_kernel_fsub_32ns_32ns_32_10_full_dsp_1 |        206 |        203 |       0 |    3 |   307 |      0 |      0 |    0 |          2 |
|               (fsub_32ns_32ns_32_10_full_dsp_1_U1352)                             |                          bd_0_hls_inst_0_top_kernel_fsub_32ns_32ns_32_10_full_dsp_1 |         18 |         18 |       0 |    0 |    69 |      0 |      0 |    0 |          0 |
|               top_kernel_fsub_32ns_32ns_32_10_full_dsp_1_ip_u                     |                   bd_0_hls_inst_0_top_kernel_fsub_32ns_32ns_32_10_full_dsp_1_ip__23 |        188 |        185 |       0 |    3 |   238 |      0 |      0 |    0 |          2 |
|             mul_64ns_66ns_129_5_1_U1430                                           |                                bd_0_hls_inst_0_top_kernel_mul_64ns_66ns_129_5_1_708 |        114 |        114 |       0 |    0 |    17 |      0 |      0 |    0 |         13 |
|             mul_6ns_8ns_13_1_1_U1448                                              |                                   bd_0_hls_inst_0_top_kernel_mul_6ns_8ns_13_1_1_711 |        118 |        118 |       0 |    0 |     0 |      0 |      0 |    0 |          1 |
|             mul_6ns_8ns_13_1_1_U1449                                              |                                   bd_0_hls_inst_0_top_kernel_mul_6ns_8ns_13_1_1_712 |        261 |        261 |       0 |    0 |     0 |      0 |      0 |    0 |          1 |
|             sdiv_35ns_21ns_35_39_1_U1549                                          |                                   bd_0_hls_inst_0_top_kernel_sdiv_35ns_21ns_35_39_1 |       1795 |       1721 |       0 |   74 |  1880 |      0 |      0 |    0 |          0 |
|               (sdiv_35ns_21ns_35_39_1_U1549)                                      |                                   bd_0_hls_inst_0_top_kernel_sdiv_35ns_21ns_35_39_1 |        116 |         96 |       0 |   20 |    54 |      0 |      0 |    0 |          0 |
|               top_kernel_sdiv_35ns_21ns_35_39_1_divider_u                         |                           bd_0_hls_inst_0_top_kernel_sdiv_35ns_21ns_35_39_1_divider |       1679 |       1625 |       0 |   54 |  1826 |      0 |      0 |    0 |          0 |
|         stage_gaussian_U0                                                         |                                           bd_0_hls_inst_0_top_kernel_stage_gaussian |       4275 |       3851 |       0 |  424 |   922 |      0 |     25 |    0 |        107 |
|           grp_stage_gaussian_Pipeline_READ_IN_fu_130                              |                          bd_0_hls_inst_0_top_kernel_stage_gaussian_Pipeline_READ_IN |        109 |         82 |       0 |   27 |   104 |      0 |      0 |    0 |          2 |
|           grp_stage_gaussian_Pipeline_GAUSSIAN_OUT_VITIS_LOOP_161_1_fu_186        |    bd_0_hls_inst_0_top_kernel_stage_gaussian_Pipeline_GAUSSIAN_OUT_VITIS_LOOP_161_1 |       4164 |       3767 |       0 |  397 |   811 |      0 |      0 |    0 |        105 |
|             (grp_stage_gaussian_Pipeline_GAUSSIAN_OUT_VITIS_LOOP_161_1_fu_186)    |    bd_0_hls_inst_0_top_kernel_stage_gaussian_Pipeline_GAUSSIAN_OUT_VITIS_LOOP_161_1 |       1327 |        937 |       0 |  390 |   722 |      0 |      0 |    0 |          3 |
|             mul_18s_10ns_28_1_1_U1200                                             |                                      bd_0_hls_inst_0_top_kernel_mul_18s_10ns_28_1_1 |        201 |        201 |       0 |    0 |     0 |      0 |      0 |    0 |          1 |
|             mul_18s_11ns_29_1_1_U1203                                             |                                      bd_0_hls_inst_0_top_kernel_mul_18s_11ns_29_1_1 |        201 |        201 |       0 |    0 |     0 |      0 |      0 |    0 |          1 |
|             mul_18s_8ns_26_1_1_U1199                                              |                                       bd_0_hls_inst_0_top_kernel_mul_18s_8ns_26_1_1 |        201 |        201 |       0 |    0 |     0 |      0 |      0 |    0 |          1 |
|             mul_64ns_66ns_129_5_1_U1132                                           |                                bd_0_hls_inst_0_top_kernel_mul_64ns_66ns_129_5_1_661 |        113 |        113 |       0 |    0 |    25 |      0 |      0 |    0 |         13 |
|             mul_64ns_66ns_129_5_1_U1133                                           |                                bd_0_hls_inst_0_top_kernel_mul_64ns_66ns_129_5_1_662 |        114 |        114 |       0 |    0 |    25 |      0 |      0 |    0 |         13 |
|             mul_6ns_8ns_13_1_1_U1170                                              |                                   bd_0_hls_inst_0_top_kernel_mul_6ns_8ns_13_1_1_663 |       1035 |       1035 |       0 |    0 |     0 |      0 |      0 |    0 |          1 |
|             mul_6ns_8ns_13_1_1_U1171                                              |                                   bd_0_hls_inst_0_top_kernel_mul_6ns_8ns_13_1_1_664 |        168 |        168 |       0 |    0 |     0 |      0 |      0 |    0 |          1 |
|             mul_6ns_8ns_13_1_1_U1172                                              |                                   bd_0_hls_inst_0_top_kernel_mul_6ns_8ns_13_1_1_665 |        199 |        199 |       0 |    0 |     0 |      0 |      0 |    0 |          1 |
|             mul_6ns_8ns_13_1_1_U1173                                              |                                   bd_0_hls_inst_0_top_kernel_mul_6ns_8ns_13_1_1_666 |        186 |        186 |       0 |    0 |     0 |      0 |      0 |    0 |          1 |
|         stage_morphology_U0                                                       |                                         bd_0_hls_inst_0_top_kernel_stage_morphology |       2219 |       1954 |       0 |  265 |  1119 |      0 |     18 |    0 |         32 |
|           mul_64ns_66ns_129_5_1_U1674                                             |                                    bd_0_hls_inst_0_top_kernel_mul_64ns_66ns_129_5_1 |         89 |         89 |       0 |    0 |    17 |      0 |      0 |    0 |         13 |
|           grp_stage_morphology_Pipeline_DILATION_LOOP_VITIS_LOOP_347_2_fu_150     | bd_0_hls_inst_0_top_kernel_stage_morphology_Pipeline_DILATION_LOOP_VITIS_LOOP_347_2 |       1016 |        908 |       0 |  108 |   496 |      0 |      0 |    0 |          8 |
|             (grp_stage_morphology_Pipeline_DILATION_LOOP_VITIS_LOOP_347_2_fu_150) | bd_0_hls_inst_0_top_kernel_stage_morphology_Pipeline_DILATION_LOOP_VITIS_LOOP_347_2 |        933 |        832 |       0 |  101 |   448 |      0 |      0 |    0 |          6 |
|           grp_stage_morphology_Pipeline_EROSION_LOOP_VITIS_LOOP_308_1_fu_128      |  bd_0_hls_inst_0_top_kernel_stage_morphology_Pipeline_EROSION_LOOP_VITIS_LOOP_308_1 |       1030 |        895 |       0 |  135 |   493 |      0 |      0 |    0 |          8 |
|             (grp_stage_morphology_Pipeline_EROSION_LOOP_VITIS_LOOP_308_1_fu_128)  |  bd_0_hls_inst_0_top_kernel_stage_morphology_Pipeline_EROSION_LOOP_VITIS_LOOP_308_1 |        950 |        828 |       0 |  122 |   439 |      0 |      0 |    0 |          8 |
|           grp_stage_morphology_Pipeline_READ_BILATERAL_fu_104                     |                 bd_0_hls_inst_0_top_kernel_stage_morphology_Pipeline_READ_BILATERAL |         80 |         58 |       0 |   22 |   104 |      0 |      0 |    0 |          3 |
|         stage_rgb2eq_U0                                                           |                                             bd_0_hls_inst_0_top_kernel_stage_rgb2eq |      13475 |      13397 |       0 |   78 | 21646 |      2 |      0 |    0 |         16 |
|           (stage_rgb2eq_U0)                                                       |                                             bd_0_hls_inst_0_top_kernel_stage_rgb2eq |          7 |          7 |       0 |    0 |   100 |      0 |      0 |    0 |          0 |
|           faddfsub_32ns_32ns_32_10_full_dsp_1_U1082                               |                      bd_0_hls_inst_0_top_kernel_faddfsub_32ns_32ns_32_10_full_dsp_1 |        213 |        210 |       0 |    3 |   363 |      0 |      0 |    0 |          2 |
|             (faddfsub_32ns_32ns_32_10_full_dsp_1_U1082)                           |                      bd_0_hls_inst_0_top_kernel_faddfsub_32ns_32ns_32_10_full_dsp_1 |         17 |         17 |       0 |    0 |    98 |      0 |      0 |    0 |          0 |
|             top_kernel_faddfsub_32ns_32ns_32_10_full_dsp_1_ip_u                   |                   bd_0_hls_inst_0_top_kernel_faddfsub_32ns_32ns_32_10_full_dsp_1_ip |        196 |        193 |       0 |    3 |   265 |      0 |      0 |    0 |          2 |
|               U0                                                                  |                              bd_0_hls_inst_0_floating_point_v7_1_20__parameterized7 |        196 |        193 |       0 |    3 |   265 |      0 |      0 |    0 |          2 |
|           fmul_32ns_32ns_32_7_max_dsp_1_U1084                                     |                 bd_0_hls_inst_0_top_kernel_fmul_32ns_32ns_32_7_max_dsp_1__xdcDup__4 |         90 |         90 |       0 |    0 |   176 |      0 |      0 |    0 |          3 |
|             (fmul_32ns_32ns_32_7_max_dsp_1_U1084)                                 |                 bd_0_hls_inst_0_top_kernel_fmul_32ns_32ns_32_7_max_dsp_1__xdcDup__4 |         18 |         18 |       0 |    0 |    67 |      0 |      0 |    0 |          0 |
|             top_kernel_fmul_32ns_32ns_32_7_max_dsp_1_ip_u                         |                     bd_0_hls_inst_0_top_kernel_fmul_32ns_32ns_32_7_max_dsp_1_ip__39 |         72 |         72 |       0 |    0 |   109 |      0 |      0 |    0 |          3 |
|               U0                                                                  |                          bd_0_hls_inst_0_floating_point_v7_1_20__parameterized1__39 |         72 |         72 |       0 |    0 |   109 |      0 |      0 |    0 |          3 |
|           fpext_32ns_64_2_no_dsp_1_U1085                                          |                      bd_0_hls_inst_0_top_kernel_fpext_32ns_64_2_no_dsp_1__xdcDup__1 |         99 |         99 |       0 |    0 |    96 |      0 |      0 |    0 |          0 |
|             (fpext_32ns_64_2_no_dsp_1_U1085)                                      |                      bd_0_hls_inst_0_top_kernel_fpext_32ns_64_2_no_dsp_1__xdcDup__1 |         32 |         32 |       0 |    0 |    96 |      0 |      0 |    0 |          0 |
|             top_kernel_fpext_32ns_64_2_no_dsp_1_ip_u                              |                          bd_0_hls_inst_0_top_kernel_fpext_32ns_64_2_no_dsp_1_ip__10 |         67 |         67 |       0 |    0 |     0 |      0 |      0 |    0 |          0 |
|               U0                                                                  |                         bd_0_hls_inst_0_floating_point_v7_1_20__parameterized11__10 |         67 |         67 |       0 |    0 |     0 |      0 |      0 |    0 |          0 |
|           grp_stage_rgb2eq_Pipeline_BUILD_HIST_fu_2163                            |                         bd_0_hls_inst_0_top_kernel_stage_rgb2eq_Pipeline_BUILD_HIST |       5075 |       5072 |       0 |    3 |  8462 |      0 |      0 |    0 |          0 |
|             (grp_stage_rgb2eq_Pipeline_BUILD_HIST_fu_2163)                        |                         bd_0_hls_inst_0_top_kernel_stage_rgb2eq_Pipeline_BUILD_HIST |       5025 |       5022 |       0 |    3 |  8460 |      0 |      0 |    0 |          0 |
|           grp_stage_rgb2eq_Pipeline_PASS1_fu_2149                                 |                              bd_0_hls_inst_0_top_kernel_stage_rgb2eq_Pipeline_PASS1 |       1188 |       1157 |       0 |   31 |  1559 |      0 |      0 |    0 |         11 |
|             (grp_stage_rgb2eq_Pipeline_PASS1_fu_2149)                             |                              bd_0_hls_inst_0_top_kernel_stage_rgb2eq_Pipeline_PASS1 |        690 |        662 |       0 |   28 |   676 |      0 |      0 |    0 |          0 |
|             fadd_32ns_32ns_32_10_full_dsp_1_U4                                    |                          bd_0_hls_inst_0_top_kernel_fadd_32ns_32ns_32_10_full_dsp_1 |        211 |        208 |       0 |    3 |   361 |      0 |      0 |    0 |          2 |
|               (fadd_32ns_32ns_32_10_full_dsp_1_U4)                                |                          bd_0_hls_inst_0_top_kernel_fadd_32ns_32ns_32_10_full_dsp_1 |         16 |         16 |       0 |    0 |    96 |      0 |      0 |    0 |          0 |
|               top_kernel_fadd_32ns_32ns_32_10_full_dsp_1_ip_u                     |                       bd_0_hls_inst_0_top_kernel_fadd_32ns_32ns_32_10_full_dsp_1_ip |        195 |        192 |       0 |    3 |   265 |      0 |      0 |    0 |          2 |
|             fmul_32ns_32ns_32_7_max_dsp_1_U6                                      |                 bd_0_hls_inst_0_top_kernel_fmul_32ns_32ns_32_7_max_dsp_1__xdcDup__1 |         86 |         86 |       0 |    0 |   173 |      0 |      0 |    0 |          3 |
|               (fmul_32ns_32ns_32_7_max_dsp_1_U6)                                  |                 bd_0_hls_inst_0_top_kernel_fmul_32ns_32ns_32_7_max_dsp_1__xdcDup__1 |         16 |         16 |       0 |    0 |    64 |      0 |      0 |    0 |          0 |
|               top_kernel_fmul_32ns_32ns_32_7_max_dsp_1_ip_u                       |                     bd_0_hls_inst_0_top_kernel_fmul_32ns_32ns_32_7_max_dsp_1_ip__38 |         70 |         70 |       0 |    0 |   109 |      0 |      0 |    0 |          3 |
|             fmul_32ns_32ns_32_7_max_dsp_1_U7                                      |                 bd_0_hls_inst_0_top_kernel_fmul_32ns_32ns_32_7_max_dsp_1__xdcDup__2 |         86 |         86 |       0 |    0 |   173 |      0 |      0 |    0 |          3 |
|               (fmul_32ns_32ns_32_7_max_dsp_1_U7)                                  |                 bd_0_hls_inst_0_top_kernel_fmul_32ns_32ns_32_7_max_dsp_1__xdcDup__2 |         16 |         16 |       0 |    0 |    64 |      0 |      0 |    0 |          0 |
|               top_kernel_fmul_32ns_32ns_32_7_max_dsp_1_ip_u                       |                     bd_0_hls_inst_0_top_kernel_fmul_32ns_32ns_32_7_max_dsp_1_ip__37 |         70 |         70 |       0 |    0 |   109 |      0 |      0 |    0 |          3 |
|             fmul_32ns_32ns_32_7_max_dsp_1_U8                                      |                 bd_0_hls_inst_0_top_kernel_fmul_32ns_32ns_32_7_max_dsp_1__xdcDup__3 |         86 |         86 |       0 |    0 |   174 |      0 |      0 |    0 |          3 |
|               (fmul_32ns_32ns_32_7_max_dsp_1_U8)                                  |                 bd_0_hls_inst_0_top_kernel_fmul_32ns_32ns_32_7_max_dsp_1__xdcDup__3 |         16 |         16 |       0 |    0 |    65 |      0 |      0 |    0 |          0 |
|               top_kernel_fmul_32ns_32ns_32_7_max_dsp_1_ip_u                       |                     bd_0_hls_inst_0_top_kernel_fmul_32ns_32ns_32_7_max_dsp_1_ip__36 |         70 |         70 |       0 |    0 |   109 |      0 |      0 |    0 |          3 |
|           grp_stage_rgb2eq_Pipeline_PASS2_fu_2939                                 |                              bd_0_hls_inst_0_top_kernel_stage_rgb2eq_Pipeline_PASS2 |       1832 |       1792 |       0 |   40 |  2416 |      0 |      0 |    0 |          0 |
|             (grp_stage_rgb2eq_Pipeline_PASS2_fu_2939)                             |                              bd_0_hls_inst_0_top_kernel_stage_rgb2eq_Pipeline_PASS2 |        937 |        933 |       0 |    4 |   902 |      0 |      0 |    0 |          0 |
|             fdiv_32ns_32ns_32_30_no_dsp_1_U807                                    |                 bd_0_hls_inst_0_top_kernel_fdiv_32ns_32ns_32_30_no_dsp_1__xdcDup__1 |        798 |        762 |       0 |   36 |  1476 |      0 |      0 |    0 |          0 |
|               (fdiv_32ns_32ns_32_30_no_dsp_1_U807)                                |                 bd_0_hls_inst_0_top_kernel_fdiv_32ns_32ns_32_30_no_dsp_1__xdcDup__1 |         16 |         16 |       0 |    0 |    96 |      0 |      0 |    0 |          0 |
|               top_kernel_fdiv_32ns_32ns_32_30_no_dsp_1_ip_u                       |                         bd_0_hls_inst_0_top_kernel_fdiv_32ns_32ns_32_30_no_dsp_1_ip |        782 |        746 |       0 |   36 |  1380 |      0 |      0 |    0 |          0 |
|           grp_stage_rgb2eq_Pipeline_VITIS_LOOP_116_2_fu_2424                      |                   bd_0_hls_inst_0_top_kernel_stage_rgb2eq_Pipeline_VITIS_LOOP_116_2 |       4796 |       4796 |       0 |    0 |  8227 |      0 |      0 |    0 |          0 |
|             (grp_stage_rgb2eq_Pipeline_VITIS_LOOP_116_2_fu_2424)                  |                   bd_0_hls_inst_0_top_kernel_stage_rgb2eq_Pipeline_VITIS_LOOP_116_2 |       4733 |       4733 |       0 |    0 |  8225 |      0 |      0 |    0 |          0 |
|             flow_control_loop_pipe_sequential_init_U                              |                   bd_0_hls_inst_0_top_kernel_flow_control_loop_pipe_sequential_init |         63 |         63 |       0 |    0 |     2 |      0 |      0 |    0 |          0 |
|           sitofp_32ns_32_7_no_dsp_1_U1083                                         |                                bd_0_hls_inst_0_top_kernel_sitofp_32ns_32_7_no_dsp_1 |        175 |        174 |       0 |    1 |   247 |      0 |      0 |    0 |          0 |
|             (sitofp_32ns_32_7_no_dsp_1_U1083)                                     |                                bd_0_hls_inst_0_top_kernel_sitofp_32ns_32_7_no_dsp_1 |         17 |         17 |       0 |    0 |    65 |      0 |      0 |    0 |          0 |
|             top_kernel_sitofp_32ns_32_7_no_dsp_1_ip_u                             |                             bd_0_hls_inst_0_top_kernel_sitofp_32ns_32_7_no_dsp_1_ip |        158 |        157 |       0 |    1 |   182 |      0 |      0 |    0 |          0 |
|               U0                                                                  |                              bd_0_hls_inst_0_floating_point_v7_1_20__parameterized9 |        158 |        157 |       0 |    1 |   182 |      0 |      0 |    0 |          0 |
+-----------------------------------------------------------------------------------+-------------------------------------------------------------------------------------+------------+------------+---------+------+-------+--------+--------+------+------------+


