  **** HLS Build v2025.1.1 6214317
Sourcing Tcl script '/nethome/asandeep6/FPGA_ECE8893/2026_Spring/lab4/script.tcl'
INFO: [HLS 200-1510] Running: open_component project_1 
INFO: [HLS 200-10] Creating and opening component '/nethome/asandeep6/FPGA_ECE8893/2026_Spring/lab4/project_1'.
INFO: [HLS 200-1505] Using default flow_target 'vivado'
Resolution: For help on HLS 200-1505 see docs.xilinx.com/access/sources/dita/topic?Doc_Version=2025.1%20English&url=ug1448-hls-guidance&resourceid=200-1505.html
INFO: [HLS 200-2176] Writing Vitis IDE component file /nethome/asandeep6/FPGA_ECE8893/2026_Spring/lab4/project_1/vitis-comp.json
INFO: [HLS 200-1915] Writing HLS config ini file /nethome/asandeep6/FPGA_ECE8893/2026_Spring/lab4/project_1/hls_config.cfg
INFO: [HLS 200-1510] Running: set_top ag_pipeline_baseline 
INFO: [HLS 200-1510] Running: add_files baseline.cpp 
INFO: [HLS 200-10] Adding design file 'baseline.cpp' to the project
INFO: [HLS 200-1510] Running: add_files -tb host.cpp 
INFO: [HLS 200-10] Adding test bench file 'host.cpp' to the project
INFO: [HLS 200-1510] Running: config_unroll -tripcount_threshold 0 
INFO: [XFORM 203-502] Automatic unrolling disabled.
INFO: [HLS 200-1510] Running: config_compile -pipeline_loops 0 
INFO: [HLS 200-1510] Running: set_part xczu3eg-sbva484-1-e 
INFO: [HLS 200-1611] Setting target device to 'xczu3eg-sbva484-1-e'
INFO: [HLS 200-1510] Running: csynth_design 
INFO: [HLS 200-1915] Writing HLS config ini file /nethome/asandeep6/FPGA_ECE8893/2026_Spring/lab4/project_1/hls_config.cfg
INFO: [HLS 200-111] Finished File checks and directory preparation: CPU user time: 1.26 seconds. CPU system time: 0.14 seconds. Elapsed time: 8.97 seconds; current allocated memory: 690.223 MB.
INFO: [HLS 200-10] Analyzing design file 'baseline.cpp' ... 
WARNING: [HLS 200-1986] Could not apply TOP directive, invalid function, label, or variable (/nethome/asandeep6/FPGA_ECE8893/2026_Spring/lab4/script.tcl:21)
INFO: [HLS 200-111] Finished Source Code Analysis and Preprocessing: CPU user time: 7.35 seconds. CPU system time: 0.89 seconds. Elapsed time: 40.38 seconds; current allocated memory: 692.066 MB.
ERROR: [HLS 214-157] Top function not found: there is no function named 'ag_pipeline_baseline'
error: Top function not found: there is no function named 'ag_pipeline_baseline'
INFO: [HLS 200-2161] Finished Command csynth_design Elapsed time: 00:00:52; Allocated memory: 19.016 MB.
Error in opt
    while executing
"source /nethome/asandeep6/FPGA_ECE8893/2026_Spring/lab4/script.tcl"
    ("uplevel" body line 1)
    invoked from within
"uplevel \#0 [list source $tclfile] "

INFO: [HLS 200-112] Total CPU user time: 15.91 seconds. Total CPU system time: 2.89 seconds. Total elapsed time: 59.72 seconds; peak allocated memory: 692.238 MB.
INFO: [vitis-run 60-1662] Stopping dispatch session having empty uuid.
