  **** HLS Build v2025.1.1 6214317
Sourcing Tcl script '/nethome/asandeep6/FPGA_ECE8893/2026_Spring/lab4/script.tcl'
INFO: [HLS 200-1510] Running: open_component project_1 
INFO: [HLS 200-10] Creating and opening component '/nethome/asandeep6/FPGA_ECE8893/2026_Spring/lab4/project_1'.
INFO: [HLS 200-1505] Using default flow_target 'vivado'
Resolution: For help on HLS 200-1505 see docs.xilinx.com/access/sources/dita/topic?Doc_Version=2025.1%20English&url=ug1448-hls-guidance&resourceid=200-1505.html
INFO: [HLS 200-2176] Writing Vitis IDE component file /nethome/asandeep6/FPGA_ECE8893/2026_Spring/lab4/project_1/vitis-comp.json
INFO: [HLS 200-1915] Writing HLS config ini file /nethome/asandeep6/FPGA_ECE8893/2026_Spring/lab4/project_1/hls_config.cfg
INFO: [HLS 200-1510] Running: set_top ag_pipeline_baseline 
INFO: [HLS 200-1510] Running: add_files baseline.cpp 
INFO: [HLS 200-10] Adding design file 'baseline.cpp' to the project
INFO: [HLS 200-1510] Running: add_files -tb host.cpp 
INFO: [HLS 200-10] Adding test bench file 'host.cpp' to the project
INFO: [HLS 200-1510] Running: config_unroll -tripcount_threshold 0 
INFO: [XFORM 203-502] Automatic unrolling disabled.
INFO: [HLS 200-1510] Running: config_compile -pipeline_loops 0 
INFO: [HLS 200-1510] Running: set_part xczu3eg-sbva484-1-e 
INFO: [HLS 200-1611] Setting target device to 'xczu3eg-sbva484-1-e'
INFO: [HLS 200-1510] Running: csynth_design 
INFO: [HLS 200-1915] Writing HLS config ini file /nethome/asandeep6/FPGA_ECE8893/2026_Spring/lab4/project_1/hls_config.cfg
INFO: [HLS 200-111] Finished File checks and directory preparation: CPU user time: 0.68 seconds. CPU system time: 0.12 seconds. Elapsed time: 8.36 seconds; current allocated memory: 690.211 MB.
INFO: [HLS 200-10] Analyzing design file 'baseline.cpp' ... 
WARNING: [HLS 207-5292] unused parameter 'nir_in' (baseline.cpp:3:114)
INFO: [HLS 200-111] Finished Source Code Analysis and Preprocessing: CPU user time: 5.35 seconds. CPU system time: 1.01 seconds. Elapsed time: 6.46 seconds; current allocated memory: 692.102 MB.
INFO: [HLS 200-777] Using interface defaults for 'Vivado' flow target.
INFO: [HLS 200-1995] There were 5,230 instructions in the design after the 'Compile/Link' phase of compilation. See the Design Size Report for more details (/nethome/asandeep6/FPGA_ECE8893/2026_Spring/lab4/project_1/hls/syn/report/csynth_design_size.rpt:2)
INFO: [HLS 200-1995] There were 492 instructions in the design after the 'Unroll/Inline (step 1)' phase of compilation. See the Design Size Report for more details (/nethome/asandeep6/FPGA_ECE8893/2026_Spring/lab4/project_1/hls/syn/report/csynth_design_size.rpt:2)
INFO: [HLS 200-1995] There were 253 instructions in the design after the 'Unroll/Inline (step 2)' phase of compilation. See the Design Size Report for more details (/nethome/asandeep6/FPGA_ECE8893/2026_Spring/lab4/project_1/hls/syn/report/csynth_design_size.rpt:2)
INFO: [HLS 200-1995] There were 240 instructions in the design after the 'Unroll/Inline (step 3)' phase of compilation. See the Design Size Report for more details (/nethome/asandeep6/FPGA_ECE8893/2026_Spring/lab4/project_1/hls/syn/report/csynth_design_size.rpt:2)
INFO: [HLS 200-1995] There were 231 instructions in the design after the 'Unroll/Inline (step 4)' phase of compilation. See the Design Size Report for more details (/nethome/asandeep6/FPGA_ECE8893/2026_Spring/lab4/project_1/hls/syn/report/csynth_design_size.rpt:2)
INFO: [HLS 200-1995] There were 231 instructions in the design after the 'Array/Struct (step 1)' phase of compilation. See the Design Size Report for more details (/nethome/asandeep6/FPGA_ECE8893/2026_Spring/lab4/project_1/hls/syn/report/csynth_design_size.rpt:2)
INFO: [HLS 200-1995] There were 231 instructions in the design after the 'Array/Struct (step 2)' phase of compilation. See the Design Size Report for more details (/nethome/asandeep6/FPGA_ECE8893/2026_Spring/lab4/project_1/hls/syn/report/csynth_design_size.rpt:2)
INFO: [HLS 200-1995] There were 232 instructions in the design after the 'Array/Struct (step 3)' phase of compilation. See the Design Size Report for more details (/nethome/asandeep6/FPGA_ECE8893/2026_Spring/lab4/project_1/hls/syn/report/csynth_design_size.rpt:2)
INFO: [HLS 200-1995] There were 233 instructions in the design after the 'Array/Struct (step 4)' phase of compilation. See the Design Size Report for more details (/nethome/asandeep6/FPGA_ECE8893/2026_Spring/lab4/project_1/hls/syn/report/csynth_design_size.rpt:2)
INFO: [HLS 200-1995] There were 234 instructions in the design after the 'Array/Struct (step 5)' phase of compilation. See the Design Size Report for more details (/nethome/asandeep6/FPGA_ECE8893/2026_Spring/lab4/project_1/hls/syn/report/csynth_design_size.rpt:2)
INFO: [HLS 200-1995] There were 232 instructions in the design after the 'Performance (step 1)' phase of compilation. See the Design Size Report for more details (/nethome/asandeep6/FPGA_ECE8893/2026_Spring/lab4/project_1/hls/syn/report/csynth_design_size.rpt:2)
INFO: [HLS 200-1995] There were 231 instructions in the design after the 'Performance (step 2)' phase of compilation. See the Design Size Report for more details (/nethome/asandeep6/FPGA_ECE8893/2026_Spring/lab4/project_1/hls/syn/report/csynth_design_size.rpt:2)
INFO: [HLS 200-1995] There were 231 instructions in the design after the 'Performance (step 3)' phase of compilation. See the Design Size Report for more details (/nethome/asandeep6/FPGA_ECE8893/2026_Spring/lab4/project_1/hls/syn/report/csynth_design_size.rpt:2)
INFO: [HLS 200-1995] There were 231 instructions in the design after the 'Performance (step 4)' phase of compilation. See the Design Size Report for more details (/nethome/asandeep6/FPGA_ECE8893/2026_Spring/lab4/project_1/hls/syn/report/csynth_design_size.rpt:2)
INFO: [HLS 200-1995] There were 237 instructions in the design after the 'HW Transforms (step 1)' phase of compilation. See the Design Size Report for more details (/nethome/asandeep6/FPGA_ECE8893/2026_Spring/lab4/project_1/hls/syn/report/csynth_design_size.rpt:2)
INFO: [HLS 200-1995] There were 259 instructions in the design after the 'HW Transforms (step 2)' phase of compilation. See the Design Size Report for more details (/nethome/asandeep6/FPGA_ECE8893/2026_Spring/lab4/project_1/hls/syn/report/csynth_design_size.rpt:2)
INFO: [HLS 214-241] Aggregating bram variable 'nir_in' with compact=bit mode in 16-bits
INFO: [HLS 214-241] Aggregating bram variable 'red_in' with compact=bit mode in 16-bits
WARNING: [HLS 214-167] The program may have out of bound array access on variable 'red_in' (baseline.cpp:12:29)
INFO: [HLS 200-111] Finished Compiling Optimization and Transform: CPU user time: 3.54 seconds. CPU system time: 0.76 seconds. Elapsed time: 8.53 seconds; current allocated memory: 701.414 MB.
INFO: [HLS 200-111] Finished Checking Pragmas: CPU user time: 0 seconds. CPU system time: 0 seconds. Elapsed time: 0 seconds; current allocated memory: 701.414 MB.
INFO: [HLS 200-10] Starting code transformations ...
INFO: [HLS 200-111] Finished Standard Transforms: CPU user time: 0.02 seconds. CPU system time: 0 seconds. Elapsed time: 0.03 seconds; current allocated memory: 701.934 MB.
INFO: [HLS 200-10] Checking synthesizability ...
INFO: [HLS 200-111] Finished Checking Synthesizability: CPU user time: 0.02 seconds. CPU system time: 0.01 seconds. Elapsed time: 0.04 seconds; current allocated memory: 702.027 MB.
INFO: [HLS 200-111] Finished Loop, function and other optimizations: CPU user time: 0.08 seconds. CPU system time: 0.01 seconds. Elapsed time: 0.1 seconds; current allocated memory: 716.297 MB.
INFO: [HLS 200-111] Finished Architecture Synthesis: CPU user time: 0.08 seconds. CPU system time: 0.01 seconds. Elapsed time: 0.09 seconds; current allocated memory: 715.562 MB.
INFO: [HLS 200-10] Starting hardware synthesis ...
INFO: [HLS 200-10] Synthesizing 'ag_pipeline_baseline' ...
INFO: [SYN 201-201] Setting up clock 'default' with a period of 10ns.
INFO: [HLS 200-10] ----------------------------------------------------------------
INFO: [HLS 200-42] -- Implementing module 'ag_pipeline_baseline' 
INFO: [HLS 200-10] ----------------------------------------------------------------
INFO: [SCHED 204-11] Starting scheduling ...
INFO: [SCHED 204-11] Finished scheduling.
INFO: [HLS 200-111] Finished Scheduling: CPU user time: 0.16 seconds. CPU system time: 0.04 seconds. Elapsed time: 0.23 seconds; current allocated memory: 715.844 MB.
INFO: [BIND 205-100] Starting micro-architecture generation ...
INFO: [BIND 205-101] Performing variable lifetime analysis.
INFO: [BIND 205-101] Exploring resource sharing.
INFO: [BIND 205-101] Binding ...
INFO: [BIND 205-100] Finished micro-architecture generation.
INFO: [HLS 200-111] Finished Binding: CPU user time: 0.05 seconds. CPU system time: 0.02 seconds. Elapsed time: 0.07 seconds; current allocated memory: 715.844 MB.
INFO: [HLS 200-10] ----------------------------------------------------------------
INFO: [HLS 200-10] -- Generating RTL for module 'ag_pipeline_baseline' 
INFO: [HLS 200-10] ----------------------------------------------------------------
INFO: [RTGEN 206-500] Setting interface mode on port 'ag_pipeline_baseline/red_in' to 'ap_memory'.
INFO: [RTGEN 206-500] Setting interface mode on port 'ag_pipeline_baseline/nir_in' to 'ap_memory'.
INFO: [RTGEN 206-500] Setting interface mode on port 'ag_pipeline_baseline/profile_out' to 'ap_memory'.
INFO: [RTGEN 206-500] Setting interface mode on function 'ag_pipeline_baseline' to 'ap_ctrl_hs'.
WARNING: [RTGEN 206-101] Port 'ag_pipeline_baseline/nir_in_address0' has no fanin or fanout and is left dangling.
               Please use C simulation to confirm this function argument can be read from or written to.
WARNING: [RTGEN 206-101] Setting dangling out port 'ag_pipeline_baseline/nir_in_address0' to 0.
WARNING: [RTGEN 206-101] Port 'ag_pipeline_baseline/nir_in_ce0' has no fanin or fanout and is left dangling.
               Please use C simulation to confirm this function argument can be read from or written to.
WARNING: [RTGEN 206-101] Setting dangling out port 'ag_pipeline_baseline/nir_in_ce0' to 0.
WARNING: [RTGEN 206-101] Port 'ag_pipeline_baseline/nir_in_we0' has no fanin or fanout and is left dangling.
               Please use C simulation to confirm this function argument can be read from or written to.
WARNING: [RTGEN 206-101] Setting dangling out port 'ag_pipeline_baseline/nir_in_we0' to 0.
WARNING: [RTGEN 206-101] Port 'ag_pipeline_baseline/nir_in_d0' has no fanin or fanout and is left dangling.
               Please use C simulation to confirm this function argument can be read from or written to.
WARNING: [RTGEN 206-101] Setting dangling out port 'ag_pipeline_baseline/nir_in_d0' to 0.
WARNING: [RTGEN 206-101] Port 'ag_pipeline_baseline/nir_in_q0' has no fanin or fanout and is left dangling.
               Please use C simulation to confirm this function argument can be read from or written to.
WARNING: [RTGEN 206-101] Port 'ag_pipeline_baseline/nir_in_address1' has no fanin or fanout and is left dangling.
               Please use C simulation to confirm this function argument can be read from or written to.
WARNING: [RTGEN 206-101] Setting dangling out port 'ag_pipeline_baseline/nir_in_address1' to 0.
WARNING: [RTGEN 206-101] Port 'ag_pipeline_baseline/nir_in_ce1' has no fanin or fanout and is left dangling.
               Please use C simulation to confirm this function argument can be read from or written to.
WARNING: [RTGEN 206-101] Setting dangling out port 'ag_pipeline_baseline/nir_in_ce1' to 0.
WARNING: [RTGEN 206-101] Port 'ag_pipeline_baseline/nir_in_we1' has no fanin or fanout and is left dangling.
               Please use C simulation to confirm this function argument can be read from or written to.
WARNING: [RTGEN 206-101] Setting dangling out port 'ag_pipeline_baseline/nir_in_we1' to 0.
WARNING: [RTGEN 206-101] Port 'ag_pipeline_baseline/nir_in_d1' has no fanin or fanout and is left dangling.
               Please use C simulation to confirm this function argument can be read from or written to.
WARNING: [RTGEN 206-101] Setting dangling out port 'ag_pipeline_baseline/nir_in_d1' to 0.
WARNING: [RTGEN 206-101] Port 'ag_pipeline_baseline/nir_in_q1' has no fanin or fanout and is left dangling.
               Please use C simulation to confirm this function argument can be read from or written to.
INFO: [RTGEN 206-100] Generating core module 'mul_16s_16s_32_1_1': 1 instance(s).
INFO: [RTGEN 206-100] Finished creating RTL model for 'ag_pipeline_baseline'.
INFO: [RTMG 210-278] Implementing memory 'ag_pipeline_baseline_s2_RAM_AUTO_1R1W' using auto RAMs.
INFO: [RTMG 210-278] Implementing memory 'ag_pipeline_baseline_stats_RAM_AUTO_1R1W' using auto RAMs.
INFO: [HLS 200-111] Finished Creating RTL model: CPU user time: 0.09 seconds. CPU system time: 0 seconds. Elapsed time: 0.13 seconds; current allocated memory: 716.562 MB.
INFO: [HLS 200-111] Finished Generating all RTL models: CPU user time: 0.37 seconds. CPU system time: 0.07 seconds. Elapsed time: 0.54 seconds; current allocated memory: 723.539 MB.
INFO: [HLS 200-111] Finished Updating report files: CPU user time: 0.47 seconds. CPU system time: 0.1 seconds. Elapsed time: 0.61 seconds; current allocated memory: 725.164 MB.
INFO: [VHDL 208-304] Generating VHDL RTL for ag_pipeline_baseline.
INFO: [VLOG 209-307] Generating Verilog RTL for ag_pipeline_baseline.
INFO: [HLS 200-790] **** Loop Constraint Status: All loop constraints were satisfied.
INFO: [HLS 200-789] **** Estimated Fmax: 149.45 MHz
INFO: [HLS 200-2161] Finished Command csynth_design Elapsed time: 00:00:25; Allocated memory: 51.953 MB.
INFO: [HLS 200-1510] Running: cosim_design 
INFO: [HLS 200-1915] Writing HLS config ini file /nethome/asandeep6/FPGA_ECE8893/2026_Spring/lab4/project_1/hls_config.cfg
INFO: [COSIM 212-47] Using XSIM for RTL simulation.
INFO: [COSIM 212-14] Instrumenting C test bench ...
   Build using "/tools/software/xilinx/2025.1.1/Vitis/lnx64/tools/vcxx/libexec/clang++"
   Compiling host.cpp_pre.cpp.tb.cpp
   Compiling baseline.cpp_pre.cpp.tb.cpp
   Compiling apatb_ag_pipeline_baseline.cpp
   Compiling apatb_ag_pipeline_baseline_ir.ll
   Generating cosim.tv.exe
In file included from /nethome/asandeep6/FPGA_ECE8893/2026_Spring/lab4/host.cpp:4:
In file included from /nethome/asandeep6/FPGA_ECE8893/2026_Spring/lab4/dcl.h:4:
In file included from /tools/software/xilinx/2025.1.1/Vitis/include/ap_fixed.h:9:
In file included from /tools/software/xilinx/2025.1.1/Vitis/include/etc/ap_common.h:677:
In file included from /tools/software/xilinx/2025.1.1/Vitis/include/etc/ap_private.h:68:
In file included from /tools/software/xilinx/2025.1.1/Vitis/include/hls_half.h:26:
In file included from /tools/software/xilinx/2025.1.1/Vitis/include/etc/hls_half_fpo.h:19:
In file included from /tools/software/xilinx/2025.1.1/Vitis/include/hls_fpo.h:140:
In file included from /tools/software/xilinx/2025.1.1/Vitis/include/floating_point_v7_1_bitacc_cmodel.h:150:
/tools/software/xilinx/2025.1.1/Vitis/include/gmp.h:2304:345: warning: equality comparison with extraneous parentheses [-Wparentheses-equality]
  do { mp_size_t __gmp_i; mp_limb_t __gmp_x; __gmp_i = (__gmp_ysize); if (__gmp_i != 0) { if (__gmpn_add_n (__gmp_wp, __gmp_xp, __gmp_yp, __gmp_i)) { do { if (__gmp_i >= (__gmp_xsize)) { (__gmp_c) = 1; goto __gmp_done; } __gmp_x = (__gmp_xp)[__gmp_i]; } while ((((__gmp_wp)[__gmp_i++] = (__gmp_x + 1) & ((~ (static_cast<mp_limb_t> (0))) >> 0)) == 0)); } } if ((__gmp_wp) != (__gmp_xp)) do { mp_size_t __gmp_j; for (__gmp_j = (__gmp_i); __gmp_j < (__gmp_xsize); __gmp_j++) (__gmp_wp)[__gmp_j] = (__gmp_xp)[__gmp_j]; } while (0); (__gmp_c) = 0; __gmp_done: ; } while (0);
                                                                                                                                                                                                                                                                      ~~~~~~~~~~~~~~~~~~~~~~~~~~~~~~~~~~~~~~~~~~~~~~~~~~~~~~~~~~~~~~~~~~~~~~~~~~~~~~~~~~^~~~
/tools/software/xilinx/2025.1.1/Vitis/include/gmp.h:2304:345: note: remove extraneous parentheses around the comparison to silence this warning
  do { mp_size_t __gmp_i; mp_limb_t __gmp_x; __gmp_i = (__gmp_ysize); if (__gmp_i != 0) { if (__gmpn_add_n (__gmp_wp, __gmp_xp, __gmp_yp, __gmp_i)) { do { if (__gmp_i >= (__gmp_xsize)) { (__gmp_c) = 1; goto __gmp_done; } __gmp_x = (__gmp_xp)[__gmp_i]; } while ((((__gmp_wp)[__gmp_i++] = (__gmp_x + 1) & ((~ (static_cast<mp_limb_t> (0))) >> 0)) == 0)); } } if ((__gmp_wp) != (__gmp_xp)) do { mp_size_t __gmp_j; for (__gmp_j = (__gmp_i); __gmp_j < (__gmp_xsize); __gmp_j++) (__gmp_wp)[__gmp_j] = (__gmp_xp)[__gmp_j]; } while (0); (__gmp_c) = 0; __gmp_done: ; } while (0);
                                                                                                                                                                                                                                                                     ~                                                                                  ^   ~
/tools/software/xilinx/2025.1.1/Vitis/include/gmp.h:2304:345: note: use '=' to turn this equality comparison into an assignment
  do { mp_size_t __gmp_i; mp_limb_t __gmp_x; __gmp_i = (__gmp_ysize); if (__gmp_i != 0) { if (__gmpn_add_n (__gmp_wp, __gmp_xp, __gmp_yp, __gmp_i)) { do { if (__gmp_i >= (__gmp_xsize)) { (__gmp_c) = 1; goto __gmp_done; } __gmp_x = (__gmp_xp)[__gmp_i]; } while ((((__gmp_wp)[__gmp_i++] = (__gmp_x + 1) & ((~ (static_cast<mp_limb_t> (0))) >> 0)) == 0)); } } if ((__gmp_wp) != (__gmp_xp)) do { mp_size_t __gmp_j; for (__gmp_j = (__gmp_i); __gmp_j < (__gmp_xsize); __gmp_j++) (__gmp_wp)[__gmp_j] = (__gmp_xp)[__gmp_j]; } while (0); (__gmp_c) = 0; __gmp_done: ; } while (0);
                                                                                                                                                                                                                                                                                                                                                        ^~
                                                                                                                                                                                                                                                                                                                                                        =
In file included from /nethome/asandeep6/FPGA_ECE8893/2026_Spring/lab4/host.cpp:4:
In file included from /nethome/asandeep6/FPGA_ECE8893/2026_Spring/lab4/dcl.h:4:
In file included from /tools/software/xilinx/2025.1.1/Vitis/include/ap_fixed.h:9:
In file included from /tools/software/xilinx/2025.1.1/Vitis/include/etc/ap_common.h:677:
In file included from /tools/software/xilinx/2025.1.1/Vitis/include/etc/ap_private.h:68:
In file included from /tools/software/xilinx/2025.1.1/Vitis/include/hls_half.h:26:
/tools/software/xilinx/2025.1.1/Vitis/include/etc/hls_half_fpo.h:375:30: warning: equality comparison with extraneous parentheses [-Wparentheses-equality]
        if (((fr)->_mpfr_exp == (0 - ((mpfr_exp_t) (((mpfr_uexp_t) -1) >> 1))))) {
             ~~~~~~~~~~~~~~~~^~~~~~~~~~~~~~~~~~~~~~~~~~~~~~~~~~~~~~~~~~~~~~~~~
/tools/software/xilinx/2025.1.1/Vitis/include/etc/hls_half_fpo.h:375:30: note: remove extraneous parentheses around the comparison to silence this warning
        if (((fr)->_mpfr_exp == (0 - ((mpfr_exp_t) (((mpfr_uexp_t) -1) >> 1))))) {
            ~                ^                                                ~
/tools/software/xilinx/2025.1.1/Vitis/include/etc/hls_half_fpo.h:375:30: note: use '=' to turn this equality comparison into an assignment
        if (((fr)->_mpfr_exp == (0 - ((mpfr_exp_t) (((mpfr_uexp_t) -1) >> 1))))) {
                             ^~
                             =
/tools/software/xilinx/2025.1.1/Vitis/include/etc/hls_half_fpo.h:377:37: warning: equality comparison with extraneous parentheses [-Wparentheses-equality]
        } else if (((fr)->_mpfr_exp == (2 - ((mpfr_exp_t) (((mpfr_uexp_t) -1) >> 1))))) {
                    ~~~~~~~~~~~~~~~~^~~~~~~~~~~~~~~~~~~~~~~~~~~~~~~~~~~~~~~~~~~~~~~~~
/tools/software/xilinx/2025.1.1/Vitis/include/etc/hls_half_fpo.h:377:37: note: remove extraneous parentheses around the comparison to silence this warning
        } else if (((fr)->_mpfr_exp == (2 - ((mpfr_exp_t) (((mpfr_uexp_t) -1) >> 1))))) {
                   ~                ^                                                ~
/tools/software/xilinx/2025.1.1/Vitis/include/etc/hls_half_fpo.h:377:37: note: use '=' to turn this equality comparison into an assignment
        } else if (((fr)->_mpfr_exp == (2 - ((mpfr_exp_t) (((mpfr_uexp_t) -1) >> 1))))) {
                                    ^~
                                    =
/tools/software/xilinx/2025.1.1/Vitis/include/etc/hls_half_fpo.h:379:37: warning: equality comparison with extraneous parentheses [-Wparentheses-equality]
        } else if (((fr)->_mpfr_exp == (1 - ((mpfr_exp_t) (((mpfr_uexp_t) -1) >> 1))))) {
                    ~~~~~~~~~~~~~~~~^~~~~~~~~~~~~~~~~~~~~~~~~~~~~~~~~~~~~~~~~~~~~~~~~
/tools/software/xilinx/2025.1.1/Vitis/include/etc/hls_half_fpo.h:379:37: note: remove extraneous parentheses around the comparison to silence this warning
        } else if (((fr)->_mpfr_exp == (1 - ((mpfr_exp_t) (((mpfr_uexp_t) -1) >> 1))))) {
                   ~                ^                                                ~
/tools/software/xilinx/2025.1.1/Vitis/include/etc/hls_half_fpo.h:379:37: note: use '=' to turn this equality comparison into an assignment
        } else if (((fr)->_mpfr_exp == (1 - ((mpfr_exp_t) (((mpfr_uexp_t) -1) >> 1))))) {
                                    ^~
                                    =
In file included from /nethome/asandeep6/FPGA_ECE8893/2026_Spring/lab4/host.cpp:4:
In file included from /nethome/asandeep6/FPGA_ECE8893/2026_Spring/lab4/dcl.h:4:
In file included from /tools/software/xilinx/2025.1.1/Vitis/include/ap_fixed.h:10:
In file included from /tools/software/xilinx/2025.1.1/Vitis/include/etc/ap_fixed_base.h:16:
In file included from /tools/software/xilinx/2025.1.1/Vitis/include/ap_int.h:11:
/tools/software/xilinx/2025.1.1/Vitis/include/etc/ap_int_base.h:394:22: warning: equality comparison with extraneous parentheses [-Wparentheses-equality]
    do { if ((length == 0)) { fprintf(stderr, "WARNING: " "ap_int<> is being initialized with an empty C string, which can result in undefined behavior during simulation/synthesis"); fprintf(stderr, "\n"); } } while (0);
              ~~~~~~~^~~~
/tools/software/xilinx/2025.1.1/Vitis/include/etc/ap_int_base.h:394:22: note: remove extraneous parentheses around the comparison to silence this warning
    do { if ((length == 0)) { fprintf(stderr, "WARNING: " "ap_int<> is being initialized with an empty C string, which can result in undefined behavior during simulation/synthesis"); fprintf(stderr, "\n"); } } while (0);
             ~       ^   ~
/tools/software/xilinx/2025.1.1/Vitis/include/etc/ap_int_base.h:394:22: note: use '=' to turn this equality comparison into an assignment
    do { if ((length == 0)) { fprintf(stderr, "WARNING: " "ap_int<> is being initialized with an empty C string, which can result in undefined behavior during simulation/synthesis"); fprintf(stderr, "\n"); } } while (0);
                     ^~
                     =
In file included from /nethome/asandeep6/FPGA_ECE8893/2026_Spring/lab4/host.cpp:4:
In file included from /nethome/asandeep6/FPGA_ECE8893/2026_Spring/lab4/dcl.h:4:
In file included from /tools/software/xilinx/2025.1.1/Vitis/include/ap_fixed.h:10:
/tools/software/xilinx/2025.1.1/Vitis/include/etc/ap_fixed_base.h:447:21: warning: equality comparison with extraneous parentheses [-Wparentheses-equality]
    do { if ((radix == 0)) { fprintf(stderr, "ERROR: " "ap_fixed_base(const char* \"%s\", %d), str=%s, radix = %d", s, rd, str.c_str(), radix); fprintf(stderr, "\n"); abort(); } } while (0);
              ~~~~~~^~~~
/tools/software/xilinx/2025.1.1/Vitis/include/etc/ap_fixed_base.h:447:21: note: remove extraneous parentheses around the comparison to silence this warning
    do { if ((radix == 0)) { fprintf(stderr, "ERROR: " "ap_fixed_base(const char* \"%s\", %d), str=%s, radix = %d", s, rd, str.c_str(), radix); fprintf(stderr, "\n"); abort(); } } while (0);
             ~      ^   ~
/tools/software/xilinx/2025.1.1/Vitis/include/etc/ap_fixed_base.h:447:21: note: use '=' to turn this equality comparison into an assignment
    do { if ((radix == 0)) { fprintf(stderr, "ERROR: " "ap_fixed_base(const char* \"%s\", %d), str=%s, radix = %d", s, rd, str.c_str(), radix); fprintf(stderr, "\n"); abort(); } } while (0);
                    ^~
                    =
6 warnings generated.
In file included from /nethome/asandeep6/FPGA_ECE8893/2026_Spring/lab4/baseline.cpp:1:
In file included from /nethome/asandeep6/FPGA_ECE8893/2026_Spring/lab4/dcl.h:4:
In file included from /tools/software/xilinx/2025.1.1/Vitis/include/ap_fixed.h:9:
In file included from /tools/software/xilinx/2025.1.1/Vitis/include/etc/ap_common.h:677:
In file included from /tools/software/xilinx/2025.1.1/Vitis/include/etc/ap_private.h:68:
In file included from /tools/software/xilinx/2025.1.1/Vitis/include/hls_half.h:26:
In file included from /tools/software/xilinx/2025.1.1/Vitis/include/etc/hls_half_fpo.h:19:
In file included from /tools/software/xilinx/2025.1.1/Vitis/include/hls_fpo.h:140:
In file included from /tools/software/xilinx/2025.1.1/Vitis/include/floating_point_v7_1_bitacc_cmodel.h:150:
/tools/software/xilinx/2025.1.1/Vitis/include/gmp.h:2304:345: warning: equality comparison with extraneous parentheses [-Wparentheses-equality]
  do { mp_size_t __gmp_i; mp_limb_t __gmp_x; __gmp_i = (__gmp_ysize); if (__gmp_i != 0) { if (__gmpn_add_n (__gmp_wp, __gmp_xp, __gmp_yp, __gmp_i)) { do { if (__gmp_i >= (__gmp_xsize)) { (__gmp_c) = 1; goto __gmp_done; } __gmp_x = (__gmp_xp)[__gmp_i]; } while ((((__gmp_wp)[__gmp_i++] = (__gmp_x + 1) & ((~ (static_cast<mp_limb_t> (0))) >> 0)) == 0)); } } if ((__gmp_wp) != (__gmp_xp)) do { mp_size_t __gmp_j; for (__gmp_j = (__gmp_i); __gmp_j < (__gmp_xsize); __gmp_j++) (__gmp_wp)[__gmp_j] = (__gmp_xp)[__gmp_j]; } while (0); (__gmp_c) = 0; __gmp_done: ; } while (0);
                                                                                                                                                                                                                                                                      ~~~~~~~~~~~~~~~~~~~~~~~~~~~~~~~~~~~~~~~~~~~~~~~~~~~~~~~~~~~~~~~~~~~~~~~~~~~~~~~~~~^~~~
/tools/software/xilinx/2025.1.1/Vitis/include/gmp.h:2304:345: note: remove extraneous parentheses around the comparison to silence this warning
  do { mp_size_t __gmp_i; mp_limb_t __gmp_x; __gmp_i = (__gmp_ysize); if (__gmp_i != 0) { if (__gmpn_add_n (__gmp_wp, __gmp_xp, __gmp_yp, __gmp_i)) { do { if (__gmp_i >= (__gmp_xsize)) { (__gmp_c) = 1; goto __gmp_done; } __gmp_x = (__gmp_xp)[__gmp_i]; } while ((((__gmp_wp)[__gmp_i++] = (__gmp_x + 1) & ((~ (static_cast<mp_limb_t> (0))) >> 0)) == 0)); } } if ((__gmp_wp) != (__gmp_xp)) do { mp_size_t __gmp_j; for (__gmp_j = (__gmp_i); __gmp_j < (__gmp_xsize); __gmp_j++) (__gmp_wp)[__gmp_j] = (__gmp_xp)[__gmp_j]; } while (0); (__gmp_c) = 0; __gmp_done: ; } while (0);
                                                                                                                                                                                                                                                                     ~                                                                                  ^   ~
/tools/software/xilinx/2025.1.1/Vitis/include/gmp.h:2304:345: note: use '=' to turn this equality comparison into an assignment
  do { mp_size_t __gmp_i; mp_limb_t __gmp_x; __gmp_i = (__gmp_ysize); if (__gmp_i != 0) { if (__gmpn_add_n (__gmp_wp, __gmp_xp, __gmp_yp, __gmp_i)) { do { if (__gmp_i >= (__gmp_xsize)) { (__gmp_c) = 1; goto __gmp_done; } __gmp_x = (__gmp_xp)[__gmp_i]; } while ((((__gmp_wp)[__gmp_i++] = (__gmp_x + 1) & ((~ (static_cast<mp_limb_t> (0))) >> 0)) == 0)); } } if ((__gmp_wp) != (__gmp_xp)) do { mp_size_t __gmp_j; for (__gmp_j = (__gmp_i); __gmp_j < (__gmp_xsize); __gmp_j++) (__gmp_wp)[__gmp_j] = (__gmp_xp)[__gmp_j]; } while (0); (__gmp_c) = 0; __gmp_done: ; } while (0);
                                                                                                                                                                                                                                                                                                                                                        ^~
                                                                                                                                                                                                                                                                                                                                                        =
In file included from /nethome/asandeep6/FPGA_ECE8893/2026_Spring/lab4/baseline.cpp:1:
In file included from /nethome/asandeep6/FPGA_ECE8893/2026_Spring/lab4/dcl.h:4:
In file included from /tools/software/xilinx/2025.1.1/Vitis/include/ap_fixed.h:9:
In file included from /tools/software/xilinx/2025.1.1/Vitis/include/etc/ap_common.h:677:
In file included from /tools/software/xilinx/2025.1.1/Vitis/include/etc/ap_private.h:68:
In file included from /tools/software/xilinx/2025.1.1/Vitis/include/hls_half.h:26:
/tools/software/xilinx/2025.1.1/Vitis/include/etc/hls_half_fpo.h:375:30: warning: equality comparison with extraneous parentheses [-Wparentheses-equality]
        if (((fr)->_mpfr_exp == (0 - ((mpfr_exp_t) (((mpfr_uexp_t) -1) >> 1))))) {
             ~~~~~~~~~~~~~~~~^~~~~~~~~~~~~~~~~~~~~~~~~~~~~~~~~~~~~~~~~~~~~~~~~
/tools/software/xilinx/2025.1.1/Vitis/include/etc/hls_half_fpo.h:375:30: note: remove extraneous parentheses around the comparison to silence this warning
        if (((fr)->_mpfr_exp == (0 - ((mpfr_exp_t) (((mpfr_uexp_t) -1) >> 1))))) {
            ~                ^                                                ~
/tools/software/xilinx/2025.1.1/Vitis/include/etc/hls_half_fpo.h:375:30: note: use '=' to turn this equality comparison into an assignment
        if (((fr)->_mpfr_exp == (0 - ((mpfr_exp_t) (((mpfr_uexp_t) -1) >> 1))))) {
                             ^~
                             =
/tools/software/xilinx/2025.1.1/Vitis/include/etc/hls_half_fpo.h:377:37: warning: equality comparison with extraneous parentheses [-Wparentheses-equality]
        } else if (((fr)->_mpfr_exp == (2 - ((mpfr_exp_t) (((mpfr_uexp_t) -1) >> 1))))) {
                    ~~~~~~~~~~~~~~~~^~~~~~~~~~~~~~~~~~~~~~~~~~~~~~~~~~~~~~~~~~~~~~~~~
/tools/software/xilinx/2025.1.1/Vitis/include/etc/hls_half_fpo.h:377:37: note: remove extraneous parentheses around the comparison to silence this warning
        } else if (((fr)->_mpfr_exp == (2 - ((mpfr_exp_t) (((mpfr_uexp_t) -1) >> 1))))) {
                   ~                ^                                                ~
/tools/software/xilinx/2025.1.1/Vitis/include/etc/hls_half_fpo.h:377:37: note: use '=' to turn this equality comparison into an assignment
        } else if (((fr)->_mpfr_exp == (2 - ((mpfr_exp_t) (((mpfr_uexp_t) -1) >> 1))))) {
                                    ^~
                                    =
/tools/software/xilinx/2025.1.1/Vitis/include/etc/hls_half_fpo.h:379:37: warning: equality comparison with extraneous parentheses [-Wparentheses-equality]
        } else if (((fr)->_mpfr_exp == (1 - ((mpfr_exp_t) (((mpfr_uexp_t) -1) >> 1))))) {
                    ~~~~~~~~~~~~~~~~^~~~~~~~~~~~~~~~~~~~~~~~~~~~~~~~~~~~~~~~~~~~~~~~~
/tools/software/xilinx/2025.1.1/Vitis/include/etc/hls_half_fpo.h:379:37: note: remove extraneous parentheses around the comparison to silence this warning
        } else if (((fr)->_mpfr_exp == (1 - ((mpfr_exp_t) (((mpfr_uexp_t) -1) >> 1))))) {
                   ~                ^                                                ~
/tools/software/xilinx/2025.1.1/Vitis/include/etc/hls_half_fpo.h:379:37: note: use '=' to turn this equality comparison into an assignment
        } else if (((fr)->_mpfr_exp == (1 - ((mpfr_exp_t) (((mpfr_uexp_t) -1) >> 1))))) {
                                    ^~
                                    =
In file included from /nethome/asandeep6/FPGA_ECE8893/2026_Spring/lab4/baseline.cpp:1:
In file included from /nethome/asandeep6/FPGA_ECE8893/2026_Spring/lab4/dcl.h:4:
In file included from /tools/software/xilinx/2025.1.1/Vitis/include/ap_fixed.h:10:
In file included from /tools/software/xilinx/2025.1.1/Vitis/include/etc/ap_fixed_base.h:16:
In file included from /tools/software/xilinx/2025.1.1/Vitis/include/ap_int.h:11:
/tools/software/xilinx/2025.1.1/Vitis/include/etc/ap_int_base.h:394:22: warning: equality comparison with extraneous parentheses [-Wparentheses-equality]
    do { if ((length == 0)) { fprintf(stderr, "WARNING: " "ap_int<> is being initialized with an empty C string, which can result in undefined behavior during simulation/synthesis"); fprintf(stderr, "\n"); } } while (0);
              ~~~~~~~^~~~
/tools/software/xilinx/2025.1.1/Vitis/include/etc/ap_int_base.h:394:22: note: remove extraneous parentheses around the comparison to silence this warning
    do { if ((length == 0)) { fprintf(stderr, "WARNING: " "ap_int<> is being initialized with an empty C string, which can result in undefined behavior during simulation/synthesis"); fprintf(stderr, "\n"); } } while (0);
             ~       ^   ~
/tools/software/xilinx/2025.1.1/Vitis/include/etc/ap_int_base.h:394:22: note: use '=' to turn this equality comparison into an assignment
    do { if ((length == 0)) { fprintf(stderr, "WARNING: " "ap_int<> is being initialized with an empty C string, which can result in undefined behavior during simulation/synthesis"); fprintf(stderr, "\n"); } } while (0);
                     ^~
                     =
In file included from /nethome/asandeep6/FPGA_ECE8893/2026_Spring/lab4/baseline.cpp:1:
In file included from /nethome/asandeep6/FPGA_ECE8893/2026_Spring/lab4/dcl.h:4:
In file included from /tools/software/xilinx/2025.1.1/Vitis/include/ap_fixed.h:10:
/tools/software/xilinx/2025.1.1/Vitis/include/etc/ap_fixed_base.h:447:21: warning: equality comparison with extraneous parentheses [-Wparentheses-equality]
    do { if ((radix == 0)) { fprintf(stderr, "ERROR: " "ap_fixed_base(const char* \"%s\", %d), str=%s, radix = %d", s, rd, str.c_str(), radix); fprintf(stderr, "\n"); abort(); } } while (0);
              ~~~~~~^~~~
/tools/software/xilinx/2025.1.1/Vitis/include/etc/ap_fixed_base.h:447:21: note: remove extraneous parentheses around the comparison to silence this warning
    do { if ((radix == 0)) { fprintf(stderr, "ERROR: " "ap_fixed_base(const char* \"%s\", %d), str=%s, radix = %d", s, rd, str.c_str(), radix); fprintf(stderr, "\n"); abort(); } } while (0);
             ~      ^   ~
/tools/software/xilinx/2025.1.1/Vitis/include/etc/ap_fixed_base.h:447:21: note: use '=' to turn this equality comparison into an assignment
    do { if ((radix == 0)) { fprintf(stderr, "ERROR: " "ap_fixed_base(const char* \"%s\", %d), str=%s, radix = %d", s, rd, str.c_str(), radix); fprintf(stderr, "\n"); abort(); } } while (0);
                    ^~
                    =
6 warnings generated.
apatb_ag_pipeline_baseline.cpp:36:14: warning: nested namespace definition is a C++17 extension; define each namespace separately [-Wc++17-extensions]
namespace hls::sim
             ^~~~~
              { namespace sim
apatb_ag_pipeline_baseline.cpp:83:14: warning: nested namespace definition is a C++17 extension; define each namespace separately [-Wc++17-extensions]
namespace hls::sim
             ^~~~~
              { namespace sim
2 warnings generated.
e-m:e-i64:64-i128:128-i256:256-i512:512-i1024:1024-i2048:2048-i4096:4096-n8:16:32:64-S128-v16:16-v24:32-v32:32-v48:64-v96:128-v192:256-v256:256-v512:512-v1024:1024ld.lld: error: undefined symbol: top_kernel(ap_fixed<16, 8, (ap_q_mode)0, (ap_o_mode)0, 0> const*, ap_fixed<16, 8, (ap_q_mode)0, (ap_o_mode)0, 0>*)
>>> referenced by host.cpp:47 (/nethome/asandeep6/FPGA_ECE8893/2026_Spring/lab4/host.cpp:47)
>>>               obj/host.cpp_pre.cpp.tb.o:(main)
clang++: error: linker command failed with exit code 1 (use -v to see invocation)
make: *** [Makefile.rules:349: cosim.tv.exe] Error 1
ERROR: [COSIM 212-317] C++ compile error.
ERROR: [COSIM 212-321] EXE file generate failed.
ERROR: [COSIM 212-321] EXE file generate failed.
ERROR: [COSIM 212-331] Aborting co-simulation: C simulation failed, compilation errors.
ERROR: [COSIM 212-5] *** C/RTL co-simulation file generation failed. ***
ERROR: [COSIM 212-4] *** C/RTL co-simulation finished: FAIL ***
INFO: [HLS 200-2161] Finished Command cosim_design Elapsed time: 00:00:27; Allocated memory: 27.266 MB.
command 'ap_source' returned error code
    while executing
"source /nethome/asandeep6/FPGA_ECE8893/2026_Spring/lab4/script.tcl"
    ("uplevel" body line 1)
    invoked from within
"uplevel \#0 [list source $tclfile] "

INFO: [HLS 200-112] Total CPU user time: 34.53 seconds. Total CPU system time: 6.88 seconds. Total elapsed time: 62.93 seconds; peak allocated memory: 752.430 MB.
INFO: [vitis-run 60-1662] Stopping dispatch session having empty uuid.
