  **** HLS Build v2025.1.1 6214317
Sourcing Tcl script '/nethome/asandeep6/FPGA_ECE8893/2026_Spring/lab4/script.tcl'
INFO: [HLS 200-1510] Running: open_component project_1 
INFO: [HLS 200-10] Creating and opening component '/nethome/asandeep6/FPGA_ECE8893/2026_Spring/lab4/project_1'.
INFO: [HLS 200-1505] Using default flow_target 'vivado'
Resolution: For help on HLS 200-1505 see docs.xilinx.com/access/sources/dita/topic?Doc_Version=2025.1%20English&url=ug1448-hls-guidance&resourceid=200-1505.html
INFO: [HLS 200-2176] Writing Vitis IDE component file /nethome/asandeep6/FPGA_ECE8893/2026_Spring/lab4/project_1/vitis-comp.json
INFO: [HLS 200-1915] Writing HLS config ini file /nethome/asandeep6/FPGA_ECE8893/2026_Spring/lab4/project_1/hls_config.cfg
INFO: [HLS 200-1510] Running: set_top top_kernel 
INFO: [HLS 200-1510] Running: add_files top.cpp 
INFO: [HLS 200-10] Adding design file 'top.cpp' to the project
INFO: [HLS 200-1510] Running: add_files top.cpp 
INFO: [HLS 200-10] Adding design file 'top.cpp' to the project
INFO: [HLS 200-1510] Running: add_files -tb host.cpp 
INFO: [HLS 200-10] Adding test bench file 'host.cpp' to the project
INFO: [HLS 200-1510] Running: config_unroll -tripcount_threshold 0 
INFO: [XFORM 203-502] Automatic unrolling disabled.
INFO: [HLS 200-1510] Running: config_compile -pipeline_loops 0 
INFO: [HLS 200-1510] Running: set_part xczu3eg-sbva484-1-e 
INFO: [HLS 200-1611] Setting target device to 'xczu3eg-sbva484-1-e'
INFO: [HLS 200-1510] Running: csynth_design 
INFO: [HLS 200-1915] Writing HLS config ini file /nethome/asandeep6/FPGA_ECE8893/2026_Spring/lab4/project_1/hls_config.cfg
INFO: [HLS 200-111] Finished File checks and directory preparation: CPU user time: 0.2 seconds. CPU system time: 0.1 seconds. Elapsed time: 7.83 seconds; current allocated memory: 674.352 MB.
INFO: [HLS 200-10] Analyzing design file 'top.cpp' ... 
INFO: [HLS 200-111] Finished Source Code Analysis and Preprocessing: CPU user time: 2.39 seconds. CPU system time: 0.96 seconds. Elapsed time: 3.49 seconds; current allocated memory: 676.465 MB.
INFO: [HLS 200-777] Using interface defaults for 'Vivado' flow target.
INFO: [HLS 200-1995] There were 4,675 instructions in the design after the 'Compile/Link' phase of compilation. See the Design Size Report for more details (/nethome/asandeep6/FPGA_ECE8893/2026_Spring/lab4/project_1/hls/syn/report/csynth_design_size.rpt:2)
INFO: [HLS 200-1995] There were 1,249 instructions in the design after the 'Unroll/Inline (step 1)' phase of compilation. See the Design Size Report for more details (/nethome/asandeep6/FPGA_ECE8893/2026_Spring/lab4/project_1/hls/syn/report/csynth_design_size.rpt:2)
INFO: [HLS 200-1995] There were 828 instructions in the design after the 'Unroll/Inline (step 2)' phase of compilation. See the Design Size Report for more details (/nethome/asandeep6/FPGA_ECE8893/2026_Spring/lab4/project_1/hls/syn/report/csynth_design_size.rpt:2)
INFO: [HLS 200-1995] There were 774 instructions in the design after the 'Unroll/Inline (step 3)' phase of compilation. See the Design Size Report for more details (/nethome/asandeep6/FPGA_ECE8893/2026_Spring/lab4/project_1/hls/syn/report/csynth_design_size.rpt:2)
INFO: [HLS 200-1995] There were 722 instructions in the design after the 'Unroll/Inline (step 4)' phase of compilation. See the Design Size Report for more details (/nethome/asandeep6/FPGA_ECE8893/2026_Spring/lab4/project_1/hls/syn/report/csynth_design_size.rpt:2)
INFO: [HLS 200-1995] There were 2,822 instructions in the design after the 'Array/Struct (step 1)' phase of compilation. See the Design Size Report for more details (/nethome/asandeep6/FPGA_ECE8893/2026_Spring/lab4/project_1/hls/syn/report/csynth_design_size.rpt:2)
INFO: [HLS 200-1995] There were 2,425 instructions in the design after the 'Array/Struct (step 2)' phase of compilation. See the Design Size Report for more details (/nethome/asandeep6/FPGA_ECE8893/2026_Spring/lab4/project_1/hls/syn/report/csynth_design_size.rpt:2)
INFO: [HLS 200-1995] There were 2,425 instructions in the design after the 'Array/Struct (step 3)' phase of compilation. See the Design Size Report for more details (/nethome/asandeep6/FPGA_ECE8893/2026_Spring/lab4/project_1/hls/syn/report/csynth_design_size.rpt:2)
INFO: [HLS 200-1995] There were 2,425 instructions in the design after the 'Array/Struct (step 4)' phase of compilation. See the Design Size Report for more details (/nethome/asandeep6/FPGA_ECE8893/2026_Spring/lab4/project_1/hls/syn/report/csynth_design_size.rpt:2)
INFO: [HLS 200-1995] There were 2,431 instructions in the design after the 'Array/Struct (step 5)' phase of compilation. See the Design Size Report for more details (/nethome/asandeep6/FPGA_ECE8893/2026_Spring/lab4/project_1/hls/syn/report/csynth_design_size.rpt:2)
INFO: [HLS 200-1995] There were 2,428 instructions in the design after the 'Performance (step 1)' phase of compilation. See the Design Size Report for more details (/nethome/asandeep6/FPGA_ECE8893/2026_Spring/lab4/project_1/hls/syn/report/csynth_design_size.rpt:2)
INFO: [HLS 200-1995] There were 2,428 instructions in the design after the 'Performance (step 2)' phase of compilation. See the Design Size Report for more details (/nethome/asandeep6/FPGA_ECE8893/2026_Spring/lab4/project_1/hls/syn/report/csynth_design_size.rpt:2)
INFO: [HLS 200-1995] There were 4,588 instructions in the design after the 'Performance (step 3)' phase of compilation. See the Design Size Report for more details (/nethome/asandeep6/FPGA_ECE8893/2026_Spring/lab4/project_1/hls/syn/report/csynth_design_size.rpt:2)
INFO: [HLS 200-1995] There were 3,652 instructions in the design after the 'Performance (step 4)' phase of compilation. See the Design Size Report for more details (/nethome/asandeep6/FPGA_ECE8893/2026_Spring/lab4/project_1/hls/syn/report/csynth_design_size.rpt:2)
INFO: [HLS 200-1995] There were 3,663 instructions in the design after the 'HW Transforms' phase of compilation. See the Design Size Report for more details (/nethome/asandeep6/FPGA_ECE8893/2026_Spring/lab4/project_1/hls/syn/report/csynth_design_size.rpt:2)
INFO: [HLS 200-1995] There were 3,702 instructions in the design after the 'HW Transforms (step 2)' phase of compilation. See the Design Size Report for more details (/nethome/asandeep6/FPGA_ECE8893/2026_Spring/lab4/project_1/hls/syn/report/csynth_design_size.rpt:2)
INFO: [HLS 214-291] Loop 'VITIS_LOOP_167_21' is marked as complete unroll implied by the pipeline pragma (top.cpp:167:32)
INFO: [HLS 214-291] Loop 'VITIS_LOOP_168_22' is marked as complete unroll implied by the pipeline pragma (top.cpp:168:36)
INFO: [HLS 214-291] Loop 'VITIS_LOOP_149_17' is marked as complete unroll implied by the pipeline pragma (top.cpp:149:32)
INFO: [HLS 214-291] Loop 'VITIS_LOOP_150_18' is marked as complete unroll implied by the pipeline pragma (top.cpp:150:36)
INFO: [HLS 214-291] Loop 'VITIS_LOOP_118_13' is marked as complete unroll implied by the pipeline pragma (top.cpp:118:32)
INFO: [HLS 214-291] Loop 'VITIS_LOOP_119_14' is marked as complete unroll implied by the pipeline pragma (top.cpp:119:36)
INFO: [HLS 214-291] Loop 'VITIS_LOOP_96_9' is marked as complete unroll implied by the pipeline pragma (top.cpp:96:30)
INFO: [HLS 214-291] Loop 'VITIS_LOOP_97_10' is marked as complete unroll implied by the pipeline pragma (top.cpp:97:35)
INFO: [HLS 214-186] Unrolling loop 'VITIS_LOOP_167_21' (top.cpp:167:32) in function 'top_kernel' completely with a factor of 3 (top.cpp:4:0)
INFO: [HLS 214-186] Unrolling loop 'VITIS_LOOP_168_22' (top.cpp:168:36) in function 'top_kernel' completely with a factor of 3 (top.cpp:4:0)
INFO: [HLS 214-186] Unrolling loop 'VITIS_LOOP_149_17' (top.cpp:149:32) in function 'top_kernel' completely with a factor of 3 (top.cpp:4:0)
INFO: [HLS 214-186] Unrolling loop 'VITIS_LOOP_150_18' (top.cpp:150:36) in function 'top_kernel' completely with a factor of 3 (top.cpp:4:0)
INFO: [HLS 214-186] Unrolling loop 'VITIS_LOOP_118_13' (top.cpp:118:32) in function 'top_kernel' completely with a factor of 5 (top.cpp:4:0)
INFO: [HLS 214-186] Unrolling loop 'VITIS_LOOP_119_14' (top.cpp:119:36) in function 'top_kernel' completely with a factor of 5 (top.cpp:4:0)
INFO: [HLS 214-186] Unrolling loop 'VITIS_LOOP_96_9' (top.cpp:96:30) in function 'top_kernel' completely with a factor of 5 (top.cpp:4:0)
INFO: [HLS 214-186] Unrolling loop 'VITIS_LOOP_97_10' (top.cpp:97:35) in function 'top_kernel' completely with a factor of 5 (top.cpp:4:0)
INFO: [HLS 214-188] Unrolling loop 'VITIS_LOOP_32_1' (top.cpp:32:19) in function 'top_kernel' partially with a factor of 4 (top.cpp:4:0)
INFO: [HLS 214-178] Inlining function 'fp_struct<float>::fp_struct(float)' into 'int generic_cast_IEEE754<int, (ap_q_mode)6, float>(float, bool, hls::enable_if<std::numeric_limits<int>::is_signed, bool>::type)' (/wrk/ci/prod/2025.1.1/hls_product/continuous/218/2025.1.1/src/shared/hls/clib/hlsmath/include/FloatingPoint/hls_case_IEEE754.h:12:0)
INFO: [HLS 214-178] Inlining function 'fp_struct<float>::mantissa() const' into 'int generic_cast_IEEE754<int, (ap_q_mode)6, float>(float, bool, hls::enable_if<std::numeric_limits<int>::is_signed, bool>::type)' (/wrk/ci/prod/2025.1.1/hls_product/continuous/218/2025.1.1/src/shared/hls/clib/hlsmath/include/FloatingPoint/hls_case_IEEE754.h:12:0)
INFO: [HLS 214-178] Inlining function 'fp_struct<float>::expv() const' into 'int generic_cast_IEEE754<int, (ap_q_mode)6, float>(float, bool, hls::enable_if<std::numeric_limits<int>::is_signed, bool>::type)' (/wrk/ci/prod/2025.1.1/hls_product/continuous/218/2025.1.1/src/shared/hls/clib/hlsmath/include/FloatingPoint/hls_case_IEEE754.h:12:0)
INFO: [HLS 214-178] Inlining function 'fp_struct<float>::__signbit() const' into 'int generic_cast_IEEE754<int, (ap_q_mode)6, float>(float, bool, hls::enable_if<std::numeric_limits<int>::is_signed, bool>::type)' (/wrk/ci/prod/2025.1.1/hls_product/continuous/218/2025.1.1/src/shared/hls/clib/hlsmath/include/FloatingPoint/hls_case_IEEE754.h:12:0)
INFO: [HLS 214-178] Inlining function 'int generic_cast_IEEE754<int, (ap_q_mode)6, float>(float, bool, hls::enable_if<std::numeric_limits<int>::is_signed, bool>::type)' into 'int generic_cast_IEEE754<int, float>(float, bool)' (/wrk/ci/prod/2025.1.1/hls_product/continuous/218/2025.1.1/src/shared/hls/clib/hlsmath/include/FloatingPoint/hls_case_IEEE754.h:116:0)
INFO: [HLS 214-178] Inlining function 'int generic_cast_IEEE754<int, float>(float, bool)' into '__hls_fptosi_float_i32' (/wrk/ci/prod/2025.1.1/hls_product/continuous/218/2025.1.1/src/shared/hls/clib/hlsmath/src/lib_floatconversion.cpp:51:0)
INFO: [HLS 214-178] Inlining function '__hls_fptosi_float_i32' into 'top_kernel(float const*, float const*, float const*, float*)' (top.cpp:4:0)
INFO: [HLS 214-248] Applying array_partition to '_ZZ10top_kernelPKfS0_S0_PfE3cdf': Cyclic partitioning with factor 16 on dimension 1. (top.cpp:27:0)
INFO: [HLS 214-248] Applying array_partition to '_ZZ10top_kernelPKfS0_S0_PfE9histogram': Cyclic partitioning with factor 16 on dimension 1. (top.cpp:24:0)
INFO: [HLS 214-248] Applying array_partition to '_ZZ10top_kernelPKfS0_S0_PfE6eroded': Cyclic partitioning with factor 8 on dimension 2. (top.cpp:20:0)
INFO: [HLS 214-248] Applying array_partition to '_ZZ10top_kernelPKfS0_S0_PfE18bilateral_filtered': Cyclic partitioning with factor 8 on dimension 2. (top.cpp:18:0)
INFO: [HLS 214-248] Applying array_partition to '_ZZ10top_kernelPKfS0_S0_PfE16gaussian_blurred': Cyclic partitioning with factor 8 on dimension 2. (top.cpp:16:0)
INFO: [HLS 214-248] Applying array_partition to '_ZZ10top_kernelPKfS0_S0_PfE9equalized': Cyclic partitioning with factor 8 on dimension 2. (top.cpp:14:0)
INFO: [HLS 214-248] Applying array_partition to '_ZZ10top_kernelPKfS0_S0_PfE9intensity': Cyclic partitioning with factor 8 on dimension 2. (top.cpp:12:0)
INFO: [HLS 214-270] Inferring pragma 'array_partition type=cyclic factor=3 dim=1' for array 'top_kernel(float const*, float const*, float const*, float*)::equalized' due to pipeline pragma (top.cpp:92:9)
INFO: [HLS 214-248] Applying array_partition to '_ZZ10top_kernelPKfS0_S0_PfE9equalized_7': Cyclic partitioning with factor 3 on dimension 1.
INFO: [HLS 214-248] Applying array_partition to '_ZZ10top_kernelPKfS0_S0_PfE9equalized_6': Cyclic partitioning with factor 3 on dimension 1.
INFO: [HLS 214-248] Applying array_partition to '_ZZ10top_kernelPKfS0_S0_PfE9equalized_5': Cyclic partitioning with factor 3 on dimension 1.
INFO: [HLS 214-248] Applying array_partition to '_ZZ10top_kernelPKfS0_S0_PfE9equalized_4': Cyclic partitioning with factor 3 on dimension 1.
INFO: [HLS 214-248] Applying array_partition to '_ZZ10top_kernelPKfS0_S0_PfE9equalized_3': Cyclic partitioning with factor 3 on dimension 1.
INFO: [HLS 214-248] Applying array_partition to '_ZZ10top_kernelPKfS0_S0_PfE9equalized_2': Cyclic partitioning with factor 3 on dimension 1.
INFO: [HLS 214-248] Applying array_partition to '_ZZ10top_kernelPKfS0_S0_PfE9equalized_1': Cyclic partitioning with factor 3 on dimension 1.
INFO: [HLS 214-248] Applying array_partition to '_ZZ10top_kernelPKfS0_S0_PfE9equalized_0': Cyclic partitioning with factor 3 on dimension 1.
INFO: [HLS 214-115] Multiple burst writes of length 126 and bit width 32 in loop 'VITIS_LOOP_162_20'(top.cpp:162:28) has been inferred on bundle 'gmem'. These burst requests might be further partitioned into multiple requests during RTL generation, based on max_read_burst_length or max_write_burst_length settings. (top.cpp:162:28)
INFO: [HLS 200-111] Finished Compiling Optimization and Transform: CPU user time: 10.29 seconds. CPU system time: 0.91 seconds. Elapsed time: 15.41 seconds; current allocated memory: 687.340 MB.
INFO: [HLS 200-111] Finished Checking Pragmas: CPU user time: 0.01 seconds. CPU system time: 0 seconds. Elapsed time: 0 seconds; current allocated memory: 687.340 MB.
INFO: [HLS 200-10] Starting code transformations ...
INFO: [HLS 200-111] Finished Standard Transforms: CPU user time: 0.69 seconds. CPU system time: 0.02 seconds. Elapsed time: 0.72 seconds; current allocated memory: 695.949 MB.
INFO: [HLS 200-10] Checking synthesizability ...
INFO: [HLS 200-111] Finished Checking Synthesizability: CPU user time: 0.45 seconds. CPU system time: 0 seconds. Elapsed time: 0.46 seconds; current allocated memory: 699.773 MB.
INFO: [HLS 200-111] Finished Loop, function and other optimizations: CPU user time: 3.41 seconds. CPU system time: 0.04 seconds. Elapsed time: 3.47 seconds; current allocated memory: 734.367 MB.
INFO: [HLS 200-2061] Successfully converted nested loops 'VITIS_LOOP_38_2'(top.cpp:38:22) and 'VITIS_LOOP_39_3'(top.cpp:39:26) in function 'top_kernel' into perfectly nested loops.
INFO: [HLS 200-2061] Successfully converted nested loops 'VITIS_LOOP_69_5'(top.cpp:69:22) and 'VITIS_LOOP_70_6'(top.cpp:70:26) in function 'top_kernel' into perfectly nested loops.
INFO: [HLS 200-2061] Successfully converted nested loops 'VITIS_LOOP_90_7'(top.cpp:90:22) and 'VITIS_LOOP_91_8'(top.cpp:91:26) in function 'top_kernel' into perfectly nested loops.
INFO: [HLS 200-2061] Successfully converted nested loops 'VITIS_LOOP_110_11'(top.cpp:110:24) and 'VITIS_LOOP_111_12'(top.cpp:111:28) in function 'top_kernel' into perfectly nested loops.
INFO: [HLS 200-2061] Successfully converted nested loops 'VITIS_LOOP_143_15'(top.cpp:143:24) and 'VITIS_LOOP_144_16'(top.cpp:144:28) in function 'top_kernel' into perfectly nested loops.
INFO: [HLS 200-2061] Successfully converted nested loops 'VITIS_LOOP_161_19'(top.cpp:161:24) and 'VITIS_LOOP_162_20'(top.cpp:162:28) in function 'top_kernel' into perfectly nested loops.
INFO: [XFORM 203-541] Flattening a loop nest 'VITIS_LOOP_38_2' (top.cpp:38:22) in function 'top_kernel'.
INFO: [XFORM 203-541] Flattening a loop nest 'VITIS_LOOP_69_5' (top.cpp:69:22) in function 'top_kernel'.
INFO: [XFORM 203-541] Flattening a loop nest 'VITIS_LOOP_90_7' (top.cpp:90:22) in function 'top_kernel'.
INFO: [XFORM 203-541] Flattening a loop nest 'VITIS_LOOP_110_11' (top.cpp:110:24) in function 'top_kernel'.
INFO: [XFORM 203-541] Flattening a loop nest 'VITIS_LOOP_143_15' (top.cpp:143:24) in function 'top_kernel'.
INFO: [XFORM 203-541] Flattening a loop nest 'VITIS_LOOP_161_19' (top.cpp:161:24) in function 'top_kernel'.
INFO: [HLS 200-111] Finished Architecture Synthesis: CPU user time: 2.49 seconds. CPU system time: 0.05 seconds. Elapsed time: 2.6 seconds; current allocated memory: 806.184 MB.
INFO: [HLS 200-10] Starting hardware synthesis ...
INFO: [HLS 200-10] Synthesizing 'top_kernel' ...
INFO: [SYN 201-201] Setting up clock 'default' with a period of 10ns.
INFO: [HLS 200-10] ----------------------------------------------------------------
INFO: [HLS 200-42] -- Implementing module 'top_kernel_Pipeline_VITIS_LOOP_32_1' 
INFO: [HLS 200-10] ----------------------------------------------------------------
INFO: [SCHED 204-11] Starting scheduling ...
INFO: [SCHED 204-61] Pipelining loop 'VITIS_LOOP_32_1'.
INFO: [HLS 200-1470] Pipelining result : Target II = 1, Final II = 1, Depth = 1, loop 'VITIS_LOOP_32_1'
INFO: [SCHED 204-11] Finished scheduling.
INFO: [HLS 200-111] Finished Scheduling: CPU user time: 0.24 seconds. CPU system time: 0.07 seconds. Elapsed time: 0.34 seconds; current allocated memory: 807.418 MB.
INFO: [BIND 205-100] Starting micro-architecture generation ...
INFO: [BIND 205-101] Performing variable lifetime analysis.
INFO: [BIND 205-101] Exploring resource sharing.
INFO: [BIND 205-101] Binding ...
INFO: [BIND 205-100] Finished micro-architecture generation.
INFO: [HLS 200-111] Finished Binding: CPU user time: 0.05 seconds. CPU system time: 0.01 seconds. Elapsed time: 0.08 seconds; current allocated memory: 807.418 MB.
INFO: [HLS 200-10] ----------------------------------------------------------------
INFO: [HLS 200-42] -- Implementing module 'top_kernel_Pipeline_VITIS_LOOP_38_2_VITIS_LOOP_39_3' 
INFO: [HLS 200-10] ----------------------------------------------------------------
INFO: [SCHED 204-11] Starting scheduling ...
INFO: [SCHED 204-61] Pipelining loop 'VITIS_LOOP_38_2_VITIS_LOOP_39_3'.
WARNING: [HLS 200-885] The II Violation in module 'top_kernel_Pipeline_VITIS_LOOP_38_2_VITIS_LOOP_39_3' (loop 'VITIS_LOOP_38_2_VITIS_LOOP_39_3'): Unable to schedule bus request operation ('gmem_load_2_req', top.cpp:44) on port 'gmem' (top.cpp:44) due to limited memory ports (II = 2). Please consider using a memory core with more ports or partitioning the array.
Resolution: For help on HLS 200-885 see docs.xilinx.com/access/sources/dita/topic?Doc_Version=2025.1%20English&url=ug1448-hls-guidance&resourceid=200-885.html
INFO: [HLS 200-1470] Pipelining result : Target II = 2, Final II = 3, Depth = 48, loop 'VITIS_LOOP_38_2_VITIS_LOOP_39_3'
INFO: [SCHED 204-11] Finished scheduling.
INFO: [HLS 200-111] Finished Scheduling: CPU user time: 0.24 seconds. CPU system time: 0.01 seconds. Elapsed time: 0.25 seconds; current allocated memory: 810.023 MB.
INFO: [BIND 205-100] Starting micro-architecture generation ...
INFO: [BIND 205-101] Performing variable lifetime analysis.
INFO: [BIND 205-101] Exploring resource sharing.
INFO: [BIND 205-101] Binding ...
INFO: [BIND 205-100] Finished micro-architecture generation.
INFO: [HLS 200-111] Finished Binding: CPU user time: 0.07 seconds. CPU system time: 0.03 seconds. Elapsed time: 0.1 seconds; current allocated memory: 810.023 MB.
INFO: [HLS 200-10] ----------------------------------------------------------------
INFO: [HLS 200-42] -- Implementing module 'top_kernel_Pipeline_VITIS_LOOP_60_4' 
INFO: [HLS 200-10] ----------------------------------------------------------------
INFO: [SCHED 204-11] Starting scheduling ...
INFO: [SCHED 204-61] Pipelining loop 'VITIS_LOOP_60_4'.
WARNING: [HLS 200-880] The II Violation in module 'top_kernel_Pipeline_VITIS_LOOP_60_4' (loop 'VITIS_LOOP_60_4'): Unable to enforce a carried dependence constraint (II = 1, distance = 1, offset = 1) between 'store' operation 0 bit ('p_ZZ10top_kernelPKfS0_S0_PfE3cdf_10_addr_1_write_ln62', top.cpp:62) of variable 'add_ln62_1', top.cpp:62 on array 'p_ZZ10top_kernelPKfS0_S0_PfE3cdf_10' and 'load' operation 32 bit ('p_ZZ10top_kernelPKfS0_S0_PfE3cdf_10_load', top.cpp:62) on array 'p_ZZ10top_kernelPKfS0_S0_PfE3cdf_10'.
Resolution: For help on HLS 200-880 see docs.xilinx.com/access/sources/dita/topic?Doc_Version=2025.1%20English&url=ug1448-hls-guidance&resourceid=200-880.html
INFO: [HLS 200-1470] Pipelining result : Target II = 1, Final II = 2, Depth = 2, loop 'VITIS_LOOP_60_4'
INFO: [SCHED 204-11] Finished scheduling.
INFO: [HLS 200-111] Finished Scheduling: CPU user time: 0.13 seconds. CPU system time: 0 seconds. Elapsed time: 0.15 seconds; current allocated memory: 811.121 MB.
INFO: [BIND 205-100] Starting micro-architecture generation ...
INFO: [BIND 205-101] Performing variable lifetime analysis.
INFO: [BIND 205-101] Exploring resource sharing.
INFO: [BIND 205-101] Binding ...
INFO: [BIND 205-100] Finished micro-architecture generation.
INFO: [HLS 200-111] Finished Binding: CPU user time: 0.04 seconds. CPU system time: 0 seconds. Elapsed time: 0.06 seconds; current allocated memory: 811.121 MB.
INFO: [HLS 200-10] ----------------------------------------------------------------
INFO: [HLS 200-42] -- Implementing module 'top_kernel_Pipeline_VITIS_LOOP_69_5_VITIS_LOOP_70_6' 
INFO: [HLS 200-10] ----------------------------------------------------------------
INFO: [SCHED 204-11] Starting scheduling ...
INFO: [SCHED 204-61] Pipelining loop 'VITIS_LOOP_69_5_VITIS_LOOP_70_6'.
INFO: [HLS 200-1470] Pipelining result : Target II = 2, Final II = 2, Depth = 28, loop 'VITIS_LOOP_69_5_VITIS_LOOP_70_6'
INFO: [SCHED 204-11] Finished scheduling.
INFO: [HLS 200-111] Finished Scheduling: CPU user time: 0.18 seconds. CPU system time: 0.02 seconds. Elapsed time: 0.22 seconds; current allocated memory: 813.344 MB.
INFO: [BIND 205-100] Starting micro-architecture generation ...
INFO: [BIND 205-101] Performing variable lifetime analysis.
INFO: [BIND 205-101] Exploring resource sharing.
INFO: [BIND 205-101] Binding ...
INFO: [BIND 205-100] Finished micro-architecture generation.
INFO: [HLS 200-111] Finished Binding: CPU user time: 0.05 seconds. CPU system time: 0.01 seconds. Elapsed time: 0.06 seconds; current allocated memory: 813.344 MB.
INFO: [HLS 200-10] ----------------------------------------------------------------
INFO: [HLS 200-42] -- Implementing module 'top_kernel_Pipeline_VITIS_LOOP_90_7_VITIS_LOOP_91_8' 
INFO: [HLS 200-10] ----------------------------------------------------------------
INFO: [SCHED 204-11] Starting scheduling ...
INFO: [SCHED 204-61] Pipelining loop 'VITIS_LOOP_90_7_VITIS_LOOP_91_8'.
INFO: [HLS 200-1470] Pipelining result : Target II = 2, Final II = 2, Depth = 143, loop 'VITIS_LOOP_90_7_VITIS_LOOP_91_8'
INFO: [SCHED 204-11] Finished scheduling.
INFO: [HLS 200-111] Finished Scheduling: CPU user time: 5.48 seconds. CPU system time: 0.08 seconds. Elapsed time: 5.6 seconds; current allocated memory: 831.734 MB.
INFO: [BIND 205-100] Starting micro-architecture generation ...
INFO: [BIND 205-101] Performing variable lifetime analysis.
INFO: [BIND 205-101] Exploring resource sharing.
INFO: [BIND 205-101] Binding ...
INFO: [BIND 205-100] Finished micro-architecture generation.
INFO: [HLS 200-111] Finished Binding: CPU user time: 2.19 seconds. CPU system time: 0.06 seconds. Elapsed time: 2.35 seconds; current allocated memory: 831.734 MB.
INFO: [HLS 200-10] ----------------------------------------------------------------
INFO: [HLS 200-42] -- Implementing module 'top_kernel_Pipeline_VITIS_LOOP_110_11_VITIS_LOOP_111_12' 
INFO: [HLS 200-10] ----------------------------------------------------------------
INFO: [SCHED 204-11] Starting scheduling ...
INFO: [SCHED 204-61] Pipelining loop 'VITIS_LOOP_110_11_VITIS_LOOP_111_12'.
INFO: [HLS 200-1470] Pipelining result : Target II = 4, Final II = 4, Depth = 194, loop 'VITIS_LOOP_110_11_VITIS_LOOP_111_12'
INFO: [SCHED 204-11] Finished scheduling.
INFO: [HLS 200-111] Finished Scheduling: CPU user time: 1.55 seconds. CPU system time: 0.07 seconds. Elapsed time: 1.73 seconds; current allocated memory: 839.336 MB.
INFO: [BIND 205-100] Starting micro-architecture generation ...
INFO: [BIND 205-101] Performing variable lifetime analysis.
INFO: [BIND 205-101] Exploring resource sharing.
INFO: [BIND 205-101] Binding ...
INFO: [BIND 205-100] Finished micro-architecture generation.
INFO: [HLS 200-111] Finished Binding: CPU user time: 0.32 seconds. CPU system time: 0.01 seconds. Elapsed time: 0.36 seconds; current allocated memory: 839.336 MB.
INFO: [HLS 200-10] ----------------------------------------------------------------
INFO: [HLS 200-42] -- Implementing module 'top_kernel_Pipeline_VITIS_LOOP_143_15_VITIS_LOOP_144_16' 
INFO: [HLS 200-10] ----------------------------------------------------------------
INFO: [SCHED 204-11] Starting scheduling ...
INFO: [SCHED 204-61] Pipelining loop 'VITIS_LOOP_143_15_VITIS_LOOP_144_16'.
INFO: [SCHED 204-61] Discarding stage scheduling solution.
INFO: [HLS 200-1470] Pipelining result : Target II = 2, Final II = 2, Depth = 18, loop 'VITIS_LOOP_143_15_VITIS_LOOP_144_16'
INFO: [SCHED 204-11] Finished scheduling.
INFO: [HLS 200-111] Finished Scheduling: CPU user time: 0.48 seconds. CPU system time: 0.02 seconds. Elapsed time: 0.57 seconds; current allocated memory: 844.555 MB.
INFO: [BIND 205-100] Starting micro-architecture generation ...
INFO: [BIND 205-101] Performing variable lifetime analysis.
INFO: [BIND 205-101] Exploring resource sharing.
INFO: [BIND 205-101] Binding ...
INFO: [BIND 205-100] Finished micro-architecture generation.
INFO: [HLS 200-111] Finished Binding: CPU user time: 0.07 seconds. CPU system time: 0.01 seconds. Elapsed time: 0.11 seconds; current allocated memory: 844.555 MB.
INFO: [HLS 200-10] ----------------------------------------------------------------
INFO: [HLS 200-42] -- Implementing module 'top_kernel_Pipeline_VITIS_LOOP_161_19_VITIS_LOOP_162_20' 
INFO: [HLS 200-10] ----------------------------------------------------------------
INFO: [SCHED 204-11] Starting scheduling ...
INFO: [SCHED 204-61] Pipelining loop 'VITIS_LOOP_161_19_VITIS_LOOP_162_20'.
INFO: [SCHED 204-61] Discarding stage scheduling solution.
INFO: [HLS 200-1470] Pipelining result : Target II = 2, Final II = 2, Depth = 24, loop 'VITIS_LOOP_161_19_VITIS_LOOP_162_20'
INFO: [SCHED 204-11] Finished scheduling.
INFO: [HLS 200-111] Finished Scheduling: CPU user time: 0.39 seconds. CPU system time: 0.01 seconds. Elapsed time: 0.42 seconds; current allocated memory: 847.523 MB.
INFO: [BIND 205-100] Starting micro-architecture generation ...
INFO: [BIND 205-101] Performing variable lifetime analysis.
INFO: [BIND 205-101] Exploring resource sharing.
INFO: [BIND 205-101] Binding ...
INFO: [BIND 205-100] Finished micro-architecture generation.
INFO: [HLS 200-111] Finished Binding: CPU user time: 0.08 seconds. CPU system time: 0 seconds. Elapsed time: 0.1 seconds; current allocated memory: 847.523 MB.
INFO: [HLS 200-10] ----------------------------------------------------------------
INFO: [HLS 200-42] -- Implementing module 'top_kernel' 
INFO: [HLS 200-10] ----------------------------------------------------------------
INFO: [SCHED 204-11] Starting scheduling ...
INFO: [SCHED 204-11] Finished scheduling.
INFO: [HLS 200-111] Finished Scheduling: CPU user time: 0.08 seconds. CPU system time: 0.01 seconds. Elapsed time: 0.11 seconds; current allocated memory: 847.523 MB.
INFO: [BIND 205-100] Starting micro-architecture generation ...
INFO: [BIND 205-101] Performing variable lifetime analysis.
INFO: [BIND 205-101] Exploring resource sharing.
INFO: [BIND 205-101] Binding ...
INFO: [BIND 205-100] Finished micro-architecture generation.
INFO: [HLS 200-111] Finished Binding: CPU user time: 0.06 seconds. CPU system time: 0.02 seconds. Elapsed time: 0.09 seconds; current allocated memory: 847.523 MB.
INFO: [HLS 200-10] ----------------------------------------------------------------
INFO: [HLS 200-10] -- Generating RTL for module 'top_kernel_Pipeline_VITIS_LOOP_32_1' 
INFO: [HLS 200-10] ----------------------------------------------------------------
INFO: [RTGEN 206-100] Finished creating RTL model for 'top_kernel_Pipeline_VITIS_LOOP_32_1'.
INFO: [HLS 200-111] Finished Creating RTL model: CPU user time: 0.12 seconds. CPU system time: 0.01 seconds. Elapsed time: 0.14 seconds; current allocated memory: 847.523 MB.
INFO: [HLS 200-10] ----------------------------------------------------------------
INFO: [HLS 200-10] -- Generating RTL for module 'top_kernel_Pipeline_VITIS_LOOP_38_2_VITIS_LOOP_39_3' 
INFO: [HLS 200-10] ----------------------------------------------------------------
INFO: [HLS 200-1030] Apply Unified Pipeline Control on module 'top_kernel_Pipeline_VITIS_LOOP_38_2_VITIS_LOOP_39_3' pipeline 'VITIS_LOOP_38_2_VITIS_LOOP_39_3' pipeline type 'loop pipeline'
INFO: [RTGEN 206-100] Generating core module 'faddfsub_32ns_32ns_32_5_full_dsp_1': 1 instance(s).
INFO: [RTGEN 206-100] Generating core module 'fdiv_32ns_32ns_32_10_no_dsp_1': 2 instance(s).
INFO: [RTGEN 206-100] Generating core module 'fmul_32ns_32ns_32_4_max_dsp_1': 1 instance(s).
INFO: [RTGEN 206-100] Generating core module 'sparsemux_33_4_32_1_1': 1 instance(s).
INFO: [RTGEN 206-100] Finished creating RTL model for 'top_kernel_Pipeline_VITIS_LOOP_38_2_VITIS_LOOP_39_3'.
INFO: [HLS 200-111] Finished Creating RTL model: CPU user time: 0.15 seconds. CPU system time: 0.03 seconds. Elapsed time: 0.2 seconds; current allocated memory: 850.586 MB.
INFO: [HLS 200-10] ----------------------------------------------------------------
INFO: [HLS 200-10] -- Generating RTL for module 'top_kernel_Pipeline_VITIS_LOOP_60_4' 
INFO: [HLS 200-10] ----------------------------------------------------------------
WARNING: [RTGEN 206-101] RTL name 'sparsemux_33_4_32_1_1' is changed to 'sparsemux_33_4_32_1_1_x' due to conflict.
INFO: [RTGEN 206-100] Generating core module 'sparsemux_33_4_32_1_1': 1 instance(s).
INFO: [RTGEN 206-100] Generating core module 'sparsemux_33_4_32_1_1_x': 1 instance(s).
INFO: [RTGEN 206-100] Finished creating RTL model for 'top_kernel_Pipeline_VITIS_LOOP_60_4'.
INFO: [HLS 200-111] Finished Creating RTL model: CPU user time: 0.21 seconds. CPU system time: 0.02 seconds. Elapsed time: 0.27 seconds; current allocated memory: 857.402 MB.
INFO: [HLS 200-10] ----------------------------------------------------------------
INFO: [HLS 200-10] -- Generating RTL for module 'top_kernel_Pipeline_VITIS_LOOP_69_5_VITIS_LOOP_70_6' 
INFO: [HLS 200-10] ----------------------------------------------------------------
INFO: [HLS 200-1030] Apply Unified Pipeline Control on module 'top_kernel_Pipeline_VITIS_LOOP_69_5_VITIS_LOOP_70_6' pipeline 'VITIS_LOOP_69_5_VITIS_LOOP_70_6' pipeline type 'loop pipeline'
INFO: [RTGEN 206-100] Generating core module 'faddfsub_32ns_32ns_32_5_full_dsp_1': 1 instance(s).
INFO: [RTGEN 206-100] Generating core module 'fdiv_32ns_32ns_32_10_no_dsp_1': 1 instance(s).
INFO: [RTGEN 206-100] Generating core module 'fmul_32ns_32ns_32_4_max_dsp_1': 1 instance(s).
INFO: [RTGEN 206-100] Generating core module 'mul_8ns_10ns_17_1_1': 1 instance(s).
INFO: [RTGEN 206-100] Generating core module 'sitofp_32ns_32_4_no_dsp_1': 1 instance(s).
INFO: [RTGEN 206-100] Generating core module 'sparsemux_17_3_32_1_1': 1 instance(s).
INFO: [RTGEN 206-100] Generating core module 'sparsemux_33_4_32_1_1': 1 instance(s).
INFO: [RTGEN 206-100] Generating core module 'urem_8ns_3ns_2_12_1': 1 instance(s).
INFO: [RTGEN 206-100] Finished creating RTL model for 'top_kernel_Pipeline_VITIS_LOOP_69_5_VITIS_LOOP_70_6'.
INFO: [HLS 200-111] Finished Creating RTL model: CPU user time: 0.19 seconds. CPU system time: 0.02 seconds. Elapsed time: 0.95 seconds; current allocated memory: 862.059 MB.
INFO: [HLS 200-10] ----------------------------------------------------------------
INFO: [HLS 200-10] -- Generating RTL for module 'top_kernel_Pipeline_VITIS_LOOP_90_7_VITIS_LOOP_91_8' 
INFO: [HLS 200-10] ----------------------------------------------------------------
INFO: [HLS 200-1030] Apply Unified Pipeline Control on module 'top_kernel_Pipeline_VITIS_LOOP_90_7_VITIS_LOOP_91_8' pipeline 'VITIS_LOOP_90_7_VITIS_LOOP_91_8' pipeline type 'loop pipeline'
WARNING: [RTGEN 206-101] RTL name 'sparsemux_17_3_32_1_1' is changed to 'sparsemux_17_3_32_1_1_x' due to conflict.
INFO: [RTGEN 206-104] Estimated max fanout for 'top_kernel_Pipeline_VITIS_LOOP_90_7_VITIS_LOOP_91_8' is 17594 from HDL expression: ((1'b0 == ap_block_pp0_stage1_11001) & (1'b1 == ap_CS_fsm_pp0_stage1))
INFO: [RTGEN 206-100] Generating core module 'fadd_32ns_32ns_32_5_full_dsp_1': 3 instance(s).
INFO: [RTGEN 206-100] Generating core module 'faddfsub_32ns_32ns_32_5_full_dsp_1': 10 instance(s).
INFO: [RTGEN 206-100] Generating core module 'fmul_32ns_32ns_32_4_max_dsp_1': 13 instance(s).
INFO: [RTGEN 206-100] Generating core module 'mul_7ns_9ns_15_1_1': 5 instance(s).
INFO: [RTGEN 206-100] Generating core module 'sparsemux_17_3_32_1_1': 5 instance(s).
INFO: [RTGEN 206-100] Generating core module 'sparsemux_17_3_32_1_1_x': 20 instance(s).
INFO: [RTGEN 206-100] Generating core module 'sparsemux_7_2_32_1_1': 40 instance(s).
INFO: [RTGEN 206-100] Generating core module 'urem_7ns_3ns_2_11_1': 1 instance(s).
INFO: [RTGEN 206-100] Finished creating RTL model for 'top_kernel_Pipeline_VITIS_LOOP_90_7_VITIS_LOOP_91_8'.
INFO: [HLS 200-111] Finished Creating RTL model: CPU user time: 1.26 seconds. CPU system time: 0.04 seconds. Elapsed time: 1.36 seconds; current allocated memory: 881.797 MB.
INFO: [HLS 200-10] ----------------------------------------------------------------
INFO: [HLS 200-10] -- Generating RTL for module 'top_kernel_Pipeline_VITIS_LOOP_110_11_VITIS_LOOP_111_12' 
INFO: [HLS 200-10] ----------------------------------------------------------------
INFO: [HLS 200-1030] Apply Unified Pipeline Control on module 'top_kernel_Pipeline_VITIS_LOOP_110_11_VITIS_LOOP_111_12' pipeline 'VITIS_LOOP_110_11_VITIS_LOOP_111_12' pipeline type 'loop pipeline'
INFO: [RTGEN 206-104] Estimated max fanout for 'top_kernel_Pipeline_VITIS_LOOP_110_11_VITIS_LOOP_111_12' is 13568 from HDL expression: ((1'b1 == ap_CS_fsm_pp0_stage2) & (1'b0 == ap_block_pp0_stage2_11001))
INFO: [RTGEN 206-100] Generating core module 'dexp_64ns_64ns_64_15_full_dsp_1': 7 instance(s).
INFO: [RTGEN 206-100] Generating core module 'fadd_32ns_32ns_32_5_full_dsp_1': 9 instance(s).
INFO: [RTGEN 206-100] Generating core module 'faddfsub_32ns_32ns_32_5_full_dsp_1': 10 instance(s).
INFO: [RTGEN 206-100] Generating core module 'fcmp_32ns_32ns_1_2_no_dsp_1': 1 instance(s).
INFO: [RTGEN 206-100] Generating core module 'fdiv_32ns_32ns_32_10_no_dsp_1': 7 instance(s).
INFO: [RTGEN 206-100] Generating core module 'fmul_32ns_32ns_32_4_max_dsp_1': 19 instance(s).
INFO: [RTGEN 206-100] Generating core module 'fpext_32ns_64_2_no_dsp_1': 7 instance(s).
INFO: [RTGEN 206-100] Generating core module 'fptrunc_64ns_32_2_no_dsp_1': 7 instance(s).
INFO: [RTGEN 206-100] Generating core module 'sparsemux_17_3_32_1_1': 3 instance(s).
INFO: [RTGEN 206-100] Generating core module 'sparsemux_17_3_32_1_1_x': 12 instance(s).
INFO: [RTGEN 206-100] Finished creating RTL model for 'top_kernel_Pipeline_VITIS_LOOP_110_11_VITIS_LOOP_111_12'.
INFO: [HLS 200-111] Finished Creating RTL model: CPU user time: 1.25 seconds. CPU system time: 0.12 seconds. Elapsed time: 1.52 seconds; current allocated memory: 919.297 MB.
INFO: [HLS 200-10] ----------------------------------------------------------------
INFO: [HLS 200-10] -- Generating RTL for module 'top_kernel_Pipeline_VITIS_LOOP_143_15_VITIS_LOOP_144_16' 
INFO: [HLS 200-10] ----------------------------------------------------------------
INFO: [HLS 200-1030] Apply Unified Pipeline Control on module 'top_kernel_Pipeline_VITIS_LOOP_143_15_VITIS_LOOP_144_16' pipeline 'VITIS_LOOP_143_15_VITIS_LOOP_144_16' pipeline type 'loop pipeline'
INFO: [RTGEN 206-100] Generating core module 'fcmp_32ns_32ns_1_2_no_dsp_1': 5 instance(s).
INFO: [RTGEN 206-100] Generating core module 'sparsemux_17_3_32_1_1': 2 instance(s).
INFO: [RTGEN 206-100] Generating core module 'sparsemux_17_3_32_1_1_x': 4 instance(s).
INFO: [RTGEN 206-100] Finished creating RTL model for 'top_kernel_Pipeline_VITIS_LOOP_143_15_VITIS_LOOP_144_16'.
INFO: [HLS 200-111] Finished Creating RTL model: CPU user time: 0.74 seconds. CPU system time: 0.08 seconds. Elapsed time: 0.93 seconds; current allocated memory: 938.375 MB.
INFO: [HLS 200-10] ----------------------------------------------------------------
INFO: [HLS 200-10] -- Generating RTL for module 'top_kernel_Pipeline_VITIS_LOOP_161_19_VITIS_LOOP_162_20' 
INFO: [HLS 200-10] ----------------------------------------------------------------
INFO: [HLS 200-1030] Apply Unified Pipeline Control on module 'top_kernel_Pipeline_VITIS_LOOP_161_19_VITIS_LOOP_162_20' pipeline 'VITIS_LOOP_161_19_VITIS_LOOP_162_20' pipeline type 'loop pipeline'
INFO: [RTGEN 206-100] Generating core module 'fcmp_32ns_32ns_1_2_no_dsp_1': 5 instance(s).
INFO: [RTGEN 206-100] Generating core module 'sparsemux_17_3_32_1_1': 2 instance(s).
INFO: [RTGEN 206-100] Generating core module 'sparsemux_17_3_32_1_1_x': 4 instance(s).
INFO: [RTGEN 206-100] Finished creating RTL model for 'top_kernel_Pipeline_VITIS_LOOP_161_19_VITIS_LOOP_162_20'.
INFO: [HLS 200-111] Finished Creating RTL model: CPU user time: 0.35 seconds. CPU system time: 0.05 seconds. Elapsed time: 0.44 seconds; current allocated memory: 943.875 MB.
INFO: [HLS 200-10] ----------------------------------------------------------------
INFO: [HLS 200-10] -- Generating RTL for module 'top_kernel' 
INFO: [HLS 200-10] ----------------------------------------------------------------
WARNING: [RTGEN 206-101] Design contains AXI ports. Reset is fixed to synchronous and active low.
INFO: [RTGEN 206-500] Setting interface mode on port 'top_kernel/gmem' to 'm_axi'.
INFO: [RTGEN 206-500] Setting interface mode on port 'top_kernel/in_r' to 's_axilite & ap_none'.
INFO: [RTGEN 206-500] Setting interface mode on port 'top_kernel/in_g' to 's_axilite & ap_none'.
INFO: [RTGEN 206-500] Setting interface mode on port 'top_kernel/in_b' to 's_axilite & ap_none'.
INFO: [RTGEN 206-500] Setting interface mode on port 'top_kernel/out_r' to 's_axilite & ap_none'.
INFO: [RTGEN 206-500] Setting interface mode on function 'top_kernel' to 's_axilite & ap_ctrl_hs'.
INFO: [SYN 201-210] Renamed object name 'top_kernel_float_const_float_const_float_const_float_gaussian_blurred_RAM_AUTO_1R1W' to 'top_kernel_float_const_float_const_float_const_float_gaussian_blurred_RAM_AUTbkb' due to the length limit 80
INFO: [SYN 201-210] Renamed object name 'top_kernel_float_const_float_const_float_const_float_gaussian_blurred_8_RAM_AUTO_1R1W' to 'top_kernel_float_const_float_const_float_const_float_gaussian_blurred_8_RAM_Acud' due to the length limit 80
INFO: [SYN 201-210] Renamed object name 'top_kernel_float_const_float_const_float_const_float_gaussian_blurred_9_RAM_AUTO_1R1W' to 'top_kernel_float_const_float_const_float_const_float_gaussian_blurred_9_RAM_AdEe' due to the length limit 80
INFO: [SYN 201-210] Renamed object name 'top_kernel_float_const_float_const_float_const_float_gaussian_blurred_10_RAM_AUTO_1R1W' to 'top_kernel_float_const_float_const_float_const_float_gaussian_blurred_10_RAM_eOg' due to the length limit 80
INFO: [SYN 201-210] Renamed object name 'top_kernel_float_const_float_const_float_const_float_gaussian_blurred_11_RAM_AUTO_1R1W' to 'top_kernel_float_const_float_const_float_const_float_gaussian_blurred_11_RAM_fYi' due to the length limit 80
INFO: [SYN 201-210] Renamed object name 'top_kernel_float_const_float_const_float_const_float_gaussian_blurred_12_RAM_AUTO_1R1W' to 'top_kernel_float_const_float_const_float_const_float_gaussian_blurred_12_RAM_g8j' due to the length limit 80
INFO: [SYN 201-210] Renamed object name 'top_kernel_float_const_float_const_float_const_float_gaussian_blurred_13_RAM_AUTO_1R1W' to 'top_kernel_float_const_float_const_float_const_float_gaussian_blurred_13_RAM_hbi' due to the length limit 80
INFO: [SYN 201-210] Renamed object name 'top_kernel_float_const_float_const_float_const_float_gaussian_blurred_14_RAM_AUTO_1R1W' to 'top_kernel_float_const_float_const_float_const_float_gaussian_blurred_14_RAM_ibs' due to the length limit 80
INFO: [SYN 201-210] Renamed object name 'top_kernel_float_const_float_const_float_const_float_bilateral_filtered_RAM_AUTO_1R1W' to 'top_kernel_float_const_float_const_float_const_float_bilateral_filtered_RAM_AjbC' due to the length limit 80
INFO: [SYN 201-210] Renamed object name 'top_kernel_float_const_float_const_float_const_float_bilateral_filtered_15_RAM_AUTO_1R1W' to 'top_kernel_float_const_float_const_float_const_float_bilateral_filtered_15_RAkbM' due to the length limit 80
INFO: [SYN 201-210] Renamed object name 'top_kernel_float_const_float_const_float_const_float_bilateral_filtered_16_RAM_AUTO_1R1W' to 'top_kernel_float_const_float_const_float_const_float_bilateral_filtered_16_RAlbW' due to the length limit 80
INFO: [SYN 201-210] Renamed object name 'top_kernel_float_const_float_const_float_const_float_bilateral_filtered_17_RAM_AUTO_1R1W' to 'top_kernel_float_const_float_const_float_const_float_bilateral_filtered_17_RAmb6' due to the length limit 80
INFO: [SYN 201-210] Renamed object name 'top_kernel_float_const_float_const_float_const_float_bilateral_filtered_18_RAM_AUTO_1R1W' to 'top_kernel_float_const_float_const_float_const_float_bilateral_filtered_18_RAncg' due to the length limit 80
INFO: [SYN 201-210] Renamed object name 'top_kernel_float_const_float_const_float_const_float_bilateral_filtered_19_RAM_AUTO_1R1W' to 'top_kernel_float_const_float_const_float_const_float_bilateral_filtered_19_RAocq' due to the length limit 80
INFO: [SYN 201-210] Renamed object name 'top_kernel_float_const_float_const_float_const_float_bilateral_filtered_20_RAM_AUTO_1R1W' to 'top_kernel_float_const_float_const_float_const_float_bilateral_filtered_20_RApcA' due to the length limit 80
INFO: [SYN 201-210] Renamed object name 'top_kernel_float_const_float_const_float_const_float_bilateral_filtered_21_RAM_AUTO_1R1W' to 'top_kernel_float_const_float_const_float_const_float_bilateral_filtered_21_RAqcK' due to the length limit 80
INFO: [RTGEN 206-100] Bundling port 'in_r', 'in_g', 'in_b', 'out_r' and 'return' to AXI-Lite port control.
INFO: [RTGEN 206-100] Generating core module 'fadd_32ns_32ns_32_5_full_dsp_1': 3 instance(s).
INFO: [RTGEN 206-100] Generating core module 'faddfsub_32ns_32ns_32_5_full_dsp_1': 10 instance(s).
INFO: [RTGEN 206-100] Generating core module 'fcmp_32ns_32ns_1_2_no_dsp_1': 5 instance(s).
INFO: [RTGEN 206-100] Generating core module 'fdiv_32ns_32ns_32_10_no_dsp_1': 2 instance(s).
INFO: [RTGEN 206-100] Generating core module 'fmul_32ns_32ns_32_4_max_dsp_1': 13 instance(s).
INFO: [RTGEN 206-100] Generating core module 'sitofp_32ns_32_4_no_dsp_1': 1 instance(s).
INFO: [RTGEN 206-100] Finished creating RTL model for 'top_kernel'.
INFO: [RTMG 210-278] Implementing memory 'top_kernel_top_kernel_float_const_float_const_float_const_float_histogram_RAM_AUTO_1R1W' using auto RAMs.
INFO: [RTMG 210-278] Implementing memory 'top_kernel_top_kernel_float_const_float_const_float_const_float_intensity_RAM_AUTO_1R1W' using auto RAMs.
INFO: [RTMG 210-278] Implementing memory 'top_kernel_p_ZZ10top_kernelPKfS0_S0_PfE9equalized_0_0_RAM_AUTO_1R1W' using auto RAMs.
INFO: [RTMG 210-278] Implementing memory 'top_kernel_top_kernel_float_const_float_const_float_const_float_gaussian_blurred_RAM_AUTbkb' using auto RAMs.
INFO: [HLS 200-111] Finished Creating RTL model: CPU user time: 0.4 seconds. CPU system time: 0.05 seconds. Elapsed time: 0.54 seconds; current allocated memory: 961.641 MB.
INFO: [HLS 200-111] Finished Generating all RTL models: CPU user time: 0.8 seconds. CPU system time: 0.19 seconds. Elapsed time: 1.77 seconds; current allocated memory: 969.855 MB.
INFO: [HLS 200-1603] Design has inferred MAXI bursts and missed bursts, see Vitis HLS GUI synthesis summary report for detailed information.
INFO: [HLS 200-111] Finished Updating report files: CPU user time: 1.16 seconds. CPU system time: 0.14 seconds. Elapsed time: 1.42 seconds; current allocated memory: 989.855 MB.
INFO: [VHDL 208-304] Generating VHDL RTL for top_kernel.
INFO: [VLOG 209-307] Generating Verilog RTL for top_kernel.
INFO: [HLS 200-790] **** Loop Constraint Status: All loop constraints were NOT satisfied.
INFO: [HLS 200-789] **** Estimated Fmax: 136.99 MHz
INFO: [HLS 200-2161] Finished Command csynth_design Elapsed time: 00:00:56; Allocated memory: 332.504 MB.
INFO: [HLS 200-1510] Running: cosim_design 
INFO: [HLS 200-1915] Writing HLS config ini file /nethome/asandeep6/FPGA_ECE8893/2026_Spring/lab4/project_1/hls_config.cfg
INFO: [COSIM 212-47] Using XSIM for RTL simulation.
INFO: [COSIM 212-14] Instrumenting C test bench ...
   Build using "/tools/software/xilinx/2025.1.1/Vitis/lnx64/tools/vcxx/libexec/clang++"
   Compiling host.cpp_pre.cpp.tb.cpp
   Compiling apatb_top_kernel.cpp
   Compiling top.cpp_pre.cpp.tb.cpp
   Compiling apatb_top_kernel_ir.ll
   Generating cosim.tv.exe
INFO: [COSIM 212-302] Starting C TB testing ... 
>> Initializing Input Buffers...
>> Starting Golden Baseline (Software)...
K1: Intensity        [>                             ] 0 %K1: Intensity        [===========>                  ] 39 %K1: Intensity        [=======================>      ] 78 %K1: Intensity        [==============================] 100 %
K2: Equalize         [>                             ] 0 %K2: Equalize         [=======================>      ] 78 %K2: Equalize         [==============================] 100 %
K3: Gaussian         [============>                 ] 40 %K3: Gaussian         [========================>     ] 80 %K3: Gaussian         [==============================] 100 %
K4: Bilateral        [==>                           ] 7 %K4: Bilateral        [====>                         ] 15 %K4: Bilateral        [=======>                      ] 23 %K4: Bilateral        [=========>                    ] 31 %K4: Bilateral        [============>                 ] 40 %K4: Bilateral        [==============>               ] 47 %K4: Bilateral        [================>             ] 56 %K4: Bilateral        [===================>          ] 63 %K4: Bilateral        [=====================>        ] 72 %K4: Bilateral        [========================>     ] 80 %K4: Bilateral        [==========================>   ] 87 %K4: Bilateral        [============================> ] 95 %K4: Bilateral        [==============================] 100 %
K5: Morph (Erode)    [=======================>      ] 79 %K5: Morph (Erode)    [==============================] 100 %
K5: Morph (Dilate)   [=======================>      ] 79 %K5: Morph (Dilate)   [==============================] 100 %
>> Starting Hardware Kernel Execution...
