  **** HLS Build v2025.1.1 6214317
Sourcing Tcl script '/nethome/asandeep6/FPGA_ECE8893/2026_Spring/lab4/script.tcl'
INFO: [HLS 200-1510] Running: open_component project_1 
INFO: [HLS 200-10] Creating and opening component '/nethome/asandeep6/FPGA_ECE8893/2026_Spring/lab4/project_1'.
INFO: [HLS 200-1611] Setting target device to 'xczu3eg-sbva484-1-e'
INFO: [HLS 200-1505] Using flow_target 'vivado'
Resolution: For help on HLS 200-1505 see docs.xilinx.com/access/sources/dita/topic?Doc_Version=2025.1%20English&url=ug1448-hls-guidance&resourceid=200-1505.html
INFO: [HLS 200-1464] Running solution command: config_unroll -tripcount_threshold=0
INFO: [XFORM 203-502] Automatic unrolling disabled.
INFO: [HLS 200-1464] Running solution command: config_compile -pipeline_loops=0
INFO: [HLS 200-2174] Applying component config ini file /nethome/asandeep6/FPGA_ECE8893/2026_Spring/lab4/project_1/hls_config.cfg
INFO: [HLS 200-1465] Applying config ini 'syn.file=../baseline.cpp' from /nethome/asandeep6/FPGA_ECE8893/2026_Spring/lab4/project_1/hls_config.cfg(5)
INFO: [HLS 200-10] Adding design file 'baseline.cpp' to the project
INFO: [HLS 200-1465] Applying config ini 'tb.file=../host.cpp' from /nethome/asandeep6/FPGA_ECE8893/2026_Spring/lab4/project_1/hls_config.cfg(7)
INFO: [HLS 200-10] Adding test bench file 'host.cpp' to the project
INFO: [HLS 200-1465] Applying config ini 'syn.top=ag_pipeline_baseline' from /nethome/asandeep6/FPGA_ECE8893/2026_Spring/lab4/project_1/hls_config.cfg(6)
INFO: [HLS 200-1465] Applying config ini 'flow_target=vivado' from /nethome/asandeep6/FPGA_ECE8893/2026_Spring/lab4/project_1/hls_config.cfg(4)
INFO: [HLS 200-1505] Using flow_target 'vivado'
Resolution: For help on HLS 200-1505 see docs.xilinx.com/access/sources/dita/topic?Doc_Version=2025.1%20English&url=ug1448-hls-guidance&resourceid=200-1505.html
INFO: [HLS 200-1464] Running solution command: config_unroll -tripcount_threshold=0
INFO: [XFORM 203-502] Automatic unrolling disabled.
INFO: [HLS 200-1464] Running solution command: config_compile -pipeline_loops=0
INFO: [HLS 200-1464] Running solution command: config_compile -complex-mul-dsp=0
INFO: [HLS 200-1465] Applying config ini 'part=xczu3eg-sbva484-1-e' from /nethome/asandeep6/FPGA_ECE8893/2026_Spring/lab4/project_1/hls_config.cfg(1)
INFO: [HLS 200-1465] Applying config ini 'syn.compile.pipeline_loops=0' from /nethome/asandeep6/FPGA_ECE8893/2026_Spring/lab4/project_1/hls_config.cfg(8)
INFO: [HLS 200-1465] Applying config ini 'syn.unroll.tripcount_threshold=0' from /nethome/asandeep6/FPGA_ECE8893/2026_Spring/lab4/project_1/hls_config.cfg(9)
INFO: [XFORM 203-502] Automatic unrolling disabled.
INFO: [HLS 200-2176] Writing Vitis IDE component file /nethome/asandeep6/FPGA_ECE8893/2026_Spring/lab4/project_1/vitis-comp.json
INFO: [HLS 200-1915] Writing HLS config ini file /nethome/asandeep6/FPGA_ECE8893/2026_Spring/lab4/project_1/hls_config.cfg
INFO: [HLS 200-1510] Running: set_top baseline 
INFO: [HLS 200-1510] Running: add_files baseline.cpp 
INFO: [HLS 200-10] Adding design file 'baseline.cpp' to the project
INFO: [HLS 200-1510] Running: add_files -tb host.cpp 
INFO: [HLS 200-10] Adding test bench file 'host.cpp' to the project
INFO: [HLS 200-1510] Running: config_unroll -tripcount_threshold 0 
INFO: [XFORM 203-502] Automatic unrolling disabled.
INFO: [HLS 200-1510] Running: config_compile -pipeline_loops 0 
INFO: [HLS 200-1510] Running: set_part xczu3eg-sbva484-1-e 
INFO: [HLS 200-1510] Running: csynth_design 
INFO: [HLS 200-1915] Writing HLS config ini file /nethome/asandeep6/FPGA_ECE8893/2026_Spring/lab4/project_1/hls_config.cfg
INFO: [HLS 200-111] Finished File checks and directory preparation: CPU user time: 1.23 seconds. CPU system time: 0.15 seconds. Elapsed time: 8.93 seconds; current allocated memory: 806.266 MB.
INFO: [HLS 200-10] Analyzing design file 'baseline.cpp' ... 
INFO: [HLS 200-111] Finished Source Code Analysis and Preprocessing: CPU user time: 8.05 seconds. CPU system time: 1.13 seconds. Elapsed time: 17.98 seconds; current allocated memory: 807.766 MB.
INFO: [HLS 200-777] Using interface defaults for 'Vivado' flow target.
INFO: [HLS 200-1995] There were 18,391 instructions in the design after the 'Compile/Link' phase of compilation. See the Design Size Report for more details (/nethome/asandeep6/FPGA_ECE8893/2026_Spring/lab4/project_1/hls/syn/report/csynth_design_size.rpt:2)
INFO: [HLS 200-1995] There were 1,196 instructions in the design after the 'Unroll/Inline (step 1)' phase of compilation. See the Design Size Report for more details (/nethome/asandeep6/FPGA_ECE8893/2026_Spring/lab4/project_1/hls/syn/report/csynth_design_size.rpt:2)
INFO: [HLS 200-1995] There were 479 instructions in the design after the 'Unroll/Inline (step 2)' phase of compilation. See the Design Size Report for more details (/nethome/asandeep6/FPGA_ECE8893/2026_Spring/lab4/project_1/hls/syn/report/csynth_design_size.rpt:2)
INFO: [HLS 200-1995] There were 392 instructions in the design after the 'Unroll/Inline (step 3)' phase of compilation. See the Design Size Report for more details (/nethome/asandeep6/FPGA_ECE8893/2026_Spring/lab4/project_1/hls/syn/report/csynth_design_size.rpt:2)
INFO: [HLS 200-1995] There were 328 instructions in the design after the 'Unroll/Inline (step 4)' phase of compilation. See the Design Size Report for more details (/nethome/asandeep6/FPGA_ECE8893/2026_Spring/lab4/project_1/hls/syn/report/csynth_design_size.rpt:2)
INFO: [HLS 200-1995] There were 321 instructions in the design after the 'Array/Struct (step 1)' phase of compilation. See the Design Size Report for more details (/nethome/asandeep6/FPGA_ECE8893/2026_Spring/lab4/project_1/hls/syn/report/csynth_design_size.rpt:2)
INFO: [HLS 200-1995] There were 321 instructions in the design after the 'Array/Struct (step 2)' phase of compilation. See the Design Size Report for more details (/nethome/asandeep6/FPGA_ECE8893/2026_Spring/lab4/project_1/hls/syn/report/csynth_design_size.rpt:2)
INFO: [HLS 200-1995] There were 321 instructions in the design after the 'Array/Struct (step 3)' phase of compilation. See the Design Size Report for more details (/nethome/asandeep6/FPGA_ECE8893/2026_Spring/lab4/project_1/hls/syn/report/csynth_design_size.rpt:2)
INFO: [HLS 200-1995] There were 321 instructions in the design after the 'Array/Struct (step 4)' phase of compilation. See the Design Size Report for more details (/nethome/asandeep6/FPGA_ECE8893/2026_Spring/lab4/project_1/hls/syn/report/csynth_design_size.rpt:2)
INFO: [HLS 200-1995] There were 326 instructions in the design after the 'Array/Struct (step 5)' phase of compilation. See the Design Size Report for more details (/nethome/asandeep6/FPGA_ECE8893/2026_Spring/lab4/project_1/hls/syn/report/csynth_design_size.rpt:2)
INFO: [HLS 200-1995] There were 326 instructions in the design after the 'Performance (step 1)' phase of compilation. See the Design Size Report for more details (/nethome/asandeep6/FPGA_ECE8893/2026_Spring/lab4/project_1/hls/syn/report/csynth_design_size.rpt:2)
INFO: [HLS 200-1995] There were 321 instructions in the design after the 'Performance (step 2)' phase of compilation. See the Design Size Report for more details (/nethome/asandeep6/FPGA_ECE8893/2026_Spring/lab4/project_1/hls/syn/report/csynth_design_size.rpt:2)
INFO: [HLS 200-1995] There were 321 instructions in the design after the 'Performance (step 3)' phase of compilation. See the Design Size Report for more details (/nethome/asandeep6/FPGA_ECE8893/2026_Spring/lab4/project_1/hls/syn/report/csynth_design_size.rpt:2)
INFO: [HLS 200-1995] There were 321 instructions in the design after the 'Performance (step 4)' phase of compilation. See the Design Size Report for more details (/nethome/asandeep6/FPGA_ECE8893/2026_Spring/lab4/project_1/hls/syn/report/csynth_design_size.rpt:2)
INFO: [HLS 200-1995] There were 329 instructions in the design after the 'HW Transforms (step 1)' phase of compilation. See the Design Size Report for more details (/nethome/asandeep6/FPGA_ECE8893/2026_Spring/lab4/project_1/hls/syn/report/csynth_design_size.rpt:2)
INFO: [HLS 200-1995] There were 370 instructions in the design after the 'HW Transforms (step 2)' phase of compilation. See the Design Size Report for more details (/nethome/asandeep6/FPGA_ECE8893/2026_Spring/lab4/project_1/hls/syn/report/csynth_design_size.rpt:2)
INFO: [HLS 214-178] Inlining function 'clamp_val(ap_fixed<32, 12, (ap_q_mode)5, (ap_o_mode)3, 0>, ap_fixed<32, 12, (ap_q_mode)5, (ap_o_mode)3, 0>, ap_fixed<32, 12, (ap_q_mode)5, (ap_o_mode)3, 0>)' into 'apply_gamma(ap_fixed<32, 12, (ap_q_mode)5, (ap_o_mode)3, 0>)' (baseline.cpp:17:0)
INFO: [HLS 214-178] Inlining function 'apply_gamma(ap_fixed<32, 12, (ap_q_mode)5, (ap_o_mode)3, 0>)' into 'baseline(ap_fixed<32, 12, (ap_q_mode)5, (ap_o_mode)3, 0> const*, ap_fixed<32, 12, (ap_q_mode)5, (ap_o_mode)3, 0> const*, ap_fixed<32, 12, (ap_q_mode)5, (ap_o_mode)3, 0> const*, ap_fixed<32, 12, (ap_q_mode)5, (ap_o_mode)3, 0>*)' (baseline.cpp:24:0)
INFO: [HLS 214-178] Inlining function 'clamp_val(ap_fixed<32, 12, (ap_q_mode)5, (ap_o_mode)3, 0>, ap_fixed<32, 12, (ap_q_mode)5, (ap_o_mode)3, 0>, ap_fixed<32, 12, (ap_q_mode)5, (ap_o_mode)3, 0>)' into 'baseline(ap_fixed<32, 12, (ap_q_mode)5, (ap_o_mode)3, 0> const*, ap_fixed<32, 12, (ap_q_mode)5, (ap_o_mode)3, 0> const*, ap_fixed<32, 12, (ap_q_mode)5, (ap_o_mode)3, 0> const*, ap_fixed<32, 12, (ap_q_mode)5, (ap_o_mode)3, 0>*)' (baseline.cpp:24:0)
INFO: [HLS 214-178] Inlining function 'get_abs(ap_fixed<32, 12, (ap_q_mode)5, (ap_o_mode)3, 0>)' into 'baseline(ap_fixed<32, 12, (ap_q_mode)5, (ap_o_mode)3, 0> const*, ap_fixed<32, 12, (ap_q_mode)5, (ap_o_mode)3, 0> const*, ap_fixed<32, 12, (ap_q_mode)5, (ap_o_mode)3, 0> const*, ap_fixed<32, 12, (ap_q_mode)5, (ap_o_mode)3, 0>*)' (baseline.cpp:24:0)
INFO: [HLS 214-437] Automatically disabling loop flattening for loop 'VITIS_LOOP_67_4'. (baseline.cpp:67:26)
INFO: [HLS 200-111] Finished Compiling Optimization and Transform: CPU user time: 4.37 seconds. CPU system time: 0.83 seconds. Elapsed time: 9.14 seconds; current allocated memory: 817.281 MB.
INFO: [HLS 200-111] Finished Checking Pragmas: CPU user time: 0 seconds. CPU system time: 0 seconds. Elapsed time: 0 seconds; current allocated memory: 817.281 MB.
INFO: [HLS 200-10] Starting code transformations ...
INFO: [HLS 200-111] Finished Standard Transforms: CPU user time: 0.04 seconds. CPU system time: 0.01 seconds. Elapsed time: 0.05 seconds; current allocated memory: 818.266 MB.
INFO: [HLS 200-10] Checking synthesizability ...
INFO: [HLS 200-111] Finished Checking Synthesizability: CPU user time: 0.04 seconds. CPU system time: 0 seconds. Elapsed time: 0.05 seconds; current allocated memory: 818.441 MB.
INFO: [XFORM 203-401] Performing if-conversion on hyperblock from (baseline.cpp:68:19) to (baseline.cpp:71:34) in function 'baseline'... converting 4 basic blocks.
INFO: [XFORM 203-401] Performing if-conversion on hyperblock from (baseline.cpp:116:37) to (baseline.cpp:116:28) in function 'baseline'... converting 10 basic blocks.
INFO: [XFORM 203-401] Performing if-conversion on hyperblock from (baseline.cpp:150:37) to (baseline.cpp:150:28) in function 'baseline'... converting 3 basic blocks.
INFO: [HLS 200-111] Finished Loop, function and other optimizations: CPU user time: 0.15 seconds. CPU system time: 0.02 seconds. Elapsed time: 0.18 seconds; current allocated memory: 841.699 MB.
INFO: [HLS 200-111] Finished Architecture Synthesis: CPU user time: 0.15 seconds. CPU system time: 0 seconds. Elapsed time: 0.15 seconds; current allocated memory: 839.445 MB.
INFO: [HLS 200-10] Starting hardware synthesis ...
INFO: [HLS 200-10] Synthesizing 'baseline' ...
INFO: [SYN 201-201] Setting up clock 'default' with a period of 10ns.
INFO: [HLS 200-10] ----------------------------------------------------------------
INFO: [HLS 200-42] -- Implementing module 'baseline' 
INFO: [HLS 200-10] ----------------------------------------------------------------
INFO: [SCHED 204-11] Starting scheduling ...
INFO: [SCHED 204-11] Finished scheduling.
INFO: [HLS 200-111] Finished Scheduling: CPU user time: 0.35 seconds. CPU system time: 0.06 seconds. Elapsed time: 0.42 seconds; current allocated memory: 839.445 MB.
INFO: [BIND 205-100] Starting micro-architecture generation ...
INFO: [BIND 205-101] Performing variable lifetime analysis.
INFO: [BIND 205-101] Exploring resource sharing.
INFO: [BIND 205-101] Binding ...
INFO: [BIND 205-100] Finished micro-architecture generation.
INFO: [HLS 200-111] Finished Binding: CPU user time: 0.11 seconds. CPU system time: 0.03 seconds. Elapsed time: 0.15 seconds; current allocated memory: 839.445 MB.
INFO: [HLS 200-10] ----------------------------------------------------------------
INFO: [HLS 200-10] -- Generating RTL for module 'baseline' 
INFO: [HLS 200-10] ----------------------------------------------------------------
INFO: [RTGEN 206-500] Setting interface mode on port 'baseline/in_r' to 'ap_memory'.
INFO: [RTGEN 206-500] Setting interface mode on port 'baseline/in_g' to 'ap_memory'.
INFO: [RTGEN 206-500] Setting interface mode on port 'baseline/in_b' to 'ap_memory'.
INFO: [RTGEN 206-500] Setting interface mode on port 'baseline/out_feature' to 'ap_memory'.
INFO: [RTGEN 206-500] Setting interface mode on function 'baseline' to 'ap_ctrl_hs'.
INFO: [RTGEN 206-100] Generating core module 'mul_28ns_41ns_52_1_1': 1 instance(s).
INFO: [RTGEN 206-100] Generating core module 'mul_32s_28ns_52_1_1': 1 instance(s).
INFO: [RTGEN 206-100] Generating core module 'mul_32s_32s_54_1_1': 1 instance(s).
INFO: [RTGEN 206-100] Generating core module 'sdiv_64ns_40s_64_68_seq_1': 1 instance(s).
INFO: [RTGEN 206-100] Generating core module 'udiv_41s_29ns_41_45_seq_1': 1 instance(s).
INFO: [RTGEN 206-100] Finished creating RTL model for 'baseline'.
INFO: [RTMG 210-278] Implementing memory 'baseline_gray_RAM_AUTO_1R1W' using auto RAMs.
INFO: [RTMG 210-278] Implementing memory 'baseline_blurred_RAM_AUTO_1R1W' using auto RAMs.
INFO: [RTMG 210-278] Implementing memory 'baseline_grad_x_RAM_AUTO_1R1W' using auto RAMs.
INFO: [RTMG 210-278] Implementing memory 'baseline_magnitude_RAM_AUTO_1R1W' using auto RAMs.
INFO: [RTMG 210-278] Implementing memory 'baseline_suppressed_RAM_AUTO_1R1W' using auto RAMs.
INFO: [HLS 200-111] Finished Creating RTL model: CPU user time: 0.19 seconds. CPU system time: 0.02 seconds. Elapsed time: 0.28 seconds; current allocated memory: 839.445 MB.
INFO: [HLS 200-111] Finished Generating all RTL models: CPU user time: 0.46 seconds. CPU system time: 0.07 seconds. Elapsed time: 0.77 seconds; current allocated memory: 849.387 MB.
INFO: [HLS 200-111] Finished Updating report files: CPU user time: 0.47 seconds. CPU system time: 0.1 seconds. Elapsed time: 0.59 seconds; current allocated memory: 850.469 MB.
INFO: [VHDL 208-304] Generating VHDL RTL for baseline.
INFO: [VLOG 209-307] Generating Verilog RTL for baseline.
INFO: [HLS 200-790] **** Loop Constraint Status: All loop constraints were satisfied.
INFO: [HLS 200-789] **** Estimated Fmax: 142.41 MHz
INFO: [HLS 200-2161] Finished Command csynth_design Elapsed time: 00:00:38; Allocated memory: 60.203 MB.
INFO: [HLS 200-1510] Running: cosim_design 
INFO: [HLS 200-1915] Writing HLS config ini file /nethome/asandeep6/FPGA_ECE8893/2026_Spring/lab4/project_1/hls_config.cfg
INFO: [COSIM 212-47] Using XSIM for RTL simulation.
INFO: [COSIM 212-14] Instrumenting C test bench ...
   Build using "/tools/software/xilinx/2025.1.1/Vitis/lnx64/tools/vcxx/libexec/clang++"
   Compiling host.cpp_pre.cpp.tb.cpp
   Compiling apatb_baseline.cpp
   Compiling baseline.cpp_pre.cpp.tb.cpp
   Compiling apatb_baseline_ir.ll
   Generating cosim.tv.exe
In file included from /nethome/asandeep6/FPGA_ECE8893/2026_Spring/lab4/host.cpp:3:
In file included from /nethome/asandeep6/FPGA_ECE8893/2026_Spring/lab4/dcl.h:4:
In file included from /tools/software/xilinx/2025.1.1/Vitis/include/ap_fixed.h:9:
In file included from /tools/software/xilinx/2025.1.1/Vitis/include/etc/ap_common.h:677:
In file included from /tools/software/xilinx/2025.1.1/Vitis/include/etc/ap_private.h:68:
In file included from /tools/software/xilinx/2025.1.1/Vitis/include/hls_half.h:26:
In file included from /tools/software/xilinx/2025.1.1/Vitis/include/etc/hls_half_fpo.h:19:
In file included from /tools/software/xilinx/2025.1.1/Vitis/include/hls_fpo.h:140:
In file included from /tools/software/xilinx/2025.1.1/Vitis/include/floating_point_v7_1_bitacc_cmodel.h:150:
/tools/software/xilinx/2025.1.1/Vitis/include/gmp.h:2304:345: warning: equality comparison with extraneous parentheses [-Wparentheses-equality]
  do { mp_size_t __gmp_i; mp_limb_t __gmp_x; __gmp_i = (__gmp_ysize); if (__gmp_i != 0) { if (__gmpn_add_n (__gmp_wp, __gmp_xp, __gmp_yp, __gmp_i)) { do { if (__gmp_i >= (__gmp_xsize)) { (__gmp_c) = 1; goto __gmp_done; } __gmp_x = (__gmp_xp)[__gmp_i]; } while ((((__gmp_wp)[__gmp_i++] = (__gmp_x + 1) & ((~ (static_cast<mp_limb_t> (0))) >> 0)) == 0)); } } if ((__gmp_wp) != (__gmp_xp)) do { mp_size_t __gmp_j; for (__gmp_j = (__gmp_i); __gmp_j < (__gmp_xsize); __gmp_j++) (__gmp_wp)[__gmp_j] = (__gmp_xp)[__gmp_j]; } while (0); (__gmp_c) = 0; __gmp_done: ; } while (0);
                                                                                                                                                                                                                                                                      ~~~~~~~~~~~~~~~~~~~~~~~~~~~~~~~~~~~~~~~~~~~~~~~~~~~~~~~~~~~~~~~~~~~~~~~~~~~~~~~~~~^~~~
/tools/software/xilinx/2025.1.1/Vitis/include/gmp.h:2304:345: note: remove extraneous parentheses around the comparison to silence this warning
  do { mp_size_t __gmp_i; mp_limb_t __gmp_x; __gmp_i = (__gmp_ysize); if (__gmp_i != 0) { if (__gmpn_add_n (__gmp_wp, __gmp_xp, __gmp_yp, __gmp_i)) { do { if (__gmp_i >= (__gmp_xsize)) { (__gmp_c) = 1; goto __gmp_done; } __gmp_x = (__gmp_xp)[__gmp_i]; } while ((((__gmp_wp)[__gmp_i++] = (__gmp_x + 1) & ((~ (static_cast<mp_limb_t> (0))) >> 0)) == 0)); } } if ((__gmp_wp) != (__gmp_xp)) do { mp_size_t __gmp_j; for (__gmp_j = (__gmp_i); __gmp_j < (__gmp_xsize); __gmp_j++) (__gmp_wp)[__gmp_j] = (__gmp_xp)[__gmp_j]; } while (0); (__gmp_c) = 0; __gmp_done: ; } while (0);
                                                                                                                                                                                                                                                                     ~                                                                                  ^   ~
/tools/software/xilinx/2025.1.1/Vitis/include/gmp.h:2304:345: note: use '=' to turn this equality comparison into an assignment
  do { mp_size_t __gmp_i; mp_limb_t __gmp_x; __gmp_i = (__gmp_ysize); if (__gmp_i != 0) { if (__gmpn_add_n (__gmp_wp, __gmp_xp, __gmp_yp, __gmp_i)) { do { if (__gmp_i >= (__gmp_xsize)) { (__gmp_c) = 1; goto __gmp_done; } __gmp_x = (__gmp_xp)[__gmp_i]; } while ((((__gmp_wp)[__gmp_i++] = (__gmp_x + 1) & ((~ (static_cast<mp_limb_t> (0))) >> 0)) == 0)); } } if ((__gmp_wp) != (__gmp_xp)) do { mp_size_t __gmp_j; for (__gmp_j = (__gmp_i); __gmp_j < (__gmp_xsize); __gmp_j++) (__gmp_wp)[__gmp_j] = (__gmp_xp)[__gmp_j]; } while (0); (__gmp_c) = 0; __gmp_done: ; } while (0);
                                                                                                                                                                                                                                                                                                                                                        ^~
                                                                                                                                                                                                                                                                                                                                                        =
In file included from /nethome/asandeep6/FPGA_ECE8893/2026_Spring/lab4/host.cpp:3:
In file included from /nethome/asandeep6/FPGA_ECE8893/2026_Spring/lab4/dcl.h:4:
In file included from /tools/software/xilinx/2025.1.1/Vitis/include/ap_fixed.h:9:
In file included from /tools/software/xilinx/2025.1.1/Vitis/include/etc/ap_common.h:677:
In file included from /tools/software/xilinx/2025.1.1/Vitis/include/etc/ap_private.h:68:
In file included from /tools/software/xilinx/2025.1.1/Vitis/include/hls_half.h:26:
/tools/software/xilinx/2025.1.1/Vitis/include/etc/hls_half_fpo.h:375:30: warning: equality comparison with extraneous parentheses [-Wparentheses-equality]
        if (((fr)->_mpfr_exp == (0 - ((mpfr_exp_t) (((mpfr_uexp_t) -1) >> 1))))) {
             ~~~~~~~~~~~~~~~~^~~~~~~~~~~~~~~~~~~~~~~~~~~~~~~~~~~~~~~~~~~~~~~~~
/tools/software/xilinx/2025.1.1/Vitis/include/etc/hls_half_fpo.h:375:30: note: remove extraneous parentheses around the comparison to silence this warning
        if (((fr)->_mpfr_exp == (0 - ((mpfr_exp_t) (((mpfr_uexp_t) -1) >> 1))))) {
            ~                ^                                                ~
/tools/software/xilinx/2025.1.1/Vitis/include/etc/hls_half_fpo.h:375:30: note: use '=' to turn this equality comparison into an assignment
        if (((fr)->_mpfr_exp == (0 - ((mpfr_exp_t) (((mpfr_uexp_t) -1) >> 1))))) {
                             ^~
                             =
/tools/software/xilinx/2025.1.1/Vitis/include/etc/hls_half_fpo.h:377:37: warning: equality comparison with extraneous parentheses [-Wparentheses-equality]
        } else if (((fr)->_mpfr_exp == (2 - ((mpfr_exp_t) (((mpfr_uexp_t) -1) >> 1))))) {
                    ~~~~~~~~~~~~~~~~^~~~~~~~~~~~~~~~~~~~~~~~~~~~~~~~~~~~~~~~~~~~~~~~~
/tools/software/xilinx/2025.1.1/Vitis/include/etc/hls_half_fpo.h:377:37: note: remove extraneous parentheses around the comparison to silence this warning
        } else if (((fr)->_mpfr_exp == (2 - ((mpfr_exp_t) (((mpfr_uexp_t) -1) >> 1))))) {
                   ~                ^                                                ~
/tools/software/xilinx/2025.1.1/Vitis/include/etc/hls_half_fpo.h:377:37: note: use '=' to turn this equality comparison into an assignment
        } else if (((fr)->_mpfr_exp == (2 - ((mpfr_exp_t) (((mpfr_uexp_t) -1) >> 1))))) {
                                    ^~
                                    =
/tools/software/xilinx/2025.1.1/Vitis/include/etc/hls_half_fpo.h:379:37: warning: equality comparison with extraneous parentheses [-Wparentheses-equality]
        } else if (((fr)->_mpfr_exp == (1 - ((mpfr_exp_t) (((mpfr_uexp_t) -1) >> 1))))) {
                    ~~~~~~~~~~~~~~~~^~~~~~~~~~~~~~~~~~~~~~~~~~~~~~~~~~~~~~~~~~~~~~~~~
/tools/software/xilinx/2025.1.1/Vitis/include/etc/hls_half_fpo.h:379:37: note: remove extraneous parentheses around the comparison to silence this warning
        } else if (((fr)->_mpfr_exp == (1 - ((mpfr_exp_t) (((mpfr_uexp_t) -1) >> 1))))) {
                   ~                ^                                                ~
/tools/software/xilinx/2025.1.1/Vitis/include/etc/hls_half_fpo.h:379:37: note: use '=' to turn this equality comparison into an assignment
        } else if (((fr)->_mpfr_exp == (1 - ((mpfr_exp_t) (((mpfr_uexp_t) -1) >> 1))))) {
                                    ^~
                                    =
In file included from /nethome/asandeep6/FPGA_ECE8893/2026_Spring/lab4/host.cpp:3:
In file included from /nethome/asandeep6/FPGA_ECE8893/2026_Spring/lab4/dcl.h:4:
In file included from /tools/software/xilinx/2025.1.1/Vitis/include/ap_fixed.h:10:
In file included from /tools/software/xilinx/2025.1.1/Vitis/include/etc/ap_fixed_base.h:16:
In file included from /tools/software/xilinx/2025.1.1/Vitis/include/ap_int.h:11:
/tools/software/xilinx/2025.1.1/Vitis/include/etc/ap_int_base.h:394:22: warning: equality comparison with extraneous parentheses [-Wparentheses-equality]
    do { if ((length == 0)) { fprintf(stderr, "WARNING: " "ap_int<> is being initialized with an empty C string, which can result in undefined behavior during simulation/synthesis"); fprintf(stderr, "\n"); } } while (0);
              ~~~~~~~^~~~
/tools/software/xilinx/2025.1.1/Vitis/include/etc/ap_int_base.h:394:22: note: remove extraneous parentheses around the comparison to silence this warning
    do { if ((length == 0)) { fprintf(stderr, "WARNING: " "ap_int<> is being initialized with an empty C string, which can result in undefined behavior during simulation/synthesis"); fprintf(stderr, "\n"); } } while (0);
             ~       ^   ~
/tools/software/xilinx/2025.1.1/Vitis/include/etc/ap_int_base.h:394:22: note: use '=' to turn this equality comparison into an assignment
    do { if ((length == 0)) { fprintf(stderr, "WARNING: " "ap_int<> is being initialized with an empty C string, which can result in undefined behavior during simulation/synthesis"); fprintf(stderr, "\n"); } } while (0);
                     ^~
                     =
In file included from /nethome/asandeep6/FPGA_ECE8893/2026_Spring/lab4/host.cpp:3:
In file included from /nethome/asandeep6/FPGA_ECE8893/2026_Spring/lab4/dcl.h:4:
In file included from /tools/software/xilinx/2025.1.1/Vitis/include/ap_fixed.h:10:
/tools/software/xilinx/2025.1.1/Vitis/include/etc/ap_fixed_base.h:447:21: warning: equality comparison with extraneous parentheses [-Wparentheses-equality]
    do { if ((radix == 0)) { fprintf(stderr, "ERROR: " "ap_fixed_base(const char* \"%s\", %d), str=%s, radix = %d", s, rd, str.c_str(), radix); fprintf(stderr, "\n"); abort(); } } while (0);
              ~~~~~~^~~~
/tools/software/xilinx/2025.1.1/Vitis/include/etc/ap_fixed_base.h:447:21: note: remove extraneous parentheses around the comparison to silence this warning
    do { if ((radix == 0)) { fprintf(stderr, "ERROR: " "ap_fixed_base(const char* \"%s\", %d), str=%s, radix = %d", s, rd, str.c_str(), radix); fprintf(stderr, "\n"); abort(); } } while (0);
             ~      ^   ~
/tools/software/xilinx/2025.1.1/Vitis/include/etc/ap_fixed_base.h:447:21: note: use '=' to turn this equality comparison into an assignment
    do { if ((radix == 0)) { fprintf(stderr, "ERROR: " "ap_fixed_base(const char* \"%s\", %d), str=%s, radix = %d", s, rd, str.c_str(), radix); fprintf(stderr, "\n"); abort(); } } while (0);
                    ^~
                    =
6 warnings generated.
apatb_baseline.cpp:38:14: warning: nested namespace definition is a C++17 extension; define each namespace separately [-Wc++17-extensions]
namespace hls::sim
             ^~~~~
              { namespace sim
apatb_baseline.cpp:85:14: warning: nested namespace definition is a C++17 extension; define each namespace separately [-Wc++17-extensions]
namespace hls::sim
             ^~~~~
              { namespace sim
2 warnings generated.
In file included from /nethome/asandeep6/FPGA_ECE8893/2026_Spring/lab4/baseline.cpp:1:
In file included from /nethome/asandeep6/FPGA_ECE8893/2026_Spring/lab4/dcl.h:4:
In file included from /tools/software/xilinx/2025.1.1/Vitis/include/ap_fixed.h:9:
In file included from /tools/software/xilinx/2025.1.1/Vitis/include/etc/ap_common.h:677:
In file included from /tools/software/xilinx/2025.1.1/Vitis/include/etc/ap_private.h:68:
In file included from /tools/software/xilinx/2025.1.1/Vitis/include/hls_half.h:26:
In file included from /tools/software/xilinx/2025.1.1/Vitis/include/etc/hls_half_fpo.h:19:
In file included from /tools/software/xilinx/2025.1.1/Vitis/include/hls_fpo.h:140:
In file included from /tools/software/xilinx/2025.1.1/Vitis/include/floating_point_v7_1_bitacc_cmodel.h:150:
/tools/software/xilinx/2025.1.1/Vitis/include/gmp.h:2304:345: warning: equality comparison with extraneous parentheses [-Wparentheses-equality]
  do { mp_size_t __gmp_i; mp_limb_t __gmp_x; __gmp_i = (__gmp_ysize); if (__gmp_i != 0) { if (__gmpn_add_n (__gmp_wp, __gmp_xp, __gmp_yp, __gmp_i)) { do { if (__gmp_i >= (__gmp_xsize)) { (__gmp_c) = 1; goto __gmp_done; } __gmp_x = (__gmp_xp)[__gmp_i]; } while ((((__gmp_wp)[__gmp_i++] = (__gmp_x + 1) & ((~ (static_cast<mp_limb_t> (0))) >> 0)) == 0)); } } if ((__gmp_wp) != (__gmp_xp)) do { mp_size_t __gmp_j; for (__gmp_j = (__gmp_i); __gmp_j < (__gmp_xsize); __gmp_j++) (__gmp_wp)[__gmp_j] = (__gmp_xp)[__gmp_j]; } while (0); (__gmp_c) = 0; __gmp_done: ; } while (0);
                                                                                                                                                                                                                                                                      ~~~~~~~~~~~~~~~~~~~~~~~~~~~~~~~~~~~~~~~~~~~~~~~~~~~~~~~~~~~~~~~~~~~~~~~~~~~~~~~~~~^~~~
/tools/software/xilinx/2025.1.1/Vitis/include/gmp.h:2304:345: note: remove extraneous parentheses around the comparison to silence this warning
  do { mp_size_t __gmp_i; mp_limb_t __gmp_x; __gmp_i = (__gmp_ysize); if (__gmp_i != 0) { if (__gmpn_add_n (__gmp_wp, __gmp_xp, __gmp_yp, __gmp_i)) { do { if (__gmp_i >= (__gmp_xsize)) { (__gmp_c) = 1; goto __gmp_done; } __gmp_x = (__gmp_xp)[__gmp_i]; } while ((((__gmp_wp)[__gmp_i++] = (__gmp_x + 1) & ((~ (static_cast<mp_limb_t> (0))) >> 0)) == 0)); } } if ((__gmp_wp) != (__gmp_xp)) do { mp_size_t __gmp_j; for (__gmp_j = (__gmp_i); __gmp_j < (__gmp_xsize); __gmp_j++) (__gmp_wp)[__gmp_j] = (__gmp_xp)[__gmp_j]; } while (0); (__gmp_c) = 0; __gmp_done: ; } while (0);
                                                                                                                                                                                                                                                                     ~                                                                                  ^   ~
/tools/software/xilinx/2025.1.1/Vitis/include/gmp.h:2304:345: note: use '=' to turn this equality comparison into an assignment
  do { mp_size_t __gmp_i; mp_limb_t __gmp_x; __gmp_i = (__gmp_ysize); if (__gmp_i != 0) { if (__gmpn_add_n (__gmp_wp, __gmp_xp, __gmp_yp, __gmp_i)) { do { if (__gmp_i >= (__gmp_xsize)) { (__gmp_c) = 1; goto __gmp_done; } __gmp_x = (__gmp_xp)[__gmp_i]; } while ((((__gmp_wp)[__gmp_i++] = (__gmp_x + 1) & ((~ (static_cast<mp_limb_t> (0))) >> 0)) == 0)); } } if ((__gmp_wp) != (__gmp_xp)) do { mp_size_t __gmp_j; for (__gmp_j = (__gmp_i); __gmp_j < (__gmp_xsize); __gmp_j++) (__gmp_wp)[__gmp_j] = (__gmp_xp)[__gmp_j]; } while (0); (__gmp_c) = 0; __gmp_done: ; } while (0);
                                                                                                                                                                                                                                                                                                                                                        ^~
                                                                                                                                                                                                                                                                                                                                                        =
In file included from /nethome/asandeep6/FPGA_ECE8893/2026_Spring/lab4/baseline.cpp:1:
In file included from /nethome/asandeep6/FPGA_ECE8893/2026_Spring/lab4/dcl.h:4:
In file included from /tools/software/xilinx/2025.1.1/Vitis/include/ap_fixed.h:9:
In file included from /tools/software/xilinx/2025.1.1/Vitis/include/etc/ap_common.h:677:
In file included from /tools/software/xilinx/2025.1.1/Vitis/include/etc/ap_private.h:68:
In file included from /tools/software/xilinx/2025.1.1/Vitis/include/hls_half.h:26:
/tools/software/xilinx/2025.1.1/Vitis/include/etc/hls_half_fpo.h:375:30: warning: equality comparison with extraneous parentheses [-Wparentheses-equality]
        if (((fr)->_mpfr_exp == (0 - ((mpfr_exp_t) (((mpfr_uexp_t) -1) >> 1))))) {
             ~~~~~~~~~~~~~~~~^~~~~~~~~~~~~~~~~~~~~~~~~~~~~~~~~~~~~~~~~~~~~~~~~
/tools/software/xilinx/2025.1.1/Vitis/include/etc/hls_half_fpo.h:375:30: note: remove extraneous parentheses around the comparison to silence this warning
        if (((fr)->_mpfr_exp == (0 - ((mpfr_exp_t) (((mpfr_uexp_t) -1) >> 1))))) {
            ~                ^                                                ~
/tools/software/xilinx/2025.1.1/Vitis/include/etc/hls_half_fpo.h:375:30: note: use '=' to turn this equality comparison into an assignment
        if (((fr)->_mpfr_exp == (0 - ((mpfr_exp_t) (((mpfr_uexp_t) -1) >> 1))))) {
                             ^~
                             =
/tools/software/xilinx/2025.1.1/Vitis/include/etc/hls_half_fpo.h:377:37: warning: equality comparison with extraneous parentheses [-Wparentheses-equality]
        } else if (((fr)->_mpfr_exp == (2 - ((mpfr_exp_t) (((mpfr_uexp_t) -1) >> 1))))) {
                    ~~~~~~~~~~~~~~~~^~~~~~~~~~~~~~~~~~~~~~~~~~~~~~~~~~~~~~~~~~~~~~~~~
/tools/software/xilinx/2025.1.1/Vitis/include/etc/hls_half_fpo.h:377:37: note: remove extraneous parentheses around the comparison to silence this warning
        } else if (((fr)->_mpfr_exp == (2 - ((mpfr_exp_t) (((mpfr_uexp_t) -1) >> 1))))) {
                   ~                ^                                                ~
/tools/software/xilinx/2025.1.1/Vitis/include/etc/hls_half_fpo.h:377:37: note: use '=' to turn this equality comparison into an assignment
        } else if (((fr)->_mpfr_exp == (2 - ((mpfr_exp_t) (((mpfr_uexp_t) -1) >> 1))))) {
                                    ^~
                                    =
/tools/software/xilinx/2025.1.1/Vitis/include/etc/hls_half_fpo.h:379:37: warning: equality comparison with extraneous parentheses [-Wparentheses-equality]
        } else if (((fr)->_mpfr_exp == (1 - ((mpfr_exp_t) (((mpfr_uexp_t) -1) >> 1))))) {
                    ~~~~~~~~~~~~~~~~^~~~~~~~~~~~~~~~~~~~~~~~~~~~~~~~~~~~~~~~~~~~~~~~~
/tools/software/xilinx/2025.1.1/Vitis/include/etc/hls_half_fpo.h:379:37: note: remove extraneous parentheses around the comparison to silence this warning
        } else if (((fr)->_mpfr_exp == (1 - ((mpfr_exp_t) (((mpfr_uexp_t) -1) >> 1))))) {
                   ~                ^                                                ~
/tools/software/xilinx/2025.1.1/Vitis/include/etc/hls_half_fpo.h:379:37: note: use '=' to turn this equality comparison into an assignment
        } else if (((fr)->_mpfr_exp == (1 - ((mpfr_exp_t) (((mpfr_uexp_t) -1) >> 1))))) {
                                    ^~
                                    =
In file included from /nethome/asandeep6/FPGA_ECE8893/2026_Spring/lab4/baseline.cpp:1:
In file included from /nethome/asandeep6/FPGA_ECE8893/2026_Spring/lab4/dcl.h:4:
In file included from /tools/software/xilinx/2025.1.1/Vitis/include/ap_fixed.h:10:
In file included from /tools/software/xilinx/2025.1.1/Vitis/include/etc/ap_fixed_base.h:16:
In file included from /tools/software/xilinx/2025.1.1/Vitis/include/ap_int.h:11:
/tools/software/xilinx/2025.1.1/Vitis/include/etc/ap_int_base.h:394:22: warning: equality comparison with extraneous parentheses [-Wparentheses-equality]
    do { if ((length == 0)) { fprintf(stderr, "WARNING: " "ap_int<> is being initialized with an empty C string, which can result in undefined behavior during simulation/synthesis"); fprintf(stderr, "\n"); } } while (0);
              ~~~~~~~^~~~
/tools/software/xilinx/2025.1.1/Vitis/include/etc/ap_int_base.h:394:22: note: remove extraneous parentheses around the comparison to silence this warning
    do { if ((length == 0)) { fprintf(stderr, "WARNING: " "ap_int<> is being initialized with an empty C string, which can result in undefined behavior during simulation/synthesis"); fprintf(stderr, "\n"); } } while (0);
             ~       ^   ~
/tools/software/xilinx/2025.1.1/Vitis/include/etc/ap_int_base.h:394:22: note: use '=' to turn this equality comparison into an assignment
    do { if ((length == 0)) { fprintf(stderr, "WARNING: " "ap_int<> is being initialized with an empty C string, which can result in undefined behavior during simulation/synthesis"); fprintf(stderr, "\n"); } } while (0);
                     ^~
                     =
In file included from /nethome/asandeep6/FPGA_ECE8893/2026_Spring/lab4/baseline.cpp:1:
In file included from /nethome/asandeep6/FPGA_ECE8893/2026_Spring/lab4/dcl.h:4:
In file included from /tools/software/xilinx/2025.1.1/Vitis/include/ap_fixed.h:10:
/tools/software/xilinx/2025.1.1/Vitis/include/etc/ap_fixed_base.h:447:21: warning: equality comparison with extraneous parentheses [-Wparentheses-equality]
    do { if ((radix == 0)) { fprintf(stderr, "ERROR: " "ap_fixed_base(const char* \"%s\", %d), str=%s, radix = %d", s, rd, str.c_str(), radix); fprintf(stderr, "\n"); abort(); } } while (0);
              ~~~~~~^~~~
/tools/software/xilinx/2025.1.1/Vitis/include/etc/ap_fixed_base.h:447:21: note: remove extraneous parentheses around the comparison to silence this warning
    do { if ((radix == 0)) { fprintf(stderr, "ERROR: " "ap_fixed_base(const char* \"%s\", %d), str=%s, radix = %d", s, rd, str.c_str(), radix); fprintf(stderr, "\n"); abort(); } } while (0);
             ~      ^   ~
/tools/software/xilinx/2025.1.1/Vitis/include/etc/ap_fixed_base.h:447:21: note: use '=' to turn this equality comparison into an assignment
    do { if ((radix == 0)) { fprintf(stderr, "ERROR: " "ap_fixed_base(const char* \"%s\", %d), str=%s, radix = %d", s, rd, str.c_str(), radix); fprintf(stderr, "\n"); abort(); } } while (0);
                    ^~
                    =
6 warnings generated.
e-m:e-i64:64-i128:128-i256:256-i512:512-i1024:1024-i2048:2048-i4096:4096-n8:16:32:64-S128-v16:16-v24:32-v32:32-v48:64-v96:128-v192:256-v256:256-v512:512-v1024:1024ld.lld: error: undefined symbol: top_kernel(ap_fixed<32, 12, (ap_q_mode)5, (ap_o_mode)3, 0> const*, ap_fixed<32, 12, (ap_q_mode)5, (ap_o_mode)3, 0> const*, ap_fixed<32, 12, (ap_q_mode)5, (ap_o_mode)3, 0> const*, ap_fixed<32, 12, (ap_q_mode)5, (ap_o_mode)3, 0>*)
>>> referenced by host.cpp:28 (/nethome/asandeep6/FPGA_ECE8893/2026_Spring/lab4/host.cpp:28)
>>>               obj/host.cpp_pre.cpp.tb.o:(main)
clang++: error: linker command failed with exit code 1 (use -v to see invocation)
make: *** [Makefile.rules:349: cosim.tv.exe] Error 1
ERROR: [COSIM 212-317] C++ compile error.
ERROR: [COSIM 212-321] EXE file generate failed.
ERROR: [COSIM 212-321] EXE file generate failed.
ERROR: [COSIM 212-331] Aborting co-simulation: C simulation failed, compilation errors.
ERROR: [COSIM 212-5] *** C/RTL co-simulation file generation failed. ***
ERROR: [COSIM 212-4] *** C/RTL co-simulation finished: FAIL ***
INFO: [HLS 200-2161] Finished Command cosim_design Elapsed time: 00:00:29; Allocated memory: 26.203 MB.
command 'ap_source' returned error code
    while executing
"source /nethome/asandeep6/FPGA_ECE8893/2026_Spring/lab4/script.tcl"
    ("uplevel" body line 1)
    invoked from within
"uplevel \#0 [list source $tclfile] "

INFO: [HLS 200-112] Total CPU user time: 41.41 seconds. Total CPU system time: 7.69 seconds. Total elapsed time: 79.05 seconds; peak allocated memory: 876.672 MB.
INFO: [vitis-run 60-1662] Stopping dispatch session having empty uuid.
