  **** HLS Build v2025.1.1 6214317
Sourcing Tcl script '/nethome/asandeep6/FPGA_ECE8893/2026_Spring/lab4/script.tcl'
INFO: [HLS 200-1510] Running: open_component project_1 
INFO: [HLS 200-10] Creating and opening component '/nethome/asandeep6/FPGA_ECE8893/2026_Spring/lab4/project_1'.
INFO: [HLS 200-1505] Using default flow_target 'vivado'
Resolution: For help on HLS 200-1505 see docs.xilinx.com/access/sources/dita/topic?Doc_Version=2025.1%20English&url=ug1448-hls-guidance&resourceid=200-1505.html
INFO: [HLS 200-2176] Writing Vitis IDE component file /nethome/asandeep6/FPGA_ECE8893/2026_Spring/lab4/project_1/vitis-comp.json
INFO: [HLS 200-1915] Writing HLS config ini file /nethome/asandeep6/FPGA_ECE8893/2026_Spring/lab4/project_1/hls_config.cfg
INFO: [HLS 200-1510] Running: set_top top_kernel 
INFO: [HLS 200-1510] Running: add_files top.cpp 
INFO: [HLS 200-10] Adding design file 'top.cpp' to the project
INFO: [HLS 200-1510] Running: add_files top.cpp 
INFO: [HLS 200-10] Adding design file 'top.cpp' to the project
INFO: [HLS 200-1510] Running: add_files -tb host.cpp 
INFO: [HLS 200-10] Adding test bench file 'host.cpp' to the project
INFO: [HLS 200-1510] Running: config_unroll -tripcount_threshold 0 
INFO: [XFORM 203-502] Automatic unrolling disabled.
INFO: [HLS 200-1510] Running: config_compile -pipeline_loops 0 
INFO: [HLS 200-1510] Running: set_part xczu3eg-sbva484-1-e 
INFO: [HLS 200-1611] Setting target device to 'xczu3eg-sbva484-1-e'
INFO: [HLS 200-1510] Running: csynth_design 
INFO: [HLS 200-1915] Writing HLS config ini file /nethome/asandeep6/FPGA_ECE8893/2026_Spring/lab4/project_1/hls_config.cfg
INFO: [HLS 200-111] Finished File checks and directory preparation: CPU user time: 0.19 seconds. CPU system time: 0.08 seconds. Elapsed time: 8.29 seconds; current allocated memory: 690.211 MB.
INFO: [HLS 200-10] Analyzing design file 'top.cpp' ... 
INFO: [HLS 200-111] Finished Source Code Analysis and Preprocessing: CPU user time: 2.75 seconds. CPU system time: 0.97 seconds. Elapsed time: 3.81 seconds; current allocated memory: 692.371 MB.
INFO: [HLS 200-777] Using interface defaults for 'Vivado' flow target.
INFO: [HLS 200-1995] There were 36,750 instructions in the design after the 'Compile/Link' phase of compilation. See the Design Size Report for more details (/nethome/asandeep6/FPGA_ECE8893/2026_Spring/lab4/project_1/hls/syn/report/csynth_design_size.rpt:2)
INFO: [HLS 200-1995] There were 3,714 instructions in the design after the 'Unroll/Inline (step 1)' phase of compilation. See the Design Size Report for more details (/nethome/asandeep6/FPGA_ECE8893/2026_Spring/lab4/project_1/hls/syn/report/csynth_design_size.rpt:2)
INFO: [HLS 200-1995] There were 931 instructions in the design after the 'Unroll/Inline (step 2)' phase of compilation. See the Design Size Report for more details (/nethome/asandeep6/FPGA_ECE8893/2026_Spring/lab4/project_1/hls/syn/report/csynth_design_size.rpt:2)
INFO: [HLS 200-1995] There were 867 instructions in the design after the 'Unroll/Inline (step 3)' phase of compilation. See the Design Size Report for more details (/nethome/asandeep6/FPGA_ECE8893/2026_Spring/lab4/project_1/hls/syn/report/csynth_design_size.rpt:2)
INFO: [HLS 200-1995] There were 815 instructions in the design after the 'Unroll/Inline (step 4)' phase of compilation. See the Design Size Report for more details (/nethome/asandeep6/FPGA_ECE8893/2026_Spring/lab4/project_1/hls/syn/report/csynth_design_size.rpt:2)
INFO: [HLS 200-1995] There were 4,143 instructions in the design after the 'Array/Struct (step 1)' phase of compilation. See the Design Size Report for more details (/nethome/asandeep6/FPGA_ECE8893/2026_Spring/lab4/project_1/hls/syn/report/csynth_design_size.rpt:2)
INFO: [HLS 200-1995] There were 4,141 instructions in the design after the 'Array/Struct (step 2)' phase of compilation. See the Design Size Report for more details (/nethome/asandeep6/FPGA_ECE8893/2026_Spring/lab4/project_1/hls/syn/report/csynth_design_size.rpt:2)
INFO: [HLS 200-1995] There were 4,141 instructions in the design after the 'Array/Struct (step 3)' phase of compilation. See the Design Size Report for more details (/nethome/asandeep6/FPGA_ECE8893/2026_Spring/lab4/project_1/hls/syn/report/csynth_design_size.rpt:2)
INFO: [HLS 200-1995] There were 4,141 instructions in the design after the 'Array/Struct (step 4)' phase of compilation. See the Design Size Report for more details (/nethome/asandeep6/FPGA_ECE8893/2026_Spring/lab4/project_1/hls/syn/report/csynth_design_size.rpt:2)
INFO: [HLS 200-1995] There were 4,151 instructions in the design after the 'Array/Struct (step 5)' phase of compilation. See the Design Size Report for more details (/nethome/asandeep6/FPGA_ECE8893/2026_Spring/lab4/project_1/hls/syn/report/csynth_design_size.rpt:2)
INFO: [HLS 200-1995] There were 4,657 instructions in the design after the 'Performance' phase of compilation. See the Design Size Report for more details (/nethome/asandeep6/FPGA_ECE8893/2026_Spring/lab4/project_1/hls/syn/report/csynth_design_size.rpt:2)
INFO: [HLS 200-1995] There were 4,145 instructions in the design after the 'Performance (step 2)' phase of compilation. See the Design Size Report for more details (/nethome/asandeep6/FPGA_ECE8893/2026_Spring/lab4/project_1/hls/syn/report/csynth_design_size.rpt:2)
INFO: [HLS 200-1995] There were 4,982 instructions in the design after the 'Performance (step 3)' phase of compilation. See the Design Size Report for more details (/nethome/asandeep6/FPGA_ECE8893/2026_Spring/lab4/project_1/hls/syn/report/csynth_design_size.rpt:2)
INFO: [HLS 200-1995] There were 4,654 instructions in the design after the 'Performance (step 4)' phase of compilation. See the Design Size Report for more details (/nethome/asandeep6/FPGA_ECE8893/2026_Spring/lab4/project_1/hls/syn/report/csynth_design_size.rpt:2)
INFO: [HLS 200-1995] There were 4,661 instructions in the design after the 'HW Transforms' phase of compilation. See the Design Size Report for more details (/nethome/asandeep6/FPGA_ECE8893/2026_Spring/lab4/project_1/hls/syn/report/csynth_design_size.rpt:2)
INFO: [HLS 200-1995] There were 5,263 instructions in the design after the 'HW Transforms (step 2)' phase of compilation. See the Design Size Report for more details (/nethome/asandeep6/FPGA_ECE8893/2026_Spring/lab4/project_1/hls/syn/report/csynth_design_size.rpt:2)
INFO: [HLS 214-291] Loop 'VITIS_LOOP_226_33' is marked as complete unroll implied by the pipeline pragma (top.cpp:226:32)
INFO: [HLS 214-291] Loop 'VITIS_LOOP_227_34' is marked as complete unroll implied by the pipeline pragma (top.cpp:227:36)
INFO: [HLS 214-291] Loop 'VITIS_LOOP_198_27' is marked as complete unroll implied by the pipeline pragma (top.cpp:198:32)
INFO: [HLS 214-291] Loop 'VITIS_LOOP_199_28' is marked as complete unroll implied by the pipeline pragma (top.cpp:199:36)
INFO: [HLS 214-291] Loop 'VITIS_LOOP_162_21' is marked as complete unroll implied by the pipeline pragma (top.cpp:162:32)
INFO: [HLS 214-291] Loop 'VITIS_LOOP_163_22' is marked as complete unroll implied by the pipeline pragma (top.cpp:163:36)
INFO: [HLS 214-291] Loop 'VITIS_LOOP_119_12' is marked as complete unroll implied by the pipeline pragma (top.cpp:119:32)
INFO: [HLS 214-291] Loop 'VITIS_LOOP_120_13' is marked as complete unroll implied by the pipeline pragma (top.cpp:120:36)
INFO: [HLS 214-186] Unrolling loop 'VITIS_LOOP_226_33' (top.cpp:226:32) in function 'top_kernel' completely with a factor of 3 (top.cpp:5:0)
INFO: [HLS 214-186] Unrolling loop 'VITIS_LOOP_227_34' (top.cpp:227:36) in function 'top_kernel' completely with a factor of 3 (top.cpp:5:0)
INFO: [HLS 214-186] Unrolling loop 'VITIS_LOOP_198_27' (top.cpp:198:32) in function 'top_kernel' completely with a factor of 3 (top.cpp:5:0)
INFO: [HLS 214-186] Unrolling loop 'VITIS_LOOP_199_28' (top.cpp:199:36) in function 'top_kernel' completely with a factor of 3 (top.cpp:5:0)
INFO: [HLS 214-188] Unrolling loop 'VITIS_LOOP_155_20' (top.cpp:155:21) in function 'top_kernel' partially with a factor of 2 (top.cpp:5:0)
INFO: [HLS 214-186] Unrolling loop 'VITIS_LOOP_162_21' (top.cpp:162:32) in function 'top_kernel' completely with a factor of 3 (top.cpp:5:0)
INFO: [HLS 214-186] Unrolling loop 'VITIS_LOOP_163_22' (top.cpp:163:36) in function 'top_kernel' completely with a factor of 3 (top.cpp:5:0)
INFO: [HLS 214-188] Unrolling loop 'VITIS_LOOP_115_11' (top.cpp:115:21) in function 'top_kernel' partially with a factor of 2 (top.cpp:5:0)
INFO: [HLS 214-186] Unrolling loop 'VITIS_LOOP_119_12' (top.cpp:119:32) in function 'top_kernel' completely with a factor of 5 (top.cpp:5:0)
INFO: [HLS 214-186] Unrolling loop 'VITIS_LOOP_120_13' (top.cpp:120:36) in function 'top_kernel' completely with a factor of 5 (top.cpp:5:0)
INFO: [HLS 214-178] Inlining function 'fp_struct<float>::fp_struct(float)' into 'int generic_cast_IEEE754<int, (ap_q_mode)6, float>(float, bool, hls::enable_if<std::numeric_limits<int>::is_signed, bool>::type)' (/wrk/ci/prod/2025.1.1/hls_product/continuous/218/2025.1.1/src/shared/hls/clib/hlsmath/include/FloatingPoint/hls_case_IEEE754.h:12:0)
INFO: [HLS 214-178] Inlining function 'fp_struct<float>::mantissa() const' into 'int generic_cast_IEEE754<int, (ap_q_mode)6, float>(float, bool, hls::enable_if<std::numeric_limits<int>::is_signed, bool>::type)' (/wrk/ci/prod/2025.1.1/hls_product/continuous/218/2025.1.1/src/shared/hls/clib/hlsmath/include/FloatingPoint/hls_case_IEEE754.h:12:0)
INFO: [HLS 214-178] Inlining function 'fp_struct<float>::expv() const' into 'int generic_cast_IEEE754<int, (ap_q_mode)6, float>(float, bool, hls::enable_if<std::numeric_limits<int>::is_signed, bool>::type)' (/wrk/ci/prod/2025.1.1/hls_product/continuous/218/2025.1.1/src/shared/hls/clib/hlsmath/include/FloatingPoint/hls_case_IEEE754.h:12:0)
INFO: [HLS 214-178] Inlining function 'fp_struct<float>::__signbit() const' into 'int generic_cast_IEEE754<int, (ap_q_mode)6, float>(float, bool, hls::enable_if<std::numeric_limits<int>::is_signed, bool>::type)' (/wrk/ci/prod/2025.1.1/hls_product/continuous/218/2025.1.1/src/shared/hls/clib/hlsmath/include/FloatingPoint/hls_case_IEEE754.h:12:0)
INFO: [HLS 214-178] Inlining function 'int generic_cast_IEEE754<int, (ap_q_mode)6, float>(float, bool, hls::enable_if<std::numeric_limits<int>::is_signed, bool>::type)' into 'int generic_cast_IEEE754<int, float>(float, bool)' (/wrk/ci/prod/2025.1.1/hls_product/continuous/218/2025.1.1/src/shared/hls/clib/hlsmath/include/FloatingPoint/hls_case_IEEE754.h:116:0)
INFO: [HLS 214-178] Inlining function 'int generic_cast_IEEE754<int, float>(float, bool)' into '__hls_fptosi_float_i32' (/wrk/ci/prod/2025.1.1/hls_product/continuous/218/2025.1.1/src/shared/hls/clib/hlsmath/src/lib_floatconversion.cpp:51:0)
INFO: [HLS 214-178] Inlining function '__hls_fptosi_float_i32' into 'top_kernel(float const*, float const*, float const*, float*)' (top.cpp:5:0)
INFO: [HLS 214-248] Applying array_partition to '_ZZ10top_kernelPKfS0_S0_PfE3cdf': Complete partitioning on dimension 1. (top.cpp:18:0)
INFO: [HLS 214-248] Applying array_partition to '_ZZ10top_kernelPKfS0_S0_PfE9histogram': Complete partitioning on dimension 1. (top.cpp:17:0)
INFO: [HLS 214-270] Inferring pragma 'array_partition type=cyclic factor=2 dim=1' for array 'top_kernel(float const*, float const*, float const*, float*)::equalized' due to pipeline pragma (top.cpp:116:9)
INFO: [HLS 214-270] Inferring pragma 'array_partition type=cyclic factor=3 dim=2' for array 'top_kernel(float const*, float const*, float const*, float*)::equalized' due to pipeline pragma (top.cpp:116:9)
INFO: [HLS 214-248] Applying array_partition to '_ZZ10top_kernelPKfS0_S0_PfE9equalized': Cyclic partitioning with factor 2 on dimension 1. Cyclic partitioning with factor 3 on dimension 2. (top.cpp:14:0)
INFO: [HLS 214-115] Multiple burst writes of length 4096 and bit width 32 in loop 'VITIS_LOOP_248_37'(top.cpp:248:24) has been inferred on bundle 'gmem'. These burst requests might be further partitioned into multiple requests during RTL generation, based on max_read_burst_length or max_write_burst_length settings. (top.cpp:248:24)
INFO: [HLS 200-111] Finished Compiling Optimization and Transform: CPU user time: 50.58 seconds. CPU system time: 1.42 seconds. Elapsed time: 55.17 seconds; current allocated memory: 703.543 MB.
INFO: [HLS 200-111] Finished Checking Pragmas: CPU user time: 0 seconds. CPU system time: 0 seconds. Elapsed time: 0.01 seconds; current allocated memory: 703.543 MB.
INFO: [HLS 200-10] Starting code transformations ...
INFO: [HLS 200-111] Finished Standard Transforms: CPU user time: 2.2 seconds. CPU system time: 0.03 seconds. Elapsed time: 2.25 seconds; current allocated memory: 732.250 MB.
INFO: [HLS 200-10] Checking synthesizability ...
INFO: [HLS 200-111] Finished Checking Synthesizability: CPU user time: 0.97 seconds. CPU system time: 0.01 seconds. Elapsed time: 0.99 seconds; current allocated memory: 732.250 MB.
INFO: [HLS 200-111] Finished Loop, function and other optimizations: CPU user time: 9.36 seconds. CPU system time: 0.07 seconds. Elapsed time: 9.48 seconds; current allocated memory: 773.125 MB.
INFO: [HLS 200-2061] Successfully converted nested loops 'VITIS_LOOP_71_4'(top.cpp:71:22) and 'VITIS_LOOP_72_5'(top.cpp:72:26) in function 'top_kernel' into perfectly nested loops.
INFO: [HLS 200-2061] Successfully converted nested loops 'VITIS_LOOP_94_8'(top.cpp:94:22) and 'VITIS_LOOP_95_9'(top.cpp:95:26) in function 'top_kernel' into perfectly nested loops.
INFO: [HLS 200-2061] Successfully converted nested loops 'VITIS_LOOP_113_10'(top.cpp:113:24) and 'VITIS_LOOP_115_11'(top.cpp:115:21) in function 'top_kernel' into perfectly nested loops.
INFO: [HLS 200-2061] Successfully converted nested loops 'VITIS_LOOP_153_19'(top.cpp:153:24) and 'VITIS_LOOP_155_20'(top.cpp:155:21) in function 'top_kernel' into perfectly nested loops.
INFO: [HLS 200-2061] Successfully converted nested loops 'VITIS_LOOP_193_25'(top.cpp:193:24) and 'VITIS_LOOP_195_26'(top.cpp:195:21) in function 'top_kernel' into perfectly nested loops.
INFO: [HLS 200-2061] Successfully converted nested loops 'VITIS_LOOP_221_31'(top.cpp:221:24) and 'VITIS_LOOP_223_32'(top.cpp:223:21) in function 'top_kernel' into perfectly nested loops.
INFO: [XFORM 203-541] Flattening a loop nest 'VITIS_LOOP_71_4' (top.cpp:71:22) in function 'top_kernel'.
INFO: [XFORM 203-541] Flattening a loop nest 'VITIS_LOOP_94_8' (top.cpp:94:22) in function 'top_kernel'.
INFO: [XFORM 203-541] Flattening a loop nest 'VITIS_LOOP_113_10' (top.cpp:113:24) in function 'top_kernel'.
INFO: [XFORM 203-541] Flattening a loop nest 'VITIS_LOOP_153_19' (top.cpp:153:24) in function 'top_kernel'.
INFO: [XFORM 203-541] Flattening a loop nest 'VITIS_LOOP_193_25' (top.cpp:193:24) in function 'top_kernel'.
INFO: [XFORM 203-541] Flattening a loop nest 'VITIS_LOOP_221_31' (top.cpp:221:24) in function 'top_kernel'.
INFO: [HLS 200-111] Finished Architecture Synthesis: CPU user time: 13.1 seconds. CPU system time: 0.23 seconds. Elapsed time: 13.4 seconds; current allocated memory: 1.019 GB.
INFO: [HLS 200-10] Starting hardware synthesis ...
INFO: [HLS 200-10] Synthesizing 'top_kernel' ...
INFO: [SYN 201-201] Setting up clock 'default' with a period of 10ns.
INFO: [HLS 200-10] ----------------------------------------------------------------
INFO: [HLS 200-42] -- Implementing module 'top_kernel_Outline_VITIS_LOOP_26_1' 
INFO: [HLS 200-10] ----------------------------------------------------------------
INFO: [SCHED 204-11] Starting scheduling ...
INFO: [SCHED 204-11] Finished scheduling.
INFO: [HLS 200-111] Finished Scheduling: CPU user time: 1.85 seconds. CPU system time: 0.19 seconds. Elapsed time: 2.07 seconds; current allocated memory: 1.028 GB.
INFO: [BIND 205-100] Starting micro-architecture generation ...
INFO: [BIND 205-101] Performing variable lifetime analysis.
INFO: [BIND 205-101] Exploring resource sharing.
INFO: [BIND 205-101] Binding ...
INFO: [BIND 205-100] Finished micro-architecture generation.
INFO: [HLS 200-111] Finished Binding: CPU user time: 0.06 seconds. CPU system time: 0.05 seconds. Elapsed time: 0.12 seconds; current allocated memory: 1.028 GB.
INFO: [HLS 200-10] ----------------------------------------------------------------
INFO: [HLS 200-42] -- Implementing module 'top_kernel_Outline_VITIS_LOOP_66_3' 
INFO: [HLS 200-10] ----------------------------------------------------------------
INFO: [SCHED 204-11] Starting scheduling ...
INFO: [SCHED 204-11] Finished scheduling.
INFO: [HLS 200-111] Finished Scheduling: CPU user time: 0.53 seconds. CPU system time: 0.02 seconds. Elapsed time: 0.56 seconds; current allocated memory: 1.034 GB.
INFO: [BIND 205-100] Starting micro-architecture generation ...
INFO: [BIND 205-101] Performing variable lifetime analysis.
INFO: [BIND 205-101] Exploring resource sharing.
INFO: [BIND 205-101] Binding ...
INFO: [BIND 205-100] Finished micro-architecture generation.
INFO: [HLS 200-111] Finished Binding: CPU user time: 0.16 seconds. CPU system time: 0.02 seconds. Elapsed time: 0.23 seconds; current allocated memory: 1.034 GB.
INFO: [HLS 200-10] ----------------------------------------------------------------
INFO: [HLS 200-42] -- Implementing module 'top_kernel_Pipeline_VITIS_LOOP_71_4_VITIS_LOOP_72_5' 
INFO: [HLS 200-10] ----------------------------------------------------------------
INFO: [SCHED 204-11] Starting scheduling ...
INFO: [SCHED 204-61] Pipelining loop 'VITIS_LOOP_71_4_VITIS_LOOP_72_5'.
