

================================================================
== Vitis HLS Report for 'k5_threshold_Pipeline_VITIS_LOOP_116_1'
================================================================
* Date:           Sat Mar 28 22:53:00 2026

* Version:        2025.1.1 (Build 6214317 on Sep 11 2025)
* Project:        project_1
* Solution:       hls (Vivado IP Flow Target)
* Product family: zynquplus
* Target device:  xczu3eg-sbva484-1-e


================================================================
== Performance Estimates
================================================================
+ Timing: 
    * Summary: 
    +--------+----------+----------+------------+
    |  Clock |  Target  | Estimated| Uncertainty|
    +--------+----------+----------+------------+
    |ap_clk  |  10.00 ns|  3.556 ns|     2.70 ns|
    +--------+----------+----------+------------+

+ Latency: 
    * Summary: 
    +---------+---------+----------+----------+-------+-------+------------------------------------------------+
    |  Latency (cycles) |  Latency (absolute) |    Interval   |                    Pipeline                    |
    |   min   |   max   |    min   |    max   |  min  |  max  |                      Type                      |
    +---------+---------+----------+----------+-------+-------+------------------------------------------------+
    |    16386|    16386|  0.164 ms|  0.164 ms|  16385|  16385|  loop auto-rewind stp (delay=0 clock cycles(s))|
    +---------+---------+----------+----------+-------+-------+------------------------------------------------+

    + Detail: 
        * Instance: 
        N/A

        * Loop: 
        +--------------------+---------+---------+----------+-----------+-----------+-------+----------+
        |                    |  Latency (cycles) | Iteration|  Initiation Interval  |  Trip |          |
        |      Loop Name     |   min   |   max   |  Latency |  achieved |   target  | Count | Pipelined|
        +--------------------+---------+---------+----------+-----------+-----------+-------+----------+
        |- VITIS_LOOP_116_1  |    16384|    16384|         2|          1|          1|  16384|       yes|
        +--------------------+---------+---------+----------+-----------+-----------+-------+----------+

============================================================
+ Verbose Summary: Synthesis Manager
============================================================
InlineROM: 1
ExposeGlobal: 0
============================================================
+ Verbose Summary: CDFG Model
============================================================
IsTopModel: 0
ResetActiveHigh: 1
IsCombinational: 0
IsDatapathOnly: 0
HasWiredReturn: 1
HasMFsm: 2
HasVarLatency: 1
IsPipeline: 0
IsRtlPipelined: 0
IsInstanceOverlapped: 0
IsDontTouch: 0
HasImplIP: 0
IsGatedGlobalClock: 0

+ Individual pipeline summary: 
  * Pipeline-0: initiation interval (II) = 1, depth = 2


============================================================
+ Verbose Summary: Schedule
============================================================
* Number of FSM states : 2
* Pipeline : 1
  Pipeline-0 : II = 1, D = 2, States = { 1 2 }
* Dataflow Pipeline: 0

* FSM state transitions: 
1 --> 2 
2 --> 

* FSM state operations: 

State 1 <SV = 0> <Delay = 1.98>
ST_1 : Operation 5 [1/1] (0.00ns)   --->   "%total_sum = alloca i32 1" [top.cpp:114]   --->   Operation 5 'alloca' 'total_sum' <Predicate = true> <Delay = 0.00>
ST_1 : Operation 6 [1/1] (0.00ns)   --->   "%i = alloca i32 1" [top.cpp:116]   --->   Operation 6 'alloca' 'i' <Predicate = true> <Delay = 0.00>
ST_1 : Operation 7 [1/1] (0.00ns)   --->   "%specinterface_ln0 = specinterface void @_ssdm_op_SpecInterface, i16 %s4, void @empty_4, i32 0, i32 0, void @empty_5, i32 0, i32 0, void @empty_5, void @empty_5, void @empty_5, i32 0, i32 0, i32 0, i32 0, void @empty_5, void @empty_5, i32 4294967295, i32 0, i32 0"   --->   Operation 7 'specinterface' 'specinterface_ln0' <Predicate = true> <Delay = 0.00>
ST_1 : Operation 8 [1/1] (0.48ns)   --->   "%store_ln116 = store i15 0, i15 %i" [top.cpp:116]   --->   Operation 8 'store' 'store_ln116' <Predicate = true> <Delay = 0.48>
ST_1 : Operation 9 [1/1] (0.48ns)   --->   "%store_ln114 = store i32 0, i32 %total_sum" [top.cpp:114]   --->   Operation 9 'store' 'store_ln114' <Predicate = true> <Delay = 0.48>
ST_1 : Operation 10 [1/1] (0.00ns)   --->   "%br_ln116 = br void %for.body.i" [top.cpp:116]   --->   Operation 10 'br' 'br_ln116' <Predicate = true> <Delay = 0.00>
ST_1 : Operation 11 [1/1] (0.00ns)   --->   "%i_2 = load i15 %i" [top.cpp:116]   --->   Operation 11 'load' 'i_2' <Predicate = true> <Delay = 0.00>
ST_1 : Operation 12 [1/1] (1.00ns)   --->   "%icmp_ln116 = icmp_eq  i15 %i_2, i15 16384" [top.cpp:116]   --->   Operation 12 'icmp' 'icmp_ln116' <Predicate = true> <Delay = 1.00> <CoreInst = "Cmp">   --->   Core 9 'Cmp' <Latency = 0> <II = 1> <Delay = 1.00> <FuncUnit> <Opcode : 'seteq' 'setne' 'setle' 'setge' 'setlt' 'setgt'> <InPorts = 2> <OutPorts = 1>
ST_1 : Operation 13 [1/1] (1.00ns)   --->   "%add_ln116 = add i15 %i_2, i15 1" [top.cpp:116]   --->   Operation 13 'add' 'add_ln116' <Predicate = true> <Delay = 1.00> <CoreInst = "Adder">   --->   Core 1 'Adder' <Latency = 0> <II = 1> <Delay = 1.00> <FuncUnit> <Opcode : 'add' 'sub'> <InPorts = 2> <OutPorts = 1>
ST_1 : Operation 14 [1/1] (0.00ns)   --->   "%br_ln116 = br i1 %icmp_ln116, void %for.body.split.i, void %_ZN8ap_fixedILi32ELi20EL9ap_q_mode5EL9ap_o_mode3ELi0EEC2Ei.exit53.i.exitStub" [top.cpp:116]   --->   Operation 14 'br' 'br_ln116' <Predicate = true> <Delay = 0.00>
ST_1 : Operation 15 [1/1] (0.48ns)   --->   "%store_ln116 = store i15 %add_ln116, i15 %i" [top.cpp:116]   --->   Operation 15 'store' 'store_ln116' <Predicate = (!icmp_ln116)> <Delay = 0.48>
ST_1 : Operation 29 [1/1] (0.00ns)   --->   "%total_sum_load_1 = load i32 %total_sum"   --->   Operation 29 'load' 'total_sum_load_1' <Predicate = (icmp_ln116)> <Delay = 0.00>
ST_1 : Operation 30 [1/1] (0.00ns)   --->   "%write_ln0 = write void @_ssdm_op_Write.ap_auto.i32P0A, i32 %total_sum_out, i32 %total_sum_load_1"   --->   Operation 30 'write' 'write_ln0' <Predicate = (icmp_ln116)> <Delay = 0.00>
ST_1 : Operation 31 [1/1] (0.48ns)   --->   "%ret_ln0 = ret"   --->   Operation 31 'ret' 'ret_ln0' <Predicate = (icmp_ln116)> <Delay = 0.48>

State 2 <SV = 1> <Delay = 3.55>
ST_2 : Operation 16 [1/1] (0.00ns)   --->   "%total_sum_load = load i32 %total_sum" [top.cpp:120]   --->   Operation 16 'load' 'total_sum_load' <Predicate = true> <Delay = 0.00>
ST_2 : Operation 17 [1/1] (0.00ns)   --->   "%zext_ln116 = zext i15 %i_2" [top.cpp:116]   --->   Operation 17 'zext' 'zext_ln116' <Predicate = true> <Delay = 0.00>
ST_2 : Operation 18 [1/1] (0.00ns)   --->   "%specpipeline_ln117 = specpipeline void @_ssdm_op_SpecPipeline, i32 1, i32 0, i32 0, i32 0, void @empty_5" [top.cpp:117]   --->   Operation 18 'specpipeline' 'specpipeline_ln117' <Predicate = true> <Delay = 0.00>
ST_2 : Operation 19 [1/1] (0.00ns)   --->   "%speclooptripcount_ln114 = speclooptripcount void @_ssdm_op_SpecLoopTripCount, i64 16384, i64 16384, i64 16384" [top.cpp:114]   --->   Operation 19 'speclooptripcount' 'speclooptripcount_ln114' <Predicate = true> <Delay = 0.00>
ST_2 : Operation 20 [1/1] (0.00ns)   --->   "%specloopname_ln116 = specloopname void @_ssdm_op_SpecLoopName, void @empty_16" [top.cpp:116]   --->   Operation 20 'specloopname' 'specloopname_ln116' <Predicate = true> <Delay = 0.00>
ST_2 : Operation 21 [1/1] ( I:1.86ns O:1.86ns )   --->   "%val = read i16 @_ssdm_op_Read.ap_fifo.volatile.i16P0A, i16 %s4" [top.cpp:118]   --->   Operation 21 'read' 'val' <Predicate = true> <Delay = 1.86> <CoreInst = "FIFO">   --->   Core 77 'FIFO' <Latency = 0> <II = 1> <Delay = 1.86> <Storage> <Opcode : 'read' 'write' 'nbread' 'nbwrite'> <Ports = 0> <Width = 16> <Depth = 256> <FIFO>
ST_2 : Operation 22 [1/1] (0.00ns)   --->   "%local_storage_addr = getelementptr i16 %local_storage, i64 0, i64 %zext_ln116" [top.cpp:119]   --->   Operation 22 'getelementptr' 'local_storage_addr' <Predicate = true> <Delay = 0.00>
ST_2 : Operation 23 [1/1] ( I:1.35ns O:1.35ns )   --->   "%store_ln119 = store i16 %val, i14 %local_storage_addr" [top.cpp:119]   --->   Operation 23 'store' 'store_ln119' <Predicate = true> <Delay = 1.35> <CoreInst = "RAM">   --->   Core 82 'RAM' <Latency = 1> <II = 1> <Delay = 1.35> <Storage> <Opcode : 'load' 'store'> <Ports = 2> <Width = 16> <Depth = 16384> <RAM>
ST_2 : Operation 24 [1/1] (0.00ns)   --->   "%shl_ln1 = bitconcatenate i20 @_ssdm_op_BitConcatenate.i20.i16.i4, i16 %val, i4 0" [top.cpp:120]   --->   Operation 24 'bitconcatenate' 'shl_ln1' <Predicate = true> <Delay = 0.00>
ST_2 : Operation 25 [1/1] (0.00ns)   --->   "%sext_ln120 = sext i20 %shl_ln1" [top.cpp:120]   --->   Operation 25 'sext' 'sext_ln120' <Predicate = true> <Delay = 0.00>
ST_2 : Operation 26 [1/1] (1.20ns)   --->   "%total_sum_1 = add i32 %sext_ln120, i32 %total_sum_load" [top.cpp:120]   --->   Operation 26 'add' 'total_sum_1' <Predicate = true> <Delay = 1.20> <CoreInst = "Adder">   --->   Core 1 'Adder' <Latency = 0> <II = 1> <Delay = 1.20> <FuncUnit> <Opcode : 'add' 'sub'> <InPorts = 2> <OutPorts = 1>
ST_2 : Operation 27 [1/1] (0.48ns)   --->   "%store_ln114 = store i32 %total_sum_1, i32 %total_sum" [top.cpp:114]   --->   Operation 27 'store' 'store_ln114' <Predicate = true> <Delay = 0.48>
ST_2 : Operation 28 [1/1] (0.00ns)   --->   "%br_ln116 = br void %for.body.i" [top.cpp:116]   --->   Operation 28 'br' 'br_ln116' <Predicate = true> <Delay = 0.00>


============================================================
+ Verbose Summary: Timing violations
============================================================
Target clock period: 10.000ns, clock uncertainty: 2.700ns.

 <State 1>: 1.980ns
The critical path consists of the following:
	'store' operation 0 bit ('store_ln116', top.cpp:116) of constant 0 on local variable 'i', top.cpp:116 [7]  (0.489 ns)
	'load' operation 15 bit ('i', top.cpp:116) on local variable 'i', top.cpp:116 [11]  (0.000 ns)
	'icmp' operation 1 bit ('icmp_ln116', top.cpp:116) [12]  (1.002 ns)
	'store' operation 0 bit ('store_ln116', top.cpp:116) of variable 'add_ln116', top.cpp:116 on local variable 'i', top.cpp:116 [27]  (0.489 ns)

 <State 2>: 3.556ns
The critical path consists of the following:
	fifo read operation ('val', top.cpp:118) on port 's4' (top.cpp:118) [21]  (1.864 ns)
	'add' operation 32 bit ('total_sum', top.cpp:120) [26]  (1.203 ns)
	'store' operation 0 bit ('store_ln114', top.cpp:114) of variable 'total_sum', top.cpp:120 on local variable 'total_sum', top.cpp:114 [28]  (0.489 ns)


============================================================
+ Verbose Summary: Binding
============================================================
N/A
* FSMD analyzer results:
  - Output states:
 - Input state : 
  - Chain level:
	State 1
	State 2


============================================================
+ Verbose Summary: Datapath Resource usage 
============================================================
N/A
