

================================================================
== Vitis HLS Report for 'k5_threshold_Pipeline_VITIS_LOOP_116_1'
================================================================
* Date:           Sat Mar 28 22:53:00 2026

* Version:        2025.1.1 (Build 6214317 on Sep 11 2025)
* Project:        project_1
* Solution:       hls (Vivado IP Flow Target)
* Product family: zynquplus
* Target device:  xczu3eg-sbva484-1-e


================================================================
== Performance Estimates
================================================================
+ Timing: 
    * Summary: 
    +--------+----------+----------+------------+
    |  Clock |  Target  | Estimated| Uncertainty|
    +--------+----------+----------+------------+
    |ap_clk  |  10.00 ns|  3.556 ns|     2.70 ns|
    +--------+----------+----------+------------+

+ Latency: 
    * Summary: 
    +---------+---------+----------+----------+-------+-------+------------------------------------------------+
    |  Latency (cycles) |  Latency (absolute) |    Interval   |                    Pipeline                    |
    |   min   |   max   |    min   |    max   |  min  |  max  |                      Type                      |
    +---------+---------+----------+----------+-------+-------+------------------------------------------------+
    |    16386|    16386|  0.164 ms|  0.164 ms|  16385|  16385|  loop auto-rewind stp (delay=0 clock cycles(s))|
    +---------+---------+----------+----------+-------+-------+------------------------------------------------+

    + Detail: 
        * Instance: 
        N/A

        * Loop: 
        +--------------------+---------+---------+----------+-----------+-----------+-------+----------+
        |                    |  Latency (cycles) | Iteration|  Initiation Interval  |  Trip |          |
        |      Loop Name     |   min   |   max   |  Latency |  achieved |   target  | Count | Pipelined|
        +--------------------+---------+---------+----------+-----------+-----------+-------+----------+
        |- VITIS_LOOP_116_1  |    16384|    16384|         2|          1|          1|  16384|       yes|
        +--------------------+---------+---------+----------+-----------+-----------+-------+----------+

============================================================
+ Verbose Summary: Synthesis Manager
============================================================
InlineROM: 1
ExposeGlobal: 0
============================================================
+ Verbose Summary: CDFG Model
============================================================
IsTopModel: 0
ResetActiveHigh: 1
IsCombinational: 0
IsDatapathOnly: 0
HasWiredReturn: 1
HasMFsm: 2
HasVarLatency: 1
IsPipeline: 0
IsRtlPipelined: 0
IsInstanceOverlapped: 0
IsDontTouch: 0
HasImplIP: 0
IsGatedGlobalClock: 0

+ Individual pipeline summary: 
  * Pipeline-0: initiation interval (II) = 1, depth = 2


============================================================
+ Verbose Summary: Schedule
============================================================
* Number of FSM states : 2
* Pipeline : 1
  Pipeline-0 : II = 1, D = 2, States = { 1 2 }
* Dataflow Pipeline: 0

* FSM state transitions: 
1 --> 2 
2 --> 

* FSM state operations: 

State 1 <SV = 0> <Delay = 1.98>
ST_1 : Operation 5 [1/1] (0.00ns)   --->   "%total_sum = alloca i32 1" [top.cpp:114]   --->   Operation 5 'alloca' 'total_sum' <Predicate = true> <Delay = 0.00>
ST_1 : Operation 6 [1/1] (0.00ns)   --->   "%i = alloca i32 1" [top.cpp:116]   --->   Operation 6 'alloca' 'i' <Predicate = true> <Delay = 0.00>
ST_1 : Operation 7 [1/1] (0.00ns)   --->   "%specinterface_ln0 = specinterface void @_ssdm_op_SpecInterface, i16 %s4, void @empty_4, i32 0, i32 0, void @empty_5, i32 0, i32 0, void @empty_5, void @empty_5, void @empty_5, i32 0, i32 0, i32 0, i32 0, void @empty_5, void @empty_5, i32 4294967295, i32 0, i32 0"   --->   Operation 7 'specinterface' 'specinterface_ln0' <Predicate = true> <Delay = 0.00>
ST_1 : Operation 8 [1/1] (0.48ns)   --->   "%store_ln116 = store i15 0, i15 %i" [top.cpp:116]   --->   Operation 8 'store' 'store_ln116' <Predicate = true> <Delay = 0.48>
ST_1 : Operation 9 [1/1] (0.48ns)   --->   "%store_ln114 = store i32 0, i32 %total_sum" [top.cpp:114]   --->   Operation 9 'store' 'store_ln114' <Predicate = true> <Delay = 0.48>
ST_1 : Operation 10 [1/1] (0.00ns)   --->   "%br_ln116 = br void %for.body.i" [top.cpp:116]   --->   Operation 10 'br' 'br_ln116' <Predicate = true> <Delay = 0.00>
ST_1 : Operation 11 [1/1] (0.00ns)   --->   "%i_2 = load i15 %i" [top.cpp:116]   --->   Operation 11 'load' 'i_2' <Predicate = true> <Delay = 0.00>
ST_1 : Operation 12 [1/1] (1.00ns)   --->   "%icmp_ln116 = icmp_eq  i15 %i_2, i15 16384" [top.cpp:116]   --->   Operation 12 'icmp' 'icmp_ln116' <Predicate = true> <Delay = 1.00> <CoreInst = "Cmp">   --->   Core 9 'Cmp' <Latency = 0> <II = 1> <Delay = 1.00> <FuncUnit> <Opcode : 'seteq' 'setne' 'setle' 'setge' 'setlt' 'setgt'> <InPorts = 2> <OutPorts = 1>
ST_1 : Operation 13 [1/1] (1.00ns)   --->   "%add_ln116 = add i15 %i_2, i15 1" [top.cpp:116]   --->   Operation 13 'add' 'add_ln116' <Predicate = true> <Delay = 1.00> <CoreInst = "Adder">   --->   Core 1 'Adder' <Latency = 0> <II = 1> <Delay = 1.00> <FuncUnit> <Opcode : 'add' 'sub'> <InPorts = 2> <OutPorts = 1>
ST_1 : Operation 14 [1/1] (0.00ns)   --->   "%br_ln116 = br i1 %icmp_ln116, void %for.body.split.i, void %_ZN8ap_fixedILi32ELi20EL9ap_q_mode5EL9ap_o_mode3ELi0EEC2Ei.exit53.i.exitStub" [top.cpp:116]   --->   Operation 14 'br' 'br_ln116' <Predicate = true> <Delay = 0.00>
ST_1 : Operation 15 [1/1] (0.48ns)   --->   "%store_ln116 = store i15 %add_ln116, i15 %i" [top.cpp:116]   --->   Operation 15 'store' 'store_ln116' <Predicate = (!icmp_ln116)> <Delay = 0.48>
ST_1 : Operation 29 [1/1] (0.00ns)   --->   "%total_sum_load_1 = load i32 %total_sum"   --->   Operation 29 'load' 'total_sum_load_1' <Predicate = (icmp_ln116)> <Delay = 0.00>
ST_1 : Operation 30 [1/1] (0.00ns)   --->   "%write_ln0 = write void @_ssdm_op_Write.ap_auto.i32P0A, i32 %total_sum_out, i32 %total_sum_load_1"   --->   Operation 30 'write' 'write_ln0' <Predicate = (icmp_ln116)> <Delay = 0.00>
ST_1 : Operation 31 [1/1] (0.48ns)   --->   "%ret_ln0 = ret"   --->   Operation 31 'ret' 'ret_ln0' <Predicate = (icmp_ln116)> <Delay = 0.48>

State 2 <SV = 1> <Delay = 3.55>
ST_2 : Operation 16 [1/1] (0.00ns)   --->   "%total_sum_load = load i32 %total_sum" [top.cpp:120]   --->   Operation 16 'load' 'total_sum_load' <Predicate = true> <Delay = 0.00>
ST_2 : Operation 17 [1/1] (0.00ns)   --->   "%zext_ln116 = zext i15 %i_2" [top.cpp:116]   --->   Operation 17 'zext' 'zext_ln116' <Predicate = true> <Delay = 0.00>
ST_2 : Operation 18 [1/1] (0.00ns)   --->   "%specpipeline_ln117 = specpipeline void @_ssdm_op_SpecPipeline, i32 1, i32 0, i32 0, i32 0, void @empty_5" [top.cpp:117]   --->   Operation 18 'specpipeline' 'specpipeline_ln117' <Predicate = true> <Delay = 0.00>
ST_2 : Operation 19 [1/1] (0.00ns)   --->   "%speclooptripcount_ln114 = speclooptripcount void @_ssdm_op_SpecLoopTripCount, i64 16384, i64 16384, i64 16384" [top.cpp:114]   --->   Operation 19 'speclooptripcount' 'speclooptripcount_ln114' <Predicate = true> <Delay = 0.00>
ST_2 : Operation 20 [1/1] (0.00ns)   --->   "%specloopname_ln116 = specloopname void @_ssdm_op_SpecLoopName, void @empty_16" [top.cpp:116]   --->   Operation 20 'specloopname' 'specloopname_ln116' <Predicate = true> <Delay = 0.00>
ST_2 : Operation 21 [1/1] ( I:1.86ns O:1.86ns )   --->   "%val = read i16 @_ssdm_op_Read.ap_fifo.volatile.i16P0A, i16 %s4" [top.cpp:118]   --->   Operation 21 'read' 'val' <Predicate = true> <Delay = 1.86> <CoreInst = "FIFO">   --->   Core 77 'FIFO' <Latency = 0> <II = 1> <Delay = 1.86> <Storage> <Opcode : 'read' 'write' 'nbread' 'nbwrite'> <Ports = 0> <Width = 16> <Depth = 256> <FIFO>
ST_2 : Operation 22 [1/1] (0.00ns)   --->   "%local_storage_addr = getelementptr i16 %local_storage, i64 0, i64 %zext_ln116" [top.cpp:119]   --->   Operation 22 'getelementptr' 'local_storage_addr' <Predicate = true> <Delay = 0.00>
ST_2 : Operation 23 [1/1] ( I:1.35ns O:1.35ns )   --->   "%store_ln119 = store i16 %val, i14 %local_storage_addr" [top.cpp:119]   --->   Operation 23 'store' 'store_ln119' <Predicate = true> <Delay = 1.35> <CoreInst = "RAM">   --->   Core 82 'RAM' <Latency = 1> <II = 1> <Delay = 1.35> <Storage> <Opcode : 'load' 'store'> <Ports = 2> <Width = 16> <Depth = 16384> <RAM>
ST_2 : Operation 24 [1/1] (0.00ns)   --->   "%shl_ln1 = bitconcatenate i20 @_ssdm_op_BitConcatenate.i20.i16.i4, i16 %val, i4 0" [top.cpp:120]   --->   Operation 24 'bitconcatenate' 'shl_ln1' <Predicate = true> <Delay = 0.00>
ST_2 : Operation 25 [1/1] (0.00ns)   --->   "%sext_ln120 = sext i20 %shl_ln1" [top.cpp:120]   --->   Operation 25 'sext' 'sext_ln120' <Predicate = true> <Delay = 0.00>
ST_2 : Operation 26 [1/1] (1.20ns)   --->   "%total_sum_1 = add i32 %sext_ln120, i32 %total_sum_load" [top.cpp:120]   --->   Operation 26 'add' 'total_sum_1' <Predicate = true> <Delay = 1.20> <CoreInst = "Adder">   --->   Core 1 'Adder' <Latency = 0> <II = 1> <Delay = 1.20> <FuncUnit> <Opcode : 'add' 'sub'> <InPorts = 2> <OutPorts = 1>
ST_2 : Operation 27 [1/1] (0.48ns)   --->   "%store_ln114 = store i32 %total_sum_1, i32 %total_sum" [top.cpp:114]   --->   Operation 27 'store' 'store_ln114' <Predicate = true> <Delay = 0.48>
ST_2 : Operation 28 [1/1] (0.00ns)   --->   "%br_ln116 = br void %for.body.i" [top.cpp:116]   --->   Operation 28 'br' 'br_ln116' <Predicate = true> <Delay = 0.00>


============================================================
+ Verbose Summary: Binding
============================================================
STG Binding: 
---------------- STG Properties BEGIN ----------------
- Is combinational: 0
- Is one-state seq: 0
- Is datapath-only: 0
- Is pipelined: 0
- Is top level: 0
Port [ Return ] is wired: 1; IO mode=ap_ctrl_hs:ce=0
Port [ total_sum_out]:  wired=1; compound=0; hidden=0; nouse=0; global=0; static=0; extern=0; dir=1; type=0; pingpong=0; private_global=0; IO mode=ap_vld:ce=0
Port [ s4]:  wired=1; compound=1; hidden=0; nouse=0; global=1; static=1; extern=0; dir=0; type=3; pingpong=0; private_global=0; IO mode=ap_fifo:ce=0
Port [ local_storage]:  wired=1; compound=1; hidden=0; nouse=0; global=1; static=1; extern=0; dir=1; type=1; pingpong=0; private_global=0; MemPort=[03]; IO mode=ap_memory:ce=0
---------------- STG Properties END ------------------

---------------- Datapath Model BEGIN ----------------

<LifeTime>
<method=bitvector/>
total_sum               (alloca           ) [ 011]
i                       (alloca           ) [ 010]
specinterface_ln0       (specinterface    ) [ 000]
store_ln116             (store            ) [ 000]
store_ln114             (store            ) [ 000]
br_ln116                (br               ) [ 000]
i_2                     (load             ) [ 011]
icmp_ln116              (icmp             ) [ 010]
add_ln116               (add              ) [ 000]
br_ln116                (br               ) [ 000]
store_ln116             (store            ) [ 000]
total_sum_load          (load             ) [ 000]
zext_ln116              (zext             ) [ 000]
specpipeline_ln117      (specpipeline     ) [ 000]
speclooptripcount_ln114 (speclooptripcount) [ 000]
specloopname_ln116      (specloopname     ) [ 000]
val                     (read             ) [ 000]
local_storage_addr      (getelementptr    ) [ 000]
store_ln119             (store            ) [ 000]
shl_ln1                 (bitconcatenate   ) [ 000]
sext_ln120              (sext             ) [ 000]
total_sum_1             (add              ) [ 000]
store_ln114             (store            ) [ 000]
br_ln116                (br               ) [ 000]
total_sum_load_1        (load             ) [ 000]
write_ln0               (write            ) [ 000]
ret_ln0                 (ret              ) [ 000]
</LifeTime>

<model>

<comp_list>
<comp id="0" class="1000" name="total_sum_out">
<pin_list>
<pin id="1" dir="1" index="0" bw="1" slack="0"/>
</pin_list>
<bind>
<StgValue><ssdm name="total_sum_out"/></StgValue>
</bind>
</comp>

<comp id="2" class="1000" name="s4">
<pin_list>
<pin id="3" dir="1" index="0" bw="1" slack="0"/>
</pin_list>
<bind>
<StgValue><ssdm name="s4"/></StgValue>
</bind>
</comp>

<comp id="4" class="1000" name="local_storage">
<pin_list>
<pin id="5" dir="1" index="0" bw="1" slack="0"/>
</pin_list>
<bind>
<StgValue><ssdm name="local_storage"/><MemPortTyVec>0 3 </MemPortTyVec>
</StgValue>
</bind>
</comp>

<comp id="6" class="1001" name="const_6">
<pin_list>
<pin id="7" dir="1" index="0" bw="1" slack="0"/>
</pin_list>
<bind>
<StgValue><ssdm name=""/></StgValue>
</bind>
</comp>

<comp id="8" class="1001" name="const_8">
<pin_list>
<pin id="9" dir="1" index="0" bw="1" slack="2147483647"/>
</pin_list>
<bind>
<StgValue><ssdm name="_ssdm_op_SpecInterface"/></StgValue>
</bind>
</comp>

<comp id="10" class="1001" name="const_10">
<pin_list>
<pin id="11" dir="1" index="0" bw="1" slack="2147483647"/>
</pin_list>
<bind>
<StgValue><ssdm name="empty_4"/></StgValue>
</bind>
</comp>

<comp id="12" class="1001" name="const_12">
<pin_list>
<pin id="13" dir="1" index="0" bw="1" slack="0"/>
</pin_list>
<bind>
<StgValue><ssdm name=""/></StgValue>
</bind>
</comp>

<comp id="14" class="1001" name="const_14">
<pin_list>
<pin id="15" dir="1" index="0" bw="1" slack="2147483647"/>
</pin_list>
<bind>
<StgValue><ssdm name="empty_5"/></StgValue>
</bind>
</comp>

<comp id="16" class="1001" name="const_16">
<pin_list>
<pin id="17" dir="1" index="0" bw="1" slack="2147483647"/>
</pin_list>
<bind>
<StgValue><ssdm name=""/></StgValue>
</bind>
</comp>

<comp id="18" class="1001" name="const_18">
<pin_list>
<pin id="19" dir="1" index="0" bw="1" slack="0"/>
</pin_list>
<bind>
<StgValue><ssdm name=""/></StgValue>
</bind>
</comp>

<comp id="20" class="1001" name="const_20">
<pin_list>
<pin id="21" dir="1" index="0" bw="1" slack="0"/>
</pin_list>
<bind>
<StgValue><ssdm name=""/></StgValue>
</bind>
</comp>

<comp id="22" class="1001" name="const_22">
<pin_list>
<pin id="23" dir="1" index="0" bw="1" slack="0"/>
</pin_list>
<bind>
<StgValue><ssdm name=""/></StgValue>
</bind>
</comp>

<comp id="24" class="1001" name="const_24">
<pin_list>
<pin id="25" dir="1" index="0" bw="1" slack="2147483647"/>
</pin_list>
<bind>
<StgValue><ssdm name="_ssdm_op_SpecPipeline"/></StgValue>
</bind>
</comp>

<comp id="26" class="1001" name="const_26">
<pin_list>
<pin id="27" dir="1" index="0" bw="1" slack="2147483647"/>
</pin_list>
<bind>
<StgValue><ssdm name="_ssdm_op_SpecLoopTripCount"/></StgValue>
</bind>
</comp>

<comp id="28" class="1001" name="const_28">
<pin_list>
<pin id="29" dir="1" index="0" bw="1" slack="2147483647"/>
</pin_list>
<bind>
<StgValue><ssdm name=""/></StgValue>
</bind>
</comp>

<comp id="30" class="1001" name="const_30">
<pin_list>
<pin id="31" dir="1" index="0" bw="1" slack="2147483647"/>
</pin_list>
<bind>
<StgValue><ssdm name="_ssdm_op_SpecLoopName"/></StgValue>
</bind>
</comp>

<comp id="32" class="1001" name="const_32">
<pin_list>
<pin id="33" dir="1" index="0" bw="1" slack="2147483647"/>
</pin_list>
<bind>
<StgValue><ssdm name="empty_16"/></StgValue>
</bind>
</comp>

<comp id="34" class="1001" name="const_34">
<pin_list>
<pin id="35" dir="1" index="0" bw="1" slack="0"/>
</pin_list>
<bind>
<StgValue><ssdm name="_ssdm_op_Read.ap_fifo.volatile.i16P0A"/></StgValue>
</bind>
</comp>

<comp id="36" class="1001" name="const_36">
<pin_list>
<pin id="37" dir="1" index="0" bw="1" slack="0"/>
</pin_list>
<bind>
<StgValue><ssdm name=""/></StgValue>
</bind>
</comp>

<comp id="38" class="1001" name="const_38">
<pin_list>
<pin id="39" dir="1" index="0" bw="1" slack="0"/>
</pin_list>
<bind>
<StgValue><ssdm name="_ssdm_op_BitConcatenate.i20.i16.i4"/></StgValue>
</bind>
</comp>

<comp id="40" class="1001" name="const_40">
<pin_list>
<pin id="41" dir="1" index="0" bw="1" slack="0"/>
</pin_list>
<bind>
<StgValue><ssdm name=""/></StgValue>
</bind>
</comp>

<comp id="42" class="1001" name="const_42">
<pin_list>
<pin id="43" dir="1" index="0" bw="1" slack="0"/>
</pin_list>
<bind>
<StgValue><ssdm name="_ssdm_op_Write.ap_auto.i32P0A"/></StgValue>
</bind>
</comp>

<comp id="44" class="1004" name="total_sum_fu_44">
<pin_list>
<pin id="45" dir="0" index="0" bw="1" slack="0"/>
<pin id="46" dir="1" index="1" bw="32" slack="0"/>
</pin_list>
<bind>
<opcode="alloca(26) " fcode="alloca"/>
<opset="total_sum/1 "/>
</bind>
</comp>

<comp id="48" class="1004" name="i_fu_48">
<pin_list>
<pin id="49" dir="0" index="0" bw="1" slack="0"/>
<pin id="50" dir="1" index="1" bw="15" slack="0"/>
</pin_list>
<bind>
<opcode="alloca(26) " fcode="alloca"/>
<opset="i/1 "/>
</bind>
</comp>

<comp id="52" class="1004" name="val_read_fu_52">
<pin_list>
<pin id="53" dir="0" index="0" bw="16" slack="0"/>
<pin id="54" dir="0" index="1" bw="16" slack="0"/>
<pin id="55" dir="1" index="2" bw="16" slack="0"/>
</pin_list>
<bind>
<opcode="read(1150) " fcode="read"/>
<opset="val/2 "/>
</bind>
</comp>

<comp id="58" class="1004" name="write_ln0_write_fu_58">
<pin_list>
<pin id="59" dir="0" index="0" bw="0" slack="0"/>
<pin id="60" dir="0" index="1" bw="32" slack="0"/>
<pin id="61" dir="0" index="2" bw="32" slack="0"/>
<pin id="62" dir="1" index="3" bw="0" slack="2147483647"/>
</pin_list>
<bind>
<opcode="write(1151) " fcode="write"/>
<opset="write_ln0/1 "/>
</bind>
</comp>

<comp id="65" class="1004" name="local_storage_addr_gep_fu_65">
<pin_list>
<pin id="66" dir="0" index="0" bw="16" slack="0"/>
<pin id="67" dir="0" index="1" bw="1" slack="0"/>
<pin id="68" dir="0" index="2" bw="15" slack="0"/>
<pin id="69" dir="1" index="3" bw="14" slack="0"/>
</pin_list>
<bind>
<opcode="getelementptr(29) " fcode="getelementptr"/>
<opset="local_storage_addr/2 "/>
</bind>
</comp>

<comp id="72" class="1004" name="store_ln119_access_fu_72">
<pin_list>
<pin id="73" dir="0" index="0" bw="14" slack="0"/>
<pin id="74" dir="0" index="1" bw="16" slack="0"/>
<pin id="75" dir="0" index="2" bw="0" slack="2147483647"/>
<pin id="76" dir="1" index="3" bw="16" slack="2147483647"/>
</pin_list>
<bind>
<opcode="store(28) " fcode="store"/>
<opset="store_ln119/2 "/>
</bind>
</comp>

<comp id="79" class="1004" name="store_ln116_store_fu_79">
<pin_list>
<pin id="80" dir="0" index="0" bw="1" slack="0"/>
<pin id="81" dir="0" index="1" bw="15" slack="0"/>
<pin id="82" dir="1" index="2" bw="0" slack="2147483647"/>
</pin_list>
<bind>
<opcode="store(28) " fcode="store"/>
<opset="store_ln116/1 "/>
</bind>
</comp>

<comp id="84" class="1004" name="store_ln114_store_fu_84">
<pin_list>
<pin id="85" dir="0" index="0" bw="1" slack="0"/>
<pin id="86" dir="0" index="1" bw="32" slack="0"/>
<pin id="87" dir="1" index="2" bw="0" slack="2147483647"/>
</pin_list>
<bind>
<opcode="store(28) " fcode="store"/>
<opset="store_ln114/1 "/>
</bind>
</comp>

<comp id="89" class="1004" name="i_2_load_fu_89">
<pin_list>
<pin id="90" dir="0" index="0" bw="15" slack="0"/>
<pin id="91" dir="1" index="1" bw="15" slack="0"/>
</pin_list>
<bind>
<opcode="load(27) " fcode="load"/>
<opset="i_2/1 "/>
</bind>
</comp>

<comp id="92" class="1004" name="icmp_ln116_fu_92">
<pin_list>
<pin id="93" dir="0" index="0" bw="15" slack="0"/>
<pin id="94" dir="0" index="1" bw="15" slack="0"/>
<pin id="95" dir="1" index="2" bw="1" slack="2147483647"/>
</pin_list>
<bind>
<opcode="icmp(45) " fcode="icmp"/>
<opset="icmp_ln116/1 "/>
</bind>
</comp>

<comp id="98" class="1004" name="add_ln116_fu_98">
<pin_list>
<pin id="99" dir="0" index="0" bw="15" slack="0"/>
<pin id="100" dir="0" index="1" bw="1" slack="0"/>
<pin id="101" dir="1" index="2" bw="15" slack="0"/>
</pin_list>
<bind>
<opcode="add(8) " fcode="add"/>
<opset="add_ln116/1 "/>
</bind>
</comp>

<comp id="104" class="1004" name="store_ln116_store_fu_104">
<pin_list>
<pin id="105" dir="0" index="0" bw="15" slack="0"/>
<pin id="106" dir="0" index="1" bw="15" slack="0"/>
<pin id="107" dir="1" index="2" bw="0" slack="2147483647"/>
</pin_list>
<bind>
<opcode="store(28) " fcode="store"/>
<opset="store_ln116/1 "/>
</bind>
</comp>

<comp id="109" class="1004" name="total_sum_load_load_fu_109">
<pin_list>
<pin id="110" dir="0" index="0" bw="32" slack="1"/>
<pin id="111" dir="1" index="1" bw="32" slack="0"/>
</pin_list>
<bind>
<opcode="load(27) " fcode="load"/>
<opset="total_sum_load/2 "/>
</bind>
</comp>

<comp id="112" class="1004" name="zext_ln116_fu_112">
<pin_list>
<pin id="113" dir="0" index="0" bw="15" slack="1"/>
<pin id="114" dir="1" index="1" bw="64" slack="0"/>
</pin_list>
<bind>
<opcode="zext(34) " fcode="zext"/>
<opset="zext_ln116/2 "/>
</bind>
</comp>

<comp id="116" class="1004" name="shl_ln1_fu_116">
<pin_list>
<pin id="117" dir="0" index="0" bw="20" slack="0"/>
<pin id="118" dir="0" index="1" bw="16" slack="0"/>
<pin id="119" dir="0" index="2" bw="1" slack="0"/>
<pin id="120" dir="1" index="3" bw="20" slack="0"/>
</pin_list>
<bind>
<opcode="bitconcatenate(1004) " fcode="bitconcatenate"/>
<opset="shl_ln1/2 "/>
</bind>
</comp>

<comp id="124" class="1004" name="sext_ln120_fu_124">
<pin_list>
<pin id="125" dir="0" index="0" bw="20" slack="0"/>
<pin id="126" dir="1" index="1" bw="32" slack="0"/>
</pin_list>
<bind>
<opcode="sext(35) " fcode="sext"/>
<opset="sext_ln120/2 "/>
</bind>
</comp>

<comp id="128" class="1004" name="total_sum_1_fu_128">
<pin_list>
<pin id="129" dir="0" index="0" bw="20" slack="0"/>
<pin id="130" dir="0" index="1" bw="32" slack="0"/>
<pin id="131" dir="1" index="2" bw="32" slack="0"/>
</pin_list>
<bind>
<opcode="add(8) " fcode="add"/>
<opset="total_sum_1/2 "/>
</bind>
</comp>

<comp id="134" class="1004" name="store_ln114_store_fu_134">
<pin_list>
<pin id="135" dir="0" index="0" bw="32" slack="0"/>
<pin id="136" dir="0" index="1" bw="32" slack="1"/>
<pin id="137" dir="1" index="2" bw="0" slack="2147483647"/>
</pin_list>
<bind>
<opcode="store(28) " fcode="store"/>
<opset="store_ln114/2 "/>
</bind>
</comp>

<comp id="139" class="1004" name="total_sum_load_1_load_fu_139">
<pin_list>
<pin id="140" dir="0" index="0" bw="32" slack="0"/>
<pin id="141" dir="1" index="1" bw="32" slack="0"/>
</pin_list>
<bind>
<opcode="load(27) " fcode="load"/>
<opset="total_sum_load_1/1 "/>
</bind>
</comp>

<comp id="143" class="1005" name="total_sum_reg_143">
<pin_list>
<pin id="144" dir="0" index="0" bw="32" slack="0"/>
<pin id="145" dir="1" index="1" bw="32" slack="0"/>
</pin_list>
<bind>
<opset="total_sum "/>
</bind>
</comp>

<comp id="151" class="1005" name="i_reg_151">
<pin_list>
<pin id="152" dir="0" index="0" bw="15" slack="0"/>
<pin id="153" dir="1" index="1" bw="15" slack="0"/>
</pin_list>
<bind>
<opset="i "/>
</bind>
</comp>

<comp id="158" class="1005" name="i_2_reg_158">
<pin_list>
<pin id="159" dir="0" index="0" bw="15" slack="1"/>
<pin id="160" dir="1" index="1" bw="15" slack="1"/>
</pin_list>
<bind>
<opset="i_2 "/>
</bind>
</comp>

</comp_list>

<net_list>
<net id="47"><net_src comp="6" pin="0"/><net_sink comp="44" pin=0"/></net>

<net id="51"><net_src comp="6" pin="0"/><net_sink comp="48" pin=0"/></net>

<net id="56"><net_src comp="34" pin="0"/><net_sink comp="52" pin=0"/></net>

<net id="57"><net_src comp="2" pin="0"/><net_sink comp="52" pin=1"/></net>

<net id="63"><net_src comp="42" pin="0"/><net_sink comp="58" pin=0"/></net>

<net id="64"><net_src comp="0" pin="0"/><net_sink comp="58" pin=1"/></net>

<net id="70"><net_src comp="4" pin="0"/><net_sink comp="65" pin=0"/></net>

<net id="71"><net_src comp="36" pin="0"/><net_sink comp="65" pin=1"/></net>

<net id="77"><net_src comp="52" pin="2"/><net_sink comp="72" pin=1"/></net>

<net id="78"><net_src comp="65" pin="3"/><net_sink comp="72" pin=0"/></net>

<net id="83"><net_src comp="18" pin="0"/><net_sink comp="79" pin=0"/></net>

<net id="88"><net_src comp="12" pin="0"/><net_sink comp="84" pin=0"/></net>

<net id="96"><net_src comp="89" pin="1"/><net_sink comp="92" pin=0"/></net>

<net id="97"><net_src comp="20" pin="0"/><net_sink comp="92" pin=1"/></net>

<net id="102"><net_src comp="89" pin="1"/><net_sink comp="98" pin=0"/></net>

<net id="103"><net_src comp="22" pin="0"/><net_sink comp="98" pin=1"/></net>

<net id="108"><net_src comp="98" pin="2"/><net_sink comp="104" pin=0"/></net>

<net id="115"><net_src comp="112" pin="1"/><net_sink comp="65" pin=2"/></net>

<net id="121"><net_src comp="38" pin="0"/><net_sink comp="116" pin=0"/></net>

<net id="122"><net_src comp="52" pin="2"/><net_sink comp="116" pin=1"/></net>

<net id="123"><net_src comp="40" pin="0"/><net_sink comp="116" pin=2"/></net>

<net id="127"><net_src comp="116" pin="3"/><net_sink comp="124" pin=0"/></net>

<net id="132"><net_src comp="124" pin="1"/><net_sink comp="128" pin=0"/></net>

<net id="133"><net_src comp="109" pin="1"/><net_sink comp="128" pin=1"/></net>

<net id="138"><net_src comp="128" pin="2"/><net_sink comp="134" pin=0"/></net>

<net id="142"><net_src comp="139" pin="1"/><net_sink comp="58" pin=2"/></net>

<net id="146"><net_src comp="44" pin="1"/><net_sink comp="143" pin=0"/></net>

<net id="147"><net_src comp="143" pin="1"/><net_sink comp="84" pin=1"/></net>

<net id="148"><net_src comp="143" pin="1"/><net_sink comp="109" pin=0"/></net>

<net id="149"><net_src comp="143" pin="1"/><net_sink comp="134" pin=1"/></net>

<net id="150"><net_src comp="143" pin="1"/><net_sink comp="139" pin=0"/></net>

<net id="154"><net_src comp="48" pin="1"/><net_sink comp="151" pin=0"/></net>

<net id="155"><net_src comp="151" pin="1"/><net_sink comp="79" pin=1"/></net>

<net id="156"><net_src comp="151" pin="1"/><net_sink comp="89" pin=0"/></net>

<net id="157"><net_src comp="151" pin="1"/><net_sink comp="104" pin=1"/></net>

<net id="161"><net_src comp="89" pin="1"/><net_sink comp="158" pin=0"/></net>

<net id="162"><net_src comp="158" pin="1"/><net_sink comp="112" pin=0"/></net>

</net_list>

</model> 
---------------- Datapath Model END ------------------

* FSMD analyzer results:
  - Output states:
	Port: total_sum_out | {1 }
	Port: local_storage | {2 }
 - Input state : 
	Port: k5_threshold_Pipeline_VITIS_LOOP_116_1 : s4 | {2 }
  - Chain level:
	State 1
		store_ln116 : 1
		store_ln114 : 1
		i_2 : 1
		icmp_ln116 : 2
		add_ln116 : 2
		br_ln116 : 3
		store_ln116 : 3
		total_sum_load_1 : 1
		write_ln0 : 2
	State 2
		local_storage_addr : 1
		store_ln119 : 2
		sext_ln120 : 1
		total_sum_1 : 2
		store_ln114 : 3


============================================================
+ Verbose Summary: Datapath Resource usage 
============================================================

* Functional unit list:
|----------|-----------------------|---------|---------|
| Operation|    Functional Unit    |    FF   |   LUT   |
|----------|-----------------------|---------|---------|
|    add   |    add_ln116_fu_98    |    0    |    22   |
|          |   total_sum_1_fu_128  |    0    |    39   |
|----------|-----------------------|---------|---------|
|   icmp   |    icmp_ln116_fu_92   |    0    |    22   |
|----------|-----------------------|---------|---------|
|   read   |     val_read_fu_52    |    0    |    0    |
|----------|-----------------------|---------|---------|
|   write  | write_ln0_write_fu_58 |    0    |    0    |
|----------|-----------------------|---------|---------|
|   zext   |   zext_ln116_fu_112   |    0    |    0    |
|----------|-----------------------|---------|---------|
|bitconcatenate|     shl_ln1_fu_116    |    0    |    0    |
|----------|-----------------------|---------|---------|
|   sext   |   sext_ln120_fu_124   |    0    |    0    |
|----------|-----------------------|---------|---------|
|   Total  |                       |    0    |    83   |
|----------|-----------------------|---------|---------|

Memories:
N/A

* Register list:
+-----------------+--------+
|                 |   FF   |
+-----------------+--------+
|   i_2_reg_158   |   15   |
|    i_reg_151    |   15   |
|total_sum_reg_143|   32   |
+-----------------+--------+
|      Total      |   62   |
+-----------------+--------+

* Multiplexer (MUX) list: 
|--------|------|------|------|--------|
|  Comp  |  Pin | Size |  BW  | S x BW |
|--------|------|------|------|--------|
|  Total |      |      |      |    0   |
|--------|------|------|------|--------|



* Summary:
+-----------+--------+--------+
|           |   FF   |   LUT  |
+-----------+--------+--------+
|  Function |    0   |   83   |
|   Memory  |    -   |    -   |
|Multiplexer|    -   |    -   |
|  Register |   62   |    -   |
+-----------+--------+--------+
|   Total   |   62   |   83   |
+-----------+--------+--------+
