

================================================================
== Vitis HLS Report for 'Loop_VITIS_LOOP_393_1_proc'
================================================================
* Date:           Fri Apr 10 20:50:55 2026

* Version:        2025.1.1 (Build 6214317 on Sep 11 2025)
* Project:        project_1
* Solution:       hls (Vivado IP Flow Target)
* Product family: zynquplus
* Target device:  xczu3eg-sbva484-1-e


================================================================
== Performance Estimates
================================================================
+ Timing: 
    * Summary: 
    +--------+---------+----------+------------+
    |  Clock |  Target | Estimated| Uncertainty|
    +--------+---------+----------+------------+
    |ap_clk  |  4.00 ns|  2.920 ns|     1.08 ns|
    +--------+---------+----------+------------+

+ Latency: 
    * Summary: 
    +---------+---------+-----------+-----------+------+------+------------------------------------------------+
    |  Latency (cycles) |   Latency (absolute)  |   Interval  |                    Pipeline                    |
    |   min   |   max   |    min    |    max    |  min |  max |                      Type                      |
    +---------+---------+-----------+-----------+------+------+------------------------------------------------+
    |     4105|     4105|  16.420 us|  16.420 us|  4096|  4096|  loop auto-rewind stp (delay=0 clock cycles(s))|
    +---------+---------+-----------+-----------+------+------+------------------------------------------------+

    + Detail: 
        * Instance: 
        N/A

        * Loop: 
        +--------------------+---------+---------+----------+-----------+-----------+------+----------+
        |                    |  Latency (cycles) | Iteration|  Initiation Interval  | Trip |          |
        |      Loop Name     |   min   |   max   |  Latency |  achieved |   target  | Count| Pipelined|
        +--------------------+---------+---------+----------+-----------+-----------+------+----------+
        |- VITIS_LOOP_393_1  |     4103|     4103|         9|          1|          1|  4096|       yes|
        +--------------------+---------+---------+----------+-----------+-----------+------+----------+



================================================================
== Utilization Estimates
================================================================
* Summary: 
+-----------------+---------+-----+--------+-------+-----+
|       Name      | BRAM_18K| DSP |   FF   |  LUT  | URAM|
+-----------------+---------+-----+--------+-------+-----+
|DSP              |        -|    -|       -|      -|    -|
|Expression       |        -|    -|       0|    320|    -|
|FIFO             |        -|    -|       -|      -|    -|
|Instance         |        -|    -|       0|     16|    -|
|Memory           |        -|    -|       -|      -|    -|
|Multiplexer      |        -|    -|       0|     81|    -|
|Register         |        -|    -|     246|     32|    -|
+-----------------+---------+-----+--------+-------+-----+
|Total            |        0|    0|     246|    449|    0|
+-----------------+---------+-----+--------+-------+-----+
|Available        |      432|  360|  141120|  70560|    0|
+-----------------+---------+-----+--------+-------+-----+
|Utilization (%)  |        0|    0|      ~0|     ~0|    0|
+-----------------+---------+-----+--------+-------+-----+

+ Detail: 
    * Instance: 
    +----------------------+----------------+---------+----+---+----+-----+
    |       Instance       |     Module     | BRAM_18K| DSP| FF| LUT| URAM|
    +----------------------+----------------+---------+----+---+----+-----+
    |ctlz_14_14_1_1_U1623  |ctlz_14_14_1_1  |        0|   0|  0|  16|    0|
    +----------------------+----------------+---------+----+---+----+-----+
    |Total                 |                |        0|   0|  0|  16|    0|
    +----------------------+----------------+---------+----+---+----+-----+

    * DSP: 
    N/A

    * Memory: 
    N/A

    * FIFO: 
    N/A

    * Expression: 
    +---------------------------------------+----------+----+---+-----+------------+------------+
    |             Variable Name             | Operation| DSP| FF| LUT | Bitwidth P0| Bitwidth P1|
    +---------------------------------------+----------+----+---+-----+------------+------------+
    |add_ln51_19_fu_299_p2                  |         +|   0|  0|   15|           8|           8|
    |add_ln51_fu_227_p2                     |         +|   0|  0|   12|           5|           4|
    |i_fu_178_p2                            |         +|   0|  0|   19|          12|           1|
    |sub_ln51_19_fu_290_p2                  |         -|   0|  0|   12|           2|           5|
    |sub_ln51_fu_172_p2                     |         -|   0|  0|   21|           1|          14|
    |pi_fu_312_p5                           |      1003|   0|  0|    2|          64|           9|
    |ap_block_state2_pp0_stage0_iter1_grp1  |       and|   0|  0|    2|           1|           1|
    |ap_block_state3_io_grp1                |       and|   0|  0|    2|           1|           1|
    |ap_block_state9_pp0_stage0_iter8_grp1  |       and|   0|  0|    2|           1|           1|
    |ap_condition_297                       |       and|   0|  0|    2|           1|           1|
    |ap_condition_467                       |       and|   0|  0|    2|           1|           1|
    |icmp_ln393_fu_184_p2                   |      icmp|   0|  0|   19|          12|           2|
    |icmp_ln51_fu_205_p2                    |      icmp|   0|  0|   21|          14|           1|
    |ap_block_pp0_stage0_01001_grp1         |        or|   0|  0|    2|           1|           1|
    |ap_block_pp0_stage0_11001              |        or|   0|  0|    2|           1|           1|
    |ap_block_pp0_stage0_11001_grp0         |        or|   0|  0|    2|           1|           1|
    |ap_block_pp0_stage0_11001_grp1         |        or|   0|  0|    2|           1|           1|
    |ap_block_state1_pp0_stage0_iter0_grp1  |        or|   0|  0|    2|           1|           1|
    |empty_700_fu_328_p3                    |    select|   0|  0|   32|           1|           1|
    |select_ln51_20_fu_282_p3               |    select|   0|  0|    7|           1|           7|
    |select_ln51_fu_210_p3                  |    select|   0|  0|   14|           1|          14|
    |shl_ln51_fu_254_p2                     |       shl|   0|  0|  124|          38|          38|
    |ap_enable_pp0                          |       xor|   0|  0|    2|           1|           2|
    +---------------------------------------+----------+----+---+-----+------------+------------+
    |Total                                  |          |   0|  0|  320|         170|         116|
    +---------------------------------------+----------+----+---+-----+------------+------------+

    * Multiplexer: 
    +----------------------------------+----+-----------+-----+-----------+
    |               Name               | LUT| Input Size| Bits| Total Bits|
    +----------------------------------+----+-----------+-----+-----------+
    |ap_done_int                       |   9|          2|    1|          2|
    |ap_loop_exit_ready_pp0_iter8_reg  |   9|          2|    1|          2|
    |ap_sig_allocacmp_i1_load          |   9|          2|   12|         24|
    |gmem3_blk_n_AW                    |   9|          2|    1|          2|
    |gmem3_blk_n_B                     |   9|          2|    1|          2|
    |gmem3_blk_n_W                     |   9|          2|    1|          2|
    |i1_fu_104                         |   9|          2|   12|         24|
    |morphology_stream_blk_n           |   9|          2|    1|          2|
    |out_r_blk_n                       |   9|          2|    1|          2|
    +----------------------------------+----+-----------+-----+-----------+
    |Total                             |  81|         18|   31|         62|
    +----------------------------------+----+-----------+-----+-----------+

    * Register: 
    +------------------------------------+----+----+-----+-----------+
    |                Name                | FF | LUT| Bits| Const Bits|
    +------------------------------------+----+----+-----+-----------+
    |add_ln51_reg_399                    |   5|   0|    5|          0|
    |ap_CS_fsm                           |   1|   0|    1|          0|
    |ap_done_reg                         |   1|   0|    1|          0|
    |ap_enable_reg_pp0_iter1             |   1|   0|    1|          0|
    |ap_enable_reg_pp0_iter2             |   1|   0|    1|          0|
    |ap_enable_reg_pp0_iter3             |   1|   0|    1|          0|
    |ap_enable_reg_pp0_iter4             |   1|   0|    1|          0|
    |ap_enable_reg_pp0_iter5             |   1|   0|    1|          0|
    |ap_enable_reg_pp0_iter6             |   1|   0|    1|          0|
    |ap_enable_reg_pp0_iter7             |   1|   0|    1|          0|
    |ap_enable_reg_pp0_iter8             |   1|   0|    1|          0|
    |ap_loop_exit_ready_pp0_iter1_reg    |   1|   0|    1|          0|
    |ap_loop_exit_ready_pp0_iter2_reg    |   1|   0|    1|          0|
    |ap_loop_exit_ready_pp0_iter3_reg    |   1|   0|    1|          0|
    |ap_loop_exit_ready_pp0_iter4_reg    |   1|   0|    1|          0|
    |ap_loop_exit_ready_pp0_iter5_reg    |   1|   0|    1|          0|
    |ap_loop_exit_ready_pp0_iter6_reg    |   1|   0|    1|          0|
    |ap_loop_exit_ready_pp0_iter7_reg    |   1|   0|    1|          0|
    |ap_loop_exit_ready_pp0_iter8_reg    |   1|   0|    1|          0|
    |empty_700_reg_404                   |  32|   0|   32|          0|
    |first_iter_0_reg_144                |   1|   0|    1|          0|
    |first_iter_0_reg_144_pp0_iter1_reg  |   1|   0|    1|          0|
    |i1_fu_104                           |  12|   0|   12|          0|
    |icmp_ln393_reg_375                  |   1|   0|    1|          0|
    |icmp_ln51_reg_384                   |   1|   0|    1|          0|
    |select_ln51_reg_389                 |  14|   0|   14|          0|
    |sub_ln51_reg_370                    |  14|   0|   14|          0|
    |tmp_reg_364                         |   1|   0|    1|          0|
    |tmp_reg_364_pp0_iter1_reg           |   1|   0|    1|          0|
    |trunc_ln51_reg_394                  |   5|   0|    5|          0|
    |trunc_ln_reg_379                    |  62|   0|   62|          0|
    |v_reg_358                           |  14|   0|   14|          0|
    |icmp_ln393_reg_375                  |  64|  32|    1|          0|
    +------------------------------------+----+----+-----+-----------+
    |Total                               | 246|  32|  183|          0|
    +------------------------------------+----+----+-----+-----------+



================================================================
== Interface
================================================================
* Summary: 
+----------------------------------+-----+-----+------------+----------------------------+--------------+
|             RTL Ports            | Dir | Bits|  Protocol  |        Source Object       |    C Type    |
+----------------------------------+-----+-----+------------+----------------------------+--------------+
|ap_clk                            |   in|    1|  ap_ctrl_hs|  Loop_VITIS_LOOP_393_1_proc|  return value|
|ap_rst                            |   in|    1|  ap_ctrl_hs|  Loop_VITIS_LOOP_393_1_proc|  return value|
|ap_start                          |   in|    1|  ap_ctrl_hs|  Loop_VITIS_LOOP_393_1_proc|  return value|
|ap_done                           |  out|    1|  ap_ctrl_hs|  Loop_VITIS_LOOP_393_1_proc|  return value|
|ap_continue                       |   in|    1|  ap_ctrl_hs|  Loop_VITIS_LOOP_393_1_proc|  return value|
|ap_idle                           |  out|    1|  ap_ctrl_hs|  Loop_VITIS_LOOP_393_1_proc|  return value|
|ap_ready                          |  out|    1|  ap_ctrl_hs|  Loop_VITIS_LOOP_393_1_proc|  return value|
|morphology_stream_dout            |   in|   14|     ap_fifo|           morphology_stream|       pointer|
|morphology_stream_empty_n         |   in|    1|     ap_fifo|           morphology_stream|       pointer|
|morphology_stream_read            |  out|    1|     ap_fifo|           morphology_stream|       pointer|
|morphology_stream_num_data_valid  |   in|    9|     ap_fifo|           morphology_stream|       pointer|
|morphology_stream_fifo_cap        |   in|    9|     ap_fifo|           morphology_stream|       pointer|
|out_r_dout                        |   in|   64|     ap_fifo|                       out_r|       pointer|
|out_r_empty_n                     |   in|    1|     ap_fifo|                       out_r|       pointer|
|out_r_read                        |  out|    1|     ap_fifo|                       out_r|       pointer|
|out_r_num_data_valid              |   in|    4|     ap_fifo|                       out_r|       pointer|
|out_r_fifo_cap                    |   in|    4|     ap_fifo|                       out_r|       pointer|
|m_axi_gmem3_0_AWVALID             |  out|    1|       m_axi|                       gmem3|       pointer|
|m_axi_gmem3_0_AWREADY             |   in|    1|       m_axi|                       gmem3|       pointer|
|m_axi_gmem3_0_AWADDR              |  out|   64|       m_axi|                       gmem3|       pointer|
|m_axi_gmem3_0_AWID                |  out|    1|       m_axi|                       gmem3|       pointer|
|m_axi_gmem3_0_AWLEN               |  out|   32|       m_axi|                       gmem3|       pointer|
|m_axi_gmem3_0_AWSIZE              |  out|    3|       m_axi|                       gmem3|       pointer|
|m_axi_gmem3_0_AWBURST             |  out|    2|       m_axi|                       gmem3|       pointer|
|m_axi_gmem3_0_AWLOCK              |  out|    2|       m_axi|                       gmem3|       pointer|
|m_axi_gmem3_0_AWCACHE             |  out|    4|       m_axi|                       gmem3|       pointer|
|m_axi_gmem3_0_AWPROT              |  out|    3|       m_axi|                       gmem3|       pointer|
|m_axi_gmem3_0_AWQOS               |  out|    4|       m_axi|                       gmem3|       pointer|
|m_axi_gmem3_0_AWREGION            |  out|    4|       m_axi|                       gmem3|       pointer|
|m_axi_gmem3_0_AWUSER              |  out|    1|       m_axi|                       gmem3|       pointer|
|m_axi_gmem3_0_WVALID              |  out|    1|       m_axi|                       gmem3|       pointer|
|m_axi_gmem3_0_WREADY              |   in|    1|       m_axi|                       gmem3|       pointer|
|m_axi_gmem3_0_WDATA               |  out|   32|       m_axi|                       gmem3|       pointer|
|m_axi_gmem3_0_WSTRB               |  out|    4|       m_axi|                       gmem3|       pointer|
|m_axi_gmem3_0_WLAST               |  out|    1|       m_axi|                       gmem3|       pointer|
|m_axi_gmem3_0_WID                 |  out|    1|       m_axi|                       gmem3|       pointer|
|m_axi_gmem3_0_WUSER               |  out|    1|       m_axi|                       gmem3|       pointer|
|m_axi_gmem3_0_ARVALID             |  out|    1|       m_axi|                       gmem3|       pointer|
|m_axi_gmem3_0_ARREADY             |   in|    1|       m_axi|                       gmem3|       pointer|
|m_axi_gmem3_0_ARADDR              |  out|   64|       m_axi|                       gmem3|       pointer|
|m_axi_gmem3_0_ARID                |  out|    1|       m_axi|                       gmem3|       pointer|
|m_axi_gmem3_0_ARLEN               |  out|   32|       m_axi|                       gmem3|       pointer|
|m_axi_gmem3_0_ARSIZE              |  out|    3|       m_axi|                       gmem3|       pointer|
|m_axi_gmem3_0_ARBURST             |  out|    2|       m_axi|                       gmem3|       pointer|
|m_axi_gmem3_0_ARLOCK              |  out|    2|       m_axi|                       gmem3|       pointer|
|m_axi_gmem3_0_ARCACHE             |  out|    4|       m_axi|                       gmem3|       pointer|
|m_axi_gmem3_0_ARPROT              |  out|    3|       m_axi|                       gmem3|       pointer|
|m_axi_gmem3_0_ARQOS               |  out|    4|       m_axi|                       gmem3|       pointer|
|m_axi_gmem3_0_ARREGION            |  out|    4|       m_axi|                       gmem3|       pointer|
|m_axi_gmem3_0_ARUSER              |  out|    1|       m_axi|                       gmem3|       pointer|
|m_axi_gmem3_0_RVALID              |   in|    1|       m_axi|                       gmem3|       pointer|
|m_axi_gmem3_0_RREADY              |  out|    1|       m_axi|                       gmem3|       pointer|
|m_axi_gmem3_0_RDATA               |   in|   32|       m_axi|                       gmem3|       pointer|
|m_axi_gmem3_0_RLAST               |   in|    1|       m_axi|                       gmem3|       pointer|
|m_axi_gmem3_0_RID                 |   in|    1|       m_axi|                       gmem3|       pointer|
|m_axi_gmem3_0_RFIFONUM            |   in|    9|       m_axi|                       gmem3|       pointer|
|m_axi_gmem3_0_RUSER               |   in|    1|       m_axi|                       gmem3|       pointer|
|m_axi_gmem3_0_RRESP               |   in|    2|       m_axi|                       gmem3|       pointer|
|m_axi_gmem3_0_BVALID              |   in|    1|       m_axi|                       gmem3|       pointer|
|m_axi_gmem3_0_BREADY              |  out|    1|       m_axi|                       gmem3|       pointer|
|m_axi_gmem3_0_BRESP               |   in|    2|       m_axi|                       gmem3|       pointer|
|m_axi_gmem3_0_BID                 |   in|    1|       m_axi|                       gmem3|       pointer|
|m_axi_gmem3_0_BUSER               |   in|    1|       m_axi|                       gmem3|       pointer|
+----------------------------------+-----+-----+------------+----------------------------+--------------+

============================================================
+ Verbose Summary: Synthesis Manager
============================================================
InlineROM: 1
ExposeGlobal: 0
============================================================
+ Verbose Summary: CDFG Model
============================================================
IsTopModel: 0
ResetActiveHigh: 1
IsCombinational: 2
IsDatapathOnly: 0
HasWiredReturn: 1
HasMFsm: 2
HasVarLatency: 1
IsPipeline: 0
IsRtlPipelined: 0
IsInstanceOverlapped: 0
IsDontTouch: 0
HasImplIP: 0
IsGatedGlobalClock: 0

+ Individual pipeline summary: 
  * Pipeline-0: initiation interval (II) = 1, depth = 9


============================================================
+ Verbose Summary: Schedule
============================================================
* Number of FSM states : 9
* Pipeline : 1
  Pipeline-0 : II = 1, D = 9, States = { 1 2 3 4 5 6 7 8 9 }
* Dataflow Pipeline: 0

* FSM state transitions: 
1 --> 2 
2 --> 3 
3 --> 4 
4 --> 5 
5 --> 6 
6 --> 7 
7 --> 8 
8 --> 9 
9 --> 

* FSM state operations: 

State 1 <SV = 0> <Delay = 2.44>
ST_1 : Operation 12 [1/1] (0.00ns)   --->   "%i1 = alloca i32 1"   --->   Operation 12 'alloca' 'i1' <Predicate = true> <Delay = 0.00>
ST_1 : Operation 13 [1/1] (0.00ns)   --->   "%sext_ln3932 = alloca i32 1"   --->   Operation 13 'alloca' 'sext_ln3932' <Predicate = true> <Delay = 0.00>
ST_1 : Operation 14 [1/1] (0.00ns)   --->   "%specinterface_ln0 = specinterface void @_ssdm_op_SpecInterface, i64 %out_r, void @ap_fifo_str, i32 0, i32 0, void @p_str, i32 0, i32 0, void @p_str, void @p_str, void @p_str, i32 2, i32 2, i32 16, i32 16, void @p_str, void @ScalarProp_str, i32 4294967295, i32 0, i32 0"   --->   Operation 14 'specinterface' 'specinterface_ln0' <Predicate = true> <Delay = 0.00>
ST_1 : Operation 15 [1/1] (0.00ns)   --->   "%specinterface_ln0 = specinterface void @_ssdm_op_SpecInterface, i14 %morphology_stream, void @empty_17, i32 0, i32 0, void @empty_2, i32 0, i32 0, void @empty_2, void @empty_2, void @empty_2, i32 0, i32 0, i32 0, i32 0, void @empty_2, void @empty_2, i32 4294967295, i32 0, i32 0"   --->   Operation 15 'specinterface' 'specinterface_ln0' <Predicate = true> <Delay = 0.00>
ST_1 : Operation 16 [1/1] (0.00ns)   --->   "%specinterface_ln0 = specinterface void @_ssdm_op_SpecInterface, i32 %gmem3, void @empty_16, i32 0, i32 0, void @empty_2, i32 0, i32 0, void @empty_4, void @empty_12, void @empty_2, i32 16, i32 16, i32 16, i32 256, void @empty_2, void @empty_2, i32 4294967295, i32 0, i32 0"   --->   Operation 16 'specinterface' 'specinterface_ln0' <Predicate = true> <Delay = 0.00>
ST_1 : Operation 17 [1/1] (0.48ns)   --->   "%store_ln0 = store i12 0, i12 %i1"   --->   Operation 17 'store' 'store_ln0' <Predicate = true> <Delay = 0.48>
ST_1 : Operation 18 [1/1] (0.48ns)   --->   "%br_ln393 = br void %new.header" [top.cpp:393->top.cpp:393]   --->   Operation 18 'br' 'br_ln393' <Predicate = true> <Delay = 0.48>
ST_1 : Operation 19 [1/1] (0.00ns)   --->   "%first_iter_0 = phi i1 1, void %newFuncRoot, i1 0, void %new.latch.for.body.split.i_ifconv.split"   --->   Operation 19 'phi' 'first_iter_0' <Predicate = true> <Delay = 0.00>
ST_1 : Operation 20 [1/1] (0.00ns)   --->   "%br_ln0 = br i1 %first_iter_0, void %for.body.split.i_ifconv, void %for.first.iter.for.body.split.i_ifconv"   --->   Operation 20 'br' 'br_ln0' <Predicate = true> <Delay = 0.00>
ST_1 : Operation 21 [1/1] (0.00ns)   --->   "%i1_load = load i12 %i1" [top.cpp:393->top.cpp:393]   --->   Operation 21 'load' 'i1_load' <Predicate = true> <Delay = 0.00>
ST_1 : Operation 22 [1/1] ( I:1.46ns O:1.46ns )   --->   "%v = read i14 @_ssdm_op_Read.ap_fifo.volatile.i14P0A, i14 %morphology_stream" [top.cpp:395->top.cpp:393]   --->   Operation 22 'read' 'v' <Predicate = true> <Delay = 1.46> <CoreInst = "FIFO">   --->   Core 77 'FIFO' <Latency = 0> <II = 1> <Delay = 1.86> <Storage> <Opcode : 'read' 'write' 'nbread' 'nbwrite'> <Ports = 0> <Width = 14> <Depth = 256> <FIFO>
ST_1 : Operation 23 [1/1] (0.00ns)   --->   "%tmp = bitselect i1 @_ssdm_op_BitSelect.i1.i14.i32, i14 %v, i32 13" [top.cpp:51->top.cpp:393]   --->   Operation 23 'bitselect' 'tmp' <Predicate = true> <Delay = 0.00>
ST_1 : Operation 24 [1/1] (0.98ns)   --->   "%sub_ln51 = sub i14 0, i14 %v" [top.cpp:51->top.cpp:393]   --->   Operation 24 'sub' 'sub_ln51' <Predicate = true> <Delay = 0.98> <CoreInst = "Adder">   --->   Core 1 'Adder' <Latency = 0> <II = 1> <Delay = 0.98> <FuncUnit> <Opcode : 'add' 'sub'> <InPorts = 2> <OutPorts = 1>
ST_1 : Operation 25 [1/1] (0.96ns)   --->   "%i = add i12 %i1_load, i12 1" [top.cpp:393->top.cpp:393]   --->   Operation 25 'add' 'i' <Predicate = true> <Delay = 0.96> <CoreInst = "Adder">   --->   Core 1 'Adder' <Latency = 0> <II = 1> <Delay = 0.96> <FuncUnit> <Opcode : 'add' 'sub'> <InPorts = 2> <OutPorts = 1>
ST_1 : Operation 26 [1/1] (0.96ns)   --->   "%icmp_ln393 = icmp_eq  i12 %i1_load, i12 4095" [top.cpp:393->top.cpp:393]   --->   Operation 26 'icmp' 'icmp_ln393' <Predicate = true> <Delay = 0.96> <CoreInst = "Cmp">   --->   Core 9 'Cmp' <Latency = 0> <II = 1> <Delay = 0.96> <FuncUnit> <Opcode : 'seteq' 'setne' 'setle' 'setge' 'setlt' 'setgt'> <InPorts = 2> <OutPorts = 1>
ST_1 : Operation 27 [1/1] (0.00ns)   --->   "%br_ln393 = br i1 %icmp_ln393, void %new.latch.for.body.split.i_ifconv.split, void %last.iter.for.body.split.i_ifconv.split" [top.cpp:393->top.cpp:393]   --->   Operation 27 'br' 'br_ln393' <Predicate = true> <Delay = 0.00>
ST_1 : Operation 28 [1/1] (0.48ns)   --->   "%store_ln393 = store i12 %i, i12 %i1" [top.cpp:393->top.cpp:393]   --->   Operation 28 'store' 'store_ln393' <Predicate = true> <Delay = 0.48>
ST_1 : Operation 29 [1/1] (0.00ns)   --->   "%br_ln393 = br i1 %icmp_ln393, void %new.header, void %Loop_VITIS_LOOP_393_1_proc.1.exit" [top.cpp:393->top.cpp:393]   --->   Operation 29 'br' 'br_ln393' <Predicate = true> <Delay = 0.00>

State 2 <SV = 1> <Delay = 2.13>
ST_2 : Operation 30 [1/1] ( I:1.46ns O:1.46ns )   --->   "%out_r_read = read i64 @_ssdm_op_Read.ap_fifo.i64P0A, i64 %out_r"   --->   Operation 30 'read' 'out_r_read' <Predicate = (first_iter_0)> <Delay = 1.46> <CoreInst = "FIFO_SRL">   --->   Core 80 'FIFO_SRL' <Latency = 0> <II = 1> <Delay = 2.14> <Storage> <Opcode : 'read' 'write' 'nbread' 'nbwrite'> <Ports = 0> <Width = 64> <Depth = 6> <FIFO>
ST_2 : Operation 31 [1/1] (0.00ns)   --->   "%trunc_ln = partselect i62 @_ssdm_op_PartSelect.i62.i64.i32.i32, i64 %out_r_read, i32 2, i32 63" [top.cpp:393]   --->   Operation 31 'partselect' 'trunc_ln' <Predicate = (first_iter_0)> <Delay = 0.00>
ST_2 : Operation 32 [1/1] (0.98ns)   --->   "%icmp_ln51 = icmp_eq  i14 %v, i14 0" [top.cpp:51->top.cpp:393]   --->   Operation 32 'icmp' 'icmp_ln51' <Predicate = true> <Delay = 0.98> <CoreInst = "Cmp">   --->   Core 9 'Cmp' <Latency = 0> <II = 1> <Delay = 0.98> <FuncUnit> <Opcode : 'seteq' 'setne' 'setle' 'setge' 'setlt' 'setgt'> <InPorts = 2> <OutPorts = 1>
ST_2 : Operation 33 [1/1] (0.54ns)   --->   "%select_ln51 = select i1 %tmp, i14 %sub_ln51, i14 %v" [top.cpp:51->top.cpp:393]   --->   Operation 33 'select' 'select_ln51' <Predicate = true> <Delay = 0.54> <CoreInst = "Sel">   --->   Core 73 'Sel' <Latency = 0> <II = 1> <Delay = 0.54> <FuncUnit> <Opcode : 'select'> <InPorts = 3> <OutPorts = 1>
ST_2 : Operation 34 [1/1] (0.71ns)   --->   "%tmp_s = ctlz i14 @llvm.ctlz.i14, i14 %select_ln51, i1 0" [top.cpp:51->top.cpp:393]   --->   Operation 34 'ctlz' 'tmp_s' <Predicate = true> <Delay = 0.71> <CoreInst = "ctlz">   --->   Core 145 'ctlz' <Latency = 0> <II = 1> <Delay = 0.71> <FuncUnit> <Opcode : 'ctlz'> <InPorts = 1> <OutPorts = 1>
ST_2 : Operation 35 [1/1] (0.00ns)   --->   "%trunc_ln51 = trunc i14 %tmp_s" [top.cpp:51->top.cpp:393]   --->   Operation 35 'trunc' 'trunc_ln51' <Predicate = true> <Delay = 0.00>
ST_2 : Operation 36 [1/1] (0.87ns)   --->   "%add_ln51 = add i5 %trunc_ln51, i5 11" [top.cpp:51->top.cpp:393]   --->   Operation 36 'add' 'add_ln51' <Predicate = true> <Delay = 0.87> <CoreInst = "Adder">   --->   Core 1 'Adder' <Latency = 0> <II = 1> <Delay = 0.87> <FuncUnit> <Opcode : 'add' 'sub'> <InPorts = 2> <OutPorts = 1>

State 3 <SV = 2> <Delay = 2.92>
ST_3 : Operation 37 [1/1] (0.00ns)   --->   "%sext_ln393 = sext i62 %trunc_ln" [top.cpp:393]   --->   Operation 37 'sext' 'sext_ln393' <Predicate = (first_iter_0)> <Delay = 0.00>
ST_3 : Operation 38 [1/1] (0.00ns)   --->   "%gmem3_addr = getelementptr i32 %gmem3, i64 %sext_ln393" [top.cpp:393]   --->   Operation 38 'getelementptr' 'gmem3_addr' <Predicate = (first_iter_0)> <Delay = 0.00>
ST_3 : Operation 39 [1/1] (2.92ns)   --->   "%empty = writereq i1 @_ssdm_op_WriteReq.m_axi.p1i32, i64 %gmem3_addr, i64 4096" [top.cpp:393]   --->   Operation 39 'writereq' 'empty' <Predicate = (first_iter_0)> <Delay = 2.92> <CoreInst = "m_axi">   --->   Core 119 'm_axi' <Latency = 9> <II = 1> <Delay = 1.00> <Adapter> <Opcode : 'read' 'write' 'readreq' 'writereq' 'writeresp'>
ST_3 : Operation 40 [1/1] (0.00ns)   --->   "%store_ln393 = store i64 %sext_ln393, i64 %sext_ln3932" [top.cpp:393]   --->   Operation 40 'store' 'store_ln393' <Predicate = (first_iter_0)> <Delay = 0.00>
ST_3 : Operation 41 [1/1] (0.00ns)   --->   "%br_ln0 = br void %for.body.split.i_ifconv"   --->   Operation 41 'br' 'br_ln0' <Predicate = (first_iter_0)> <Delay = 0.00>
ST_3 : Operation 42 [1/1] (0.00ns)   --->   "%zext_ln51 = zext i14 %select_ln51" [top.cpp:51->top.cpp:393]   --->   Operation 42 'zext' 'zext_ln51' <Predicate = (!icmp_ln51)> <Delay = 0.00>
ST_3 : Operation 43 [1/1] (0.00ns)   --->   "%zext_ln51_29 = zext i5 %add_ln51" [top.cpp:51->top.cpp:393]   --->   Operation 43 'zext' 'zext_ln51_29' <Predicate = (!icmp_ln51)> <Delay = 0.00>
ST_3 : Operation 44 [1/1] (1.24ns)   --->   "%shl_ln51 = shl i38 %zext_ln51, i38 %zext_ln51_29" [top.cpp:51->top.cpp:393]   --->   Operation 44 'shl' 'shl_ln51' <Predicate = (!icmp_ln51)> <Delay = 1.24> <CoreInst = "Shifter">   --->   Core 75 'Shifter' <Latency = 0> <II = 1> <Delay = 1.61> <FuncUnit> <Opcode : 'shl' 'lshr' 'ashr'> <InPorts = 2> <OutPorts = 1>
ST_3 : Operation 45 [1/1] (0.00ns)   --->   "%lshr_ln = partselect i37 @_ssdm_op_PartSelect.i37.i38.i32.i32, i38 %shl_ln51, i32 1, i32 37" [top.cpp:51->top.cpp:393]   --->   Operation 45 'partselect' 'lshr_ln' <Predicate = (!icmp_ln51)> <Delay = 0.00>
ST_3 : Operation 46 [1/1] (0.00ns)   --->   "%zext_ln51_30 = zext i37 %lshr_ln" [top.cpp:51->top.cpp:393]   --->   Operation 46 'zext' 'zext_ln51_30' <Predicate = (!icmp_ln51)> <Delay = 0.00>
ST_3 : Operation 47 [1/1] (0.00ns) (grouped into LUT with out node add_ln51_19)   --->   "%tmp_556 = bitselect i1 @_ssdm_op_BitSelect.i1.i38.i32, i38 %shl_ln51, i32 25" [top.cpp:51->top.cpp:393]   --->   Operation 47 'bitselect' 'tmp_556' <Predicate = (!icmp_ln51)> <Delay = 0.00>
ST_3 : Operation 48 [1/1] (0.00ns) (grouped into LUT with out node add_ln51_19)   --->   "%select_ln51_20 = select i1 %tmp_556, i8 127, i8 126" [top.cpp:51->top.cpp:393]   --->   Operation 48 'select' 'select_ln51_20' <Predicate = (!icmp_ln51)> <Delay = 0.00> <CoreInst = "Sel">   --->   Core 73 'Sel' <Latency = 0> <II = 1> <Delay = 0.42> <FuncUnit> <Opcode : 'select'> <InPorts = 3> <OutPorts = 1>
ST_3 : Operation 49 [1/1] (0.87ns)   --->   "%sub_ln51_19 = sub i5 3, i5 %trunc_ln51" [top.cpp:51->top.cpp:393]   --->   Operation 49 'sub' 'sub_ln51_19' <Predicate = (!icmp_ln51)> <Delay = 0.87> <CoreInst = "Adder">   --->   Core 1 'Adder' <Latency = 0> <II = 1> <Delay = 0.87> <FuncUnit> <Opcode : 'add' 'sub'> <InPorts = 2> <OutPorts = 1>
ST_3 : Operation 50 [1/1] (0.00ns) (grouped into LUT with out node add_ln51_19)   --->   "%sext_ln51 = sext i5 %sub_ln51_19" [top.cpp:51->top.cpp:393]   --->   Operation 50 'sext' 'sext_ln51' <Predicate = (!icmp_ln51)> <Delay = 0.00>
ST_3 : Operation 51 [1/1] (0.90ns) (out node of the LUT)   --->   "%add_ln51_19 = add i8 %select_ln51_20, i8 %sext_ln51" [top.cpp:51->top.cpp:393]   --->   Operation 51 'add' 'add_ln51_19' <Predicate = (!icmp_ln51)> <Delay = 0.90> <CoreInst = "Adder">   --->   Core 1 'Adder' <Latency = 0> <II = 1> <Delay = 0.90> <FuncUnit> <Opcode : 'add' 'sub'> <InPorts = 2> <OutPorts = 1>
ST_3 : Operation 52 [1/1] (0.00ns)   --->   "%tmp_49 = bitconcatenate i9 @_ssdm_op_BitConcatenate.i9.i1.i8, i1 %tmp, i8 %add_ln51_19" [top.cpp:51->top.cpp:393]   --->   Operation 52 'bitconcatenate' 'tmp_49' <Predicate = (!icmp_ln51)> <Delay = 0.00>
ST_3 : Operation 53 [1/1] (0.00ns)   --->   "%pi = partset i64 @_ssdm_op_PartSet.i64.i64.i9.i32.i32, i64 %zext_ln51_30, i9 %tmp_49, i32 23, i32 31" [top.cpp:51->top.cpp:393]   --->   Operation 53 'partset' 'pi' <Predicate = (!icmp_ln51)> <Delay = 0.00>
ST_3 : Operation 54 [1/1] (0.00ns)   --->   "%trunc_ln776 = trunc i64 %pi" [top.cpp:776->top.cpp:393]   --->   Operation 54 'trunc' 'trunc_ln776' <Predicate = (!icmp_ln51)> <Delay = 0.00>
ST_3 : Operation 55 [1/1] (0.52ns)   --->   "%empty_700 = select i1 %icmp_ln51, i32 0, i32 %trunc_ln776" [top.cpp:51->top.cpp:393]   --->   Operation 55 'select' 'empty_700' <Predicate = true> <Delay = 0.52> <CoreInst = "Sel">   --->   Core 73 'Sel' <Latency = 0> <II = 1> <Delay = 0.52> <FuncUnit> <Opcode : 'select'> <InPorts = 3> <OutPorts = 1>

State 4 <SV = 3> <Delay = 2.92>
ST_4 : Operation 56 [1/1] (0.00ns)   --->   "%sext_ln3932_load = load i64 %sext_ln3932" [top.cpp:393]   --->   Operation 56 'load' 'sext_ln3932_load' <Predicate = true> <Delay = 0.00>
ST_4 : Operation 57 [1/1] (0.00ns)   --->   "%specpipeline_ln394 = specpipeline void @_ssdm_op_SpecPipeline, i32 1, i32 0, i32 0, i32 0, void @empty_2" [top.cpp:394->top.cpp:393]   --->   Operation 57 'specpipeline' 'specpipeline_ln394' <Predicate = true> <Delay = 0.00>
ST_4 : Operation 58 [1/1] (0.00ns)   --->   "%speclooptripcount_ln393 = speclooptripcount void @_ssdm_op_SpecLoopTripCount, i64 4096, i64 4096, i64 4096" [top.cpp:393->top.cpp:393]   --->   Operation 58 'speclooptripcount' 'speclooptripcount_ln393' <Predicate = true> <Delay = 0.00>
ST_4 : Operation 59 [1/1] (0.00ns)   --->   "%specloopname_ln393 = specloopname void @_ssdm_op_SpecLoopName, void @empty_11" [top.cpp:393->top.cpp:393]   --->   Operation 59 'specloopname' 'specloopname_ln393' <Predicate = true> <Delay = 0.00>
ST_4 : Operation 60 [1/1] (0.00ns)   --->   "%gmem3_addr_1 = getelementptr i32 %gmem3, i64 %sext_ln3932_load" [top.cpp:393]   --->   Operation 60 'getelementptr' 'gmem3_addr_1' <Predicate = true> <Delay = 0.00>
ST_4 : Operation 61 [1/1] (2.92ns)   --->   "%write_ln396 = write void @_ssdm_op_Write.m_axi.p1i32, i64 %gmem3_addr_1, i32 %empty_700, i4 15" [top.cpp:396->top.cpp:393]   --->   Operation 61 'write' 'write_ln396' <Predicate = true> <Delay = 2.92> <CoreInst = "m_axi">   --->   Core 119 'm_axi' <Latency = 5> <II = 1> <Delay = 1.00> <Adapter> <Opcode : 'read' 'write' 'readreq' 'writereq' 'writeresp'>

State 5 <SV = 4> <Delay = 2.92>
ST_5 : Operation 62 [5/5] (2.92ns)   --->   "%empty_701 = writeresp i1 @_ssdm_op_WriteResp.m_axi.p1i32, i64 %gmem3_addr_1" [top.cpp:398]   --->   Operation 62 'writeresp' 'empty_701' <Predicate = (icmp_ln393)> <Delay = 2.92> <CoreInst = "m_axi">   --->   Core 119 'm_axi' <Latency = 3> <II = 1> <Delay = 1.00> <Adapter> <Opcode : 'read' 'write' 'readreq' 'writereq' 'writeresp'>

State 6 <SV = 5> <Delay = 2.92>
ST_6 : Operation 63 [4/5] (2.92ns)   --->   "%empty_701 = writeresp i1 @_ssdm_op_WriteResp.m_axi.p1i32, i64 %gmem3_addr_1" [top.cpp:398]   --->   Operation 63 'writeresp' 'empty_701' <Predicate = (icmp_ln393)> <Delay = 2.92> <CoreInst = "m_axi">   --->   Core 119 'm_axi' <Latency = 3> <II = 1> <Delay = 1.00> <Adapter> <Opcode : 'read' 'write' 'readreq' 'writereq' 'writeresp'>

State 7 <SV = 6> <Delay = 2.92>
ST_7 : Operation 64 [3/5] (2.92ns)   --->   "%empty_701 = writeresp i1 @_ssdm_op_WriteResp.m_axi.p1i32, i64 %gmem3_addr_1" [top.cpp:398]   --->   Operation 64 'writeresp' 'empty_701' <Predicate = (icmp_ln393)> <Delay = 2.92> <CoreInst = "m_axi">   --->   Core 119 'm_axi' <Latency = 3> <II = 1> <Delay = 1.00> <Adapter> <Opcode : 'read' 'write' 'readreq' 'writereq' 'writeresp'>

State 8 <SV = 7> <Delay = 2.92>
ST_8 : Operation 65 [2/5] (2.92ns)   --->   "%empty_701 = writeresp i1 @_ssdm_op_WriteResp.m_axi.p1i32, i64 %gmem3_addr_1" [top.cpp:398]   --->   Operation 65 'writeresp' 'empty_701' <Predicate = (icmp_ln393)> <Delay = 2.92> <CoreInst = "m_axi">   --->   Core 119 'm_axi' <Latency = 3> <II = 1> <Delay = 1.00> <Adapter> <Opcode : 'read' 'write' 'readreq' 'writereq' 'writeresp'>

State 9 <SV = 8> <Delay = 2.92>
ST_9 : Operation 66 [1/5] (2.92ns)   --->   "%empty_701 = writeresp i1 @_ssdm_op_WriteResp.m_axi.p1i32, i64 %gmem3_addr_1" [top.cpp:398]   --->   Operation 66 'writeresp' 'empty_701' <Predicate = (icmp_ln393)> <Delay = 2.92> <CoreInst = "m_axi">   --->   Core 119 'm_axi' <Latency = 3> <II = 1> <Delay = 1.00> <Adapter> <Opcode : 'read' 'write' 'readreq' 'writereq' 'writeresp'>
ST_9 : Operation 67 [1/1] (0.00ns)   --->   "%br_ln393 = br void %new.latch.for.body.split.i_ifconv.split" [top.cpp:393->top.cpp:393]   --->   Operation 67 'br' 'br_ln393' <Predicate = (icmp_ln393)> <Delay = 0.00>
ST_9 : Operation 68 [1/1] (0.48ns)   --->   "%ret_ln0 = ret"   --->   Operation 68 'ret' 'ret_ln0' <Predicate = (icmp_ln393)> <Delay = 0.48>


============================================================
+ Verbose Summary: Binding
============================================================
STG Binding: 
---------------- STG Properties BEGIN ----------------
- Is combinational: 0
- Is one-state seq: 0
- Is datapath-only: 0
- Is pipelined: 0
- Is top level: 0
Port [ Return ] is wired: 1; IO mode=ap_ctrl_hs:ce=0
Port [ out_r]:  wired=1; compound=1; hidden=0; nouse=0; global=0; static=0; extern=0; dir=0; type=3; pingpong=0; private_global=0; IO mode=ap_fifo:ce=0
Port [ gmem3]:  wired=1; compound=1; hidden=0; nouse=0; global=0; static=0; extern=0; dir=1; type=4; pingpong=0; private_global=0; IO mode=m_axi:ce=0
Port [ morphology_stream]:  wired=1; compound=1; hidden=0; nouse=0; global=0; static=0; extern=0; dir=0; type=3; pingpong=0; private_global=0; IO mode=ap_fifo:ce=0
---------------- STG Properties END ------------------

---------------- Datapath Model BEGIN ----------------

<LifeTime>
<method=bitvector/>
i1                      (alloca           ) [ 0100000000]
sext_ln3932             (alloca           ) [ 0111100000]
specinterface_ln0       (specinterface    ) [ 0000000000]
specinterface_ln0       (specinterface    ) [ 0000000000]
specinterface_ln0       (specinterface    ) [ 0000000000]
store_ln0               (store            ) [ 0000000000]
br_ln393                (br               ) [ 0000000000]
first_iter_0            (phi              ) [ 0111000000]
br_ln0                  (br               ) [ 0000000000]
i1_load                 (load             ) [ 0000000000]
v                       (read             ) [ 0110000000]
tmp                     (bitselect        ) [ 0111000000]
sub_ln51                (sub              ) [ 0110000000]
i                       (add              ) [ 0000000000]
icmp_ln393              (icmp             ) [ 0111111111]
br_ln393                (br               ) [ 0000000000]
store_ln393             (store            ) [ 0000000000]
br_ln393                (br               ) [ 0100000000]
out_r_read              (read             ) [ 0000000000]
trunc_ln                (partselect       ) [ 0101000000]
icmp_ln51               (icmp             ) [ 0101000000]
select_ln51             (select           ) [ 0101000000]
tmp_s                   (ctlz             ) [ 0000000000]
trunc_ln51              (trunc            ) [ 0101000000]
add_ln51                (add              ) [ 0101000000]
sext_ln393              (sext             ) [ 0000000000]
gmem3_addr              (getelementptr    ) [ 0000000000]
empty                   (writereq         ) [ 0000000000]
store_ln393             (store            ) [ 0000000000]
br_ln0                  (br               ) [ 0000000000]
zext_ln51               (zext             ) [ 0000000000]
zext_ln51_29            (zext             ) [ 0000000000]
shl_ln51                (shl              ) [ 0000000000]
lshr_ln                 (partselect       ) [ 0000000000]
zext_ln51_30            (zext             ) [ 0000000000]
tmp_556                 (bitselect        ) [ 0000000000]
select_ln51_20          (select           ) [ 0000000000]
sub_ln51_19             (sub              ) [ 0000000000]
sext_ln51               (sext             ) [ 0000000000]
add_ln51_19             (add              ) [ 0000000000]
tmp_49                  (bitconcatenate   ) [ 0000000000]
pi                      (partset          ) [ 0000000000]
trunc_ln776             (trunc            ) [ 0000000000]
empty_700               (select           ) [ 0100100000]
sext_ln3932_load        (load             ) [ 0000000000]
specpipeline_ln394      (specpipeline     ) [ 0000000000]
speclooptripcount_ln393 (speclooptripcount) [ 0000000000]
specloopname_ln393      (specloopname     ) [ 0000000000]
gmem3_addr_1            (getelementptr    ) [ 0100011111]
write_ln396             (write            ) [ 0000000000]
empty_701               (writeresp        ) [ 0000000000]
br_ln393                (br               ) [ 0000000000]
ret_ln0                 (ret              ) [ 0000000000]
</LifeTime>

<model>

<comp_list>
<comp id="0" class="1000" name="out_r">
<pin_list>
<pin id="1" dir="1" index="0" bw="1" slack="0"/>
</pin_list>
<bind>
<StgValue><ssdm name="out_r"/></StgValue>
</bind>
</comp>

<comp id="2" class="1000" name="gmem3">
<pin_list>
<pin id="3" dir="1" index="0" bw="1" slack="0"/>
</pin_list>
<bind>
<StgValue><ssdm name="gmem3"/><MemPortTyVec>1 </MemPortTyVec>
</StgValue>
</bind>
</comp>

<comp id="4" class="1000" name="morphology_stream">
<pin_list>
<pin id="5" dir="1" index="0" bw="1" slack="0"/>
</pin_list>
<bind>
<StgValue><ssdm name="morphology_stream"/></StgValue>
</bind>
</comp>

<comp id="6" class="1001" name="const_6">
<pin_list>
<pin id="7" dir="1" index="0" bw="1" slack="0"/>
</pin_list>
<bind>
<StgValue><ssdm name=""/></StgValue>
</bind>
</comp>

<comp id="8" class="1001" name="const_8">
<pin_list>
<pin id="9" dir="1" index="0" bw="1" slack="2147483647"/>
</pin_list>
<bind>
<StgValue><ssdm name="_ssdm_op_SpecInterface"/></StgValue>
</bind>
</comp>

<comp id="10" class="1001" name="const_10">
<pin_list>
<pin id="11" dir="1" index="0" bw="1" slack="2147483647"/>
</pin_list>
<bind>
<StgValue><ssdm name="ap_fifo_str"/></StgValue>
</bind>
</comp>

<comp id="12" class="1001" name="const_12">
<pin_list>
<pin id="13" dir="1" index="0" bw="1" slack="0"/>
</pin_list>
<bind>
<StgValue><ssdm name=""/></StgValue>
</bind>
</comp>

<comp id="14" class="1001" name="const_14">
<pin_list>
<pin id="15" dir="1" index="0" bw="1" slack="2147483647"/>
</pin_list>
<bind>
<StgValue><ssdm name="p_str"/></StgValue>
</bind>
</comp>

<comp id="16" class="1001" name="const_16">
<pin_list>
<pin id="17" dir="1" index="0" bw="1" slack="0"/>
</pin_list>
<bind>
<StgValue><ssdm name=""/></StgValue>
</bind>
</comp>

<comp id="18" class="1001" name="const_18">
<pin_list>
<pin id="19" dir="1" index="0" bw="1" slack="2147483647"/>
</pin_list>
<bind>
<StgValue><ssdm name=""/></StgValue>
</bind>
</comp>

<comp id="20" class="1001" name="const_20">
<pin_list>
<pin id="21" dir="1" index="0" bw="1" slack="2147483647"/>
</pin_list>
<bind>
<StgValue><ssdm name="ScalarProp_str"/></StgValue>
</bind>
</comp>

<comp id="22" class="1001" name="const_22">
<pin_list>
<pin id="23" dir="1" index="0" bw="1" slack="2147483647"/>
</pin_list>
<bind>
<StgValue><ssdm name=""/></StgValue>
</bind>
</comp>

<comp id="24" class="1001" name="const_24">
<pin_list>
<pin id="25" dir="1" index="0" bw="1" slack="2147483647"/>
</pin_list>
<bind>
<StgValue><ssdm name="empty_17"/></StgValue>
</bind>
</comp>

<comp id="26" class="1001" name="const_26">
<pin_list>
<pin id="27" dir="1" index="0" bw="1" slack="2147483647"/>
</pin_list>
<bind>
<StgValue><ssdm name="empty_2"/></StgValue>
</bind>
</comp>

<comp id="28" class="1001" name="const_28">
<pin_list>
<pin id="29" dir="1" index="0" bw="1" slack="2147483647"/>
</pin_list>
<bind>
<StgValue><ssdm name="empty_16"/></StgValue>
</bind>
</comp>

<comp id="30" class="1001" name="const_30">
<pin_list>
<pin id="31" dir="1" index="0" bw="1" slack="2147483647"/>
</pin_list>
<bind>
<StgValue><ssdm name="empty_4"/></StgValue>
</bind>
</comp>

<comp id="32" class="1001" name="const_32">
<pin_list>
<pin id="33" dir="1" index="0" bw="1" slack="2147483647"/>
</pin_list>
<bind>
<StgValue><ssdm name="empty_12"/></StgValue>
</bind>
</comp>

<comp id="34" class="1001" name="const_34">
<pin_list>
<pin id="35" dir="1" index="0" bw="1" slack="2147483647"/>
</pin_list>
<bind>
<StgValue><ssdm name=""/></StgValue>
</bind>
</comp>

<comp id="36" class="1001" name="const_36">
<pin_list>
<pin id="37" dir="1" index="0" bw="1" slack="0"/>
</pin_list>
<bind>
<StgValue><ssdm name=""/></StgValue>
</bind>
</comp>

<comp id="38" class="1001" name="const_38">
<pin_list>
<pin id="39" dir="1" index="0" bw="1" slack="0"/>
</pin_list>
<bind>
<StgValue><ssdm name=""/></StgValue>
</bind>
</comp>

<comp id="40" class="1001" name="const_40">
<pin_list>
<pin id="41" dir="1" index="0" bw="1" slack="0"/>
</pin_list>
<bind>
<StgValue><ssdm name=""/></StgValue>
</bind>
</comp>

<comp id="42" class="1001" name="const_42">
<pin_list>
<pin id="43" dir="1" index="0" bw="1" slack="0"/>
</pin_list>
<bind>
<StgValue><ssdm name="_ssdm_op_Read.ap_fifo.volatile.i14P0A"/></StgValue>
</bind>
</comp>

<comp id="44" class="1001" name="const_44">
<pin_list>
<pin id="45" dir="1" index="0" bw="1" slack="0"/>
</pin_list>
<bind>
<StgValue><ssdm name="_ssdm_op_BitSelect.i1.i14.i32"/></StgValue>
</bind>
</comp>

<comp id="46" class="1001" name="const_46">
<pin_list>
<pin id="47" dir="1" index="0" bw="1" slack="0"/>
</pin_list>
<bind>
<StgValue><ssdm name=""/></StgValue>
</bind>
</comp>

<comp id="48" class="1001" name="const_48">
<pin_list>
<pin id="49" dir="1" index="0" bw="1" slack="0"/>
</pin_list>
<bind>
<StgValue><ssdm name=""/></StgValue>
</bind>
</comp>

<comp id="50" class="1001" name="const_50">
<pin_list>
<pin id="51" dir="1" index="0" bw="1" slack="0"/>
</pin_list>
<bind>
<StgValue><ssdm name=""/></StgValue>
</bind>
</comp>

<comp id="52" class="1001" name="const_52">
<pin_list>
<pin id="53" dir="1" index="0" bw="1" slack="0"/>
</pin_list>
<bind>
<StgValue><ssdm name=""/></StgValue>
</bind>
</comp>

<comp id="54" class="1001" name="const_54">
<pin_list>
<pin id="55" dir="1" index="0" bw="1" slack="0"/>
</pin_list>
<bind>
<StgValue><ssdm name="_ssdm_op_Read.ap_fifo.i64P0A"/></StgValue>
</bind>
</comp>

<comp id="56" class="1001" name="const_56">
<pin_list>
<pin id="57" dir="1" index="0" bw="1" slack="0"/>
</pin_list>
<bind>
<StgValue><ssdm name="_ssdm_op_PartSelect.i62.i64.i32.i32"/></StgValue>
</bind>
</comp>

<comp id="58" class="1001" name="const_58">
<pin_list>
<pin id="59" dir="1" index="0" bw="1" slack="0"/>
</pin_list>
<bind>
<StgValue><ssdm name=""/></StgValue>
</bind>
</comp>

<comp id="60" class="1001" name="const_60">
<pin_list>
<pin id="61" dir="1" index="0" bw="1" slack="0"/>
</pin_list>
<bind>
<StgValue><ssdm name="llvm.ctlz.i14"/></StgValue>
</bind>
</comp>

<comp id="62" class="1001" name="const_62">
<pin_list>
<pin id="63" dir="1" index="0" bw="1" slack="0"/>
</pin_list>
<bind>
<StgValue><ssdm name=""/></StgValue>
</bind>
</comp>

<comp id="64" class="1001" name="const_64">
<pin_list>
<pin id="65" dir="1" index="0" bw="1" slack="0"/>
</pin_list>
<bind>
<StgValue><ssdm name="_ssdm_op_WriteReq.m_axi.p1i32"/></StgValue>
</bind>
</comp>

<comp id="66" class="1001" name="const_66">
<pin_list>
<pin id="67" dir="1" index="0" bw="1" slack="0"/>
</pin_list>
<bind>
<StgValue><ssdm name=""/></StgValue>
</bind>
</comp>

<comp id="68" class="1001" name="const_68">
<pin_list>
<pin id="69" dir="1" index="0" bw="1" slack="0"/>
</pin_list>
<bind>
<StgValue><ssdm name="_ssdm_op_PartSelect.i37.i38.i32.i32"/></StgValue>
</bind>
</comp>

<comp id="70" class="1001" name="const_70">
<pin_list>
<pin id="71" dir="1" index="0" bw="1" slack="0"/>
</pin_list>
<bind>
<StgValue><ssdm name=""/></StgValue>
</bind>
</comp>

<comp id="72" class="1001" name="const_72">
<pin_list>
<pin id="73" dir="1" index="0" bw="1" slack="0"/>
</pin_list>
<bind>
<StgValue><ssdm name="_ssdm_op_BitSelect.i1.i38.i32"/></StgValue>
</bind>
</comp>

<comp id="74" class="1001" name="const_74">
<pin_list>
<pin id="75" dir="1" index="0" bw="1" slack="0"/>
</pin_list>
<bind>
<StgValue><ssdm name=""/></StgValue>
</bind>
</comp>

<comp id="76" class="1001" name="const_76">
<pin_list>
<pin id="77" dir="1" index="0" bw="1" slack="0"/>
</pin_list>
<bind>
<StgValue><ssdm name=""/></StgValue>
</bind>
</comp>

<comp id="78" class="1001" name="const_78">
<pin_list>
<pin id="79" dir="1" index="0" bw="1" slack="0"/>
</pin_list>
<bind>
<StgValue><ssdm name=""/></StgValue>
</bind>
</comp>

<comp id="80" class="1001" name="const_80">
<pin_list>
<pin id="81" dir="1" index="0" bw="1" slack="0"/>
</pin_list>
<bind>
<StgValue><ssdm name=""/></StgValue>
</bind>
</comp>

<comp id="82" class="1001" name="const_82">
<pin_list>
<pin id="83" dir="1" index="0" bw="1" slack="0"/>
</pin_list>
<bind>
<StgValue><ssdm name="_ssdm_op_BitConcatenate.i9.i1.i8"/></StgValue>
</bind>
</comp>

<comp id="84" class="1001" name="const_84">
<pin_list>
<pin id="85" dir="1" index="0" bw="1" slack="0"/>
</pin_list>
<bind>
<StgValue><ssdm name="_ssdm_op_PartSet.i64.i64.i9.i32.i32"/></StgValue>
</bind>
</comp>

<comp id="86" class="1001" name="const_86">
<pin_list>
<pin id="87" dir="1" index="0" bw="1" slack="0"/>
</pin_list>
<bind>
<StgValue><ssdm name=""/></StgValue>
</bind>
</comp>

<comp id="88" class="1001" name="const_88">
<pin_list>
<pin id="89" dir="1" index="0" bw="1" slack="0"/>
</pin_list>
<bind>
<StgValue><ssdm name=""/></StgValue>
</bind>
</comp>

<comp id="90" class="1001" name="const_90">
<pin_list>
<pin id="91" dir="1" index="0" bw="1" slack="2147483647"/>
</pin_list>
<bind>
<StgValue><ssdm name="_ssdm_op_SpecPipeline"/></StgValue>
</bind>
</comp>

<comp id="92" class="1001" name="const_92">
<pin_list>
<pin id="93" dir="1" index="0" bw="1" slack="2147483647"/>
</pin_list>
<bind>
<StgValue><ssdm name="_ssdm_op_SpecLoopTripCount"/></StgValue>
</bind>
</comp>

<comp id="94" class="1001" name="const_94">
<pin_list>
<pin id="95" dir="1" index="0" bw="1" slack="2147483647"/>
</pin_list>
<bind>
<StgValue><ssdm name="_ssdm_op_SpecLoopName"/></StgValue>
</bind>
</comp>

<comp id="96" class="1001" name="const_96">
<pin_list>
<pin id="97" dir="1" index="0" bw="1" slack="2147483647"/>
</pin_list>
<bind>
<StgValue><ssdm name="empty_11"/></StgValue>
</bind>
</comp>

<comp id="98" class="1001" name="const_98">
<pin_list>
<pin id="99" dir="1" index="0" bw="1" slack="0"/>
</pin_list>
<bind>
<StgValue><ssdm name="_ssdm_op_Write.m_axi.p1i32"/></StgValue>
</bind>
</comp>

<comp id="100" class="1001" name="const_100">
<pin_list>
<pin id="101" dir="1" index="0" bw="1" slack="0"/>
</pin_list>
<bind>
<StgValue><ssdm name=""/></StgValue>
</bind>
</comp>

<comp id="102" class="1001" name="const_102">
<pin_list>
<pin id="103" dir="1" index="0" bw="1" slack="0"/>
</pin_list>
<bind>
<StgValue><ssdm name="_ssdm_op_WriteResp.m_axi.p1i32"/></StgValue>
</bind>
</comp>

<comp id="104" class="1004" name="i1_fu_104">
<pin_list>
<pin id="105" dir="0" index="0" bw="1" slack="0"/>
<pin id="106" dir="1" index="1" bw="12" slack="0"/>
</pin_list>
<bind>
<opcode="alloca(26) " fcode="alloca"/>
<opset="i1/1 "/>
</bind>
</comp>

<comp id="108" class="1004" name="sext_ln3932_fu_108">
<pin_list>
<pin id="109" dir="0" index="0" bw="1" slack="0"/>
<pin id="110" dir="1" index="1" bw="64" slack="2"/>
</pin_list>
<bind>
<opcode="alloca(26) " fcode="alloca"/>
<opset="sext_ln3932/1 "/>
</bind>
</comp>

<comp id="112" class="1004" name="v_read_fu_112">
<pin_list>
<pin id="113" dir="0" index="0" bw="14" slack="0"/>
<pin id="114" dir="0" index="1" bw="14" slack="0"/>
<pin id="115" dir="1" index="2" bw="14" slack="0"/>
</pin_list>
<bind>
<opcode="read(1150) " fcode="read"/>
<opset="v/1 "/>
</bind>
</comp>

<comp id="118" class="1004" name="out_r_read_read_fu_118">
<pin_list>
<pin id="119" dir="0" index="0" bw="64" slack="0"/>
<pin id="120" dir="0" index="1" bw="64" slack="0"/>
<pin id="121" dir="1" index="2" bw="64" slack="0"/>
</pin_list>
<bind>
<opcode="read(1150) " fcode="read"/>
<opset="out_r_read/2 "/>
</bind>
</comp>

<comp id="124" class="1004" name="empty_writereq_fu_124">
<pin_list>
<pin id="125" dir="0" index="0" bw="1" slack="0"/>
<pin id="126" dir="0" index="1" bw="32" slack="0"/>
<pin id="127" dir="0" index="2" bw="14" slack="0"/>
<pin id="128" dir="1" index="3" bw="1" slack="2147483647"/>
</pin_list>
<bind>
<opcode="writereq(1155) " fcode="writereq"/>
<opset="empty/3 "/>
</bind>
</comp>

<comp id="131" class="1004" name="write_ln396_write_fu_131">
<pin_list>
<pin id="132" dir="0" index="0" bw="0" slack="0"/>
<pin id="133" dir="0" index="1" bw="32" slack="0"/>
<pin id="134" dir="0" index="2" bw="32" slack="1"/>
<pin id="135" dir="0" index="3" bw="1" slack="0"/>
<pin id="136" dir="1" index="4" bw="0" slack="2147483647"/>
</pin_list>
<bind>
<opcode="write(1151) " fcode="write"/>
<opset="write_ln396/4 "/>
</bind>
</comp>

<comp id="139" class="1004" name="grp_writeresp_fu_139">
<pin_list>
<pin id="140" dir="0" index="0" bw="1" slack="0"/>
<pin id="141" dir="0" index="1" bw="32" slack="1"/>
<pin id="142" dir="1" index="2" bw="1" slack="2147483647"/>
</pin_list>
<bind>
<opcode="writeresp(1158) " fcode="writeresp"/>
<opset="empty_701/5 "/>
</bind>
</comp>

<comp id="144" class="1005" name="first_iter_0_reg_144">
<pin_list>
<pin id="145" dir="0" index="0" bw="1" slack="1"/>
<pin id="146" dir="1" index="1" bw="1" slack="2147483647"/>
</pin_list>
<bind>
<opset="first_iter_0 (phireg) "/>
</bind>
</comp>

<comp id="147" class="1004" name="first_iter_0_phi_fu_147">
<pin_list>
<pin id="148" dir="0" index="0" bw="1" slack="0"/>
<pin id="149" dir="0" index="1" bw="0" slack="2147483647"/>
<pin id="150" dir="0" index="2" bw="1" slack="0"/>
<pin id="151" dir="0" index="3" bw="0" slack="2147483647"/>
<pin id="152" dir="1" index="4" bw="1" slack="1"/>
</pin_list>
<bind>
<opcode="phi(47) " fcode="phi"/>
<opset="first_iter_0/1 "/>
</bind>
</comp>

<comp id="156" class="1004" name="store_ln0_store_fu_156">
<pin_list>
<pin id="157" dir="0" index="0" bw="1" slack="0"/>
<pin id="158" dir="0" index="1" bw="12" slack="0"/>
<pin id="159" dir="1" index="2" bw="0" slack="2147483647"/>
</pin_list>
<bind>
<opcode="store(28) " fcode="store"/>
<opset="store_ln0/1 "/>
</bind>
</comp>

<comp id="161" class="1004" name="i1_load_load_fu_161">
<pin_list>
<pin id="162" dir="0" index="0" bw="12" slack="0"/>
<pin id="163" dir="1" index="1" bw="12" slack="0"/>
</pin_list>
<bind>
<opcode="load(27) " fcode="load"/>
<opset="i1_load/1 "/>
</bind>
</comp>

<comp id="164" class="1004" name="tmp_fu_164">
<pin_list>
<pin id="165" dir="0" index="0" bw="1" slack="0"/>
<pin id="166" dir="0" index="1" bw="14" slack="0"/>
<pin id="167" dir="0" index="2" bw="5" slack="0"/>
<pin id="168" dir="1" index="3" bw="1" slack="1"/>
</pin_list>
<bind>
<opcode="bitselect(1000) " fcode="bitselect"/>
<opset="tmp/1 "/>
</bind>
</comp>

<comp id="172" class="1004" name="sub_ln51_fu_172">
<pin_list>
<pin id="173" dir="0" index="0" bw="1" slack="0"/>
<pin id="174" dir="0" index="1" bw="14" slack="0"/>
<pin id="175" dir="1" index="2" bw="14" slack="1"/>
</pin_list>
<bind>
<opcode="sub(10) " fcode="sub"/>
<opset="sub_ln51/1 "/>
</bind>
</comp>

<comp id="178" class="1004" name="i_fu_178">
<pin_list>
<pin id="179" dir="0" index="0" bw="12" slack="0"/>
<pin id="180" dir="0" index="1" bw="1" slack="0"/>
<pin id="181" dir="1" index="2" bw="12" slack="0"/>
</pin_list>
<bind>
<opcode="add(8) " fcode="add"/>
<opset="i/1 "/>
</bind>
</comp>

<comp id="184" class="1004" name="icmp_ln393_fu_184">
<pin_list>
<pin id="185" dir="0" index="0" bw="12" slack="0"/>
<pin id="186" dir="0" index="1" bw="12" slack="0"/>
<pin id="187" dir="1" index="2" bw="1" slack="1"/>
</pin_list>
<bind>
<opcode="icmp(45) " fcode="icmp"/>
<opset="icmp_ln393/1 "/>
</bind>
</comp>

<comp id="190" class="1004" name="store_ln393_store_fu_190">
<pin_list>
<pin id="191" dir="0" index="0" bw="12" slack="0"/>
<pin id="192" dir="0" index="1" bw="12" slack="0"/>
<pin id="193" dir="1" index="2" bw="0" slack="2147483647"/>
</pin_list>
<bind>
<opcode="store(28) " fcode="store"/>
<opset="store_ln393/1 "/>
</bind>
</comp>

<comp id="195" class="1004" name="trunc_ln_fu_195">
<pin_list>
<pin id="196" dir="0" index="0" bw="62" slack="0"/>
<pin id="197" dir="0" index="1" bw="64" slack="0"/>
<pin id="198" dir="0" index="2" bw="3" slack="0"/>
<pin id="199" dir="0" index="3" bw="7" slack="0"/>
<pin id="200" dir="1" index="4" bw="62" slack="1"/>
</pin_list>
<bind>
<opcode="partselect(1002) " fcode="partselect"/>
<opset="trunc_ln/2 "/>
</bind>
</comp>

<comp id="205" class="1004" name="icmp_ln51_fu_205">
<pin_list>
<pin id="206" dir="0" index="0" bw="14" slack="1"/>
<pin id="207" dir="0" index="1" bw="14" slack="0"/>
<pin id="208" dir="1" index="2" bw="1" slack="1"/>
</pin_list>
<bind>
<opcode="icmp(45) " fcode="icmp"/>
<opset="icmp_ln51/2 "/>
</bind>
</comp>

<comp id="210" class="1004" name="select_ln51_fu_210">
<pin_list>
<pin id="211" dir="0" index="0" bw="1" slack="1"/>
<pin id="212" dir="0" index="1" bw="14" slack="1"/>
<pin id="213" dir="0" index="2" bw="14" slack="1"/>
<pin id="214" dir="1" index="3" bw="14" slack="0"/>
</pin_list>
<bind>
<opcode="select(49) " fcode="select"/>
<opset="select_ln51/2 "/>
</bind>
</comp>

<comp id="215" class="1004" name="tmp_s_fu_215">
<pin_list>
<pin id="216" dir="0" index="0" bw="14" slack="0"/>
<pin id="217" dir="0" index="1" bw="14" slack="0"/>
<pin id="218" dir="0" index="2" bw="1" slack="0"/>
<pin id="219" dir="1" index="3" bw="14" slack="0"/>
</pin_list>
<bind>
<opcode="ctlz(523) " fcode="ctlz"/>
<opset="tmp_s/2 "/>
</bind>
</comp>

<comp id="223" class="1004" name="trunc_ln51_fu_223">
<pin_list>
<pin id="224" dir="0" index="0" bw="14" slack="0"/>
<pin id="225" dir="1" index="1" bw="5" slack="0"/>
</pin_list>
<bind>
<opcode="trunc(33) " fcode="trunc"/>
<opset="trunc_ln51/2 "/>
</bind>
</comp>

<comp id="227" class="1004" name="add_ln51_fu_227">
<pin_list>
<pin id="228" dir="0" index="0" bw="5" slack="0"/>
<pin id="229" dir="0" index="1" bw="5" slack="0"/>
<pin id="230" dir="1" index="2" bw="5" slack="1"/>
</pin_list>
<bind>
<opcode="add(8) " fcode="add"/>
<opset="add_ln51/2 "/>
</bind>
</comp>

<comp id="233" class="1004" name="sext_ln393_fu_233">
<pin_list>
<pin id="234" dir="0" index="0" bw="62" slack="1"/>
<pin id="235" dir="1" index="1" bw="64" slack="0"/>
</pin_list>
<bind>
<opcode="sext(35) " fcode="sext"/>
<opset="sext_ln393/3 "/>
</bind>
</comp>

<comp id="236" class="1004" name="gmem3_addr_fu_236">
<pin_list>
<pin id="237" dir="0" index="0" bw="64" slack="0"/>
<pin id="238" dir="0" index="1" bw="64" slack="0"/>
<pin id="239" dir="1" index="2" bw="64" slack="0"/>
</pin_list>
<bind>
<opcode="getelementptr(29) " fcode="getelementptr"/>
<opset="gmem3_addr/3 "/>
</bind>
</comp>

<comp id="243" class="1004" name="store_ln393_store_fu_243">
<pin_list>
<pin id="244" dir="0" index="0" bw="62" slack="0"/>
<pin id="245" dir="0" index="1" bw="64" slack="2"/>
<pin id="246" dir="1" index="2" bw="0" slack="2147483647"/>
</pin_list>
<bind>
<opcode="store(28) " fcode="store"/>
<opset="store_ln393/3 "/>
</bind>
</comp>

<comp id="248" class="1004" name="zext_ln51_fu_248">
<pin_list>
<pin id="249" dir="0" index="0" bw="14" slack="1"/>
<pin id="250" dir="1" index="1" bw="38" slack="0"/>
</pin_list>
<bind>
<opcode="zext(34) " fcode="zext"/>
<opset="zext_ln51/3 "/>
</bind>
</comp>

<comp id="251" class="1004" name="zext_ln51_29_fu_251">
<pin_list>
<pin id="252" dir="0" index="0" bw="5" slack="1"/>
<pin id="253" dir="1" index="1" bw="38" slack="0"/>
</pin_list>
<bind>
<opcode="zext(34) " fcode="zext"/>
<opset="zext_ln51_29/3 "/>
</bind>
</comp>

<comp id="254" class="1004" name="shl_ln51_fu_254">
<pin_list>
<pin id="255" dir="0" index="0" bw="14" slack="0"/>
<pin id="256" dir="0" index="1" bw="5" slack="0"/>
<pin id="257" dir="1" index="2" bw="38" slack="0"/>
</pin_list>
<bind>
<opcode="shl(20) " fcode="shl"/>
<opset="shl_ln51/3 "/>
</bind>
</comp>

<comp id="260" class="1004" name="lshr_ln_fu_260">
<pin_list>
<pin id="261" dir="0" index="0" bw="37" slack="0"/>
<pin id="262" dir="0" index="1" bw="38" slack="0"/>
<pin id="263" dir="0" index="2" bw="1" slack="0"/>
<pin id="264" dir="0" index="3" bw="7" slack="0"/>
<pin id="265" dir="1" index="4" bw="37" slack="0"/>
</pin_list>
<bind>
<opcode="partselect(1002) " fcode="partselect"/>
<opset="lshr_ln/3 "/>
</bind>
</comp>

<comp id="270" class="1004" name="zext_ln51_30_fu_270">
<pin_list>
<pin id="271" dir="0" index="0" bw="37" slack="0"/>
<pin id="272" dir="1" index="1" bw="64" slack="0"/>
</pin_list>
<bind>
<opcode="zext(34) " fcode="zext"/>
<opset="zext_ln51_30/3 "/>
</bind>
</comp>

<comp id="274" class="1004" name="tmp_556_fu_274">
<pin_list>
<pin id="275" dir="0" index="0" bw="1" slack="0"/>
<pin id="276" dir="0" index="1" bw="38" slack="0"/>
<pin id="277" dir="0" index="2" bw="6" slack="0"/>
<pin id="278" dir="1" index="3" bw="1" slack="0"/>
</pin_list>
<bind>
<opcode="bitselect(1000) " fcode="bitselect"/>
<opset="tmp_556/3 "/>
</bind>
</comp>

<comp id="282" class="1004" name="select_ln51_20_fu_282">
<pin_list>
<pin id="283" dir="0" index="0" bw="1" slack="0"/>
<pin id="284" dir="0" index="1" bw="8" slack="0"/>
<pin id="285" dir="0" index="2" bw="8" slack="0"/>
<pin id="286" dir="1" index="3" bw="8" slack="0"/>
</pin_list>
<bind>
<opcode="select(49) " fcode="select"/>
<opset="select_ln51_20/3 "/>
</bind>
</comp>

<comp id="290" class="1004" name="sub_ln51_19_fu_290">
<pin_list>
<pin id="291" dir="0" index="0" bw="3" slack="0"/>
<pin id="292" dir="0" index="1" bw="5" slack="1"/>
<pin id="293" dir="1" index="2" bw="5" slack="0"/>
</pin_list>
<bind>
<opcode="sub(10) " fcode="sub"/>
<opset="sub_ln51_19/3 "/>
</bind>
</comp>

<comp id="295" class="1004" name="sext_ln51_fu_295">
<pin_list>
<pin id="296" dir="0" index="0" bw="5" slack="0"/>
<pin id="297" dir="1" index="1" bw="8" slack="0"/>
</pin_list>
<bind>
<opcode="sext(35) " fcode="sext"/>
<opset="sext_ln51/3 "/>
</bind>
</comp>

<comp id="299" class="1004" name="add_ln51_19_fu_299">
<pin_list>
<pin id="300" dir="0" index="0" bw="8" slack="0"/>
<pin id="301" dir="0" index="1" bw="5" slack="0"/>
<pin id="302" dir="1" index="2" bw="8" slack="0"/>
</pin_list>
<bind>
<opcode="add(8) " fcode="add"/>
<opset="add_ln51_19/3 "/>
</bind>
</comp>

<comp id="305" class="1004" name="tmp_49_fu_305">
<pin_list>
<pin id="306" dir="0" index="0" bw="9" slack="0"/>
<pin id="307" dir="0" index="1" bw="1" slack="2"/>
<pin id="308" dir="0" index="2" bw="8" slack="0"/>
<pin id="309" dir="1" index="3" bw="9" slack="0"/>
</pin_list>
<bind>
<opcode="bitconcatenate(1004) " fcode="bitconcatenate"/>
<opset="tmp_49/3 "/>
</bind>
</comp>

<comp id="312" class="1004" name="pi_fu_312">
<pin_list>
<pin id="313" dir="0" index="0" bw="64" slack="0"/>
<pin id="314" dir="0" index="1" bw="37" slack="0"/>
<pin id="315" dir="0" index="2" bw="9" slack="0"/>
<pin id="316" dir="0" index="3" bw="6" slack="0"/>
<pin id="317" dir="0" index="4" bw="6" slack="0"/>
<pin id="318" dir="1" index="5" bw="64" slack="0"/>
</pin_list>
<bind>
<opcode="partset(1003) " fcode="partset"/>
<opset="pi/3 "/>
</bind>
</comp>

<comp id="324" class="1004" name="trunc_ln776_fu_324">
<pin_list>
<pin id="325" dir="0" index="0" bw="64" slack="0"/>
<pin id="326" dir="1" index="1" bw="32" slack="0"/>
</pin_list>
<bind>
<opcode="trunc(33) " fcode="trunc"/>
<opset="trunc_ln776/3 "/>
</bind>
</comp>

<comp id="328" class="1004" name="empty_700_fu_328">
<pin_list>
<pin id="329" dir="0" index="0" bw="1" slack="1"/>
<pin id="330" dir="0" index="1" bw="32" slack="0"/>
<pin id="331" dir="0" index="2" bw="32" slack="0"/>
<pin id="332" dir="1" index="3" bw="32" slack="1"/>
</pin_list>
<bind>
<opcode="select(49) " fcode="select"/>
<opset="empty_700/3 "/>
</bind>
</comp>

<comp id="335" class="1004" name="sext_ln3932_load_load_fu_335">
<pin_list>
<pin id="336" dir="0" index="0" bw="64" slack="3"/>
<pin id="337" dir="1" index="1" bw="64" slack="0"/>
</pin_list>
<bind>
<opcode="load(27) " fcode="load"/>
<opset="sext_ln3932_load/4 "/>
</bind>
</comp>

<comp id="338" class="1004" name="gmem3_addr_1_fu_338">
<pin_list>
<pin id="339" dir="0" index="0" bw="64" slack="0"/>
<pin id="340" dir="0" index="1" bw="64" slack="0"/>
<pin id="341" dir="1" index="2" bw="64" slack="0"/>
</pin_list>
<bind>
<opcode="getelementptr(29) " fcode="getelementptr"/>
<opset="gmem3_addr_1/4 "/>
</bind>
</comp>

<comp id="345" class="1005" name="i1_reg_345">
<pin_list>
<pin id="346" dir="0" index="0" bw="12" slack="0"/>
<pin id="347" dir="1" index="1" bw="12" slack="0"/>
</pin_list>
<bind>
<opset="i1 "/>
</bind>
</comp>

<comp id="352" class="1005" name="sext_ln3932_reg_352">
<pin_list>
<pin id="353" dir="0" index="0" bw="64" slack="2"/>
<pin id="354" dir="1" index="1" bw="64" slack="2"/>
</pin_list>
<bind>
<opset="sext_ln3932 "/>
</bind>
</comp>

<comp id="358" class="1005" name="v_reg_358">
<pin_list>
<pin id="359" dir="0" index="0" bw="14" slack="1"/>
<pin id="360" dir="1" index="1" bw="14" slack="1"/>
</pin_list>
<bind>
<opset="v "/>
</bind>
</comp>

<comp id="364" class="1005" name="tmp_reg_364">
<pin_list>
<pin id="365" dir="0" index="0" bw="1" slack="1"/>
<pin id="366" dir="1" index="1" bw="1" slack="1"/>
</pin_list>
<bind>
<opset="tmp "/>
</bind>
</comp>

<comp id="370" class="1005" name="sub_ln51_reg_370">
<pin_list>
<pin id="371" dir="0" index="0" bw="14" slack="1"/>
<pin id="372" dir="1" index="1" bw="14" slack="1"/>
</pin_list>
<bind>
<opset="sub_ln51 "/>
</bind>
</comp>

<comp id="375" class="1005" name="icmp_ln393_reg_375">
<pin_list>
<pin id="376" dir="0" index="0" bw="1" slack="1"/>
<pin id="377" dir="1" index="1" bw="1" slack="2147483647"/>
</pin_list>
<bind>
<opset="icmp_ln393 "/>
</bind>
</comp>

<comp id="379" class="1005" name="trunc_ln_reg_379">
<pin_list>
<pin id="380" dir="0" index="0" bw="62" slack="1"/>
<pin id="381" dir="1" index="1" bw="62" slack="1"/>
</pin_list>
<bind>
<opset="trunc_ln "/>
</bind>
</comp>

<comp id="384" class="1005" name="icmp_ln51_reg_384">
<pin_list>
<pin id="385" dir="0" index="0" bw="1" slack="1"/>
<pin id="386" dir="1" index="1" bw="1" slack="1"/>
</pin_list>
<bind>
<opset="icmp_ln51 "/>
</bind>
</comp>

<comp id="389" class="1005" name="select_ln51_reg_389">
<pin_list>
<pin id="390" dir="0" index="0" bw="14" slack="1"/>
<pin id="391" dir="1" index="1" bw="14" slack="1"/>
</pin_list>
<bind>
<opset="select_ln51 "/>
</bind>
</comp>

<comp id="394" class="1005" name="trunc_ln51_reg_394">
<pin_list>
<pin id="395" dir="0" index="0" bw="5" slack="1"/>
<pin id="396" dir="1" index="1" bw="5" slack="1"/>
</pin_list>
<bind>
<opset="trunc_ln51 "/>
</bind>
</comp>

<comp id="399" class="1005" name="add_ln51_reg_399">
<pin_list>
<pin id="400" dir="0" index="0" bw="5" slack="1"/>
<pin id="401" dir="1" index="1" bw="5" slack="1"/>
</pin_list>
<bind>
<opset="add_ln51 "/>
</bind>
</comp>

<comp id="404" class="1005" name="empty_700_reg_404">
<pin_list>
<pin id="405" dir="0" index="0" bw="32" slack="1"/>
<pin id="406" dir="1" index="1" bw="32" slack="1"/>
</pin_list>
<bind>
<opset="empty_700 "/>
</bind>
</comp>

<comp id="409" class="1005" name="gmem3_addr_1_reg_409">
<pin_list>
<pin id="410" dir="0" index="0" bw="32" slack="1"/>
<pin id="411" dir="1" index="1" bw="32" slack="1"/>
</pin_list>
<bind>
<opset="gmem3_addr_1 "/>
</bind>
</comp>

</comp_list>

<net_list>
<net id="107"><net_src comp="6" pin="0"/><net_sink comp="104" pin=0"/></net>

<net id="111"><net_src comp="6" pin="0"/><net_sink comp="108" pin=0"/></net>

<net id="116"><net_src comp="42" pin="0"/><net_sink comp="112" pin=0"/></net>

<net id="117"><net_src comp="4" pin="0"/><net_sink comp="112" pin=1"/></net>

<net id="122"><net_src comp="54" pin="0"/><net_sink comp="118" pin=0"/></net>

<net id="123"><net_src comp="0" pin="0"/><net_sink comp="118" pin=1"/></net>

<net id="129"><net_src comp="64" pin="0"/><net_sink comp="124" pin=0"/></net>

<net id="130"><net_src comp="66" pin="0"/><net_sink comp="124" pin=2"/></net>

<net id="137"><net_src comp="98" pin="0"/><net_sink comp="131" pin=0"/></net>

<net id="138"><net_src comp="100" pin="0"/><net_sink comp="131" pin=3"/></net>

<net id="143"><net_src comp="102" pin="0"/><net_sink comp="139" pin=0"/></net>

<net id="153"><net_src comp="38" pin="0"/><net_sink comp="147" pin=0"/></net>

<net id="154"><net_src comp="40" pin="0"/><net_sink comp="147" pin=2"/></net>

<net id="155"><net_src comp="147" pin="4"/><net_sink comp="144" pin=0"/></net>

<net id="160"><net_src comp="36" pin="0"/><net_sink comp="156" pin=0"/></net>

<net id="169"><net_src comp="44" pin="0"/><net_sink comp="164" pin=0"/></net>

<net id="170"><net_src comp="112" pin="2"/><net_sink comp="164" pin=1"/></net>

<net id="171"><net_src comp="46" pin="0"/><net_sink comp="164" pin=2"/></net>

<net id="176"><net_src comp="48" pin="0"/><net_sink comp="172" pin=0"/></net>

<net id="177"><net_src comp="112" pin="2"/><net_sink comp="172" pin=1"/></net>

<net id="182"><net_src comp="161" pin="1"/><net_sink comp="178" pin=0"/></net>

<net id="183"><net_src comp="50" pin="0"/><net_sink comp="178" pin=1"/></net>

<net id="188"><net_src comp="161" pin="1"/><net_sink comp="184" pin=0"/></net>

<net id="189"><net_src comp="52" pin="0"/><net_sink comp="184" pin=1"/></net>

<net id="194"><net_src comp="178" pin="2"/><net_sink comp="190" pin=0"/></net>

<net id="201"><net_src comp="56" pin="0"/><net_sink comp="195" pin=0"/></net>

<net id="202"><net_src comp="118" pin="2"/><net_sink comp="195" pin=1"/></net>

<net id="203"><net_src comp="16" pin="0"/><net_sink comp="195" pin=2"/></net>

<net id="204"><net_src comp="58" pin="0"/><net_sink comp="195" pin=3"/></net>

<net id="209"><net_src comp="48" pin="0"/><net_sink comp="205" pin=1"/></net>

<net id="220"><net_src comp="60" pin="0"/><net_sink comp="215" pin=0"/></net>

<net id="221"><net_src comp="210" pin="3"/><net_sink comp="215" pin=1"/></net>

<net id="222"><net_src comp="40" pin="0"/><net_sink comp="215" pin=2"/></net>

<net id="226"><net_src comp="215" pin="3"/><net_sink comp="223" pin=0"/></net>

<net id="231"><net_src comp="223" pin="1"/><net_sink comp="227" pin=0"/></net>

<net id="232"><net_src comp="62" pin="0"/><net_sink comp="227" pin=1"/></net>

<net id="240"><net_src comp="2" pin="0"/><net_sink comp="236" pin=0"/></net>

<net id="241"><net_src comp="233" pin="1"/><net_sink comp="236" pin=1"/></net>

<net id="242"><net_src comp="236" pin="2"/><net_sink comp="124" pin=1"/></net>

<net id="247"><net_src comp="233" pin="1"/><net_sink comp="243" pin=0"/></net>

<net id="258"><net_src comp="248" pin="1"/><net_sink comp="254" pin=0"/></net>

<net id="259"><net_src comp="251" pin="1"/><net_sink comp="254" pin=1"/></net>

<net id="266"><net_src comp="68" pin="0"/><net_sink comp="260" pin=0"/></net>

<net id="267"><net_src comp="254" pin="2"/><net_sink comp="260" pin=1"/></net>

<net id="268"><net_src comp="6" pin="0"/><net_sink comp="260" pin=2"/></net>

<net id="269"><net_src comp="70" pin="0"/><net_sink comp="260" pin=3"/></net>

<net id="273"><net_src comp="260" pin="4"/><net_sink comp="270" pin=0"/></net>

<net id="279"><net_src comp="72" pin="0"/><net_sink comp="274" pin=0"/></net>

<net id="280"><net_src comp="254" pin="2"/><net_sink comp="274" pin=1"/></net>

<net id="281"><net_src comp="74" pin="0"/><net_sink comp="274" pin=2"/></net>

<net id="287"><net_src comp="274" pin="3"/><net_sink comp="282" pin=0"/></net>

<net id="288"><net_src comp="76" pin="0"/><net_sink comp="282" pin=1"/></net>

<net id="289"><net_src comp="78" pin="0"/><net_sink comp="282" pin=2"/></net>

<net id="294"><net_src comp="80" pin="0"/><net_sink comp="290" pin=0"/></net>

<net id="298"><net_src comp="290" pin="2"/><net_sink comp="295" pin=0"/></net>

<net id="303"><net_src comp="282" pin="3"/><net_sink comp="299" pin=0"/></net>

<net id="304"><net_src comp="295" pin="1"/><net_sink comp="299" pin=1"/></net>

<net id="310"><net_src comp="82" pin="0"/><net_sink comp="305" pin=0"/></net>

<net id="311"><net_src comp="299" pin="2"/><net_sink comp="305" pin=2"/></net>

<net id="319"><net_src comp="84" pin="0"/><net_sink comp="312" pin=0"/></net>

<net id="320"><net_src comp="270" pin="1"/><net_sink comp="312" pin=1"/></net>

<net id="321"><net_src comp="305" pin="3"/><net_sink comp="312" pin=2"/></net>

<net id="322"><net_src comp="86" pin="0"/><net_sink comp="312" pin=3"/></net>

<net id="323"><net_src comp="88" pin="0"/><net_sink comp="312" pin=4"/></net>

<net id="327"><net_src comp="312" pin="5"/><net_sink comp="324" pin=0"/></net>

<net id="333"><net_src comp="12" pin="0"/><net_sink comp="328" pin=1"/></net>

<net id="334"><net_src comp="324" pin="1"/><net_sink comp="328" pin=2"/></net>

<net id="342"><net_src comp="2" pin="0"/><net_sink comp="338" pin=0"/></net>

<net id="343"><net_src comp="335" pin="1"/><net_sink comp="338" pin=1"/></net>

<net id="344"><net_src comp="338" pin="2"/><net_sink comp="131" pin=1"/></net>

<net id="348"><net_src comp="104" pin="1"/><net_sink comp="345" pin=0"/></net>

<net id="349"><net_src comp="345" pin="1"/><net_sink comp="156" pin=1"/></net>

<net id="350"><net_src comp="345" pin="1"/><net_sink comp="161" pin=0"/></net>

<net id="351"><net_src comp="345" pin="1"/><net_sink comp="190" pin=1"/></net>

<net id="355"><net_src comp="108" pin="1"/><net_sink comp="352" pin=0"/></net>

<net id="356"><net_src comp="352" pin="1"/><net_sink comp="243" pin=1"/></net>

<net id="357"><net_src comp="352" pin="1"/><net_sink comp="335" pin=0"/></net>

<net id="361"><net_src comp="112" pin="2"/><net_sink comp="358" pin=0"/></net>

<net id="362"><net_src comp="358" pin="1"/><net_sink comp="205" pin=0"/></net>

<net id="363"><net_src comp="358" pin="1"/><net_sink comp="210" pin=2"/></net>

<net id="367"><net_src comp="164" pin="3"/><net_sink comp="364" pin=0"/></net>

<net id="368"><net_src comp="364" pin="1"/><net_sink comp="210" pin=0"/></net>

<net id="369"><net_src comp="364" pin="1"/><net_sink comp="305" pin=1"/></net>

<net id="373"><net_src comp="172" pin="2"/><net_sink comp="370" pin=0"/></net>

<net id="374"><net_src comp="370" pin="1"/><net_sink comp="210" pin=1"/></net>

<net id="378"><net_src comp="184" pin="2"/><net_sink comp="375" pin=0"/></net>

<net id="382"><net_src comp="195" pin="4"/><net_sink comp="379" pin=0"/></net>

<net id="383"><net_src comp="379" pin="1"/><net_sink comp="233" pin=0"/></net>

<net id="387"><net_src comp="205" pin="2"/><net_sink comp="384" pin=0"/></net>

<net id="388"><net_src comp="384" pin="1"/><net_sink comp="328" pin=0"/></net>

<net id="392"><net_src comp="210" pin="3"/><net_sink comp="389" pin=0"/></net>

<net id="393"><net_src comp="389" pin="1"/><net_sink comp="248" pin=0"/></net>

<net id="397"><net_src comp="223" pin="1"/><net_sink comp="394" pin=0"/></net>

<net id="398"><net_src comp="394" pin="1"/><net_sink comp="290" pin=1"/></net>

<net id="402"><net_src comp="227" pin="2"/><net_sink comp="399" pin=0"/></net>

<net id="403"><net_src comp="399" pin="1"/><net_sink comp="251" pin=0"/></net>

<net id="407"><net_src comp="328" pin="3"/><net_sink comp="404" pin=0"/></net>

<net id="408"><net_src comp="404" pin="1"/><net_sink comp="131" pin=2"/></net>

<net id="412"><net_src comp="338" pin="2"/><net_sink comp="409" pin=0"/></net>

<net id="413"><net_src comp="409" pin="1"/><net_sink comp="139" pin=1"/></net>

</net_list>

</model> 
---------------- Datapath Model END ------------------

* FSMD analyzer results:
  - Output states:
	Port: gmem3 | {3 4 5 6 7 8 9 }
 - Input state : 
	Port: Loop_VITIS_LOOP_393_1_proc : out_r | {2 }
	Port: Loop_VITIS_LOOP_393_1_proc : gmem3 | {}
	Port: Loop_VITIS_LOOP_393_1_proc : morphology_stream | {1 }
  - Chain level:
	State 1
		store_ln0 : 1
		first_iter_0 : 1
		br_ln0 : 2
		i1_load : 1
		i : 2
		icmp_ln393 : 2
		br_ln393 : 3
		store_ln393 : 3
		br_ln393 : 3
	State 2
		tmp_s : 1
		trunc_ln51 : 2
		add_ln51 : 3
	State 3
		gmem3_addr : 1
		empty : 2
		store_ln393 : 1
		shl_ln51 : 1
		lshr_ln : 2
		zext_ln51_30 : 3
		tmp_556 : 2
		select_ln51_20 : 3
		sext_ln51 : 1
		add_ln51_19 : 4
		tmp_49 : 5
		pi : 6
		trunc_ln776 : 7
		empty_700 : 8
	State 4
		gmem3_addr_1 : 1
		write_ln396 : 2
	State 5
	State 6
	State 7
	State 8
	State 9


============================================================
+ Verbose Summary: Datapath Resource usage 
============================================================

* Functional unit list:
|----------|--------------------------|---------|---------|
| Operation|      Functional Unit     |    FF   |   LUT   |
|----------|--------------------------|---------|---------|
|          |    select_ln51_fu_210    |    0    |    14   |
|  select  |   select_ln51_20_fu_282  |    0    |    8    |
|          |     empty_700_fu_328     |    0    |    32   |
|----------|--------------------------|---------|---------|
|          |         i_fu_178         |    0    |    19   |
|    add   |      add_ln51_fu_227     |    0    |    12   |
|          |    add_ln51_19_fu_299    |    0    |    15   |
|----------|--------------------------|---------|---------|
|   icmp   |     icmp_ln393_fu_184    |    0    |    19   |
|          |     icmp_ln51_fu_205     |    0    |    21   |
|----------|--------------------------|---------|---------|
|    sub   |      sub_ln51_fu_172     |    0    |    21   |
|          |    sub_ln51_19_fu_290    |    0    |    12   |
|----------|--------------------------|---------|---------|
|    shl   |      shl_ln51_fu_254     |    0    |    29   |
|----------|--------------------------|---------|---------|
|   ctlz   |       tmp_s_fu_215       |    0    |    16   |
|----------|--------------------------|---------|---------|
|   read   |       v_read_fu_112      |    0    |    0    |
|          |  out_r_read_read_fu_118  |    0    |    0    |
|----------|--------------------------|---------|---------|
| writereq |   empty_writereq_fu_124  |    0    |    0    |
|----------|--------------------------|---------|---------|
|   write  | write_ln396_write_fu_131 |    0    |    0    |
|----------|--------------------------|---------|---------|
| writeresp|   grp_writeresp_fu_139   |    0    |    0    |
|----------|--------------------------|---------|---------|
| bitselect|        tmp_fu_164        |    0    |    0    |
|          |      tmp_556_fu_274      |    0    |    0    |
|----------|--------------------------|---------|---------|
|partselect|      trunc_ln_fu_195     |    0    |    0    |
|          |      lshr_ln_fu_260      |    0    |    0    |
|----------|--------------------------|---------|---------|
|   trunc  |     trunc_ln51_fu_223    |    0    |    0    |
|          |    trunc_ln776_fu_324    |    0    |    0    |
|----------|--------------------------|---------|---------|
|   sext   |     sext_ln393_fu_233    |    0    |    0    |
|          |     sext_ln51_fu_295     |    0    |    0    |
|----------|--------------------------|---------|---------|
|          |     zext_ln51_fu_248     |    0    |    0    |
|   zext   |    zext_ln51_29_fu_251   |    0    |    0    |
|          |    zext_ln51_30_fu_270   |    0    |    0    |
|----------|--------------------------|---------|---------|
|bitconcatenate|       tmp_49_fu_305      |    0    |    0    |
|----------|--------------------------|---------|---------|
|  partset |         pi_fu_312        |    0    |    0    |
|----------|--------------------------|---------|---------|
|   Total  |                          |    0    |   218   |
|----------|--------------------------|---------|---------|

Memories:
N/A

* Register list:
+--------------------+--------+
|                    |   FF   |
+--------------------+--------+
|  add_ln51_reg_399  |    5   |
|  empty_700_reg_404 |   32   |
|first_iter_0_reg_144|    1   |
|gmem3_addr_1_reg_409|   32   |
|     i1_reg_345     |   12   |
| icmp_ln393_reg_375 |    1   |
|  icmp_ln51_reg_384 |    1   |
| select_ln51_reg_389|   14   |
| sext_ln3932_reg_352|   64   |
|  sub_ln51_reg_370  |   14   |
|     tmp_reg_364    |    1   |
| trunc_ln51_reg_394 |    5   |
|  trunc_ln_reg_379  |   62   |
|      v_reg_358     |   14   |
+--------------------+--------+
|        Total       |   258  |
+--------------------+--------+

* Multiplexer (MUX) list: 
|--------|------|------|------|--------|
|  Comp  |  Pin | Size |  BW  | S x BW |
|--------|------|------|------|--------|
|  Total |      |      |      |    0   |
|--------|------|------|------|--------|



* Summary:
+-----------+--------+--------+
|           |   FF   |   LUT  |
+-----------+--------+--------+
|  Function |    0   |   218  |
|   Memory  |    -   |    -   |
|Multiplexer|    -   |    -   |
|  Register |   258  |    -   |
+-----------+--------+--------+
|   Total   |   258  |   218  |
+-----------+--------+--------+
