

================================================================
== Vitis HLS Report for 'Loop_VITIS_LOOP_393_1_proc'
================================================================
* Date:           Fri Apr 10 20:50:40 2026

* Version:        2025.1.1 (Build 6214317 on Sep 11 2025)
* Project:        project_1
* Solution:       hls (Vivado IP Flow Target)
* Product family: zynquplus
* Target device:  xczu3eg-sbva484-1-e


================================================================
== Performance Estimates
================================================================
+ Timing: 
    * Summary: 
    +--------+---------+----------+------------+
    |  Clock |  Target | Estimated| Uncertainty|
    +--------+---------+----------+------------+
    |ap_clk  |  4.00 ns|  2.920 ns|     1.08 ns|
    +--------+---------+----------+------------+

+ Latency: 
    * Summary: 
    +---------+---------+-----------+-----------+------+------+------------------------------------------------+
    |  Latency (cycles) |   Latency (absolute)  |   Interval  |                    Pipeline                    |
    |   min   |   max   |    min    |    max    |  min |  max |                      Type                      |
    +---------+---------+-----------+-----------+------+------+------------------------------------------------+
    |     4105|     4105|  16.420 us|  16.420 us|  4096|  4096|  loop auto-rewind stp (delay=0 clock cycles(s))|
    +---------+---------+-----------+-----------+------+------+------------------------------------------------+

    + Detail: 
        * Instance: 
        N/A

        * Loop: 
        +--------------------+---------+---------+----------+-----------+-----------+------+----------+
        |                    |  Latency (cycles) | Iteration|  Initiation Interval  | Trip |          |
        |      Loop Name     |   min   |   max   |  Latency |  achieved |   target  | Count| Pipelined|
        +--------------------+---------+---------+----------+-----------+-----------+------+----------+
        |- VITIS_LOOP_393_1  |     4103|     4103|         9|          1|          1|  4096|       yes|
        +--------------------+---------+---------+----------+-----------+-----------+------+----------+

============================================================
+ Verbose Summary: Synthesis Manager
============================================================
InlineROM: 1
ExposeGlobal: 0
============================================================
+ Verbose Summary: CDFG Model
============================================================
IsTopModel: 0
ResetActiveHigh: 1
IsCombinational: 2
IsDatapathOnly: 0
HasWiredReturn: 1
HasMFsm: 2
HasVarLatency: 1
IsPipeline: 0
IsRtlPipelined: 0
IsInstanceOverlapped: 0
IsDontTouch: 0
HasImplIP: 0
IsGatedGlobalClock: 0

+ Individual pipeline summary: 
  * Pipeline-0: initiation interval (II) = 1, depth = 9


============================================================
+ Verbose Summary: Schedule
============================================================
* Number of FSM states : 9
* Pipeline : 1
  Pipeline-0 : II = 1, D = 9, States = { 1 2 3 4 5 6 7 8 9 }
* Dataflow Pipeline: 0

* FSM state transitions: 
1 --> 2 
2 --> 3 
3 --> 4 
4 --> 5 
5 --> 6 
6 --> 7 
7 --> 8 
8 --> 9 
9 --> 

* FSM state operations: 

State 1 <SV = 0> <Delay = 2.44>
ST_1 : Operation 12 [1/1] (0.00ns)   --->   "%i1 = alloca i32 1"   --->   Operation 12 'alloca' 'i1' <Predicate = true> <Delay = 0.00>
ST_1 : Operation 13 [1/1] (0.00ns)   --->   "%sext_ln3932 = alloca i32 1"   --->   Operation 13 'alloca' 'sext_ln3932' <Predicate = true> <Delay = 0.00>
ST_1 : Operation 14 [1/1] (0.00ns)   --->   "%specinterface_ln0 = specinterface void @_ssdm_op_SpecInterface, i64 %out_r, void @ap_fifo_str, i32 0, i32 0, void @p_str, i32 0, i32 0, void @p_str, void @p_str, void @p_str, i32 2, i32 2, i32 16, i32 16, void @p_str, void @ScalarProp_str, i32 4294967295, i32 0, i32 0"   --->   Operation 14 'specinterface' 'specinterface_ln0' <Predicate = true> <Delay = 0.00>
ST_1 : Operation 15 [1/1] (0.00ns)   --->   "%specinterface_ln0 = specinterface void @_ssdm_op_SpecInterface, i14 %morphology_stream, void @empty_17, i32 0, i32 0, void @empty_2, i32 0, i32 0, void @empty_2, void @empty_2, void @empty_2, i32 0, i32 0, i32 0, i32 0, void @empty_2, void @empty_2, i32 4294967295, i32 0, i32 0"   --->   Operation 15 'specinterface' 'specinterface_ln0' <Predicate = true> <Delay = 0.00>
ST_1 : Operation 16 [1/1] (0.00ns)   --->   "%specinterface_ln0 = specinterface void @_ssdm_op_SpecInterface, i32 %gmem3, void @empty_16, i32 0, i32 0, void @empty_2, i32 0, i32 0, void @empty_4, void @empty_12, void @empty_2, i32 16, i32 16, i32 16, i32 256, void @empty_2, void @empty_2, i32 4294967295, i32 0, i32 0"   --->   Operation 16 'specinterface' 'specinterface_ln0' <Predicate = true> <Delay = 0.00>
ST_1 : Operation 17 [1/1] (0.48ns)   --->   "%store_ln0 = store i12 0, i12 %i1"   --->   Operation 17 'store' 'store_ln0' <Predicate = true> <Delay = 0.48>
ST_1 : Operation 18 [1/1] (0.48ns)   --->   "%br_ln393 = br void %new.header" [top.cpp:393->top.cpp:393]   --->   Operation 18 'br' 'br_ln393' <Predicate = true> <Delay = 0.48>
ST_1 : Operation 19 [1/1] (0.00ns)   --->   "%first_iter_0 = phi i1 1, void %newFuncRoot, i1 0, void %new.latch.for.body.split.i_ifconv.split"   --->   Operation 19 'phi' 'first_iter_0' <Predicate = true> <Delay = 0.00>
ST_1 : Operation 20 [1/1] (0.00ns)   --->   "%br_ln0 = br i1 %first_iter_0, void %for.body.split.i_ifconv, void %for.first.iter.for.body.split.i_ifconv"   --->   Operation 20 'br' 'br_ln0' <Predicate = true> <Delay = 0.00>
ST_1 : Operation 21 [1/1] (0.00ns)   --->   "%i1_load = load i12 %i1" [top.cpp:393->top.cpp:393]   --->   Operation 21 'load' 'i1_load' <Predicate = true> <Delay = 0.00>
ST_1 : Operation 22 [1/1] ( I:1.46ns O:1.46ns )   --->   "%v = read i14 @_ssdm_op_Read.ap_fifo.volatile.i14P0A, i14 %morphology_stream" [top.cpp:395->top.cpp:393]   --->   Operation 22 'read' 'v' <Predicate = true> <Delay = 1.46> <CoreInst = "FIFO">   --->   Core 77 'FIFO' <Latency = 0> <II = 1> <Delay = 1.86> <Storage> <Opcode : 'read' 'write' 'nbread' 'nbwrite'> <Ports = 0> <Width = 14> <Depth = 256> <FIFO>
ST_1 : Operation 23 [1/1] (0.00ns)   --->   "%tmp = bitselect i1 @_ssdm_op_BitSelect.i1.i14.i32, i14 %v, i32 13" [top.cpp:51->top.cpp:393]   --->   Operation 23 'bitselect' 'tmp' <Predicate = true> <Delay = 0.00>
ST_1 : Operation 24 [1/1] (0.98ns)   --->   "%sub_ln51 = sub i14 0, i14 %v" [top.cpp:51->top.cpp:393]   --->   Operation 24 'sub' 'sub_ln51' <Predicate = true> <Delay = 0.98> <CoreInst = "Adder">   --->   Core 1 'Adder' <Latency = 0> <II = 1> <Delay = 0.98> <FuncUnit> <Opcode : 'add' 'sub'> <InPorts = 2> <OutPorts = 1>
ST_1 : Operation 25 [1/1] (0.96ns)   --->   "%i = add i12 %i1_load, i12 1" [top.cpp:393->top.cpp:393]   --->   Operation 25 'add' 'i' <Predicate = true> <Delay = 0.96> <CoreInst = "Adder">   --->   Core 1 'Adder' <Latency = 0> <II = 1> <Delay = 0.96> <FuncUnit> <Opcode : 'add' 'sub'> <InPorts = 2> <OutPorts = 1>
ST_1 : Operation 26 [1/1] (0.96ns)   --->   "%icmp_ln393 = icmp_eq  i12 %i1_load, i12 4095" [top.cpp:393->top.cpp:393]   --->   Operation 26 'icmp' 'icmp_ln393' <Predicate = true> <Delay = 0.96> <CoreInst = "Cmp">   --->   Core 9 'Cmp' <Latency = 0> <II = 1> <Delay = 0.96> <FuncUnit> <Opcode : 'seteq' 'setne' 'setle' 'setge' 'setlt' 'setgt'> <InPorts = 2> <OutPorts = 1>
ST_1 : Operation 27 [1/1] (0.00ns)   --->   "%br_ln393 = br i1 %icmp_ln393, void %new.latch.for.body.split.i_ifconv.split, void %last.iter.for.body.split.i_ifconv.split" [top.cpp:393->top.cpp:393]   --->   Operation 27 'br' 'br_ln393' <Predicate = true> <Delay = 0.00>
ST_1 : Operation 28 [1/1] (0.48ns)   --->   "%store_ln393 = store i12 %i, i12 %i1" [top.cpp:393->top.cpp:393]   --->   Operation 28 'store' 'store_ln393' <Predicate = true> <Delay = 0.48>
ST_1 : Operation 29 [1/1] (0.00ns)   --->   "%br_ln393 = br i1 %icmp_ln393, void %new.header, void %Loop_VITIS_LOOP_393_1_proc.1.exit" [top.cpp:393->top.cpp:393]   --->   Operation 29 'br' 'br_ln393' <Predicate = true> <Delay = 0.00>

State 2 <SV = 1> <Delay = 2.13>
ST_2 : Operation 30 [1/1] ( I:1.46ns O:1.46ns )   --->   "%out_r_read = read i64 @_ssdm_op_Read.ap_fifo.i64P0A, i64 %out_r"   --->   Operation 30 'read' 'out_r_read' <Predicate = (first_iter_0)> <Delay = 1.46> <CoreInst = "FIFO_SRL">   --->   Core 80 'FIFO_SRL' <Latency = 0> <II = 1> <Delay = 2.14> <Storage> <Opcode : 'read' 'write' 'nbread' 'nbwrite'> <Ports = 0> <Width = 64> <Depth = 6> <FIFO>
ST_2 : Operation 31 [1/1] (0.00ns)   --->   "%trunc_ln = partselect i62 @_ssdm_op_PartSelect.i62.i64.i32.i32, i64 %out_r_read, i32 2, i32 63" [top.cpp:393]   --->   Operation 31 'partselect' 'trunc_ln' <Predicate = (first_iter_0)> <Delay = 0.00>
ST_2 : Operation 32 [1/1] (0.98ns)   --->   "%icmp_ln51 = icmp_eq  i14 %v, i14 0" [top.cpp:51->top.cpp:393]   --->   Operation 32 'icmp' 'icmp_ln51' <Predicate = true> <Delay = 0.98> <CoreInst = "Cmp">   --->   Core 9 'Cmp' <Latency = 0> <II = 1> <Delay = 0.98> <FuncUnit> <Opcode : 'seteq' 'setne' 'setle' 'setge' 'setlt' 'setgt'> <InPorts = 2> <OutPorts = 1>
ST_2 : Operation 33 [1/1] (0.54ns)   --->   "%select_ln51 = select i1 %tmp, i14 %sub_ln51, i14 %v" [top.cpp:51->top.cpp:393]   --->   Operation 33 'select' 'select_ln51' <Predicate = true> <Delay = 0.54> <CoreInst = "Sel">   --->   Core 73 'Sel' <Latency = 0> <II = 1> <Delay = 0.54> <FuncUnit> <Opcode : 'select'> <InPorts = 3> <OutPorts = 1>
ST_2 : Operation 34 [1/1] (0.71ns)   --->   "%tmp_s = ctlz i14 @llvm.ctlz.i14, i14 %select_ln51, i1 0" [top.cpp:51->top.cpp:393]   --->   Operation 34 'ctlz' 'tmp_s' <Predicate = true> <Delay = 0.71> <CoreInst = "ctlz">   --->   Core 145 'ctlz' <Latency = 0> <II = 1> <Delay = 0.71> <FuncUnit> <Opcode : 'ctlz'> <InPorts = 1> <OutPorts = 1>
ST_2 : Operation 35 [1/1] (0.00ns)   --->   "%trunc_ln51 = trunc i14 %tmp_s" [top.cpp:51->top.cpp:393]   --->   Operation 35 'trunc' 'trunc_ln51' <Predicate = true> <Delay = 0.00>
ST_2 : Operation 36 [1/1] (0.87ns)   --->   "%add_ln51 = add i5 %trunc_ln51, i5 11" [top.cpp:51->top.cpp:393]   --->   Operation 36 'add' 'add_ln51' <Predicate = true> <Delay = 0.87> <CoreInst = "Adder">   --->   Core 1 'Adder' <Latency = 0> <II = 1> <Delay = 0.87> <FuncUnit> <Opcode : 'add' 'sub'> <InPorts = 2> <OutPorts = 1>

State 3 <SV = 2> <Delay = 2.92>
ST_3 : Operation 37 [1/1] (0.00ns)   --->   "%sext_ln393 = sext i62 %trunc_ln" [top.cpp:393]   --->   Operation 37 'sext' 'sext_ln393' <Predicate = (first_iter_0)> <Delay = 0.00>
ST_3 : Operation 38 [1/1] (0.00ns)   --->   "%gmem3_addr = getelementptr i32 %gmem3, i64 %sext_ln393" [top.cpp:393]   --->   Operation 38 'getelementptr' 'gmem3_addr' <Predicate = (first_iter_0)> <Delay = 0.00>
ST_3 : Operation 39 [1/1] (2.92ns)   --->   "%empty = writereq i1 @_ssdm_op_WriteReq.m_axi.p1i32, i32 %gmem3_addr, i64 4096" [top.cpp:393]   --->   Operation 39 'writereq' 'empty' <Predicate = (first_iter_0)> <Delay = 2.92> <CoreInst = "m_axi">   --->   Core 119 'm_axi' <Latency = 9> <II = 1> <Delay = 1.00> <Adapter> <Opcode : 'read' 'write' 'readreq' 'writereq' 'writeresp'>
ST_3 : Operation 40 [1/1] (0.00ns)   --->   "%store_ln393 = store i64 %sext_ln393, i64 %sext_ln3932" [top.cpp:393]   --->   Operation 40 'store' 'store_ln393' <Predicate = (first_iter_0)> <Delay = 0.00>
ST_3 : Operation 41 [1/1] (0.00ns)   --->   "%br_ln0 = br void %for.body.split.i_ifconv"   --->   Operation 41 'br' 'br_ln0' <Predicate = (first_iter_0)> <Delay = 0.00>
ST_3 : Operation 42 [1/1] (0.00ns)   --->   "%zext_ln51 = zext i14 %select_ln51" [top.cpp:51->top.cpp:393]   --->   Operation 42 'zext' 'zext_ln51' <Predicate = (!icmp_ln51)> <Delay = 0.00>
ST_3 : Operation 43 [1/1] (0.00ns)   --->   "%zext_ln51_29 = zext i5 %add_ln51" [top.cpp:51->top.cpp:393]   --->   Operation 43 'zext' 'zext_ln51_29' <Predicate = (!icmp_ln51)> <Delay = 0.00>
ST_3 : Operation 44 [1/1] (1.24ns)   --->   "%shl_ln51 = shl i38 %zext_ln51, i38 %zext_ln51_29" [top.cpp:51->top.cpp:393]   --->   Operation 44 'shl' 'shl_ln51' <Predicate = (!icmp_ln51)> <Delay = 1.24> <CoreInst = "Shifter">   --->   Core 75 'Shifter' <Latency = 0> <II = 1> <Delay = 1.24> <FuncUnit> <Opcode : 'shl' 'lshr' 'ashr'> <InPorts = 2> <OutPorts = 1>
ST_3 : Operation 45 [1/1] (0.00ns)   --->   "%lshr_ln = partselect i37 @_ssdm_op_PartSelect.i37.i38.i32.i32, i38 %shl_ln51, i32 1, i32 37" [top.cpp:51->top.cpp:393]   --->   Operation 45 'partselect' 'lshr_ln' <Predicate = (!icmp_ln51)> <Delay = 0.00>
ST_3 : Operation 46 [1/1] (0.00ns)   --->   "%zext_ln51_30 = zext i37 %lshr_ln" [top.cpp:51->top.cpp:393]   --->   Operation 46 'zext' 'zext_ln51_30' <Predicate = (!icmp_ln51)> <Delay = 0.00>
ST_3 : Operation 47 [1/1] (0.00ns) (grouped into LUT with out node add_ln51_19)   --->   "%tmp_556 = bitselect i1 @_ssdm_op_BitSelect.i1.i38.i32, i38 %shl_ln51, i32 25" [top.cpp:51->top.cpp:393]   --->   Operation 47 'bitselect' 'tmp_556' <Predicate = (!icmp_ln51)> <Delay = 0.00>
ST_3 : Operation 48 [1/1] (0.00ns) (grouped into LUT with out node add_ln51_19)   --->   "%select_ln51_20 = select i1 %tmp_556, i8 127, i8 126" [top.cpp:51->top.cpp:393]   --->   Operation 48 'select' 'select_ln51_20' <Predicate = (!icmp_ln51)> <Delay = 0.00> <CoreInst = "Sel">   --->   Core 73 'Sel' <Latency = 0> <II = 1> <Delay = 0.44> <FuncUnit> <Opcode : 'select'> <InPorts = 3> <OutPorts = 1>
ST_3 : Operation 49 [1/1] (0.87ns)   --->   "%sub_ln51_19 = sub i5 3, i5 %trunc_ln51" [top.cpp:51->top.cpp:393]   --->   Operation 49 'sub' 'sub_ln51_19' <Predicate = (!icmp_ln51)> <Delay = 0.87> <CoreInst = "Adder">   --->   Core 1 'Adder' <Latency = 0> <II = 1> <Delay = 0.87> <FuncUnit> <Opcode : 'add' 'sub'> <InPorts = 2> <OutPorts = 1>
ST_3 : Operation 50 [1/1] (0.00ns) (grouped into LUT with out node add_ln51_19)   --->   "%sext_ln51 = sext i5 %sub_ln51_19" [top.cpp:51->top.cpp:393]   --->   Operation 50 'sext' 'sext_ln51' <Predicate = (!icmp_ln51)> <Delay = 0.00>
ST_3 : Operation 51 [1/1] (0.90ns) (out node of the LUT)   --->   "%add_ln51_19 = add i8 %select_ln51_20, i8 %sext_ln51" [top.cpp:51->top.cpp:393]   --->   Operation 51 'add' 'add_ln51_19' <Predicate = (!icmp_ln51)> <Delay = 0.90> <CoreInst = "Adder">   --->   Core 1 'Adder' <Latency = 0> <II = 1> <Delay = 0.90> <FuncUnit> <Opcode : 'add' 'sub'> <InPorts = 2> <OutPorts = 1>
ST_3 : Operation 52 [1/1] (0.00ns)   --->   "%tmp_49 = bitconcatenate i9 @_ssdm_op_BitConcatenate.i9.i1.i8, i1 %tmp, i8 %add_ln51_19" [top.cpp:51->top.cpp:393]   --->   Operation 52 'bitconcatenate' 'tmp_49' <Predicate = (!icmp_ln51)> <Delay = 0.00>
ST_3 : Operation 53 [1/1] (0.00ns)   --->   "%pi = partset i64 @_ssdm_op_PartSet.i64.i64.i9.i32.i32, i64 %zext_ln51_30, i9 %tmp_49, i32 23, i32 31" [top.cpp:51->top.cpp:393]   --->   Operation 53 'partset' 'pi' <Predicate = (!icmp_ln51)> <Delay = 0.00>
ST_3 : Operation 54 [1/1] (0.00ns)   --->   "%trunc_ln776 = trunc i64 %pi" [top.cpp:776->top.cpp:393]   --->   Operation 54 'trunc' 'trunc_ln776' <Predicate = (!icmp_ln51)> <Delay = 0.00>
ST_3 : Operation 55 [1/1] (0.52ns)   --->   "%empty_700 = select i1 %icmp_ln51, i32 0, i32 %trunc_ln776" [top.cpp:51->top.cpp:393]   --->   Operation 55 'select' 'empty_700' <Predicate = true> <Delay = 0.52> <CoreInst = "Sel">   --->   Core 73 'Sel' <Latency = 0> <II = 1> <Delay = 0.52> <FuncUnit> <Opcode : 'select'> <InPorts = 3> <OutPorts = 1>

State 4 <SV = 3> <Delay = 2.92>
ST_4 : Operation 56 [1/1] (0.00ns)   --->   "%sext_ln3932_load = load i64 %sext_ln3932" [top.cpp:393]   --->   Operation 56 'load' 'sext_ln3932_load' <Predicate = true> <Delay = 0.00>
ST_4 : Operation 57 [1/1] (0.00ns)   --->   "%specpipeline_ln394 = specpipeline void @_ssdm_op_SpecPipeline, i32 1, i32 0, i32 0, i32 0, void @empty_2" [top.cpp:394->top.cpp:393]   --->   Operation 57 'specpipeline' 'specpipeline_ln394' <Predicate = true> <Delay = 0.00>
ST_4 : Operation 58 [1/1] (0.00ns)   --->   "%speclooptripcount_ln393 = speclooptripcount void @_ssdm_op_SpecLoopTripCount, i64 4096, i64 4096, i64 4096" [top.cpp:393->top.cpp:393]   --->   Operation 58 'speclooptripcount' 'speclooptripcount_ln393' <Predicate = true> <Delay = 0.00>
ST_4 : Operation 59 [1/1] (0.00ns)   --->   "%specloopname_ln393 = specloopname void @_ssdm_op_SpecLoopName, void @empty_11" [top.cpp:393->top.cpp:393]   --->   Operation 59 'specloopname' 'specloopname_ln393' <Predicate = true> <Delay = 0.00>
ST_4 : Operation 60 [1/1] (0.00ns)   --->   "%gmem3_addr_1 = getelementptr i32 %gmem3, i64 %sext_ln3932_load" [top.cpp:393]   --->   Operation 60 'getelementptr' 'gmem3_addr_1' <Predicate = true> <Delay = 0.00>
ST_4 : Operation 61 [1/1] (2.92ns)   --->   "%write_ln396 = write void @_ssdm_op_Write.m_axi.p1i32, i32 %gmem3_addr_1, i32 %empty_700, i4 15" [top.cpp:396->top.cpp:393]   --->   Operation 61 'write' 'write_ln396' <Predicate = true> <Delay = 2.92> <CoreInst = "m_axi">   --->   Core 119 'm_axi' <Latency = 5> <II = 1> <Delay = 1.00> <Adapter> <Opcode : 'read' 'write' 'readreq' 'writereq' 'writeresp'>

State 5 <SV = 4> <Delay = 2.92>
ST_5 : Operation 62 [5/5] (2.92ns)   --->   "%empty_701 = writeresp i1 @_ssdm_op_WriteResp.m_axi.p1i32, i32 %gmem3_addr_1" [top.cpp:398]   --->   Operation 62 'writeresp' 'empty_701' <Predicate = (icmp_ln393)> <Delay = 2.92> <CoreInst = "m_axi">   --->   Core 119 'm_axi' <Latency = 3> <II = 1> <Delay = 1.00> <Adapter> <Opcode : 'read' 'write' 'readreq' 'writereq' 'writeresp'>

State 6 <SV = 5> <Delay = 2.92>
ST_6 : Operation 63 [4/5] (2.92ns)   --->   "%empty_701 = writeresp i1 @_ssdm_op_WriteResp.m_axi.p1i32, i32 %gmem3_addr_1" [top.cpp:398]   --->   Operation 63 'writeresp' 'empty_701' <Predicate = (icmp_ln393)> <Delay = 2.92> <CoreInst = "m_axi">   --->   Core 119 'm_axi' <Latency = 3> <II = 1> <Delay = 1.00> <Adapter> <Opcode : 'read' 'write' 'readreq' 'writereq' 'writeresp'>

State 7 <SV = 6> <Delay = 2.92>
ST_7 : Operation 64 [3/5] (2.92ns)   --->   "%empty_701 = writeresp i1 @_ssdm_op_WriteResp.m_axi.p1i32, i32 %gmem3_addr_1" [top.cpp:398]   --->   Operation 64 'writeresp' 'empty_701' <Predicate = (icmp_ln393)> <Delay = 2.92> <CoreInst = "m_axi">   --->   Core 119 'm_axi' <Latency = 3> <II = 1> <Delay = 1.00> <Adapter> <Opcode : 'read' 'write' 'readreq' 'writereq' 'writeresp'>

State 8 <SV = 7> <Delay = 2.92>
ST_8 : Operation 65 [2/5] (2.92ns)   --->   "%empty_701 = writeresp i1 @_ssdm_op_WriteResp.m_axi.p1i32, i32 %gmem3_addr_1" [top.cpp:398]   --->   Operation 65 'writeresp' 'empty_701' <Predicate = (icmp_ln393)> <Delay = 2.92> <CoreInst = "m_axi">   --->   Core 119 'm_axi' <Latency = 3> <II = 1> <Delay = 1.00> <Adapter> <Opcode : 'read' 'write' 'readreq' 'writereq' 'writeresp'>

State 9 <SV = 8> <Delay = 2.92>
ST_9 : Operation 66 [1/5] (2.92ns)   --->   "%empty_701 = writeresp i1 @_ssdm_op_WriteResp.m_axi.p1i32, i32 %gmem3_addr_1" [top.cpp:398]   --->   Operation 66 'writeresp' 'empty_701' <Predicate = (icmp_ln393)> <Delay = 2.92> <CoreInst = "m_axi">   --->   Core 119 'm_axi' <Latency = 3> <II = 1> <Delay = 1.00> <Adapter> <Opcode : 'read' 'write' 'readreq' 'writereq' 'writeresp'>
ST_9 : Operation 67 [1/1] (0.00ns)   --->   "%br_ln393 = br void %new.latch.for.body.split.i_ifconv.split" [top.cpp:393->top.cpp:393]   --->   Operation 67 'br' 'br_ln393' <Predicate = (icmp_ln393)> <Delay = 0.00>
ST_9 : Operation 68 [1/1] (0.48ns)   --->   "%ret_ln0 = ret"   --->   Operation 68 'ret' 'ret_ln0' <Predicate = (icmp_ln393)> <Delay = 0.48>


============================================================
+ Verbose Summary: Timing violations
============================================================
Target clock period: 4.000ns, clock uncertainty: 1.080ns.

 <State 1>: 2.449ns
The critical path consists of the following:
	fifo read operation ('v', top.cpp:395->top.cpp:393) on port 'morphology_stream' (top.cpp:395->top.cpp:393) [28]  (1.460 ns)
	'sub' operation 14 bit ('sub_ln51', top.cpp:51->top.cpp:393) [31]  (0.989 ns)

 <State 2>: 2.138ns
The critical path consists of the following:
	'select' operation 14 bit ('select_ln51', top.cpp:51->top.cpp:393) [32]  (0.548 ns)
	'ctlz' operation 14 bit ('tmp_s', top.cpp:51->top.cpp:393) [33]  (0.712 ns)
	'add' operation 5 bit ('add_ln51', top.cpp:51->top.cpp:393) [36]  (0.878 ns)

 <State 3>: 2.920ns
The critical path consists of the following:
	'getelementptr' operation 32 bit ('gmem3_addr', top.cpp:393) [18]  (0.000 ns)
	bus request operation ('empty', top.cpp:393) on port 'gmem3' (top.cpp:393) [19]  (2.920 ns)

 <State 4>: 2.920ns
The critical path consists of the following:
	'load' operation 64 bit ('sext_ln3932_load', top.cpp:393) on local variable 'sext_ln3932' [24]  (0.000 ns)
	'getelementptr' operation 32 bit ('gmem3_addr_1', top.cpp:393) [50]  (0.000 ns)
	bus write operation ('write_ln396', top.cpp:396->top.cpp:393) on port 'gmem3' (top.cpp:396->top.cpp:393) [51]  (2.920 ns)

 <State 5>: 2.920ns
The critical path consists of the following:
	bus response operation ('empty_701', top.cpp:398) on port 'gmem3' (top.cpp:398) [56]  (2.920 ns)

 <State 6>: 2.920ns
The critical path consists of the following:
	bus response operation ('empty_701', top.cpp:398) on port 'gmem3' (top.cpp:398) [56]  (2.920 ns)

 <State 7>: 2.920ns
The critical path consists of the following:
	bus response operation ('empty_701', top.cpp:398) on port 'gmem3' (top.cpp:398) [56]  (2.920 ns)

 <State 8>: 2.920ns
The critical path consists of the following:
	bus response operation ('empty_701', top.cpp:398) on port 'gmem3' (top.cpp:398) [56]  (2.920 ns)

 <State 9>: 2.920ns
The critical path consists of the following:
	bus response operation ('empty_701', top.cpp:398) on port 'gmem3' (top.cpp:398) [56]  (2.920 ns)


============================================================
+ Verbose Summary: Binding
============================================================
N/A
* FSMD analyzer results:
  - Output states:
 - Input state : 
  - Chain level:
	State 1
	State 2
	State 3
	State 4
	State 5
	State 6
	State 7
	State 8
	State 9


============================================================
+ Verbose Summary: Datapath Resource usage 
============================================================
N/A
