

================================================================
== Vitis HLS Report for 'stage_morphology'
================================================================
* Date:           Fri Apr 10 20:50:55 2026

* Version:        2025.1.1 (Build 6214317 on Sep 11 2025)
* Project:        project_1
* Solution:       hls (Vivado IP Flow Target)
* Product family: zynquplus
* Target device:  xczu3eg-sbva484-1-e


================================================================
== Performance Estimates
================================================================
+ Timing: 
    * Summary: 
    +--------+---------+----------+------------+
    |  Clock |  Target | Estimated| Uncertainty|
    +--------+---------+----------+------------+
    |ap_clk  |  4.00 ns|  3.018 ns|     1.08 ns|
    +--------+---------+----------+------------+

+ Latency: 
    * Summary: 
    +---------+---------+-----------+-----------+-------+-------+---------+
    |  Latency (cycles) |   Latency (absolute)  |    Interval   | Pipeline|
    |   min   |   max   |    min    |    max    |  min  |  max  |   Type  |
    +---------+---------+-----------+-----------+-------+-------+---------+
    |    12348|    12348|  49.392 us|  49.392 us|  12348|  12348|       no|
    +---------+---------+-----------+-----------+-------+-------+---------+

    + Detail: 
        * Instance: 
        +---------------------------------------------------------------------+----------------------------------------------------------+---------+---------+-----------+-----------+------+------+------------------------------------------------+
        |                                                                     |                                                          |  Latency (cycles) |   Latency (absolute)  |   Interval  |                    Pipeline                    |
        |                               Instance                              |                          Module                          |   min   |   max   |    min    |    max    |  min |  max |                      Type                      |
        +---------------------------------------------------------------------+----------------------------------------------------------+---------+---------+-----------+-----------+------+------+------------------------------------------------+
        |grp_stage_morphology_Pipeline_READ_BILATERAL_fu_104                  |stage_morphology_Pipeline_READ_BILATERAL                  |     4107|     4107|  16.428 us|  16.428 us|  4097|  4097|  loop auto-rewind stp (delay=0 clock cycles(s))|
        |grp_stage_morphology_Pipeline_EROSION_LOOP_VITIS_LOOP_304_1_fu_128   |stage_morphology_Pipeline_EROSION_LOOP_VITIS_LOOP_304_1   |     4118|     4118|  16.472 us|  16.472 us|  4097|  4097|  loop auto-rewind stp (delay=0 clock cycles(s))|
        |grp_stage_morphology_Pipeline_DILATION_LOOP_VITIS_LOOP_332_4_fu_150  |stage_morphology_Pipeline_DILATION_LOOP_VITIS_LOOP_332_4  |     4118|     4118|  16.472 us|  16.472 us|  4097|  4097|  loop auto-rewind stp (delay=0 clock cycles(s))|
        +---------------------------------------------------------------------+----------------------------------------------------------+---------+---------+-----------+-----------+------+------+------------------------------------------------+

        * Loop: 
        N/A



================================================================
== Utilization Estimates
================================================================
* Summary: 
+-----------------+---------+-----+--------+-------+-----+
|       Name      | BRAM_18K| DSP |   FF   |  LUT  | URAM|
+-----------------+---------+-----+--------+-------+-----+
|DSP              |        -|    -|       -|      -|    -|
|Expression       |        -|    -|       0|      2|    -|
|FIFO             |        -|    -|       -|      -|    -|
|Instance         |        -|   17|    4687|   5611|    -|
|Memory           |       18|    -|       0|      0|    -|
|Multiplexer      |        -|    -|       0|    574|    -|
|Register         |        -|    -|      10|      -|    -|
+-----------------+---------+-----+--------+-------+-----+
|Total            |       18|   17|    4697|   6187|    0|
+-----------------+---------+-----+--------+-------+-----+
|Available        |      432|  360|  141120|  70560|    0|
+-----------------+---------+-----+--------+-------+-----+
|Utilization (%)  |        4|    4|       3|      8|    0|
+-----------------+---------+-----+--------+-------+-----+

+ Detail: 
    * Instance: 
    +---------------------------------------------------------------------+----------------------------------------------------------+---------+----+------+------+-----+
    |                               Instance                              |                          Module                          | BRAM_18K| DSP|  FF  |  LUT | URAM|
    +---------------------------------------------------------------------+----------------------------------------------------------+---------+----+------+------+-----+
    |mul_64ns_66ns_129_5_1_U1620                                          |mul_64ns_66ns_129_5_1                                     |        0|  16|   441|   249|    0|
    |grp_stage_morphology_Pipeline_DILATION_LOOP_VITIS_LOOP_332_4_fu_150  |stage_morphology_Pipeline_DILATION_LOOP_VITIS_LOOP_332_4  |        0|   0|  1774|  2439|    0|
    |grp_stage_morphology_Pipeline_EROSION_LOOP_VITIS_LOOP_304_1_fu_128   |stage_morphology_Pipeline_EROSION_LOOP_VITIS_LOOP_304_1   |        0|   0|  2031|  2553|    0|
    |grp_stage_morphology_Pipeline_READ_BILATERAL_fu_104                  |stage_morphology_Pipeline_READ_BILATERAL                  |        0|   1|   441|   370|    0|
    +---------------------------------------------------------------------+----------------------------------------------------------+---------+----+------+------+-----+
    |Total                                                                |                                                          |        0|  17|  4687|  5611|    0|
    +---------------------------------------------------------------------+----------------------------------------------------------+---------+----+------+------+-----+

    * DSP: 
    N/A

    * Memory: 
    +-------------------+---------------------------------------+---------+---+----+-----+------+-----+------+-------------+
    |       Memory      |                 Module                | BRAM_18K| FF| LUT| URAM| Words| Bits| Banks| W*Bits*Banks|
    +-------------------+---------------------------------------+---------+---+----+-----+------+-----+------+-------------+
    |bilateral_buf_U    |stage_bilateral_grid_RAM_2P_BRAM_1R1W  |        1|  0|   0|    0|   484|   14|     1|         6776|
    |bilateral_buf_1_U  |stage_bilateral_grid_RAM_2P_BRAM_1R1W  |        1|  0|   0|    0|   484|   14|     1|         6776|
    |bilateral_buf_2_U  |stage_bilateral_grid_RAM_2P_BRAM_1R1W  |        1|  0|   0|    0|   484|   14|     1|         6776|
    |bilateral_buf_3_U  |stage_bilateral_grid_RAM_2P_BRAM_1R1W  |        1|  0|   0|    0|   484|   14|     1|         6776|
    |bilateral_buf_4_U  |stage_bilateral_grid_RAM_2P_BRAM_1R1W  |        1|  0|   0|    0|   484|   14|     1|         6776|
    |bilateral_buf_5_U  |stage_bilateral_grid_RAM_2P_BRAM_1R1W  |        1|  0|   0|    0|   484|   14|     1|         6776|
    |bilateral_buf_6_U  |stage_bilateral_grid_RAM_2P_BRAM_1R1W  |        1|  0|   0|    0|   484|   14|     1|         6776|
    |bilateral_buf_7_U  |stage_bilateral_grid_RAM_2P_BRAM_1R1W  |        1|  0|   0|    0|   484|   14|     1|         6776|
    |bilateral_buf_8_U  |stage_bilateral_grid_RAM_2P_BRAM_1R1W  |        1|  0|   0|    0|   484|   14|     1|         6776|
    |eroded_buf_U       |stage_bilateral_grid_RAM_2P_BRAM_1R1W  |        1|  0|   0|    0|   484|   14|     1|         6776|
    |eroded_buf_1_U     |stage_bilateral_grid_RAM_2P_BRAM_1R1W  |        1|  0|   0|    0|   484|   14|     1|         6776|
    |eroded_buf_2_U     |stage_bilateral_grid_RAM_2P_BRAM_1R1W  |        1|  0|   0|    0|   484|   14|     1|         6776|
    |eroded_buf_3_U     |stage_bilateral_grid_RAM_2P_BRAM_1R1W  |        1|  0|   0|    0|   484|   14|     1|         6776|
    |eroded_buf_4_U     |stage_bilateral_grid_RAM_2P_BRAM_1R1W  |        1|  0|   0|    0|   484|   14|     1|         6776|
    |eroded_buf_5_U     |stage_bilateral_grid_RAM_2P_BRAM_1R1W  |        1|  0|   0|    0|   484|   14|     1|         6776|
    |eroded_buf_6_U     |stage_bilateral_grid_RAM_2P_BRAM_1R1W  |        1|  0|   0|    0|   484|   14|     1|         6776|
    |eroded_buf_7_U     |stage_bilateral_grid_RAM_2P_BRAM_1R1W  |        1|  0|   0|    0|   484|   14|     1|         6776|
    |eroded_buf_8_U     |stage_bilateral_grid_RAM_2P_BRAM_1R1W  |        1|  0|   0|    0|   484|   14|     1|         6776|
    +-------------------+---------------------------------------+---------+---+----+-----+------+-----+------+-------------+
    |Total              |                                       |       18|  0|   0|    0|  8712|  252|    18|       121968|
    +-------------------+---------------------------------------+---------+---+----+-----+------+-----+------+-------------+

    * FIFO: 
    N/A

    * Expression: 
    +-----------------+----------+----+---+----+------------+------------+
    |  Variable Name  | Operation| DSP| FF| LUT| Bitwidth P0| Bitwidth P1|
    +-----------------+----------+----+---+----+------------+------------+
    |ap_block_state1  |        or|   0|  0|   2|           1|           1|
    +-----------------+----------+----+---+----+------------+------------+
    |Total            |          |   0|  0|   2|           1|           1|
    +-----------------+----------+----+---+----+------------+------------+

    * Multiplexer: 
    +---------------------+----+-----------+-----+-----------+
    |         Name        | LUT| Input Size| Bits| Total Bits|
    +---------------------+----+-----------+-----+-----------+
    |ap_NS_fsm            |  37|          7|    1|          7|
    |ap_done              |   9|          2|    1|          2|
    |bilateral_buf_1_ce0  |   9|          2|    1|          2|
    |bilateral_buf_1_ce1  |   9|          2|    1|          2|
    |bilateral_buf_1_we1  |   9|          2|    1|          2|
    |bilateral_buf_2_ce0  |   9|          2|    1|          2|
    |bilateral_buf_2_ce1  |   9|          2|    1|          2|
    |bilateral_buf_2_we1  |   9|          2|    1|          2|
    |bilateral_buf_3_ce0  |   9|          2|    1|          2|
    |bilateral_buf_3_ce1  |   9|          2|    1|          2|
    |bilateral_buf_3_we1  |   9|          2|    1|          2|
    |bilateral_buf_4_ce0  |   9|          2|    1|          2|
    |bilateral_buf_4_ce1  |   9|          2|    1|          2|
    |bilateral_buf_4_we1  |   9|          2|    1|          2|
    |bilateral_buf_5_ce0  |   9|          2|    1|          2|
    |bilateral_buf_5_ce1  |   9|          2|    1|          2|
    |bilateral_buf_5_we1  |   9|          2|    1|          2|
    |bilateral_buf_6_ce0  |   9|          2|    1|          2|
    |bilateral_buf_6_ce1  |   9|          2|    1|          2|
    |bilateral_buf_6_we1  |   9|          2|    1|          2|
    |bilateral_buf_7_ce0  |   9|          2|    1|          2|
    |bilateral_buf_7_ce1  |   9|          2|    1|          2|
    |bilateral_buf_7_we1  |   9|          2|    1|          2|
    |bilateral_buf_8_ce0  |   9|          2|    1|          2|
    |bilateral_buf_8_ce1  |   9|          2|    1|          2|
    |bilateral_buf_8_we1  |   9|          2|    1|          2|
    |bilateral_buf_ce0    |   9|          2|    1|          2|
    |bilateral_buf_ce1    |   9|          2|    1|          2|
    |bilateral_buf_we1    |   9|          2|    1|          2|
    |eroded_buf_1_ce0     |   9|          2|    1|          2|
    |eroded_buf_1_ce1     |   9|          2|    1|          2|
    |eroded_buf_1_we1     |   9|          2|    1|          2|
    |eroded_buf_2_ce0     |   9|          2|    1|          2|
    |eroded_buf_2_ce1     |   9|          2|    1|          2|
    |eroded_buf_2_we1     |   9|          2|    1|          2|
    |eroded_buf_3_ce0     |   9|          2|    1|          2|
    |eroded_buf_3_ce1     |   9|          2|    1|          2|
    |eroded_buf_3_we1     |   9|          2|    1|          2|
    |eroded_buf_4_ce0     |   9|          2|    1|          2|
    |eroded_buf_4_ce1     |   9|          2|    1|          2|
    |eroded_buf_4_we1     |   9|          2|    1|          2|
    |eroded_buf_5_ce0     |   9|          2|    1|          2|
    |eroded_buf_5_ce1     |   9|          2|    1|          2|
    |eroded_buf_5_we1     |   9|          2|    1|          2|
    |eroded_buf_6_ce0     |   9|          2|    1|          2|
    |eroded_buf_6_ce1     |   9|          2|    1|          2|
    |eroded_buf_6_we1     |   9|          2|    1|          2|
    |eroded_buf_7_ce0     |   9|          2|    1|          2|
    |eroded_buf_7_ce1     |   9|          2|    1|          2|
    |eroded_buf_7_we1     |   9|          2|    1|          2|
    |eroded_buf_8_ce0     |   9|          2|    1|          2|
    |eroded_buf_8_ce1     |   9|          2|    1|          2|
    |eroded_buf_8_we1     |   9|          2|    1|          2|
    |eroded_buf_ce0       |   9|          2|    1|          2|
    |eroded_buf_ce1       |   9|          2|    1|          2|
    |eroded_buf_we1       |   9|          2|    1|          2|
    |grp_fu_201_ce        |  14|          3|    1|          3|
    |grp_fu_201_p0        |  14|          3|   64|        192|
    |grp_fu_201_p1        |  14|          3|   66|        198|
    +---------------------+----+-----------+-----+-----------+
    |Total                | 574|        126|  187|        510|
    +---------------------+----+-----------+-----+-----------+

    * Register: 
    +----------------------------------------------------------------------------------+---+----+-----+-----------+
    |                                       Name                                       | FF| LUT| Bits| Const Bits|
    +----------------------------------------------------------------------------------+---+----+-----+-----------+
    |ap_CS_fsm                                                                         |  6|   0|    6|          0|
    |ap_done_reg                                                                       |  1|   0|    1|          0|
    |grp_stage_morphology_Pipeline_DILATION_LOOP_VITIS_LOOP_332_4_fu_150_ap_start_reg  |  1|   0|    1|          0|
    |grp_stage_morphology_Pipeline_EROSION_LOOP_VITIS_LOOP_304_1_fu_128_ap_start_reg   |  1|   0|    1|          0|
    |grp_stage_morphology_Pipeline_READ_BILATERAL_fu_104_ap_start_reg                  |  1|   0|    1|          0|
    +----------------------------------------------------------------------------------+---+----+-----+-----------+
    |Total                                                                             | 10|   0|   10|          0|
    +----------------------------------------------------------------------------------+---+----+-----+-----------+



================================================================
== Interface
================================================================
* Summary: 
+----------------------------------+-----+-----+------------+-------------------+--------------+
|             RTL Ports            | Dir | Bits|  Protocol  |   Source Object   |    C Type    |
+----------------------------------+-----+-----+------------+-------------------+--------------+
|ap_clk                            |   in|    1|  ap_ctrl_hs|   stage_morphology|  return value|
|ap_rst                            |   in|    1|  ap_ctrl_hs|   stage_morphology|  return value|
|ap_start                          |   in|    1|  ap_ctrl_hs|   stage_morphology|  return value|
|ap_done                           |  out|    1|  ap_ctrl_hs|   stage_morphology|  return value|
|ap_continue                       |   in|    1|  ap_ctrl_hs|   stage_morphology|  return value|
|ap_idle                           |  out|    1|  ap_ctrl_hs|   stage_morphology|  return value|
|ap_ready                          |  out|    1|  ap_ctrl_hs|   stage_morphology|  return value|
|bilateral_stream_dout             |   in|   14|     ap_fifo|   bilateral_stream|       pointer|
|bilateral_stream_empty_n          |   in|    1|     ap_fifo|   bilateral_stream|       pointer|
|bilateral_stream_read             |  out|    1|     ap_fifo|   bilateral_stream|       pointer|
|bilateral_stream_num_data_valid   |   in|    9|     ap_fifo|   bilateral_stream|       pointer|
|bilateral_stream_fifo_cap         |   in|    9|     ap_fifo|   bilateral_stream|       pointer|
|morphology_stream_din             |  out|   14|     ap_fifo|  morphology_stream|       pointer|
|morphology_stream_full_n          |   in|    1|     ap_fifo|  morphology_stream|       pointer|
|morphology_stream_write           |  out|    1|     ap_fifo|  morphology_stream|       pointer|
|morphology_stream_num_data_valid  |   in|   32|     ap_fifo|  morphology_stream|       pointer|
|morphology_stream_fifo_cap        |   in|   32|     ap_fifo|  morphology_stream|       pointer|
+----------------------------------+-----+-----+------------+-------------------+--------------+

============================================================
+ Verbose Summary: Synthesis Manager
============================================================
InlineROM: 1
ExposeGlobal: 0
============================================================
+ Verbose Summary: CDFG Model
============================================================
IsTopModel: 0
ResetActiveHigh: 1
IsCombinational: 2
IsDatapathOnly: 0
HasWiredReturn: 1
HasMFsm: 0
HasVarLatency: 1
IsPipeline: 0
IsRtlPipelined: 0
IsInstanceOverlapped: 0
IsDontTouch: 0
HasImplIP: 0
IsGatedGlobalClock: 0


============================================================
+ Verbose Summary: Schedule
============================================================
* Number of FSM states : 6
* Pipeline : 0
* Dataflow Pipeline: 0

* FSM state transitions: 
1 --> 2 
2 --> 3 
3 --> 4 
4 --> 5 
5 --> 6 
6 --> 

* FSM state operations: 

State 1 <SV = 0> <Delay = 1.35>
ST_1 : Operation 7 [1/1] (1.35ns)   --->   "%bilateral_buf = alloca i64 1" [top.cpp:287]   --->   Operation 7 'alloca' 'bilateral_buf' <Predicate = true> <Delay = 1.35> <CoreInst = "RAM_2P_BRAM">   --->   Core 93 'RAM_2P_BRAM' <Latency = 1> <II = 1> <Delay = 1.35> <Storage> <Opcode : 'load' 'store'> <Ports = 2> <Width = 14> <Depth = 484> <RAM>
ST_1 : Operation 8 [1/1] (1.35ns)   --->   "%bilateral_buf_1 = alloca i64 1" [top.cpp:287]   --->   Operation 8 'alloca' 'bilateral_buf_1' <Predicate = true> <Delay = 1.35> <CoreInst = "RAM_2P_BRAM">   --->   Core 93 'RAM_2P_BRAM' <Latency = 1> <II = 1> <Delay = 1.35> <Storage> <Opcode : 'load' 'store'> <Ports = 2> <Width = 14> <Depth = 484> <RAM>
ST_1 : Operation 9 [1/1] (1.35ns)   --->   "%bilateral_buf_2 = alloca i64 1" [top.cpp:287]   --->   Operation 9 'alloca' 'bilateral_buf_2' <Predicate = true> <Delay = 1.35> <CoreInst = "RAM_2P_BRAM">   --->   Core 93 'RAM_2P_BRAM' <Latency = 1> <II = 1> <Delay = 1.35> <Storage> <Opcode : 'load' 'store'> <Ports = 2> <Width = 14> <Depth = 484> <RAM>
ST_1 : Operation 10 [1/1] (1.35ns)   --->   "%bilateral_buf_3 = alloca i64 1" [top.cpp:287]   --->   Operation 10 'alloca' 'bilateral_buf_3' <Predicate = true> <Delay = 1.35> <CoreInst = "RAM_2P_BRAM">   --->   Core 93 'RAM_2P_BRAM' <Latency = 1> <II = 1> <Delay = 1.35> <Storage> <Opcode : 'load' 'store'> <Ports = 2> <Width = 14> <Depth = 484> <RAM>
ST_1 : Operation 11 [1/1] (1.35ns)   --->   "%bilateral_buf_4 = alloca i64 1" [top.cpp:287]   --->   Operation 11 'alloca' 'bilateral_buf_4' <Predicate = true> <Delay = 1.35> <CoreInst = "RAM_2P_BRAM">   --->   Core 93 'RAM_2P_BRAM' <Latency = 1> <II = 1> <Delay = 1.35> <Storage> <Opcode : 'load' 'store'> <Ports = 2> <Width = 14> <Depth = 484> <RAM>
ST_1 : Operation 12 [1/1] (1.35ns)   --->   "%bilateral_buf_5 = alloca i64 1" [top.cpp:287]   --->   Operation 12 'alloca' 'bilateral_buf_5' <Predicate = true> <Delay = 1.35> <CoreInst = "RAM_2P_BRAM">   --->   Core 93 'RAM_2P_BRAM' <Latency = 1> <II = 1> <Delay = 1.35> <Storage> <Opcode : 'load' 'store'> <Ports = 2> <Width = 14> <Depth = 484> <RAM>
ST_1 : Operation 13 [1/1] (1.35ns)   --->   "%bilateral_buf_6 = alloca i64 1" [top.cpp:287]   --->   Operation 13 'alloca' 'bilateral_buf_6' <Predicate = true> <Delay = 1.35> <CoreInst = "RAM_2P_BRAM">   --->   Core 93 'RAM_2P_BRAM' <Latency = 1> <II = 1> <Delay = 1.35> <Storage> <Opcode : 'load' 'store'> <Ports = 2> <Width = 14> <Depth = 484> <RAM>
ST_1 : Operation 14 [1/1] (1.35ns)   --->   "%bilateral_buf_7 = alloca i64 1" [top.cpp:287]   --->   Operation 14 'alloca' 'bilateral_buf_7' <Predicate = true> <Delay = 1.35> <CoreInst = "RAM_2P_BRAM">   --->   Core 93 'RAM_2P_BRAM' <Latency = 1> <II = 1> <Delay = 1.35> <Storage> <Opcode : 'load' 'store'> <Ports = 2> <Width = 14> <Depth = 484> <RAM>
ST_1 : Operation 15 [1/1] (1.35ns)   --->   "%bilateral_buf_8 = alloca i64 1" [top.cpp:287]   --->   Operation 15 'alloca' 'bilateral_buf_8' <Predicate = true> <Delay = 1.35> <CoreInst = "RAM_2P_BRAM">   --->   Core 93 'RAM_2P_BRAM' <Latency = 1> <II = 1> <Delay = 1.35> <Storage> <Opcode : 'load' 'store'> <Ports = 2> <Width = 14> <Depth = 484> <RAM>
ST_1 : Operation 16 [1/1] (1.35ns)   --->   "%eroded_buf = alloca i64 1" [top.cpp:288]   --->   Operation 16 'alloca' 'eroded_buf' <Predicate = true> <Delay = 1.35> <CoreInst = "RAM_2P_BRAM">   --->   Core 93 'RAM_2P_BRAM' <Latency = 1> <II = 1> <Delay = 1.35> <Storage> <Opcode : 'load' 'store'> <Ports = 2> <Width = 14> <Depth = 484> <RAM>
ST_1 : Operation 17 [1/1] (1.35ns)   --->   "%eroded_buf_1 = alloca i64 1" [top.cpp:288]   --->   Operation 17 'alloca' 'eroded_buf_1' <Predicate = true> <Delay = 1.35> <CoreInst = "RAM_2P_BRAM">   --->   Core 93 'RAM_2P_BRAM' <Latency = 1> <II = 1> <Delay = 1.35> <Storage> <Opcode : 'load' 'store'> <Ports = 2> <Width = 14> <Depth = 484> <RAM>
ST_1 : Operation 18 [1/1] (1.35ns)   --->   "%eroded_buf_2 = alloca i64 1" [top.cpp:288]   --->   Operation 18 'alloca' 'eroded_buf_2' <Predicate = true> <Delay = 1.35> <CoreInst = "RAM_2P_BRAM">   --->   Core 93 'RAM_2P_BRAM' <Latency = 1> <II = 1> <Delay = 1.35> <Storage> <Opcode : 'load' 'store'> <Ports = 2> <Width = 14> <Depth = 484> <RAM>
ST_1 : Operation 19 [1/1] (1.35ns)   --->   "%eroded_buf_3 = alloca i64 1" [top.cpp:288]   --->   Operation 19 'alloca' 'eroded_buf_3' <Predicate = true> <Delay = 1.35> <CoreInst = "RAM_2P_BRAM">   --->   Core 93 'RAM_2P_BRAM' <Latency = 1> <II = 1> <Delay = 1.35> <Storage> <Opcode : 'load' 'store'> <Ports = 2> <Width = 14> <Depth = 484> <RAM>
ST_1 : Operation 20 [1/1] (1.35ns)   --->   "%eroded_buf_4 = alloca i64 1" [top.cpp:288]   --->   Operation 20 'alloca' 'eroded_buf_4' <Predicate = true> <Delay = 1.35> <CoreInst = "RAM_2P_BRAM">   --->   Core 93 'RAM_2P_BRAM' <Latency = 1> <II = 1> <Delay = 1.35> <Storage> <Opcode : 'load' 'store'> <Ports = 2> <Width = 14> <Depth = 484> <RAM>
ST_1 : Operation 21 [1/1] (1.35ns)   --->   "%eroded_buf_5 = alloca i64 1" [top.cpp:288]   --->   Operation 21 'alloca' 'eroded_buf_5' <Predicate = true> <Delay = 1.35> <CoreInst = "RAM_2P_BRAM">   --->   Core 93 'RAM_2P_BRAM' <Latency = 1> <II = 1> <Delay = 1.35> <Storage> <Opcode : 'load' 'store'> <Ports = 2> <Width = 14> <Depth = 484> <RAM>
ST_1 : Operation 22 [1/1] (1.35ns)   --->   "%eroded_buf_6 = alloca i64 1" [top.cpp:288]   --->   Operation 22 'alloca' 'eroded_buf_6' <Predicate = true> <Delay = 1.35> <CoreInst = "RAM_2P_BRAM">   --->   Core 93 'RAM_2P_BRAM' <Latency = 1> <II = 1> <Delay = 1.35> <Storage> <Opcode : 'load' 'store'> <Ports = 2> <Width = 14> <Depth = 484> <RAM>
ST_1 : Operation 23 [1/1] (1.35ns)   --->   "%eroded_buf_7 = alloca i64 1" [top.cpp:288]   --->   Operation 23 'alloca' 'eroded_buf_7' <Predicate = true> <Delay = 1.35> <CoreInst = "RAM_2P_BRAM">   --->   Core 93 'RAM_2P_BRAM' <Latency = 1> <II = 1> <Delay = 1.35> <Storage> <Opcode : 'load' 'store'> <Ports = 2> <Width = 14> <Depth = 484> <RAM>
ST_1 : Operation 24 [1/1] (1.35ns)   --->   "%eroded_buf_8 = alloca i64 1" [top.cpp:288]   --->   Operation 24 'alloca' 'eroded_buf_8' <Predicate = true> <Delay = 1.35> <CoreInst = "RAM_2P_BRAM">   --->   Core 93 'RAM_2P_BRAM' <Latency = 1> <II = 1> <Delay = 1.35> <Storage> <Opcode : 'load' 'store'> <Ports = 2> <Width = 14> <Depth = 484> <RAM>
ST_1 : Operation 25 [2/2] (0.00ns)   --->   "%call_ln0 = call void @stage_morphology_Pipeline_READ_BILATERAL, i14 %bilateral_buf_8, i14 %bilateral_buf_7, i14 %bilateral_buf_6, i14 %bilateral_buf_5, i14 %bilateral_buf_4, i14 %bilateral_buf_3, i14 %bilateral_buf_2, i14 %bilateral_buf_1, i14 %bilateral_buf, i14 %bilateral_stream"   --->   Operation 25 'call' 'call_ln0' <Predicate = true> <Delay = 0.00> <CoreType = "Generic">   --->   Generic Core

State 2 <SV = 1> <Delay = 0.00>
ST_2 : Operation 26 [1/2] (0.00ns)   --->   "%call_ln0 = call void @stage_morphology_Pipeline_READ_BILATERAL, i14 %bilateral_buf_8, i14 %bilateral_buf_7, i14 %bilateral_buf_6, i14 %bilateral_buf_5, i14 %bilateral_buf_4, i14 %bilateral_buf_3, i14 %bilateral_buf_2, i14 %bilateral_buf_1, i14 %bilateral_buf, i14 %bilateral_stream"   --->   Operation 26 'call' 'call_ln0' <Predicate = true> <Delay = 0.00> <CoreType = "Generic">   --->   Generic Core

State 3 <SV = 2> <Delay = 0.00>
ST_3 : Operation 27 [2/2] (0.00ns)   --->   "%call_ln0 = call void @stage_morphology_Pipeline_EROSION_LOOP_VITIS_LOOP_304_1, i14 %bilateral_buf, i14 %bilateral_buf_1, i14 %bilateral_buf_2, i14 %bilateral_buf_3, i14 %bilateral_buf_4, i14 %bilateral_buf_5, i14 %bilateral_buf_6, i14 %bilateral_buf_7, i14 %bilateral_buf_8, i14 %eroded_buf, i14 %eroded_buf_1, i14 %eroded_buf_2, i14 %eroded_buf_3, i14 %eroded_buf_4, i14 %eroded_buf_5, i14 %eroded_buf_6, i14 %eroded_buf_7, i14 %eroded_buf_8"   --->   Operation 27 'call' 'call_ln0' <Predicate = true> <Delay = 0.00> <CoreType = "Generic">   --->   Generic Core

State 4 <SV = 3> <Delay = 0.00>
ST_4 : Operation 28 [1/2] (0.00ns)   --->   "%call_ln0 = call void @stage_morphology_Pipeline_EROSION_LOOP_VITIS_LOOP_304_1, i14 %bilateral_buf, i14 %bilateral_buf_1, i14 %bilateral_buf_2, i14 %bilateral_buf_3, i14 %bilateral_buf_4, i14 %bilateral_buf_5, i14 %bilateral_buf_6, i14 %bilateral_buf_7, i14 %bilateral_buf_8, i14 %eroded_buf, i14 %eroded_buf_1, i14 %eroded_buf_2, i14 %eroded_buf_3, i14 %eroded_buf_4, i14 %eroded_buf_5, i14 %eroded_buf_6, i14 %eroded_buf_7, i14 %eroded_buf_8"   --->   Operation 28 'call' 'call_ln0' <Predicate = true> <Delay = 0.00> <CoreType = "Generic">   --->   Generic Core

State 5 <SV = 4> <Delay = 0.00>
ST_5 : Operation 29 [1/1] (0.00ns)   --->   "%fence_ln303 = fence void @_ssdm_op_Fence, i14 %bilateral_stream, i32 4294967295, i14 %morphology_stream, i32 0" [top.cpp:303]   --->   Operation 29 'fence' 'fence_ln303' <Predicate = true> <Delay = 0.00>
ST_5 : Operation 30 [1/1] (0.00ns)   --->   "%fence_ln303 = fence void @_ssdm_op_Fence, i14 %bilateral_stream, i32 4294967295, i14 %morphology_stream, i32 0" [top.cpp:303]   --->   Operation 30 'fence' 'fence_ln303' <Predicate = true> <Delay = 0.00>
ST_5 : Operation 31 [1/1] (0.00ns)   --->   "%fence_ln331 = fence void @_ssdm_op_Fence, i14 %bilateral_stream, i32 4294967295, i14 %morphology_stream, i32 0" [top.cpp:331]   --->   Operation 31 'fence' 'fence_ln331' <Predicate = true> <Delay = 0.00>
ST_5 : Operation 32 [2/2] (0.00ns)   --->   "%call_ln0 = call void @stage_morphology_Pipeline_DILATION_LOOP_VITIS_LOOP_332_4, i14 %eroded_buf, i14 %eroded_buf_1, i14 %eroded_buf_2, i14 %eroded_buf_3, i14 %eroded_buf_4, i14 %eroded_buf_5, i14 %eroded_buf_6, i14 %eroded_buf_7, i14 %eroded_buf_8, i14 %morphology_stream"   --->   Operation 32 'call' 'call_ln0' <Predicate = true> <Delay = 0.00> <CoreType = "Generic">   --->   Generic Core

State 6 <SV = 5> <Delay = 0.00>
ST_6 : Operation 33 [1/1] (0.00ns)   --->   "%specinterface_ln0 = specinterface void @_ssdm_op_SpecInterface, i14 %morphology_stream, void @empty_17, i32 0, i32 0, void @empty_2, i32 0, i32 0, void @empty_2, void @empty_2, void @empty_2, i32 0, i32 0, i32 0, i32 0, void @empty_2, void @empty_2, i32 4294967295, i32 0, i32 0"   --->   Operation 33 'specinterface' 'specinterface_ln0' <Predicate = true> <Delay = 0.00>
ST_6 : Operation 34 [1/1] (0.00ns)   --->   "%specinterface_ln0 = specinterface void @_ssdm_op_SpecInterface, i14 %bilateral_stream, void @empty_17, i32 0, i32 0, void @empty_2, i32 0, i32 0, void @empty_2, void @empty_2, void @empty_2, i32 0, i32 0, i32 0, i32 0, void @empty_2, void @empty_2, i32 4294967295, i32 0, i32 0"   --->   Operation 34 'specinterface' 'specinterface_ln0' <Predicate = true> <Delay = 0.00>
ST_6 : Operation 35 [1/1] (0.00ns)   --->   "%specmemcore_ln289 = specmemcore void @_ssdm_op_SpecMemCore, i14 %bilateral_buf_8, i64 666, i64 22, i64 18446744073709551615" [top.cpp:289]   --->   Operation 35 'specmemcore' 'specmemcore_ln289' <Predicate = true> <Delay = 0.00>
ST_6 : Operation 36 [1/1] (0.00ns)   --->   "%specmemcore_ln289 = specmemcore void @_ssdm_op_SpecMemCore, i14 %bilateral_buf_7, i64 666, i64 22, i64 18446744073709551615" [top.cpp:289]   --->   Operation 36 'specmemcore' 'specmemcore_ln289' <Predicate = true> <Delay = 0.00>
ST_6 : Operation 37 [1/1] (0.00ns)   --->   "%specmemcore_ln289 = specmemcore void @_ssdm_op_SpecMemCore, i14 %bilateral_buf_6, i64 666, i64 22, i64 18446744073709551615" [top.cpp:289]   --->   Operation 37 'specmemcore' 'specmemcore_ln289' <Predicate = true> <Delay = 0.00>
ST_6 : Operation 38 [1/1] (0.00ns)   --->   "%specmemcore_ln289 = specmemcore void @_ssdm_op_SpecMemCore, i14 %bilateral_buf_5, i64 666, i64 22, i64 18446744073709551615" [top.cpp:289]   --->   Operation 38 'specmemcore' 'specmemcore_ln289' <Predicate = true> <Delay = 0.00>
ST_6 : Operation 39 [1/1] (0.00ns)   --->   "%specmemcore_ln289 = specmemcore void @_ssdm_op_SpecMemCore, i14 %bilateral_buf_4, i64 666, i64 22, i64 18446744073709551615" [top.cpp:289]   --->   Operation 39 'specmemcore' 'specmemcore_ln289' <Predicate = true> <Delay = 0.00>
ST_6 : Operation 40 [1/1] (0.00ns)   --->   "%specmemcore_ln289 = specmemcore void @_ssdm_op_SpecMemCore, i14 %bilateral_buf_3, i64 666, i64 22, i64 18446744073709551615" [top.cpp:289]   --->   Operation 40 'specmemcore' 'specmemcore_ln289' <Predicate = true> <Delay = 0.00>
ST_6 : Operation 41 [1/1] (0.00ns)   --->   "%specmemcore_ln289 = specmemcore void @_ssdm_op_SpecMemCore, i14 %bilateral_buf_2, i64 666, i64 22, i64 18446744073709551615" [top.cpp:289]   --->   Operation 41 'specmemcore' 'specmemcore_ln289' <Predicate = true> <Delay = 0.00>
ST_6 : Operation 42 [1/1] (0.00ns)   --->   "%specmemcore_ln289 = specmemcore void @_ssdm_op_SpecMemCore, i14 %bilateral_buf_1, i64 666, i64 22, i64 18446744073709551615" [top.cpp:289]   --->   Operation 42 'specmemcore' 'specmemcore_ln289' <Predicate = true> <Delay = 0.00>
ST_6 : Operation 43 [1/1] (0.00ns)   --->   "%specmemcore_ln289 = specmemcore void @_ssdm_op_SpecMemCore, i14 %bilateral_buf, i64 666, i64 22, i64 18446744073709551615" [top.cpp:289]   --->   Operation 43 'specmemcore' 'specmemcore_ln289' <Predicate = true> <Delay = 0.00>
ST_6 : Operation 44 [1/1] (0.00ns)   --->   "%specmemcore_ln290 = specmemcore void @_ssdm_op_SpecMemCore, i14 %eroded_buf_8, i64 666, i64 22, i64 18446744073709551615" [top.cpp:290]   --->   Operation 44 'specmemcore' 'specmemcore_ln290' <Predicate = true> <Delay = 0.00>
ST_6 : Operation 45 [1/1] (0.00ns)   --->   "%specmemcore_ln290 = specmemcore void @_ssdm_op_SpecMemCore, i14 %eroded_buf_7, i64 666, i64 22, i64 18446744073709551615" [top.cpp:290]   --->   Operation 45 'specmemcore' 'specmemcore_ln290' <Predicate = true> <Delay = 0.00>
ST_6 : Operation 46 [1/1] (0.00ns)   --->   "%specmemcore_ln290 = specmemcore void @_ssdm_op_SpecMemCore, i14 %eroded_buf_6, i64 666, i64 22, i64 18446744073709551615" [top.cpp:290]   --->   Operation 46 'specmemcore' 'specmemcore_ln290' <Predicate = true> <Delay = 0.00>
ST_6 : Operation 47 [1/1] (0.00ns)   --->   "%specmemcore_ln290 = specmemcore void @_ssdm_op_SpecMemCore, i14 %eroded_buf_5, i64 666, i64 22, i64 18446744073709551615" [top.cpp:290]   --->   Operation 47 'specmemcore' 'specmemcore_ln290' <Predicate = true> <Delay = 0.00>
ST_6 : Operation 48 [1/1] (0.00ns)   --->   "%specmemcore_ln290 = specmemcore void @_ssdm_op_SpecMemCore, i14 %eroded_buf_4, i64 666, i64 22, i64 18446744073709551615" [top.cpp:290]   --->   Operation 48 'specmemcore' 'specmemcore_ln290' <Predicate = true> <Delay = 0.00>
ST_6 : Operation 49 [1/1] (0.00ns)   --->   "%specmemcore_ln290 = specmemcore void @_ssdm_op_SpecMemCore, i14 %eroded_buf_3, i64 666, i64 22, i64 18446744073709551615" [top.cpp:290]   --->   Operation 49 'specmemcore' 'specmemcore_ln290' <Predicate = true> <Delay = 0.00>
ST_6 : Operation 50 [1/1] (0.00ns)   --->   "%specmemcore_ln290 = specmemcore void @_ssdm_op_SpecMemCore, i14 %eroded_buf_2, i64 666, i64 22, i64 18446744073709551615" [top.cpp:290]   --->   Operation 50 'specmemcore' 'specmemcore_ln290' <Predicate = true> <Delay = 0.00>
ST_6 : Operation 51 [1/1] (0.00ns)   --->   "%specmemcore_ln290 = specmemcore void @_ssdm_op_SpecMemCore, i14 %eroded_buf_1, i64 666, i64 22, i64 18446744073709551615" [top.cpp:290]   --->   Operation 51 'specmemcore' 'specmemcore_ln290' <Predicate = true> <Delay = 0.00>
ST_6 : Operation 52 [1/1] (0.00ns)   --->   "%specmemcore_ln290 = specmemcore void @_ssdm_op_SpecMemCore, i14 %eroded_buf, i64 666, i64 22, i64 18446744073709551615" [top.cpp:290]   --->   Operation 52 'specmemcore' 'specmemcore_ln290' <Predicate = true> <Delay = 0.00>
ST_6 : Operation 53 [1/2] (0.00ns)   --->   "%call_ln0 = call void @stage_morphology_Pipeline_DILATION_LOOP_VITIS_LOOP_332_4, i14 %eroded_buf, i14 %eroded_buf_1, i14 %eroded_buf_2, i14 %eroded_buf_3, i14 %eroded_buf_4, i14 %eroded_buf_5, i14 %eroded_buf_6, i14 %eroded_buf_7, i14 %eroded_buf_8, i14 %morphology_stream"   --->   Operation 53 'call' 'call_ln0' <Predicate = true> <Delay = 0.00> <CoreType = "Generic">   --->   Generic Core
ST_6 : Operation 54 [1/1] (0.00ns)   --->   "%ret_ln355 = ret" [top.cpp:355]   --->   Operation 54 'ret' 'ret_ln355' <Predicate = true> <Delay = 0.00>


============================================================
+ Verbose Summary: Binding
============================================================
STG Binding: 
---------------- STG Properties BEGIN ----------------
- Is combinational: 0
- Is one-state seq: 0
- Is datapath-only: 0
- Is pipelined: 0
- Is top level: 0
Port [ Return ] is wired: 1; IO mode=ap_ctrl_hs:ce=0
Port [ bilateral_stream]:  wired=1; compound=1; hidden=0; nouse=0; global=0; static=0; extern=0; dir=0; type=3; pingpong=0; private_global=0; IO mode=ap_fifo:ce=0
Port [ morphology_stream]:  wired=1; compound=1; hidden=0; nouse=0; global=0; static=0; extern=0; dir=1; type=3; pingpong=0; private_global=0; IO mode=ap_fifo:ce=0
---------------- STG Properties END ------------------

---------------- Datapath Model BEGIN ----------------

<LifeTime>
<method=bitvector/>
bilateral_buf     (alloca       ) [ 0011111]
bilateral_buf_1   (alloca       ) [ 0011111]
bilateral_buf_2   (alloca       ) [ 0011111]
bilateral_buf_3   (alloca       ) [ 0011111]
bilateral_buf_4   (alloca       ) [ 0011111]
bilateral_buf_5   (alloca       ) [ 0011111]
bilateral_buf_6   (alloca       ) [ 0011111]
bilateral_buf_7   (alloca       ) [ 0011111]
bilateral_buf_8   (alloca       ) [ 0011111]
eroded_buf        (alloca       ) [ 0011111]
eroded_buf_1      (alloca       ) [ 0011111]
eroded_buf_2      (alloca       ) [ 0011111]
eroded_buf_3      (alloca       ) [ 0011111]
eroded_buf_4      (alloca       ) [ 0011111]
eroded_buf_5      (alloca       ) [ 0011111]
eroded_buf_6      (alloca       ) [ 0011111]
eroded_buf_7      (alloca       ) [ 0011111]
eroded_buf_8      (alloca       ) [ 0011111]
call_ln0          (call         ) [ 0000000]
call_ln0          (call         ) [ 0000000]
fence_ln303       (fence        ) [ 0000000]
fence_ln303       (fence        ) [ 0000000]
fence_ln331       (fence        ) [ 0000000]
specinterface_ln0 (specinterface) [ 0000000]
specinterface_ln0 (specinterface) [ 0000000]
specmemcore_ln289 (specmemcore  ) [ 0000000]
specmemcore_ln289 (specmemcore  ) [ 0000000]
specmemcore_ln289 (specmemcore  ) [ 0000000]
specmemcore_ln289 (specmemcore  ) [ 0000000]
specmemcore_ln289 (specmemcore  ) [ 0000000]
specmemcore_ln289 (specmemcore  ) [ 0000000]
specmemcore_ln289 (specmemcore  ) [ 0000000]
specmemcore_ln289 (specmemcore  ) [ 0000000]
specmemcore_ln289 (specmemcore  ) [ 0000000]
specmemcore_ln290 (specmemcore  ) [ 0000000]
specmemcore_ln290 (specmemcore  ) [ 0000000]
specmemcore_ln290 (specmemcore  ) [ 0000000]
specmemcore_ln290 (specmemcore  ) [ 0000000]
specmemcore_ln290 (specmemcore  ) [ 0000000]
specmemcore_ln290 (specmemcore  ) [ 0000000]
specmemcore_ln290 (specmemcore  ) [ 0000000]
specmemcore_ln290 (specmemcore  ) [ 0000000]
specmemcore_ln290 (specmemcore  ) [ 0000000]
call_ln0          (call         ) [ 0000000]
ret_ln355         (ret          ) [ 0000000]
</LifeTime>

<model>

<comp_list>
<comp id="0" class="1000" name="bilateral_stream">
<pin_list>
<pin id="1" dir="1" index="0" bw="1" slack="0"/>
</pin_list>
<bind>
<StgValue><ssdm name="bilateral_stream"/></StgValue>
</bind>
</comp>

<comp id="2" class="1000" name="morphology_stream">
<pin_list>
<pin id="3" dir="1" index="0" bw="1" slack="0"/>
</pin_list>
<bind>
<StgValue><ssdm name="morphology_stream"/></StgValue>
</bind>
</comp>

<comp id="4" class="1001" name="const_4">
<pin_list>
<pin id="5" dir="1" index="0" bw="1" slack="0"/>
</pin_list>
<bind>
<StgValue><ssdm name=""/></StgValue>
</bind>
</comp>

<comp id="6" class="1001" name="const_6">
<pin_list>
<pin id="7" dir="1" index="0" bw="1" slack="0"/>
</pin_list>
<bind>
<StgValue><ssdm name="stage_morphology_Pipeline_READ_BILATERAL"/></StgValue>
</bind>
</comp>

<comp id="8" class="1001" name="const_8">
<pin_list>
<pin id="9" dir="1" index="0" bw="1" slack="0"/>
</pin_list>
<bind>
<StgValue><ssdm name="stage_morphology_Pipeline_EROSION_LOOP_VITIS_LOOP_304_1"/></StgValue>
</bind>
</comp>

<comp id="10" class="1001" name="const_10">
<pin_list>
<pin id="11" dir="1" index="0" bw="1" slack="0"/>
</pin_list>
<bind>
<StgValue><ssdm name="_ssdm_op_Fence"/></StgValue>
</bind>
</comp>

<comp id="12" class="1001" name="const_12">
<pin_list>
<pin id="13" dir="1" index="0" bw="1" slack="0"/>
</pin_list>
<bind>
<StgValue><ssdm name=""/></StgValue>
</bind>
</comp>

<comp id="14" class="1001" name="const_14">
<pin_list>
<pin id="15" dir="1" index="0" bw="1" slack="0"/>
</pin_list>
<bind>
<StgValue><ssdm name=""/></StgValue>
</bind>
</comp>

<comp id="16" class="1001" name="const_16">
<pin_list>
<pin id="17" dir="1" index="0" bw="1" slack="0"/>
</pin_list>
<bind>
<StgValue><ssdm name="stage_morphology_Pipeline_DILATION_LOOP_VITIS_LOOP_332_4"/></StgValue>
</bind>
</comp>

<comp id="18" class="1001" name="const_18">
<pin_list>
<pin id="19" dir="1" index="0" bw="1" slack="2147483647"/>
</pin_list>
<bind>
<StgValue><ssdm name="_ssdm_op_SpecInterface"/></StgValue>
</bind>
</comp>

<comp id="20" class="1001" name="const_20">
<pin_list>
<pin id="21" dir="1" index="0" bw="1" slack="2147483647"/>
</pin_list>
<bind>
<StgValue><ssdm name="empty_17"/></StgValue>
</bind>
</comp>

<comp id="22" class="1001" name="const_22">
<pin_list>
<pin id="23" dir="1" index="0" bw="1" slack="2147483647"/>
</pin_list>
<bind>
<StgValue><ssdm name="empty_2"/></StgValue>
</bind>
</comp>

<comp id="24" class="1001" name="const_24">
<pin_list>
<pin id="25" dir="1" index="0" bw="1" slack="2147483647"/>
</pin_list>
<bind>
<StgValue><ssdm name="_ssdm_op_SpecMemCore"/></StgValue>
</bind>
</comp>

<comp id="26" class="1001" name="const_26">
<pin_list>
<pin id="27" dir="1" index="0" bw="1" slack="2147483647"/>
</pin_list>
<bind>
<StgValue><ssdm name=""/></StgValue>
</bind>
</comp>

<comp id="28" class="1001" name="const_28">
<pin_list>
<pin id="29" dir="1" index="0" bw="1" slack="2147483647"/>
</pin_list>
<bind>
<StgValue><ssdm name=""/></StgValue>
</bind>
</comp>

<comp id="30" class="1001" name="const_30">
<pin_list>
<pin id="31" dir="1" index="0" bw="1" slack="2147483647"/>
</pin_list>
<bind>
<StgValue><ssdm name=""/></StgValue>
</bind>
</comp>

<comp id="32" class="1004" name="bilateral_buf_alloca_fu_32">
<pin_list>
<pin id="33" dir="0" index="0" bw="1" slack="0"/>
<pin id="34" dir="1" index="1" bw="14" slack="0"/>
</pin_list>
<bind>
<opcode="alloca(26) " fcode="alloca"/>
<opset="bilateral_buf/1 "/>
</bind>
</comp>

<comp id="36" class="1004" name="bilateral_buf_1_alloca_fu_36">
<pin_list>
<pin id="37" dir="0" index="0" bw="1" slack="0"/>
<pin id="38" dir="1" index="1" bw="14" slack="0"/>
</pin_list>
<bind>
<opcode="alloca(26) " fcode="alloca"/>
<opset="bilateral_buf_1/1 "/>
</bind>
</comp>

<comp id="40" class="1004" name="bilateral_buf_2_alloca_fu_40">
<pin_list>
<pin id="41" dir="0" index="0" bw="1" slack="0"/>
<pin id="42" dir="1" index="1" bw="14" slack="0"/>
</pin_list>
<bind>
<opcode="alloca(26) " fcode="alloca"/>
<opset="bilateral_buf_2/1 "/>
</bind>
</comp>

<comp id="44" class="1004" name="bilateral_buf_3_alloca_fu_44">
<pin_list>
<pin id="45" dir="0" index="0" bw="1" slack="0"/>
<pin id="46" dir="1" index="1" bw="14" slack="0"/>
</pin_list>
<bind>
<opcode="alloca(26) " fcode="alloca"/>
<opset="bilateral_buf_3/1 "/>
</bind>
</comp>

<comp id="48" class="1004" name="bilateral_buf_4_alloca_fu_48">
<pin_list>
<pin id="49" dir="0" index="0" bw="1" slack="0"/>
<pin id="50" dir="1" index="1" bw="14" slack="0"/>
</pin_list>
<bind>
<opcode="alloca(26) " fcode="alloca"/>
<opset="bilateral_buf_4/1 "/>
</bind>
</comp>

<comp id="52" class="1004" name="bilateral_buf_5_alloca_fu_52">
<pin_list>
<pin id="53" dir="0" index="0" bw="1" slack="0"/>
<pin id="54" dir="1" index="1" bw="14" slack="0"/>
</pin_list>
<bind>
<opcode="alloca(26) " fcode="alloca"/>
<opset="bilateral_buf_5/1 "/>
</bind>
</comp>

<comp id="56" class="1004" name="bilateral_buf_6_alloca_fu_56">
<pin_list>
<pin id="57" dir="0" index="0" bw="1" slack="0"/>
<pin id="58" dir="1" index="1" bw="14" slack="0"/>
</pin_list>
<bind>
<opcode="alloca(26) " fcode="alloca"/>
<opset="bilateral_buf_6/1 "/>
</bind>
</comp>

<comp id="60" class="1004" name="bilateral_buf_7_alloca_fu_60">
<pin_list>
<pin id="61" dir="0" index="0" bw="1" slack="0"/>
<pin id="62" dir="1" index="1" bw="14" slack="0"/>
</pin_list>
<bind>
<opcode="alloca(26) " fcode="alloca"/>
<opset="bilateral_buf_7/1 "/>
</bind>
</comp>

<comp id="64" class="1004" name="bilateral_buf_8_alloca_fu_64">
<pin_list>
<pin id="65" dir="0" index="0" bw="1" slack="0"/>
<pin id="66" dir="1" index="1" bw="14" slack="0"/>
</pin_list>
<bind>
<opcode="alloca(26) " fcode="alloca"/>
<opset="bilateral_buf_8/1 "/>
</bind>
</comp>

<comp id="68" class="1004" name="eroded_buf_alloca_fu_68">
<pin_list>
<pin id="69" dir="0" index="0" bw="1" slack="0"/>
<pin id="70" dir="1" index="1" bw="14" slack="2147483647"/>
</pin_list>
<bind>
<opcode="alloca(26) " fcode="alloca"/>
<opset="eroded_buf/1 "/>
</bind>
</comp>

<comp id="72" class="1004" name="eroded_buf_1_alloca_fu_72">
<pin_list>
<pin id="73" dir="0" index="0" bw="1" slack="0"/>
<pin id="74" dir="1" index="1" bw="14" slack="2147483647"/>
</pin_list>
<bind>
<opcode="alloca(26) " fcode="alloca"/>
<opset="eroded_buf_1/1 "/>
</bind>
</comp>

<comp id="76" class="1004" name="eroded_buf_2_alloca_fu_76">
<pin_list>
<pin id="77" dir="0" index="0" bw="1" slack="0"/>
<pin id="78" dir="1" index="1" bw="14" slack="2147483647"/>
</pin_list>
<bind>
<opcode="alloca(26) " fcode="alloca"/>
<opset="eroded_buf_2/1 "/>
</bind>
</comp>

<comp id="80" class="1004" name="eroded_buf_3_alloca_fu_80">
<pin_list>
<pin id="81" dir="0" index="0" bw="1" slack="0"/>
<pin id="82" dir="1" index="1" bw="14" slack="2147483647"/>
</pin_list>
<bind>
<opcode="alloca(26) " fcode="alloca"/>
<opset="eroded_buf_3/1 "/>
</bind>
</comp>

<comp id="84" class="1004" name="eroded_buf_4_alloca_fu_84">
<pin_list>
<pin id="85" dir="0" index="0" bw="1" slack="0"/>
<pin id="86" dir="1" index="1" bw="14" slack="2147483647"/>
</pin_list>
<bind>
<opcode="alloca(26) " fcode="alloca"/>
<opset="eroded_buf_4/1 "/>
</bind>
</comp>

<comp id="88" class="1004" name="eroded_buf_5_alloca_fu_88">
<pin_list>
<pin id="89" dir="0" index="0" bw="1" slack="0"/>
<pin id="90" dir="1" index="1" bw="14" slack="2147483647"/>
</pin_list>
<bind>
<opcode="alloca(26) " fcode="alloca"/>
<opset="eroded_buf_5/1 "/>
</bind>
</comp>

<comp id="92" class="1004" name="eroded_buf_6_alloca_fu_92">
<pin_list>
<pin id="93" dir="0" index="0" bw="1" slack="0"/>
<pin id="94" dir="1" index="1" bw="14" slack="2147483647"/>
</pin_list>
<bind>
<opcode="alloca(26) " fcode="alloca"/>
<opset="eroded_buf_6/1 "/>
</bind>
</comp>

<comp id="96" class="1004" name="eroded_buf_7_alloca_fu_96">
<pin_list>
<pin id="97" dir="0" index="0" bw="1" slack="0"/>
<pin id="98" dir="1" index="1" bw="14" slack="2147483647"/>
</pin_list>
<bind>
<opcode="alloca(26) " fcode="alloca"/>
<opset="eroded_buf_7/1 "/>
</bind>
</comp>

<comp id="100" class="1004" name="eroded_buf_8_alloca_fu_100">
<pin_list>
<pin id="101" dir="0" index="0" bw="1" slack="0"/>
<pin id="102" dir="1" index="1" bw="14" slack="2147483647"/>
</pin_list>
<bind>
<opcode="alloca(26) " fcode="alloca"/>
<opset="eroded_buf_8/1 "/>
</bind>
</comp>

<comp id="104" class="1004" name="grp_stage_morphology_Pipeline_READ_BILATERAL_fu_104">
<pin_list>
<pin id="105" dir="0" index="0" bw="0" slack="0"/>
<pin id="106" dir="0" index="1" bw="14" slack="0"/>
<pin id="107" dir="0" index="2" bw="14" slack="0"/>
<pin id="108" dir="0" index="3" bw="14" slack="0"/>
<pin id="109" dir="0" index="4" bw="14" slack="0"/>
<pin id="110" dir="0" index="5" bw="14" slack="0"/>
<pin id="111" dir="0" index="6" bw="14" slack="0"/>
<pin id="112" dir="0" index="7" bw="14" slack="0"/>
<pin id="113" dir="0" index="8" bw="14" slack="0"/>
<pin id="114" dir="0" index="9" bw="14" slack="0"/>
<pin id="115" dir="0" index="10" bw="14" slack="0"/>
<pin id="116" dir="1" index="11" bw="0" slack="2147483647"/>
</pin_list>
<bind>
<opcode="call(48) " fcode="call"/>
<opset="call_ln0/1 "/>
</bind>
</comp>

<comp id="128" class="1004" name="grp_stage_morphology_Pipeline_EROSION_LOOP_VITIS_LOOP_304_1_fu_128">
<pin_list>
<pin id="129" dir="0" index="0" bw="0" slack="0"/>
<pin id="130" dir="0" index="1" bw="14" slack="2147483647"/>
<pin id="131" dir="0" index="2" bw="14" slack="2147483647"/>
<pin id="132" dir="0" index="3" bw="14" slack="2147483647"/>
<pin id="133" dir="0" index="4" bw="14" slack="2147483647"/>
<pin id="134" dir="0" index="5" bw="14" slack="2147483647"/>
<pin id="135" dir="0" index="6" bw="14" slack="2147483647"/>
<pin id="136" dir="0" index="7" bw="14" slack="2147483647"/>
<pin id="137" dir="0" index="8" bw="14" slack="2147483647"/>
<pin id="138" dir="0" index="9" bw="14" slack="2147483647"/>
<pin id="139" dir="0" index="10" bw="14" slack="2147483647"/>
<pin id="140" dir="0" index="11" bw="14" slack="2147483647"/>
<pin id="141" dir="0" index="12" bw="14" slack="2147483647"/>
<pin id="142" dir="0" index="13" bw="14" slack="2147483647"/>
<pin id="143" dir="0" index="14" bw="14" slack="2147483647"/>
<pin id="144" dir="0" index="15" bw="14" slack="2147483647"/>
<pin id="145" dir="0" index="16" bw="14" slack="2147483647"/>
<pin id="146" dir="0" index="17" bw="14" slack="2147483647"/>
<pin id="147" dir="0" index="18" bw="14" slack="2147483647"/>
<pin id="148" dir="1" index="19" bw="0" slack="2147483647"/>
</pin_list>
<bind>
<opcode="call(48) " fcode="call"/>
<opset="call_ln0/3 "/>
</bind>
</comp>

<comp id="150" class="1004" name="grp_stage_morphology_Pipeline_DILATION_LOOP_VITIS_LOOP_332_4_fu_150">
<pin_list>
<pin id="151" dir="0" index="0" bw="0" slack="0"/>
<pin id="152" dir="0" index="1" bw="14" slack="2147483647"/>
<pin id="153" dir="0" index="2" bw="14" slack="2147483647"/>
<pin id="154" dir="0" index="3" bw="14" slack="2147483647"/>
<pin id="155" dir="0" index="4" bw="14" slack="2147483647"/>
<pin id="156" dir="0" index="5" bw="14" slack="2147483647"/>
<pin id="157" dir="0" index="6" bw="14" slack="2147483647"/>
<pin id="158" dir="0" index="7" bw="14" slack="2147483647"/>
<pin id="159" dir="0" index="8" bw="14" slack="2147483647"/>
<pin id="160" dir="0" index="9" bw="14" slack="2147483647"/>
<pin id="161" dir="0" index="10" bw="14" slack="0"/>
<pin id="162" dir="1" index="11" bw="0" slack="2147483647"/>
</pin_list>
<bind>
<opcode="call(48) " fcode="call"/>
<opset="call_ln0/5 "/>
</bind>
</comp>

<comp id="165" class="1004" name="fence_ln303_fu_165">
<pin_list>
<pin id="166" dir="0" index="0" bw="0" slack="0"/>
<pin id="167" dir="0" index="1" bw="14" slack="0"/>
<pin id="168" dir="0" index="2" bw="1" slack="0"/>
<pin id="169" dir="0" index="3" bw="14" slack="0"/>
<pin id="170" dir="0" index="4" bw="1" slack="0"/>
<pin id="171" dir="1" index="5" bw="0" slack="2147483647"/>
</pin_list>
<bind>
<opcode="fence(30) " fcode="fence"/>
<opset="fence_ln303/5 "/>
</bind>
</comp>

<comp id="177" class="1004" name="fence_ln303_fu_177">
<pin_list>
<pin id="178" dir="0" index="0" bw="0" slack="0"/>
<pin id="179" dir="0" index="1" bw="14" slack="0"/>
<pin id="180" dir="0" index="2" bw="1" slack="0"/>
<pin id="181" dir="0" index="3" bw="14" slack="0"/>
<pin id="182" dir="0" index="4" bw="1" slack="0"/>
<pin id="183" dir="1" index="5" bw="0" slack="2147483647"/>
</pin_list>
<bind>
<opcode="fence(30) " fcode="fence"/>
<opset="fence_ln303/5 "/>
</bind>
</comp>

<comp id="189" class="1004" name="fence_ln331_fu_189">
<pin_list>
<pin id="190" dir="0" index="0" bw="0" slack="0"/>
<pin id="191" dir="0" index="1" bw="14" slack="0"/>
<pin id="192" dir="0" index="2" bw="1" slack="0"/>
<pin id="193" dir="0" index="3" bw="14" slack="0"/>
<pin id="194" dir="0" index="4" bw="1" slack="0"/>
<pin id="195" dir="1" index="5" bw="0" slack="2147483647"/>
</pin_list>
<bind>
<opcode="fence(30) " fcode="fence"/>
<opset="fence_ln331/5 "/>
</bind>
</comp>

<comp id="201" class="1004" name="grp_fu_201">
<pin_list>
<pin id="202" dir="0" index="0" bw="64" slack="2147483647"/>
<pin id="203" dir="0" index="1" bw="66" slack="2147483647"/>
<pin id="204" dir="1" index="2" bw="129" slack="2147483647"/>
</pin_list>
<bind>
<opcode="mul(12) " fcode="mul"/>
<opset="mul_ln303_1/8 mul_ln331_1/8 "/>
</bind>
</comp>

</comp_list>

<net_list>
<net id="35"><net_src comp="4" pin="0"/><net_sink comp="32" pin=0"/></net>

<net id="39"><net_src comp="4" pin="0"/><net_sink comp="36" pin=0"/></net>

<net id="43"><net_src comp="4" pin="0"/><net_sink comp="40" pin=0"/></net>

<net id="47"><net_src comp="4" pin="0"/><net_sink comp="44" pin=0"/></net>

<net id="51"><net_src comp="4" pin="0"/><net_sink comp="48" pin=0"/></net>

<net id="55"><net_src comp="4" pin="0"/><net_sink comp="52" pin=0"/></net>

<net id="59"><net_src comp="4" pin="0"/><net_sink comp="56" pin=0"/></net>

<net id="63"><net_src comp="4" pin="0"/><net_sink comp="60" pin=0"/></net>

<net id="67"><net_src comp="4" pin="0"/><net_sink comp="64" pin=0"/></net>

<net id="71"><net_src comp="4" pin="0"/><net_sink comp="68" pin=0"/></net>

<net id="75"><net_src comp="4" pin="0"/><net_sink comp="72" pin=0"/></net>

<net id="79"><net_src comp="4" pin="0"/><net_sink comp="76" pin=0"/></net>

<net id="83"><net_src comp="4" pin="0"/><net_sink comp="80" pin=0"/></net>

<net id="87"><net_src comp="4" pin="0"/><net_sink comp="84" pin=0"/></net>

<net id="91"><net_src comp="4" pin="0"/><net_sink comp="88" pin=0"/></net>

<net id="95"><net_src comp="4" pin="0"/><net_sink comp="92" pin=0"/></net>

<net id="99"><net_src comp="4" pin="0"/><net_sink comp="96" pin=0"/></net>

<net id="103"><net_src comp="4" pin="0"/><net_sink comp="100" pin=0"/></net>

<net id="117"><net_src comp="6" pin="0"/><net_sink comp="104" pin=0"/></net>

<net id="118"><net_src comp="64" pin="1"/><net_sink comp="104" pin=1"/></net>

<net id="119"><net_src comp="60" pin="1"/><net_sink comp="104" pin=2"/></net>

<net id="120"><net_src comp="56" pin="1"/><net_sink comp="104" pin=3"/></net>

<net id="121"><net_src comp="52" pin="1"/><net_sink comp="104" pin=4"/></net>

<net id="122"><net_src comp="48" pin="1"/><net_sink comp="104" pin=5"/></net>

<net id="123"><net_src comp="44" pin="1"/><net_sink comp="104" pin=6"/></net>

<net id="124"><net_src comp="40" pin="1"/><net_sink comp="104" pin=7"/></net>

<net id="125"><net_src comp="36" pin="1"/><net_sink comp="104" pin=8"/></net>

<net id="126"><net_src comp="32" pin="1"/><net_sink comp="104" pin=9"/></net>

<net id="127"><net_src comp="0" pin="0"/><net_sink comp="104" pin=10"/></net>

<net id="149"><net_src comp="8" pin="0"/><net_sink comp="128" pin=0"/></net>

<net id="163"><net_src comp="16" pin="0"/><net_sink comp="150" pin=0"/></net>

<net id="164"><net_src comp="2" pin="0"/><net_sink comp="150" pin=10"/></net>

<net id="172"><net_src comp="10" pin="0"/><net_sink comp="165" pin=0"/></net>

<net id="173"><net_src comp="0" pin="0"/><net_sink comp="165" pin=1"/></net>

<net id="174"><net_src comp="12" pin="0"/><net_sink comp="165" pin=2"/></net>

<net id="175"><net_src comp="2" pin="0"/><net_sink comp="165" pin=3"/></net>

<net id="176"><net_src comp="14" pin="0"/><net_sink comp="165" pin=4"/></net>

<net id="184"><net_src comp="10" pin="0"/><net_sink comp="177" pin=0"/></net>

<net id="185"><net_src comp="0" pin="0"/><net_sink comp="177" pin=1"/></net>

<net id="186"><net_src comp="12" pin="0"/><net_sink comp="177" pin=2"/></net>

<net id="187"><net_src comp="2" pin="0"/><net_sink comp="177" pin=3"/></net>

<net id="188"><net_src comp="14" pin="0"/><net_sink comp="177" pin=4"/></net>

<net id="196"><net_src comp="10" pin="0"/><net_sink comp="189" pin=0"/></net>

<net id="197"><net_src comp="0" pin="0"/><net_sink comp="189" pin=1"/></net>

<net id="198"><net_src comp="12" pin="0"/><net_sink comp="189" pin=2"/></net>

<net id="199"><net_src comp="2" pin="0"/><net_sink comp="189" pin=3"/></net>

<net id="200"><net_src comp="14" pin="0"/><net_sink comp="189" pin=4"/></net>

</net_list>

</model> 
---------------- Datapath Model END ------------------

* FSMD analyzer results:
  - Output states:
	Port: morphology_stream | {5 6 }
 - Input state : 
	Port: stage_morphology : bilateral_stream | {1 2 }
  - Chain level:
	State 1
		call_ln0 : 1
	State 2
	State 3
	State 4
	State 5
	State 6


============================================================
+ Verbose Summary: Datapath Resource usage 
============================================================

* Functional unit list:
|----------|---------------------------------------------------------------------|---------|---------|---------|---------|
| Operation|                           Functional Unit                           |   DSP   |  Delay  |    FF   |   LUT   |
|----------|---------------------------------------------------------------------|---------|---------|---------|---------|
|          |         grp_stage_morphology_Pipeline_READ_BILATERAL_fu_104         |    1    |  1.956  |   323   |   292   |
|   call   |  grp_stage_morphology_Pipeline_EROSION_LOOP_VITIS_LOOP_304_1_fu_128 |    16   |  8.4342 |   2035  |   2392  |
|          | grp_stage_morphology_Pipeline_DILATION_LOOP_VITIS_LOOP_332_4_fu_150 |    16   |  8.4342 |   1975  |   2395  |
|----------|---------------------------------------------------------------------|---------|---------|---------|---------|
|    mul   |                              grp_fu_201                             |    16   |    0    |   441   |   249   |
|----------|---------------------------------------------------------------------|---------|---------|---------|---------|
|          |                          fence_ln303_fu_165                         |    0    |    0    |    0    |    0    |
|   fence  |                          fence_ln303_fu_177                         |    0    |    0    |    0    |    0    |
|          |                          fence_ln331_fu_189                         |    0    |    0    |    0    |    0    |
|----------|---------------------------------------------------------------------|---------|---------|---------|---------|
|   Total  |                                                                     |    49   | 18.8244 |   4774  |   5328  |
|----------|---------------------------------------------------------------------|---------|---------|---------|---------|

Memories:
+---------------+--------+--------+--------+
|               |  BRAM  |   FF   |   LUT  |
+---------------+--------+--------+--------+
| bilateral_buf |    1   |    0   |    0   |
|bilateral_buf_1|    1   |    0   |    0   |
|bilateral_buf_2|    1   |    0   |    0   |
|bilateral_buf_3|    1   |    0   |    0   |
|bilateral_buf_4|    1   |    0   |    0   |
|bilateral_buf_5|    1   |    0   |    0   |
|bilateral_buf_6|    1   |    0   |    0   |
|bilateral_buf_7|    1   |    0   |    0   |
|bilateral_buf_8|    1   |    0   |    0   |
|   eroded_buf  |    1   |    0   |    0   |
|  eroded_buf_1 |    1   |    0   |    0   |
|  eroded_buf_2 |    1   |    0   |    0   |
|  eroded_buf_3 |    1   |    0   |    0   |
|  eroded_buf_4 |    1   |    0   |    0   |
|  eroded_buf_5 |    1   |    0   |    0   |
|  eroded_buf_6 |    1   |    0   |    0   |
|  eroded_buf_7 |    1   |    0   |    0   |
|  eroded_buf_8 |    1   |    0   |    0   |
+---------------+--------+--------+--------+
|     Total     |   18   |    0   |    0   |
+---------------+--------+--------+--------+

* Register list:
N/A

* Multiplexer (MUX) list: 
|--------|------|------|------|--------|
|  Comp  |  Pin | Size |  BW  | S x BW |
|--------|------|------|------|--------|
|  Total |      |      |      |    0   |
|--------|------|------|------|--------|



* Summary:
+-----------+--------+--------+--------+--------+--------+
|           |  BRAM  |   DSP  |  Delay |   FF   |   LUT  |
+-----------+--------+--------+--------+--------+--------+
|  Function |    -   |   49   |   18   |  4774  |  5328  |
|   Memory  |   18   |    -   |    -   |    0   |    0   |
|Multiplexer|    -   |    -   |    -   |    -   |    -   |
|  Register |    -   |    -   |    -   |    -   |    -   |
+-----------+--------+--------+--------+--------+--------+
|   Total   |   18   |   49   |   18   |  4774  |  5328  |
+-----------+--------+--------+--------+--------+--------+
