

================================================================
== Vitis HLS Report for 'stage_morphology_Pipeline_READ_BILATERAL'
================================================================
* Date:           Sat Apr 11 20:28:23 2026

* Version:        2025.1.1 (Build 6214317 on Sep 11 2025)
* Project:        project_1
* Solution:       hls (Vivado IP Flow Target)
* Product family: zynquplus
* Target device:  xczu3eg-sbva484-1-e


================================================================
== Performance Estimates
================================================================
+ Timing: 
    * Summary: 
    +--------+---------+----------+------------+
    |  Clock |  Target | Estimated| Uncertainty|
    +--------+---------+----------+------------+
    |ap_clk  |  4.00 ns|  2.812 ns|     1.08 ns|
    +--------+---------+----------+------------+

+ Latency: 
    * Summary: 
    +---------+---------+-----------+-----------+------+------+------------------------------------------------+
    |  Latency (cycles) |   Latency (absolute)  |   Interval  |                    Pipeline                    |
    |   min   |   max   |    min    |    max    |  min |  max |                      Type                      |
    +---------+---------+-----------+-----------+------+------+------------------------------------------------+
    |     4107|     4107|  16.428 us|  16.428 us|  4097|  4097|  loop auto-rewind stp (delay=0 clock cycles(s))|
    +---------+---------+-----------+-----------+------+------+------------------------------------------------+

    + Detail: 
        * Instance: 
        N/A

        * Loop: 
        +------------------+---------+---------+----------+-----------+-----------+------+----------+
        |                  |  Latency (cycles) | Iteration|  Initiation Interval  | Trip |          |
        |     Loop Name    |   min   |   max   |  Latency |  achieved |   target  | Count| Pipelined|
        +------------------+---------+---------+----------+-----------+-----------+------+----------+
        |- READ_BILATERAL  |     4105|     4105|        11|          1|          1|  4096|       yes|
        +------------------+---------+---------+----------+-----------+-----------+------+----------+

============================================================
+ Verbose Summary: Synthesis Manager
============================================================
InlineROM: 1
ExposeGlobal: 0
============================================================
+ Verbose Summary: CDFG Model
============================================================
IsTopModel: 0
ResetActiveHigh: 1
IsCombinational: 0
IsDatapathOnly: 0
HasWiredReturn: 1
HasMFsm: 2
HasVarLatency: 1
IsPipeline: 0
IsRtlPipelined: 0
IsInstanceOverlapped: 0
IsDontTouch: 0
HasImplIP: 0
IsGatedGlobalClock: 0

+ Individual pipeline summary: 
  * Pipeline-0: initiation interval (II) = 1, depth = 11


============================================================
+ Verbose Summary: Schedule
============================================================
* Number of FSM states : 11
* Pipeline : 1
  Pipeline-0 : II = 1, D = 11, States = { 1 2 3 4 5 6 7 8 9 10 11 }
* Dataflow Pipeline: 0

* FSM state transitions: 
1 --> 2 
2 --> 3 
3 --> 4 
4 --> 5 
5 --> 6 
6 --> 7 
7 --> 8 
8 --> 9 
9 --> 10 
10 --> 11 
11 --> 

* FSM state operations: 

State 1 <SV = 0> <Delay = 2.65>
ST_1 : Operation 14 [1/1] (0.00ns)   --->   "%i = alloca i32 1" [top.cpp:305]   --->   Operation 14 'alloca' 'i' <Predicate = true> <Delay = 0.00>
ST_1 : Operation 15 [1/1] (0.00ns)   --->   "%specmemcore_ln0 = specmemcore void @_ssdm_op_SpecMemCore, i12 %bilateral_buf, i64 666, i64 22, i64 18446744073709551615"   --->   Operation 15 'specmemcore' 'specmemcore_ln0' <Predicate = true> <Delay = 0.00>
ST_1 : Operation 16 [1/1] (0.00ns)   --->   "%specmemcore_ln0 = specmemcore void @_ssdm_op_SpecMemCore, i12 %bilateral_buf_1, i64 666, i64 22, i64 18446744073709551615"   --->   Operation 16 'specmemcore' 'specmemcore_ln0' <Predicate = true> <Delay = 0.00>
ST_1 : Operation 17 [1/1] (0.00ns)   --->   "%specmemcore_ln0 = specmemcore void @_ssdm_op_SpecMemCore, i12 %bilateral_buf_2, i64 666, i64 22, i64 18446744073709551615"   --->   Operation 17 'specmemcore' 'specmemcore_ln0' <Predicate = true> <Delay = 0.00>
ST_1 : Operation 18 [1/1] (0.00ns)   --->   "%specmemcore_ln0 = specmemcore void @_ssdm_op_SpecMemCore, i12 %bilateral_buf_3, i64 666, i64 22, i64 18446744073709551615"   --->   Operation 18 'specmemcore' 'specmemcore_ln0' <Predicate = true> <Delay = 0.00>
ST_1 : Operation 19 [1/1] (0.00ns)   --->   "%specmemcore_ln0 = specmemcore void @_ssdm_op_SpecMemCore, i12 %bilateral_buf_4, i64 666, i64 22, i64 18446744073709551615"   --->   Operation 19 'specmemcore' 'specmemcore_ln0' <Predicate = true> <Delay = 0.00>
ST_1 : Operation 20 [1/1] (0.00ns)   --->   "%specmemcore_ln0 = specmemcore void @_ssdm_op_SpecMemCore, i12 %bilateral_buf_5, i64 666, i64 22, i64 18446744073709551615"   --->   Operation 20 'specmemcore' 'specmemcore_ln0' <Predicate = true> <Delay = 0.00>
ST_1 : Operation 21 [1/1] (0.00ns)   --->   "%specmemcore_ln0 = specmemcore void @_ssdm_op_SpecMemCore, i12 %bilateral_buf_6, i64 666, i64 22, i64 18446744073709551615"   --->   Operation 21 'specmemcore' 'specmemcore_ln0' <Predicate = true> <Delay = 0.00>
ST_1 : Operation 22 [1/1] (0.00ns)   --->   "%specmemcore_ln0 = specmemcore void @_ssdm_op_SpecMemCore, i12 %bilateral_buf_7, i64 666, i64 22, i64 18446744073709551615"   --->   Operation 22 'specmemcore' 'specmemcore_ln0' <Predicate = true> <Delay = 0.00>
ST_1 : Operation 23 [1/1] (0.00ns)   --->   "%specmemcore_ln0 = specmemcore void @_ssdm_op_SpecMemCore, i12 %bilateral_buf_8, i64 666, i64 22, i64 18446744073709551615"   --->   Operation 23 'specmemcore' 'specmemcore_ln0' <Predicate = true> <Delay = 0.00>
ST_1 : Operation 24 [1/1] (0.00ns)   --->   "%specinterface_ln0 = specinterface void @_ssdm_op_SpecInterface, i12 %bilateral_stream, void @empty_17, i32 0, i32 0, void @empty_2, i32 0, i32 0, void @empty_2, void @empty_2, void @empty_2, i32 0, i32 0, i32 0, i32 0, void @empty_2, void @empty_2, i32 4294967295, i32 0, i32 0"   --->   Operation 24 'specinterface' 'specinterface_ln0' <Predicate = true> <Delay = 0.00>
ST_1 : Operation 25 [1/1] (0.48ns)   --->   "%store_ln305 = store i13 0, i13 %i" [top.cpp:305]   --->   Operation 25 'store' 'store_ln305' <Predicate = true> <Delay = 0.48>
ST_1 : Operation 26 [1/1] (0.00ns)   --->   "%br_ln305 = br void %for.inc" [top.cpp:305]   --->   Operation 26 'br' 'br_ln305' <Predicate = true> <Delay = 0.00>
ST_1 : Operation 27 [1/1] (0.00ns)   --->   "%i_2 = load i13 %i" [top.cpp:305]   --->   Operation 27 'load' 'i_2' <Predicate = true> <Delay = 0.00>
ST_1 : Operation 28 [1/1] (0.97ns)   --->   "%icmp_ln305 = icmp_eq  i13 %i_2, i13 4096" [top.cpp:305]   --->   Operation 28 'icmp' 'icmp_ln305' <Predicate = true> <Delay = 0.97> <CoreInst = "Cmp">   --->   Core 9 'Cmp' <Latency = 0> <II = 1> <Delay = 0.97> <FuncUnit> <Opcode : 'seteq' 'setne' 'setle' 'setge' 'setlt' 'setgt'> <InPorts = 2> <OutPorts = 1>
ST_1 : Operation 29 [1/1] (0.97ns)   --->   "%i_3 = add i13 %i_2, i13 1" [top.cpp:305]   --->   Operation 29 'add' 'i_3' <Predicate = true> <Delay = 0.97> <CoreInst = "Adder">   --->   Core 1 'Adder' <Latency = 0> <II = 1> <Delay = 0.97> <FuncUnit> <Opcode : 'add' 'sub'> <InPorts = 2> <OutPorts = 1>
ST_1 : Operation 30 [1/1] (0.00ns)   --->   "%br_ln305 = br i1 %icmp_ln305, void %for.inc.split, void %for.body12.preheader.exitStub" [top.cpp:305]   --->   Operation 30 'br' 'br_ln305' <Predicate = true> <Delay = 0.00>
ST_1 : Operation 31 [1/1] (0.00ns)   --->   "%c = trunc i13 %i_2" [top.cpp:305]   --->   Operation 31 'trunc' 'c' <Predicate = (!icmp_ln305)> <Delay = 0.00>
ST_1 : Operation 32 [1/1] (0.00ns)   --->   "%trunc_ln = partselect i6 @_ssdm_op_PartSelect.i6.i13.i32.i32, i13 %i_2, i32 6, i32 11" [top.cpp:308]   --->   Operation 32 'partselect' 'trunc_ln' <Predicate = (!icmp_ln305)> <Delay = 0.00>
ST_1 : Operation 33 [1/1] (0.00ns)   --->   "%zext_ln308 = zext i6 %trunc_ln" [top.cpp:308]   --->   Operation 33 'zext' 'zext_ln308' <Predicate = (!icmp_ln305)> <Delay = 0.00>
ST_1 : Operation 34 [1/1] (2.17ns)   --->   "%mul_ln308 = mul i13 %zext_ln308, i13 86" [top.cpp:308]   --->   Operation 34 'mul' 'mul_ln308' <Predicate = (!icmp_ln305)> <Delay = 2.17> <CoreInst = "Multiplier">   --->   Core 3 'Multiplier' <Latency = 0> <II = 1> <Delay = 2.17> <FuncUnit> <Opcode : 'mul'> <InPorts = 2> <OutPorts = 1>
ST_1 : Operation 35 [1/1] (0.00ns)   --->   "%tmp = partselect i5 @_ssdm_op_PartSelect.i5.i13.i32.i32, i13 %mul_ln308, i32 8, i32 12" [top.cpp:308]   --->   Operation 35 'partselect' 'tmp' <Predicate = (!icmp_ln305)> <Delay = 0.00>
ST_1 : Operation 36 [10/10] (1.53ns)   --->   "%urem_ln308 = urem i6 %trunc_ln, i6 3" [top.cpp:308]   --->   Operation 36 'urem' 'urem_ln308' <Predicate = (!icmp_ln305)> <Delay = 1.53> <CoreInst = "Divider">   --->   Core 6 'Divider' <Latency = 9> <II = 1> <Delay = 1.53> <FuncUnit> <Opcode : 'udiv' 'sdiv' 'urem' 'srem'> <InPorts = 2> <OutPorts = 1>
ST_1 : Operation 37 [1/1] (0.00ns)   --->   "%zext_ln309 = zext i6 %c" [top.cpp:309]   --->   Operation 37 'zext' 'zext_ln309' <Predicate = (!icmp_ln305)> <Delay = 0.00>
ST_1 : Operation 38 [1/1] (2.17ns)   --->   "%mul_ln309 = mul i13 %zext_ln309, i13 86" [top.cpp:309]   --->   Operation 38 'mul' 'mul_ln309' <Predicate = (!icmp_ln305)> <Delay = 2.17> <CoreInst = "Multiplier">   --->   Core 3 'Multiplier' <Latency = 0> <II = 1> <Delay = 2.17> <FuncUnit> <Opcode : 'mul'> <InPorts = 2> <OutPorts = 1>
ST_1 : Operation 39 [1/1] (0.00ns)   --->   "%tmp_40 = partselect i5 @_ssdm_op_PartSelect.i5.i13.i32.i32, i13 %mul_ln309, i32 8, i32 12" [top.cpp:309]   --->   Operation 39 'partselect' 'tmp_40' <Predicate = (!icmp_ln305)> <Delay = 0.00>
ST_1 : Operation 40 [10/10] (1.53ns)   --->   "%urem_ln309 = urem i6 %c, i6 3" [top.cpp:309]   --->   Operation 40 'urem' 'urem_ln309' <Predicate = (!icmp_ln305)> <Delay = 1.53> <CoreInst = "Divider">   --->   Core 6 'Divider' <Latency = 9> <II = 1> <Delay = 1.53> <FuncUnit> <Opcode : 'udiv' 'sdiv' 'urem' 'srem'> <InPorts = 2> <OutPorts = 1>
ST_1 : Operation 41 [1/1] (0.48ns)   --->   "%store_ln305 = store i13 %i_3, i13 %i" [top.cpp:305]   --->   Operation 41 'store' 'store_ln305' <Predicate = (!icmp_ln305)> <Delay = 0.48>
ST_1 : Operation 42 [1/1] (0.00ns)   --->   "%br_ln305 = br void %for.inc" [top.cpp:305]   --->   Operation 42 'br' 'br_ln305' <Predicate = (!icmp_ln305)> <Delay = 0.00>

State 2 <SV = 1> <Delay = 1.53>
ST_2 : Operation 43 [1/1] (0.00ns)   --->   "%zext_ln308_1 = zext i5 %tmp" [top.cpp:308]   --->   Operation 43 'zext' 'zext_ln308_1' <Predicate = true> <Delay = 0.00>
ST_2 : Operation 44 [3/3] (1.08ns) (grouped into DSP with root node add_ln310)   --->   "%mul_ln308_1 = mul i9 %zext_ln308_1, i9 22" [top.cpp:308]   --->   Operation 44 'mul' 'mul_ln308_1' <Predicate = true> <Delay = 1.08> <CoreInst = "DSP48">   --->   Core 124 'DSP48' <Latency = 3> <II = 1> <Delay = 0.69> <IPBlock> <Opcode : 'add' 'sub' 'mul' 'select'> <InPorts = 0> <OutPorts = 1> <Sync> <CReg>
ST_2 : Operation 45 [9/10] (1.53ns)   --->   "%urem_ln308 = urem i6 %trunc_ln, i6 3" [top.cpp:308]   --->   Operation 45 'urem' 'urem_ln308' <Predicate = true> <Delay = 1.53> <CoreInst = "Divider">   --->   Core 6 'Divider' <Latency = 9> <II = 1> <Delay = 1.53> <FuncUnit> <Opcode : 'udiv' 'sdiv' 'urem' 'srem'> <InPorts = 2> <OutPorts = 1>
ST_2 : Operation 46 [9/10] (1.53ns)   --->   "%urem_ln309 = urem i6 %c, i6 3" [top.cpp:309]   --->   Operation 46 'urem' 'urem_ln309' <Predicate = true> <Delay = 1.53> <CoreInst = "Divider">   --->   Core 6 'Divider' <Latency = 9> <II = 1> <Delay = 1.53> <FuncUnit> <Opcode : 'udiv' 'sdiv' 'urem' 'srem'> <InPorts = 2> <OutPorts = 1>

State 3 <SV = 2> <Delay = 1.53>
ST_3 : Operation 47 [2/3] (1.08ns) (grouped into DSP with root node add_ln310)   --->   "%mul_ln308_1 = mul i9 %zext_ln308_1, i9 22" [top.cpp:308]   --->   Operation 47 'mul' 'mul_ln308_1' <Predicate = true> <Delay = 1.08> <CoreInst = "DSP48">   --->   Core 124 'DSP48' <Latency = 3> <II = 1> <Delay = 0.69> <IPBlock> <Opcode : 'add' 'sub' 'mul' 'select'> <InPorts = 0> <OutPorts = 1> <Sync> <CReg>
ST_3 : Operation 48 [8/10] (1.53ns)   --->   "%urem_ln308 = urem i6 %trunc_ln, i6 3" [top.cpp:308]   --->   Operation 48 'urem' 'urem_ln308' <Predicate = true> <Delay = 1.53> <CoreInst = "Divider">   --->   Core 6 'Divider' <Latency = 9> <II = 1> <Delay = 1.53> <FuncUnit> <Opcode : 'udiv' 'sdiv' 'urem' 'srem'> <InPorts = 2> <OutPorts = 1>
ST_3 : Operation 49 [8/10] (1.53ns)   --->   "%urem_ln309 = urem i6 %c, i6 3" [top.cpp:309]   --->   Operation 49 'urem' 'urem_ln309' <Predicate = true> <Delay = 1.53> <CoreInst = "Divider">   --->   Core 6 'Divider' <Latency = 9> <II = 1> <Delay = 1.53> <FuncUnit> <Opcode : 'udiv' 'sdiv' 'urem' 'srem'> <InPorts = 2> <OutPorts = 1>

State 4 <SV = 3> <Delay = 1.53>
ST_4 : Operation 50 [1/3] (0.00ns) (grouped into DSP with root node add_ln310)   --->   "%mul_ln308_1 = mul i9 %zext_ln308_1, i9 22" [top.cpp:308]   --->   Operation 50 'mul' 'mul_ln308_1' <Predicate = true> <Delay = 0.00> <CoreInst = "DSP48">   --->   Core 124 'DSP48' <Latency = 3> <II = 1> <Delay = 0.69> <IPBlock> <Opcode : 'add' 'sub' 'mul' 'select'> <InPorts = 0> <OutPorts = 1> <Sync> <CReg>
ST_4 : Operation 51 [7/10] (1.53ns)   --->   "%urem_ln308 = urem i6 %trunc_ln, i6 3" [top.cpp:308]   --->   Operation 51 'urem' 'urem_ln308' <Predicate = true> <Delay = 1.53> <CoreInst = "Divider">   --->   Core 6 'Divider' <Latency = 9> <II = 1> <Delay = 1.53> <FuncUnit> <Opcode : 'udiv' 'sdiv' 'urem' 'srem'> <InPorts = 2> <OutPorts = 1>
ST_4 : Operation 52 [1/1] (0.00ns)   --->   "%zext_ln310 = zext i5 %tmp_40" [top.cpp:310]   --->   Operation 52 'zext' 'zext_ln310' <Predicate = true> <Delay = 0.00>
ST_4 : Operation 53 [2/2] (0.83ns) (root node of the DSP)   --->   "%add_ln310 = add i9 %mul_ln308_1, i9 %zext_ln310" [top.cpp:310]   --->   Operation 53 'add' 'add_ln310' <Predicate = true> <Delay = 0.83> <CoreInst = "DSP48">   --->   Core 124 'DSP48' <Latency = 3> <II = 1> <Delay = 0.69> <IPBlock> <Opcode : 'add' 'sub' 'mul' 'select'> <InPorts = 0> <OutPorts = 1> <Sync> <CReg>
ST_4 : Operation 54 [7/10] (1.53ns)   --->   "%urem_ln309 = urem i6 %c, i6 3" [top.cpp:309]   --->   Operation 54 'urem' 'urem_ln309' <Predicate = true> <Delay = 1.53> <CoreInst = "Divider">   --->   Core 6 'Divider' <Latency = 9> <II = 1> <Delay = 1.53> <FuncUnit> <Opcode : 'udiv' 'sdiv' 'urem' 'srem'> <InPorts = 2> <OutPorts = 1>

State 5 <SV = 4> <Delay = 1.53>
ST_5 : Operation 55 [6/10] (1.53ns)   --->   "%urem_ln308 = urem i6 %trunc_ln, i6 3" [top.cpp:308]   --->   Operation 55 'urem' 'urem_ln308' <Predicate = true> <Delay = 1.53> <CoreInst = "Divider">   --->   Core 6 'Divider' <Latency = 9> <II = 1> <Delay = 1.53> <FuncUnit> <Opcode : 'udiv' 'sdiv' 'urem' 'srem'> <InPorts = 2> <OutPorts = 1>
ST_5 : Operation 56 [1/2] (0.83ns) (root node of the DSP)   --->   "%add_ln310 = add i9 %mul_ln308_1, i9 %zext_ln310" [top.cpp:310]   --->   Operation 56 'add' 'add_ln310' <Predicate = true> <Delay = 0.83> <CoreInst = "DSP48">   --->   Core 124 'DSP48' <Latency = 3> <II = 1> <Delay = 0.69> <IPBlock> <Opcode : 'add' 'sub' 'mul' 'select'> <InPorts = 0> <OutPorts = 1> <Sync> <CReg>
ST_5 : Operation 57 [6/10] (1.53ns)   --->   "%urem_ln309 = urem i6 %c, i6 3" [top.cpp:309]   --->   Operation 57 'urem' 'urem_ln309' <Predicate = true> <Delay = 1.53> <CoreInst = "Divider">   --->   Core 6 'Divider' <Latency = 9> <II = 1> <Delay = 1.53> <FuncUnit> <Opcode : 'udiv' 'sdiv' 'urem' 'srem'> <InPorts = 2> <OutPorts = 1>

State 6 <SV = 5> <Delay = 1.53>
ST_6 : Operation 58 [5/10] (1.53ns)   --->   "%urem_ln308 = urem i6 %trunc_ln, i6 3" [top.cpp:308]   --->   Operation 58 'urem' 'urem_ln308' <Predicate = true> <Delay = 1.53> <CoreInst = "Divider">   --->   Core 6 'Divider' <Latency = 9> <II = 1> <Delay = 1.53> <FuncUnit> <Opcode : 'udiv' 'sdiv' 'urem' 'srem'> <InPorts = 2> <OutPorts = 1>
ST_6 : Operation 59 [5/10] (1.53ns)   --->   "%urem_ln309 = urem i6 %c, i6 3" [top.cpp:309]   --->   Operation 59 'urem' 'urem_ln309' <Predicate = true> <Delay = 1.53> <CoreInst = "Divider">   --->   Core 6 'Divider' <Latency = 9> <II = 1> <Delay = 1.53> <FuncUnit> <Opcode : 'udiv' 'sdiv' 'urem' 'srem'> <InPorts = 2> <OutPorts = 1>

State 7 <SV = 6> <Delay = 1.53>
ST_7 : Operation 60 [4/10] (1.53ns)   --->   "%urem_ln308 = urem i6 %trunc_ln, i6 3" [top.cpp:308]   --->   Operation 60 'urem' 'urem_ln308' <Predicate = true> <Delay = 1.53> <CoreInst = "Divider">   --->   Core 6 'Divider' <Latency = 9> <II = 1> <Delay = 1.53> <FuncUnit> <Opcode : 'udiv' 'sdiv' 'urem' 'srem'> <InPorts = 2> <OutPorts = 1>
ST_7 : Operation 61 [4/10] (1.53ns)   --->   "%urem_ln309 = urem i6 %c, i6 3" [top.cpp:309]   --->   Operation 61 'urem' 'urem_ln309' <Predicate = true> <Delay = 1.53> <CoreInst = "Divider">   --->   Core 6 'Divider' <Latency = 9> <II = 1> <Delay = 1.53> <FuncUnit> <Opcode : 'udiv' 'sdiv' 'urem' 'srem'> <InPorts = 2> <OutPorts = 1>

State 8 <SV = 7> <Delay = 1.53>
ST_8 : Operation 62 [3/10] (1.53ns)   --->   "%urem_ln308 = urem i6 %trunc_ln, i6 3" [top.cpp:308]   --->   Operation 62 'urem' 'urem_ln308' <Predicate = true> <Delay = 1.53> <CoreInst = "Divider">   --->   Core 6 'Divider' <Latency = 9> <II = 1> <Delay = 1.53> <FuncUnit> <Opcode : 'udiv' 'sdiv' 'urem' 'srem'> <InPorts = 2> <OutPorts = 1>
ST_8 : Operation 63 [3/10] (1.53ns)   --->   "%urem_ln309 = urem i6 %c, i6 3" [top.cpp:309]   --->   Operation 63 'urem' 'urem_ln309' <Predicate = true> <Delay = 1.53> <CoreInst = "Divider">   --->   Core 6 'Divider' <Latency = 9> <II = 1> <Delay = 1.53> <FuncUnit> <Opcode : 'udiv' 'sdiv' 'urem' 'srem'> <InPorts = 2> <OutPorts = 1>

State 9 <SV = 8> <Delay = 1.53>
ST_9 : Operation 64 [2/10] (1.53ns)   --->   "%urem_ln308 = urem i6 %trunc_ln, i6 3" [top.cpp:308]   --->   Operation 64 'urem' 'urem_ln308' <Predicate = true> <Delay = 1.53> <CoreInst = "Divider">   --->   Core 6 'Divider' <Latency = 9> <II = 1> <Delay = 1.53> <FuncUnit> <Opcode : 'udiv' 'sdiv' 'urem' 'srem'> <InPorts = 2> <OutPorts = 1>
ST_9 : Operation 65 [2/10] (1.53ns)   --->   "%urem_ln309 = urem i6 %c, i6 3" [top.cpp:309]   --->   Operation 65 'urem' 'urem_ln309' <Predicate = true> <Delay = 1.53> <CoreInst = "Divider">   --->   Core 6 'Divider' <Latency = 9> <II = 1> <Delay = 1.53> <FuncUnit> <Opcode : 'udiv' 'sdiv' 'urem' 'srem'> <InPorts = 2> <OutPorts = 1>

State 10 <SV = 9> <Delay = 2.15>
ST_10 : Operation 66 [1/10] (1.53ns)   --->   "%urem_ln308 = urem i6 %trunc_ln, i6 3" [top.cpp:308]   --->   Operation 66 'urem' 'urem_ln308' <Predicate = true> <Delay = 1.53> <CoreInst = "Divider">   --->   Core 6 'Divider' <Latency = 9> <II = 1> <Delay = 1.53> <FuncUnit> <Opcode : 'udiv' 'sdiv' 'urem' 'srem'> <InPorts = 2> <OutPorts = 1>
ST_10 : Operation 67 [1/1] (0.00ns)   --->   "%trunc_ln308 = trunc i2 %urem_ln308" [top.cpp:308]   --->   Operation 67 'trunc' 'trunc_ln308' <Predicate = true> <Delay = 0.00>
ST_10 : Operation 68 [1/10] (1.53ns)   --->   "%urem_ln309 = urem i6 %c, i6 3" [top.cpp:309]   --->   Operation 68 'urem' 'urem_ln309' <Predicate = true> <Delay = 1.53> <CoreInst = "Divider">   --->   Core 6 'Divider' <Latency = 9> <II = 1> <Delay = 1.53> <FuncUnit> <Opcode : 'udiv' 'sdiv' 'urem' 'srem'> <InPorts = 2> <OutPorts = 1>
ST_10 : Operation 69 [1/1] (0.00ns)   --->   "%trunc_ln309 = trunc i2 %urem_ln309" [top.cpp:309]   --->   Operation 69 'trunc' 'trunc_ln309' <Predicate = true> <Delay = 0.00>
ST_10 : Operation 70 [1/1] (0.62ns)   --->   "%switch_ln310 = switch i2 %trunc_ln308, void %arrayidx28.case.2, i2 0, void %arrayidx28.case.0, i2 1, void %arrayidx28.case.1" [top.cpp:310]   --->   Operation 70 'switch' 'switch_ln310' <Predicate = true> <Delay = 0.62>
ST_10 : Operation 71 [1/1] (0.62ns)   --->   "%switch_ln310 = switch i2 %trunc_ln309, void %arrayidx28.case.2185, i2 0, void %arrayidx28.case.0183, i2 1, void %arrayidx28.case.1184" [top.cpp:310]   --->   Operation 71 'switch' 'switch_ln310' <Predicate = (trunc_ln308 == 1)> <Delay = 0.62>
ST_10 : Operation 72 [1/1] (0.00ns)   --->   "%br_ln310 = br void %arrayidx28.exit" [top.cpp:310]   --->   Operation 72 'br' 'br_ln310' <Predicate = (trunc_ln308 == 1)> <Delay = 0.00>
ST_10 : Operation 73 [1/1] (0.62ns)   --->   "%switch_ln310 = switch i2 %trunc_ln309, void %arrayidx28.case.2180, i2 0, void %arrayidx28.case.0178, i2 1, void %arrayidx28.case.1179" [top.cpp:310]   --->   Operation 73 'switch' 'switch_ln310' <Predicate = (trunc_ln308 == 0)> <Delay = 0.62>
ST_10 : Operation 74 [1/1] (0.00ns)   --->   "%br_ln310 = br void %arrayidx28.exit" [top.cpp:310]   --->   Operation 74 'br' 'br_ln310' <Predicate = (trunc_ln308 == 0)> <Delay = 0.00>
ST_10 : Operation 75 [1/1] (0.62ns)   --->   "%switch_ln310 = switch i2 %trunc_ln309, void %arrayidx28.case.2190, i2 0, void %arrayidx28.case.0188, i2 1, void %arrayidx28.case.1189" [top.cpp:310]   --->   Operation 75 'switch' 'switch_ln310' <Predicate = (trunc_ln308 != 0 & trunc_ln308 != 1)> <Delay = 0.62>
ST_10 : Operation 76 [1/1] (0.00ns)   --->   "%br_ln310 = br void %arrayidx28.exit" [top.cpp:310]   --->   Operation 76 'br' 'br_ln310' <Predicate = (trunc_ln308 != 0 & trunc_ln308 != 1)> <Delay = 0.00>
ST_10 : Operation 109 [1/1] (0.48ns)   --->   "%ret_ln0 = ret"   --->   Operation 109 'ret' 'ret_ln0' <Predicate = (icmp_ln305)> <Delay = 0.48>

State 11 <SV = 10> <Delay = 2.81>
ST_11 : Operation 77 [1/1] (0.00ns)   --->   "%specpipeline_ln306 = specpipeline void @_ssdm_op_SpecPipeline, i32 1, i32 0, i32 0, i32 0, void @empty_2" [top.cpp:306]   --->   Operation 77 'specpipeline' 'specpipeline_ln306' <Predicate = true> <Delay = 0.00>
ST_11 : Operation 78 [1/1] (0.00ns)   --->   "%speclooptripcount_ln307 = speclooptripcount void @_ssdm_op_SpecLoopTripCount, i64 4096, i64 4096, i64 4096" [top.cpp:307]   --->   Operation 78 'speclooptripcount' 'speclooptripcount_ln307' <Predicate = true> <Delay = 0.00>
ST_11 : Operation 79 [1/1] (0.00ns)   --->   "%specloopname_ln305 = specloopname void @_ssdm_op_SpecLoopName, void @empty_3" [top.cpp:305]   --->   Operation 79 'specloopname' 'specloopname_ln305' <Predicate = true> <Delay = 0.00>
ST_11 : Operation 80 [1/1] (0.00ns)   --->   "%zext_ln310_1 = zext i9 %add_ln310" [top.cpp:310]   --->   Operation 80 'zext' 'zext_ln310_1' <Predicate = true> <Delay = 0.00>
ST_11 : Operation 81 [1/1] (0.00ns)   --->   "%bilateral_buf_addr = getelementptr i12 %bilateral_buf, i64 0, i64 %zext_ln310_1" [top.cpp:310]   --->   Operation 81 'getelementptr' 'bilateral_buf_addr' <Predicate = true> <Delay = 0.00>
ST_11 : Operation 82 [1/1] (0.00ns)   --->   "%bilateral_buf_1_addr = getelementptr i12 %bilateral_buf_1, i64 0, i64 %zext_ln310_1" [top.cpp:310]   --->   Operation 82 'getelementptr' 'bilateral_buf_1_addr' <Predicate = true> <Delay = 0.00>
ST_11 : Operation 83 [1/1] (0.00ns)   --->   "%bilateral_buf_2_addr = getelementptr i12 %bilateral_buf_2, i64 0, i64 %zext_ln310_1" [top.cpp:310]   --->   Operation 83 'getelementptr' 'bilateral_buf_2_addr' <Predicate = true> <Delay = 0.00>
ST_11 : Operation 84 [1/1] (0.00ns)   --->   "%bilateral_buf_3_addr = getelementptr i12 %bilateral_buf_3, i64 0, i64 %zext_ln310_1" [top.cpp:310]   --->   Operation 84 'getelementptr' 'bilateral_buf_3_addr' <Predicate = true> <Delay = 0.00>
ST_11 : Operation 85 [1/1] (0.00ns)   --->   "%bilateral_buf_4_addr = getelementptr i12 %bilateral_buf_4, i64 0, i64 %zext_ln310_1" [top.cpp:310]   --->   Operation 85 'getelementptr' 'bilateral_buf_4_addr' <Predicate = true> <Delay = 0.00>
ST_11 : Operation 86 [1/1] (0.00ns)   --->   "%bilateral_buf_5_addr = getelementptr i12 %bilateral_buf_5, i64 0, i64 %zext_ln310_1" [top.cpp:310]   --->   Operation 86 'getelementptr' 'bilateral_buf_5_addr' <Predicate = true> <Delay = 0.00>
ST_11 : Operation 87 [1/1] (0.00ns)   --->   "%bilateral_buf_6_addr = getelementptr i12 %bilateral_buf_6, i64 0, i64 %zext_ln310_1" [top.cpp:310]   --->   Operation 87 'getelementptr' 'bilateral_buf_6_addr' <Predicate = true> <Delay = 0.00>
ST_11 : Operation 88 [1/1] (0.00ns)   --->   "%bilateral_buf_7_addr = getelementptr i12 %bilateral_buf_7, i64 0, i64 %zext_ln310_1" [top.cpp:310]   --->   Operation 88 'getelementptr' 'bilateral_buf_7_addr' <Predicate = true> <Delay = 0.00>
ST_11 : Operation 89 [1/1] (0.00ns)   --->   "%bilateral_buf_8_addr = getelementptr i12 %bilateral_buf_8, i64 0, i64 %zext_ln310_1" [top.cpp:310]   --->   Operation 89 'getelementptr' 'bilateral_buf_8_addr' <Predicate = true> <Delay = 0.00>
ST_11 : Operation 90 [1/1] ( I:1.46ns O:1.46ns )   --->   "%bilateral_stream_read = read i12 @_ssdm_op_Read.ap_fifo.volatile.i12P0A, i12 %bilateral_stream" [top.cpp:310]   --->   Operation 90 'read' 'bilateral_stream_read' <Predicate = true> <Delay = 1.46> <CoreInst = "FIFO">   --->   Core 77 'FIFO' <Latency = 0> <II = 1> <Delay = 1.86> <Storage> <Opcode : 'read' 'write' 'nbread' 'nbwrite'> <Ports = 0> <Width = 12> <Depth = 256> <FIFO>
ST_11 : Operation 91 [1/1] ( I:1.35ns O:1.35ns )   --->   "%store_ln310 = store i12 %bilateral_stream_read, i9 %bilateral_buf_4_addr" [top.cpp:310]   --->   Operation 91 'store' 'store_ln310' <Predicate = (trunc_ln308 == 1 & trunc_ln309 == 1)> <Delay = 1.35> <CoreInst = "RAM_2P_BRAM">   --->   Core 93 'RAM_2P_BRAM' <Latency = 1> <II = 1> <Delay = 1.35> <Storage> <Opcode : 'load' 'store'> <Ports = 2> <Width = 12> <Depth = 484> <RAM>
ST_11 : Operation 92 [1/1] (0.00ns)   --->   "%br_ln310 = br void %arrayidx28.exit182" [top.cpp:310]   --->   Operation 92 'br' 'br_ln310' <Predicate = (trunc_ln308 == 1 & trunc_ln309 == 1)> <Delay = 0.00>
ST_11 : Operation 93 [1/1] ( I:1.35ns O:1.35ns )   --->   "%store_ln310 = store i12 %bilateral_stream_read, i9 %bilateral_buf_3_addr" [top.cpp:310]   --->   Operation 93 'store' 'store_ln310' <Predicate = (trunc_ln308 == 1 & trunc_ln309 == 0)> <Delay = 1.35> <CoreInst = "RAM_2P_BRAM">   --->   Core 93 'RAM_2P_BRAM' <Latency = 1> <II = 1> <Delay = 1.35> <Storage> <Opcode : 'load' 'store'> <Ports = 2> <Width = 12> <Depth = 484> <RAM>
ST_11 : Operation 94 [1/1] (0.00ns)   --->   "%br_ln310 = br void %arrayidx28.exit182" [top.cpp:310]   --->   Operation 94 'br' 'br_ln310' <Predicate = (trunc_ln308 == 1 & trunc_ln309 == 0)> <Delay = 0.00>
ST_11 : Operation 95 [1/1] ( I:1.35ns O:1.35ns )   --->   "%store_ln310 = store i12 %bilateral_stream_read, i9 %bilateral_buf_5_addr" [top.cpp:310]   --->   Operation 95 'store' 'store_ln310' <Predicate = (trunc_ln308 == 1 & trunc_ln309 != 0 & trunc_ln309 != 1)> <Delay = 1.35> <CoreInst = "RAM_2P_BRAM">   --->   Core 93 'RAM_2P_BRAM' <Latency = 1> <II = 1> <Delay = 1.35> <Storage> <Opcode : 'load' 'store'> <Ports = 2> <Width = 12> <Depth = 484> <RAM>
ST_11 : Operation 96 [1/1] (0.00ns)   --->   "%br_ln310 = br void %arrayidx28.exit182" [top.cpp:310]   --->   Operation 96 'br' 'br_ln310' <Predicate = (trunc_ln308 == 1 & trunc_ln309 != 0 & trunc_ln309 != 1)> <Delay = 0.00>
ST_11 : Operation 97 [1/1] ( I:1.35ns O:1.35ns )   --->   "%store_ln310 = store i12 %bilateral_stream_read, i9 %bilateral_buf_1_addr" [top.cpp:310]   --->   Operation 97 'store' 'store_ln310' <Predicate = (trunc_ln308 == 0 & trunc_ln309 == 1)> <Delay = 1.35> <CoreInst = "RAM_2P_BRAM">   --->   Core 93 'RAM_2P_BRAM' <Latency = 1> <II = 1> <Delay = 1.35> <Storage> <Opcode : 'load' 'store'> <Ports = 2> <Width = 12> <Depth = 484> <RAM>
ST_11 : Operation 98 [1/1] (0.00ns)   --->   "%br_ln310 = br void %arrayidx28.exit177" [top.cpp:310]   --->   Operation 98 'br' 'br_ln310' <Predicate = (trunc_ln308 == 0 & trunc_ln309 == 1)> <Delay = 0.00>
ST_11 : Operation 99 [1/1] ( I:1.35ns O:1.35ns )   --->   "%store_ln310 = store i12 %bilateral_stream_read, i9 %bilateral_buf_addr" [top.cpp:310]   --->   Operation 99 'store' 'store_ln310' <Predicate = (trunc_ln308 == 0 & trunc_ln309 == 0)> <Delay = 1.35> <CoreInst = "RAM_2P_BRAM">   --->   Core 93 'RAM_2P_BRAM' <Latency = 1> <II = 1> <Delay = 1.35> <Storage> <Opcode : 'load' 'store'> <Ports = 2> <Width = 12> <Depth = 484> <RAM>
ST_11 : Operation 100 [1/1] (0.00ns)   --->   "%br_ln310 = br void %arrayidx28.exit177" [top.cpp:310]   --->   Operation 100 'br' 'br_ln310' <Predicate = (trunc_ln308 == 0 & trunc_ln309 == 0)> <Delay = 0.00>
ST_11 : Operation 101 [1/1] ( I:1.35ns O:1.35ns )   --->   "%store_ln310 = store i12 %bilateral_stream_read, i9 %bilateral_buf_2_addr" [top.cpp:310]   --->   Operation 101 'store' 'store_ln310' <Predicate = (trunc_ln308 == 0 & trunc_ln309 != 0 & trunc_ln309 != 1)> <Delay = 1.35> <CoreInst = "RAM_2P_BRAM">   --->   Core 93 'RAM_2P_BRAM' <Latency = 1> <II = 1> <Delay = 1.35> <Storage> <Opcode : 'load' 'store'> <Ports = 2> <Width = 12> <Depth = 484> <RAM>
ST_11 : Operation 102 [1/1] (0.00ns)   --->   "%br_ln310 = br void %arrayidx28.exit177" [top.cpp:310]   --->   Operation 102 'br' 'br_ln310' <Predicate = (trunc_ln308 == 0 & trunc_ln309 != 0 & trunc_ln309 != 1)> <Delay = 0.00>
ST_11 : Operation 103 [1/1] ( I:1.35ns O:1.35ns )   --->   "%store_ln310 = store i12 %bilateral_stream_read, i9 %bilateral_buf_7_addr" [top.cpp:310]   --->   Operation 103 'store' 'store_ln310' <Predicate = (trunc_ln308 != 0 & trunc_ln308 != 1 & trunc_ln309 == 1)> <Delay = 1.35> <CoreInst = "RAM_2P_BRAM">   --->   Core 93 'RAM_2P_BRAM' <Latency = 1> <II = 1> <Delay = 1.35> <Storage> <Opcode : 'load' 'store'> <Ports = 2> <Width = 12> <Depth = 484> <RAM>
ST_11 : Operation 104 [1/1] (0.00ns)   --->   "%br_ln310 = br void %arrayidx28.exit187" [top.cpp:310]   --->   Operation 104 'br' 'br_ln310' <Predicate = (trunc_ln308 != 0 & trunc_ln308 != 1 & trunc_ln309 == 1)> <Delay = 0.00>
ST_11 : Operation 105 [1/1] ( I:1.35ns O:1.35ns )   --->   "%store_ln310 = store i12 %bilateral_stream_read, i9 %bilateral_buf_6_addr" [top.cpp:310]   --->   Operation 105 'store' 'store_ln310' <Predicate = (trunc_ln308 != 0 & trunc_ln308 != 1 & trunc_ln309 == 0)> <Delay = 1.35> <CoreInst = "RAM_2P_BRAM">   --->   Core 93 'RAM_2P_BRAM' <Latency = 1> <II = 1> <Delay = 1.35> <Storage> <Opcode : 'load' 'store'> <Ports = 2> <Width = 12> <Depth = 484> <RAM>
ST_11 : Operation 106 [1/1] (0.00ns)   --->   "%br_ln310 = br void %arrayidx28.exit187" [top.cpp:310]   --->   Operation 106 'br' 'br_ln310' <Predicate = (trunc_ln308 != 0 & trunc_ln308 != 1 & trunc_ln309 == 0)> <Delay = 0.00>
ST_11 : Operation 107 [1/1] ( I:1.35ns O:1.35ns )   --->   "%store_ln310 = store i12 %bilateral_stream_read, i9 %bilateral_buf_8_addr" [top.cpp:310]   --->   Operation 107 'store' 'store_ln310' <Predicate = (trunc_ln308 != 0 & trunc_ln308 != 1 & trunc_ln309 != 0 & trunc_ln309 != 1)> <Delay = 1.35> <CoreInst = "RAM_2P_BRAM">   --->   Core 93 'RAM_2P_BRAM' <Latency = 1> <II = 1> <Delay = 1.35> <Storage> <Opcode : 'load' 'store'> <Ports = 2> <Width = 12> <Depth = 484> <RAM>
ST_11 : Operation 108 [1/1] (0.00ns)   --->   "%br_ln310 = br void %arrayidx28.exit187" [top.cpp:310]   --->   Operation 108 'br' 'br_ln310' <Predicate = (trunc_ln308 != 0 & trunc_ln308 != 1 & trunc_ln309 != 0 & trunc_ln309 != 1)> <Delay = 0.00>


============================================================
+ Verbose Summary: Binding
============================================================
STG Binding: 
---------------- STG Properties BEGIN ----------------
- Is combinational: 0
- Is one-state seq: 0
- Is datapath-only: 0
- Is pipelined: 0
- Is top level: 0
Port [ Return ] is wired: 1; IO mode=ap_ctrl_hs:ce=0
Port [ bilateral_buf_8]:  wired=1; compound=1; hidden=0; nouse=0; global=0; static=0; extern=0; dir=1; type=1; pingpong=0; private_global=0; MemPort=[30]; IO mode=ap_memory:ce=0
Port [ bilateral_buf_7]:  wired=1; compound=1; hidden=0; nouse=0; global=0; static=0; extern=0; dir=1; type=1; pingpong=0; private_global=0; MemPort=[30]; IO mode=ap_memory:ce=0
Port [ bilateral_buf_6]:  wired=1; compound=1; hidden=0; nouse=0; global=0; static=0; extern=0; dir=1; type=1; pingpong=0; private_global=0; MemPort=[30]; IO mode=ap_memory:ce=0
Port [ bilateral_buf_5]:  wired=1; compound=1; hidden=0; nouse=0; global=0; static=0; extern=0; dir=1; type=1; pingpong=0; private_global=0; MemPort=[30]; IO mode=ap_memory:ce=0
Port [ bilateral_buf_4]:  wired=1; compound=1; hidden=0; nouse=0; global=0; static=0; extern=0; dir=1; type=1; pingpong=0; private_global=0; MemPort=[30]; IO mode=ap_memory:ce=0
Port [ bilateral_buf_3]:  wired=1; compound=1; hidden=0; nouse=0; global=0; static=0; extern=0; dir=1; type=1; pingpong=0; private_global=0; MemPort=[30]; IO mode=ap_memory:ce=0
Port [ bilateral_buf_2]:  wired=1; compound=1; hidden=0; nouse=0; global=0; static=0; extern=0; dir=1; type=1; pingpong=0; private_global=0; MemPort=[30]; IO mode=ap_memory:ce=0
Port [ bilateral_buf_1]:  wired=1; compound=1; hidden=0; nouse=0; global=0; static=0; extern=0; dir=1; type=1; pingpong=0; private_global=0; MemPort=[30]; IO mode=ap_memory:ce=0
Port [ bilateral_buf]:  wired=1; compound=1; hidden=0; nouse=0; global=0; static=0; extern=0; dir=1; type=1; pingpong=0; private_global=0; MemPort=[30]; IO mode=ap_memory:ce=0
Port [ bilateral_stream]:  wired=1; compound=1; hidden=0; nouse=0; global=0; static=0; extern=0; dir=0; type=3; pingpong=0; private_global=0; IO mode=ap_fifo:ce=0
---------------- STG Properties END ------------------

---------------- Datapath Model BEGIN ----------------

<LifeTime>
<method=bitvector/>
i                       (alloca           ) [ 010000000000]
specmemcore_ln0         (specmemcore      ) [ 000000000000]
specmemcore_ln0         (specmemcore      ) [ 000000000000]
specmemcore_ln0         (specmemcore      ) [ 000000000000]
specmemcore_ln0         (specmemcore      ) [ 000000000000]
specmemcore_ln0         (specmemcore      ) [ 000000000000]
specmemcore_ln0         (specmemcore      ) [ 000000000000]
specmemcore_ln0         (specmemcore      ) [ 000000000000]
specmemcore_ln0         (specmemcore      ) [ 000000000000]
specmemcore_ln0         (specmemcore      ) [ 000000000000]
specinterface_ln0       (specinterface    ) [ 000000000000]
store_ln305             (store            ) [ 000000000000]
br_ln305                (br               ) [ 000000000000]
i_2                     (load             ) [ 000000000000]
icmp_ln305              (icmp             ) [ 011111111110]
i_3                     (add              ) [ 000000000000]
br_ln305                (br               ) [ 000000000000]
c                       (trunc            ) [ 011111111110]
trunc_ln                (partselect       ) [ 011111111110]
zext_ln308              (zext             ) [ 000000000000]
mul_ln308               (mul              ) [ 000000000000]
tmp                     (partselect       ) [ 011000000000]
zext_ln309              (zext             ) [ 000000000000]
mul_ln309               (mul              ) [ 000000000000]
tmp_40                  (partselect       ) [ 011110000000]
store_ln305             (store            ) [ 000000000000]
br_ln305                (br               ) [ 000000000000]
zext_ln308_1            (zext             ) [ 010110000000]
mul_ln308_1             (mul              ) [ 010001000000]
zext_ln310              (zext             ) [ 010001000000]
add_ln310               (add              ) [ 010000111111]
urem_ln308              (urem             ) [ 000000000000]
trunc_ln308             (trunc            ) [ 010000000011]
urem_ln309              (urem             ) [ 000000000000]
trunc_ln309             (trunc            ) [ 010000000001]
switch_ln310            (switch           ) [ 000000000000]
switch_ln310            (switch           ) [ 000000000000]
br_ln310                (br               ) [ 000000000000]
switch_ln310            (switch           ) [ 000000000000]
br_ln310                (br               ) [ 000000000000]
switch_ln310            (switch           ) [ 000000000000]
br_ln310                (br               ) [ 000000000000]
specpipeline_ln306      (specpipeline     ) [ 000000000000]
speclooptripcount_ln307 (speclooptripcount) [ 000000000000]
specloopname_ln305      (specloopname     ) [ 000000000000]
zext_ln310_1            (zext             ) [ 000000000000]
bilateral_buf_addr      (getelementptr    ) [ 000000000000]
bilateral_buf_1_addr    (getelementptr    ) [ 000000000000]
bilateral_buf_2_addr    (getelementptr    ) [ 000000000000]
bilateral_buf_3_addr    (getelementptr    ) [ 000000000000]
bilateral_buf_4_addr    (getelementptr    ) [ 000000000000]
bilateral_buf_5_addr    (getelementptr    ) [ 000000000000]
bilateral_buf_6_addr    (getelementptr    ) [ 000000000000]
bilateral_buf_7_addr    (getelementptr    ) [ 000000000000]
bilateral_buf_8_addr    (getelementptr    ) [ 000000000000]
bilateral_stream_read   (read             ) [ 000000000000]
store_ln310             (store            ) [ 000000000000]
br_ln310                (br               ) [ 000000000000]
store_ln310             (store            ) [ 000000000000]
br_ln310                (br               ) [ 000000000000]
store_ln310             (store            ) [ 000000000000]
br_ln310                (br               ) [ 000000000000]
store_ln310             (store            ) [ 000000000000]
br_ln310                (br               ) [ 000000000000]
store_ln310             (store            ) [ 000000000000]
br_ln310                (br               ) [ 000000000000]
store_ln310             (store            ) [ 000000000000]
br_ln310                (br               ) [ 000000000000]
store_ln310             (store            ) [ 000000000000]
br_ln310                (br               ) [ 000000000000]
store_ln310             (store            ) [ 000000000000]
br_ln310                (br               ) [ 000000000000]
store_ln310             (store            ) [ 000000000000]
br_ln310                (br               ) [ 000000000000]
ret_ln0                 (ret              ) [ 000000000000]
</LifeTime>

<model>

<comp_list>
<comp id="0" class="1000" name="bilateral_buf_8">
<pin_list>
<pin id="1" dir="1" index="0" bw="1" slack="0"/>
</pin_list>
<bind>
<StgValue><ssdm name="bilateral_buf_8"/><MemPortTyVec>3 0 </MemPortTyVec>
</StgValue>
</bind>
</comp>

<comp id="2" class="1000" name="bilateral_buf_7">
<pin_list>
<pin id="3" dir="1" index="0" bw="1" slack="0"/>
</pin_list>
<bind>
<StgValue><ssdm name="bilateral_buf_7"/><MemPortTyVec>3 0 </MemPortTyVec>
</StgValue>
</bind>
</comp>

<comp id="4" class="1000" name="bilateral_buf_6">
<pin_list>
<pin id="5" dir="1" index="0" bw="1" slack="0"/>
</pin_list>
<bind>
<StgValue><ssdm name="bilateral_buf_6"/><MemPortTyVec>3 0 </MemPortTyVec>
</StgValue>
</bind>
</comp>

<comp id="6" class="1000" name="bilateral_buf_5">
<pin_list>
<pin id="7" dir="1" index="0" bw="1" slack="0"/>
</pin_list>
<bind>
<StgValue><ssdm name="bilateral_buf_5"/><MemPortTyVec>3 0 </MemPortTyVec>
</StgValue>
</bind>
</comp>

<comp id="8" class="1000" name="bilateral_buf_4">
<pin_list>
<pin id="9" dir="1" index="0" bw="1" slack="0"/>
</pin_list>
<bind>
<StgValue><ssdm name="bilateral_buf_4"/><MemPortTyVec>3 0 </MemPortTyVec>
</StgValue>
</bind>
</comp>

<comp id="10" class="1000" name="bilateral_buf_3">
<pin_list>
<pin id="11" dir="1" index="0" bw="1" slack="0"/>
</pin_list>
<bind>
<StgValue><ssdm name="bilateral_buf_3"/><MemPortTyVec>3 0 </MemPortTyVec>
</StgValue>
</bind>
</comp>

<comp id="12" class="1000" name="bilateral_buf_2">
<pin_list>
<pin id="13" dir="1" index="0" bw="1" slack="0"/>
</pin_list>
<bind>
<StgValue><ssdm name="bilateral_buf_2"/><MemPortTyVec>3 0 </MemPortTyVec>
</StgValue>
</bind>
</comp>

<comp id="14" class="1000" name="bilateral_buf_1">
<pin_list>
<pin id="15" dir="1" index="0" bw="1" slack="0"/>
</pin_list>
<bind>
<StgValue><ssdm name="bilateral_buf_1"/><MemPortTyVec>3 0 </MemPortTyVec>
</StgValue>
</bind>
</comp>

<comp id="16" class="1000" name="bilateral_buf">
<pin_list>
<pin id="17" dir="1" index="0" bw="1" slack="0"/>
</pin_list>
<bind>
<StgValue><ssdm name="bilateral_buf"/><MemPortTyVec>3 0 </MemPortTyVec>
</StgValue>
</bind>
</comp>

<comp id="18" class="1000" name="bilateral_stream">
<pin_list>
<pin id="19" dir="1" index="0" bw="1" slack="0"/>
</pin_list>
<bind>
<StgValue><ssdm name="bilateral_stream"/></StgValue>
</bind>
</comp>

<comp id="20" class="1001" name="const_20">
<pin_list>
<pin id="21" dir="1" index="0" bw="1" slack="0"/>
</pin_list>
<bind>
<StgValue><ssdm name=""/></StgValue>
</bind>
</comp>

<comp id="22" class="1001" name="const_22">
<pin_list>
<pin id="23" dir="1" index="0" bw="1" slack="2147483647"/>
</pin_list>
<bind>
<StgValue><ssdm name="_ssdm_op_SpecMemCore"/></StgValue>
</bind>
</comp>

<comp id="24" class="1001" name="const_24">
<pin_list>
<pin id="25" dir="1" index="0" bw="1" slack="2147483647"/>
</pin_list>
<bind>
<StgValue><ssdm name=""/></StgValue>
</bind>
</comp>

<comp id="26" class="1001" name="const_26">
<pin_list>
<pin id="27" dir="1" index="0" bw="1" slack="2147483647"/>
</pin_list>
<bind>
<StgValue><ssdm name=""/></StgValue>
</bind>
</comp>

<comp id="28" class="1001" name="const_28">
<pin_list>
<pin id="29" dir="1" index="0" bw="1" slack="2147483647"/>
</pin_list>
<bind>
<StgValue><ssdm name=""/></StgValue>
</bind>
</comp>

<comp id="30" class="1001" name="const_30">
<pin_list>
<pin id="31" dir="1" index="0" bw="1" slack="2147483647"/>
</pin_list>
<bind>
<StgValue><ssdm name="_ssdm_op_SpecInterface"/></StgValue>
</bind>
</comp>

<comp id="32" class="1001" name="const_32">
<pin_list>
<pin id="33" dir="1" index="0" bw="1" slack="2147483647"/>
</pin_list>
<bind>
<StgValue><ssdm name="empty_17"/></StgValue>
</bind>
</comp>

<comp id="34" class="1001" name="const_34">
<pin_list>
<pin id="35" dir="1" index="0" bw="1" slack="2147483647"/>
</pin_list>
<bind>
<StgValue><ssdm name=""/></StgValue>
</bind>
</comp>

<comp id="36" class="1001" name="const_36">
<pin_list>
<pin id="37" dir="1" index="0" bw="1" slack="2147483647"/>
</pin_list>
<bind>
<StgValue><ssdm name="empty_2"/></StgValue>
</bind>
</comp>

<comp id="38" class="1001" name="const_38">
<pin_list>
<pin id="39" dir="1" index="0" bw="1" slack="2147483647"/>
</pin_list>
<bind>
<StgValue><ssdm name=""/></StgValue>
</bind>
</comp>

<comp id="40" class="1001" name="const_40">
<pin_list>
<pin id="41" dir="1" index="0" bw="1" slack="0"/>
</pin_list>
<bind>
<StgValue><ssdm name=""/></StgValue>
</bind>
</comp>

<comp id="42" class="1001" name="const_42">
<pin_list>
<pin id="43" dir="1" index="0" bw="1" slack="0"/>
</pin_list>
<bind>
<StgValue><ssdm name=""/></StgValue>
</bind>
</comp>

<comp id="44" class="1001" name="const_44">
<pin_list>
<pin id="45" dir="1" index="0" bw="1" slack="0"/>
</pin_list>
<bind>
<StgValue><ssdm name=""/></StgValue>
</bind>
</comp>

<comp id="46" class="1001" name="const_46">
<pin_list>
<pin id="47" dir="1" index="0" bw="1" slack="0"/>
</pin_list>
<bind>
<StgValue><ssdm name="_ssdm_op_PartSelect.i6.i13.i32.i32"/></StgValue>
</bind>
</comp>

<comp id="48" class="1001" name="const_48">
<pin_list>
<pin id="49" dir="1" index="0" bw="1" slack="0"/>
</pin_list>
<bind>
<StgValue><ssdm name=""/></StgValue>
</bind>
</comp>

<comp id="50" class="1001" name="const_50">
<pin_list>
<pin id="51" dir="1" index="0" bw="1" slack="0"/>
</pin_list>
<bind>
<StgValue><ssdm name=""/></StgValue>
</bind>
</comp>

<comp id="52" class="1001" name="const_52">
<pin_list>
<pin id="53" dir="1" index="0" bw="1" slack="0"/>
</pin_list>
<bind>
<StgValue><ssdm name=""/></StgValue>
</bind>
</comp>

<comp id="54" class="1001" name="const_54">
<pin_list>
<pin id="55" dir="1" index="0" bw="1" slack="0"/>
</pin_list>
<bind>
<StgValue><ssdm name="_ssdm_op_PartSelect.i5.i13.i32.i32"/></StgValue>
</bind>
</comp>

<comp id="56" class="1001" name="const_56">
<pin_list>
<pin id="57" dir="1" index="0" bw="1" slack="0"/>
</pin_list>
<bind>
<StgValue><ssdm name=""/></StgValue>
</bind>
</comp>

<comp id="58" class="1001" name="const_58">
<pin_list>
<pin id="59" dir="1" index="0" bw="1" slack="0"/>
</pin_list>
<bind>
<StgValue><ssdm name=""/></StgValue>
</bind>
</comp>

<comp id="60" class="1001" name="const_60">
<pin_list>
<pin id="61" dir="1" index="0" bw="1" slack="0"/>
</pin_list>
<bind>
<StgValue><ssdm name=""/></StgValue>
</bind>
</comp>

<comp id="62" class="1001" name="const_62">
<pin_list>
<pin id="63" dir="1" index="0" bw="1" slack="0"/>
</pin_list>
<bind>
<StgValue><ssdm name=""/></StgValue>
</bind>
</comp>

<comp id="64" class="1001" name="const_64">
<pin_list>
<pin id="65" dir="1" index="0" bw="1" slack="0"/>
</pin_list>
<bind>
<StgValue><ssdm name=""/></StgValue>
</bind>
</comp>

<comp id="66" class="1001" name="const_66">
<pin_list>
<pin id="67" dir="1" index="0" bw="1" slack="0"/>
</pin_list>
<bind>
<StgValue><ssdm name=""/></StgValue>
</bind>
</comp>

<comp id="68" class="1001" name="const_68">
<pin_list>
<pin id="69" dir="1" index="0" bw="1" slack="2147483647"/>
</pin_list>
<bind>
<StgValue><ssdm name="_ssdm_op_SpecPipeline"/></StgValue>
</bind>
</comp>

<comp id="70" class="1001" name="const_70">
<pin_list>
<pin id="71" dir="1" index="0" bw="1" slack="2147483647"/>
</pin_list>
<bind>
<StgValue><ssdm name="_ssdm_op_SpecLoopTripCount"/></StgValue>
</bind>
</comp>

<comp id="72" class="1001" name="const_72">
<pin_list>
<pin id="73" dir="1" index="0" bw="1" slack="2147483647"/>
</pin_list>
<bind>
<StgValue><ssdm name=""/></StgValue>
</bind>
</comp>

<comp id="74" class="1001" name="const_74">
<pin_list>
<pin id="75" dir="1" index="0" bw="1" slack="2147483647"/>
</pin_list>
<bind>
<StgValue><ssdm name="_ssdm_op_SpecLoopName"/></StgValue>
</bind>
</comp>

<comp id="76" class="1001" name="const_76">
<pin_list>
<pin id="77" dir="1" index="0" bw="1" slack="2147483647"/>
</pin_list>
<bind>
<StgValue><ssdm name="empty_3"/></StgValue>
</bind>
</comp>

<comp id="78" class="1001" name="const_78">
<pin_list>
<pin id="79" dir="1" index="0" bw="1" slack="0"/>
</pin_list>
<bind>
<StgValue><ssdm name=""/></StgValue>
</bind>
</comp>

<comp id="80" class="1001" name="const_80">
<pin_list>
<pin id="81" dir="1" index="0" bw="1" slack="0"/>
</pin_list>
<bind>
<StgValue><ssdm name="_ssdm_op_Read.ap_fifo.volatile.i12P0A"/></StgValue>
</bind>
</comp>

<comp id="82" class="1004" name="i_fu_82">
<pin_list>
<pin id="83" dir="0" index="0" bw="1" slack="0"/>
<pin id="84" dir="1" index="1" bw="13" slack="0"/>
</pin_list>
<bind>
<opcode="alloca(26) " fcode="alloca"/>
<opset="i/1 "/>
</bind>
</comp>

<comp id="86" class="1004" name="bilateral_stream_read_read_fu_86">
<pin_list>
<pin id="87" dir="0" index="0" bw="12" slack="0"/>
<pin id="88" dir="0" index="1" bw="12" slack="0"/>
<pin id="89" dir="1" index="2" bw="12" slack="0"/>
</pin_list>
<bind>
<opcode="read(1150) " fcode="read"/>
<opset="bilateral_stream_read/11 "/>
</bind>
</comp>

<comp id="92" class="1004" name="bilateral_buf_addr_gep_fu_92">
<pin_list>
<pin id="93" dir="0" index="0" bw="12" slack="0"/>
<pin id="94" dir="0" index="1" bw="1" slack="0"/>
<pin id="95" dir="0" index="2" bw="9" slack="0"/>
<pin id="96" dir="1" index="3" bw="9" slack="0"/>
</pin_list>
<bind>
<opcode="getelementptr(29) " fcode="getelementptr"/>
<opset="bilateral_buf_addr/11 "/>
</bind>
</comp>

<comp id="99" class="1004" name="bilateral_buf_1_addr_gep_fu_99">
<pin_list>
<pin id="100" dir="0" index="0" bw="12" slack="0"/>
<pin id="101" dir="0" index="1" bw="1" slack="0"/>
<pin id="102" dir="0" index="2" bw="9" slack="0"/>
<pin id="103" dir="1" index="3" bw="9" slack="0"/>
</pin_list>
<bind>
<opcode="getelementptr(29) " fcode="getelementptr"/>
<opset="bilateral_buf_1_addr/11 "/>
</bind>
</comp>

<comp id="106" class="1004" name="bilateral_buf_2_addr_gep_fu_106">
<pin_list>
<pin id="107" dir="0" index="0" bw="12" slack="0"/>
<pin id="108" dir="0" index="1" bw="1" slack="0"/>
<pin id="109" dir="0" index="2" bw="9" slack="0"/>
<pin id="110" dir="1" index="3" bw="9" slack="0"/>
</pin_list>
<bind>
<opcode="getelementptr(29) " fcode="getelementptr"/>
<opset="bilateral_buf_2_addr/11 "/>
</bind>
</comp>

<comp id="113" class="1004" name="bilateral_buf_3_addr_gep_fu_113">
<pin_list>
<pin id="114" dir="0" index="0" bw="12" slack="0"/>
<pin id="115" dir="0" index="1" bw="1" slack="0"/>
<pin id="116" dir="0" index="2" bw="9" slack="0"/>
<pin id="117" dir="1" index="3" bw="9" slack="0"/>
</pin_list>
<bind>
<opcode="getelementptr(29) " fcode="getelementptr"/>
<opset="bilateral_buf_3_addr/11 "/>
</bind>
</comp>

<comp id="120" class="1004" name="bilateral_buf_4_addr_gep_fu_120">
<pin_list>
<pin id="121" dir="0" index="0" bw="12" slack="0"/>
<pin id="122" dir="0" index="1" bw="1" slack="0"/>
<pin id="123" dir="0" index="2" bw="9" slack="0"/>
<pin id="124" dir="1" index="3" bw="9" slack="0"/>
</pin_list>
<bind>
<opcode="getelementptr(29) " fcode="getelementptr"/>
<opset="bilateral_buf_4_addr/11 "/>
</bind>
</comp>

<comp id="127" class="1004" name="bilateral_buf_5_addr_gep_fu_127">
<pin_list>
<pin id="128" dir="0" index="0" bw="12" slack="0"/>
<pin id="129" dir="0" index="1" bw="1" slack="0"/>
<pin id="130" dir="0" index="2" bw="9" slack="0"/>
<pin id="131" dir="1" index="3" bw="9" slack="0"/>
</pin_list>
<bind>
<opcode="getelementptr(29) " fcode="getelementptr"/>
<opset="bilateral_buf_5_addr/11 "/>
</bind>
</comp>

<comp id="134" class="1004" name="bilateral_buf_6_addr_gep_fu_134">
<pin_list>
<pin id="135" dir="0" index="0" bw="12" slack="0"/>
<pin id="136" dir="0" index="1" bw="1" slack="0"/>
<pin id="137" dir="0" index="2" bw="9" slack="0"/>
<pin id="138" dir="1" index="3" bw="9" slack="0"/>
</pin_list>
<bind>
<opcode="getelementptr(29) " fcode="getelementptr"/>
<opset="bilateral_buf_6_addr/11 "/>
</bind>
</comp>

<comp id="141" class="1004" name="bilateral_buf_7_addr_gep_fu_141">
<pin_list>
<pin id="142" dir="0" index="0" bw="12" slack="0"/>
<pin id="143" dir="0" index="1" bw="1" slack="0"/>
<pin id="144" dir="0" index="2" bw="9" slack="0"/>
<pin id="145" dir="1" index="3" bw="9" slack="0"/>
</pin_list>
<bind>
<opcode="getelementptr(29) " fcode="getelementptr"/>
<opset="bilateral_buf_7_addr/11 "/>
</bind>
</comp>

<comp id="148" class="1004" name="bilateral_buf_8_addr_gep_fu_148">
<pin_list>
<pin id="149" dir="0" index="0" bw="12" slack="0"/>
<pin id="150" dir="0" index="1" bw="1" slack="0"/>
<pin id="151" dir="0" index="2" bw="9" slack="0"/>
<pin id="152" dir="1" index="3" bw="9" slack="0"/>
</pin_list>
<bind>
<opcode="getelementptr(29) " fcode="getelementptr"/>
<opset="bilateral_buf_8_addr/11 "/>
</bind>
</comp>

<comp id="155" class="1004" name="store_ln310_access_fu_155">
<pin_list>
<pin id="156" dir="0" index="0" bw="9" slack="2147483647"/>
<pin id="157" dir="0" index="1" bw="12" slack="2147483647"/>
<pin id="158" dir="0" index="2" bw="0" slack="0"/>
<pin id="160" dir="0" index="4" bw="9" slack="0"/>
<pin id="161" dir="0" index="5" bw="12" slack="2147483647"/>
<pin id="162" dir="0" index="6" bw="0" slack="2147483647"/>
<pin id="159" dir="1" index="3" bw="12" slack="2147483647"/>
<pin id="163" dir="1" index="7" bw="12" slack="2147483647"/>
</pin_list>
<bind>
<opcode="store(28) " fcode="store"/>
<opset="store_ln310/11 "/>
</bind>
</comp>

<comp id="166" class="1004" name="store_ln310_access_fu_166">
<pin_list>
<pin id="167" dir="0" index="0" bw="9" slack="2147483647"/>
<pin id="168" dir="0" index="1" bw="12" slack="2147483647"/>
<pin id="169" dir="0" index="2" bw="0" slack="0"/>
<pin id="171" dir="0" index="4" bw="9" slack="0"/>
<pin id="172" dir="0" index="5" bw="12" slack="2147483647"/>
<pin id="173" dir="0" index="6" bw="0" slack="2147483647"/>
<pin id="170" dir="1" index="3" bw="12" slack="2147483647"/>
<pin id="174" dir="1" index="7" bw="12" slack="2147483647"/>
</pin_list>
<bind>
<opcode="store(28) " fcode="store"/>
<opset="store_ln310/11 "/>
</bind>
</comp>

<comp id="177" class="1004" name="store_ln310_access_fu_177">
<pin_list>
<pin id="178" dir="0" index="0" bw="9" slack="2147483647"/>
<pin id="179" dir="0" index="1" bw="12" slack="2147483647"/>
<pin id="180" dir="0" index="2" bw="0" slack="0"/>
<pin id="182" dir="0" index="4" bw="9" slack="0"/>
<pin id="183" dir="0" index="5" bw="12" slack="2147483647"/>
<pin id="184" dir="0" index="6" bw="0" slack="2147483647"/>
<pin id="181" dir="1" index="3" bw="12" slack="2147483647"/>
<pin id="185" dir="1" index="7" bw="12" slack="2147483647"/>
</pin_list>
<bind>
<opcode="store(28) " fcode="store"/>
<opset="store_ln310/11 "/>
</bind>
</comp>

<comp id="188" class="1004" name="store_ln310_access_fu_188">
<pin_list>
<pin id="189" dir="0" index="0" bw="9" slack="2147483647"/>
<pin id="190" dir="0" index="1" bw="12" slack="2147483647"/>
<pin id="191" dir="0" index="2" bw="0" slack="0"/>
<pin id="193" dir="0" index="4" bw="9" slack="0"/>
<pin id="194" dir="0" index="5" bw="12" slack="2147483647"/>
<pin id="195" dir="0" index="6" bw="0" slack="2147483647"/>
<pin id="192" dir="1" index="3" bw="12" slack="2147483647"/>
<pin id="196" dir="1" index="7" bw="12" slack="2147483647"/>
</pin_list>
<bind>
<opcode="store(28) " fcode="store"/>
<opset="store_ln310/11 "/>
</bind>
</comp>

<comp id="199" class="1004" name="store_ln310_access_fu_199">
<pin_list>
<pin id="200" dir="0" index="0" bw="9" slack="2147483647"/>
<pin id="201" dir="0" index="1" bw="12" slack="2147483647"/>
<pin id="202" dir="0" index="2" bw="0" slack="0"/>
<pin id="204" dir="0" index="4" bw="9" slack="0"/>
<pin id="205" dir="0" index="5" bw="12" slack="2147483647"/>
<pin id="206" dir="0" index="6" bw="0" slack="2147483647"/>
<pin id="203" dir="1" index="3" bw="12" slack="2147483647"/>
<pin id="207" dir="1" index="7" bw="12" slack="2147483647"/>
</pin_list>
<bind>
<opcode="store(28) " fcode="store"/>
<opset="store_ln310/11 "/>
</bind>
</comp>

<comp id="210" class="1004" name="store_ln310_access_fu_210">
<pin_list>
<pin id="211" dir="0" index="0" bw="9" slack="2147483647"/>
<pin id="212" dir="0" index="1" bw="12" slack="2147483647"/>
<pin id="213" dir="0" index="2" bw="0" slack="0"/>
<pin id="215" dir="0" index="4" bw="9" slack="0"/>
<pin id="216" dir="0" index="5" bw="12" slack="2147483647"/>
<pin id="217" dir="0" index="6" bw="0" slack="2147483647"/>
<pin id="214" dir="1" index="3" bw="12" slack="2147483647"/>
<pin id="218" dir="1" index="7" bw="12" slack="2147483647"/>
</pin_list>
<bind>
<opcode="store(28) " fcode="store"/>
<opset="store_ln310/11 "/>
</bind>
</comp>

<comp id="221" class="1004" name="store_ln310_access_fu_221">
<pin_list>
<pin id="222" dir="0" index="0" bw="9" slack="2147483647"/>
<pin id="223" dir="0" index="1" bw="12" slack="2147483647"/>
<pin id="224" dir="0" index="2" bw="0" slack="0"/>
<pin id="226" dir="0" index="4" bw="9" slack="0"/>
<pin id="227" dir="0" index="5" bw="12" slack="2147483647"/>
<pin id="228" dir="0" index="6" bw="0" slack="2147483647"/>
<pin id="225" dir="1" index="3" bw="12" slack="2147483647"/>
<pin id="229" dir="1" index="7" bw="12" slack="2147483647"/>
</pin_list>
<bind>
<opcode="store(28) " fcode="store"/>
<opset="store_ln310/11 "/>
</bind>
</comp>

<comp id="232" class="1004" name="store_ln310_access_fu_232">
<pin_list>
<pin id="233" dir="0" index="0" bw="9" slack="2147483647"/>
<pin id="234" dir="0" index="1" bw="12" slack="2147483647"/>
<pin id="235" dir="0" index="2" bw="0" slack="0"/>
<pin id="237" dir="0" index="4" bw="9" slack="0"/>
<pin id="238" dir="0" index="5" bw="12" slack="2147483647"/>
<pin id="239" dir="0" index="6" bw="0" slack="2147483647"/>
<pin id="236" dir="1" index="3" bw="12" slack="2147483647"/>
<pin id="240" dir="1" index="7" bw="12" slack="2147483647"/>
</pin_list>
<bind>
<opcode="store(28) " fcode="store"/>
<opset="store_ln310/11 "/>
</bind>
</comp>

<comp id="243" class="1004" name="store_ln310_access_fu_243">
<pin_list>
<pin id="244" dir="0" index="0" bw="9" slack="2147483647"/>
<pin id="245" dir="0" index="1" bw="12" slack="2147483647"/>
<pin id="246" dir="0" index="2" bw="0" slack="0"/>
<pin id="248" dir="0" index="4" bw="9" slack="0"/>
<pin id="249" dir="0" index="5" bw="12" slack="2147483647"/>
<pin id="250" dir="0" index="6" bw="0" slack="2147483647"/>
<pin id="247" dir="1" index="3" bw="12" slack="2147483647"/>
<pin id="251" dir="1" index="7" bw="12" slack="2147483647"/>
</pin_list>
<bind>
<opcode="store(28) " fcode="store"/>
<opset="store_ln310/11 "/>
</bind>
</comp>

<comp id="254" class="1004" name="grp_fu_254">
<pin_list>
<pin id="255" dir="0" index="0" bw="2" slack="0"/>
<pin id="256" dir="0" index="1" bw="1" slack="0"/>
<pin id="257" dir="0" index="2" bw="1" slack="0"/>
<pin id="258" dir="1" index="3" bw="0" slack="2147483647"/>
</pin_list>
<bind>
<opcode="switch(3) " fcode="switch"/>
<opset="switch_ln310/10 switch_ln310/10 switch_ln310/10 "/>
</bind>
</comp>

<comp id="261" class="1004" name="store_ln305_store_fu_261">
<pin_list>
<pin id="262" dir="0" index="0" bw="1" slack="0"/>
<pin id="263" dir="0" index="1" bw="13" slack="0"/>
<pin id="264" dir="1" index="2" bw="0" slack="2147483647"/>
</pin_list>
<bind>
<opcode="store(28) " fcode="store"/>
<opset="store_ln305/1 "/>
</bind>
</comp>

<comp id="266" class="1004" name="i_2_load_fu_266">
<pin_list>
<pin id="267" dir="0" index="0" bw="13" slack="0"/>
<pin id="268" dir="1" index="1" bw="13" slack="0"/>
</pin_list>
<bind>
<opcode="load(27) " fcode="load"/>
<opset="i_2/1 "/>
</bind>
</comp>

<comp id="269" class="1004" name="icmp_ln305_fu_269">
<pin_list>
<pin id="270" dir="0" index="0" bw="13" slack="0"/>
<pin id="271" dir="0" index="1" bw="13" slack="0"/>
<pin id="272" dir="1" index="2" bw="1" slack="9"/>
</pin_list>
<bind>
<opcode="icmp(45) " fcode="icmp"/>
<opset="icmp_ln305/1 "/>
</bind>
</comp>

<comp id="275" class="1004" name="i_3_fu_275">
<pin_list>
<pin id="276" dir="0" index="0" bw="13" slack="0"/>
<pin id="277" dir="0" index="1" bw="1" slack="0"/>
<pin id="278" dir="1" index="2" bw="13" slack="0"/>
</pin_list>
<bind>
<opcode="add(8) " fcode="add"/>
<opset="i_3/1 "/>
</bind>
</comp>

<comp id="281" class="1004" name="c_fu_281">
<pin_list>
<pin id="282" dir="0" index="0" bw="13" slack="0"/>
<pin id="283" dir="1" index="1" bw="6" slack="0"/>
</pin_list>
<bind>
<opcode="trunc(33) " fcode="trunc"/>
<opset="c/1 "/>
</bind>
</comp>

<comp id="285" class="1004" name="trunc_ln_fu_285">
<pin_list>
<pin id="286" dir="0" index="0" bw="6" slack="0"/>
<pin id="287" dir="0" index="1" bw="13" slack="0"/>
<pin id="288" dir="0" index="2" bw="4" slack="0"/>
<pin id="289" dir="0" index="3" bw="5" slack="0"/>
<pin id="290" dir="1" index="4" bw="6" slack="0"/>
</pin_list>
<bind>
<opcode="partselect(1002) " fcode="partselect"/>
<opset="trunc_ln/1 "/>
</bind>
</comp>

<comp id="295" class="1004" name="zext_ln308_fu_295">
<pin_list>
<pin id="296" dir="0" index="0" bw="6" slack="0"/>
<pin id="297" dir="1" index="1" bw="13" slack="0"/>
</pin_list>
<bind>
<opcode="zext(34) " fcode="zext"/>
<opset="zext_ln308/1 "/>
</bind>
</comp>

<comp id="299" class="1004" name="mul_ln308_fu_299">
<pin_list>
<pin id="300" dir="0" index="0" bw="6" slack="0"/>
<pin id="301" dir="0" index="1" bw="8" slack="0"/>
<pin id="302" dir="1" index="2" bw="13" slack="0"/>
</pin_list>
<bind>
<opcode="mul(12) " fcode="mul"/>
<opset="mul_ln308/1 "/>
</bind>
</comp>

<comp id="305" class="1004" name="tmp_fu_305">
<pin_list>
<pin id="306" dir="0" index="0" bw="5" slack="0"/>
<pin id="307" dir="0" index="1" bw="13" slack="0"/>
<pin id="308" dir="0" index="2" bw="5" slack="0"/>
<pin id="309" dir="0" index="3" bw="5" slack="0"/>
<pin id="310" dir="1" index="4" bw="5" slack="1"/>
</pin_list>
<bind>
<opcode="partselect(1002) " fcode="partselect"/>
<opset="tmp/1 "/>
</bind>
</comp>

<comp id="315" class="1004" name="grp_fu_315">
<pin_list>
<pin id="316" dir="0" index="0" bw="6" slack="0"/>
<pin id="317" dir="0" index="1" bw="3" slack="0"/>
<pin id="318" dir="1" index="2" bw="2" slack="0"/>
</pin_list>
<bind>
<opcode="urem(17) " fcode="urem"/>
<opset="urem_ln308/1 "/>
</bind>
</comp>

<comp id="321" class="1004" name="zext_ln309_fu_321">
<pin_list>
<pin id="322" dir="0" index="0" bw="6" slack="0"/>
<pin id="323" dir="1" index="1" bw="13" slack="0"/>
</pin_list>
<bind>
<opcode="zext(34) " fcode="zext"/>
<opset="zext_ln309/1 "/>
</bind>
</comp>

<comp id="325" class="1004" name="mul_ln309_fu_325">
<pin_list>
<pin id="326" dir="0" index="0" bw="6" slack="0"/>
<pin id="327" dir="0" index="1" bw="8" slack="0"/>
<pin id="328" dir="1" index="2" bw="13" slack="0"/>
</pin_list>
<bind>
<opcode="mul(12) " fcode="mul"/>
<opset="mul_ln309/1 "/>
</bind>
</comp>

<comp id="331" class="1004" name="tmp_40_fu_331">
<pin_list>
<pin id="332" dir="0" index="0" bw="5" slack="0"/>
<pin id="333" dir="0" index="1" bw="13" slack="0"/>
<pin id="334" dir="0" index="2" bw="5" slack="0"/>
<pin id="335" dir="0" index="3" bw="5" slack="0"/>
<pin id="336" dir="1" index="4" bw="5" slack="3"/>
</pin_list>
<bind>
<opcode="partselect(1002) " fcode="partselect"/>
<opset="tmp_40/1 "/>
</bind>
</comp>

<comp id="341" class="1004" name="grp_fu_341">
<pin_list>
<pin id="342" dir="0" index="0" bw="6" slack="0"/>
<pin id="343" dir="0" index="1" bw="3" slack="0"/>
<pin id="344" dir="1" index="2" bw="2" slack="0"/>
</pin_list>
<bind>
<opcode="urem(17) " fcode="urem"/>
<opset="urem_ln309/1 "/>
</bind>
</comp>

<comp id="347" class="1004" name="store_ln305_store_fu_347">
<pin_list>
<pin id="348" dir="0" index="0" bw="13" slack="0"/>
<pin id="349" dir="0" index="1" bw="13" slack="0"/>
<pin id="350" dir="1" index="2" bw="0" slack="2147483647"/>
</pin_list>
<bind>
<opcode="store(28) " fcode="store"/>
<opset="store_ln305/1 "/>
</bind>
</comp>

<comp id="352" class="1004" name="zext_ln308_1_fu_352">
<pin_list>
<pin id="353" dir="0" index="0" bw="5" slack="1"/>
<pin id="354" dir="1" index="1" bw="9" slack="0"/>
</pin_list>
<bind>
<opcode="zext(34) " fcode="zext"/>
<opset="zext_ln308_1/2 "/>
</bind>
</comp>

<comp id="355" class="1004" name="zext_ln310_fu_355">
<pin_list>
<pin id="356" dir="0" index="0" bw="5" slack="3"/>
<pin id="357" dir="1" index="1" bw="9" slack="0"/>
</pin_list>
<bind>
<opcode="zext(34) " fcode="zext"/>
<opset="zext_ln310/4 "/>
</bind>
</comp>

<comp id="358" class="1004" name="trunc_ln308_fu_358">
<pin_list>
<pin id="359" dir="0" index="0" bw="2" slack="0"/>
<pin id="360" dir="1" index="1" bw="2" slack="0"/>
</pin_list>
<bind>
<opcode="trunc(33) " fcode="trunc"/>
<opset="trunc_ln308/10 "/>
</bind>
</comp>

<comp id="362" class="1004" name="trunc_ln309_fu_362">
<pin_list>
<pin id="363" dir="0" index="0" bw="2" slack="0"/>
<pin id="364" dir="1" index="1" bw="2" slack="0"/>
</pin_list>
<bind>
<opcode="trunc(33) " fcode="trunc"/>
<opset="trunc_ln309/10 "/>
</bind>
</comp>

<comp id="367" class="1004" name="switch_ln310_fu_367">
<pin_list>
<pin id="368" dir="0" index="0" bw="2" slack="0"/>
<pin id="369" dir="0" index="1" bw="1" slack="0"/>
<pin id="370" dir="0" index="2" bw="1" slack="0"/>
<pin id="371" dir="1" index="3" bw="0" slack="2147483647"/>
</pin_list>
<bind>
<opcode="switch(3) " fcode="switch"/>
<opset="switch_ln310/10 "/>
</bind>
</comp>

<comp id="375" class="1004" name="zext_ln310_1_fu_375">
<pin_list>
<pin id="376" dir="0" index="0" bw="9" slack="6"/>
<pin id="377" dir="1" index="1" bw="64" slack="0"/>
</pin_list>
<bind>
<opcode="zext(34) " fcode="zext"/>
<opset="zext_ln310_1/11 "/>
</bind>
</comp>

<comp id="387" class="1007" name="grp_fu_387">
<pin_list>
<pin id="388" dir="0" index="0" bw="5" slack="0"/>
<pin id="389" dir="0" index="1" bw="5" slack="0"/>
<pin id="390" dir="0" index="2" bw="5" slack="0"/>
<pin id="391" dir="1" index="3" bw="9" slack="6"/>
</pin_list>
<bind>
<opcode="muladd(1172) " fcode="muladd"/>
<opset="mul_ln308_1/2 add_ln310/4 "/>
</bind>
</comp>

<comp id="395" class="1005" name="i_reg_395">
<pin_list>
<pin id="396" dir="0" index="0" bw="13" slack="0"/>
<pin id="397" dir="1" index="1" bw="13" slack="0"/>
</pin_list>
<bind>
<opset="i "/>
</bind>
</comp>

<comp id="402" class="1005" name="icmp_ln305_reg_402">
<pin_list>
<pin id="403" dir="0" index="0" bw="1" slack="9"/>
<pin id="404" dir="1" index="1" bw="1" slack="2147483647"/>
</pin_list>
<bind>
<opset="icmp_ln305 "/>
</bind>
</comp>

<comp id="406" class="1005" name="c_reg_406">
<pin_list>
<pin id="407" dir="0" index="0" bw="6" slack="1"/>
<pin id="408" dir="1" index="1" bw="6" slack="1"/>
</pin_list>
<bind>
<opset="c "/>
</bind>
</comp>

<comp id="411" class="1005" name="trunc_ln_reg_411">
<pin_list>
<pin id="412" dir="0" index="0" bw="6" slack="1"/>
<pin id="413" dir="1" index="1" bw="6" slack="1"/>
</pin_list>
<bind>
<opset="trunc_ln "/>
</bind>
</comp>

<comp id="416" class="1005" name="tmp_reg_416">
<pin_list>
<pin id="417" dir="0" index="0" bw="5" slack="1"/>
<pin id="418" dir="1" index="1" bw="5" slack="1"/>
</pin_list>
<bind>
<opset="tmp "/>
</bind>
</comp>

<comp id="421" class="1005" name="tmp_40_reg_421">
<pin_list>
<pin id="422" dir="0" index="0" bw="5" slack="3"/>
<pin id="423" dir="1" index="1" bw="5" slack="3"/>
</pin_list>
<bind>
<opset="tmp_40 "/>
</bind>
</comp>

<comp id="426" class="1005" name="zext_ln308_1_reg_426">
<pin_list>
<pin id="427" dir="0" index="0" bw="9" slack="1"/>
<pin id="428" dir="1" index="1" bw="9" slack="1"/>
</pin_list>
<bind>
<opset="zext_ln308_1 "/>
</bind>
</comp>

<comp id="431" class="1005" name="zext_ln310_reg_431">
<pin_list>
<pin id="432" dir="0" index="0" bw="9" slack="1"/>
<pin id="433" dir="1" index="1" bw="9" slack="1"/>
</pin_list>
<bind>
<opset="zext_ln310 "/>
</bind>
</comp>

<comp id="436" class="1005" name="add_ln310_reg_436">
<pin_list>
<pin id="437" dir="0" index="0" bw="9" slack="6"/>
<pin id="438" dir="1" index="1" bw="9" slack="6"/>
</pin_list>
<bind>
<opset="add_ln310 "/>
</bind>
</comp>

<comp id="441" class="1005" name="trunc_ln308_reg_441">
<pin_list>
<pin id="442" dir="0" index="0" bw="2" slack="1"/>
<pin id="443" dir="1" index="1" bw="2" slack="2147483647"/>
</pin_list>
<bind>
<opset="trunc_ln308 "/>
</bind>
</comp>

<comp id="445" class="1005" name="trunc_ln309_reg_445">
<pin_list>
<pin id="446" dir="0" index="0" bw="2" slack="1"/>
<pin id="447" dir="1" index="1" bw="2" slack="2147483647"/>
</pin_list>
<bind>
<opset="trunc_ln309 "/>
</bind>
</comp>

</comp_list>

<net_list>
<net id="85"><net_src comp="20" pin="0"/><net_sink comp="82" pin=0"/></net>

<net id="90"><net_src comp="80" pin="0"/><net_sink comp="86" pin=0"/></net>

<net id="91"><net_src comp="18" pin="0"/><net_sink comp="86" pin=1"/></net>

<net id="97"><net_src comp="16" pin="0"/><net_sink comp="92" pin=0"/></net>

<net id="98"><net_src comp="78" pin="0"/><net_sink comp="92" pin=1"/></net>

<net id="104"><net_src comp="14" pin="0"/><net_sink comp="99" pin=0"/></net>

<net id="105"><net_src comp="78" pin="0"/><net_sink comp="99" pin=1"/></net>

<net id="111"><net_src comp="12" pin="0"/><net_sink comp="106" pin=0"/></net>

<net id="112"><net_src comp="78" pin="0"/><net_sink comp="106" pin=1"/></net>

<net id="118"><net_src comp="10" pin="0"/><net_sink comp="113" pin=0"/></net>

<net id="119"><net_src comp="78" pin="0"/><net_sink comp="113" pin=1"/></net>

<net id="125"><net_src comp="8" pin="0"/><net_sink comp="120" pin=0"/></net>

<net id="126"><net_src comp="78" pin="0"/><net_sink comp="120" pin=1"/></net>

<net id="132"><net_src comp="6" pin="0"/><net_sink comp="127" pin=0"/></net>

<net id="133"><net_src comp="78" pin="0"/><net_sink comp="127" pin=1"/></net>

<net id="139"><net_src comp="4" pin="0"/><net_sink comp="134" pin=0"/></net>

<net id="140"><net_src comp="78" pin="0"/><net_sink comp="134" pin=1"/></net>

<net id="146"><net_src comp="2" pin="0"/><net_sink comp="141" pin=0"/></net>

<net id="147"><net_src comp="78" pin="0"/><net_sink comp="141" pin=1"/></net>

<net id="153"><net_src comp="0" pin="0"/><net_sink comp="148" pin=0"/></net>

<net id="154"><net_src comp="78" pin="0"/><net_sink comp="148" pin=1"/></net>

<net id="164"><net_src comp="86" pin="2"/><net_sink comp="155" pin=4"/></net>

<net id="165"><net_src comp="120" pin="3"/><net_sink comp="155" pin=2"/></net>

<net id="175"><net_src comp="86" pin="2"/><net_sink comp="166" pin=4"/></net>

<net id="176"><net_src comp="113" pin="3"/><net_sink comp="166" pin=2"/></net>

<net id="186"><net_src comp="86" pin="2"/><net_sink comp="177" pin=4"/></net>

<net id="187"><net_src comp="127" pin="3"/><net_sink comp="177" pin=2"/></net>

<net id="197"><net_src comp="86" pin="2"/><net_sink comp="188" pin=4"/></net>

<net id="198"><net_src comp="99" pin="3"/><net_sink comp="188" pin=2"/></net>

<net id="208"><net_src comp="86" pin="2"/><net_sink comp="199" pin=4"/></net>

<net id="209"><net_src comp="92" pin="3"/><net_sink comp="199" pin=2"/></net>

<net id="219"><net_src comp="86" pin="2"/><net_sink comp="210" pin=4"/></net>

<net id="220"><net_src comp="106" pin="3"/><net_sink comp="210" pin=2"/></net>

<net id="230"><net_src comp="86" pin="2"/><net_sink comp="221" pin=4"/></net>

<net id="231"><net_src comp="141" pin="3"/><net_sink comp="221" pin=2"/></net>

<net id="241"><net_src comp="86" pin="2"/><net_sink comp="232" pin=4"/></net>

<net id="242"><net_src comp="134" pin="3"/><net_sink comp="232" pin=2"/></net>

<net id="252"><net_src comp="86" pin="2"/><net_sink comp="243" pin=4"/></net>

<net id="253"><net_src comp="148" pin="3"/><net_sink comp="243" pin=2"/></net>

<net id="259"><net_src comp="64" pin="0"/><net_sink comp="254" pin=1"/></net>

<net id="260"><net_src comp="66" pin="0"/><net_sink comp="254" pin=2"/></net>

<net id="265"><net_src comp="40" pin="0"/><net_sink comp="261" pin=0"/></net>

<net id="273"><net_src comp="266" pin="1"/><net_sink comp="269" pin=0"/></net>

<net id="274"><net_src comp="42" pin="0"/><net_sink comp="269" pin=1"/></net>

<net id="279"><net_src comp="266" pin="1"/><net_sink comp="275" pin=0"/></net>

<net id="280"><net_src comp="44" pin="0"/><net_sink comp="275" pin=1"/></net>

<net id="284"><net_src comp="266" pin="1"/><net_sink comp="281" pin=0"/></net>

<net id="291"><net_src comp="46" pin="0"/><net_sink comp="285" pin=0"/></net>

<net id="292"><net_src comp="266" pin="1"/><net_sink comp="285" pin=1"/></net>

<net id="293"><net_src comp="48" pin="0"/><net_sink comp="285" pin=2"/></net>

<net id="294"><net_src comp="50" pin="0"/><net_sink comp="285" pin=3"/></net>

<net id="298"><net_src comp="285" pin="4"/><net_sink comp="295" pin=0"/></net>

<net id="303"><net_src comp="295" pin="1"/><net_sink comp="299" pin=0"/></net>

<net id="304"><net_src comp="52" pin="0"/><net_sink comp="299" pin=1"/></net>

<net id="311"><net_src comp="54" pin="0"/><net_sink comp="305" pin=0"/></net>

<net id="312"><net_src comp="299" pin="2"/><net_sink comp="305" pin=1"/></net>

<net id="313"><net_src comp="56" pin="0"/><net_sink comp="305" pin=2"/></net>

<net id="314"><net_src comp="58" pin="0"/><net_sink comp="305" pin=3"/></net>

<net id="319"><net_src comp="285" pin="4"/><net_sink comp="315" pin=0"/></net>

<net id="320"><net_src comp="60" pin="0"/><net_sink comp="315" pin=1"/></net>

<net id="324"><net_src comp="281" pin="1"/><net_sink comp="321" pin=0"/></net>

<net id="329"><net_src comp="321" pin="1"/><net_sink comp="325" pin=0"/></net>

<net id="330"><net_src comp="52" pin="0"/><net_sink comp="325" pin=1"/></net>

<net id="337"><net_src comp="54" pin="0"/><net_sink comp="331" pin=0"/></net>

<net id="338"><net_src comp="325" pin="2"/><net_sink comp="331" pin=1"/></net>

<net id="339"><net_src comp="56" pin="0"/><net_sink comp="331" pin=2"/></net>

<net id="340"><net_src comp="58" pin="0"/><net_sink comp="331" pin=3"/></net>

<net id="345"><net_src comp="281" pin="1"/><net_sink comp="341" pin=0"/></net>

<net id="346"><net_src comp="60" pin="0"/><net_sink comp="341" pin=1"/></net>

<net id="351"><net_src comp="275" pin="2"/><net_sink comp="347" pin=0"/></net>

<net id="361"><net_src comp="315" pin="2"/><net_sink comp="358" pin=0"/></net>

<net id="365"><net_src comp="341" pin="2"/><net_sink comp="362" pin=0"/></net>

<net id="366"><net_src comp="362" pin="1"/><net_sink comp="254" pin=0"/></net>

<net id="372"><net_src comp="358" pin="1"/><net_sink comp="367" pin=0"/></net>

<net id="373"><net_src comp="64" pin="0"/><net_sink comp="367" pin=1"/></net>

<net id="374"><net_src comp="66" pin="0"/><net_sink comp="367" pin=2"/></net>

<net id="378"><net_src comp="375" pin="1"/><net_sink comp="92" pin=2"/></net>

<net id="379"><net_src comp="375" pin="1"/><net_sink comp="99" pin=2"/></net>

<net id="380"><net_src comp="375" pin="1"/><net_sink comp="106" pin=2"/></net>

<net id="381"><net_src comp="375" pin="1"/><net_sink comp="113" pin=2"/></net>

<net id="382"><net_src comp="375" pin="1"/><net_sink comp="120" pin=2"/></net>

<net id="383"><net_src comp="375" pin="1"/><net_sink comp="127" pin=2"/></net>

<net id="384"><net_src comp="375" pin="1"/><net_sink comp="134" pin=2"/></net>

<net id="385"><net_src comp="375" pin="1"/><net_sink comp="141" pin=2"/></net>

<net id="386"><net_src comp="375" pin="1"/><net_sink comp="148" pin=2"/></net>

<net id="392"><net_src comp="352" pin="1"/><net_sink comp="387" pin=0"/></net>

<net id="393"><net_src comp="62" pin="0"/><net_sink comp="387" pin=1"/></net>

<net id="394"><net_src comp="355" pin="1"/><net_sink comp="387" pin=2"/></net>

<net id="398"><net_src comp="82" pin="1"/><net_sink comp="395" pin=0"/></net>

<net id="399"><net_src comp="395" pin="1"/><net_sink comp="261" pin=1"/></net>

<net id="400"><net_src comp="395" pin="1"/><net_sink comp="266" pin=0"/></net>

<net id="401"><net_src comp="395" pin="1"/><net_sink comp="347" pin=1"/></net>

<net id="405"><net_src comp="269" pin="2"/><net_sink comp="402" pin=0"/></net>

<net id="409"><net_src comp="281" pin="1"/><net_sink comp="406" pin=0"/></net>

<net id="410"><net_src comp="406" pin="1"/><net_sink comp="341" pin=0"/></net>

<net id="414"><net_src comp="285" pin="4"/><net_sink comp="411" pin=0"/></net>

<net id="415"><net_src comp="411" pin="1"/><net_sink comp="315" pin=0"/></net>

<net id="419"><net_src comp="305" pin="4"/><net_sink comp="416" pin=0"/></net>

<net id="420"><net_src comp="416" pin="1"/><net_sink comp="352" pin=0"/></net>

<net id="424"><net_src comp="331" pin="4"/><net_sink comp="421" pin=0"/></net>

<net id="425"><net_src comp="421" pin="1"/><net_sink comp="355" pin=0"/></net>

<net id="429"><net_src comp="352" pin="1"/><net_sink comp="426" pin=0"/></net>

<net id="430"><net_src comp="426" pin="1"/><net_sink comp="387" pin=0"/></net>

<net id="434"><net_src comp="355" pin="1"/><net_sink comp="431" pin=0"/></net>

<net id="435"><net_src comp="431" pin="1"/><net_sink comp="387" pin=1"/></net>

<net id="439"><net_src comp="387" pin="3"/><net_sink comp="436" pin=0"/></net>

<net id="440"><net_src comp="436" pin="1"/><net_sink comp="375" pin=0"/></net>

<net id="444"><net_src comp="358" pin="1"/><net_sink comp="441" pin=0"/></net>

<net id="448"><net_src comp="362" pin="1"/><net_sink comp="445" pin=0"/></net>

</net_list>

</model> 
---------------- Datapath Model END ------------------

* FSMD analyzer results:
  - Output states:
	Port: bilateral_buf_8 | {11 }
	Port: bilateral_buf_7 | {11 }
	Port: bilateral_buf_6 | {11 }
	Port: bilateral_buf_5 | {11 }
	Port: bilateral_buf_4 | {11 }
	Port: bilateral_buf_3 | {11 }
	Port: bilateral_buf_2 | {11 }
	Port: bilateral_buf_1 | {11 }
	Port: bilateral_buf | {11 }
 - Input state : 
	Port: stage_morphology_Pipeline_READ_BILATERAL : bilateral_stream | {11 }
  - Chain level:
	State 1
		store_ln305 : 1
		i_2 : 1
		icmp_ln305 : 2
		i_3 : 2
		br_ln305 : 3
		c : 2
		trunc_ln : 2
		zext_ln308 : 3
		mul_ln308 : 4
		tmp : 5
		urem_ln308 : 3
		zext_ln309 : 3
		mul_ln309 : 4
		tmp_40 : 5
		urem_ln309 : 3
		store_ln305 : 3
	State 2
		mul_ln308_1 : 1
	State 3
	State 4
		add_ln310 : 1
	State 5
	State 6
	State 7
	State 8
	State 9
	State 10
		trunc_ln308 : 1
		trunc_ln309 : 1
		switch_ln310 : 2
		switch_ln310 : 2
		switch_ln310 : 2
		switch_ln310 : 2
	State 11
		bilateral_buf_addr : 1
		bilateral_buf_1_addr : 1
		bilateral_buf_2_addr : 1
		bilateral_buf_3_addr : 1
		bilateral_buf_4_addr : 1
		bilateral_buf_5_addr : 1
		bilateral_buf_6_addr : 1
		bilateral_buf_7_addr : 1
		bilateral_buf_8_addr : 1
		store_ln310 : 2
		store_ln310 : 2
		store_ln310 : 2
		store_ln310 : 2
		store_ln310 : 2
		store_ln310 : 2
		store_ln310 : 2
		store_ln310 : 2
		store_ln310 : 2


============================================================
+ Verbose Summary: Datapath Resource usage 
============================================================

* Functional unit list:
|----------|----------------------------------|---------|---------|---------|
| Operation|          Functional Unit         |   DSP   |    FF   |   LUT   |
|----------|----------------------------------|---------|---------|---------|
|   urem   |            grp_fu_315            |    0    |   128   |    68   |
|          |            grp_fu_341            |    0    |   128   |    68   |
|----------|----------------------------------|---------|---------|---------|
|    mul   |         mul_ln308_fu_299         |    0    |    0    |    40   |
|          |         mul_ln309_fu_325         |    0    |    0    |    40   |
|----------|----------------------------------|---------|---------|---------|
|   icmp   |         icmp_ln305_fu_269        |    0    |    0    |    20   |
|----------|----------------------------------|---------|---------|---------|
|    add   |            i_3_fu_275            |    0    |    0    |    20   |
|----------|----------------------------------|---------|---------|---------|
|  muladd  |            grp_fu_387            |    1    |    0    |    0    |
|----------|----------------------------------|---------|---------|---------|
|   read   | bilateral_stream_read_read_fu_86 |    0    |    0    |    0    |
|----------|----------------------------------|---------|---------|---------|
|  switch  |            grp_fu_254            |    0    |    0    |    0    |
|          |        switch_ln310_fu_367       |    0    |    0    |    0    |
|----------|----------------------------------|---------|---------|---------|
|          |             c_fu_281             |    0    |    0    |    0    |
|   trunc  |        trunc_ln308_fu_358        |    0    |    0    |    0    |
|          |        trunc_ln309_fu_362        |    0    |    0    |    0    |
|----------|----------------------------------|---------|---------|---------|
|          |          trunc_ln_fu_285         |    0    |    0    |    0    |
|partselect|            tmp_fu_305            |    0    |    0    |    0    |
|          |           tmp_40_fu_331          |    0    |    0    |    0    |
|----------|----------------------------------|---------|---------|---------|
|          |         zext_ln308_fu_295        |    0    |    0    |    0    |
|          |         zext_ln309_fu_321        |    0    |    0    |    0    |
|   zext   |        zext_ln308_1_fu_352       |    0    |    0    |    0    |
|          |         zext_ln310_fu_355        |    0    |    0    |    0    |
|          |        zext_ln310_1_fu_375       |    0    |    0    |    0    |
|----------|----------------------------------|---------|---------|---------|
|   Total  |                                  |    1    |   256   |   256   |
|----------|----------------------------------|---------|---------|---------|

Memories:
N/A

* Register list:
+--------------------+--------+
|                    |   FF   |
+--------------------+--------+
|  add_ln310_reg_436 |    9   |
|      c_reg_406     |    6   |
|      i_reg_395     |   13   |
| icmp_ln305_reg_402 |    1   |
|   tmp_40_reg_421   |    5   |
|     tmp_reg_416    |    5   |
| trunc_ln308_reg_441|    2   |
| trunc_ln309_reg_445|    2   |
|  trunc_ln_reg_411  |    6   |
|zext_ln308_1_reg_426|    9   |
| zext_ln310_reg_431 |    9   |
+--------------------+--------+
|        Total       |   67   |
+--------------------+--------+

* Multiplexer (MUX) list: 
|------------|------|------|------|--------||---------||---------||---------|
|    Comp    |  Pin | Size |  BW  | S x BW ||  Delay  ||    FF   ||   LUT   |
|------------|------|------|------|--------||---------||---------||---------|
| grp_fu_315 |  p0  |   2  |   6  |   12   ||    0    ||    9    |
| grp_fu_341 |  p0  |   2  |   6  |   12   ||    0    ||    9    |
| grp_fu_387 |  p0  |   2  |   5  |   10   ||    0    ||    9    |
| grp_fu_387 |  p1  |   2  |   5  |   10   ||    0    ||    9    |
|------------|------|------|------|--------||---------||---------||---------|
|    Total   |      |      |      |   44   ||  1.956  ||    0    ||    36   |
|------------|------|------|------|--------||---------||---------||---------|



* Summary:
+-----------+--------+--------+--------+--------+
|           |   DSP  |  Delay |   FF   |   LUT  |
+-----------+--------+--------+--------+--------+
|  Function |    1   |    -   |   256  |   256  |
|   Memory  |    -   |    -   |    -   |    -   |
|Multiplexer|    -   |    1   |    0   |   36   |
|  Register |    -   |    -   |   67   |    -   |
+-----------+--------+--------+--------+--------+
|   Total   |    1   |    1   |   323  |   292  |
+-----------+--------+--------+--------+--------+
