

================================================================
== Vitis HLS Report for 'top_kernel_Pipeline_K5_Erosion_VITIS_LOOP_130_12'
================================================================
* Date:           Thu Apr  9 00:34:57 2026

* Version:        2025.1.1 (Build 6214317 on Sep 11 2025)
* Project:        project_1
* Solution:       hls (Vivado IP Flow Target)
* Product family: zynquplus
* Target device:  xczu3eg-sbva484-1-e


================================================================
== Performance Estimates
================================================================
+ Timing: 
    * Summary: 
    +--------+---------+----------+------------+
    |  Clock |  Target | Estimated| Uncertainty|
    +--------+---------+----------+------------+
    |ap_clk  |  4.00 ns|  2.798 ns|     1.08 ns|
    +--------+---------+----------+------------+

+ Latency: 
    * Summary: 
    +---------+---------+-----------+-----------+------+------+------------------------------------------------+
    |  Latency (cycles) |   Latency (absolute)  |   Interval  |                    Pipeline                    |
    |   min   |   max   |    min    |    max    |  min |  max |                      Type                      |
    +---------+---------+-----------+-----------+------+------+------------------------------------------------+
    |     4140|     4140|  16.560 us|  16.560 us|  4097|  4097|  loop auto-rewind stp (delay=0 clock cycles(s))|
    +---------+---------+-----------+-----------+------+------+------------------------------------------------+

    + Detail: 
        * Instance: 
        N/A

        * Loop: 
        +--------------------------------+---------+---------+----------+-----------+-----------+------+----------+
        |                                |  Latency (cycles) | Iteration|  Initiation Interval  | Trip |          |
        |            Loop Name           |   min   |   max   |  Latency |  achieved |   target  | Count| Pipelined|
        +--------------------------------+---------+---------+----------+-----------+-----------+------+----------+
        |- K5_Erosion_VITIS_LOOP_130_12  |     4138|     4138|        44|          1|          1|  4096|       yes|
        +--------------------------------+---------+---------+----------+-----------+-----------+------+----------+

============================================================
+ Verbose Summary: Synthesis Manager
============================================================
InlineROM: 1
ExposeGlobal: 0
============================================================
+ Verbose Summary: CDFG Model
============================================================
IsTopModel: 0
ResetActiveHigh: 1
IsCombinational: 0
IsDatapathOnly: 0
HasWiredReturn: 1
HasMFsm: 2
HasVarLatency: 1
IsPipeline: 0
IsRtlPipelined: 0
IsInstanceOverlapped: 0
IsDontTouch: 0
HasImplIP: 0
IsGatedGlobalClock: 0

+ Individual pipeline summary: 
  * Pipeline-0: initiation interval (II) = 1, depth = 44


============================================================
+ Verbose Summary: Schedule
============================================================
* Number of FSM states : 44
* Pipeline : 1
  Pipeline-0 : II = 1, D = 44, States = { 1 2 3 4 5 6 7 8 9 10 11 12 13 14 15 16 17 18 19 20 21 22 23 24 25 26 27 28 29 30 31 32 33 34 35 36 37 38 39 40 41 42 43 44 }
* Dataflow Pipeline: 0

* FSM state transitions: 
1 --> 2 
2 --> 3 
3 --> 4 
4 --> 5 
5 --> 6 
6 --> 7 
7 --> 8 
8 --> 9 
9 --> 10 
10 --> 11 
11 --> 12 
12 --> 13 
13 --> 14 
14 --> 15 
15 --> 16 
16 --> 17 
17 --> 18 
18 --> 19 
19 --> 20 
20 --> 21 
21 --> 22 
22 --> 23 
23 --> 24 
24 --> 25 
25 --> 26 
26 --> 27 
27 --> 28 
28 --> 29 
29 --> 30 
30 --> 31 
31 --> 32 
32 --> 33 
33 --> 34 
34 --> 35 
35 --> 36 
36 --> 37 
37 --> 38 
38 --> 39 
39 --> 40 
40 --> 41 
41 --> 42 
42 --> 43 
43 --> 44 
44 --> 

* FSM state operations: 

State 1 <SV = 0> <Delay = 1.95>
ST_1 : Operation 47 [1/1] (0.00ns)   --->   "%m = alloca i32 1" [top.cpp:144]   --->   Operation 47 'alloca' 'm' <Predicate = true> <Delay = 0.00>
ST_1 : Operation 48 [1/1] (0.00ns)   --->   "%m_1 = alloca i32 1" [top.cpp:144]   --->   Operation 48 'alloca' 'm_1' <Predicate = true> <Delay = 0.00>
ST_1 : Operation 49 [1/1] (0.00ns)   --->   "%m_5 = alloca i32 1" [top.cpp:144]   --->   Operation 49 'alloca' 'm_5' <Predicate = true> <Delay = 0.00>
ST_1 : Operation 50 [1/1] (0.00ns)   --->   "%m_7 = alloca i32 1" [top.cpp:144]   --->   Operation 50 'alloca' 'm_7' <Predicate = true> <Delay = 0.00>
ST_1 : Operation 51 [1/1] (0.00ns)   --->   "%m_11 = alloca i32 1" [top.cpp:144]   --->   Operation 51 'alloca' 'm_11' <Predicate = true> <Delay = 0.00>
ST_1 : Operation 52 [1/1] (0.00ns)   --->   "%m_13 = alloca i32 1" [top.cpp:144]   --->   Operation 52 'alloca' 'm_13' <Predicate = true> <Delay = 0.00>
ST_1 : Operation 53 [1/1] (0.00ns)   --->   "%c = alloca i32 1" [top.cpp:130]   --->   Operation 53 'alloca' 'c' <Predicate = true> <Delay = 0.00>
ST_1 : Operation 54 [1/1] (0.00ns)   --->   "%r = alloca i32 1" [top.cpp:129]   --->   Operation 54 'alloca' 'r' <Predicate = true> <Delay = 0.00>
ST_1 : Operation 55 [1/1] (0.00ns)   --->   "%indvar_flatten34 = alloca i32 1"   --->   Operation 55 'alloca' 'indvar_flatten34' <Predicate = true> <Delay = 0.00>
ST_1 : Operation 56 [1/1] (0.00ns)   --->   "%p_ZZ10top_kernelPKfS0_S0_PfE6er_win_0_1_load_read = read i32 @_ssdm_op_Read.ap_auto.float, i32 %p_ZZ10top_kernelPKfS0_S0_PfE6er_win_0_1_load"   --->   Operation 56 'read' 'p_ZZ10top_kernelPKfS0_S0_PfE6er_win_0_1_load_read' <Predicate = true> <Delay = 0.00>
ST_1 : Operation 57 [1/1] (0.00ns)   --->   "%p_ZZ10top_kernelPKfS0_S0_PfE6er_win_0_2_load_read = read i32 @_ssdm_op_Read.ap_auto.float, i32 %p_ZZ10top_kernelPKfS0_S0_PfE6er_win_0_2_load"   --->   Operation 57 'read' 'p_ZZ10top_kernelPKfS0_S0_PfE6er_win_0_2_load_read' <Predicate = true> <Delay = 0.00>
ST_1 : Operation 58 [1/1] (0.00ns)   --->   "%p_ZZ10top_kernelPKfS0_S0_PfE6er_win_1_1_load_read = read i32 @_ssdm_op_Read.ap_auto.float, i32 %p_ZZ10top_kernelPKfS0_S0_PfE6er_win_1_1_load"   --->   Operation 58 'read' 'p_ZZ10top_kernelPKfS0_S0_PfE6er_win_1_1_load_read' <Predicate = true> <Delay = 0.00>
ST_1 : Operation 59 [1/1] (0.00ns)   --->   "%p_ZZ10top_kernelPKfS0_S0_PfE6er_win_1_2_load_read = read i32 @_ssdm_op_Read.ap_auto.float, i32 %p_ZZ10top_kernelPKfS0_S0_PfE6er_win_1_2_load"   --->   Operation 59 'read' 'p_ZZ10top_kernelPKfS0_S0_PfE6er_win_1_2_load_read' <Predicate = true> <Delay = 0.00>
ST_1 : Operation 60 [1/1] (0.00ns)   --->   "%p_ZZ10top_kernelPKfS0_S0_PfE6er_win_2_1_load_read = read i32 @_ssdm_op_Read.ap_auto.float, i32 %p_ZZ10top_kernelPKfS0_S0_PfE6er_win_2_1_load"   --->   Operation 60 'read' 'p_ZZ10top_kernelPKfS0_S0_PfE6er_win_2_1_load_read' <Predicate = true> <Delay = 0.00>
ST_1 : Operation 61 [1/1] (0.00ns)   --->   "%p_ZZ10top_kernelPKfS0_S0_PfE6er_win_2_2_load_read = read i32 @_ssdm_op_Read.ap_auto.float, i32 %p_ZZ10top_kernelPKfS0_S0_PfE6er_win_2_2_load"   --->   Operation 61 'read' 'p_ZZ10top_kernelPKfS0_S0_PfE6er_win_2_2_load_read' <Predicate = true> <Delay = 0.00>
ST_1 : Operation 62 [1/1] (0.48ns)   --->   "%store_ln0 = store i13 0, i13 %indvar_flatten34"   --->   Operation 62 'store' 'store_ln0' <Predicate = true> <Delay = 0.48>
ST_1 : Operation 63 [1/1] (0.48ns)   --->   "%store_ln129 = store i7 0, i7 %r" [top.cpp:129]   --->   Operation 63 'store' 'store_ln129' <Predicate = true> <Delay = 0.48>
ST_1 : Operation 64 [1/1] (0.48ns)   --->   "%store_ln130 = store i7 0, i7 %c" [top.cpp:130]   --->   Operation 64 'store' 'store_ln130' <Predicate = true> <Delay = 0.48>
ST_1 : Operation 65 [1/1] (0.48ns)   --->   "%store_ln144 = store i32 %p_ZZ10top_kernelPKfS0_S0_PfE6er_win_2_2_load_read, i32 %m_13" [top.cpp:144]   --->   Operation 65 'store' 'store_ln144' <Predicate = true> <Delay = 0.48>
ST_1 : Operation 66 [1/1] (0.48ns)   --->   "%store_ln144 = store i32 %p_ZZ10top_kernelPKfS0_S0_PfE6er_win_2_1_load_read, i32 %m_11" [top.cpp:144]   --->   Operation 66 'store' 'store_ln144' <Predicate = true> <Delay = 0.48>
ST_1 : Operation 67 [1/1] (0.48ns)   --->   "%store_ln144 = store i32 %p_ZZ10top_kernelPKfS0_S0_PfE6er_win_1_2_load_read, i32 %m_7" [top.cpp:144]   --->   Operation 67 'store' 'store_ln144' <Predicate = true> <Delay = 0.48>
ST_1 : Operation 68 [1/1] (0.48ns)   --->   "%store_ln144 = store i32 %p_ZZ10top_kernelPKfS0_S0_PfE6er_win_1_1_load_read, i32 %m_5" [top.cpp:144]   --->   Operation 68 'store' 'store_ln144' <Predicate = true> <Delay = 0.48>
ST_1 : Operation 69 [1/1] (0.48ns)   --->   "%store_ln144 = store i32 %p_ZZ10top_kernelPKfS0_S0_PfE6er_win_0_2_load_read, i32 %m_1" [top.cpp:144]   --->   Operation 69 'store' 'store_ln144' <Predicate = true> <Delay = 0.48>
ST_1 : Operation 70 [1/1] (0.48ns)   --->   "%store_ln144 = store i32 %p_ZZ10top_kernelPKfS0_S0_PfE6er_win_0_1_load_read, i32 %m" [top.cpp:144]   --->   Operation 70 'store' 'store_ln144' <Predicate = true> <Delay = 0.48>
ST_1 : Operation 71 [1/1] (0.00ns)   --->   "%br_ln0 = br void %VITIS_LOOP_134_13"   --->   Operation 71 'br' 'br_ln0' <Predicate = true> <Delay = 0.00>
ST_1 : Operation 72 [1/1] (0.00ns)   --->   "%indvar_flatten34_load = load i13 %indvar_flatten34" [top.cpp:129]   --->   Operation 72 'load' 'indvar_flatten34_load' <Predicate = true> <Delay = 0.00>
ST_1 : Operation 73 [1/1] (0.97ns)   --->   "%icmp_ln129 = icmp_eq  i13 %indvar_flatten34_load, i13 4096" [top.cpp:129]   --->   Operation 73 'icmp' 'icmp_ln129' <Predicate = true> <Delay = 0.97> <CoreInst = "Cmp">   --->   Core 9 'Cmp' <Latency = 0> <II = 1> <Delay = 0.97> <FuncUnit> <Opcode : 'seteq' 'setne' 'setle' 'setge' 'setlt' 'setgt'> <InPorts = 2> <OutPorts = 1>
ST_1 : Operation 74 [1/1] (0.97ns)   --->   "%add_ln129_1 = add i13 %indvar_flatten34_load, i13 1" [top.cpp:129]   --->   Operation 74 'add' 'add_ln129_1' <Predicate = true> <Delay = 0.97> <CoreInst = "Adder">   --->   Core 1 'Adder' <Latency = 0> <II = 1> <Delay = 0.97> <FuncUnit> <Opcode : 'add' 'sub'> <InPorts = 2> <OutPorts = 1>
ST_1 : Operation 75 [1/1] (0.00ns)   --->   "%br_ln129 = br i1 %icmp_ln129, void %for.inc325, void %for.end327.exitStub" [top.cpp:129]   --->   Operation 75 'br' 'br_ln129' <Predicate = true> <Delay = 0.00>
ST_1 : Operation 76 [1/1] (0.48ns)   --->   "%store_ln129 = store i13 %add_ln129_1, i13 %indvar_flatten34" [top.cpp:129]   --->   Operation 76 'store' 'store_ln129' <Predicate = (!icmp_ln129)> <Delay = 0.48>

State 2 <SV = 1> <Delay = 2.70>
ST_2 : Operation 77 [1/1] (0.00ns)   --->   "%c_load = load i7 %c" [top.cpp:130]   --->   Operation 77 'load' 'c_load' <Predicate = true> <Delay = 0.00>
ST_2 : Operation 78 [1/1] (0.00ns)   --->   "%r_load = load i7 %r" [top.cpp:129]   --->   Operation 78 'load' 'r_load' <Predicate = true> <Delay = 0.00>
ST_2 : Operation 79 [1/1] (0.89ns)   --->   "%add_ln129 = add i7 %r_load, i7 1" [top.cpp:129]   --->   Operation 79 'add' 'add_ln129' <Predicate = true> <Delay = 0.89> <CoreInst = "Adder">   --->   Core 1 'Adder' <Latency = 0> <II = 1> <Delay = 0.89> <FuncUnit> <Opcode : 'add' 'sub'> <InPorts = 2> <OutPorts = 1>
ST_2 : Operation 80 [1/1] (0.89ns)   --->   "%icmp_ln130 = icmp_eq  i7 %c_load, i7 64" [top.cpp:130]   --->   Operation 80 'icmp' 'icmp_ln130' <Predicate = true> <Delay = 0.89> <CoreInst = "Cmp">   --->   Core 9 'Cmp' <Latency = 0> <II = 1> <Delay = 0.89> <FuncUnit> <Opcode : 'seteq' 'setne' 'setle' 'setge' 'setlt' 'setgt'> <InPorts = 2> <OutPorts = 1>
ST_2 : Operation 81 [1/1] (0.42ns)   --->   "%select_ln129 = select i1 %icmp_ln130, i7 0, i7 %c_load" [top.cpp:129]   --->   Operation 81 'select' 'select_ln129' <Predicate = true> <Delay = 0.42> <CoreInst = "Sel">   --->   Core 73 'Sel' <Latency = 0> <II = 1> <Delay = 0.42> <FuncUnit> <Opcode : 'select'> <InPorts = 3> <OutPorts = 1>
ST_2 : Operation 82 [1/1] (0.42ns)   --->   "%select_ln129_1 = select i1 %icmp_ln130, i7 %add_ln129, i7 %r_load" [top.cpp:129]   --->   Operation 82 'select' 'select_ln129_1' <Predicate = true> <Delay = 0.42> <CoreInst = "Sel">   --->   Core 73 'Sel' <Latency = 0> <II = 1> <Delay = 0.42> <FuncUnit> <Opcode : 'select'> <InPorts = 3> <OutPorts = 1>
ST_2 : Operation 83 [1/1] (0.00ns)   --->   "%trunc_ln135 = trunc i7 %select_ln129_1" [top.cpp:135]   --->   Operation 83 'trunc' 'trunc_ln135' <Predicate = true> <Delay = 0.00>
ST_2 : Operation 84 [1/1] (0.00ns)   --->   "%tmp = partselect i6 @_ssdm_op_PartSelect.i6.i7.i32.i32, i7 %select_ln129_1, i32 1, i32 6" [top.cpp:129]   --->   Operation 84 'partselect' 'tmp' <Predicate = true> <Delay = 0.00>
ST_2 : Operation 85 [1/1] (0.88ns)   --->   "%icmp126 = icmp_ne  i6 %tmp, i6 0" [top.cpp:129]   --->   Operation 85 'icmp' 'icmp126' <Predicate = true> <Delay = 0.88> <CoreInst = "Cmp">   --->   Core 9 'Cmp' <Latency = 0> <II = 1> <Delay = 0.88> <FuncUnit> <Opcode : 'seteq' 'setne' 'setle' 'setge' 'setlt' 'setgt'> <InPorts = 2> <OutPorts = 1>
ST_2 : Operation 86 [1/1] (0.00ns)   --->   "%zext_ln130 = zext i7 %select_ln129" [top.cpp:130]   --->   Operation 86 'zext' 'zext_ln130' <Predicate = true> <Delay = 0.00>
ST_2 : Operation 87 [1/1] (0.00ns)   --->   "%top_kernel_float_const_float_const_float_const_float_er_line_buf_4_addr = getelementptr i32 %top_kernel_float_const_float_const_float_const_float_er_line_buf_4, i64 0, i64 %zext_ln130" [top.cpp:134]   --->   Operation 87 'getelementptr' 'top_kernel_float_const_float_const_float_const_float_er_line_buf_4_addr' <Predicate = true> <Delay = 0.00>
ST_2 : Operation 88 [2/2] (1.35ns)   --->   "%m_17 = load i6 %top_kernel_float_const_float_const_float_const_float_er_line_buf_4_addr" [top.cpp:134]   --->   Operation 88 'load' 'm_17' <Predicate = true> <Delay = 1.35> <CoreInst = "RAM">   --->   Core 82 'RAM' <Latency = 1> <II = 1> <Delay = 1.35> <Storage> <Opcode : 'load' 'store'> <Ports = 2> <Width = 32> <Depth = 64> <RAM>
ST_2 : Operation 89 [1/1] (0.00ns)   --->   "%top_kernel_float_const_float_const_float_const_float_er_line_buf_5_addr = getelementptr i32 %top_kernel_float_const_float_const_float_const_float_er_line_buf_5, i64 0, i64 %zext_ln130" [top.cpp:134]   --->   Operation 89 'getelementptr' 'top_kernel_float_const_float_const_float_const_float_er_line_buf_5_addr' <Predicate = true> <Delay = 0.00>
ST_2 : Operation 90 [2/2] (1.35ns)   --->   "%m_21 = load i6 %top_kernel_float_const_float_const_float_const_float_er_line_buf_5_addr" [top.cpp:134]   --->   Operation 90 'load' 'm_21' <Predicate = true> <Delay = 1.35> <CoreInst = "RAM">   --->   Core 82 'RAM' <Latency = 1> <II = 1> <Delay = 1.35> <Storage> <Opcode : 'load' 'store'> <Ports = 2> <Width = 32> <Depth = 64> <RAM>
ST_2 : Operation 91 [1/1] (0.00ns)   --->   "%tmp_2 = partselect i6 @_ssdm_op_PartSelect.i6.i7.i32.i32, i7 %select_ln129, i32 1, i32 6" [top.cpp:143]   --->   Operation 91 'partselect' 'tmp_2' <Predicate = true> <Delay = 0.00>
ST_2 : Operation 92 [1/1] (0.88ns)   --->   "%icmp_ln143 = icmp_ne  i6 %tmp_2, i6 0" [top.cpp:143]   --->   Operation 92 'icmp' 'icmp_ln143' <Predicate = true> <Delay = 0.88> <CoreInst = "Cmp">   --->   Core 9 'Cmp' <Latency = 0> <II = 1> <Delay = 0.88> <FuncUnit> <Opcode : 'seteq' 'setne' 'setle' 'setge' 'setlt' 'setgt'> <InPorts = 2> <OutPorts = 1>
ST_2 : Operation 93 [1/1] (0.33ns)   --->   "%and_ln143 = and i1 %icmp126, i1 %icmp_ln143" [top.cpp:143]   --->   Operation 93 'and' 'and_ln143' <Predicate = true> <Delay = 0.33> <CoreInst = "LogicGate">   --->   Core 74 'LogicGate' <Latency = 0> <II = 1> <Delay = 0.33> <FuncUnit> <Opcode : 'and' 'or' 'xor'> <InPorts = 2> <OutPorts = 1>
ST_2 : Operation 94 [1/1] (0.00ns)   --->   "%br_ln143 = br i1 %and_ln143, void %for.inc322, void %VITIS_LOOP_145_16" [top.cpp:143]   --->   Operation 94 'br' 'br_ln143' <Predicate = true> <Delay = 0.00>
ST_2 : Operation 95 [1/1] (0.89ns)   --->   "%add_ln130 = add i7 %select_ln129, i7 1" [top.cpp:130]   --->   Operation 95 'add' 'add_ln130' <Predicate = true> <Delay = 0.89> <CoreInst = "Adder">   --->   Core 1 'Adder' <Latency = 0> <II = 1> <Delay = 0.89> <FuncUnit> <Opcode : 'add' 'sub'> <InPorts = 2> <OutPorts = 1>
ST_2 : Operation 96 [1/1] (0.48ns)   --->   "%store_ln129 = store i7 %select_ln129_1, i7 %r" [top.cpp:129]   --->   Operation 96 'store' 'store_ln129' <Predicate = true> <Delay = 0.48>
ST_2 : Operation 97 [1/1] (0.48ns)   --->   "%store_ln130 = store i7 %add_ln130, i7 %c" [top.cpp:130]   --->   Operation 97 'store' 'store_ln130' <Predicate = true> <Delay = 0.48>

State 3 <SV = 2> <Delay = 2.79>
ST_3 : Operation 98 [1/1] (0.00ns)   --->   "%tmp_s = bitconcatenate i12 @_ssdm_op_BitConcatenate.i12.i6.i6, i6 %trunc_ln135, i6 0" [top.cpp:135]   --->   Operation 98 'bitconcatenate' 'tmp_s' <Predicate = true> <Delay = 0.00>
ST_3 : Operation 99 [1/1] (0.88ns)   --->   "%empty = add i6 %trunc_ln135, i6 63" [top.cpp:135]   --->   Operation 99 'add' 'empty' <Predicate = true> <Delay = 0.88> <CoreInst = "Adder">   --->   Core 1 'Adder' <Latency = 0> <II = 1> <Delay = 0.88> <FuncUnit> <Opcode : 'add' 'sub'> <InPorts = 2> <OutPorts = 1>
ST_3 : Operation 100 [1/1] (0.00ns)   --->   "%tmp_1 = bitconcatenate i12 @_ssdm_op_BitConcatenate.i12.i6.i6, i6 %empty, i6 0" [top.cpp:148]   --->   Operation 100 'bitconcatenate' 'tmp_1' <Predicate = true> <Delay = 0.00>
ST_3 : Operation 101 [1/1] (0.00ns)   --->   "%zext_ln135 = zext i7 %select_ln129" [top.cpp:135]   --->   Operation 101 'zext' 'zext_ln135' <Predicate = true> <Delay = 0.00>
ST_3 : Operation 102 [1/1] (0.96ns)   --->   "%add_ln135 = add i12 %tmp_s, i12 %zext_ln135" [top.cpp:135]   --->   Operation 102 'add' 'add_ln135' <Predicate = true> <Delay = 0.96> <CoreInst = "Adder">   --->   Core 1 'Adder' <Latency = 0> <II = 1> <Delay = 0.96> <FuncUnit> <Opcode : 'add' 'sub'> <InPorts = 2> <OutPorts = 1>
ST_3 : Operation 103 [1/1] (0.00ns)   --->   "%zext_ln135_1 = zext i12 %add_ln135" [top.cpp:135]   --->   Operation 103 'zext' 'zext_ln135_1' <Predicate = true> <Delay = 0.00>
ST_3 : Operation 104 [1/1] (0.00ns)   --->   "%bilateral_filtered_addr = getelementptr i32 %bilateral_filtered, i64 0, i64 %zext_ln135_1" [top.cpp:135]   --->   Operation 104 'getelementptr' 'bilateral_filtered_addr' <Predicate = true> <Delay = 0.00>
ST_3 : Operation 105 [1/2] ( I:1.35ns O:1.35ns )   --->   "%m_17 = load i6 %top_kernel_float_const_float_const_float_const_float_er_line_buf_4_addr" [top.cpp:134]   --->   Operation 105 'load' 'm_17' <Predicate = true> <Delay = 1.35> <CoreInst = "RAM">   --->   Core 82 'RAM' <Latency = 1> <II = 1> <Delay = 1.35> <Storage> <Opcode : 'load' 'store'> <Ports = 2> <Width = 32> <Depth = 64> <RAM>
ST_3 : Operation 106 [2/2] (1.35ns)   --->   "%m_25 = load i12 %bilateral_filtered_addr" [top.cpp:135]   --->   Operation 106 'load' 'm_25' <Predicate = true> <Delay = 1.35> <CoreInst = "RAM">   --->   Core 82 'RAM' <Latency = 1> <II = 1> <Delay = 1.35> <Storage> <Opcode : 'load' 'store'> <Ports = 2> <Width = 32> <Depth = 4096> <RAM>
ST_3 : Operation 107 [1/2] ( I:1.35ns O:1.35ns )   --->   "%m_21 = load i6 %top_kernel_float_const_float_const_float_const_float_er_line_buf_5_addr" [top.cpp:134]   --->   Operation 107 'load' 'm_21' <Predicate = true> <Delay = 1.35> <CoreInst = "RAM">   --->   Core 82 'RAM' <Latency = 1> <II = 1> <Delay = 1.35> <Storage> <Opcode : 'load' 'store'> <Ports = 2> <Width = 32> <Depth = 64> <RAM>
ST_3 : Operation 108 [1/1] ( I:1.35ns O:1.35ns )   --->   "%store_ln134 = store i32 %m_21, i6 %top_kernel_float_const_float_const_float_const_float_er_line_buf_4_addr" [top.cpp:134]   --->   Operation 108 'store' 'store_ln134' <Predicate = true> <Delay = 1.35> <CoreInst = "RAM">   --->   Core 82 'RAM' <Latency = 1> <II = 1> <Delay = 1.35> <Storage> <Opcode : 'load' 'store'> <Ports = 2> <Width = 32> <Depth = 64> <RAM>
ST_3 : Operation 109 [1/1] (0.00ns)   --->   "%m_1_load_2 = load i32 %m_1" [top.cpp:147]   --->   Operation 109 'load' 'm_1_load_2' <Predicate = (and_ln143)> <Delay = 0.00>
ST_3 : Operation 110 [1/1] (0.89ns)   --->   "%add_ln148 = add i7 %select_ln129, i7 127" [top.cpp:148]   --->   Operation 110 'add' 'add_ln148' <Predicate = (and_ln143)> <Delay = 0.89> <CoreInst = "Adder">   --->   Core 1 'Adder' <Latency = 0> <II = 1> <Delay = 0.89> <FuncUnit> <Opcode : 'add' 'sub'> <InPorts = 2> <OutPorts = 1>
ST_3 : Operation 111 [1/1] (0.00ns)   --->   "%zext_ln148 = zext i7 %add_ln148" [top.cpp:148]   --->   Operation 111 'zext' 'zext_ln148' <Predicate = (and_ln143)> <Delay = 0.00>
ST_3 : Operation 112 [1/1] (0.96ns)   --->   "%add_ln148_1 = add i12 %tmp_1, i12 %zext_ln148" [top.cpp:148]   --->   Operation 112 'add' 'add_ln148_1' <Predicate = (and_ln143)> <Delay = 0.96> <CoreInst = "Adder">   --->   Core 1 'Adder' <Latency = 0> <II = 1> <Delay = 0.96> <FuncUnit> <Opcode : 'add' 'sub'> <InPorts = 2> <OutPorts = 1>
ST_3 : Operation 113 [1/1] (0.00ns)   --->   "%m_1_load = load i32 %m_1"   --->   Operation 113 'load' 'm_1_load' <Predicate = true> <Delay = 0.00>
ST_3 : Operation 114 [10/10] (2.79ns)   --->   "%m_1_add = fadd i32 %m_1_load, i32 0"   --->   Operation 114 'fadd' 'm_1_add' <Predicate = true> <Delay = 2.79> <CoreInst = "FAddSub_fulldsp">   --->   Core 18 'FAddSub_fulldsp' <Latency = 9> <II = 1> <Delay = 2.79> <FuncUnit> <Opcode : 'fadd' 'fsub'> <InPorts = 2> <OutPorts = 1>
ST_3 : Operation 115 [1/1] (0.48ns)   --->   "%store_ln144 = store i32 %m_17, i32 %m_1" [top.cpp:144]   --->   Operation 115 'store' 'store_ln144' <Predicate = true> <Delay = 0.48>

State 4 <SV = 3> <Delay = 2.79>
ST_4 : Operation 116 [1/1] (0.00ns)   --->   "%specloopname_ln0 = specloopname void @_ssdm_op_SpecLoopName, void @K5_Erosion_VITIS_LOOP_130_12_str"   --->   Operation 116 'specloopname' 'specloopname_ln0' <Predicate = true> <Delay = 0.00>
ST_4 : Operation 117 [1/1] (0.00ns)   --->   "%speclooptripcount_ln0 = speclooptripcount void @_ssdm_op_SpecLoopTripCount, i64 4096, i64 4096, i64 4096"   --->   Operation 117 'speclooptripcount' 'speclooptripcount_ln0' <Predicate = true> <Delay = 0.00>
ST_4 : Operation 118 [1/1] (0.00ns)   --->   "%specpipeline_ln131 = specpipeline void @_ssdm_op_SpecPipeline, i32 1, i32 0, i32 0, i32 0, void @empty_12" [top.cpp:131]   --->   Operation 118 'specpipeline' 'specpipeline_ln131' <Predicate = true> <Delay = 0.00>
ST_4 : Operation 119 [1/2] ( I:1.35ns O:1.35ns )   --->   "%m_25 = load i12 %bilateral_filtered_addr" [top.cpp:135]   --->   Operation 119 'load' 'm_25' <Predicate = true> <Delay = 1.35> <CoreInst = "RAM">   --->   Core 82 'RAM' <Latency = 1> <II = 1> <Delay = 1.35> <Storage> <Opcode : 'load' 'store'> <Ports = 2> <Width = 32> <Depth = 4096> <RAM>
ST_4 : Operation 120 [1/1] ( I:1.35ns O:1.35ns )   --->   "%store_ln135 = store i32 %m_25, i6 %top_kernel_float_const_float_const_float_const_float_er_line_buf_5_addr" [top.cpp:135]   --->   Operation 120 'store' 'store_ln135' <Predicate = true> <Delay = 1.35> <CoreInst = "RAM">   --->   Core 82 'RAM' <Latency = 1> <II = 1> <Delay = 1.35> <Storage> <Opcode : 'load' 'store'> <Ports = 2> <Width = 32> <Depth = 64> <RAM>
ST_4 : Operation 121 [9/10] (2.79ns)   --->   "%m_1_add = fadd i32 %m_1_load, i32 0"   --->   Operation 121 'fadd' 'm_1_add' <Predicate = true> <Delay = 2.79> <CoreInst = "FAddSub_fulldsp">   --->   Core 18 'FAddSub_fulldsp' <Latency = 9> <II = 1> <Delay = 2.79> <FuncUnit> <Opcode : 'fadd' 'fsub'> <InPorts = 2> <OutPorts = 1>

State 5 <SV = 4> <Delay = 2.79>
ST_5 : Operation 122 [8/10] (2.79ns)   --->   "%m_1_add = fadd i32 %m_1_load, i32 0"   --->   Operation 122 'fadd' 'm_1_add' <Predicate = true> <Delay = 2.79> <CoreInst = "FAddSub_fulldsp">   --->   Core 18 'FAddSub_fulldsp' <Latency = 9> <II = 1> <Delay = 2.79> <FuncUnit> <Opcode : 'fadd' 'fsub'> <InPorts = 2> <OutPorts = 1>

State 6 <SV = 5> <Delay = 2.79>
ST_6 : Operation 123 [7/10] (2.79ns)   --->   "%m_1_add = fadd i32 %m_1_load, i32 0"   --->   Operation 123 'fadd' 'm_1_add' <Predicate = true> <Delay = 2.79> <CoreInst = "FAddSub_fulldsp">   --->   Core 18 'FAddSub_fulldsp' <Latency = 9> <II = 1> <Delay = 2.79> <FuncUnit> <Opcode : 'fadd' 'fsub'> <InPorts = 2> <OutPorts = 1>

State 7 <SV = 6> <Delay = 2.79>
ST_7 : Operation 124 [6/10] (2.79ns)   --->   "%m_1_add = fadd i32 %m_1_load, i32 0"   --->   Operation 124 'fadd' 'm_1_add' <Predicate = true> <Delay = 2.79> <CoreInst = "FAddSub_fulldsp">   --->   Core 18 'FAddSub_fulldsp' <Latency = 9> <II = 1> <Delay = 2.79> <FuncUnit> <Opcode : 'fadd' 'fsub'> <InPorts = 2> <OutPorts = 1>

State 8 <SV = 7> <Delay = 2.79>
ST_8 : Operation 125 [5/10] (2.79ns)   --->   "%m_1_add = fadd i32 %m_1_load, i32 0"   --->   Operation 125 'fadd' 'm_1_add' <Predicate = true> <Delay = 2.79> <CoreInst = "FAddSub_fulldsp">   --->   Core 18 'FAddSub_fulldsp' <Latency = 9> <II = 1> <Delay = 2.79> <FuncUnit> <Opcode : 'fadd' 'fsub'> <InPorts = 2> <OutPorts = 1>

State 9 <SV = 8> <Delay = 2.79>
ST_9 : Operation 126 [4/10] (2.79ns)   --->   "%m_1_add = fadd i32 %m_1_load, i32 0"   --->   Operation 126 'fadd' 'm_1_add' <Predicate = true> <Delay = 2.79> <CoreInst = "FAddSub_fulldsp">   --->   Core 18 'FAddSub_fulldsp' <Latency = 9> <II = 1> <Delay = 2.79> <FuncUnit> <Opcode : 'fadd' 'fsub'> <InPorts = 2> <OutPorts = 1>

State 10 <SV = 9> <Delay = 2.79>
ST_10 : Operation 127 [3/10] (2.79ns)   --->   "%m_1_add = fadd i32 %m_1_load, i32 0"   --->   Operation 127 'fadd' 'm_1_add' <Predicate = true> <Delay = 2.79> <CoreInst = "FAddSub_fulldsp">   --->   Core 18 'FAddSub_fulldsp' <Latency = 9> <II = 1> <Delay = 2.79> <FuncUnit> <Opcode : 'fadd' 'fsub'> <InPorts = 2> <OutPorts = 1>

State 11 <SV = 10> <Delay = 2.79>
ST_11 : Operation 128 [1/1] (0.00ns)   --->   "%m_7_load_2 = load i32 %m_7" [top.cpp:147]   --->   Operation 128 'load' 'm_7_load_2' <Predicate = (and_ln143)> <Delay = 0.00>
ST_11 : Operation 129 [1/1] (0.00ns)   --->   "%m_7_load = load i32 %m_7"   --->   Operation 129 'load' 'm_7_load' <Predicate = true> <Delay = 0.00>
ST_11 : Operation 130 [2/10] (2.79ns)   --->   "%m_1_add = fadd i32 %m_1_load, i32 0"   --->   Operation 130 'fadd' 'm_1_add' <Predicate = true> <Delay = 2.79> <CoreInst = "FAddSub_fulldsp">   --->   Core 18 'FAddSub_fulldsp' <Latency = 9> <II = 1> <Delay = 2.79> <FuncUnit> <Opcode : 'fadd' 'fsub'> <InPorts = 2> <OutPorts = 1>
ST_11 : Operation 131 [10/10] (2.79ns)   --->   "%m_7_add = fadd i32 %m_7_load, i32 0"   --->   Operation 131 'fadd' 'm_7_add' <Predicate = true> <Delay = 2.79> <CoreInst = "FAddSub_fulldsp">   --->   Core 18 'FAddSub_fulldsp' <Latency = 9> <II = 1> <Delay = 2.79> <FuncUnit> <Opcode : 'fadd' 'fsub'> <InPorts = 2> <OutPorts = 1>
ST_11 : Operation 132 [1/1] (0.48ns)   --->   "%store_ln144 = store i32 %m_21, i32 %m_7" [top.cpp:144]   --->   Operation 132 'store' 'store_ln144' <Predicate = true> <Delay = 0.48>

State 12 <SV = 11> <Delay = 2.79>
ST_12 : Operation 133 [1/10] (2.79ns)   --->   "%m_1_add = fadd i32 %m_1_load, i32 0"   --->   Operation 133 'fadd' 'm_1_add' <Predicate = true> <Delay = 2.79> <CoreInst = "FAddSub_fulldsp">   --->   Core 18 'FAddSub_fulldsp' <Latency = 9> <II = 1> <Delay = 2.79> <FuncUnit> <Opcode : 'fadd' 'fsub'> <InPorts = 2> <OutPorts = 1>
ST_12 : Operation 134 [9/10] (2.79ns)   --->   "%m_7_add = fadd i32 %m_7_load, i32 0"   --->   Operation 134 'fadd' 'm_7_add' <Predicate = true> <Delay = 2.79> <CoreInst = "FAddSub_fulldsp">   --->   Core 18 'FAddSub_fulldsp' <Latency = 9> <II = 1> <Delay = 2.79> <FuncUnit> <Opcode : 'fadd' 'fsub'> <InPorts = 2> <OutPorts = 1>

State 13 <SV = 12> <Delay = 2.79>
ST_13 : Operation 135 [1/1] (0.00ns)   --->   "%m_load_1 = load i32 %m" [top.cpp:147]   --->   Operation 135 'load' 'm_load_1' <Predicate = (and_ln143)> <Delay = 0.00>
ST_13 : Operation 136 [3/3] (2.79ns)   --->   "%tmp_5 = fcmp_olt  i32 %m_1_load_2, i32 %m_load_1" [top.cpp:147]   --->   Operation 136 'fcmp' 'tmp_5' <Predicate = (and_ln143)> <Delay = 2.79> <CoreInst = "FCompare">   --->   Core 19 'FCompare' <Latency = 2> <II = 1> <Delay = 2.79> <FuncUnit> <Opcode : 'fcmp'> <InPorts = 2> <OutPorts = 1>
ST_13 : Operation 137 [8/10] (2.79ns)   --->   "%m_7_add = fadd i32 %m_7_load, i32 0"   --->   Operation 137 'fadd' 'm_7_add' <Predicate = true> <Delay = 2.79> <CoreInst = "FAddSub_fulldsp">   --->   Core 18 'FAddSub_fulldsp' <Latency = 9> <II = 1> <Delay = 2.79> <FuncUnit> <Opcode : 'fadd' 'fsub'> <InPorts = 2> <OutPorts = 1>
ST_13 : Operation 138 [1/1] (0.48ns)   --->   "%store_ln144 = store i32 %m_1_add, i32 %m" [top.cpp:144]   --->   Operation 138 'store' 'store_ln144' <Predicate = true> <Delay = 0.48>

State 14 <SV = 13> <Delay = 2.79>
ST_14 : Operation 139 [2/3] (2.79ns)   --->   "%tmp_5 = fcmp_olt  i32 %m_1_load_2, i32 %m_load_1" [top.cpp:147]   --->   Operation 139 'fcmp' 'tmp_5' <Predicate = (and_ln143)> <Delay = 2.79> <CoreInst = "FCompare">   --->   Core 19 'FCompare' <Latency = 2> <II = 1> <Delay = 2.79> <FuncUnit> <Opcode : 'fcmp'> <InPorts = 2> <OutPorts = 1>
ST_14 : Operation 140 [7/10] (2.79ns)   --->   "%m_7_add = fadd i32 %m_7_load, i32 0"   --->   Operation 140 'fadd' 'm_7_add' <Predicate = true> <Delay = 2.79> <CoreInst = "FAddSub_fulldsp">   --->   Core 18 'FAddSub_fulldsp' <Latency = 9> <II = 1> <Delay = 2.79> <FuncUnit> <Opcode : 'fadd' 'fsub'> <InPorts = 2> <OutPorts = 1>

State 15 <SV = 14> <Delay = 2.79>
ST_15 : Operation 141 [1/3] (2.79ns)   --->   "%tmp_5 = fcmp_olt  i32 %m_1_load_2, i32 %m_load_1" [top.cpp:147]   --->   Operation 141 'fcmp' 'tmp_5' <Predicate = (and_ln143)> <Delay = 2.79> <CoreInst = "FCompare">   --->   Core 19 'FCompare' <Latency = 2> <II = 1> <Delay = 2.79> <FuncUnit> <Opcode : 'fcmp'> <InPorts = 2> <OutPorts = 1>
ST_15 : Operation 142 [6/10] (2.79ns)   --->   "%m_7_add = fadd i32 %m_7_load, i32 0"   --->   Operation 142 'fadd' 'm_7_add' <Predicate = true> <Delay = 2.79> <CoreInst = "FAddSub_fulldsp">   --->   Core 18 'FAddSub_fulldsp' <Latency = 9> <II = 1> <Delay = 2.79> <FuncUnit> <Opcode : 'fadd' 'fsub'> <InPorts = 2> <OutPorts = 1>

State 16 <SV = 15> <Delay = 2.79>
ST_16 : Operation 143 [1/1] (0.00ns)   --->   "%bitcast_ln147 = bitcast i32 %m_1_load_2" [top.cpp:147]   --->   Operation 143 'bitcast' 'bitcast_ln147' <Predicate = (and_ln143)> <Delay = 0.00>
ST_16 : Operation 144 [1/1] (0.00ns)   --->   "%tmp_3 = partselect i8 @_ssdm_op_PartSelect.i8.i32.i32.i32, i32 %bitcast_ln147, i32 23, i32 30" [top.cpp:147]   --->   Operation 144 'partselect' 'tmp_3' <Predicate = (and_ln143)> <Delay = 0.00>
ST_16 : Operation 145 [1/1] (0.00ns)   --->   "%trunc_ln147 = trunc i32 %bitcast_ln147" [top.cpp:147]   --->   Operation 145 'trunc' 'trunc_ln147' <Predicate = (and_ln143)> <Delay = 0.00>
ST_16 : Operation 146 [1/1] (0.00ns)   --->   "%bitcast_ln147_1 = bitcast i32 %m_load_1" [top.cpp:147]   --->   Operation 146 'bitcast' 'bitcast_ln147_1' <Predicate = (and_ln143)> <Delay = 0.00>
ST_16 : Operation 147 [1/1] (0.00ns)   --->   "%tmp_4 = partselect i8 @_ssdm_op_PartSelect.i8.i32.i32.i32, i32 %bitcast_ln147_1, i32 23, i32 30" [top.cpp:147]   --->   Operation 147 'partselect' 'tmp_4' <Predicate = (and_ln143)> <Delay = 0.00>
ST_16 : Operation 148 [1/1] (0.00ns)   --->   "%trunc_ln147_1 = trunc i32 %bitcast_ln147_1" [top.cpp:147]   --->   Operation 148 'trunc' 'trunc_ln147_1' <Predicate = (and_ln143)> <Delay = 0.00>
ST_16 : Operation 149 [1/1] (0.90ns)   --->   "%icmp_ln147 = icmp_ne  i8 %tmp_3, i8 255" [top.cpp:147]   --->   Operation 149 'icmp' 'icmp_ln147' <Predicate = (and_ln143)> <Delay = 0.90> <CoreInst = "Cmp">   --->   Core 9 'Cmp' <Latency = 0> <II = 1> <Delay = 0.90> <FuncUnit> <Opcode : 'seteq' 'setne' 'setle' 'setge' 'setlt' 'setgt'> <InPorts = 2> <OutPorts = 1>
ST_16 : Operation 150 [1/1] (1.09ns)   --->   "%icmp_ln147_1 = icmp_eq  i23 %trunc_ln147, i23 0" [top.cpp:147]   --->   Operation 150 'icmp' 'icmp_ln147_1' <Predicate = (and_ln143)> <Delay = 1.09> <CoreInst = "Cmp">   --->   Core 9 'Cmp' <Latency = 0> <II = 1> <Delay = 1.09> <FuncUnit> <Opcode : 'seteq' 'setne' 'setle' 'setge' 'setlt' 'setgt'> <InPorts = 2> <OutPorts = 1>
ST_16 : Operation 151 [1/1] (0.00ns) (grouped into LUT with out node and_ln147_1)   --->   "%or_ln147 = or i1 %icmp_ln147_1, i1 %icmp_ln147" [top.cpp:147]   --->   Operation 151 'or' 'or_ln147' <Predicate = (and_ln143)> <Delay = 0.00> <CoreInst = "LogicGate">   --->   Core 74 'LogicGate' <Latency = 0> <II = 1> <Delay = 0.33> <FuncUnit> <Opcode : 'and' 'or' 'xor'> <InPorts = 2> <OutPorts = 1>
ST_16 : Operation 152 [1/1] (0.90ns)   --->   "%icmp_ln147_2 = icmp_ne  i8 %tmp_4, i8 255" [top.cpp:147]   --->   Operation 152 'icmp' 'icmp_ln147_2' <Predicate = (and_ln143)> <Delay = 0.90> <CoreInst = "Cmp">   --->   Core 9 'Cmp' <Latency = 0> <II = 1> <Delay = 0.90> <FuncUnit> <Opcode : 'seteq' 'setne' 'setle' 'setge' 'setlt' 'setgt'> <InPorts = 2> <OutPorts = 1>
ST_16 : Operation 153 [1/1] (1.09ns)   --->   "%icmp_ln147_3 = icmp_eq  i23 %trunc_ln147_1, i23 0" [top.cpp:147]   --->   Operation 153 'icmp' 'icmp_ln147_3' <Predicate = (and_ln143)> <Delay = 1.09> <CoreInst = "Cmp">   --->   Core 9 'Cmp' <Latency = 0> <II = 1> <Delay = 1.09> <FuncUnit> <Opcode : 'seteq' 'setne' 'setle' 'setge' 'setlt' 'setgt'> <InPorts = 2> <OutPorts = 1>
ST_16 : Operation 154 [1/1] (0.00ns) (grouped into LUT with out node and_ln147_1)   --->   "%or_ln147_1 = or i1 %icmp_ln147_3, i1 %icmp_ln147_2" [top.cpp:147]   --->   Operation 154 'or' 'or_ln147_1' <Predicate = (and_ln143)> <Delay = 0.00> <CoreInst = "LogicGate">   --->   Core 74 'LogicGate' <Latency = 0> <II = 1> <Delay = 0.33> <FuncUnit> <Opcode : 'and' 'or' 'xor'> <InPorts = 2> <OutPorts = 1>
ST_16 : Operation 155 [1/1] (0.00ns) (grouped into LUT with out node and_ln147_1)   --->   "%and_ln147 = and i1 %or_ln147, i1 %or_ln147_1" [top.cpp:147]   --->   Operation 155 'and' 'and_ln147' <Predicate = (and_ln143)> <Delay = 0.00> <CoreInst = "LogicGate">   --->   Core 74 'LogicGate' <Latency = 0> <II = 1> <Delay = 0.33> <FuncUnit> <Opcode : 'and' 'or' 'xor'> <InPorts = 2> <OutPorts = 1>
ST_16 : Operation 156 [1/1] (0.33ns) (out node of the LUT)   --->   "%and_ln147_1 = and i1 %and_ln147, i1 %tmp_5" [top.cpp:147]   --->   Operation 156 'and' 'and_ln147_1' <Predicate = (and_ln143)> <Delay = 0.33> <CoreInst = "LogicGate">   --->   Core 74 'LogicGate' <Latency = 0> <II = 1> <Delay = 0.33> <FuncUnit> <Opcode : 'and' 'or' 'xor'> <InPorts = 2> <OutPorts = 1>
ST_16 : Operation 157 [1/1] (0.52ns) (out node of the LUT)   --->   "%m_15 = select i1 %and_ln147_1, i32 %m_1_load_2, i32 %m_load_1" [top.cpp:147]   --->   Operation 157 'select' 'm_15' <Predicate = (and_ln143)> <Delay = 0.52> <CoreInst = "Sel">   --->   Core 73 'Sel' <Latency = 0> <II = 1> <Delay = 0.52> <FuncUnit> <Opcode : 'select'> <InPorts = 3> <OutPorts = 1>
ST_16 : Operation 158 [5/10] (2.79ns)   --->   "%m_7_add = fadd i32 %m_7_load, i32 0"   --->   Operation 158 'fadd' 'm_7_add' <Predicate = true> <Delay = 2.79> <CoreInst = "FAddSub_fulldsp">   --->   Core 18 'FAddSub_fulldsp' <Latency = 9> <II = 1> <Delay = 2.79> <FuncUnit> <Opcode : 'fadd' 'fsub'> <InPorts = 2> <OutPorts = 1>

State 17 <SV = 16> <Delay = 2.79>
ST_17 : Operation 159 [3/3] (2.79ns)   --->   "%tmp_8 = fcmp_olt  i32 %m_17, i32 %m_15" [top.cpp:147]   --->   Operation 159 'fcmp' 'tmp_8' <Predicate = (and_ln143)> <Delay = 2.79> <CoreInst = "FCompare">   --->   Core 19 'FCompare' <Latency = 2> <II = 1> <Delay = 2.79> <FuncUnit> <Opcode : 'fcmp'> <InPorts = 2> <OutPorts = 1>
ST_17 : Operation 160 [4/10] (2.79ns)   --->   "%m_7_add = fadd i32 %m_7_load, i32 0"   --->   Operation 160 'fadd' 'm_7_add' <Predicate = true> <Delay = 2.79> <CoreInst = "FAddSub_fulldsp">   --->   Core 18 'FAddSub_fulldsp' <Latency = 9> <II = 1> <Delay = 2.79> <FuncUnit> <Opcode : 'fadd' 'fsub'> <InPorts = 2> <OutPorts = 1>

State 18 <SV = 17> <Delay = 2.79>
ST_18 : Operation 161 [2/3] (2.79ns)   --->   "%tmp_8 = fcmp_olt  i32 %m_17, i32 %m_15" [top.cpp:147]   --->   Operation 161 'fcmp' 'tmp_8' <Predicate = (and_ln143)> <Delay = 2.79> <CoreInst = "FCompare">   --->   Core 19 'FCompare' <Latency = 2> <II = 1> <Delay = 2.79> <FuncUnit> <Opcode : 'fcmp'> <InPorts = 2> <OutPorts = 1>
ST_18 : Operation 162 [3/10] (2.79ns)   --->   "%m_7_add = fadd i32 %m_7_load, i32 0"   --->   Operation 162 'fadd' 'm_7_add' <Predicate = true> <Delay = 2.79> <CoreInst = "FAddSub_fulldsp">   --->   Core 18 'FAddSub_fulldsp' <Latency = 9> <II = 1> <Delay = 2.79> <FuncUnit> <Opcode : 'fadd' 'fsub'> <InPorts = 2> <OutPorts = 1>

State 19 <SV = 18> <Delay = 2.79>
ST_19 : Operation 163 [1/3] (2.79ns)   --->   "%tmp_8 = fcmp_olt  i32 %m_17, i32 %m_15" [top.cpp:147]   --->   Operation 163 'fcmp' 'tmp_8' <Predicate = (and_ln143)> <Delay = 2.79> <CoreInst = "FCompare">   --->   Core 19 'FCompare' <Latency = 2> <II = 1> <Delay = 2.79> <FuncUnit> <Opcode : 'fcmp'> <InPorts = 2> <OutPorts = 1>
ST_19 : Operation 164 [2/10] (2.79ns)   --->   "%m_7_add = fadd i32 %m_7_load, i32 0"   --->   Operation 164 'fadd' 'm_7_add' <Predicate = true> <Delay = 2.79> <CoreInst = "FAddSub_fulldsp">   --->   Core 18 'FAddSub_fulldsp' <Latency = 9> <II = 1> <Delay = 2.79> <FuncUnit> <Opcode : 'fadd' 'fsub'> <InPorts = 2> <OutPorts = 1>

State 20 <SV = 19> <Delay = 2.79>
ST_20 : Operation 165 [1/1] (0.00ns)   --->   "%bitcast_ln147_2 = bitcast i32 %m_17" [top.cpp:147]   --->   Operation 165 'bitcast' 'bitcast_ln147_2' <Predicate = (and_ln143)> <Delay = 0.00>
ST_20 : Operation 166 [1/1] (0.00ns)   --->   "%tmp_6 = partselect i8 @_ssdm_op_PartSelect.i8.i32.i32.i32, i32 %bitcast_ln147_2, i32 23, i32 30" [top.cpp:147]   --->   Operation 166 'partselect' 'tmp_6' <Predicate = (and_ln143)> <Delay = 0.00>
ST_20 : Operation 167 [1/1] (0.00ns)   --->   "%trunc_ln147_2 = trunc i32 %bitcast_ln147_2" [top.cpp:147]   --->   Operation 167 'trunc' 'trunc_ln147_2' <Predicate = (and_ln143)> <Delay = 0.00>
ST_20 : Operation 168 [1/1] (0.00ns)   --->   "%bitcast_ln147_3 = bitcast i32 %m_15" [top.cpp:147]   --->   Operation 168 'bitcast' 'bitcast_ln147_3' <Predicate = (and_ln143)> <Delay = 0.00>
ST_20 : Operation 169 [1/1] (0.00ns)   --->   "%tmp_7 = partselect i8 @_ssdm_op_PartSelect.i8.i32.i32.i32, i32 %bitcast_ln147_3, i32 23, i32 30" [top.cpp:147]   --->   Operation 169 'partselect' 'tmp_7' <Predicate = (and_ln143)> <Delay = 0.00>
ST_20 : Operation 170 [1/1] (0.00ns)   --->   "%trunc_ln147_3 = trunc i32 %bitcast_ln147_3" [top.cpp:147]   --->   Operation 170 'trunc' 'trunc_ln147_3' <Predicate = (and_ln143)> <Delay = 0.00>
ST_20 : Operation 171 [1/1] (0.90ns)   --->   "%icmp_ln147_4 = icmp_ne  i8 %tmp_6, i8 255" [top.cpp:147]   --->   Operation 171 'icmp' 'icmp_ln147_4' <Predicate = (and_ln143)> <Delay = 0.90> <CoreInst = "Cmp">   --->   Core 9 'Cmp' <Latency = 0> <II = 1> <Delay = 0.90> <FuncUnit> <Opcode : 'seteq' 'setne' 'setle' 'setge' 'setlt' 'setgt'> <InPorts = 2> <OutPorts = 1>
ST_20 : Operation 172 [1/1] (1.09ns)   --->   "%icmp_ln147_5 = icmp_eq  i23 %trunc_ln147_2, i23 0" [top.cpp:147]   --->   Operation 172 'icmp' 'icmp_ln147_5' <Predicate = (and_ln143)> <Delay = 1.09> <CoreInst = "Cmp">   --->   Core 9 'Cmp' <Latency = 0> <II = 1> <Delay = 1.09> <FuncUnit> <Opcode : 'seteq' 'setne' 'setle' 'setge' 'setlt' 'setgt'> <InPorts = 2> <OutPorts = 1>
ST_20 : Operation 173 [1/1] (0.00ns) (grouped into LUT with out node and_ln147_3)   --->   "%or_ln147_2 = or i1 %icmp_ln147_5, i1 %icmp_ln147_4" [top.cpp:147]   --->   Operation 173 'or' 'or_ln147_2' <Predicate = (and_ln143)> <Delay = 0.00> <CoreInst = "LogicGate">   --->   Core 74 'LogicGate' <Latency = 0> <II = 1> <Delay = 0.33> <FuncUnit> <Opcode : 'and' 'or' 'xor'> <InPorts = 2> <OutPorts = 1>
ST_20 : Operation 174 [1/1] (0.90ns)   --->   "%icmp_ln147_6 = icmp_ne  i8 %tmp_7, i8 255" [top.cpp:147]   --->   Operation 174 'icmp' 'icmp_ln147_6' <Predicate = (and_ln143)> <Delay = 0.90> <CoreInst = "Cmp">   --->   Core 9 'Cmp' <Latency = 0> <II = 1> <Delay = 0.90> <FuncUnit> <Opcode : 'seteq' 'setne' 'setle' 'setge' 'setlt' 'setgt'> <InPorts = 2> <OutPorts = 1>
ST_20 : Operation 175 [1/1] (1.09ns)   --->   "%icmp_ln147_7 = icmp_eq  i23 %trunc_ln147_3, i23 0" [top.cpp:147]   --->   Operation 175 'icmp' 'icmp_ln147_7' <Predicate = (and_ln143)> <Delay = 1.09> <CoreInst = "Cmp">   --->   Core 9 'Cmp' <Latency = 0> <II = 1> <Delay = 1.09> <FuncUnit> <Opcode : 'seteq' 'setne' 'setle' 'setge' 'setlt' 'setgt'> <InPorts = 2> <OutPorts = 1>
ST_20 : Operation 176 [1/1] (0.00ns) (grouped into LUT with out node and_ln147_3)   --->   "%or_ln147_3 = or i1 %icmp_ln147_7, i1 %icmp_ln147_6" [top.cpp:147]   --->   Operation 176 'or' 'or_ln147_3' <Predicate = (and_ln143)> <Delay = 0.00> <CoreInst = "LogicGate">   --->   Core 74 'LogicGate' <Latency = 0> <II = 1> <Delay = 0.33> <FuncUnit> <Opcode : 'and' 'or' 'xor'> <InPorts = 2> <OutPorts = 1>
ST_20 : Operation 177 [1/1] (0.00ns) (grouped into LUT with out node and_ln147_3)   --->   "%and_ln147_2 = and i1 %or_ln147_2, i1 %or_ln147_3" [top.cpp:147]   --->   Operation 177 'and' 'and_ln147_2' <Predicate = (and_ln143)> <Delay = 0.00> <CoreInst = "LogicGate">   --->   Core 74 'LogicGate' <Latency = 0> <II = 1> <Delay = 0.33> <FuncUnit> <Opcode : 'and' 'or' 'xor'> <InPorts = 2> <OutPorts = 1>
ST_20 : Operation 178 [1/1] (0.33ns) (out node of the LUT)   --->   "%and_ln147_3 = and i1 %and_ln147_2, i1 %tmp_8" [top.cpp:147]   --->   Operation 178 'and' 'and_ln147_3' <Predicate = (and_ln143)> <Delay = 0.33> <CoreInst = "LogicGate">   --->   Core 74 'LogicGate' <Latency = 0> <II = 1> <Delay = 0.33> <FuncUnit> <Opcode : 'and' 'or' 'xor'> <InPorts = 2> <OutPorts = 1>
ST_20 : Operation 179 [1/1] (0.52ns)   --->   "%m_18 = select i1 %and_ln147_3, i32 %m_17, i32 %m_15" [top.cpp:147]   --->   Operation 179 'select' 'm_18' <Predicate = (and_ln143)> <Delay = 0.52> <CoreInst = "Sel">   --->   Core 73 'Sel' <Latency = 0> <II = 1> <Delay = 0.52> <FuncUnit> <Opcode : 'select'> <InPorts = 3> <OutPorts = 1>
ST_20 : Operation 180 [1/10] (2.79ns)   --->   "%m_7_add = fadd i32 %m_7_load, i32 0"   --->   Operation 180 'fadd' 'm_7_add' <Predicate = true> <Delay = 2.79> <CoreInst = "FAddSub_fulldsp">   --->   Core 18 'FAddSub_fulldsp' <Latency = 9> <II = 1> <Delay = 2.79> <FuncUnit> <Opcode : 'fadd' 'fsub'> <InPorts = 2> <OutPorts = 1>

State 21 <SV = 20> <Delay = 2.79>
ST_21 : Operation 181 [1/1] (0.00ns)   --->   "%m_5_load_1 = load i32 %m_5" [top.cpp:147]   --->   Operation 181 'load' 'm_5_load_1' <Predicate = (and_ln143)> <Delay = 0.00>
ST_21 : Operation 182 [3/3] (2.79ns)   --->   "%tmp_11 = fcmp_olt  i32 %m_5_load_1, i32 %m_18" [top.cpp:147]   --->   Operation 182 'fcmp' 'tmp_11' <Predicate = (and_ln143)> <Delay = 2.79> <CoreInst = "FCompare">   --->   Core 19 'FCompare' <Latency = 2> <II = 1> <Delay = 2.79> <FuncUnit> <Opcode : 'fcmp'> <InPorts = 2> <OutPorts = 1>
ST_21 : Operation 183 [1/1] (0.48ns)   --->   "%store_ln144 = store i32 %m_7_add, i32 %m_5" [top.cpp:144]   --->   Operation 183 'store' 'store_ln144' <Predicate = true> <Delay = 0.48>

State 22 <SV = 21> <Delay = 2.79>
ST_22 : Operation 184 [2/3] (2.79ns)   --->   "%tmp_11 = fcmp_olt  i32 %m_5_load_1, i32 %m_18" [top.cpp:147]   --->   Operation 184 'fcmp' 'tmp_11' <Predicate = (and_ln143)> <Delay = 2.79> <CoreInst = "FCompare">   --->   Core 19 'FCompare' <Latency = 2> <II = 1> <Delay = 2.79> <FuncUnit> <Opcode : 'fcmp'> <InPorts = 2> <OutPorts = 1>

State 23 <SV = 22> <Delay = 2.79>
ST_23 : Operation 185 [1/1] (0.00ns)   --->   "%m_13_load_2 = load i32 %m_13" [top.cpp:147]   --->   Operation 185 'load' 'm_13_load_2' <Predicate = (and_ln143)> <Delay = 0.00>
ST_23 : Operation 186 [1/3] (2.79ns)   --->   "%tmp_11 = fcmp_olt  i32 %m_5_load_1, i32 %m_18" [top.cpp:147]   --->   Operation 186 'fcmp' 'tmp_11' <Predicate = (and_ln143)> <Delay = 2.79> <CoreInst = "FCompare">   --->   Core 19 'FCompare' <Latency = 2> <II = 1> <Delay = 2.79> <FuncUnit> <Opcode : 'fcmp'> <InPorts = 2> <OutPorts = 1>
ST_23 : Operation 187 [1/1] (0.00ns)   --->   "%m_13_load = load i32 %m_13"   --->   Operation 187 'load' 'm_13_load' <Predicate = true> <Delay = 0.00>
ST_23 : Operation 188 [10/10] (2.79ns)   --->   "%m_13_add = fadd i32 %m_13_load, i32 0"   --->   Operation 188 'fadd' 'm_13_add' <Predicate = true> <Delay = 2.79> <CoreInst = "FAddSub_fulldsp">   --->   Core 18 'FAddSub_fulldsp' <Latency = 9> <II = 1> <Delay = 2.79> <FuncUnit> <Opcode : 'fadd' 'fsub'> <InPorts = 2> <OutPorts = 1>
ST_23 : Operation 189 [1/1] (0.48ns)   --->   "%store_ln144 = store i32 %m_25, i32 %m_13" [top.cpp:144]   --->   Operation 189 'store' 'store_ln144' <Predicate = true> <Delay = 0.48>

State 24 <SV = 23> <Delay = 2.79>
ST_24 : Operation 190 [1/1] (0.00ns)   --->   "%bitcast_ln147_4 = bitcast i32 %m_5_load_1" [top.cpp:147]   --->   Operation 190 'bitcast' 'bitcast_ln147_4' <Predicate = (and_ln143)> <Delay = 0.00>
ST_24 : Operation 191 [1/1] (0.00ns)   --->   "%tmp_9 = partselect i8 @_ssdm_op_PartSelect.i8.i32.i32.i32, i32 %bitcast_ln147_4, i32 23, i32 30" [top.cpp:147]   --->   Operation 191 'partselect' 'tmp_9' <Predicate = (and_ln143)> <Delay = 0.00>
ST_24 : Operation 192 [1/1] (0.00ns)   --->   "%trunc_ln147_4 = trunc i32 %bitcast_ln147_4" [top.cpp:147]   --->   Operation 192 'trunc' 'trunc_ln147_4' <Predicate = (and_ln143)> <Delay = 0.00>
ST_24 : Operation 193 [1/1] (0.00ns)   --->   "%bitcast_ln147_5 = bitcast i32 %m_18" [top.cpp:147]   --->   Operation 193 'bitcast' 'bitcast_ln147_5' <Predicate = (and_ln143)> <Delay = 0.00>
ST_24 : Operation 194 [1/1] (0.00ns)   --->   "%tmp_10 = partselect i8 @_ssdm_op_PartSelect.i8.i32.i32.i32, i32 %bitcast_ln147_5, i32 23, i32 30" [top.cpp:147]   --->   Operation 194 'partselect' 'tmp_10' <Predicate = (and_ln143)> <Delay = 0.00>
ST_24 : Operation 195 [1/1] (0.00ns)   --->   "%trunc_ln147_5 = trunc i32 %bitcast_ln147_5" [top.cpp:147]   --->   Operation 195 'trunc' 'trunc_ln147_5' <Predicate = (and_ln143)> <Delay = 0.00>
ST_24 : Operation 196 [1/1] (0.90ns)   --->   "%icmp_ln147_8 = icmp_ne  i8 %tmp_9, i8 255" [top.cpp:147]   --->   Operation 196 'icmp' 'icmp_ln147_8' <Predicate = (and_ln143)> <Delay = 0.90> <CoreInst = "Cmp">   --->   Core 9 'Cmp' <Latency = 0> <II = 1> <Delay = 0.90> <FuncUnit> <Opcode : 'seteq' 'setne' 'setle' 'setge' 'setlt' 'setgt'> <InPorts = 2> <OutPorts = 1>
ST_24 : Operation 197 [1/1] (1.09ns)   --->   "%icmp_ln147_9 = icmp_eq  i23 %trunc_ln147_4, i23 0" [top.cpp:147]   --->   Operation 197 'icmp' 'icmp_ln147_9' <Predicate = (and_ln143)> <Delay = 1.09> <CoreInst = "Cmp">   --->   Core 9 'Cmp' <Latency = 0> <II = 1> <Delay = 1.09> <FuncUnit> <Opcode : 'seteq' 'setne' 'setle' 'setge' 'setlt' 'setgt'> <InPorts = 2> <OutPorts = 1>
ST_24 : Operation 198 [1/1] (0.00ns) (grouped into LUT with out node and_ln147_5)   --->   "%or_ln147_4 = or i1 %icmp_ln147_9, i1 %icmp_ln147_8" [top.cpp:147]   --->   Operation 198 'or' 'or_ln147_4' <Predicate = (and_ln143)> <Delay = 0.00> <CoreInst = "LogicGate">   --->   Core 74 'LogicGate' <Latency = 0> <II = 1> <Delay = 0.33> <FuncUnit> <Opcode : 'and' 'or' 'xor'> <InPorts = 2> <OutPorts = 1>
ST_24 : Operation 199 [1/1] (0.90ns)   --->   "%icmp_ln147_10 = icmp_ne  i8 %tmp_10, i8 255" [top.cpp:147]   --->   Operation 199 'icmp' 'icmp_ln147_10' <Predicate = (and_ln143)> <Delay = 0.90> <CoreInst = "Cmp">   --->   Core 9 'Cmp' <Latency = 0> <II = 1> <Delay = 0.90> <FuncUnit> <Opcode : 'seteq' 'setne' 'setle' 'setge' 'setlt' 'setgt'> <InPorts = 2> <OutPorts = 1>
ST_24 : Operation 200 [1/1] (1.09ns)   --->   "%icmp_ln147_11 = icmp_eq  i23 %trunc_ln147_5, i23 0" [top.cpp:147]   --->   Operation 200 'icmp' 'icmp_ln147_11' <Predicate = (and_ln143)> <Delay = 1.09> <CoreInst = "Cmp">   --->   Core 9 'Cmp' <Latency = 0> <II = 1> <Delay = 1.09> <FuncUnit> <Opcode : 'seteq' 'setne' 'setle' 'setge' 'setlt' 'setgt'> <InPorts = 2> <OutPorts = 1>
ST_24 : Operation 201 [1/1] (0.00ns) (grouped into LUT with out node and_ln147_5)   --->   "%or_ln147_5 = or i1 %icmp_ln147_11, i1 %icmp_ln147_10" [top.cpp:147]   --->   Operation 201 'or' 'or_ln147_5' <Predicate = (and_ln143)> <Delay = 0.00> <CoreInst = "LogicGate">   --->   Core 74 'LogicGate' <Latency = 0> <II = 1> <Delay = 0.33> <FuncUnit> <Opcode : 'and' 'or' 'xor'> <InPorts = 2> <OutPorts = 1>
ST_24 : Operation 202 [1/1] (0.00ns) (grouped into LUT with out node and_ln147_5)   --->   "%and_ln147_4 = and i1 %or_ln147_4, i1 %or_ln147_5" [top.cpp:147]   --->   Operation 202 'and' 'and_ln147_4' <Predicate = (and_ln143)> <Delay = 0.00> <CoreInst = "LogicGate">   --->   Core 74 'LogicGate' <Latency = 0> <II = 1> <Delay = 0.33> <FuncUnit> <Opcode : 'and' 'or' 'xor'> <InPorts = 2> <OutPorts = 1>
ST_24 : Operation 203 [1/1] (0.33ns) (out node of the LUT)   --->   "%and_ln147_5 = and i1 %and_ln147_4, i1 %tmp_11" [top.cpp:147]   --->   Operation 203 'and' 'and_ln147_5' <Predicate = (and_ln143)> <Delay = 0.33> <CoreInst = "LogicGate">   --->   Core 74 'LogicGate' <Latency = 0> <II = 1> <Delay = 0.33> <FuncUnit> <Opcode : 'and' 'or' 'xor'> <InPorts = 2> <OutPorts = 1>
ST_24 : Operation 204 [1/1] (0.52ns) (out node of the LUT)   --->   "%m_19 = select i1 %and_ln147_5, i32 %m_5_load_1, i32 %m_18" [top.cpp:147]   --->   Operation 204 'select' 'm_19' <Predicate = (and_ln143)> <Delay = 0.52> <CoreInst = "Sel">   --->   Core 73 'Sel' <Latency = 0> <II = 1> <Delay = 0.52> <FuncUnit> <Opcode : 'select'> <InPorts = 3> <OutPorts = 1>
ST_24 : Operation 205 [9/10] (2.79ns)   --->   "%m_13_add = fadd i32 %m_13_load, i32 0"   --->   Operation 205 'fadd' 'm_13_add' <Predicate = true> <Delay = 2.79> <CoreInst = "FAddSub_fulldsp">   --->   Core 18 'FAddSub_fulldsp' <Latency = 9> <II = 1> <Delay = 2.79> <FuncUnit> <Opcode : 'fadd' 'fsub'> <InPorts = 2> <OutPorts = 1>

State 25 <SV = 24> <Delay = 2.79>
ST_25 : Operation 206 [3/3] (2.79ns)   --->   "%tmp_14 = fcmp_olt  i32 %m_7_load_2, i32 %m_19" [top.cpp:147]   --->   Operation 206 'fcmp' 'tmp_14' <Predicate = (and_ln143)> <Delay = 2.79> <CoreInst = "FCompare">   --->   Core 19 'FCompare' <Latency = 2> <II = 1> <Delay = 2.79> <FuncUnit> <Opcode : 'fcmp'> <InPorts = 2> <OutPorts = 1>
ST_25 : Operation 207 [8/10] (2.79ns)   --->   "%m_13_add = fadd i32 %m_13_load, i32 0"   --->   Operation 207 'fadd' 'm_13_add' <Predicate = true> <Delay = 2.79> <CoreInst = "FAddSub_fulldsp">   --->   Core 18 'FAddSub_fulldsp' <Latency = 9> <II = 1> <Delay = 2.79> <FuncUnit> <Opcode : 'fadd' 'fsub'> <InPorts = 2> <OutPorts = 1>

State 26 <SV = 25> <Delay = 2.79>
ST_26 : Operation 208 [2/3] (2.79ns)   --->   "%tmp_14 = fcmp_olt  i32 %m_7_load_2, i32 %m_19" [top.cpp:147]   --->   Operation 208 'fcmp' 'tmp_14' <Predicate = (and_ln143)> <Delay = 2.79> <CoreInst = "FCompare">   --->   Core 19 'FCompare' <Latency = 2> <II = 1> <Delay = 2.79> <FuncUnit> <Opcode : 'fcmp'> <InPorts = 2> <OutPorts = 1>
ST_26 : Operation 209 [7/10] (2.79ns)   --->   "%m_13_add = fadd i32 %m_13_load, i32 0"   --->   Operation 209 'fadd' 'm_13_add' <Predicate = true> <Delay = 2.79> <CoreInst = "FAddSub_fulldsp">   --->   Core 18 'FAddSub_fulldsp' <Latency = 9> <II = 1> <Delay = 2.79> <FuncUnit> <Opcode : 'fadd' 'fsub'> <InPorts = 2> <OutPorts = 1>

State 27 <SV = 26> <Delay = 2.79>
ST_27 : Operation 210 [1/3] (2.79ns)   --->   "%tmp_14 = fcmp_olt  i32 %m_7_load_2, i32 %m_19" [top.cpp:147]   --->   Operation 210 'fcmp' 'tmp_14' <Predicate = (and_ln143)> <Delay = 2.79> <CoreInst = "FCompare">   --->   Core 19 'FCompare' <Latency = 2> <II = 1> <Delay = 2.79> <FuncUnit> <Opcode : 'fcmp'> <InPorts = 2> <OutPorts = 1>
ST_27 : Operation 211 [6/10] (2.79ns)   --->   "%m_13_add = fadd i32 %m_13_load, i32 0"   --->   Operation 211 'fadd' 'm_13_add' <Predicate = true> <Delay = 2.79> <CoreInst = "FAddSub_fulldsp">   --->   Core 18 'FAddSub_fulldsp' <Latency = 9> <II = 1> <Delay = 2.79> <FuncUnit> <Opcode : 'fadd' 'fsub'> <InPorts = 2> <OutPorts = 1>

State 28 <SV = 27> <Delay = 2.79>
ST_28 : Operation 212 [1/1] (0.00ns)   --->   "%bitcast_ln147_6 = bitcast i32 %m_7_load_2" [top.cpp:147]   --->   Operation 212 'bitcast' 'bitcast_ln147_6' <Predicate = (and_ln143)> <Delay = 0.00>
ST_28 : Operation 213 [1/1] (0.00ns)   --->   "%tmp_12 = partselect i8 @_ssdm_op_PartSelect.i8.i32.i32.i32, i32 %bitcast_ln147_6, i32 23, i32 30" [top.cpp:147]   --->   Operation 213 'partselect' 'tmp_12' <Predicate = (and_ln143)> <Delay = 0.00>
ST_28 : Operation 214 [1/1] (0.00ns)   --->   "%trunc_ln147_6 = trunc i32 %bitcast_ln147_6" [top.cpp:147]   --->   Operation 214 'trunc' 'trunc_ln147_6' <Predicate = (and_ln143)> <Delay = 0.00>
ST_28 : Operation 215 [1/1] (0.00ns)   --->   "%bitcast_ln147_7 = bitcast i32 %m_19" [top.cpp:147]   --->   Operation 215 'bitcast' 'bitcast_ln147_7' <Predicate = (and_ln143)> <Delay = 0.00>
ST_28 : Operation 216 [1/1] (0.00ns)   --->   "%tmp_13 = partselect i8 @_ssdm_op_PartSelect.i8.i32.i32.i32, i32 %bitcast_ln147_7, i32 23, i32 30" [top.cpp:147]   --->   Operation 216 'partselect' 'tmp_13' <Predicate = (and_ln143)> <Delay = 0.00>
ST_28 : Operation 217 [1/1] (0.00ns)   --->   "%trunc_ln147_7 = trunc i32 %bitcast_ln147_7" [top.cpp:147]   --->   Operation 217 'trunc' 'trunc_ln147_7' <Predicate = (and_ln143)> <Delay = 0.00>
ST_28 : Operation 218 [1/1] (0.90ns)   --->   "%icmp_ln147_12 = icmp_ne  i8 %tmp_12, i8 255" [top.cpp:147]   --->   Operation 218 'icmp' 'icmp_ln147_12' <Predicate = (and_ln143)> <Delay = 0.90> <CoreInst = "Cmp">   --->   Core 9 'Cmp' <Latency = 0> <II = 1> <Delay = 0.90> <FuncUnit> <Opcode : 'seteq' 'setne' 'setle' 'setge' 'setlt' 'setgt'> <InPorts = 2> <OutPorts = 1>
ST_28 : Operation 219 [1/1] (1.09ns)   --->   "%icmp_ln147_13 = icmp_eq  i23 %trunc_ln147_6, i23 0" [top.cpp:147]   --->   Operation 219 'icmp' 'icmp_ln147_13' <Predicate = (and_ln143)> <Delay = 1.09> <CoreInst = "Cmp">   --->   Core 9 'Cmp' <Latency = 0> <II = 1> <Delay = 1.09> <FuncUnit> <Opcode : 'seteq' 'setne' 'setle' 'setge' 'setlt' 'setgt'> <InPorts = 2> <OutPorts = 1>
ST_28 : Operation 220 [1/1] (0.00ns) (grouped into LUT with out node and_ln147_7)   --->   "%or_ln147_6 = or i1 %icmp_ln147_13, i1 %icmp_ln147_12" [top.cpp:147]   --->   Operation 220 'or' 'or_ln147_6' <Predicate = (and_ln143)> <Delay = 0.00> <CoreInst = "LogicGate">   --->   Core 74 'LogicGate' <Latency = 0> <II = 1> <Delay = 0.33> <FuncUnit> <Opcode : 'and' 'or' 'xor'> <InPorts = 2> <OutPorts = 1>
ST_28 : Operation 221 [1/1] (0.90ns)   --->   "%icmp_ln147_14 = icmp_ne  i8 %tmp_13, i8 255" [top.cpp:147]   --->   Operation 221 'icmp' 'icmp_ln147_14' <Predicate = (and_ln143)> <Delay = 0.90> <CoreInst = "Cmp">   --->   Core 9 'Cmp' <Latency = 0> <II = 1> <Delay = 0.90> <FuncUnit> <Opcode : 'seteq' 'setne' 'setle' 'setge' 'setlt' 'setgt'> <InPorts = 2> <OutPorts = 1>
ST_28 : Operation 222 [1/1] (1.09ns)   --->   "%icmp_ln147_15 = icmp_eq  i23 %trunc_ln147_7, i23 0" [top.cpp:147]   --->   Operation 222 'icmp' 'icmp_ln147_15' <Predicate = (and_ln143)> <Delay = 1.09> <CoreInst = "Cmp">   --->   Core 9 'Cmp' <Latency = 0> <II = 1> <Delay = 1.09> <FuncUnit> <Opcode : 'seteq' 'setne' 'setle' 'setge' 'setlt' 'setgt'> <InPorts = 2> <OutPorts = 1>
ST_28 : Operation 223 [1/1] (0.00ns) (grouped into LUT with out node and_ln147_7)   --->   "%or_ln147_7 = or i1 %icmp_ln147_15, i1 %icmp_ln147_14" [top.cpp:147]   --->   Operation 223 'or' 'or_ln147_7' <Predicate = (and_ln143)> <Delay = 0.00> <CoreInst = "LogicGate">   --->   Core 74 'LogicGate' <Latency = 0> <II = 1> <Delay = 0.33> <FuncUnit> <Opcode : 'and' 'or' 'xor'> <InPorts = 2> <OutPorts = 1>
ST_28 : Operation 224 [1/1] (0.00ns) (grouped into LUT with out node and_ln147_7)   --->   "%and_ln147_6 = and i1 %or_ln147_6, i1 %or_ln147_7" [top.cpp:147]   --->   Operation 224 'and' 'and_ln147_6' <Predicate = (and_ln143)> <Delay = 0.00> <CoreInst = "LogicGate">   --->   Core 74 'LogicGate' <Latency = 0> <II = 1> <Delay = 0.33> <FuncUnit> <Opcode : 'and' 'or' 'xor'> <InPorts = 2> <OutPorts = 1>
ST_28 : Operation 225 [1/1] (0.33ns) (out node of the LUT)   --->   "%and_ln147_7 = and i1 %and_ln147_6, i1 %tmp_14" [top.cpp:147]   --->   Operation 225 'and' 'and_ln147_7' <Predicate = (and_ln143)> <Delay = 0.33> <CoreInst = "LogicGate">   --->   Core 74 'LogicGate' <Latency = 0> <II = 1> <Delay = 0.33> <FuncUnit> <Opcode : 'and' 'or' 'xor'> <InPorts = 2> <OutPorts = 1>
ST_28 : Operation 226 [1/1] (0.52ns) (out node of the LUT)   --->   "%m_20 = select i1 %and_ln147_7, i32 %m_7_load_2, i32 %m_19" [top.cpp:147]   --->   Operation 226 'select' 'm_20' <Predicate = (and_ln143)> <Delay = 0.52> <CoreInst = "Sel">   --->   Core 73 'Sel' <Latency = 0> <II = 1> <Delay = 0.52> <FuncUnit> <Opcode : 'select'> <InPorts = 3> <OutPorts = 1>
ST_28 : Operation 227 [5/10] (2.79ns)   --->   "%m_13_add = fadd i32 %m_13_load, i32 0"   --->   Operation 227 'fadd' 'm_13_add' <Predicate = true> <Delay = 2.79> <CoreInst = "FAddSub_fulldsp">   --->   Core 18 'FAddSub_fulldsp' <Latency = 9> <II = 1> <Delay = 2.79> <FuncUnit> <Opcode : 'fadd' 'fsub'> <InPorts = 2> <OutPorts = 1>

State 29 <SV = 28> <Delay = 2.79>
ST_29 : Operation 228 [3/3] (2.79ns)   --->   "%tmp_17 = fcmp_olt  i32 %m_21, i32 %m_20" [top.cpp:147]   --->   Operation 228 'fcmp' 'tmp_17' <Predicate = (and_ln143)> <Delay = 2.79> <CoreInst = "FCompare">   --->   Core 19 'FCompare' <Latency = 2> <II = 1> <Delay = 2.79> <FuncUnit> <Opcode : 'fcmp'> <InPorts = 2> <OutPorts = 1>
ST_29 : Operation 229 [4/10] (2.79ns)   --->   "%m_13_add = fadd i32 %m_13_load, i32 0"   --->   Operation 229 'fadd' 'm_13_add' <Predicate = true> <Delay = 2.79> <CoreInst = "FAddSub_fulldsp">   --->   Core 18 'FAddSub_fulldsp' <Latency = 9> <II = 1> <Delay = 2.79> <FuncUnit> <Opcode : 'fadd' 'fsub'> <InPorts = 2> <OutPorts = 1>

State 30 <SV = 29> <Delay = 2.79>
ST_30 : Operation 230 [2/3] (2.79ns)   --->   "%tmp_17 = fcmp_olt  i32 %m_21, i32 %m_20" [top.cpp:147]   --->   Operation 230 'fcmp' 'tmp_17' <Predicate = (and_ln143)> <Delay = 2.79> <CoreInst = "FCompare">   --->   Core 19 'FCompare' <Latency = 2> <II = 1> <Delay = 2.79> <FuncUnit> <Opcode : 'fcmp'> <InPorts = 2> <OutPorts = 1>
ST_30 : Operation 231 [3/10] (2.79ns)   --->   "%m_13_add = fadd i32 %m_13_load, i32 0"   --->   Operation 231 'fadd' 'm_13_add' <Predicate = true> <Delay = 2.79> <CoreInst = "FAddSub_fulldsp">   --->   Core 18 'FAddSub_fulldsp' <Latency = 9> <II = 1> <Delay = 2.79> <FuncUnit> <Opcode : 'fadd' 'fsub'> <InPorts = 2> <OutPorts = 1>

State 31 <SV = 30> <Delay = 2.79>
ST_31 : Operation 232 [1/3] (2.79ns)   --->   "%tmp_17 = fcmp_olt  i32 %m_21, i32 %m_20" [top.cpp:147]   --->   Operation 232 'fcmp' 'tmp_17' <Predicate = (and_ln143)> <Delay = 2.79> <CoreInst = "FCompare">   --->   Core 19 'FCompare' <Latency = 2> <II = 1> <Delay = 2.79> <FuncUnit> <Opcode : 'fcmp'> <InPorts = 2> <OutPorts = 1>
ST_31 : Operation 233 [2/10] (2.79ns)   --->   "%m_13_add = fadd i32 %m_13_load, i32 0"   --->   Operation 233 'fadd' 'm_13_add' <Predicate = true> <Delay = 2.79> <CoreInst = "FAddSub_fulldsp">   --->   Core 18 'FAddSub_fulldsp' <Latency = 9> <II = 1> <Delay = 2.79> <FuncUnit> <Opcode : 'fadd' 'fsub'> <InPorts = 2> <OutPorts = 1>

State 32 <SV = 31> <Delay = 2.79>
ST_32 : Operation 234 [1/1] (0.00ns)   --->   "%bitcast_ln147_8 = bitcast i32 %m_21" [top.cpp:147]   --->   Operation 234 'bitcast' 'bitcast_ln147_8' <Predicate = (and_ln143)> <Delay = 0.00>
ST_32 : Operation 235 [1/1] (0.00ns)   --->   "%tmp_15 = partselect i8 @_ssdm_op_PartSelect.i8.i32.i32.i32, i32 %bitcast_ln147_8, i32 23, i32 30" [top.cpp:147]   --->   Operation 235 'partselect' 'tmp_15' <Predicate = (and_ln143)> <Delay = 0.00>
ST_32 : Operation 236 [1/1] (0.00ns)   --->   "%trunc_ln147_8 = trunc i32 %bitcast_ln147_8" [top.cpp:147]   --->   Operation 236 'trunc' 'trunc_ln147_8' <Predicate = (and_ln143)> <Delay = 0.00>
ST_32 : Operation 237 [1/1] (0.00ns)   --->   "%bitcast_ln147_9 = bitcast i32 %m_20" [top.cpp:147]   --->   Operation 237 'bitcast' 'bitcast_ln147_9' <Predicate = (and_ln143)> <Delay = 0.00>
ST_32 : Operation 238 [1/1] (0.00ns)   --->   "%tmp_16 = partselect i8 @_ssdm_op_PartSelect.i8.i32.i32.i32, i32 %bitcast_ln147_9, i32 23, i32 30" [top.cpp:147]   --->   Operation 238 'partselect' 'tmp_16' <Predicate = (and_ln143)> <Delay = 0.00>
ST_32 : Operation 239 [1/1] (0.00ns)   --->   "%trunc_ln147_9 = trunc i32 %bitcast_ln147_9" [top.cpp:147]   --->   Operation 239 'trunc' 'trunc_ln147_9' <Predicate = (and_ln143)> <Delay = 0.00>
ST_32 : Operation 240 [1/1] (0.90ns)   --->   "%icmp_ln147_16 = icmp_ne  i8 %tmp_15, i8 255" [top.cpp:147]   --->   Operation 240 'icmp' 'icmp_ln147_16' <Predicate = (and_ln143)> <Delay = 0.90> <CoreInst = "Cmp">   --->   Core 9 'Cmp' <Latency = 0> <II = 1> <Delay = 0.90> <FuncUnit> <Opcode : 'seteq' 'setne' 'setle' 'setge' 'setlt' 'setgt'> <InPorts = 2> <OutPorts = 1>
ST_32 : Operation 241 [1/1] (1.09ns)   --->   "%icmp_ln147_17 = icmp_eq  i23 %trunc_ln147_8, i23 0" [top.cpp:147]   --->   Operation 241 'icmp' 'icmp_ln147_17' <Predicate = (and_ln143)> <Delay = 1.09> <CoreInst = "Cmp">   --->   Core 9 'Cmp' <Latency = 0> <II = 1> <Delay = 1.09> <FuncUnit> <Opcode : 'seteq' 'setne' 'setle' 'setge' 'setlt' 'setgt'> <InPorts = 2> <OutPorts = 1>
ST_32 : Operation 242 [1/1] (0.00ns) (grouped into LUT with out node and_ln147_9)   --->   "%or_ln147_8 = or i1 %icmp_ln147_17, i1 %icmp_ln147_16" [top.cpp:147]   --->   Operation 242 'or' 'or_ln147_8' <Predicate = (and_ln143)> <Delay = 0.00> <CoreInst = "LogicGate">   --->   Core 74 'LogicGate' <Latency = 0> <II = 1> <Delay = 0.33> <FuncUnit> <Opcode : 'and' 'or' 'xor'> <InPorts = 2> <OutPorts = 1>
ST_32 : Operation 243 [1/1] (0.90ns)   --->   "%icmp_ln147_18 = icmp_ne  i8 %tmp_16, i8 255" [top.cpp:147]   --->   Operation 243 'icmp' 'icmp_ln147_18' <Predicate = (and_ln143)> <Delay = 0.90> <CoreInst = "Cmp">   --->   Core 9 'Cmp' <Latency = 0> <II = 1> <Delay = 0.90> <FuncUnit> <Opcode : 'seteq' 'setne' 'setle' 'setge' 'setlt' 'setgt'> <InPorts = 2> <OutPorts = 1>
ST_32 : Operation 244 [1/1] (1.09ns)   --->   "%icmp_ln147_19 = icmp_eq  i23 %trunc_ln147_9, i23 0" [top.cpp:147]   --->   Operation 244 'icmp' 'icmp_ln147_19' <Predicate = (and_ln143)> <Delay = 1.09> <CoreInst = "Cmp">   --->   Core 9 'Cmp' <Latency = 0> <II = 1> <Delay = 1.09> <FuncUnit> <Opcode : 'seteq' 'setne' 'setle' 'setge' 'setlt' 'setgt'> <InPorts = 2> <OutPorts = 1>
ST_32 : Operation 245 [1/1] (0.00ns) (grouped into LUT with out node and_ln147_9)   --->   "%or_ln147_9 = or i1 %icmp_ln147_19, i1 %icmp_ln147_18" [top.cpp:147]   --->   Operation 245 'or' 'or_ln147_9' <Predicate = (and_ln143)> <Delay = 0.00> <CoreInst = "LogicGate">   --->   Core 74 'LogicGate' <Latency = 0> <II = 1> <Delay = 0.33> <FuncUnit> <Opcode : 'and' 'or' 'xor'> <InPorts = 2> <OutPorts = 1>
ST_32 : Operation 246 [1/1] (0.00ns) (grouped into LUT with out node and_ln147_9)   --->   "%and_ln147_8 = and i1 %or_ln147_8, i1 %or_ln147_9" [top.cpp:147]   --->   Operation 246 'and' 'and_ln147_8' <Predicate = (and_ln143)> <Delay = 0.00> <CoreInst = "LogicGate">   --->   Core 74 'LogicGate' <Latency = 0> <II = 1> <Delay = 0.33> <FuncUnit> <Opcode : 'and' 'or' 'xor'> <InPorts = 2> <OutPorts = 1>
ST_32 : Operation 247 [1/1] (0.33ns) (out node of the LUT)   --->   "%and_ln147_9 = and i1 %and_ln147_8, i1 %tmp_17" [top.cpp:147]   --->   Operation 247 'and' 'and_ln147_9' <Predicate = (and_ln143)> <Delay = 0.33> <CoreInst = "LogicGate">   --->   Core 74 'LogicGate' <Latency = 0> <II = 1> <Delay = 0.33> <FuncUnit> <Opcode : 'and' 'or' 'xor'> <InPorts = 2> <OutPorts = 1>
ST_32 : Operation 248 [1/1] (0.52ns)   --->   "%m_22 = select i1 %and_ln147_9, i32 %m_21, i32 %m_20" [top.cpp:147]   --->   Operation 248 'select' 'm_22' <Predicate = (and_ln143)> <Delay = 0.52> <CoreInst = "Sel">   --->   Core 73 'Sel' <Latency = 0> <II = 1> <Delay = 0.52> <FuncUnit> <Opcode : 'select'> <InPorts = 3> <OutPorts = 1>
ST_32 : Operation 249 [1/10] (2.79ns)   --->   "%m_13_add = fadd i32 %m_13_load, i32 0"   --->   Operation 249 'fadd' 'm_13_add' <Predicate = true> <Delay = 2.79> <CoreInst = "FAddSub_fulldsp">   --->   Core 18 'FAddSub_fulldsp' <Latency = 9> <II = 1> <Delay = 2.79> <FuncUnit> <Opcode : 'fadd' 'fsub'> <InPorts = 2> <OutPorts = 1>

State 33 <SV = 32> <Delay = 2.79>
ST_33 : Operation 250 [1/1] (0.00ns)   --->   "%m_11_load_1 = load i32 %m_11" [top.cpp:147]   --->   Operation 250 'load' 'm_11_load_1' <Predicate = (and_ln143)> <Delay = 0.00>
ST_33 : Operation 251 [3/3] (2.79ns)   --->   "%tmp_20 = fcmp_olt  i32 %m_11_load_1, i32 %m_22" [top.cpp:147]   --->   Operation 251 'fcmp' 'tmp_20' <Predicate = (and_ln143)> <Delay = 2.79> <CoreInst = "FCompare">   --->   Core 19 'FCompare' <Latency = 2> <II = 1> <Delay = 2.79> <FuncUnit> <Opcode : 'fcmp'> <InPorts = 2> <OutPorts = 1>
ST_33 : Operation 252 [1/1] (0.48ns)   --->   "%store_ln144 = store i32 %m_13_add, i32 %m_11" [top.cpp:144]   --->   Operation 252 'store' 'store_ln144' <Predicate = true> <Delay = 0.48>
ST_33 : Operation 253 [1/1] (0.00ns)   --->   "%br_ln130 = br void %VITIS_LOOP_134_13" [top.cpp:130]   --->   Operation 253 'br' 'br_ln130' <Predicate = true> <Delay = 0.00>

State 34 <SV = 33> <Delay = 2.79>
ST_34 : Operation 254 [2/3] (2.79ns)   --->   "%tmp_20 = fcmp_olt  i32 %m_11_load_1, i32 %m_22" [top.cpp:147]   --->   Operation 254 'fcmp' 'tmp_20' <Predicate = (and_ln143)> <Delay = 2.79> <CoreInst = "FCompare">   --->   Core 19 'FCompare' <Latency = 2> <II = 1> <Delay = 2.79> <FuncUnit> <Opcode : 'fcmp'> <InPorts = 2> <OutPorts = 1>

State 35 <SV = 34> <Delay = 2.79>
ST_35 : Operation 255 [1/3] (2.79ns)   --->   "%tmp_20 = fcmp_olt  i32 %m_11_load_1, i32 %m_22" [top.cpp:147]   --->   Operation 255 'fcmp' 'tmp_20' <Predicate = (and_ln143)> <Delay = 2.79> <CoreInst = "FCompare">   --->   Core 19 'FCompare' <Latency = 2> <II = 1> <Delay = 2.79> <FuncUnit> <Opcode : 'fcmp'> <InPorts = 2> <OutPorts = 1>

State 36 <SV = 35> <Delay = 1.95>
ST_36 : Operation 256 [1/1] (0.00ns)   --->   "%bitcast_ln147_10 = bitcast i32 %m_11_load_1" [top.cpp:147]   --->   Operation 256 'bitcast' 'bitcast_ln147_10' <Predicate = (and_ln143)> <Delay = 0.00>
ST_36 : Operation 257 [1/1] (0.00ns)   --->   "%tmp_18 = partselect i8 @_ssdm_op_PartSelect.i8.i32.i32.i32, i32 %bitcast_ln147_10, i32 23, i32 30" [top.cpp:147]   --->   Operation 257 'partselect' 'tmp_18' <Predicate = (and_ln143)> <Delay = 0.00>
ST_36 : Operation 258 [1/1] (0.00ns)   --->   "%trunc_ln147_10 = trunc i32 %bitcast_ln147_10" [top.cpp:147]   --->   Operation 258 'trunc' 'trunc_ln147_10' <Predicate = (and_ln143)> <Delay = 0.00>
ST_36 : Operation 259 [1/1] (0.00ns)   --->   "%bitcast_ln147_11 = bitcast i32 %m_22" [top.cpp:147]   --->   Operation 259 'bitcast' 'bitcast_ln147_11' <Predicate = (and_ln143)> <Delay = 0.00>
ST_36 : Operation 260 [1/1] (0.00ns)   --->   "%tmp_19 = partselect i8 @_ssdm_op_PartSelect.i8.i32.i32.i32, i32 %bitcast_ln147_11, i32 23, i32 30" [top.cpp:147]   --->   Operation 260 'partselect' 'tmp_19' <Predicate = (and_ln143)> <Delay = 0.00>
ST_36 : Operation 261 [1/1] (0.00ns)   --->   "%trunc_ln147_11 = trunc i32 %bitcast_ln147_11" [top.cpp:147]   --->   Operation 261 'trunc' 'trunc_ln147_11' <Predicate = (and_ln143)> <Delay = 0.00>
ST_36 : Operation 262 [1/1] (0.90ns)   --->   "%icmp_ln147_20 = icmp_ne  i8 %tmp_18, i8 255" [top.cpp:147]   --->   Operation 262 'icmp' 'icmp_ln147_20' <Predicate = (and_ln143)> <Delay = 0.90> <CoreInst = "Cmp">   --->   Core 9 'Cmp' <Latency = 0> <II = 1> <Delay = 0.90> <FuncUnit> <Opcode : 'seteq' 'setne' 'setle' 'setge' 'setlt' 'setgt'> <InPorts = 2> <OutPorts = 1>
ST_36 : Operation 263 [1/1] (1.09ns)   --->   "%icmp_ln147_21 = icmp_eq  i23 %trunc_ln147_10, i23 0" [top.cpp:147]   --->   Operation 263 'icmp' 'icmp_ln147_21' <Predicate = (and_ln143)> <Delay = 1.09> <CoreInst = "Cmp">   --->   Core 9 'Cmp' <Latency = 0> <II = 1> <Delay = 1.09> <FuncUnit> <Opcode : 'seteq' 'setne' 'setle' 'setge' 'setlt' 'setgt'> <InPorts = 2> <OutPorts = 1>
ST_36 : Operation 264 [1/1] (0.00ns) (grouped into LUT with out node and_ln147_11)   --->   "%or_ln147_10 = or i1 %icmp_ln147_21, i1 %icmp_ln147_20" [top.cpp:147]   --->   Operation 264 'or' 'or_ln147_10' <Predicate = (and_ln143)> <Delay = 0.00> <CoreInst = "LogicGate">   --->   Core 74 'LogicGate' <Latency = 0> <II = 1> <Delay = 0.33> <FuncUnit> <Opcode : 'and' 'or' 'xor'> <InPorts = 2> <OutPorts = 1>
ST_36 : Operation 265 [1/1] (0.90ns)   --->   "%icmp_ln147_22 = icmp_ne  i8 %tmp_19, i8 255" [top.cpp:147]   --->   Operation 265 'icmp' 'icmp_ln147_22' <Predicate = (and_ln143)> <Delay = 0.90> <CoreInst = "Cmp">   --->   Core 9 'Cmp' <Latency = 0> <II = 1> <Delay = 0.90> <FuncUnit> <Opcode : 'seteq' 'setne' 'setle' 'setge' 'setlt' 'setgt'> <InPorts = 2> <OutPorts = 1>
ST_36 : Operation 266 [1/1] (1.09ns)   --->   "%icmp_ln147_23 = icmp_eq  i23 %trunc_ln147_11, i23 0" [top.cpp:147]   --->   Operation 266 'icmp' 'icmp_ln147_23' <Predicate = (and_ln143)> <Delay = 1.09> <CoreInst = "Cmp">   --->   Core 9 'Cmp' <Latency = 0> <II = 1> <Delay = 1.09> <FuncUnit> <Opcode : 'seteq' 'setne' 'setle' 'setge' 'setlt' 'setgt'> <InPorts = 2> <OutPorts = 1>
ST_36 : Operation 267 [1/1] (0.00ns) (grouped into LUT with out node and_ln147_11)   --->   "%or_ln147_11 = or i1 %icmp_ln147_23, i1 %icmp_ln147_22" [top.cpp:147]   --->   Operation 267 'or' 'or_ln147_11' <Predicate = (and_ln143)> <Delay = 0.00> <CoreInst = "LogicGate">   --->   Core 74 'LogicGate' <Latency = 0> <II = 1> <Delay = 0.33> <FuncUnit> <Opcode : 'and' 'or' 'xor'> <InPorts = 2> <OutPorts = 1>
ST_36 : Operation 268 [1/1] (0.00ns) (grouped into LUT with out node and_ln147_11)   --->   "%and_ln147_10 = and i1 %or_ln147_10, i1 %or_ln147_11" [top.cpp:147]   --->   Operation 268 'and' 'and_ln147_10' <Predicate = (and_ln143)> <Delay = 0.00> <CoreInst = "LogicGate">   --->   Core 74 'LogicGate' <Latency = 0> <II = 1> <Delay = 0.33> <FuncUnit> <Opcode : 'and' 'or' 'xor'> <InPorts = 2> <OutPorts = 1>
ST_36 : Operation 269 [1/1] (0.33ns) (out node of the LUT)   --->   "%and_ln147_11 = and i1 %and_ln147_10, i1 %tmp_20" [top.cpp:147]   --->   Operation 269 'and' 'and_ln147_11' <Predicate = (and_ln143)> <Delay = 0.33> <CoreInst = "LogicGate">   --->   Core 74 'LogicGate' <Latency = 0> <II = 1> <Delay = 0.33> <FuncUnit> <Opcode : 'and' 'or' 'xor'> <InPorts = 2> <OutPorts = 1>
ST_36 : Operation 270 [1/1] (0.52ns) (out node of the LUT)   --->   "%m_23 = select i1 %and_ln147_11, i32 %m_11_load_1, i32 %m_22" [top.cpp:147]   --->   Operation 270 'select' 'm_23' <Predicate = (and_ln143)> <Delay = 0.52> <CoreInst = "Sel">   --->   Core 73 'Sel' <Latency = 0> <II = 1> <Delay = 0.52> <FuncUnit> <Opcode : 'select'> <InPorts = 3> <OutPorts = 1>

State 37 <SV = 36> <Delay = 2.79>
ST_37 : Operation 271 [3/3] (2.79ns)   --->   "%tmp_23 = fcmp_olt  i32 %m_13_load_2, i32 %m_23" [top.cpp:147]   --->   Operation 271 'fcmp' 'tmp_23' <Predicate = (and_ln143)> <Delay = 2.79> <CoreInst = "FCompare">   --->   Core 19 'FCompare' <Latency = 2> <II = 1> <Delay = 2.79> <FuncUnit> <Opcode : 'fcmp'> <InPorts = 2> <OutPorts = 1>

State 38 <SV = 37> <Delay = 2.79>
ST_38 : Operation 272 [2/3] (2.79ns)   --->   "%tmp_23 = fcmp_olt  i32 %m_13_load_2, i32 %m_23" [top.cpp:147]   --->   Operation 272 'fcmp' 'tmp_23' <Predicate = (and_ln143)> <Delay = 2.79> <CoreInst = "FCompare">   --->   Core 19 'FCompare' <Latency = 2> <II = 1> <Delay = 2.79> <FuncUnit> <Opcode : 'fcmp'> <InPorts = 2> <OutPorts = 1>

State 39 <SV = 38> <Delay = 2.79>
ST_39 : Operation 273 [1/3] (2.79ns)   --->   "%tmp_23 = fcmp_olt  i32 %m_13_load_2, i32 %m_23" [top.cpp:147]   --->   Operation 273 'fcmp' 'tmp_23' <Predicate = (and_ln143)> <Delay = 2.79> <CoreInst = "FCompare">   --->   Core 19 'FCompare' <Latency = 2> <II = 1> <Delay = 2.79> <FuncUnit> <Opcode : 'fcmp'> <InPorts = 2> <OutPorts = 1>

State 40 <SV = 39> <Delay = 1.95>
ST_40 : Operation 274 [1/1] (0.00ns)   --->   "%bitcast_ln147_12 = bitcast i32 %m_13_load_2" [top.cpp:147]   --->   Operation 274 'bitcast' 'bitcast_ln147_12' <Predicate = (and_ln143)> <Delay = 0.00>
ST_40 : Operation 275 [1/1] (0.00ns)   --->   "%tmp_21 = partselect i8 @_ssdm_op_PartSelect.i8.i32.i32.i32, i32 %bitcast_ln147_12, i32 23, i32 30" [top.cpp:147]   --->   Operation 275 'partselect' 'tmp_21' <Predicate = (and_ln143)> <Delay = 0.00>
ST_40 : Operation 276 [1/1] (0.00ns)   --->   "%trunc_ln147_12 = trunc i32 %bitcast_ln147_12" [top.cpp:147]   --->   Operation 276 'trunc' 'trunc_ln147_12' <Predicate = (and_ln143)> <Delay = 0.00>
ST_40 : Operation 277 [1/1] (0.00ns)   --->   "%bitcast_ln147_13 = bitcast i32 %m_23" [top.cpp:147]   --->   Operation 277 'bitcast' 'bitcast_ln147_13' <Predicate = (and_ln143)> <Delay = 0.00>
ST_40 : Operation 278 [1/1] (0.00ns)   --->   "%tmp_22 = partselect i8 @_ssdm_op_PartSelect.i8.i32.i32.i32, i32 %bitcast_ln147_13, i32 23, i32 30" [top.cpp:147]   --->   Operation 278 'partselect' 'tmp_22' <Predicate = (and_ln143)> <Delay = 0.00>
ST_40 : Operation 279 [1/1] (0.00ns)   --->   "%trunc_ln147_13 = trunc i32 %bitcast_ln147_13" [top.cpp:147]   --->   Operation 279 'trunc' 'trunc_ln147_13' <Predicate = (and_ln143)> <Delay = 0.00>
ST_40 : Operation 280 [1/1] (0.90ns)   --->   "%icmp_ln147_24 = icmp_ne  i8 %tmp_21, i8 255" [top.cpp:147]   --->   Operation 280 'icmp' 'icmp_ln147_24' <Predicate = (and_ln143)> <Delay = 0.90> <CoreInst = "Cmp">   --->   Core 9 'Cmp' <Latency = 0> <II = 1> <Delay = 0.90> <FuncUnit> <Opcode : 'seteq' 'setne' 'setle' 'setge' 'setlt' 'setgt'> <InPorts = 2> <OutPorts = 1>
ST_40 : Operation 281 [1/1] (1.09ns)   --->   "%icmp_ln147_25 = icmp_eq  i23 %trunc_ln147_12, i23 0" [top.cpp:147]   --->   Operation 281 'icmp' 'icmp_ln147_25' <Predicate = (and_ln143)> <Delay = 1.09> <CoreInst = "Cmp">   --->   Core 9 'Cmp' <Latency = 0> <II = 1> <Delay = 1.09> <FuncUnit> <Opcode : 'seteq' 'setne' 'setle' 'setge' 'setlt' 'setgt'> <InPorts = 2> <OutPorts = 1>
ST_40 : Operation 282 [1/1] (0.00ns) (grouped into LUT with out node and_ln147_13)   --->   "%or_ln147_12 = or i1 %icmp_ln147_25, i1 %icmp_ln147_24" [top.cpp:147]   --->   Operation 282 'or' 'or_ln147_12' <Predicate = (and_ln143)> <Delay = 0.00> <CoreInst = "LogicGate">   --->   Core 74 'LogicGate' <Latency = 0> <II = 1> <Delay = 0.33> <FuncUnit> <Opcode : 'and' 'or' 'xor'> <InPorts = 2> <OutPorts = 1>
ST_40 : Operation 283 [1/1] (0.90ns)   --->   "%icmp_ln147_26 = icmp_ne  i8 %tmp_22, i8 255" [top.cpp:147]   --->   Operation 283 'icmp' 'icmp_ln147_26' <Predicate = (and_ln143)> <Delay = 0.90> <CoreInst = "Cmp">   --->   Core 9 'Cmp' <Latency = 0> <II = 1> <Delay = 0.90> <FuncUnit> <Opcode : 'seteq' 'setne' 'setle' 'setge' 'setlt' 'setgt'> <InPorts = 2> <OutPorts = 1>
ST_40 : Operation 284 [1/1] (1.09ns)   --->   "%icmp_ln147_27 = icmp_eq  i23 %trunc_ln147_13, i23 0" [top.cpp:147]   --->   Operation 284 'icmp' 'icmp_ln147_27' <Predicate = (and_ln143)> <Delay = 1.09> <CoreInst = "Cmp">   --->   Core 9 'Cmp' <Latency = 0> <II = 1> <Delay = 1.09> <FuncUnit> <Opcode : 'seteq' 'setne' 'setle' 'setge' 'setlt' 'setgt'> <InPorts = 2> <OutPorts = 1>
ST_40 : Operation 285 [1/1] (0.00ns) (grouped into LUT with out node and_ln147_13)   --->   "%or_ln147_13 = or i1 %icmp_ln147_27, i1 %icmp_ln147_26" [top.cpp:147]   --->   Operation 285 'or' 'or_ln147_13' <Predicate = (and_ln143)> <Delay = 0.00> <CoreInst = "LogicGate">   --->   Core 74 'LogicGate' <Latency = 0> <II = 1> <Delay = 0.33> <FuncUnit> <Opcode : 'and' 'or' 'xor'> <InPorts = 2> <OutPorts = 1>
ST_40 : Operation 286 [1/1] (0.00ns) (grouped into LUT with out node and_ln147_13)   --->   "%and_ln147_12 = and i1 %or_ln147_12, i1 %or_ln147_13" [top.cpp:147]   --->   Operation 286 'and' 'and_ln147_12' <Predicate = (and_ln143)> <Delay = 0.00> <CoreInst = "LogicGate">   --->   Core 74 'LogicGate' <Latency = 0> <II = 1> <Delay = 0.33> <FuncUnit> <Opcode : 'and' 'or' 'xor'> <InPorts = 2> <OutPorts = 1>
ST_40 : Operation 287 [1/1] (0.33ns) (out node of the LUT)   --->   "%and_ln147_13 = and i1 %and_ln147_12, i1 %tmp_23" [top.cpp:147]   --->   Operation 287 'and' 'and_ln147_13' <Predicate = (and_ln143)> <Delay = 0.33> <CoreInst = "LogicGate">   --->   Core 74 'LogicGate' <Latency = 0> <II = 1> <Delay = 0.33> <FuncUnit> <Opcode : 'and' 'or' 'xor'> <InPorts = 2> <OutPorts = 1>
ST_40 : Operation 288 [1/1] (0.52ns) (out node of the LUT)   --->   "%m_24 = select i1 %and_ln147_13, i32 %m_13_load_2, i32 %m_23" [top.cpp:147]   --->   Operation 288 'select' 'm_24' <Predicate = (and_ln143)> <Delay = 0.52> <CoreInst = "Sel">   --->   Core 73 'Sel' <Latency = 0> <II = 1> <Delay = 0.52> <FuncUnit> <Opcode : 'select'> <InPorts = 3> <OutPorts = 1>

State 41 <SV = 40> <Delay = 2.79>
ST_41 : Operation 289 [3/3] (2.79ns)   --->   "%tmp_26 = fcmp_olt  i32 %m_25, i32 %m_24" [top.cpp:147]   --->   Operation 289 'fcmp' 'tmp_26' <Predicate = (and_ln143)> <Delay = 2.79> <CoreInst = "FCompare">   --->   Core 19 'FCompare' <Latency = 2> <II = 1> <Delay = 2.79> <FuncUnit> <Opcode : 'fcmp'> <InPorts = 2> <OutPorts = 1>

State 42 <SV = 41> <Delay = 2.79>
ST_42 : Operation 290 [2/3] (2.79ns)   --->   "%tmp_26 = fcmp_olt  i32 %m_25, i32 %m_24" [top.cpp:147]   --->   Operation 290 'fcmp' 'tmp_26' <Predicate = (and_ln143)> <Delay = 2.79> <CoreInst = "FCompare">   --->   Core 19 'FCompare' <Latency = 2> <II = 1> <Delay = 2.79> <FuncUnit> <Opcode : 'fcmp'> <InPorts = 2> <OutPorts = 1>

State 43 <SV = 42> <Delay = 2.79>
ST_43 : Operation 291 [1/1] (0.00ns)   --->   "%bitcast_ln147_14 = bitcast i32 %m_25" [top.cpp:147]   --->   Operation 291 'bitcast' 'bitcast_ln147_14' <Predicate = (and_ln143)> <Delay = 0.00>
ST_43 : Operation 292 [1/1] (0.00ns)   --->   "%tmp_24 = partselect i8 @_ssdm_op_PartSelect.i8.i32.i32.i32, i32 %bitcast_ln147_14, i32 23, i32 30" [top.cpp:147]   --->   Operation 292 'partselect' 'tmp_24' <Predicate = (and_ln143)> <Delay = 0.00>
ST_43 : Operation 293 [1/1] (0.00ns)   --->   "%trunc_ln147_14 = trunc i32 %bitcast_ln147_14" [top.cpp:147]   --->   Operation 293 'trunc' 'trunc_ln147_14' <Predicate = (and_ln143)> <Delay = 0.00>
ST_43 : Operation 294 [1/1] (0.00ns)   --->   "%bitcast_ln147_15 = bitcast i32 %m_24" [top.cpp:147]   --->   Operation 294 'bitcast' 'bitcast_ln147_15' <Predicate = (and_ln143)> <Delay = 0.00>
ST_43 : Operation 295 [1/1] (0.00ns)   --->   "%tmp_25 = partselect i8 @_ssdm_op_PartSelect.i8.i32.i32.i32, i32 %bitcast_ln147_15, i32 23, i32 30" [top.cpp:147]   --->   Operation 295 'partselect' 'tmp_25' <Predicate = (and_ln143)> <Delay = 0.00>
ST_43 : Operation 296 [1/1] (0.00ns)   --->   "%trunc_ln147_15 = trunc i32 %bitcast_ln147_15" [top.cpp:147]   --->   Operation 296 'trunc' 'trunc_ln147_15' <Predicate = (and_ln143)> <Delay = 0.00>
ST_43 : Operation 297 [1/1] (0.90ns)   --->   "%icmp_ln147_28 = icmp_ne  i8 %tmp_24, i8 255" [top.cpp:147]   --->   Operation 297 'icmp' 'icmp_ln147_28' <Predicate = (and_ln143)> <Delay = 0.90> <CoreInst = "Cmp">   --->   Core 9 'Cmp' <Latency = 0> <II = 1> <Delay = 0.90> <FuncUnit> <Opcode : 'seteq' 'setne' 'setle' 'setge' 'setlt' 'setgt'> <InPorts = 2> <OutPorts = 1>
ST_43 : Operation 298 [1/1] (1.09ns)   --->   "%icmp_ln147_29 = icmp_eq  i23 %trunc_ln147_14, i23 0" [top.cpp:147]   --->   Operation 298 'icmp' 'icmp_ln147_29' <Predicate = (and_ln143)> <Delay = 1.09> <CoreInst = "Cmp">   --->   Core 9 'Cmp' <Latency = 0> <II = 1> <Delay = 1.09> <FuncUnit> <Opcode : 'seteq' 'setne' 'setle' 'setge' 'setlt' 'setgt'> <InPorts = 2> <OutPorts = 1>
ST_43 : Operation 299 [1/1] (0.90ns)   --->   "%icmp_ln147_30 = icmp_ne  i8 %tmp_25, i8 255" [top.cpp:147]   --->   Operation 299 'icmp' 'icmp_ln147_30' <Predicate = (and_ln143)> <Delay = 0.90> <CoreInst = "Cmp">   --->   Core 9 'Cmp' <Latency = 0> <II = 1> <Delay = 0.90> <FuncUnit> <Opcode : 'seteq' 'setne' 'setle' 'setge' 'setlt' 'setgt'> <InPorts = 2> <OutPorts = 1>
ST_43 : Operation 300 [1/1] (1.09ns)   --->   "%icmp_ln147_31 = icmp_eq  i23 %trunc_ln147_15, i23 0" [top.cpp:147]   --->   Operation 300 'icmp' 'icmp_ln147_31' <Predicate = (and_ln143)> <Delay = 1.09> <CoreInst = "Cmp">   --->   Core 9 'Cmp' <Latency = 0> <II = 1> <Delay = 1.09> <FuncUnit> <Opcode : 'seteq' 'setne' 'setle' 'setge' 'setlt' 'setgt'> <InPorts = 2> <OutPorts = 1>
ST_43 : Operation 301 [1/3] (2.79ns)   --->   "%tmp_26 = fcmp_olt  i32 %m_25, i32 %m_24" [top.cpp:147]   --->   Operation 301 'fcmp' 'tmp_26' <Predicate = (and_ln143)> <Delay = 2.79> <CoreInst = "FCompare">   --->   Core 19 'FCompare' <Latency = 2> <II = 1> <Delay = 2.79> <FuncUnit> <Opcode : 'fcmp'> <InPorts = 2> <OutPorts = 1>
ST_43 : Operation 311 [1/1] (0.00ns)   --->   "%m_load = load i32 %m"   --->   Operation 311 'load' 'm_load' <Predicate = (icmp_ln129)> <Delay = 0.00>
ST_43 : Operation 312 [1/1] (0.00ns)   --->   "%m_1_load_1 = load i32 %m_1"   --->   Operation 312 'load' 'm_1_load_1' <Predicate = (icmp_ln129)> <Delay = 0.00>
ST_43 : Operation 313 [1/1] (0.00ns)   --->   "%m_5_load = load i32 %m_5"   --->   Operation 313 'load' 'm_5_load' <Predicate = (icmp_ln129)> <Delay = 0.00>
ST_43 : Operation 314 [1/1] (0.00ns)   --->   "%m_7_load_1 = load i32 %m_7"   --->   Operation 314 'load' 'm_7_load_1' <Predicate = (icmp_ln129)> <Delay = 0.00>
ST_43 : Operation 315 [1/1] (0.00ns)   --->   "%m_11_load = load i32 %m_11"   --->   Operation 315 'load' 'm_11_load' <Predicate = (icmp_ln129)> <Delay = 0.00>
ST_43 : Operation 316 [1/1] (0.00ns)   --->   "%m_13_load_1 = load i32 %m_13"   --->   Operation 316 'load' 'm_13_load_1' <Predicate = (icmp_ln129)> <Delay = 0.00>
ST_43 : Operation 317 [1/1] (0.00ns)   --->   "%write_ln0 = write void @_ssdm_op_Write.ap_auto.floatP0A, i32 %m_13_out, i32 %m_13_load_1"   --->   Operation 317 'write' 'write_ln0' <Predicate = (icmp_ln129)> <Delay = 0.00>
ST_43 : Operation 318 [1/1] (0.00ns)   --->   "%write_ln0 = write void @_ssdm_op_Write.ap_auto.floatP0A, i32 %m_11_out, i32 %m_11_load"   --->   Operation 318 'write' 'write_ln0' <Predicate = (icmp_ln129)> <Delay = 0.00>
ST_43 : Operation 319 [1/1] (0.00ns)   --->   "%write_ln0 = write void @_ssdm_op_Write.ap_auto.floatP0A, i32 %m_7_out, i32 %m_7_load_1"   --->   Operation 319 'write' 'write_ln0' <Predicate = (icmp_ln129)> <Delay = 0.00>
ST_43 : Operation 320 [1/1] (0.00ns)   --->   "%write_ln0 = write void @_ssdm_op_Write.ap_auto.floatP0A, i32 %m_5_out, i32 %m_5_load"   --->   Operation 320 'write' 'write_ln0' <Predicate = (icmp_ln129)> <Delay = 0.00>
ST_43 : Operation 321 [1/1] (0.00ns)   --->   "%write_ln0 = write void @_ssdm_op_Write.ap_auto.floatP0A, i32 %m_1_out, i32 %m_1_load_1"   --->   Operation 321 'write' 'write_ln0' <Predicate = (icmp_ln129)> <Delay = 0.00>
ST_43 : Operation 322 [1/1] (0.00ns)   --->   "%write_ln0 = write void @_ssdm_op_Write.ap_auto.floatP0A, i32 %m_out, i32 %m_load"   --->   Operation 322 'write' 'write_ln0' <Predicate = (icmp_ln129)> <Delay = 0.00>
ST_43 : Operation 323 [1/1] (0.48ns)   --->   "%ret_ln0 = ret"   --->   Operation 323 'ret' 'ret_ln0' <Predicate = (icmp_ln129)> <Delay = 0.48>

State 44 <SV = 43> <Delay = 2.20>
ST_44 : Operation 302 [1/1] (0.00ns) (grouped into LUT with out node and_ln147_15)   --->   "%or_ln147_14 = or i1 %icmp_ln147_29, i1 %icmp_ln147_28" [top.cpp:147]   --->   Operation 302 'or' 'or_ln147_14' <Predicate = (and_ln143)> <Delay = 0.00> <CoreInst = "LogicGate">   --->   Core 74 'LogicGate' <Latency = 0> <II = 1> <Delay = 0.33> <FuncUnit> <Opcode : 'and' 'or' 'xor'> <InPorts = 2> <OutPorts = 1>
ST_44 : Operation 303 [1/1] (0.00ns) (grouped into LUT with out node and_ln147_15)   --->   "%or_ln147_15 = or i1 %icmp_ln147_31, i1 %icmp_ln147_30" [top.cpp:147]   --->   Operation 303 'or' 'or_ln147_15' <Predicate = (and_ln143)> <Delay = 0.00> <CoreInst = "LogicGate">   --->   Core 74 'LogicGate' <Latency = 0> <II = 1> <Delay = 0.33> <FuncUnit> <Opcode : 'and' 'or' 'xor'> <InPorts = 2> <OutPorts = 1>
ST_44 : Operation 304 [1/1] (0.00ns) (grouped into LUT with out node and_ln147_15)   --->   "%and_ln147_14 = and i1 %or_ln147_14, i1 %or_ln147_15" [top.cpp:147]   --->   Operation 304 'and' 'and_ln147_14' <Predicate = (and_ln143)> <Delay = 0.00> <CoreInst = "LogicGate">   --->   Core 74 'LogicGate' <Latency = 0> <II = 1> <Delay = 0.33> <FuncUnit> <Opcode : 'and' 'or' 'xor'> <InPorts = 2> <OutPorts = 1>
ST_44 : Operation 305 [1/1] (0.33ns) (out node of the LUT)   --->   "%and_ln147_15 = and i1 %and_ln147_14, i1 %tmp_26" [top.cpp:147]   --->   Operation 305 'and' 'and_ln147_15' <Predicate = (and_ln143)> <Delay = 0.33> <CoreInst = "LogicGate">   --->   Core 74 'LogicGate' <Latency = 0> <II = 1> <Delay = 0.33> <FuncUnit> <Opcode : 'and' 'or' 'xor'> <InPorts = 2> <OutPorts = 1>
ST_44 : Operation 306 [1/1] (0.52ns)   --->   "%m_26 = select i1 %and_ln147_15, i32 %m_25, i32 %m_24" [top.cpp:147]   --->   Operation 306 'select' 'm_26' <Predicate = (and_ln143)> <Delay = 0.52> <CoreInst = "Sel">   --->   Core 73 'Sel' <Latency = 0> <II = 1> <Delay = 0.52> <FuncUnit> <Opcode : 'select'> <InPorts = 3> <OutPorts = 1>
ST_44 : Operation 307 [1/1] (0.00ns)   --->   "%zext_ln148_1 = zext i12 %add_ln148_1" [top.cpp:148]   --->   Operation 307 'zext' 'zext_ln148_1' <Predicate = (and_ln143)> <Delay = 0.00>
ST_44 : Operation 308 [1/1] (0.00ns)   --->   "%eroded_addr = getelementptr i32 %eroded, i64 0, i64 %zext_ln148_1" [top.cpp:148]   --->   Operation 308 'getelementptr' 'eroded_addr' <Predicate = (and_ln143)> <Delay = 0.00>
ST_44 : Operation 309 [1/1] ( I:1.35ns O:1.35ns )   --->   "%store_ln148 = store i32 %m_26, i12 %eroded_addr" [top.cpp:148]   --->   Operation 309 'store' 'store_ln148' <Predicate = (and_ln143)> <Delay = 1.35> <CoreInst = "RAM">   --->   Core 82 'RAM' <Latency = 1> <II = 1> <Delay = 1.35> <Storage> <Opcode : 'load' 'store'> <Ports = 2> <Width = 32> <Depth = 4096> <RAM>
ST_44 : Operation 310 [1/1] (0.00ns)   --->   "%br_ln149 = br void %for.inc322" [top.cpp:149]   --->   Operation 310 'br' 'br_ln149' <Predicate = (and_ln143)> <Delay = 0.00>


============================================================
+ Verbose Summary: Timing violations
============================================================
Target clock period: 4.000ns, clock uncertainty: 1.080ns.

 <State 1>: 1.953ns
The critical path consists of the following:
	'store' operation 0 bit ('store_ln0') of constant 0 on local variable 'indvar_flatten34' [32]  (0.489 ns)
	'load' operation 13 bit ('indvar_flatten34_load', top.cpp:129) on local variable 'indvar_flatten34' [43]  (0.000 ns)
	'icmp' operation 1 bit ('icmp_ln129', top.cpp:129) [44]  (0.975 ns)
	'store' operation 0 bit ('store_ln129', top.cpp:129) of variable 'add_ln129_1', top.cpp:129 on local variable 'indvar_flatten34' [229]  (0.489 ns)

 <State 2>: 2.704ns
The critical path consists of the following:
	'load' operation 7 bit ('c_load', top.cpp:130) on local variable 'c', top.cpp:130 [48]  (0.000 ns)
	'icmp' operation 1 bit ('icmp_ln130', top.cpp:130) [53]  (0.897 ns)
	'select' operation 7 bit ('select_ln129', top.cpp:129) [54]  (0.420 ns)
	'add' operation 7 bit ('add_ln130', top.cpp:130) [225]  (0.897 ns)
	'store' operation 0 bit ('store_ln130', top.cpp:130) of variable 'add_ln130', top.cpp:130 on local variable 'c', top.cpp:130 [231]  (0.489 ns)

 <State 3>: 2.798ns
The critical path consists of the following:
	'load' operation 32 bit ('m_1_load') on local variable 'm', top.cpp:144 [222]  (0.000 ns)
	'fadd' operation 32 bit ('m_1_add') [226]  (2.798 ns)

 <State 4>: 2.798ns
The critical path consists of the following:
	'fadd' operation 32 bit ('m_1_add') [226]  (2.798 ns)

 <State 5>: 2.798ns
The critical path consists of the following:
	'fadd' operation 32 bit ('m_1_add') [226]  (2.798 ns)

 <State 6>: 2.798ns
The critical path consists of the following:
	'fadd' operation 32 bit ('m_1_add') [226]  (2.798 ns)

 <State 7>: 2.798ns
The critical path consists of the following:
	'fadd' operation 32 bit ('m_1_add') [226]  (2.798 ns)

 <State 8>: 2.798ns
The critical path consists of the following:
	'fadd' operation 32 bit ('m_1_add') [226]  (2.798 ns)

 <State 9>: 2.798ns
The critical path consists of the following:
	'fadd' operation 32 bit ('m_1_add') [226]  (2.798 ns)

 <State 10>: 2.798ns
The critical path consists of the following:
	'fadd' operation 32 bit ('m_1_add') [226]  (2.798 ns)

 <State 11>: 2.798ns
The critical path consists of the following:
	'fadd' operation 32 bit ('m_1_add') [226]  (2.798 ns)

 <State 12>: 2.798ns
The critical path consists of the following:
	'fadd' operation 32 bit ('m_1_add') [226]  (2.798 ns)

 <State 13>: 2.798ns
The critical path consists of the following:
	'fadd' operation 32 bit ('m_7_add') [227]  (2.798 ns)

 <State 14>: 2.798ns
The critical path consists of the following:
	'fadd' operation 32 bit ('m_7_add') [227]  (2.798 ns)

 <State 15>: 2.798ns
The critical path consists of the following:
	'fadd' operation 32 bit ('m_7_add') [227]  (2.798 ns)

 <State 16>: 2.798ns
The critical path consists of the following:
	'fadd' operation 32 bit ('m_7_add') [227]  (2.798 ns)

 <State 17>: 2.798ns
The critical path consists of the following:
	'fadd' operation 32 bit ('m_7_add') [227]  (2.798 ns)

 <State 18>: 2.798ns
The critical path consists of the following:
	'fadd' operation 32 bit ('m_7_add') [227]  (2.798 ns)

 <State 19>: 2.798ns
The critical path consists of the following:
	'fadd' operation 32 bit ('m_7_add') [227]  (2.798 ns)

 <State 20>: 2.798ns
The critical path consists of the following:
	'fadd' operation 32 bit ('m_7_add') [227]  (2.798 ns)

 <State 21>: 2.790ns
The critical path consists of the following:
	'load' operation 32 bit ('m_5_load_1', top.cpp:147) on local variable 'm', top.cpp:144 [82]  (0.000 ns)
	'fcmp' operation 1 bit ('tmp_11', top.cpp:147) [131]  (2.790 ns)

 <State 22>: 2.790ns
The critical path consists of the following:
	'fcmp' operation 1 bit ('tmp_11', top.cpp:147) [131]  (2.790 ns)

 <State 23>: 2.798ns
The critical path consists of the following:
	'load' operation 32 bit ('m_13_load') on local variable 'm', top.cpp:144 [224]  (0.000 ns)
	'fadd' operation 32 bit ('m_13_add') [228]  (2.798 ns)

 <State 24>: 2.798ns
The critical path consists of the following:
	'fadd' operation 32 bit ('m_13_add') [228]  (2.798 ns)

 <State 25>: 2.798ns
The critical path consists of the following:
	'fadd' operation 32 bit ('m_13_add') [228]  (2.798 ns)

 <State 26>: 2.798ns
The critical path consists of the following:
	'fadd' operation 32 bit ('m_13_add') [228]  (2.798 ns)

 <State 27>: 2.798ns
The critical path consists of the following:
	'fadd' operation 32 bit ('m_13_add') [228]  (2.798 ns)

 <State 28>: 2.798ns
The critical path consists of the following:
	'fadd' operation 32 bit ('m_13_add') [228]  (2.798 ns)

 <State 29>: 2.798ns
The critical path consists of the following:
	'fadd' operation 32 bit ('m_13_add') [228]  (2.798 ns)

 <State 30>: 2.798ns
The critical path consists of the following:
	'fadd' operation 32 bit ('m_13_add') [228]  (2.798 ns)

 <State 31>: 2.798ns
The critical path consists of the following:
	'fadd' operation 32 bit ('m_13_add') [228]  (2.798 ns)

 <State 32>: 2.798ns
The critical path consists of the following:
	'fadd' operation 32 bit ('m_13_add') [228]  (2.798 ns)

 <State 33>: 2.790ns
The critical path consists of the following:
	'load' operation 32 bit ('m_11_load_1', top.cpp:147) on local variable 'm', top.cpp:144 [84]  (0.000 ns)
	'fcmp' operation 1 bit ('tmp_20', top.cpp:147) [179]  (2.790 ns)

 <State 34>: 2.790ns
The critical path consists of the following:
	'fcmp' operation 1 bit ('tmp_20', top.cpp:147) [179]  (2.790 ns)

 <State 35>: 2.790ns
The critical path consists of the following:
	'fcmp' operation 1 bit ('tmp_20', top.cpp:147) [179]  (2.790 ns)

 <State 36>: 1.954ns
The critical path consists of the following:
	'icmp' operation 1 bit ('icmp_ln147_21', top.cpp:147) [173]  (1.098 ns)
	'or' operation 1 bit ('or_ln147_10', top.cpp:147) [174]  (0.000 ns)
	'and' operation 1 bit ('and_ln147_10', top.cpp:147) [178]  (0.000 ns)
	'and' operation 1 bit ('and_ln147_11', top.cpp:147) [180]  (0.331 ns)
	'select' operation 32 bit ('m', top.cpp:147) [181]  (0.525 ns)

 <State 37>: 2.790ns
The critical path consists of the following:
	'fcmp' operation 1 bit ('tmp_23', top.cpp:147) [195]  (2.790 ns)

 <State 38>: 2.790ns
The critical path consists of the following:
	'fcmp' operation 1 bit ('tmp_23', top.cpp:147) [195]  (2.790 ns)

 <State 39>: 2.790ns
The critical path consists of the following:
	'fcmp' operation 1 bit ('tmp_23', top.cpp:147) [195]  (2.790 ns)

 <State 40>: 1.954ns
The critical path consists of the following:
	'icmp' operation 1 bit ('icmp_ln147_25', top.cpp:147) [189]  (1.098 ns)
	'or' operation 1 bit ('or_ln147_12', top.cpp:147) [190]  (0.000 ns)
	'and' operation 1 bit ('and_ln147_12', top.cpp:147) [194]  (0.000 ns)
	'and' operation 1 bit ('and_ln147_13', top.cpp:147) [196]  (0.331 ns)
	'select' operation 32 bit ('m', top.cpp:147) [197]  (0.525 ns)

 <State 41>: 2.790ns
The critical path consists of the following:
	'fcmp' operation 1 bit ('tmp_26', top.cpp:147) [211]  (2.790 ns)

 <State 42>: 2.790ns
The critical path consists of the following:
	'fcmp' operation 1 bit ('tmp_26', top.cpp:147) [211]  (2.790 ns)

 <State 43>: 2.790ns
The critical path consists of the following:
	'fcmp' operation 1 bit ('tmp_26', top.cpp:147) [211]  (2.790 ns)

 <State 44>: 2.208ns
The critical path consists of the following:
	'or' operation 1 bit ('or_ln147_14', top.cpp:147) [206]  (0.000 ns)
	'and' operation 1 bit ('and_ln147_14', top.cpp:147) [210]  (0.000 ns)
	'and' operation 1 bit ('and_ln147_15', top.cpp:147) [212]  (0.331 ns)
	'select' operation 32 bit ('m', top.cpp:147) [213]  (0.525 ns)
	'store' operation 0 bit ('store_ln148', top.cpp:148) of variable 'm', top.cpp:147 on array 'eroded' [219]  (1.352 ns)


============================================================
+ Verbose Summary: Binding
============================================================
N/A
* FSMD analyzer results:
  - Output states:
 - Input state : 
  - Chain level:
	State 1
	State 2
	State 3
	State 4
	State 5
	State 6
	State 7
	State 8
	State 9
	State 10
	State 11
	State 12
	State 13
	State 14
	State 15
	State 16
	State 17
	State 18
	State 19
	State 20
	State 21
	State 22
	State 23
	State 24
	State 25
	State 26
	State 27
	State 28
	State 29
	State 30
	State 31
	State 32
	State 33
	State 34
	State 35
	State 36
	State 37
	State 38
	State 39
	State 40
	State 41
	State 42
	State 43
	State 44


============================================================
+ Verbose Summary: Datapath Resource usage 
============================================================
N/A
