

================================================================
== Vitis HLS Report for 'write_output'
================================================================
* Date:           Sat Apr 11 20:28:25 2026

* Version:        2025.1.1 (Build 6214317 on Sep 11 2025)
* Project:        project_1
* Solution:       hls (Vivado IP Flow Target)
* Product family: zynquplus
* Target device:  xczu3eg-sbva484-1-e


================================================================
== Performance Estimates
================================================================
+ Timing: 
    * Summary: 
    +--------+---------+----------+------------+
    |  Clock |  Target | Estimated| Uncertainty|
    +--------+---------+----------+------------+
    |ap_clk  |  4.00 ns|  2.920 ns|     1.08 ns|
    +--------+---------+----------+------------+

+ Latency: 
    * Summary: 
    +---------+---------+-----------+-----------+------+------+------------------------------------------------+
    |  Latency (cycles) |   Latency (absolute)  |   Interval  |                    Pipeline                    |
    |   min   |   max   |    min    |    max    |  min |  max |                      Type                      |
    +---------+---------+-----------+-----------+------+------+------------------------------------------------+
    |     4105|     4105|  16.420 us|  16.420 us|  4096|  4096|  loop auto-rewind stp (delay=0 clock cycles(s))|
    +---------+---------+-----------+-----------+------+------+------------------------------------------------+

    + Detail: 
        * Instance: 
        N/A

        * Loop: 
        +--------------------+---------+---------+----------+-----------+-----------+------+----------+
        |                    |  Latency (cycles) | Iteration|  Initiation Interval  | Trip |          |
        |      Loop Name     |   min   |   max   |  Latency |  achieved |   target  | Count| Pipelined|
        +--------------------+---------+---------+----------+-----------+-----------+------+----------+
        |- VITIS_LOOP_376_1  |     4103|     4103|         9|          1|          1|  4096|       yes|
        +--------------------+---------+---------+----------+-----------+-----------+------+----------+

============================================================
+ Verbose Summary: Synthesis Manager
============================================================
InlineROM: 1
ExposeGlobal: 0
============================================================
+ Verbose Summary: CDFG Model
============================================================
IsTopModel: 0
ResetActiveHigh: 1
IsCombinational: 2
IsDatapathOnly: 0
HasWiredReturn: 1
HasMFsm: 2
HasVarLatency: 1
IsPipeline: 0
IsRtlPipelined: 0
IsInstanceOverlapped: 0
IsDontTouch: 0
HasImplIP: 0
IsGatedGlobalClock: 0

+ Individual pipeline summary: 
  * Pipeline-0: initiation interval (II) = 1, depth = 9


============================================================
+ Verbose Summary: Schedule
============================================================
* Number of FSM states : 9
* Pipeline : 1
  Pipeline-0 : II = 1, D = 9, States = { 1 2 3 4 5 6 7 8 9 }
* Dataflow Pipeline: 0

* FSM state transitions: 
1 --> 2 
2 --> 3 
3 --> 4 
4 --> 5 
5 --> 6 
6 --> 7 
7 --> 8 
8 --> 9 
9 --> 

* FSM state operations: 

State 1 <SV = 0> <Delay = 2.85>
ST_1 : Operation 12 [1/1] (0.00ns)   --->   "%i1 = alloca i32 1"   --->   Operation 12 'alloca' 'i1' <Predicate = true> <Delay = 0.00>
ST_1 : Operation 13 [1/1] (0.00ns)   --->   "%sext_ln3762 = alloca i32 1"   --->   Operation 13 'alloca' 'sext_ln3762' <Predicate = true> <Delay = 0.00>
ST_1 : Operation 14 [1/1] (0.00ns)   --->   "%specinterface_ln0 = specinterface void @_ssdm_op_SpecInterface, i64 %out_r, void @ap_fifo_str, i32 0, i32 0, void @p_str, i32 0, i32 0, void @p_str, void @p_str, void @p_str, i32 2, i32 2, i32 16, i32 16, void @p_str, void @ScalarProp_str, i32 4294967295, i32 0, i32 0"   --->   Operation 14 'specinterface' 'specinterface_ln0' <Predicate = true> <Delay = 0.00>
ST_1 : Operation 15 [1/1] (0.00ns)   --->   "%specinterface_ln0 = specinterface void @_ssdm_op_SpecInterface, i12 %morphology_stream, void @empty_17, i32 0, i32 0, void @empty_2, i32 0, i32 0, void @empty_2, void @empty_2, void @empty_2, i32 0, i32 0, i32 0, i32 0, void @empty_2, void @empty_2, i32 4294967295, i32 0, i32 0"   --->   Operation 15 'specinterface' 'specinterface_ln0' <Predicate = true> <Delay = 0.00>
ST_1 : Operation 16 [1/1] (0.00ns)   --->   "%specinterface_ln0 = specinterface void @_ssdm_op_SpecInterface, i32 %gmem3, void @empty_16, i32 0, i32 0, void @empty_2, i32 0, i32 0, void @empty_4, void @empty_12, void @empty_2, i32 16, i32 16, i32 16, i32 256, void @empty_2, void @empty_2, i32 4294967295, i32 0, i32 0"   --->   Operation 16 'specinterface' 'specinterface_ln0' <Predicate = true> <Delay = 0.00>
ST_1 : Operation 17 [1/1] (0.48ns)   --->   "%store_ln0 = store i12 0, i12 %i1"   --->   Operation 17 'store' 'store_ln0' <Predicate = true> <Delay = 0.48>
ST_1 : Operation 18 [1/1] (0.48ns)   --->   "%br_ln376 = br void %new.header" [top.cpp:376]   --->   Operation 18 'br' 'br_ln376' <Predicate = true> <Delay = 0.48>
ST_1 : Operation 19 [1/1] (0.00ns)   --->   "%first_iter_0 = phi i1 1, void %entry, i1 0, void %new.latch.for.body.split_ifconv.split"   --->   Operation 19 'phi' 'first_iter_0' <Predicate = true> <Delay = 0.00>
ST_1 : Operation 20 [1/1] (0.00ns)   --->   "%br_ln0 = br i1 %first_iter_0, void %for.body.split_ifconv, void %for.first.iter.for.body.split_ifconv"   --->   Operation 20 'br' 'br_ln0' <Predicate = true> <Delay = 0.00>
ST_1 : Operation 21 [1/1] (0.00ns)   --->   "%i1_load = load i12 %i1" [top.cpp:376]   --->   Operation 21 'load' 'i1_load' <Predicate = true> <Delay = 0.00>
ST_1 : Operation 22 [1/1] ( I:1.46ns O:1.46ns )   --->   "%v = read i12 @_ssdm_op_Read.ap_fifo.volatile.i12P0A, i12 %morphology_stream" [top.cpp:379]   --->   Operation 22 'read' 'v' <Predicate = true> <Delay = 1.46> <CoreInst = "FIFO">   --->   Core 77 'FIFO' <Latency = 0> <II = 1> <Delay = 1.86> <Storage> <Opcode : 'read' 'write' 'nbread' 'nbwrite'> <Ports = 0> <Width = 12> <Depth = 256> <FIFO>
ST_1 : Operation 23 [1/1] (0.96ns)   --->   "%icmp_ln51 = icmp_eq  i12 %v, i12 0" [top.cpp:51->top.cpp:380]   --->   Operation 23 'icmp' 'icmp_ln51' <Predicate = true> <Delay = 0.96> <CoreInst = "Cmp">   --->   Core 9 'Cmp' <Latency = 0> <II = 1> <Delay = 0.96> <FuncUnit> <Opcode : 'seteq' 'setne' 'setle' 'setge' 'setlt' 'setgt'> <InPorts = 2> <OutPorts = 1>
ST_1 : Operation 24 [1/1] (0.00ns)   --->   "%tmp = bitselect i1 @_ssdm_op_BitSelect.i1.i12.i32, i12 %v, i32 11" [top.cpp:51->top.cpp:380]   --->   Operation 24 'bitselect' 'tmp' <Predicate = true> <Delay = 0.00>
ST_1 : Operation 25 [1/1] (0.96ns)   --->   "%sub_ln51 = sub i12 0, i12 %v" [top.cpp:51->top.cpp:380]   --->   Operation 25 'sub' 'sub_ln51' <Predicate = true> <Delay = 0.96> <CoreInst = "Adder">   --->   Core 1 'Adder' <Latency = 0> <II = 1> <Delay = 0.96> <FuncUnit> <Opcode : 'add' 'sub'> <InPorts = 2> <OutPorts = 1>
ST_1 : Operation 26 [1/1] (0.43ns)   --->   "%select_ln51 = select i1 %tmp, i12 %sub_ln51, i12 %v" [top.cpp:51->top.cpp:380]   --->   Operation 26 'select' 'select_ln51' <Predicate = true> <Delay = 0.43> <CoreInst = "Sel">   --->   Core 73 'Sel' <Latency = 0> <II = 1> <Delay = 0.43> <FuncUnit> <Opcode : 'select'> <InPorts = 3> <OutPorts = 1>
ST_1 : Operation 27 [1/1] (0.96ns)   --->   "%i = add i12 %i1_load, i12 1" [top.cpp:376]   --->   Operation 27 'add' 'i' <Predicate = true> <Delay = 0.96> <CoreInst = "Adder">   --->   Core 1 'Adder' <Latency = 0> <II = 1> <Delay = 0.96> <FuncUnit> <Opcode : 'add' 'sub'> <InPorts = 2> <OutPorts = 1>
ST_1 : Operation 28 [1/1] (0.96ns)   --->   "%icmp_ln376 = icmp_eq  i12 %i1_load, i12 4095" [top.cpp:376]   --->   Operation 28 'icmp' 'icmp_ln376' <Predicate = true> <Delay = 0.96> <CoreInst = "Cmp">   --->   Core 9 'Cmp' <Latency = 0> <II = 1> <Delay = 0.96> <FuncUnit> <Opcode : 'seteq' 'setne' 'setle' 'setge' 'setlt' 'setgt'> <InPorts = 2> <OutPorts = 1>
ST_1 : Operation 29 [1/1] (0.00ns)   --->   "%br_ln376 = br i1 %icmp_ln376, void %new.latch.for.body.split_ifconv.split, void %last.iter.for.body.split_ifconv.split" [top.cpp:376]   --->   Operation 29 'br' 'br_ln376' <Predicate = true> <Delay = 0.00>
ST_1 : Operation 30 [1/1] (0.48ns)   --->   "%store_ln376 = store i12 %i, i12 %i1" [top.cpp:376]   --->   Operation 30 'store' 'store_ln376' <Predicate = true> <Delay = 0.48>
ST_1 : Operation 31 [1/1] (0.00ns)   --->   "%br_ln376 = br i1 %icmp_ln376, void %new.header, void %for.end" [top.cpp:376]   --->   Operation 31 'br' 'br_ln376' <Predicate = true> <Delay = 0.00>

State 2 <SV = 1> <Delay = 1.54>
ST_2 : Operation 32 [1/1] ( I:1.46ns O:1.46ns )   --->   "%out_1 = read i64 @_ssdm_op_Read.ap_fifo.i64P0A, i64 %out_r"   --->   Operation 32 'read' 'out_1' <Predicate = (first_iter_0)> <Delay = 1.46> <CoreInst = "FIFO_SRL">   --->   Core 80 'FIFO_SRL' <Latency = 0> <II = 1> <Delay = 2.14> <Storage> <Opcode : 'read' 'write' 'nbread' 'nbwrite'> <Ports = 0> <Width = 64> <Depth = 6> <FIFO>
ST_2 : Operation 33 [1/1] (0.00ns)   --->   "%trunc_ln = partselect i62 @_ssdm_op_PartSelect.i62.i64.i32.i32, i64 %out_1, i32 2, i32 63" [top.cpp:376]   --->   Operation 33 'partselect' 'trunc_ln' <Predicate = (first_iter_0)> <Delay = 0.00>
ST_2 : Operation 34 [1/1] (0.67ns)   --->   "%tmp_1 = ctlz i12 @llvm.ctlz.i12, i12 %select_ln51, i1 0" [top.cpp:51->top.cpp:380]   --->   Operation 34 'ctlz' 'tmp_1' <Predicate = (!icmp_ln51)> <Delay = 0.67> <CoreInst = "ctlz">   --->   Core 145 'ctlz' <Latency = 0> <II = 1> <Delay = 0.67> <FuncUnit> <Opcode : 'ctlz'> <InPorts = 1> <OutPorts = 1>
ST_2 : Operation 35 [1/1] (0.00ns)   --->   "%trunc_ln51 = trunc i12 %tmp_1" [top.cpp:51->top.cpp:380]   --->   Operation 35 'trunc' 'trunc_ln51' <Predicate = (!icmp_ln51)> <Delay = 0.00>
ST_2 : Operation 36 [1/1] (0.87ns)   --->   "%add_ln51 = add i5 %trunc_ln51, i5 13" [top.cpp:51->top.cpp:380]   --->   Operation 36 'add' 'add_ln51' <Predicate = (!icmp_ln51)> <Delay = 0.87> <CoreInst = "Adder">   --->   Core 1 'Adder' <Latency = 0> <II = 1> <Delay = 0.87> <FuncUnit> <Opcode : 'add' 'sub'> <InPorts = 2> <OutPorts = 1>

State 3 <SV = 2> <Delay = 2.92>
ST_3 : Operation 37 [1/1] (0.00ns)   --->   "%sext_ln376 = sext i62 %trunc_ln" [top.cpp:376]   --->   Operation 37 'sext' 'sext_ln376' <Predicate = (first_iter_0)> <Delay = 0.00>
ST_3 : Operation 38 [1/1] (0.00ns)   --->   "%gmem3_addr = getelementptr i32 %gmem3, i64 %sext_ln376" [top.cpp:376]   --->   Operation 38 'getelementptr' 'gmem3_addr' <Predicate = (first_iter_0)> <Delay = 0.00>
ST_3 : Operation 39 [1/1] (2.92ns)   --->   "%empty = writereq i1 @_ssdm_op_WriteReq.m_axi.p1i32, i32 %gmem3_addr, i64 4096" [top.cpp:376]   --->   Operation 39 'writereq' 'empty' <Predicate = (first_iter_0)> <Delay = 2.92> <CoreInst = "m_axi">   --->   Core 119 'm_axi' <Latency = 9> <II = 1> <Delay = 1.00> <Adapter> <Opcode : 'read' 'write' 'readreq' 'writereq' 'writeresp'>
ST_3 : Operation 40 [1/1] (0.00ns)   --->   "%store_ln376 = store i64 %sext_ln376, i64 %sext_ln3762" [top.cpp:376]   --->   Operation 40 'store' 'store_ln376' <Predicate = (first_iter_0)> <Delay = 0.00>
ST_3 : Operation 41 [1/1] (0.00ns)   --->   "%br_ln0 = br void %for.body.split_ifconv"   --->   Operation 41 'br' 'br_ln0' <Predicate = (first_iter_0)> <Delay = 0.00>
ST_3 : Operation 42 [1/1] (0.00ns)   --->   "%zext_ln51 = zext i12 %select_ln51" [top.cpp:51->top.cpp:380]   --->   Operation 42 'zext' 'zext_ln51' <Predicate = (!icmp_ln51)> <Delay = 0.00>
ST_3 : Operation 43 [1/1] (0.00ns)   --->   "%zext_ln51_1 = zext i5 %add_ln51" [top.cpp:51->top.cpp:380]   --->   Operation 43 'zext' 'zext_ln51_1' <Predicate = (!icmp_ln51)> <Delay = 0.00>
ST_3 : Operation 44 [1/1] (1.14ns)   --->   "%shl_ln51 = shl i36 %zext_ln51, i36 %zext_ln51_1" [top.cpp:51->top.cpp:380]   --->   Operation 44 'shl' 'shl_ln51' <Predicate = (!icmp_ln51)> <Delay = 1.14> <CoreInst = "Shifter">   --->   Core 75 'Shifter' <Latency = 0> <II = 1> <Delay = 1.14> <FuncUnit> <Opcode : 'shl' 'lshr' 'ashr'> <InPorts = 2> <OutPorts = 1>
ST_3 : Operation 45 [1/1] (0.00ns)   --->   "%lshr_ln = partselect i35 @_ssdm_op_PartSelect.i35.i36.i32.i32, i36 %shl_ln51, i32 1, i32 35" [top.cpp:51->top.cpp:380]   --->   Operation 45 'partselect' 'lshr_ln' <Predicate = (!icmp_ln51)> <Delay = 0.00>
ST_3 : Operation 46 [1/1] (0.00ns)   --->   "%zext_ln51_2 = zext i35 %lshr_ln" [top.cpp:51->top.cpp:380]   --->   Operation 46 'zext' 'zext_ln51_2' <Predicate = (!icmp_ln51)> <Delay = 0.00>
ST_3 : Operation 47 [1/1] (0.00ns) (grouped into LUT with out node add_ln51_1)   --->   "%tmp_3 = bitselect i1 @_ssdm_op_BitSelect.i1.i36.i32, i36 %shl_ln51, i32 25" [top.cpp:51->top.cpp:380]   --->   Operation 47 'bitselect' 'tmp_3' <Predicate = (!icmp_ln51)> <Delay = 0.00>
ST_3 : Operation 48 [1/1] (0.00ns) (grouped into LUT with out node add_ln51_1)   --->   "%select_ln51_1 = select i1 %tmp_3, i8 127, i8 126" [top.cpp:51->top.cpp:380]   --->   Operation 48 'select' 'select_ln51_1' <Predicate = (!icmp_ln51)> <Delay = 0.00> <CoreInst = "Sel">   --->   Core 73 'Sel' <Latency = 0> <II = 1> <Delay = 0.44> <FuncUnit> <Opcode : 'select'> <InPorts = 3> <OutPorts = 1>
ST_3 : Operation 49 [1/1] (0.87ns)   --->   "%sub_ln51_1 = sub i5 2, i5 %trunc_ln51" [top.cpp:51->top.cpp:380]   --->   Operation 49 'sub' 'sub_ln51_1' <Predicate = (!icmp_ln51)> <Delay = 0.87> <CoreInst = "Adder">   --->   Core 1 'Adder' <Latency = 0> <II = 1> <Delay = 0.87> <FuncUnit> <Opcode : 'add' 'sub'> <InPorts = 2> <OutPorts = 1>
ST_3 : Operation 50 [1/1] (0.00ns) (grouped into LUT with out node add_ln51_1)   --->   "%sext_ln51 = sext i5 %sub_ln51_1" [top.cpp:51->top.cpp:380]   --->   Operation 50 'sext' 'sext_ln51' <Predicate = (!icmp_ln51)> <Delay = 0.00>
ST_3 : Operation 51 [1/1] (0.90ns) (out node of the LUT)   --->   "%add_ln51_1 = add i8 %select_ln51_1, i8 %sext_ln51" [top.cpp:51->top.cpp:380]   --->   Operation 51 'add' 'add_ln51_1' <Predicate = (!icmp_ln51)> <Delay = 0.90> <CoreInst = "Adder">   --->   Core 1 'Adder' <Latency = 0> <II = 1> <Delay = 0.90> <FuncUnit> <Opcode : 'add' 'sub'> <InPorts = 2> <OutPorts = 1>
ST_3 : Operation 52 [1/1] (0.00ns)   --->   "%tmp_2 = bitconcatenate i9 @_ssdm_op_BitConcatenate.i9.i1.i8, i1 %tmp, i8 %add_ln51_1" [top.cpp:51->top.cpp:380]   --->   Operation 52 'bitconcatenate' 'tmp_2' <Predicate = (!icmp_ln51)> <Delay = 0.00>
ST_3 : Operation 53 [1/1] (0.00ns)   --->   "%pi_assign = partset i64 @_ssdm_op_PartSet.i64.i64.i9.i32.i32, i64 %zext_ln51_2, i9 %tmp_2, i32 23, i32 31" [top.cpp:51->top.cpp:380]   --->   Operation 53 'partset' 'pi_assign' <Predicate = (!icmp_ln51)> <Delay = 0.00>
ST_3 : Operation 54 [1/1] (0.00ns)   --->   "%LD = trunc i64 %pi_assign" [top.cpp:51->top.cpp:380]   --->   Operation 54 'trunc' 'LD' <Predicate = (!icmp_ln51)> <Delay = 0.00>
ST_3 : Operation 55 [1/1] (0.52ns)   --->   "%empty_60 = select i1 %icmp_ln51, i32 0, i32 %LD" [top.cpp:51->top.cpp:380]   --->   Operation 55 'select' 'empty_60' <Predicate = true> <Delay = 0.52> <CoreInst = "Sel">   --->   Core 73 'Sel' <Latency = 0> <II = 1> <Delay = 0.52> <FuncUnit> <Opcode : 'select'> <InPorts = 3> <OutPorts = 1>

State 4 <SV = 3> <Delay = 2.92>
ST_4 : Operation 56 [1/1] (0.00ns)   --->   "%sext_ln3762_load = load i64 %sext_ln3762" [top.cpp:376]   --->   Operation 56 'load' 'sext_ln3762_load' <Predicate = true> <Delay = 0.00>
ST_4 : Operation 57 [1/1] (0.00ns)   --->   "%specpipeline_ln377 = specpipeline void @_ssdm_op_SpecPipeline, i32 1, i32 0, i32 0, i32 0, void @empty_2" [top.cpp:377]   --->   Operation 57 'specpipeline' 'specpipeline_ln377' <Predicate = true> <Delay = 0.00>
ST_4 : Operation 58 [1/1] (0.00ns)   --->   "%speclooptripcount_ln378 = speclooptripcount void @_ssdm_op_SpecLoopTripCount, i64 4096, i64 4096, i64 4096" [top.cpp:378]   --->   Operation 58 'speclooptripcount' 'speclooptripcount_ln378' <Predicate = true> <Delay = 0.00>
ST_4 : Operation 59 [1/1] (0.00ns)   --->   "%specloopname_ln376 = specloopname void @_ssdm_op_SpecLoopName, void @empty_11" [top.cpp:376]   --->   Operation 59 'specloopname' 'specloopname_ln376' <Predicate = true> <Delay = 0.00>
ST_4 : Operation 60 [1/1] (0.00ns)   --->   "%gmem3_addr_1 = getelementptr i32 %gmem3, i64 %sext_ln3762_load" [top.cpp:376]   --->   Operation 60 'getelementptr' 'gmem3_addr_1' <Predicate = true> <Delay = 0.00>
ST_4 : Operation 61 [1/1] (2.92ns)   --->   "%write_ln380 = write void @_ssdm_op_Write.m_axi.p1i32, i32 %gmem3_addr_1, i32 %empty_60, i4 15" [top.cpp:380]   --->   Operation 61 'write' 'write_ln380' <Predicate = true> <Delay = 2.92> <CoreInst = "m_axi">   --->   Core 119 'm_axi' <Latency = 5> <II = 1> <Delay = 1.00> <Adapter> <Opcode : 'read' 'write' 'readreq' 'writereq' 'writeresp'>

State 5 <SV = 4> <Delay = 2.92>
ST_5 : Operation 62 [5/5] (2.92ns)   --->   "%empty_61 = writeresp i1 @_ssdm_op_WriteResp.m_axi.p1i32, i32 %gmem3_addr_1" [top.cpp:382]   --->   Operation 62 'writeresp' 'empty_61' <Predicate = (icmp_ln376)> <Delay = 2.92> <CoreInst = "m_axi">   --->   Core 119 'm_axi' <Latency = 3> <II = 1> <Delay = 1.00> <Adapter> <Opcode : 'read' 'write' 'readreq' 'writereq' 'writeresp'>

State 6 <SV = 5> <Delay = 2.92>
ST_6 : Operation 63 [4/5] (2.92ns)   --->   "%empty_61 = writeresp i1 @_ssdm_op_WriteResp.m_axi.p1i32, i32 %gmem3_addr_1" [top.cpp:382]   --->   Operation 63 'writeresp' 'empty_61' <Predicate = (icmp_ln376)> <Delay = 2.92> <CoreInst = "m_axi">   --->   Core 119 'm_axi' <Latency = 3> <II = 1> <Delay = 1.00> <Adapter> <Opcode : 'read' 'write' 'readreq' 'writereq' 'writeresp'>

State 7 <SV = 6> <Delay = 2.92>
ST_7 : Operation 64 [3/5] (2.92ns)   --->   "%empty_61 = writeresp i1 @_ssdm_op_WriteResp.m_axi.p1i32, i32 %gmem3_addr_1" [top.cpp:382]   --->   Operation 64 'writeresp' 'empty_61' <Predicate = (icmp_ln376)> <Delay = 2.92> <CoreInst = "m_axi">   --->   Core 119 'm_axi' <Latency = 3> <II = 1> <Delay = 1.00> <Adapter> <Opcode : 'read' 'write' 'readreq' 'writereq' 'writeresp'>

State 8 <SV = 7> <Delay = 2.92>
ST_8 : Operation 65 [2/5] (2.92ns)   --->   "%empty_61 = writeresp i1 @_ssdm_op_WriteResp.m_axi.p1i32, i32 %gmem3_addr_1" [top.cpp:382]   --->   Operation 65 'writeresp' 'empty_61' <Predicate = (icmp_ln376)> <Delay = 2.92> <CoreInst = "m_axi">   --->   Core 119 'm_axi' <Latency = 3> <II = 1> <Delay = 1.00> <Adapter> <Opcode : 'read' 'write' 'readreq' 'writereq' 'writeresp'>

State 9 <SV = 8> <Delay = 2.92>
ST_9 : Operation 66 [1/5] (2.92ns)   --->   "%empty_61 = writeresp i1 @_ssdm_op_WriteResp.m_axi.p1i32, i32 %gmem3_addr_1" [top.cpp:382]   --->   Operation 66 'writeresp' 'empty_61' <Predicate = (icmp_ln376)> <Delay = 2.92> <CoreInst = "m_axi">   --->   Core 119 'm_axi' <Latency = 3> <II = 1> <Delay = 1.00> <Adapter> <Opcode : 'read' 'write' 'readreq' 'writereq' 'writeresp'>
ST_9 : Operation 67 [1/1] (0.00ns)   --->   "%br_ln376 = br void %new.latch.for.body.split_ifconv.split" [top.cpp:376]   --->   Operation 67 'br' 'br_ln376' <Predicate = (icmp_ln376)> <Delay = 0.00>
ST_9 : Operation 68 [1/1] (0.48ns)   --->   "%ret_ln382 = ret" [top.cpp:382]   --->   Operation 68 'ret' 'ret_ln382' <Predicate = (icmp_ln376)> <Delay = 0.48>


============================================================
+ Verbose Summary: Binding
============================================================
STG Binding: 
---------------- STG Properties BEGIN ----------------
- Is combinational: 0
- Is one-state seq: 0
- Is datapath-only: 0
- Is pipelined: 0
- Is top level: 0
Port [ Return ] is wired: 1; IO mode=ap_ctrl_hs:ce=0
Port [ morphology_stream]:  wired=1; compound=1; hidden=0; nouse=0; global=0; static=0; extern=0; dir=0; type=3; pingpong=0; private_global=0; IO mode=ap_fifo:ce=0
Port [ gmem3]:  wired=1; compound=1; hidden=0; nouse=0; global=0; static=0; extern=0; dir=1; type=4; pingpong=0; private_global=0; IO mode=m_axi:ce=0
Port [ out_r]:  wired=1; compound=1; hidden=0; nouse=0; global=0; static=0; extern=0; dir=0; type=3; pingpong=0; private_global=0; IO mode=ap_fifo:ce=0
---------------- STG Properties END ------------------

---------------- Datapath Model BEGIN ----------------

<LifeTime>
<method=bitvector/>
i1                      (alloca           ) [ 0100000000]
sext_ln3762             (alloca           ) [ 0111100000]
specinterface_ln0       (specinterface    ) [ 0000000000]
specinterface_ln0       (specinterface    ) [ 0000000000]
specinterface_ln0       (specinterface    ) [ 0000000000]
store_ln0               (store            ) [ 0000000000]
br_ln376                (br               ) [ 0000000000]
first_iter_0            (phi              ) [ 0111000000]
br_ln0                  (br               ) [ 0000000000]
i1_load                 (load             ) [ 0000000000]
v                       (read             ) [ 0000000000]
icmp_ln51               (icmp             ) [ 0111000000]
tmp                     (bitselect        ) [ 0111000000]
sub_ln51                (sub              ) [ 0000000000]
select_ln51             (select           ) [ 0111000000]
i                       (add              ) [ 0000000000]
icmp_ln376              (icmp             ) [ 0111111111]
br_ln376                (br               ) [ 0000000000]
store_ln376             (store            ) [ 0000000000]
br_ln376                (br               ) [ 0100000000]
out_1                   (read             ) [ 0000000000]
trunc_ln                (partselect       ) [ 0101000000]
tmp_1                   (ctlz             ) [ 0000000000]
trunc_ln51              (trunc            ) [ 0101000000]
add_ln51                (add              ) [ 0101000000]
sext_ln376              (sext             ) [ 0000000000]
gmem3_addr              (getelementptr    ) [ 0000000000]
empty                   (writereq         ) [ 0000000000]
store_ln376             (store            ) [ 0000000000]
br_ln0                  (br               ) [ 0000000000]
zext_ln51               (zext             ) [ 0000000000]
zext_ln51_1             (zext             ) [ 0000000000]
shl_ln51                (shl              ) [ 0000000000]
lshr_ln                 (partselect       ) [ 0000000000]
zext_ln51_2             (zext             ) [ 0000000000]
tmp_3                   (bitselect        ) [ 0000000000]
select_ln51_1           (select           ) [ 0000000000]
sub_ln51_1              (sub              ) [ 0000000000]
sext_ln51               (sext             ) [ 0000000000]
add_ln51_1              (add              ) [ 0000000000]
tmp_2                   (bitconcatenate   ) [ 0000000000]
pi_assign               (partset          ) [ 0000000000]
LD                      (trunc            ) [ 0000000000]
empty_60                (select           ) [ 0100100000]
sext_ln3762_load        (load             ) [ 0000000000]
specpipeline_ln377      (specpipeline     ) [ 0000000000]
speclooptripcount_ln378 (speclooptripcount) [ 0000000000]
specloopname_ln376      (specloopname     ) [ 0000000000]
gmem3_addr_1            (getelementptr    ) [ 0100011111]
write_ln380             (write            ) [ 0000000000]
empty_61                (writeresp        ) [ 0000000000]
br_ln376                (br               ) [ 0000000000]
ret_ln382               (ret              ) [ 0000000000]
</LifeTime>

<model>

<comp_list>
<comp id="0" class="1000" name="morphology_stream">
<pin_list>
<pin id="1" dir="1" index="0" bw="1" slack="0"/>
</pin_list>
<bind>
<StgValue><ssdm name="morphology_stream"/></StgValue>
</bind>
</comp>

<comp id="2" class="1000" name="gmem3">
<pin_list>
<pin id="3" dir="1" index="0" bw="1" slack="0"/>
</pin_list>
<bind>
<StgValue><ssdm name="gmem3"/><MemPortTyVec>1 </MemPortTyVec>
</StgValue>
</bind>
</comp>

<comp id="4" class="1000" name="out_r">
<pin_list>
<pin id="5" dir="1" index="0" bw="1" slack="0"/>
</pin_list>
<bind>
<StgValue><ssdm name="out_r"/></StgValue>
</bind>
</comp>

<comp id="6" class="1001" name="const_6">
<pin_list>
<pin id="7" dir="1" index="0" bw="1" slack="0"/>
</pin_list>
<bind>
<StgValue><ssdm name=""/></StgValue>
</bind>
</comp>

<comp id="8" class="1001" name="const_8">
<pin_list>
<pin id="9" dir="1" index="0" bw="1" slack="2147483647"/>
</pin_list>
<bind>
<StgValue><ssdm name="_ssdm_op_SpecInterface"/></StgValue>
</bind>
</comp>

<comp id="10" class="1001" name="const_10">
<pin_list>
<pin id="11" dir="1" index="0" bw="1" slack="2147483647"/>
</pin_list>
<bind>
<StgValue><ssdm name="ap_fifo_str"/></StgValue>
</bind>
</comp>

<comp id="12" class="1001" name="const_12">
<pin_list>
<pin id="13" dir="1" index="0" bw="1" slack="0"/>
</pin_list>
<bind>
<StgValue><ssdm name=""/></StgValue>
</bind>
</comp>

<comp id="14" class="1001" name="const_14">
<pin_list>
<pin id="15" dir="1" index="0" bw="1" slack="2147483647"/>
</pin_list>
<bind>
<StgValue><ssdm name="p_str"/></StgValue>
</bind>
</comp>

<comp id="16" class="1001" name="const_16">
<pin_list>
<pin id="17" dir="1" index="0" bw="1" slack="0"/>
</pin_list>
<bind>
<StgValue><ssdm name=""/></StgValue>
</bind>
</comp>

<comp id="18" class="1001" name="const_18">
<pin_list>
<pin id="19" dir="1" index="0" bw="1" slack="2147483647"/>
</pin_list>
<bind>
<StgValue><ssdm name=""/></StgValue>
</bind>
</comp>

<comp id="20" class="1001" name="const_20">
<pin_list>
<pin id="21" dir="1" index="0" bw="1" slack="2147483647"/>
</pin_list>
<bind>
<StgValue><ssdm name="ScalarProp_str"/></StgValue>
</bind>
</comp>

<comp id="22" class="1001" name="const_22">
<pin_list>
<pin id="23" dir="1" index="0" bw="1" slack="2147483647"/>
</pin_list>
<bind>
<StgValue><ssdm name=""/></StgValue>
</bind>
</comp>

<comp id="24" class="1001" name="const_24">
<pin_list>
<pin id="25" dir="1" index="0" bw="1" slack="2147483647"/>
</pin_list>
<bind>
<StgValue><ssdm name="empty_17"/></StgValue>
</bind>
</comp>

<comp id="26" class="1001" name="const_26">
<pin_list>
<pin id="27" dir="1" index="0" bw="1" slack="2147483647"/>
</pin_list>
<bind>
<StgValue><ssdm name="empty_2"/></StgValue>
</bind>
</comp>

<comp id="28" class="1001" name="const_28">
<pin_list>
<pin id="29" dir="1" index="0" bw="1" slack="2147483647"/>
</pin_list>
<bind>
<StgValue><ssdm name="empty_16"/></StgValue>
</bind>
</comp>

<comp id="30" class="1001" name="const_30">
<pin_list>
<pin id="31" dir="1" index="0" bw="1" slack="2147483647"/>
</pin_list>
<bind>
<StgValue><ssdm name="empty_4"/></StgValue>
</bind>
</comp>

<comp id="32" class="1001" name="const_32">
<pin_list>
<pin id="33" dir="1" index="0" bw="1" slack="2147483647"/>
</pin_list>
<bind>
<StgValue><ssdm name="empty_12"/></StgValue>
</bind>
</comp>

<comp id="34" class="1001" name="const_34">
<pin_list>
<pin id="35" dir="1" index="0" bw="1" slack="2147483647"/>
</pin_list>
<bind>
<StgValue><ssdm name=""/></StgValue>
</bind>
</comp>

<comp id="36" class="1001" name="const_36">
<pin_list>
<pin id="37" dir="1" index="0" bw="1" slack="0"/>
</pin_list>
<bind>
<StgValue><ssdm name=""/></StgValue>
</bind>
</comp>

<comp id="38" class="1001" name="const_38">
<pin_list>
<pin id="39" dir="1" index="0" bw="1" slack="0"/>
</pin_list>
<bind>
<StgValue><ssdm name=""/></StgValue>
</bind>
</comp>

<comp id="40" class="1001" name="const_40">
<pin_list>
<pin id="41" dir="1" index="0" bw="1" slack="0"/>
</pin_list>
<bind>
<StgValue><ssdm name=""/></StgValue>
</bind>
</comp>

<comp id="42" class="1001" name="const_42">
<pin_list>
<pin id="43" dir="1" index="0" bw="1" slack="0"/>
</pin_list>
<bind>
<StgValue><ssdm name="_ssdm_op_Read.ap_fifo.volatile.i12P0A"/></StgValue>
</bind>
</comp>

<comp id="44" class="1001" name="const_44">
<pin_list>
<pin id="45" dir="1" index="0" bw="1" slack="0"/>
</pin_list>
<bind>
<StgValue><ssdm name="_ssdm_op_BitSelect.i1.i12.i32"/></StgValue>
</bind>
</comp>

<comp id="46" class="1001" name="const_46">
<pin_list>
<pin id="47" dir="1" index="0" bw="1" slack="0"/>
</pin_list>
<bind>
<StgValue><ssdm name=""/></StgValue>
</bind>
</comp>

<comp id="48" class="1001" name="const_48">
<pin_list>
<pin id="49" dir="1" index="0" bw="1" slack="0"/>
</pin_list>
<bind>
<StgValue><ssdm name=""/></StgValue>
</bind>
</comp>

<comp id="50" class="1001" name="const_50">
<pin_list>
<pin id="51" dir="1" index="0" bw="1" slack="0"/>
</pin_list>
<bind>
<StgValue><ssdm name=""/></StgValue>
</bind>
</comp>

<comp id="52" class="1001" name="const_52">
<pin_list>
<pin id="53" dir="1" index="0" bw="1" slack="0"/>
</pin_list>
<bind>
<StgValue><ssdm name="_ssdm_op_Read.ap_fifo.i64P0A"/></StgValue>
</bind>
</comp>

<comp id="54" class="1001" name="const_54">
<pin_list>
<pin id="55" dir="1" index="0" bw="1" slack="0"/>
</pin_list>
<bind>
<StgValue><ssdm name="_ssdm_op_PartSelect.i62.i64.i32.i32"/></StgValue>
</bind>
</comp>

<comp id="56" class="1001" name="const_56">
<pin_list>
<pin id="57" dir="1" index="0" bw="1" slack="0"/>
</pin_list>
<bind>
<StgValue><ssdm name=""/></StgValue>
</bind>
</comp>

<comp id="58" class="1001" name="const_58">
<pin_list>
<pin id="59" dir="1" index="0" bw="1" slack="0"/>
</pin_list>
<bind>
<StgValue><ssdm name="llvm.ctlz.i12"/></StgValue>
</bind>
</comp>

<comp id="60" class="1001" name="const_60">
<pin_list>
<pin id="61" dir="1" index="0" bw="1" slack="0"/>
</pin_list>
<bind>
<StgValue><ssdm name=""/></StgValue>
</bind>
</comp>

<comp id="62" class="1001" name="const_62">
<pin_list>
<pin id="63" dir="1" index="0" bw="1" slack="0"/>
</pin_list>
<bind>
<StgValue><ssdm name="_ssdm_op_WriteReq.m_axi.p1i32"/></StgValue>
</bind>
</comp>

<comp id="64" class="1001" name="const_64">
<pin_list>
<pin id="65" dir="1" index="0" bw="1" slack="0"/>
</pin_list>
<bind>
<StgValue><ssdm name=""/></StgValue>
</bind>
</comp>

<comp id="66" class="1001" name="const_66">
<pin_list>
<pin id="67" dir="1" index="0" bw="1" slack="0"/>
</pin_list>
<bind>
<StgValue><ssdm name="_ssdm_op_PartSelect.i35.i36.i32.i32"/></StgValue>
</bind>
</comp>

<comp id="68" class="1001" name="const_68">
<pin_list>
<pin id="69" dir="1" index="0" bw="1" slack="0"/>
</pin_list>
<bind>
<StgValue><ssdm name=""/></StgValue>
</bind>
</comp>

<comp id="70" class="1001" name="const_70">
<pin_list>
<pin id="71" dir="1" index="0" bw="1" slack="0"/>
</pin_list>
<bind>
<StgValue><ssdm name="_ssdm_op_BitSelect.i1.i36.i32"/></StgValue>
</bind>
</comp>

<comp id="72" class="1001" name="const_72">
<pin_list>
<pin id="73" dir="1" index="0" bw="1" slack="0"/>
</pin_list>
<bind>
<StgValue><ssdm name=""/></StgValue>
</bind>
</comp>

<comp id="74" class="1001" name="const_74">
<pin_list>
<pin id="75" dir="1" index="0" bw="1" slack="0"/>
</pin_list>
<bind>
<StgValue><ssdm name=""/></StgValue>
</bind>
</comp>

<comp id="76" class="1001" name="const_76">
<pin_list>
<pin id="77" dir="1" index="0" bw="1" slack="0"/>
</pin_list>
<bind>
<StgValue><ssdm name=""/></StgValue>
</bind>
</comp>

<comp id="78" class="1001" name="const_78">
<pin_list>
<pin id="79" dir="1" index="0" bw="1" slack="0"/>
</pin_list>
<bind>
<StgValue><ssdm name=""/></StgValue>
</bind>
</comp>

<comp id="80" class="1001" name="const_80">
<pin_list>
<pin id="81" dir="1" index="0" bw="1" slack="0"/>
</pin_list>
<bind>
<StgValue><ssdm name="_ssdm_op_BitConcatenate.i9.i1.i8"/></StgValue>
</bind>
</comp>

<comp id="82" class="1001" name="const_82">
<pin_list>
<pin id="83" dir="1" index="0" bw="1" slack="0"/>
</pin_list>
<bind>
<StgValue><ssdm name="_ssdm_op_PartSet.i64.i64.i9.i32.i32"/></StgValue>
</bind>
</comp>

<comp id="84" class="1001" name="const_84">
<pin_list>
<pin id="85" dir="1" index="0" bw="1" slack="0"/>
</pin_list>
<bind>
<StgValue><ssdm name=""/></StgValue>
</bind>
</comp>

<comp id="86" class="1001" name="const_86">
<pin_list>
<pin id="87" dir="1" index="0" bw="1" slack="0"/>
</pin_list>
<bind>
<StgValue><ssdm name=""/></StgValue>
</bind>
</comp>

<comp id="88" class="1001" name="const_88">
<pin_list>
<pin id="89" dir="1" index="0" bw="1" slack="2147483647"/>
</pin_list>
<bind>
<StgValue><ssdm name="_ssdm_op_SpecPipeline"/></StgValue>
</bind>
</comp>

<comp id="90" class="1001" name="const_90">
<pin_list>
<pin id="91" dir="1" index="0" bw="1" slack="2147483647"/>
</pin_list>
<bind>
<StgValue><ssdm name="_ssdm_op_SpecLoopTripCount"/></StgValue>
</bind>
</comp>

<comp id="92" class="1001" name="const_92">
<pin_list>
<pin id="93" dir="1" index="0" bw="1" slack="2147483647"/>
</pin_list>
<bind>
<StgValue><ssdm name="_ssdm_op_SpecLoopName"/></StgValue>
</bind>
</comp>

<comp id="94" class="1001" name="const_94">
<pin_list>
<pin id="95" dir="1" index="0" bw="1" slack="2147483647"/>
</pin_list>
<bind>
<StgValue><ssdm name="empty_11"/></StgValue>
</bind>
</comp>

<comp id="96" class="1001" name="const_96">
<pin_list>
<pin id="97" dir="1" index="0" bw="1" slack="0"/>
</pin_list>
<bind>
<StgValue><ssdm name="_ssdm_op_Write.m_axi.p1i32"/></StgValue>
</bind>
</comp>

<comp id="98" class="1001" name="const_98">
<pin_list>
<pin id="99" dir="1" index="0" bw="1" slack="0"/>
</pin_list>
<bind>
<StgValue><ssdm name=""/></StgValue>
</bind>
</comp>

<comp id="100" class="1001" name="const_100">
<pin_list>
<pin id="101" dir="1" index="0" bw="1" slack="0"/>
</pin_list>
<bind>
<StgValue><ssdm name="_ssdm_op_WriteResp.m_axi.p1i32"/></StgValue>
</bind>
</comp>

<comp id="102" class="1004" name="i1_fu_102">
<pin_list>
<pin id="103" dir="0" index="0" bw="1" slack="0"/>
<pin id="104" dir="1" index="1" bw="12" slack="0"/>
</pin_list>
<bind>
<opcode="alloca(26) " fcode="alloca"/>
<opset="i1/1 "/>
</bind>
</comp>

<comp id="106" class="1004" name="sext_ln3762_fu_106">
<pin_list>
<pin id="107" dir="0" index="0" bw="1" slack="0"/>
<pin id="108" dir="1" index="1" bw="64" slack="2"/>
</pin_list>
<bind>
<opcode="alloca(26) " fcode="alloca"/>
<opset="sext_ln3762/1 "/>
</bind>
</comp>

<comp id="110" class="1004" name="v_read_fu_110">
<pin_list>
<pin id="111" dir="0" index="0" bw="12" slack="0"/>
<pin id="112" dir="0" index="1" bw="12" slack="0"/>
<pin id="113" dir="1" index="2" bw="12" slack="0"/>
</pin_list>
<bind>
<opcode="read(1150) " fcode="read"/>
<opset="v/1 "/>
</bind>
</comp>

<comp id="116" class="1004" name="out_1_read_fu_116">
<pin_list>
<pin id="117" dir="0" index="0" bw="64" slack="0"/>
<pin id="118" dir="0" index="1" bw="64" slack="0"/>
<pin id="119" dir="1" index="2" bw="64" slack="0"/>
</pin_list>
<bind>
<opcode="read(1150) " fcode="read"/>
<opset="out_1/2 "/>
</bind>
</comp>

<comp id="122" class="1004" name="empty_writereq_fu_122">
<pin_list>
<pin id="123" dir="0" index="0" bw="1" slack="0"/>
<pin id="124" dir="0" index="1" bw="32" slack="0"/>
<pin id="125" dir="0" index="2" bw="14" slack="0"/>
<pin id="126" dir="1" index="3" bw="1" slack="2147483647"/>
</pin_list>
<bind>
<opcode="writereq(1155) " fcode="writereq"/>
<opset="empty/3 "/>
</bind>
</comp>

<comp id="129" class="1004" name="write_ln380_write_fu_129">
<pin_list>
<pin id="130" dir="0" index="0" bw="0" slack="0"/>
<pin id="131" dir="0" index="1" bw="32" slack="0"/>
<pin id="132" dir="0" index="2" bw="32" slack="1"/>
<pin id="133" dir="0" index="3" bw="1" slack="0"/>
<pin id="134" dir="1" index="4" bw="0" slack="2147483647"/>
</pin_list>
<bind>
<opcode="write(1151) " fcode="write"/>
<opset="write_ln380/4 "/>
</bind>
</comp>

<comp id="137" class="1004" name="grp_writeresp_fu_137">
<pin_list>
<pin id="138" dir="0" index="0" bw="1" slack="0"/>
<pin id="139" dir="0" index="1" bw="32" slack="1"/>
<pin id="140" dir="1" index="2" bw="1" slack="2147483647"/>
</pin_list>
<bind>
<opcode="writeresp(1158) " fcode="writeresp"/>
<opset="empty_61/5 "/>
</bind>
</comp>

<comp id="142" class="1005" name="first_iter_0_reg_142">
<pin_list>
<pin id="143" dir="0" index="0" bw="1" slack="1"/>
<pin id="144" dir="1" index="1" bw="1" slack="2147483647"/>
</pin_list>
<bind>
<opset="first_iter_0 (phireg) "/>
</bind>
</comp>

<comp id="145" class="1004" name="first_iter_0_phi_fu_145">
<pin_list>
<pin id="146" dir="0" index="0" bw="1" slack="0"/>
<pin id="147" dir="0" index="1" bw="0" slack="2147483647"/>
<pin id="148" dir="0" index="2" bw="1" slack="0"/>
<pin id="149" dir="0" index="3" bw="0" slack="2147483647"/>
<pin id="150" dir="1" index="4" bw="1" slack="1"/>
</pin_list>
<bind>
<opcode="phi(47) " fcode="phi"/>
<opset="first_iter_0/1 "/>
</bind>
</comp>

<comp id="154" class="1004" name="store_ln0_store_fu_154">
<pin_list>
<pin id="155" dir="0" index="0" bw="1" slack="0"/>
<pin id="156" dir="0" index="1" bw="12" slack="0"/>
<pin id="157" dir="1" index="2" bw="0" slack="2147483647"/>
</pin_list>
<bind>
<opcode="store(28) " fcode="store"/>
<opset="store_ln0/1 "/>
</bind>
</comp>

<comp id="159" class="1004" name="i1_load_load_fu_159">
<pin_list>
<pin id="160" dir="0" index="0" bw="12" slack="0"/>
<pin id="161" dir="1" index="1" bw="12" slack="0"/>
</pin_list>
<bind>
<opcode="load(27) " fcode="load"/>
<opset="i1_load/1 "/>
</bind>
</comp>

<comp id="162" class="1004" name="icmp_ln51_fu_162">
<pin_list>
<pin id="163" dir="0" index="0" bw="12" slack="0"/>
<pin id="164" dir="0" index="1" bw="1" slack="0"/>
<pin id="165" dir="1" index="2" bw="1" slack="1"/>
</pin_list>
<bind>
<opcode="icmp(45) " fcode="icmp"/>
<opset="icmp_ln51/1 "/>
</bind>
</comp>

<comp id="168" class="1004" name="tmp_fu_168">
<pin_list>
<pin id="169" dir="0" index="0" bw="1" slack="0"/>
<pin id="170" dir="0" index="1" bw="12" slack="0"/>
<pin id="171" dir="0" index="2" bw="5" slack="0"/>
<pin id="172" dir="1" index="3" bw="1" slack="0"/>
</pin_list>
<bind>
<opcode="bitselect(1000) " fcode="bitselect"/>
<opset="tmp/1 "/>
</bind>
</comp>

<comp id="176" class="1004" name="sub_ln51_fu_176">
<pin_list>
<pin id="177" dir="0" index="0" bw="1" slack="0"/>
<pin id="178" dir="0" index="1" bw="12" slack="0"/>
<pin id="179" dir="1" index="2" bw="12" slack="0"/>
</pin_list>
<bind>
<opcode="sub(10) " fcode="sub"/>
<opset="sub_ln51/1 "/>
</bind>
</comp>

<comp id="182" class="1004" name="select_ln51_fu_182">
<pin_list>
<pin id="183" dir="0" index="0" bw="1" slack="0"/>
<pin id="184" dir="0" index="1" bw="12" slack="0"/>
<pin id="185" dir="0" index="2" bw="12" slack="0"/>
<pin id="186" dir="1" index="3" bw="12" slack="1"/>
</pin_list>
<bind>
<opcode="select(49) " fcode="select"/>
<opset="select_ln51/1 "/>
</bind>
</comp>

<comp id="190" class="1004" name="i_fu_190">
<pin_list>
<pin id="191" dir="0" index="0" bw="12" slack="0"/>
<pin id="192" dir="0" index="1" bw="1" slack="0"/>
<pin id="193" dir="1" index="2" bw="12" slack="0"/>
</pin_list>
<bind>
<opcode="add(8) " fcode="add"/>
<opset="i/1 "/>
</bind>
</comp>

<comp id="196" class="1004" name="icmp_ln376_fu_196">
<pin_list>
<pin id="197" dir="0" index="0" bw="12" slack="0"/>
<pin id="198" dir="0" index="1" bw="1" slack="0"/>
<pin id="199" dir="1" index="2" bw="1" slack="1"/>
</pin_list>
<bind>
<opcode="icmp(45) " fcode="icmp"/>
<opset="icmp_ln376/1 "/>
</bind>
</comp>

<comp id="202" class="1004" name="store_ln376_store_fu_202">
<pin_list>
<pin id="203" dir="0" index="0" bw="12" slack="0"/>
<pin id="204" dir="0" index="1" bw="12" slack="0"/>
<pin id="205" dir="1" index="2" bw="0" slack="2147483647"/>
</pin_list>
<bind>
<opcode="store(28) " fcode="store"/>
<opset="store_ln376/1 "/>
</bind>
</comp>

<comp id="207" class="1004" name="trunc_ln_fu_207">
<pin_list>
<pin id="208" dir="0" index="0" bw="62" slack="0"/>
<pin id="209" dir="0" index="1" bw="64" slack="0"/>
<pin id="210" dir="0" index="2" bw="3" slack="0"/>
<pin id="211" dir="0" index="3" bw="7" slack="0"/>
<pin id="212" dir="1" index="4" bw="62" slack="1"/>
</pin_list>
<bind>
<opcode="partselect(1002) " fcode="partselect"/>
<opset="trunc_ln/2 "/>
</bind>
</comp>

<comp id="217" class="1004" name="tmp_1_fu_217">
<pin_list>
<pin id="218" dir="0" index="0" bw="12" slack="0"/>
<pin id="219" dir="0" index="1" bw="12" slack="1"/>
<pin id="220" dir="0" index="2" bw="1" slack="0"/>
<pin id="221" dir="1" index="3" bw="12" slack="0"/>
</pin_list>
<bind>
<opcode="ctlz(523) " fcode="ctlz"/>
<opset="tmp_1/2 "/>
</bind>
</comp>

<comp id="224" class="1004" name="trunc_ln51_fu_224">
<pin_list>
<pin id="225" dir="0" index="0" bw="12" slack="0"/>
<pin id="226" dir="1" index="1" bw="5" slack="0"/>
</pin_list>
<bind>
<opcode="trunc(33) " fcode="trunc"/>
<opset="trunc_ln51/2 "/>
</bind>
</comp>

<comp id="228" class="1004" name="add_ln51_fu_228">
<pin_list>
<pin id="229" dir="0" index="0" bw="5" slack="0"/>
<pin id="230" dir="0" index="1" bw="5" slack="0"/>
<pin id="231" dir="1" index="2" bw="5" slack="1"/>
</pin_list>
<bind>
<opcode="add(8) " fcode="add"/>
<opset="add_ln51/2 "/>
</bind>
</comp>

<comp id="234" class="1004" name="sext_ln376_fu_234">
<pin_list>
<pin id="235" dir="0" index="0" bw="62" slack="1"/>
<pin id="236" dir="1" index="1" bw="64" slack="0"/>
</pin_list>
<bind>
<opcode="sext(35) " fcode="sext"/>
<opset="sext_ln376/3 "/>
</bind>
</comp>

<comp id="237" class="1004" name="gmem3_addr_fu_237">
<pin_list>
<pin id="238" dir="0" index="0" bw="32" slack="0"/>
<pin id="239" dir="0" index="1" bw="62" slack="0"/>
<pin id="240" dir="1" index="2" bw="32" slack="0"/>
</pin_list>
<bind>
<opcode="getelementptr(29) " fcode="getelementptr"/>
<opset="gmem3_addr/3 "/>
</bind>
</comp>

<comp id="244" class="1004" name="store_ln376_store_fu_244">
<pin_list>
<pin id="245" dir="0" index="0" bw="62" slack="0"/>
<pin id="246" dir="0" index="1" bw="64" slack="2"/>
<pin id="247" dir="1" index="2" bw="0" slack="2147483647"/>
</pin_list>
<bind>
<opcode="store(28) " fcode="store"/>
<opset="store_ln376/3 "/>
</bind>
</comp>

<comp id="249" class="1004" name="zext_ln51_fu_249">
<pin_list>
<pin id="250" dir="0" index="0" bw="12" slack="2"/>
<pin id="251" dir="1" index="1" bw="36" slack="0"/>
</pin_list>
<bind>
<opcode="zext(34) " fcode="zext"/>
<opset="zext_ln51/3 "/>
</bind>
</comp>

<comp id="252" class="1004" name="zext_ln51_1_fu_252">
<pin_list>
<pin id="253" dir="0" index="0" bw="5" slack="1"/>
<pin id="254" dir="1" index="1" bw="36" slack="0"/>
</pin_list>
<bind>
<opcode="zext(34) " fcode="zext"/>
<opset="zext_ln51_1/3 "/>
</bind>
</comp>

<comp id="255" class="1004" name="shl_ln51_fu_255">
<pin_list>
<pin id="256" dir="0" index="0" bw="12" slack="0"/>
<pin id="257" dir="0" index="1" bw="5" slack="0"/>
<pin id="258" dir="1" index="2" bw="36" slack="0"/>
</pin_list>
<bind>
<opcode="shl(20) " fcode="shl"/>
<opset="shl_ln51/3 "/>
</bind>
</comp>

<comp id="261" class="1004" name="lshr_ln_fu_261">
<pin_list>
<pin id="262" dir="0" index="0" bw="35" slack="0"/>
<pin id="263" dir="0" index="1" bw="36" slack="0"/>
<pin id="264" dir="0" index="2" bw="1" slack="0"/>
<pin id="265" dir="0" index="3" bw="7" slack="0"/>
<pin id="266" dir="1" index="4" bw="35" slack="0"/>
</pin_list>
<bind>
<opcode="partselect(1002) " fcode="partselect"/>
<opset="lshr_ln/3 "/>
</bind>
</comp>

<comp id="271" class="1004" name="zext_ln51_2_fu_271">
<pin_list>
<pin id="272" dir="0" index="0" bw="35" slack="0"/>
<pin id="273" dir="1" index="1" bw="64" slack="0"/>
</pin_list>
<bind>
<opcode="zext(34) " fcode="zext"/>
<opset="zext_ln51_2/3 "/>
</bind>
</comp>

<comp id="275" class="1004" name="tmp_3_fu_275">
<pin_list>
<pin id="276" dir="0" index="0" bw="1" slack="0"/>
<pin id="277" dir="0" index="1" bw="36" slack="0"/>
<pin id="278" dir="0" index="2" bw="6" slack="0"/>
<pin id="279" dir="1" index="3" bw="1" slack="0"/>
</pin_list>
<bind>
<opcode="bitselect(1000) " fcode="bitselect"/>
<opset="tmp_3/3 "/>
</bind>
</comp>

<comp id="283" class="1004" name="select_ln51_1_fu_283">
<pin_list>
<pin id="284" dir="0" index="0" bw="1" slack="0"/>
<pin id="285" dir="0" index="1" bw="8" slack="0"/>
<pin id="286" dir="0" index="2" bw="8" slack="0"/>
<pin id="287" dir="1" index="3" bw="8" slack="0"/>
</pin_list>
<bind>
<opcode="select(49) " fcode="select"/>
<opset="select_ln51_1/3 "/>
</bind>
</comp>

<comp id="291" class="1004" name="sub_ln51_1_fu_291">
<pin_list>
<pin id="292" dir="0" index="0" bw="3" slack="0"/>
<pin id="293" dir="0" index="1" bw="5" slack="1"/>
<pin id="294" dir="1" index="2" bw="5" slack="0"/>
</pin_list>
<bind>
<opcode="sub(10) " fcode="sub"/>
<opset="sub_ln51_1/3 "/>
</bind>
</comp>

<comp id="296" class="1004" name="sext_ln51_fu_296">
<pin_list>
<pin id="297" dir="0" index="0" bw="5" slack="0"/>
<pin id="298" dir="1" index="1" bw="8" slack="0"/>
</pin_list>
<bind>
<opcode="sext(35) " fcode="sext"/>
<opset="sext_ln51/3 "/>
</bind>
</comp>

<comp id="300" class="1004" name="add_ln51_1_fu_300">
<pin_list>
<pin id="301" dir="0" index="0" bw="8" slack="0"/>
<pin id="302" dir="0" index="1" bw="5" slack="0"/>
<pin id="303" dir="1" index="2" bw="8" slack="0"/>
</pin_list>
<bind>
<opcode="add(8) " fcode="add"/>
<opset="add_ln51_1/3 "/>
</bind>
</comp>

<comp id="306" class="1004" name="tmp_2_fu_306">
<pin_list>
<pin id="307" dir="0" index="0" bw="9" slack="0"/>
<pin id="308" dir="0" index="1" bw="1" slack="2"/>
<pin id="309" dir="0" index="2" bw="8" slack="0"/>
<pin id="310" dir="1" index="3" bw="9" slack="0"/>
</pin_list>
<bind>
<opcode="bitconcatenate(1004) " fcode="bitconcatenate"/>
<opset="tmp_2/3 "/>
</bind>
</comp>

<comp id="313" class="1004" name="pi_assign_fu_313">
<pin_list>
<pin id="314" dir="0" index="0" bw="64" slack="0"/>
<pin id="315" dir="0" index="1" bw="35" slack="0"/>
<pin id="316" dir="0" index="2" bw="9" slack="0"/>
<pin id="317" dir="0" index="3" bw="6" slack="0"/>
<pin id="318" dir="0" index="4" bw="6" slack="0"/>
<pin id="319" dir="1" index="5" bw="64" slack="0"/>
</pin_list>
<bind>
<opcode="partset(1003) " fcode="partset"/>
<opset="pi_assign/3 "/>
</bind>
</comp>

<comp id="325" class="1004" name="LD_fu_325">
<pin_list>
<pin id="326" dir="0" index="0" bw="64" slack="0"/>
<pin id="327" dir="1" index="1" bw="32" slack="0"/>
</pin_list>
<bind>
<opcode="trunc(33) " fcode="trunc"/>
<opset="LD/3 "/>
</bind>
</comp>

<comp id="329" class="1004" name="empty_60_fu_329">
<pin_list>
<pin id="330" dir="0" index="0" bw="1" slack="2"/>
<pin id="331" dir="0" index="1" bw="1" slack="0"/>
<pin id="332" dir="0" index="2" bw="32" slack="0"/>
<pin id="333" dir="1" index="3" bw="32" slack="1"/>
</pin_list>
<bind>
<opcode="select(49) " fcode="select"/>
<opset="empty_60/3 "/>
</bind>
</comp>

<comp id="336" class="1004" name="sext_ln3762_load_load_fu_336">
<pin_list>
<pin id="337" dir="0" index="0" bw="64" slack="3"/>
<pin id="338" dir="1" index="1" bw="64" slack="0"/>
</pin_list>
<bind>
<opcode="load(27) " fcode="load"/>
<opset="sext_ln3762_load/4 "/>
</bind>
</comp>

<comp id="339" class="1004" name="gmem3_addr_1_fu_339">
<pin_list>
<pin id="340" dir="0" index="0" bw="32" slack="0"/>
<pin id="341" dir="0" index="1" bw="64" slack="0"/>
<pin id="342" dir="1" index="2" bw="32" slack="0"/>
</pin_list>
<bind>
<opcode="getelementptr(29) " fcode="getelementptr"/>
<opset="gmem3_addr_1/4 "/>
</bind>
</comp>

<comp id="346" class="1005" name="i1_reg_346">
<pin_list>
<pin id="347" dir="0" index="0" bw="12" slack="0"/>
<pin id="348" dir="1" index="1" bw="12" slack="0"/>
</pin_list>
<bind>
<opset="i1 "/>
</bind>
</comp>

<comp id="353" class="1005" name="sext_ln3762_reg_353">
<pin_list>
<pin id="354" dir="0" index="0" bw="64" slack="2"/>
<pin id="355" dir="1" index="1" bw="64" slack="2"/>
</pin_list>
<bind>
<opset="sext_ln3762 "/>
</bind>
</comp>

<comp id="359" class="1005" name="icmp_ln51_reg_359">
<pin_list>
<pin id="360" dir="0" index="0" bw="1" slack="1"/>
<pin id="361" dir="1" index="1" bw="1" slack="2"/>
</pin_list>
<bind>
<opset="icmp_ln51 "/>
</bind>
</comp>

<comp id="364" class="1005" name="tmp_reg_364">
<pin_list>
<pin id="365" dir="0" index="0" bw="1" slack="2"/>
<pin id="366" dir="1" index="1" bw="1" slack="2"/>
</pin_list>
<bind>
<opset="tmp "/>
</bind>
</comp>

<comp id="369" class="1005" name="select_ln51_reg_369">
<pin_list>
<pin id="370" dir="0" index="0" bw="12" slack="1"/>
<pin id="371" dir="1" index="1" bw="12" slack="1"/>
</pin_list>
<bind>
<opset="select_ln51 "/>
</bind>
</comp>

<comp id="375" class="1005" name="icmp_ln376_reg_375">
<pin_list>
<pin id="376" dir="0" index="0" bw="1" slack="1"/>
<pin id="377" dir="1" index="1" bw="1" slack="2147483647"/>
</pin_list>
<bind>
<opset="icmp_ln376 "/>
</bind>
</comp>

<comp id="379" class="1005" name="trunc_ln_reg_379">
<pin_list>
<pin id="380" dir="0" index="0" bw="62" slack="1"/>
<pin id="381" dir="1" index="1" bw="62" slack="1"/>
</pin_list>
<bind>
<opset="trunc_ln "/>
</bind>
</comp>

<comp id="384" class="1005" name="trunc_ln51_reg_384">
<pin_list>
<pin id="385" dir="0" index="0" bw="5" slack="1"/>
<pin id="386" dir="1" index="1" bw="5" slack="1"/>
</pin_list>
<bind>
<opset="trunc_ln51 "/>
</bind>
</comp>

<comp id="389" class="1005" name="add_ln51_reg_389">
<pin_list>
<pin id="390" dir="0" index="0" bw="5" slack="1"/>
<pin id="391" dir="1" index="1" bw="5" slack="1"/>
</pin_list>
<bind>
<opset="add_ln51 "/>
</bind>
</comp>

<comp id="394" class="1005" name="empty_60_reg_394">
<pin_list>
<pin id="395" dir="0" index="0" bw="32" slack="1"/>
<pin id="396" dir="1" index="1" bw="32" slack="1"/>
</pin_list>
<bind>
<opset="empty_60 "/>
</bind>
</comp>

<comp id="399" class="1005" name="gmem3_addr_1_reg_399">
<pin_list>
<pin id="400" dir="0" index="0" bw="32" slack="1"/>
<pin id="401" dir="1" index="1" bw="32" slack="1"/>
</pin_list>
<bind>
<opset="gmem3_addr_1 "/>
</bind>
</comp>

</comp_list>

<net_list>
<net id="105"><net_src comp="6" pin="0"/><net_sink comp="102" pin=0"/></net>

<net id="109"><net_src comp="6" pin="0"/><net_sink comp="106" pin=0"/></net>

<net id="114"><net_src comp="42" pin="0"/><net_sink comp="110" pin=0"/></net>

<net id="115"><net_src comp="0" pin="0"/><net_sink comp="110" pin=1"/></net>

<net id="120"><net_src comp="52" pin="0"/><net_sink comp="116" pin=0"/></net>

<net id="121"><net_src comp="4" pin="0"/><net_sink comp="116" pin=1"/></net>

<net id="127"><net_src comp="62" pin="0"/><net_sink comp="122" pin=0"/></net>

<net id="128"><net_src comp="64" pin="0"/><net_sink comp="122" pin=2"/></net>

<net id="135"><net_src comp="96" pin="0"/><net_sink comp="129" pin=0"/></net>

<net id="136"><net_src comp="98" pin="0"/><net_sink comp="129" pin=3"/></net>

<net id="141"><net_src comp="100" pin="0"/><net_sink comp="137" pin=0"/></net>

<net id="151"><net_src comp="38" pin="0"/><net_sink comp="145" pin=0"/></net>

<net id="152"><net_src comp="40" pin="0"/><net_sink comp="145" pin=2"/></net>

<net id="153"><net_src comp="145" pin="4"/><net_sink comp="142" pin=0"/></net>

<net id="158"><net_src comp="36" pin="0"/><net_sink comp="154" pin=0"/></net>

<net id="166"><net_src comp="110" pin="2"/><net_sink comp="162" pin=0"/></net>

<net id="167"><net_src comp="36" pin="0"/><net_sink comp="162" pin=1"/></net>

<net id="173"><net_src comp="44" pin="0"/><net_sink comp="168" pin=0"/></net>

<net id="174"><net_src comp="110" pin="2"/><net_sink comp="168" pin=1"/></net>

<net id="175"><net_src comp="46" pin="0"/><net_sink comp="168" pin=2"/></net>

<net id="180"><net_src comp="36" pin="0"/><net_sink comp="176" pin=0"/></net>

<net id="181"><net_src comp="110" pin="2"/><net_sink comp="176" pin=1"/></net>

<net id="187"><net_src comp="168" pin="3"/><net_sink comp="182" pin=0"/></net>

<net id="188"><net_src comp="176" pin="2"/><net_sink comp="182" pin=1"/></net>

<net id="189"><net_src comp="110" pin="2"/><net_sink comp="182" pin=2"/></net>

<net id="194"><net_src comp="159" pin="1"/><net_sink comp="190" pin=0"/></net>

<net id="195"><net_src comp="48" pin="0"/><net_sink comp="190" pin=1"/></net>

<net id="200"><net_src comp="159" pin="1"/><net_sink comp="196" pin=0"/></net>

<net id="201"><net_src comp="50" pin="0"/><net_sink comp="196" pin=1"/></net>

<net id="206"><net_src comp="190" pin="2"/><net_sink comp="202" pin=0"/></net>

<net id="213"><net_src comp="54" pin="0"/><net_sink comp="207" pin=0"/></net>

<net id="214"><net_src comp="116" pin="2"/><net_sink comp="207" pin=1"/></net>

<net id="215"><net_src comp="16" pin="0"/><net_sink comp="207" pin=2"/></net>

<net id="216"><net_src comp="56" pin="0"/><net_sink comp="207" pin=3"/></net>

<net id="222"><net_src comp="58" pin="0"/><net_sink comp="217" pin=0"/></net>

<net id="223"><net_src comp="40" pin="0"/><net_sink comp="217" pin=2"/></net>

<net id="227"><net_src comp="217" pin="3"/><net_sink comp="224" pin=0"/></net>

<net id="232"><net_src comp="224" pin="1"/><net_sink comp="228" pin=0"/></net>

<net id="233"><net_src comp="60" pin="0"/><net_sink comp="228" pin=1"/></net>

<net id="241"><net_src comp="2" pin="0"/><net_sink comp="237" pin=0"/></net>

<net id="242"><net_src comp="234" pin="1"/><net_sink comp="237" pin=1"/></net>

<net id="243"><net_src comp="237" pin="2"/><net_sink comp="122" pin=1"/></net>

<net id="248"><net_src comp="234" pin="1"/><net_sink comp="244" pin=0"/></net>

<net id="259"><net_src comp="249" pin="1"/><net_sink comp="255" pin=0"/></net>

<net id="260"><net_src comp="252" pin="1"/><net_sink comp="255" pin=1"/></net>

<net id="267"><net_src comp="66" pin="0"/><net_sink comp="261" pin=0"/></net>

<net id="268"><net_src comp="255" pin="2"/><net_sink comp="261" pin=1"/></net>

<net id="269"><net_src comp="6" pin="0"/><net_sink comp="261" pin=2"/></net>

<net id="270"><net_src comp="68" pin="0"/><net_sink comp="261" pin=3"/></net>

<net id="274"><net_src comp="261" pin="4"/><net_sink comp="271" pin=0"/></net>

<net id="280"><net_src comp="70" pin="0"/><net_sink comp="275" pin=0"/></net>

<net id="281"><net_src comp="255" pin="2"/><net_sink comp="275" pin=1"/></net>

<net id="282"><net_src comp="72" pin="0"/><net_sink comp="275" pin=2"/></net>

<net id="288"><net_src comp="275" pin="3"/><net_sink comp="283" pin=0"/></net>

<net id="289"><net_src comp="74" pin="0"/><net_sink comp="283" pin=1"/></net>

<net id="290"><net_src comp="76" pin="0"/><net_sink comp="283" pin=2"/></net>

<net id="295"><net_src comp="78" pin="0"/><net_sink comp="291" pin=0"/></net>

<net id="299"><net_src comp="291" pin="2"/><net_sink comp="296" pin=0"/></net>

<net id="304"><net_src comp="283" pin="3"/><net_sink comp="300" pin=0"/></net>

<net id="305"><net_src comp="296" pin="1"/><net_sink comp="300" pin=1"/></net>

<net id="311"><net_src comp="80" pin="0"/><net_sink comp="306" pin=0"/></net>

<net id="312"><net_src comp="300" pin="2"/><net_sink comp="306" pin=2"/></net>

<net id="320"><net_src comp="82" pin="0"/><net_sink comp="313" pin=0"/></net>

<net id="321"><net_src comp="271" pin="1"/><net_sink comp="313" pin=1"/></net>

<net id="322"><net_src comp="306" pin="3"/><net_sink comp="313" pin=2"/></net>

<net id="323"><net_src comp="84" pin="0"/><net_sink comp="313" pin=3"/></net>

<net id="324"><net_src comp="86" pin="0"/><net_sink comp="313" pin=4"/></net>

<net id="328"><net_src comp="313" pin="5"/><net_sink comp="325" pin=0"/></net>

<net id="334"><net_src comp="12" pin="0"/><net_sink comp="329" pin=1"/></net>

<net id="335"><net_src comp="325" pin="1"/><net_sink comp="329" pin=2"/></net>

<net id="343"><net_src comp="2" pin="0"/><net_sink comp="339" pin=0"/></net>

<net id="344"><net_src comp="336" pin="1"/><net_sink comp="339" pin=1"/></net>

<net id="345"><net_src comp="339" pin="2"/><net_sink comp="129" pin=1"/></net>

<net id="349"><net_src comp="102" pin="1"/><net_sink comp="346" pin=0"/></net>

<net id="350"><net_src comp="346" pin="1"/><net_sink comp="154" pin=1"/></net>

<net id="351"><net_src comp="346" pin="1"/><net_sink comp="159" pin=0"/></net>

<net id="352"><net_src comp="346" pin="1"/><net_sink comp="202" pin=1"/></net>

<net id="356"><net_src comp="106" pin="1"/><net_sink comp="353" pin=0"/></net>

<net id="357"><net_src comp="353" pin="1"/><net_sink comp="244" pin=1"/></net>

<net id="358"><net_src comp="353" pin="1"/><net_sink comp="336" pin=0"/></net>

<net id="362"><net_src comp="162" pin="2"/><net_sink comp="359" pin=0"/></net>

<net id="363"><net_src comp="359" pin="1"/><net_sink comp="329" pin=0"/></net>

<net id="367"><net_src comp="168" pin="3"/><net_sink comp="364" pin=0"/></net>

<net id="368"><net_src comp="364" pin="1"/><net_sink comp="306" pin=1"/></net>

<net id="372"><net_src comp="182" pin="3"/><net_sink comp="369" pin=0"/></net>

<net id="373"><net_src comp="369" pin="1"/><net_sink comp="217" pin=1"/></net>

<net id="374"><net_src comp="369" pin="1"/><net_sink comp="249" pin=0"/></net>

<net id="378"><net_src comp="196" pin="2"/><net_sink comp="375" pin=0"/></net>

<net id="382"><net_src comp="207" pin="4"/><net_sink comp="379" pin=0"/></net>

<net id="383"><net_src comp="379" pin="1"/><net_sink comp="234" pin=0"/></net>

<net id="387"><net_src comp="224" pin="1"/><net_sink comp="384" pin=0"/></net>

<net id="388"><net_src comp="384" pin="1"/><net_sink comp="291" pin=1"/></net>

<net id="392"><net_src comp="228" pin="2"/><net_sink comp="389" pin=0"/></net>

<net id="393"><net_src comp="389" pin="1"/><net_sink comp="252" pin=0"/></net>

<net id="397"><net_src comp="329" pin="3"/><net_sink comp="394" pin=0"/></net>

<net id="398"><net_src comp="394" pin="1"/><net_sink comp="129" pin=2"/></net>

<net id="402"><net_src comp="339" pin="2"/><net_sink comp="399" pin=0"/></net>

<net id="403"><net_src comp="399" pin="1"/><net_sink comp="137" pin=1"/></net>

</net_list>

</model> 
---------------- Datapath Model END ------------------

* FSMD analyzer results:
  - Output states:
	Port: gmem3 | {3 4 5 6 7 8 9 }
 - Input state : 
	Port: write_output : morphology_stream | {1 }
	Port: write_output : out_r | {2 }
  - Chain level:
	State 1
		store_ln0 : 1
		first_iter_0 : 1
		br_ln0 : 2
		i1_load : 1
		select_ln51 : 1
		i : 2
		icmp_ln376 : 2
		br_ln376 : 3
		store_ln376 : 3
		br_ln376 : 3
	State 2
		trunc_ln51 : 1
		add_ln51 : 2
	State 3
		gmem3_addr : 1
		empty : 2
		store_ln376 : 1
		shl_ln51 : 1
		lshr_ln : 2
		zext_ln51_2 : 3
		tmp_3 : 2
		select_ln51_1 : 3
		sext_ln51 : 1
		add_ln51_1 : 4
		tmp_2 : 5
		pi_assign : 6
		LD : 7
		empty_60 : 8
	State 4
		gmem3_addr_1 : 1
		write_ln380 : 2
	State 5
	State 6
	State 7
	State 8
	State 9


============================================================
+ Verbose Summary: Datapath Resource usage 
============================================================

* Functional unit list:
|----------|--------------------------|---------|---------|
| Operation|      Functional Unit     |    FF   |   LUT   |
|----------|--------------------------|---------|---------|
|          |    select_ln51_fu_182    |    0    |    12   |
|  select  |   select_ln51_1_fu_283   |    0    |    8    |
|          |      empty_60_fu_329     |    0    |    32   |
|----------|--------------------------|---------|---------|
|          |         i_fu_190         |    0    |    19   |
|    add   |      add_ln51_fu_228     |    0    |    12   |
|          |     add_ln51_1_fu_300    |    0    |    15   |
|----------|--------------------------|---------|---------|
|   icmp   |     icmp_ln51_fu_162     |    0    |    19   |
|          |     icmp_ln376_fu_196    |    0    |    19   |
|----------|--------------------------|---------|---------|
|    sub   |      sub_ln51_fu_176     |    0    |    19   |
|          |     sub_ln51_1_fu_291    |    0    |    12   |
|----------|--------------------------|---------|---------|
|    shl   |      shl_ln51_fu_255     |    0    |    25   |
|----------|--------------------------|---------|---------|
|   ctlz   |       tmp_1_fu_217       |    0    |    13   |
|----------|--------------------------|---------|---------|
|   read   |       v_read_fu_110      |    0    |    0    |
|          |     out_1_read_fu_116    |    0    |    0    |
|----------|--------------------------|---------|---------|
| writereq |   empty_writereq_fu_122  |    0    |    0    |
|----------|--------------------------|---------|---------|
|   write  | write_ln380_write_fu_129 |    0    |    0    |
|----------|--------------------------|---------|---------|
| writeresp|   grp_writeresp_fu_137   |    0    |    0    |
|----------|--------------------------|---------|---------|
| bitselect|        tmp_fu_168        |    0    |    0    |
|          |       tmp_3_fu_275       |    0    |    0    |
|----------|--------------------------|---------|---------|
|partselect|      trunc_ln_fu_207     |    0    |    0    |
|          |      lshr_ln_fu_261      |    0    |    0    |
|----------|--------------------------|---------|---------|
|   trunc  |     trunc_ln51_fu_224    |    0    |    0    |
|          |         LD_fu_325        |    0    |    0    |
|----------|--------------------------|---------|---------|
|   sext   |     sext_ln376_fu_234    |    0    |    0    |
|          |     sext_ln51_fu_296     |    0    |    0    |
|----------|--------------------------|---------|---------|
|          |     zext_ln51_fu_249     |    0    |    0    |
|   zext   |    zext_ln51_1_fu_252    |    0    |    0    |
|          |    zext_ln51_2_fu_271    |    0    |    0    |
|----------|--------------------------|---------|---------|
|bitconcatenate|       tmp_2_fu_306       |    0    |    0    |
|----------|--------------------------|---------|---------|
|  partset |     pi_assign_fu_313     |    0    |    0    |
|----------|--------------------------|---------|---------|
|   Total  |                          |    0    |   205   |
|----------|--------------------------|---------|---------|

Memories:
N/A

* Register list:
+--------------------+--------+
|                    |   FF   |
+--------------------+--------+
|  add_ln51_reg_389  |    5   |
|  empty_60_reg_394  |   32   |
|first_iter_0_reg_142|    1   |
|gmem3_addr_1_reg_399|   32   |
|     i1_reg_346     |   12   |
| icmp_ln376_reg_375 |    1   |
|  icmp_ln51_reg_359 |    1   |
| select_ln51_reg_369|   12   |
| sext_ln3762_reg_353|   64   |
|     tmp_reg_364    |    1   |
| trunc_ln51_reg_384 |    5   |
|  trunc_ln_reg_379  |   62   |
+--------------------+--------+
|        Total       |   228  |
+--------------------+--------+

* Multiplexer (MUX) list: 
|--------|------|------|------|--------|
|  Comp  |  Pin | Size |  BW  | S x BW |
|--------|------|------|------|--------|
|  Total |      |      |      |    0   |
|--------|------|------|------|--------|



* Summary:
+-----------+--------+--------+
|           |   FF   |   LUT  |
+-----------+--------+--------+
|  Function |    0   |   205  |
|   Memory  |    -   |    -   |
|Multiplexer|    -   |    -   |
|  Register |   228  |    -   |
+-----------+--------+--------+
|   Total   |   228  |   205  |
+-----------+--------+--------+
