

================================================================
== Vitis HLS Report for 'top_kernel_Pipeline_VITIS_LOOP_218_1_VITIS_LOOP_219_2'
================================================================
* Date:           Sat Feb 21 12:05:31 2026

* Version:        2025.1.1 (Build 6214317 on Sep 11 2025)
* Project:        project_1
* Solution:       hls (Vivado IP Flow Target)
* Product family: zynquplus
* Target device:  xczu3eg-sbva484-1-e


================================================================
== Performance Estimates
================================================================
+ Timing: 
    * Summary: 
    +--------+----------+----------+------------+
    |  Clock |  Target  | Estimated| Uncertainty|
    +--------+----------+----------+------------+
    |ap_clk  |  10.00 ns|  7.300 ns|     2.70 ns|
    +--------+----------+----------+------------+

+ Latency: 
    * Summary: 
    +---------+---------+----------+----------+-------+-------+------------------------------------------------+
    |  Latency (cycles) |  Latency (absolute) |    Interval   |                    Pipeline                    |
    |   min   |   max   |    min   |    max   |  min  |  max  |                      Type                      |
    +---------+---------+----------+----------+-------+-------+------------------------------------------------+
    |    65549|    65549|  0.655 ms|  0.655 ms|  65537|  65537|  loop auto-rewind stp (delay=0 clock cycles(s))|
    +---------+---------+----------+----------+-------+-------+------------------------------------------------+

    + Detail: 
        * Instance: 
        N/A

        * Loop: 
        +-------------------------------------+---------+---------+----------+-----------+-----------+-------+----------+
        |                                     |  Latency (cycles) | Iteration|  Initiation Interval  |  Trip |          |
        |              Loop Name              |   min   |   max   |  Latency |  achieved |   target  | Count | Pipelined|
        +-------------------------------------+---------+---------+----------+-----------+-----------+-------+----------+
        |- VITIS_LOOP_218_1_VITIS_LOOP_219_2  |    65547|    65547|        13|          1|          1|  65536|       yes|
        +-------------------------------------+---------+---------+----------+-----------+-----------+-------+----------+



================================================================
== Utilization Estimates
================================================================
* Summary: 
+-----------------+---------+-----+--------+-------+-----+
|       Name      | BRAM_18K| DSP |   FF   |  LUT  | URAM|
+-----------------+---------+-----+--------+-------+-----+
|DSP              |        -|    -|       -|      -|    -|
|Expression       |        -|    -|       0|    118|    -|
|FIFO             |        -|    -|       -|      -|    -|
|Instance         |        -|    1|     235|    155|    -|
|Memory           |        -|    -|       -|      -|    -|
|Multiplexer      |        -|    -|       0|     63|    -|
|Register         |        -|    -|     292|     96|    -|
+-----------------+---------+-----+--------+-------+-----+
|Total            |        0|    1|     527|    432|    0|
+-----------------+---------+-----+--------+-------+-----+
|Available        |      432|  360|  141120|  70560|    0|
+-----------------+---------+-----+--------+-------+-----+
|Utilization (%)  |        0|   ~0|      ~0|     ~0|    0|
+-----------------+---------+-----+--------+-------+-----+

+ Detail: 
    * Instance: 
    +------------------------+---------------------+---------+----+-----+-----+-----+
    |        Instance        |        Module       | BRAM_18K| DSP|  FF | LUT | URAM|
    +------------------------+---------------------+---------+----+-----+-----+-----+
    |mul_9ns_11ns_19_1_1_U1  |mul_9ns_11ns_19_1_1  |        0|   1|    0|    5|    0|
    |urem_9ns_3ns_2_13_1_U2  |urem_9ns_3ns_2_13_1  |        0|   0|  235|  150|    0|
    +------------------------+---------------------+---------+----+-----+-----+-----+
    |Total                   |                     |        0|   1|  235|  155|    0|
    +------------------------+---------------------+---------+----+-----+-----+-----+

    * DSP: 
    N/A

    * Memory: 
    N/A

    * FIFO: 
    N/A

    * Expression: 
    +---------------------------+----------+----+---+----+------------+------------+
    |       Variable Name       | Operation| DSP| FF| LUT| Bitwidth P0| Bitwidth P1|
    +---------------------------+----------+----+---+----+------------+------------+
    |add_ln218_1_fu_884_p2      |         +|   0|  0|  24|          17|           1|
    |add_ln218_fu_896_p2        |         +|   0|  0|  16|           9|           1|
    |add_ln219_fu_998_p2        |         +|   0|  0|  16|           9|           1|
    |ap_block_pp0_stage0_11001  |       and|   0|  0|   2|           1|           1|
    |icmp_ln218_fu_878_p2       |      icmp|   0|  0|  25|          17|          18|
    |icmp_ln219_fu_902_p2       |      icmp|   0|  0|  17|           9|          10|
    |select_ln218_1_fu_916_p3   |    select|   0|  0|   8|           1|           9|
    |select_ln218_fu_908_p3     |    select|   0|  0|   8|           1|           1|
    |ap_enable_pp0              |       xor|   0|  0|   2|           1|           2|
    +---------------------------+----------+----+---+----+------------+------------+
    |Total                      |          |   0|  0| 118|          65|          44|
    +---------------------------+----------+----+---+----+------------+------------+

    * Multiplexer: 
    +-------------------------+----+-----------+-----+-----------+
    |           Name          | LUT| Input Size| Bits| Total Bits|
    +-------------------------+----+-----------+-----+-----------+
    |ap_done_int              |   9|          2|    1|          2|
    |ap_enable_reg_pp0_iter1  |   9|          2|    1|          2|
    |ap_enable_reg_pp0_iter2  |   9|          2|    1|          2|
    |gmem0_blk_n_R            |   9|          2|    1|          2|
    |i_fu_206                 |   9|          2|    9|         18|
    |indvar_flatten_fu_210    |   9|          2|   17|         34|
    |j_fu_202                 |   9|          2|    9|         18|
    +-------------------------+----+-----------+-----+-----------+
    |Total                    |  63|         14|   39|         78|
    +-------------------------+----+-----------+-----+-----------+

    * Register: 
    +-----------------------------------+----+----+-----+-----------+
    |                Name               | FF | LUT| Bits| Const Bits|
    +-----------------------------------+----+----+-----+-----------+
    |ap_CS_fsm                          |   1|   0|    1|          0|
    |ap_done_reg                        |   1|   0|    1|          0|
    |ap_enable_reg_pp0_iter1            |   1|   0|    1|          0|
    |ap_enable_reg_pp0_iter10           |   1|   0|    1|          0|
    |ap_enable_reg_pp0_iter11           |   1|   0|    1|          0|
    |ap_enable_reg_pp0_iter12           |   1|   0|    1|          0|
    |ap_enable_reg_pp0_iter13           |   1|   0|    1|          0|
    |ap_enable_reg_pp0_iter2            |   1|   0|    1|          0|
    |ap_enable_reg_pp0_iter3            |   1|   0|    1|          0|
    |ap_enable_reg_pp0_iter4            |   1|   0|    1|          0|
    |ap_enable_reg_pp0_iter5            |   1|   0|    1|          0|
    |ap_enable_reg_pp0_iter6            |   1|   0|    1|          0|
    |ap_enable_reg_pp0_iter7            |   1|   0|    1|          0|
    |ap_enable_reg_pp0_iter8            |   1|   0|    1|          0|
    |ap_enable_reg_pp0_iter9            |   1|   0|    1|          0|
    |ap_loop_exit_ready_pp0_iter10_reg  |   1|   0|    1|          0|
    |ap_loop_exit_ready_pp0_iter11_reg  |   1|   0|    1|          0|
    |ap_loop_exit_ready_pp0_iter12_reg  |   1|   0|    1|          0|
    |ap_loop_exit_ready_pp0_iter2_reg   |   1|   0|    1|          0|
    |ap_loop_exit_ready_pp0_iter3_reg   |   1|   0|    1|          0|
    |ap_loop_exit_ready_pp0_iter4_reg   |   1|   0|    1|          0|
    |ap_loop_exit_ready_pp0_iter5_reg   |   1|   0|    1|          0|
    |ap_loop_exit_ready_pp0_iter6_reg   |   1|   0|    1|          0|
    |ap_loop_exit_ready_pp0_iter7_reg   |   1|   0|    1|          0|
    |ap_loop_exit_ready_pp0_iter8_reg   |   1|   0|    1|          0|
    |ap_loop_exit_ready_pp0_iter9_reg   |   1|   0|    1|          0|
    |i_fu_206                           |   9|   0|    9|          0|
    |indvar_flatten_fu_210              |  17|   0|   17|          0|
    |j_fu_202                           |   9|   0|    9|          0|
    |lshr_ln_reg_1131                   |   4|   0|    4|          0|
    |tmp_cast_reg_1136                  |   7|   0|    7|          0|
    |trunc_ln219_reg_1127               |   4|   0|    4|          0|
    |trunc_ln221_reg_1141               |  24|   0|   24|          0|
    |lshr_ln_reg_1131                   |  64|  32|    4|          0|
    |tmp_cast_reg_1136                  |  64|  32|    7|          0|
    |trunc_ln219_reg_1127               |  64|  32|    4|          0|
    +-----------------------------------+----+----+-----+-----------+
    |Total                              | 292|  96|  115|          0|
    +-----------------------------------+----+----+-----+-----------+



================================================================
== Interface
================================================================
* Summary: 
+-----------------------------------------------------------------------------------------------+-----+-----+------------+--------------------------------------------------------------------------------------+--------------+
|                                           RTL Ports                                           | Dir | Bits|  Protocol  |                                     Source Object                                    |    C Type    |
+-----------------------------------------------------------------------------------------------+-----+-----+------------+--------------------------------------------------------------------------------------+--------------+
|ap_clk                                                                                         |   in|    1|  ap_ctrl_hs|                                 top_kernel_Pipeline_VITIS_LOOP_218_1_VITIS_LOOP_219_2|  return value|
|ap_rst                                                                                         |   in|    1|  ap_ctrl_hs|                                 top_kernel_Pipeline_VITIS_LOOP_218_1_VITIS_LOOP_219_2|  return value|
|ap_start                                                                                       |   in|    1|  ap_ctrl_hs|                                 top_kernel_Pipeline_VITIS_LOOP_218_1_VITIS_LOOP_219_2|  return value|
|ap_done                                                                                        |  out|    1|  ap_ctrl_hs|                                 top_kernel_Pipeline_VITIS_LOOP_218_1_VITIS_LOOP_219_2|  return value|
|ap_idle                                                                                        |  out|    1|  ap_ctrl_hs|                                 top_kernel_Pipeline_VITIS_LOOP_218_1_VITIS_LOOP_219_2|  return value|
|ap_ready                                                                                       |  out|    1|  ap_ctrl_hs|                                 top_kernel_Pipeline_VITIS_LOOP_218_1_VITIS_LOOP_219_2|  return value|
|m_axi_gmem0_0_AWVALID                                                                          |  out|    1|       m_axi|                                                                                 gmem0|       pointer|
|m_axi_gmem0_0_AWREADY                                                                          |   in|    1|       m_axi|                                                                                 gmem0|       pointer|
|m_axi_gmem0_0_AWADDR                                                                           |  out|   64|       m_axi|                                                                                 gmem0|       pointer|
|m_axi_gmem0_0_AWID                                                                             |  out|    1|       m_axi|                                                                                 gmem0|       pointer|
|m_axi_gmem0_0_AWLEN                                                                            |  out|   32|       m_axi|                                                                                 gmem0|       pointer|
|m_axi_gmem0_0_AWSIZE                                                                           |  out|    3|       m_axi|                                                                                 gmem0|       pointer|
|m_axi_gmem0_0_AWBURST                                                                          |  out|    2|       m_axi|                                                                                 gmem0|       pointer|
|m_axi_gmem0_0_AWLOCK                                                                           |  out|    2|       m_axi|                                                                                 gmem0|       pointer|
|m_axi_gmem0_0_AWCACHE                                                                          |  out|    4|       m_axi|                                                                                 gmem0|       pointer|
|m_axi_gmem0_0_AWPROT                                                                           |  out|    3|       m_axi|                                                                                 gmem0|       pointer|
|m_axi_gmem0_0_AWQOS                                                                            |  out|    4|       m_axi|                                                                                 gmem0|       pointer|
|m_axi_gmem0_0_AWREGION                                                                         |  out|    4|       m_axi|                                                                                 gmem0|       pointer|
|m_axi_gmem0_0_AWUSER                                                                           |  out|    1|       m_axi|                                                                                 gmem0|       pointer|
|m_axi_gmem0_0_WVALID                                                                           |  out|    1|       m_axi|                                                                                 gmem0|       pointer|
|m_axi_gmem0_0_WREADY                                                                           |   in|    1|       m_axi|                                                                                 gmem0|       pointer|
|m_axi_gmem0_0_WDATA                                                                            |  out|   32|       m_axi|                                                                                 gmem0|       pointer|
|m_axi_gmem0_0_WSTRB                                                                            |  out|    4|       m_axi|                                                                                 gmem0|       pointer|
|m_axi_gmem0_0_WLAST                                                                            |  out|    1|       m_axi|                                                                                 gmem0|       pointer|
|m_axi_gmem0_0_WID                                                                              |  out|    1|       m_axi|                                                                                 gmem0|       pointer|
|m_axi_gmem0_0_WUSER                                                                            |  out|    1|       m_axi|                                                                                 gmem0|       pointer|
|m_axi_gmem0_0_ARVALID                                                                          |  out|    1|       m_axi|                                                                                 gmem0|       pointer|
|m_axi_gmem0_0_ARREADY                                                                          |   in|    1|       m_axi|                                                                                 gmem0|       pointer|
|m_axi_gmem0_0_ARADDR                                                                           |  out|   64|       m_axi|                                                                                 gmem0|       pointer|
|m_axi_gmem0_0_ARID                                                                             |  out|    1|       m_axi|                                                                                 gmem0|       pointer|
|m_axi_gmem0_0_ARLEN                                                                            |  out|   32|       m_axi|                                                                                 gmem0|       pointer|
|m_axi_gmem0_0_ARSIZE                                                                           |  out|    3|       m_axi|                                                                                 gmem0|       pointer|
|m_axi_gmem0_0_ARBURST                                                                          |  out|    2|       m_axi|                                                                                 gmem0|       pointer|
|m_axi_gmem0_0_ARLOCK                                                                           |  out|    2|       m_axi|                                                                                 gmem0|       pointer|
|m_axi_gmem0_0_ARCACHE                                                                          |  out|    4|       m_axi|                                                                                 gmem0|       pointer|
|m_axi_gmem0_0_ARPROT                                                                           |  out|    3|       m_axi|                                                                                 gmem0|       pointer|
|m_axi_gmem0_0_ARQOS                                                                            |  out|    4|       m_axi|                                                                                 gmem0|       pointer|
|m_axi_gmem0_0_ARREGION                                                                         |  out|    4|       m_axi|                                                                                 gmem0|       pointer|
|m_axi_gmem0_0_ARUSER                                                                           |  out|    1|       m_axi|                                                                                 gmem0|       pointer|
|m_axi_gmem0_0_RVALID                                                                           |   in|    1|       m_axi|                                                                                 gmem0|       pointer|
|m_axi_gmem0_0_RREADY                                                                           |  out|    1|       m_axi|                                                                                 gmem0|       pointer|
|m_axi_gmem0_0_RDATA                                                                            |   in|   32|       m_axi|                                                                                 gmem0|       pointer|
|m_axi_gmem0_0_RLAST                                                                            |   in|    1|       m_axi|                                                                                 gmem0|       pointer|
|m_axi_gmem0_0_RID                                                                              |   in|    1|       m_axi|                                                                                 gmem0|       pointer|
|m_axi_gmem0_0_RFIFONUM                                                                         |   in|   13|       m_axi|                                                                                 gmem0|       pointer|
|m_axi_gmem0_0_RUSER                                                                            |   in|    1|       m_axi|                                                                                 gmem0|       pointer|
|m_axi_gmem0_0_RRESP                                                                            |   in|    2|       m_axi|                                                                                 gmem0|       pointer|
|m_axi_gmem0_0_BVALID                                                                           |   in|    1|       m_axi|                                                                                 gmem0|       pointer|
|m_axi_gmem0_0_BREADY                                                                           |  out|    1|       m_axi|                                                                                 gmem0|       pointer|
|m_axi_gmem0_0_BRESP                                                                            |   in|    2|       m_axi|                                                                                 gmem0|       pointer|
|m_axi_gmem0_0_BID                                                                              |   in|    1|       m_axi|                                                                                 gmem0|       pointer|
|m_axi_gmem0_0_BUSER                                                                            |   in|    1|       m_axi|                                                                                 gmem0|       pointer|
|sext_ln218                                                                                     |   in|   62|     ap_none|                                                                            sext_ln218|        scalar|
|p_ZZ10top_kernelPA256_K8ap_fixedILi24ELi8EL9ap_q_mode0EL9ap_o_mode0ELi0EEPA256_S2_89_address0  |  out|   11|   ap_memory|  p_ZZ10top_kernelPA256_K8ap_fixedILi24ELi8EL9ap_q_mode0EL9ap_o_mode0ELi0EEPA256_S2_89|         array|
|p_ZZ10top_kernelPA256_K8ap_fixedILi24ELi8EL9ap_q_mode0EL9ap_o_mode0ELi0EEPA256_S2_89_ce0       |  out|    1|   ap_memory|  p_ZZ10top_kernelPA256_K8ap_fixedILi24ELi8EL9ap_q_mode0EL9ap_o_mode0ELi0EEPA256_S2_89|         array|
|p_ZZ10top_kernelPA256_K8ap_fixedILi24ELi8EL9ap_q_mode0EL9ap_o_mode0ELi0EEPA256_S2_89_we0       |  out|    1|   ap_memory|  p_ZZ10top_kernelPA256_K8ap_fixedILi24ELi8EL9ap_q_mode0EL9ap_o_mode0ELi0EEPA256_S2_89|         array|
|p_ZZ10top_kernelPA256_K8ap_fixedILi24ELi8EL9ap_q_mode0EL9ap_o_mode0ELi0EEPA256_S2_89_d0        |  out|   24|   ap_memory|  p_ZZ10top_kernelPA256_K8ap_fixedILi24ELi8EL9ap_q_mode0EL9ap_o_mode0ELi0EEPA256_S2_89|         array|
|p_ZZ10top_kernelPA256_K8ap_fixedILi24ELi8EL9ap_q_mode0EL9ap_o_mode0ELi0EEPA256_S2_88_address0  |  out|   11|   ap_memory|  p_ZZ10top_kernelPA256_K8ap_fixedILi24ELi8EL9ap_q_mode0EL9ap_o_mode0ELi0EEPA256_S2_88|         array|
|p_ZZ10top_kernelPA256_K8ap_fixedILi24ELi8EL9ap_q_mode0EL9ap_o_mode0ELi0EEPA256_S2_88_ce0       |  out|    1|   ap_memory|  p_ZZ10top_kernelPA256_K8ap_fixedILi24ELi8EL9ap_q_mode0EL9ap_o_mode0ELi0EEPA256_S2_88|         array|
|p_ZZ10top_kernelPA256_K8ap_fixedILi24ELi8EL9ap_q_mode0EL9ap_o_mode0ELi0EEPA256_S2_88_we0       |  out|    1|   ap_memory|  p_ZZ10top_kernelPA256_K8ap_fixedILi24ELi8EL9ap_q_mode0EL9ap_o_mode0ELi0EEPA256_S2_88|         array|
|p_ZZ10top_kernelPA256_K8ap_fixedILi24ELi8EL9ap_q_mode0EL9ap_o_mode0ELi0EEPA256_S2_88_d0        |  out|   24|   ap_memory|  p_ZZ10top_kernelPA256_K8ap_fixedILi24ELi8EL9ap_q_mode0EL9ap_o_mode0ELi0EEPA256_S2_88|         array|
|p_ZZ10top_kernelPA256_K8ap_fixedILi24ELi8EL9ap_q_mode0EL9ap_o_mode0ELi0EEPA256_S2_87_address0  |  out|   11|   ap_memory|  p_ZZ10top_kernelPA256_K8ap_fixedILi24ELi8EL9ap_q_mode0EL9ap_o_mode0ELi0EEPA256_S2_87|         array|
|p_ZZ10top_kernelPA256_K8ap_fixedILi24ELi8EL9ap_q_mode0EL9ap_o_mode0ELi0EEPA256_S2_87_ce0       |  out|    1|   ap_memory|  p_ZZ10top_kernelPA256_K8ap_fixedILi24ELi8EL9ap_q_mode0EL9ap_o_mode0ELi0EEPA256_S2_87|         array|
|p_ZZ10top_kernelPA256_K8ap_fixedILi24ELi8EL9ap_q_mode0EL9ap_o_mode0ELi0EEPA256_S2_87_we0       |  out|    1|   ap_memory|  p_ZZ10top_kernelPA256_K8ap_fixedILi24ELi8EL9ap_q_mode0EL9ap_o_mode0ELi0EEPA256_S2_87|         array|
|p_ZZ10top_kernelPA256_K8ap_fixedILi24ELi8EL9ap_q_mode0EL9ap_o_mode0ELi0EEPA256_S2_87_d0        |  out|   24|   ap_memory|  p_ZZ10top_kernelPA256_K8ap_fixedILi24ELi8EL9ap_q_mode0EL9ap_o_mode0ELi0EEPA256_S2_87|         array|
|p_ZZ10top_kernelPA256_K8ap_fixedILi24ELi8EL9ap_q_mode0EL9ap_o_mode0ELi0EEPA256_S2_71_address0  |  out|   11|   ap_memory|  p_ZZ10top_kernelPA256_K8ap_fixedILi24ELi8EL9ap_q_mode0EL9ap_o_mode0ELi0EEPA256_S2_71|         array|
|p_ZZ10top_kernelPA256_K8ap_fixedILi24ELi8EL9ap_q_mode0EL9ap_o_mode0ELi0EEPA256_S2_71_ce0       |  out|    1|   ap_memory|  p_ZZ10top_kernelPA256_K8ap_fixedILi24ELi8EL9ap_q_mode0EL9ap_o_mode0ELi0EEPA256_S2_71|         array|
|p_ZZ10top_kernelPA256_K8ap_fixedILi24ELi8EL9ap_q_mode0EL9ap_o_mode0ELi0EEPA256_S2_71_we0       |  out|    1|   ap_memory|  p_ZZ10top_kernelPA256_K8ap_fixedILi24ELi8EL9ap_q_mode0EL9ap_o_mode0ELi0EEPA256_S2_71|         array|
|p_ZZ10top_kernelPA256_K8ap_fixedILi24ELi8EL9ap_q_mode0EL9ap_o_mode0ELi0EEPA256_S2_71_d0        |  out|   24|   ap_memory|  p_ZZ10top_kernelPA256_K8ap_fixedILi24ELi8EL9ap_q_mode0EL9ap_o_mode0ELi0EEPA256_S2_71|         array|
|p_ZZ10top_kernelPA256_K8ap_fixedILi24ELi8EL9ap_q_mode0EL9ap_o_mode0ELi0EEPA256_S2_70_address0  |  out|   11|   ap_memory|  p_ZZ10top_kernelPA256_K8ap_fixedILi24ELi8EL9ap_q_mode0EL9ap_o_mode0ELi0EEPA256_S2_70|         array|
|p_ZZ10top_kernelPA256_K8ap_fixedILi24ELi8EL9ap_q_mode0EL9ap_o_mode0ELi0EEPA256_S2_70_ce0       |  out|    1|   ap_memory|  p_ZZ10top_kernelPA256_K8ap_fixedILi24ELi8EL9ap_q_mode0EL9ap_o_mode0ELi0EEPA256_S2_70|         array|
|p_ZZ10top_kernelPA256_K8ap_fixedILi24ELi8EL9ap_q_mode0EL9ap_o_mode0ELi0EEPA256_S2_70_we0       |  out|    1|   ap_memory|  p_ZZ10top_kernelPA256_K8ap_fixedILi24ELi8EL9ap_q_mode0EL9ap_o_mode0ELi0EEPA256_S2_70|         array|
|p_ZZ10top_kernelPA256_K8ap_fixedILi24ELi8EL9ap_q_mode0EL9ap_o_mode0ELi0EEPA256_S2_70_d0        |  out|   24|   ap_memory|  p_ZZ10top_kernelPA256_K8ap_fixedILi24ELi8EL9ap_q_mode0EL9ap_o_mode0ELi0EEPA256_S2_70|         array|
|p_ZZ10top_kernelPA256_K8ap_fixedILi24ELi8EL9ap_q_mode0EL9ap_o_mode0ELi0EEPA256_S2_69_address0  |  out|   11|   ap_memory|  p_ZZ10top_kernelPA256_K8ap_fixedILi24ELi8EL9ap_q_mode0EL9ap_o_mode0ELi0EEPA256_S2_69|         array|
|p_ZZ10top_kernelPA256_K8ap_fixedILi24ELi8EL9ap_q_mode0EL9ap_o_mode0ELi0EEPA256_S2_69_ce0       |  out|    1|   ap_memory|  p_ZZ10top_kernelPA256_K8ap_fixedILi24ELi8EL9ap_q_mode0EL9ap_o_mode0ELi0EEPA256_S2_69|         array|
|p_ZZ10top_kernelPA256_K8ap_fixedILi24ELi8EL9ap_q_mode0EL9ap_o_mode0ELi0EEPA256_S2_69_we0       |  out|    1|   ap_memory|  p_ZZ10top_kernelPA256_K8ap_fixedILi24ELi8EL9ap_q_mode0EL9ap_o_mode0ELi0EEPA256_S2_69|         array|
|p_ZZ10top_kernelPA256_K8ap_fixedILi24ELi8EL9ap_q_mode0EL9ap_o_mode0ELi0EEPA256_S2_69_d0        |  out|   24|   ap_memory|  p_ZZ10top_kernelPA256_K8ap_fixedILi24ELi8EL9ap_q_mode0EL9ap_o_mode0ELi0EEPA256_S2_69|         array|
|p_ZZ10top_kernelPA256_K8ap_fixedILi24ELi8EL9ap_q_mode0EL9ap_o_mode0ELi0EEPA256_S2_68_address0  |  out|   11|   ap_memory|  p_ZZ10top_kernelPA256_K8ap_fixedILi24ELi8EL9ap_q_mode0EL9ap_o_mode0ELi0EEPA256_S2_68|         array|
|p_ZZ10top_kernelPA256_K8ap_fixedILi24ELi8EL9ap_q_mode0EL9ap_o_mode0ELi0EEPA256_S2_68_ce0       |  out|    1|   ap_memory|  p_ZZ10top_kernelPA256_K8ap_fixedILi24ELi8EL9ap_q_mode0EL9ap_o_mode0ELi0EEPA256_S2_68|         array|
|p_ZZ10top_kernelPA256_K8ap_fixedILi24ELi8EL9ap_q_mode0EL9ap_o_mode0ELi0EEPA256_S2_68_we0       |  out|    1|   ap_memory|  p_ZZ10top_kernelPA256_K8ap_fixedILi24ELi8EL9ap_q_mode0EL9ap_o_mode0ELi0EEPA256_S2_68|         array|
|p_ZZ10top_kernelPA256_K8ap_fixedILi24ELi8EL9ap_q_mode0EL9ap_o_mode0ELi0EEPA256_S2_68_d0        |  out|   24|   ap_memory|  p_ZZ10top_kernelPA256_K8ap_fixedILi24ELi8EL9ap_q_mode0EL9ap_o_mode0ELi0EEPA256_S2_68|         array|
|p_ZZ10top_kernelPA256_K8ap_fixedILi24ELi8EL9ap_q_mode0EL9ap_o_mode0ELi0EEPA256_S2_67_address0  |  out|   11|   ap_memory|  p_ZZ10top_kernelPA256_K8ap_fixedILi24ELi8EL9ap_q_mode0EL9ap_o_mode0ELi0EEPA256_S2_67|         array|
|p_ZZ10top_kernelPA256_K8ap_fixedILi24ELi8EL9ap_q_mode0EL9ap_o_mode0ELi0EEPA256_S2_67_ce0       |  out|    1|   ap_memory|  p_ZZ10top_kernelPA256_K8ap_fixedILi24ELi8EL9ap_q_mode0EL9ap_o_mode0ELi0EEPA256_S2_67|         array|
|p_ZZ10top_kernelPA256_K8ap_fixedILi24ELi8EL9ap_q_mode0EL9ap_o_mode0ELi0EEPA256_S2_67_we0       |  out|    1|   ap_memory|  p_ZZ10top_kernelPA256_K8ap_fixedILi24ELi8EL9ap_q_mode0EL9ap_o_mode0ELi0EEPA256_S2_67|         array|
|p_ZZ10top_kernelPA256_K8ap_fixedILi24ELi8EL9ap_q_mode0EL9ap_o_mode0ELi0EEPA256_S2_67_d0        |  out|   24|   ap_memory|  p_ZZ10top_kernelPA256_K8ap_fixedILi24ELi8EL9ap_q_mode0EL9ap_o_mode0ELi0EEPA256_S2_67|         array|
|p_ZZ10top_kernelPA256_K8ap_fixedILi24ELi8EL9ap_q_mode0EL9ap_o_mode0ELi0EEPA256_S2_66_address0  |  out|   11|   ap_memory|  p_ZZ10top_kernelPA256_K8ap_fixedILi24ELi8EL9ap_q_mode0EL9ap_o_mode0ELi0EEPA256_S2_66|         array|
|p_ZZ10top_kernelPA256_K8ap_fixedILi24ELi8EL9ap_q_mode0EL9ap_o_mode0ELi0EEPA256_S2_66_ce0       |  out|    1|   ap_memory|  p_ZZ10top_kernelPA256_K8ap_fixedILi24ELi8EL9ap_q_mode0EL9ap_o_mode0ELi0EEPA256_S2_66|         array|
|p_ZZ10top_kernelPA256_K8ap_fixedILi24ELi8EL9ap_q_mode0EL9ap_o_mode0ELi0EEPA256_S2_66_we0       |  out|    1|   ap_memory|  p_ZZ10top_kernelPA256_K8ap_fixedILi24ELi8EL9ap_q_mode0EL9ap_o_mode0ELi0EEPA256_S2_66|         array|
|p_ZZ10top_kernelPA256_K8ap_fixedILi24ELi8EL9ap_q_mode0EL9ap_o_mode0ELi0EEPA256_S2_66_d0        |  out|   24|   ap_memory|  p_ZZ10top_kernelPA256_K8ap_fixedILi24ELi8EL9ap_q_mode0EL9ap_o_mode0ELi0EEPA256_S2_66|         array|
|p_ZZ10top_kernelPA256_K8ap_fixedILi24ELi8EL9ap_q_mode0EL9ap_o_mode0ELi0EEPA256_S2_65_address0  |  out|   11|   ap_memory|  p_ZZ10top_kernelPA256_K8ap_fixedILi24ELi8EL9ap_q_mode0EL9ap_o_mode0ELi0EEPA256_S2_65|         array|
|p_ZZ10top_kernelPA256_K8ap_fixedILi24ELi8EL9ap_q_mode0EL9ap_o_mode0ELi0EEPA256_S2_65_ce0       |  out|    1|   ap_memory|  p_ZZ10top_kernelPA256_K8ap_fixedILi24ELi8EL9ap_q_mode0EL9ap_o_mode0ELi0EEPA256_S2_65|         array|
|p_ZZ10top_kernelPA256_K8ap_fixedILi24ELi8EL9ap_q_mode0EL9ap_o_mode0ELi0EEPA256_S2_65_we0       |  out|    1|   ap_memory|  p_ZZ10top_kernelPA256_K8ap_fixedILi24ELi8EL9ap_q_mode0EL9ap_o_mode0ELi0EEPA256_S2_65|         array|
|p_ZZ10top_kernelPA256_K8ap_fixedILi24ELi8EL9ap_q_mode0EL9ap_o_mode0ELi0EEPA256_S2_65_d0        |  out|   24|   ap_memory|  p_ZZ10top_kernelPA256_K8ap_fixedILi24ELi8EL9ap_q_mode0EL9ap_o_mode0ELi0EEPA256_S2_65|         array|
|p_ZZ10top_kernelPA256_K8ap_fixedILi24ELi8EL9ap_q_mode0EL9ap_o_mode0ELi0EEPA256_S2_64_address0  |  out|   11|   ap_memory|  p_ZZ10top_kernelPA256_K8ap_fixedILi24ELi8EL9ap_q_mode0EL9ap_o_mode0ELi0EEPA256_S2_64|         array|
|p_ZZ10top_kernelPA256_K8ap_fixedILi24ELi8EL9ap_q_mode0EL9ap_o_mode0ELi0EEPA256_S2_64_ce0       |  out|    1|   ap_memory|  p_ZZ10top_kernelPA256_K8ap_fixedILi24ELi8EL9ap_q_mode0EL9ap_o_mode0ELi0EEPA256_S2_64|         array|
|p_ZZ10top_kernelPA256_K8ap_fixedILi24ELi8EL9ap_q_mode0EL9ap_o_mode0ELi0EEPA256_S2_64_we0       |  out|    1|   ap_memory|  p_ZZ10top_kernelPA256_K8ap_fixedILi24ELi8EL9ap_q_mode0EL9ap_o_mode0ELi0EEPA256_S2_64|         array|
|p_ZZ10top_kernelPA256_K8ap_fixedILi24ELi8EL9ap_q_mode0EL9ap_o_mode0ELi0EEPA256_S2_64_d0        |  out|   24|   ap_memory|  p_ZZ10top_kernelPA256_K8ap_fixedILi24ELi8EL9ap_q_mode0EL9ap_o_mode0ELi0EEPA256_S2_64|         array|
|p_ZZ10top_kernelPA256_K8ap_fixedILi24ELi8EL9ap_q_mode0EL9ap_o_mode0ELi0EEPA256_S2_63_address0  |  out|   11|   ap_memory|  p_ZZ10top_kernelPA256_K8ap_fixedILi24ELi8EL9ap_q_mode0EL9ap_o_mode0ELi0EEPA256_S2_63|         array|
|p_ZZ10top_kernelPA256_K8ap_fixedILi24ELi8EL9ap_q_mode0EL9ap_o_mode0ELi0EEPA256_S2_63_ce0       |  out|    1|   ap_memory|  p_ZZ10top_kernelPA256_K8ap_fixedILi24ELi8EL9ap_q_mode0EL9ap_o_mode0ELi0EEPA256_S2_63|         array|
|p_ZZ10top_kernelPA256_K8ap_fixedILi24ELi8EL9ap_q_mode0EL9ap_o_mode0ELi0EEPA256_S2_63_we0       |  out|    1|   ap_memory|  p_ZZ10top_kernelPA256_K8ap_fixedILi24ELi8EL9ap_q_mode0EL9ap_o_mode0ELi0EEPA256_S2_63|         array|
|p_ZZ10top_kernelPA256_K8ap_fixedILi24ELi8EL9ap_q_mode0EL9ap_o_mode0ELi0EEPA256_S2_63_d0        |  out|   24|   ap_memory|  p_ZZ10top_kernelPA256_K8ap_fixedILi24ELi8EL9ap_q_mode0EL9ap_o_mode0ELi0EEPA256_S2_63|         array|
|p_ZZ10top_kernelPA256_K8ap_fixedILi24ELi8EL9ap_q_mode0EL9ap_o_mode0ELi0EEPA256_S2_62_address0  |  out|   11|   ap_memory|  p_ZZ10top_kernelPA256_K8ap_fixedILi24ELi8EL9ap_q_mode0EL9ap_o_mode0ELi0EEPA256_S2_62|         array|
|p_ZZ10top_kernelPA256_K8ap_fixedILi24ELi8EL9ap_q_mode0EL9ap_o_mode0ELi0EEPA256_S2_62_ce0       |  out|    1|   ap_memory|  p_ZZ10top_kernelPA256_K8ap_fixedILi24ELi8EL9ap_q_mode0EL9ap_o_mode0ELi0EEPA256_S2_62|         array|
|p_ZZ10top_kernelPA256_K8ap_fixedILi24ELi8EL9ap_q_mode0EL9ap_o_mode0ELi0EEPA256_S2_62_we0       |  out|    1|   ap_memory|  p_ZZ10top_kernelPA256_K8ap_fixedILi24ELi8EL9ap_q_mode0EL9ap_o_mode0ELi0EEPA256_S2_62|         array|
|p_ZZ10top_kernelPA256_K8ap_fixedILi24ELi8EL9ap_q_mode0EL9ap_o_mode0ELi0EEPA256_S2_62_d0        |  out|   24|   ap_memory|  p_ZZ10top_kernelPA256_K8ap_fixedILi24ELi8EL9ap_q_mode0EL9ap_o_mode0ELi0EEPA256_S2_62|         array|
|p_ZZ10top_kernelPA256_K8ap_fixedILi24ELi8EL9ap_q_mode0EL9ap_o_mode0ELi0EEPA256_S2_61_address0  |  out|   11|   ap_memory|  p_ZZ10top_kernelPA256_K8ap_fixedILi24ELi8EL9ap_q_mode0EL9ap_o_mode0ELi0EEPA256_S2_61|         array|
|p_ZZ10top_kernelPA256_K8ap_fixedILi24ELi8EL9ap_q_mode0EL9ap_o_mode0ELi0EEPA256_S2_61_ce0       |  out|    1|   ap_memory|  p_ZZ10top_kernelPA256_K8ap_fixedILi24ELi8EL9ap_q_mode0EL9ap_o_mode0ELi0EEPA256_S2_61|         array|
|p_ZZ10top_kernelPA256_K8ap_fixedILi24ELi8EL9ap_q_mode0EL9ap_o_mode0ELi0EEPA256_S2_61_we0       |  out|    1|   ap_memory|  p_ZZ10top_kernelPA256_K8ap_fixedILi24ELi8EL9ap_q_mode0EL9ap_o_mode0ELi0EEPA256_S2_61|         array|
|p_ZZ10top_kernelPA256_K8ap_fixedILi24ELi8EL9ap_q_mode0EL9ap_o_mode0ELi0EEPA256_S2_61_d0        |  out|   24|   ap_memory|  p_ZZ10top_kernelPA256_K8ap_fixedILi24ELi8EL9ap_q_mode0EL9ap_o_mode0ELi0EEPA256_S2_61|         array|
|p_ZZ10top_kernelPA256_K8ap_fixedILi24ELi8EL9ap_q_mode0EL9ap_o_mode0ELi0EEPA256_S2_60_address0  |  out|   11|   ap_memory|  p_ZZ10top_kernelPA256_K8ap_fixedILi24ELi8EL9ap_q_mode0EL9ap_o_mode0ELi0EEPA256_S2_60|         array|
|p_ZZ10top_kernelPA256_K8ap_fixedILi24ELi8EL9ap_q_mode0EL9ap_o_mode0ELi0EEPA256_S2_60_ce0       |  out|    1|   ap_memory|  p_ZZ10top_kernelPA256_K8ap_fixedILi24ELi8EL9ap_q_mode0EL9ap_o_mode0ELi0EEPA256_S2_60|         array|
|p_ZZ10top_kernelPA256_K8ap_fixedILi24ELi8EL9ap_q_mode0EL9ap_o_mode0ELi0EEPA256_S2_60_we0       |  out|    1|   ap_memory|  p_ZZ10top_kernelPA256_K8ap_fixedILi24ELi8EL9ap_q_mode0EL9ap_o_mode0ELi0EEPA256_S2_60|         array|
|p_ZZ10top_kernelPA256_K8ap_fixedILi24ELi8EL9ap_q_mode0EL9ap_o_mode0ELi0EEPA256_S2_60_d0        |  out|   24|   ap_memory|  p_ZZ10top_kernelPA256_K8ap_fixedILi24ELi8EL9ap_q_mode0EL9ap_o_mode0ELi0EEPA256_S2_60|         array|
|p_ZZ10top_kernelPA256_K8ap_fixedILi24ELi8EL9ap_q_mode0EL9ap_o_mode0ELi0EEPA256_S2_59_address0  |  out|   11|   ap_memory|  p_ZZ10top_kernelPA256_K8ap_fixedILi24ELi8EL9ap_q_mode0EL9ap_o_mode0ELi0EEPA256_S2_59|         array|
|p_ZZ10top_kernelPA256_K8ap_fixedILi24ELi8EL9ap_q_mode0EL9ap_o_mode0ELi0EEPA256_S2_59_ce0       |  out|    1|   ap_memory|  p_ZZ10top_kernelPA256_K8ap_fixedILi24ELi8EL9ap_q_mode0EL9ap_o_mode0ELi0EEPA256_S2_59|         array|
|p_ZZ10top_kernelPA256_K8ap_fixedILi24ELi8EL9ap_q_mode0EL9ap_o_mode0ELi0EEPA256_S2_59_we0       |  out|    1|   ap_memory|  p_ZZ10top_kernelPA256_K8ap_fixedILi24ELi8EL9ap_q_mode0EL9ap_o_mode0ELi0EEPA256_S2_59|         array|
|p_ZZ10top_kernelPA256_K8ap_fixedILi24ELi8EL9ap_q_mode0EL9ap_o_mode0ELi0EEPA256_S2_59_d0        |  out|   24|   ap_memory|  p_ZZ10top_kernelPA256_K8ap_fixedILi24ELi8EL9ap_q_mode0EL9ap_o_mode0ELi0EEPA256_S2_59|         array|
|p_ZZ10top_kernelPA256_K8ap_fixedILi24ELi8EL9ap_q_mode0EL9ap_o_mode0ELi0EEPA256_S2_58_address0  |  out|   11|   ap_memory|  p_ZZ10top_kernelPA256_K8ap_fixedILi24ELi8EL9ap_q_mode0EL9ap_o_mode0ELi0EEPA256_S2_58|         array|
|p_ZZ10top_kernelPA256_K8ap_fixedILi24ELi8EL9ap_q_mode0EL9ap_o_mode0ELi0EEPA256_S2_58_ce0       |  out|    1|   ap_memory|  p_ZZ10top_kernelPA256_K8ap_fixedILi24ELi8EL9ap_q_mode0EL9ap_o_mode0ELi0EEPA256_S2_58|         array|
|p_ZZ10top_kernelPA256_K8ap_fixedILi24ELi8EL9ap_q_mode0EL9ap_o_mode0ELi0EEPA256_S2_58_we0       |  out|    1|   ap_memory|  p_ZZ10top_kernelPA256_K8ap_fixedILi24ELi8EL9ap_q_mode0EL9ap_o_mode0ELi0EEPA256_S2_58|         array|
|p_ZZ10top_kernelPA256_K8ap_fixedILi24ELi8EL9ap_q_mode0EL9ap_o_mode0ELi0EEPA256_S2_58_d0        |  out|   24|   ap_memory|  p_ZZ10top_kernelPA256_K8ap_fixedILi24ELi8EL9ap_q_mode0EL9ap_o_mode0ELi0EEPA256_S2_58|         array|
|p_ZZ10top_kernelPA256_K8ap_fixedILi24ELi8EL9ap_q_mode0EL9ap_o_mode0ELi0EEPA256_S2_57_address0  |  out|   11|   ap_memory|  p_ZZ10top_kernelPA256_K8ap_fixedILi24ELi8EL9ap_q_mode0EL9ap_o_mode0ELi0EEPA256_S2_57|         array|
|p_ZZ10top_kernelPA256_K8ap_fixedILi24ELi8EL9ap_q_mode0EL9ap_o_mode0ELi0EEPA256_S2_57_ce0       |  out|    1|   ap_memory|  p_ZZ10top_kernelPA256_K8ap_fixedILi24ELi8EL9ap_q_mode0EL9ap_o_mode0ELi0EEPA256_S2_57|         array|
|p_ZZ10top_kernelPA256_K8ap_fixedILi24ELi8EL9ap_q_mode0EL9ap_o_mode0ELi0EEPA256_S2_57_we0       |  out|    1|   ap_memory|  p_ZZ10top_kernelPA256_K8ap_fixedILi24ELi8EL9ap_q_mode0EL9ap_o_mode0ELi0EEPA256_S2_57|         array|
|p_ZZ10top_kernelPA256_K8ap_fixedILi24ELi8EL9ap_q_mode0EL9ap_o_mode0ELi0EEPA256_S2_57_d0        |  out|   24|   ap_memory|  p_ZZ10top_kernelPA256_K8ap_fixedILi24ELi8EL9ap_q_mode0EL9ap_o_mode0ELi0EEPA256_S2_57|         array|
|p_ZZ10top_kernelPA256_K8ap_fixedILi24ELi8EL9ap_q_mode0EL9ap_o_mode0ELi0EEPA256_S2_56_address0  |  out|   11|   ap_memory|  p_ZZ10top_kernelPA256_K8ap_fixedILi24ELi8EL9ap_q_mode0EL9ap_o_mode0ELi0EEPA256_S2_56|         array|
|p_ZZ10top_kernelPA256_K8ap_fixedILi24ELi8EL9ap_q_mode0EL9ap_o_mode0ELi0EEPA256_S2_56_ce0       |  out|    1|   ap_memory|  p_ZZ10top_kernelPA256_K8ap_fixedILi24ELi8EL9ap_q_mode0EL9ap_o_mode0ELi0EEPA256_S2_56|         array|
|p_ZZ10top_kernelPA256_K8ap_fixedILi24ELi8EL9ap_q_mode0EL9ap_o_mode0ELi0EEPA256_S2_56_we0       |  out|    1|   ap_memory|  p_ZZ10top_kernelPA256_K8ap_fixedILi24ELi8EL9ap_q_mode0EL9ap_o_mode0ELi0EEPA256_S2_56|         array|
|p_ZZ10top_kernelPA256_K8ap_fixedILi24ELi8EL9ap_q_mode0EL9ap_o_mode0ELi0EEPA256_S2_56_d0        |  out|   24|   ap_memory|  p_ZZ10top_kernelPA256_K8ap_fixedILi24ELi8EL9ap_q_mode0EL9ap_o_mode0ELi0EEPA256_S2_56|         array|
|p_ZZ10top_kernelPA256_K8ap_fixedILi24ELi8EL9ap_q_mode0EL9ap_o_mode0ELi0EEPA256_S2_55_address0  |  out|   11|   ap_memory|  p_ZZ10top_kernelPA256_K8ap_fixedILi24ELi8EL9ap_q_mode0EL9ap_o_mode0ELi0EEPA256_S2_55|         array|
|p_ZZ10top_kernelPA256_K8ap_fixedILi24ELi8EL9ap_q_mode0EL9ap_o_mode0ELi0EEPA256_S2_55_ce0       |  out|    1|   ap_memory|  p_ZZ10top_kernelPA256_K8ap_fixedILi24ELi8EL9ap_q_mode0EL9ap_o_mode0ELi0EEPA256_S2_55|         array|
|p_ZZ10top_kernelPA256_K8ap_fixedILi24ELi8EL9ap_q_mode0EL9ap_o_mode0ELi0EEPA256_S2_55_we0       |  out|    1|   ap_memory|  p_ZZ10top_kernelPA256_K8ap_fixedILi24ELi8EL9ap_q_mode0EL9ap_o_mode0ELi0EEPA256_S2_55|         array|
|p_ZZ10top_kernelPA256_K8ap_fixedILi24ELi8EL9ap_q_mode0EL9ap_o_mode0ELi0EEPA256_S2_55_d0        |  out|   24|   ap_memory|  p_ZZ10top_kernelPA256_K8ap_fixedILi24ELi8EL9ap_q_mode0EL9ap_o_mode0ELi0EEPA256_S2_55|         array|
|p_ZZ10top_kernelPA256_K8ap_fixedILi24ELi8EL9ap_q_mode0EL9ap_o_mode0ELi0EEPA256_S2_54_address0  |  out|   11|   ap_memory|  p_ZZ10top_kernelPA256_K8ap_fixedILi24ELi8EL9ap_q_mode0EL9ap_o_mode0ELi0EEPA256_S2_54|         array|
|p_ZZ10top_kernelPA256_K8ap_fixedILi24ELi8EL9ap_q_mode0EL9ap_o_mode0ELi0EEPA256_S2_54_ce0       |  out|    1|   ap_memory|  p_ZZ10top_kernelPA256_K8ap_fixedILi24ELi8EL9ap_q_mode0EL9ap_o_mode0ELi0EEPA256_S2_54|         array|
|p_ZZ10top_kernelPA256_K8ap_fixedILi24ELi8EL9ap_q_mode0EL9ap_o_mode0ELi0EEPA256_S2_54_we0       |  out|    1|   ap_memory|  p_ZZ10top_kernelPA256_K8ap_fixedILi24ELi8EL9ap_q_mode0EL9ap_o_mode0ELi0EEPA256_S2_54|         array|
|p_ZZ10top_kernelPA256_K8ap_fixedILi24ELi8EL9ap_q_mode0EL9ap_o_mode0ELi0EEPA256_S2_54_d0        |  out|   24|   ap_memory|  p_ZZ10top_kernelPA256_K8ap_fixedILi24ELi8EL9ap_q_mode0EL9ap_o_mode0ELi0EEPA256_S2_54|         array|
|p_ZZ10top_kernelPA256_K8ap_fixedILi24ELi8EL9ap_q_mode0EL9ap_o_mode0ELi0EEPA256_S2_53_address0  |  out|   11|   ap_memory|  p_ZZ10top_kernelPA256_K8ap_fixedILi24ELi8EL9ap_q_mode0EL9ap_o_mode0ELi0EEPA256_S2_53|         array|
|p_ZZ10top_kernelPA256_K8ap_fixedILi24ELi8EL9ap_q_mode0EL9ap_o_mode0ELi0EEPA256_S2_53_ce0       |  out|    1|   ap_memory|  p_ZZ10top_kernelPA256_K8ap_fixedILi24ELi8EL9ap_q_mode0EL9ap_o_mode0ELi0EEPA256_S2_53|         array|
|p_ZZ10top_kernelPA256_K8ap_fixedILi24ELi8EL9ap_q_mode0EL9ap_o_mode0ELi0EEPA256_S2_53_we0       |  out|    1|   ap_memory|  p_ZZ10top_kernelPA256_K8ap_fixedILi24ELi8EL9ap_q_mode0EL9ap_o_mode0ELi0EEPA256_S2_53|         array|
|p_ZZ10top_kernelPA256_K8ap_fixedILi24ELi8EL9ap_q_mode0EL9ap_o_mode0ELi0EEPA256_S2_53_d0        |  out|   24|   ap_memory|  p_ZZ10top_kernelPA256_K8ap_fixedILi24ELi8EL9ap_q_mode0EL9ap_o_mode0ELi0EEPA256_S2_53|         array|
|p_ZZ10top_kernelPA256_K8ap_fixedILi24ELi8EL9ap_q_mode0EL9ap_o_mode0ELi0EEPA256_S2_52_address0  |  out|   11|   ap_memory|  p_ZZ10top_kernelPA256_K8ap_fixedILi24ELi8EL9ap_q_mode0EL9ap_o_mode0ELi0EEPA256_S2_52|         array|
|p_ZZ10top_kernelPA256_K8ap_fixedILi24ELi8EL9ap_q_mode0EL9ap_o_mode0ELi0EEPA256_S2_52_ce0       |  out|    1|   ap_memory|  p_ZZ10top_kernelPA256_K8ap_fixedILi24ELi8EL9ap_q_mode0EL9ap_o_mode0ELi0EEPA256_S2_52|         array|
|p_ZZ10top_kernelPA256_K8ap_fixedILi24ELi8EL9ap_q_mode0EL9ap_o_mode0ELi0EEPA256_S2_52_we0       |  out|    1|   ap_memory|  p_ZZ10top_kernelPA256_K8ap_fixedILi24ELi8EL9ap_q_mode0EL9ap_o_mode0ELi0EEPA256_S2_52|         array|
|p_ZZ10top_kernelPA256_K8ap_fixedILi24ELi8EL9ap_q_mode0EL9ap_o_mode0ELi0EEPA256_S2_52_d0        |  out|   24|   ap_memory|  p_ZZ10top_kernelPA256_K8ap_fixedILi24ELi8EL9ap_q_mode0EL9ap_o_mode0ELi0EEPA256_S2_52|         array|
|p_ZZ10top_kernelPA256_K8ap_fixedILi24ELi8EL9ap_q_mode0EL9ap_o_mode0ELi0EEPA256_S2_51_address0  |  out|   11|   ap_memory|  p_ZZ10top_kernelPA256_K8ap_fixedILi24ELi8EL9ap_q_mode0EL9ap_o_mode0ELi0EEPA256_S2_51|         array|
|p_ZZ10top_kernelPA256_K8ap_fixedILi24ELi8EL9ap_q_mode0EL9ap_o_mode0ELi0EEPA256_S2_51_ce0       |  out|    1|   ap_memory|  p_ZZ10top_kernelPA256_K8ap_fixedILi24ELi8EL9ap_q_mode0EL9ap_o_mode0ELi0EEPA256_S2_51|         array|
|p_ZZ10top_kernelPA256_K8ap_fixedILi24ELi8EL9ap_q_mode0EL9ap_o_mode0ELi0EEPA256_S2_51_we0       |  out|    1|   ap_memory|  p_ZZ10top_kernelPA256_K8ap_fixedILi24ELi8EL9ap_q_mode0EL9ap_o_mode0ELi0EEPA256_S2_51|         array|
|p_ZZ10top_kernelPA256_K8ap_fixedILi24ELi8EL9ap_q_mode0EL9ap_o_mode0ELi0EEPA256_S2_51_d0        |  out|   24|   ap_memory|  p_ZZ10top_kernelPA256_K8ap_fixedILi24ELi8EL9ap_q_mode0EL9ap_o_mode0ELi0EEPA256_S2_51|         array|
|p_ZZ10top_kernelPA256_K8ap_fixedILi24ELi8EL9ap_q_mode0EL9ap_o_mode0ELi0EEPA256_S2_50_address0  |  out|   11|   ap_memory|  p_ZZ10top_kernelPA256_K8ap_fixedILi24ELi8EL9ap_q_mode0EL9ap_o_mode0ELi0EEPA256_S2_50|         array|
|p_ZZ10top_kernelPA256_K8ap_fixedILi24ELi8EL9ap_q_mode0EL9ap_o_mode0ELi0EEPA256_S2_50_ce0       |  out|    1|   ap_memory|  p_ZZ10top_kernelPA256_K8ap_fixedILi24ELi8EL9ap_q_mode0EL9ap_o_mode0ELi0EEPA256_S2_50|         array|
|p_ZZ10top_kernelPA256_K8ap_fixedILi24ELi8EL9ap_q_mode0EL9ap_o_mode0ELi0EEPA256_S2_50_we0       |  out|    1|   ap_memory|  p_ZZ10top_kernelPA256_K8ap_fixedILi24ELi8EL9ap_q_mode0EL9ap_o_mode0ELi0EEPA256_S2_50|         array|
|p_ZZ10top_kernelPA256_K8ap_fixedILi24ELi8EL9ap_q_mode0EL9ap_o_mode0ELi0EEPA256_S2_50_d0        |  out|   24|   ap_memory|  p_ZZ10top_kernelPA256_K8ap_fixedILi24ELi8EL9ap_q_mode0EL9ap_o_mode0ELi0EEPA256_S2_50|         array|
|p_ZZ10top_kernelPA256_K8ap_fixedILi24ELi8EL9ap_q_mode0EL9ap_o_mode0ELi0EEPA256_S2_49_address0  |  out|   11|   ap_memory|  p_ZZ10top_kernelPA256_K8ap_fixedILi24ELi8EL9ap_q_mode0EL9ap_o_mode0ELi0EEPA256_S2_49|         array|
|p_ZZ10top_kernelPA256_K8ap_fixedILi24ELi8EL9ap_q_mode0EL9ap_o_mode0ELi0EEPA256_S2_49_ce0       |  out|    1|   ap_memory|  p_ZZ10top_kernelPA256_K8ap_fixedILi24ELi8EL9ap_q_mode0EL9ap_o_mode0ELi0EEPA256_S2_49|         array|
|p_ZZ10top_kernelPA256_K8ap_fixedILi24ELi8EL9ap_q_mode0EL9ap_o_mode0ELi0EEPA256_S2_49_we0       |  out|    1|   ap_memory|  p_ZZ10top_kernelPA256_K8ap_fixedILi24ELi8EL9ap_q_mode0EL9ap_o_mode0ELi0EEPA256_S2_49|         array|
|p_ZZ10top_kernelPA256_K8ap_fixedILi24ELi8EL9ap_q_mode0EL9ap_o_mode0ELi0EEPA256_S2_49_d0        |  out|   24|   ap_memory|  p_ZZ10top_kernelPA256_K8ap_fixedILi24ELi8EL9ap_q_mode0EL9ap_o_mode0ELi0EEPA256_S2_49|         array|
|p_ZZ10top_kernelPA256_K8ap_fixedILi24ELi8EL9ap_q_mode0EL9ap_o_mode0ELi0EEPA256_S2_48_address0  |  out|   11|   ap_memory|  p_ZZ10top_kernelPA256_K8ap_fixedILi24ELi8EL9ap_q_mode0EL9ap_o_mode0ELi0EEPA256_S2_48|         array|
|p_ZZ10top_kernelPA256_K8ap_fixedILi24ELi8EL9ap_q_mode0EL9ap_o_mode0ELi0EEPA256_S2_48_ce0       |  out|    1|   ap_memory|  p_ZZ10top_kernelPA256_K8ap_fixedILi24ELi8EL9ap_q_mode0EL9ap_o_mode0ELi0EEPA256_S2_48|         array|
|p_ZZ10top_kernelPA256_K8ap_fixedILi24ELi8EL9ap_q_mode0EL9ap_o_mode0ELi0EEPA256_S2_48_we0       |  out|    1|   ap_memory|  p_ZZ10top_kernelPA256_K8ap_fixedILi24ELi8EL9ap_q_mode0EL9ap_o_mode0ELi0EEPA256_S2_48|         array|
|p_ZZ10top_kernelPA256_K8ap_fixedILi24ELi8EL9ap_q_mode0EL9ap_o_mode0ELi0EEPA256_S2_48_d0        |  out|   24|   ap_memory|  p_ZZ10top_kernelPA256_K8ap_fixedILi24ELi8EL9ap_q_mode0EL9ap_o_mode0ELi0EEPA256_S2_48|         array|
|p_ZZ10top_kernelPA256_K8ap_fixedILi24ELi8EL9ap_q_mode0EL9ap_o_mode0ELi0EEPA256_S2_47_address0  |  out|   11|   ap_memory|  p_ZZ10top_kernelPA256_K8ap_fixedILi24ELi8EL9ap_q_mode0EL9ap_o_mode0ELi0EEPA256_S2_47|         array|
|p_ZZ10top_kernelPA256_K8ap_fixedILi24ELi8EL9ap_q_mode0EL9ap_o_mode0ELi0EEPA256_S2_47_ce0       |  out|    1|   ap_memory|  p_ZZ10top_kernelPA256_K8ap_fixedILi24ELi8EL9ap_q_mode0EL9ap_o_mode0ELi0EEPA256_S2_47|         array|
|p_ZZ10top_kernelPA256_K8ap_fixedILi24ELi8EL9ap_q_mode0EL9ap_o_mode0ELi0EEPA256_S2_47_we0       |  out|    1|   ap_memory|  p_ZZ10top_kernelPA256_K8ap_fixedILi24ELi8EL9ap_q_mode0EL9ap_o_mode0ELi0EEPA256_S2_47|         array|
|p_ZZ10top_kernelPA256_K8ap_fixedILi24ELi8EL9ap_q_mode0EL9ap_o_mode0ELi0EEPA256_S2_47_d0        |  out|   24|   ap_memory|  p_ZZ10top_kernelPA256_K8ap_fixedILi24ELi8EL9ap_q_mode0EL9ap_o_mode0ELi0EEPA256_S2_47|         array|
|p_ZZ10top_kernelPA256_K8ap_fixedILi24ELi8EL9ap_q_mode0EL9ap_o_mode0ELi0EEPA256_S2_46_address0  |  out|   11|   ap_memory|  p_ZZ10top_kernelPA256_K8ap_fixedILi24ELi8EL9ap_q_mode0EL9ap_o_mode0ELi0EEPA256_S2_46|         array|
|p_ZZ10top_kernelPA256_K8ap_fixedILi24ELi8EL9ap_q_mode0EL9ap_o_mode0ELi0EEPA256_S2_46_ce0       |  out|    1|   ap_memory|  p_ZZ10top_kernelPA256_K8ap_fixedILi24ELi8EL9ap_q_mode0EL9ap_o_mode0ELi0EEPA256_S2_46|         array|
|p_ZZ10top_kernelPA256_K8ap_fixedILi24ELi8EL9ap_q_mode0EL9ap_o_mode0ELi0EEPA256_S2_46_we0       |  out|    1|   ap_memory|  p_ZZ10top_kernelPA256_K8ap_fixedILi24ELi8EL9ap_q_mode0EL9ap_o_mode0ELi0EEPA256_S2_46|         array|
|p_ZZ10top_kernelPA256_K8ap_fixedILi24ELi8EL9ap_q_mode0EL9ap_o_mode0ELi0EEPA256_S2_46_d0        |  out|   24|   ap_memory|  p_ZZ10top_kernelPA256_K8ap_fixedILi24ELi8EL9ap_q_mode0EL9ap_o_mode0ELi0EEPA256_S2_46|         array|
|p_ZZ10top_kernelPA256_K8ap_fixedILi24ELi8EL9ap_q_mode0EL9ap_o_mode0ELi0EEPA256_S2_45_address0  |  out|   11|   ap_memory|  p_ZZ10top_kernelPA256_K8ap_fixedILi24ELi8EL9ap_q_mode0EL9ap_o_mode0ELi0EEPA256_S2_45|         array|
|p_ZZ10top_kernelPA256_K8ap_fixedILi24ELi8EL9ap_q_mode0EL9ap_o_mode0ELi0EEPA256_S2_45_ce0       |  out|    1|   ap_memory|  p_ZZ10top_kernelPA256_K8ap_fixedILi24ELi8EL9ap_q_mode0EL9ap_o_mode0ELi0EEPA256_S2_45|         array|
|p_ZZ10top_kernelPA256_K8ap_fixedILi24ELi8EL9ap_q_mode0EL9ap_o_mode0ELi0EEPA256_S2_45_we0       |  out|    1|   ap_memory|  p_ZZ10top_kernelPA256_K8ap_fixedILi24ELi8EL9ap_q_mode0EL9ap_o_mode0ELi0EEPA256_S2_45|         array|
|p_ZZ10top_kernelPA256_K8ap_fixedILi24ELi8EL9ap_q_mode0EL9ap_o_mode0ELi0EEPA256_S2_45_d0        |  out|   24|   ap_memory|  p_ZZ10top_kernelPA256_K8ap_fixedILi24ELi8EL9ap_q_mode0EL9ap_o_mode0ELi0EEPA256_S2_45|         array|
|p_ZZ10top_kernelPA256_K8ap_fixedILi24ELi8EL9ap_q_mode0EL9ap_o_mode0ELi0EEPA256_S2_86_address0  |  out|   11|   ap_memory|  p_ZZ10top_kernelPA256_K8ap_fixedILi24ELi8EL9ap_q_mode0EL9ap_o_mode0ELi0EEPA256_S2_86|         array|
|p_ZZ10top_kernelPA256_K8ap_fixedILi24ELi8EL9ap_q_mode0EL9ap_o_mode0ELi0EEPA256_S2_86_ce0       |  out|    1|   ap_memory|  p_ZZ10top_kernelPA256_K8ap_fixedILi24ELi8EL9ap_q_mode0EL9ap_o_mode0ELi0EEPA256_S2_86|         array|
|p_ZZ10top_kernelPA256_K8ap_fixedILi24ELi8EL9ap_q_mode0EL9ap_o_mode0ELi0EEPA256_S2_86_we0       |  out|    1|   ap_memory|  p_ZZ10top_kernelPA256_K8ap_fixedILi24ELi8EL9ap_q_mode0EL9ap_o_mode0ELi0EEPA256_S2_86|         array|
|p_ZZ10top_kernelPA256_K8ap_fixedILi24ELi8EL9ap_q_mode0EL9ap_o_mode0ELi0EEPA256_S2_86_d0        |  out|   24|   ap_memory|  p_ZZ10top_kernelPA256_K8ap_fixedILi24ELi8EL9ap_q_mode0EL9ap_o_mode0ELi0EEPA256_S2_86|         array|
|p_ZZ10top_kernelPA256_K8ap_fixedILi24ELi8EL9ap_q_mode0EL9ap_o_mode0ELi0EEPA256_S2_85_address0  |  out|   11|   ap_memory|  p_ZZ10top_kernelPA256_K8ap_fixedILi24ELi8EL9ap_q_mode0EL9ap_o_mode0ELi0EEPA256_S2_85|         array|
|p_ZZ10top_kernelPA256_K8ap_fixedILi24ELi8EL9ap_q_mode0EL9ap_o_mode0ELi0EEPA256_S2_85_ce0       |  out|    1|   ap_memory|  p_ZZ10top_kernelPA256_K8ap_fixedILi24ELi8EL9ap_q_mode0EL9ap_o_mode0ELi0EEPA256_S2_85|         array|
|p_ZZ10top_kernelPA256_K8ap_fixedILi24ELi8EL9ap_q_mode0EL9ap_o_mode0ELi0EEPA256_S2_85_we0       |  out|    1|   ap_memory|  p_ZZ10top_kernelPA256_K8ap_fixedILi24ELi8EL9ap_q_mode0EL9ap_o_mode0ELi0EEPA256_S2_85|         array|
|p_ZZ10top_kernelPA256_K8ap_fixedILi24ELi8EL9ap_q_mode0EL9ap_o_mode0ELi0EEPA256_S2_85_d0        |  out|   24|   ap_memory|  p_ZZ10top_kernelPA256_K8ap_fixedILi24ELi8EL9ap_q_mode0EL9ap_o_mode0ELi0EEPA256_S2_85|         array|
|p_ZZ10top_kernelPA256_K8ap_fixedILi24ELi8EL9ap_q_mode0EL9ap_o_mode0ELi0EEPA256_S2_84_address0  |  out|   11|   ap_memory|  p_ZZ10top_kernelPA256_K8ap_fixedILi24ELi8EL9ap_q_mode0EL9ap_o_mode0ELi0EEPA256_S2_84|         array|
|p_ZZ10top_kernelPA256_K8ap_fixedILi24ELi8EL9ap_q_mode0EL9ap_o_mode0ELi0EEPA256_S2_84_ce0       |  out|    1|   ap_memory|  p_ZZ10top_kernelPA256_K8ap_fixedILi24ELi8EL9ap_q_mode0EL9ap_o_mode0ELi0EEPA256_S2_84|         array|
|p_ZZ10top_kernelPA256_K8ap_fixedILi24ELi8EL9ap_q_mode0EL9ap_o_mode0ELi0EEPA256_S2_84_we0       |  out|    1|   ap_memory|  p_ZZ10top_kernelPA256_K8ap_fixedILi24ELi8EL9ap_q_mode0EL9ap_o_mode0ELi0EEPA256_S2_84|         array|
|p_ZZ10top_kernelPA256_K8ap_fixedILi24ELi8EL9ap_q_mode0EL9ap_o_mode0ELi0EEPA256_S2_84_d0        |  out|   24|   ap_memory|  p_ZZ10top_kernelPA256_K8ap_fixedILi24ELi8EL9ap_q_mode0EL9ap_o_mode0ELi0EEPA256_S2_84|         array|
|p_ZZ10top_kernelPA256_K8ap_fixedILi24ELi8EL9ap_q_mode0EL9ap_o_mode0ELi0EEPA256_S2_83_address0  |  out|   11|   ap_memory|  p_ZZ10top_kernelPA256_K8ap_fixedILi24ELi8EL9ap_q_mode0EL9ap_o_mode0ELi0EEPA256_S2_83|         array|
|p_ZZ10top_kernelPA256_K8ap_fixedILi24ELi8EL9ap_q_mode0EL9ap_o_mode0ELi0EEPA256_S2_83_ce0       |  out|    1|   ap_memory|  p_ZZ10top_kernelPA256_K8ap_fixedILi24ELi8EL9ap_q_mode0EL9ap_o_mode0ELi0EEPA256_S2_83|         array|
|p_ZZ10top_kernelPA256_K8ap_fixedILi24ELi8EL9ap_q_mode0EL9ap_o_mode0ELi0EEPA256_S2_83_we0       |  out|    1|   ap_memory|  p_ZZ10top_kernelPA256_K8ap_fixedILi24ELi8EL9ap_q_mode0EL9ap_o_mode0ELi0EEPA256_S2_83|         array|
|p_ZZ10top_kernelPA256_K8ap_fixedILi24ELi8EL9ap_q_mode0EL9ap_o_mode0ELi0EEPA256_S2_83_d0        |  out|   24|   ap_memory|  p_ZZ10top_kernelPA256_K8ap_fixedILi24ELi8EL9ap_q_mode0EL9ap_o_mode0ELi0EEPA256_S2_83|         array|
|p_ZZ10top_kernelPA256_K8ap_fixedILi24ELi8EL9ap_q_mode0EL9ap_o_mode0ELi0EEPA256_S2_82_address0  |  out|   11|   ap_memory|  p_ZZ10top_kernelPA256_K8ap_fixedILi24ELi8EL9ap_q_mode0EL9ap_o_mode0ELi0EEPA256_S2_82|         array|
|p_ZZ10top_kernelPA256_K8ap_fixedILi24ELi8EL9ap_q_mode0EL9ap_o_mode0ELi0EEPA256_S2_82_ce0       |  out|    1|   ap_memory|  p_ZZ10top_kernelPA256_K8ap_fixedILi24ELi8EL9ap_q_mode0EL9ap_o_mode0ELi0EEPA256_S2_82|         array|
|p_ZZ10top_kernelPA256_K8ap_fixedILi24ELi8EL9ap_q_mode0EL9ap_o_mode0ELi0EEPA256_S2_82_we0       |  out|    1|   ap_memory|  p_ZZ10top_kernelPA256_K8ap_fixedILi24ELi8EL9ap_q_mode0EL9ap_o_mode0ELi0EEPA256_S2_82|         array|
|p_ZZ10top_kernelPA256_K8ap_fixedILi24ELi8EL9ap_q_mode0EL9ap_o_mode0ELi0EEPA256_S2_82_d0        |  out|   24|   ap_memory|  p_ZZ10top_kernelPA256_K8ap_fixedILi24ELi8EL9ap_q_mode0EL9ap_o_mode0ELi0EEPA256_S2_82|         array|
|p_ZZ10top_kernelPA256_K8ap_fixedILi24ELi8EL9ap_q_mode0EL9ap_o_mode0ELi0EEPA256_S2_81_address0  |  out|   11|   ap_memory|  p_ZZ10top_kernelPA256_K8ap_fixedILi24ELi8EL9ap_q_mode0EL9ap_o_mode0ELi0EEPA256_S2_81|         array|
|p_ZZ10top_kernelPA256_K8ap_fixedILi24ELi8EL9ap_q_mode0EL9ap_o_mode0ELi0EEPA256_S2_81_ce0       |  out|    1|   ap_memory|  p_ZZ10top_kernelPA256_K8ap_fixedILi24ELi8EL9ap_q_mode0EL9ap_o_mode0ELi0EEPA256_S2_81|         array|
|p_ZZ10top_kernelPA256_K8ap_fixedILi24ELi8EL9ap_q_mode0EL9ap_o_mode0ELi0EEPA256_S2_81_we0       |  out|    1|   ap_memory|  p_ZZ10top_kernelPA256_K8ap_fixedILi24ELi8EL9ap_q_mode0EL9ap_o_mode0ELi0EEPA256_S2_81|         array|
|p_ZZ10top_kernelPA256_K8ap_fixedILi24ELi8EL9ap_q_mode0EL9ap_o_mode0ELi0EEPA256_S2_81_d0        |  out|   24|   ap_memory|  p_ZZ10top_kernelPA256_K8ap_fixedILi24ELi8EL9ap_q_mode0EL9ap_o_mode0ELi0EEPA256_S2_81|         array|
|top_kernel_ap_fixed_const_256_ap_fixed_24_8_0_0_0_256_mem_A_2_address0                         |  out|   11|   ap_memory|                         top_kernel_ap_fixed_const_256_ap_fixed_24_8_0_0_0_256_mem_A_2|         array|
|top_kernel_ap_fixed_const_256_ap_fixed_24_8_0_0_0_256_mem_A_2_ce0                              |  out|    1|   ap_memory|                         top_kernel_ap_fixed_const_256_ap_fixed_24_8_0_0_0_256_mem_A_2|         array|
|top_kernel_ap_fixed_const_256_ap_fixed_24_8_0_0_0_256_mem_A_2_we0                              |  out|    1|   ap_memory|                         top_kernel_ap_fixed_const_256_ap_fixed_24_8_0_0_0_256_mem_A_2|         array|
|top_kernel_ap_fixed_const_256_ap_fixed_24_8_0_0_0_256_mem_A_2_d0                               |  out|   24|   ap_memory|                         top_kernel_ap_fixed_const_256_ap_fixed_24_8_0_0_0_256_mem_A_2|         array|
|top_kernel_ap_fixed_const_256_ap_fixed_24_8_0_0_0_256_mem_A_1_address0                         |  out|   11|   ap_memory|                         top_kernel_ap_fixed_const_256_ap_fixed_24_8_0_0_0_256_mem_A_1|         array|
|top_kernel_ap_fixed_const_256_ap_fixed_24_8_0_0_0_256_mem_A_1_ce0                              |  out|    1|   ap_memory|                         top_kernel_ap_fixed_const_256_ap_fixed_24_8_0_0_0_256_mem_A_1|         array|
|top_kernel_ap_fixed_const_256_ap_fixed_24_8_0_0_0_256_mem_A_1_we0                              |  out|    1|   ap_memory|                         top_kernel_ap_fixed_const_256_ap_fixed_24_8_0_0_0_256_mem_A_1|         array|
|top_kernel_ap_fixed_const_256_ap_fixed_24_8_0_0_0_256_mem_A_1_d0                               |  out|   24|   ap_memory|                         top_kernel_ap_fixed_const_256_ap_fixed_24_8_0_0_0_256_mem_A_1|         array|
|top_kernel_ap_fixed_const_256_ap_fixed_24_8_0_0_0_256_mem_A_address0                           |  out|   11|   ap_memory|                           top_kernel_ap_fixed_const_256_ap_fixed_24_8_0_0_0_256_mem_A|         array|
|top_kernel_ap_fixed_const_256_ap_fixed_24_8_0_0_0_256_mem_A_ce0                                |  out|    1|   ap_memory|                           top_kernel_ap_fixed_const_256_ap_fixed_24_8_0_0_0_256_mem_A|         array|
|top_kernel_ap_fixed_const_256_ap_fixed_24_8_0_0_0_256_mem_A_we0                                |  out|    1|   ap_memory|                           top_kernel_ap_fixed_const_256_ap_fixed_24_8_0_0_0_256_mem_A|         array|
|top_kernel_ap_fixed_const_256_ap_fixed_24_8_0_0_0_256_mem_A_d0                                 |  out|   24|   ap_memory|                           top_kernel_ap_fixed_const_256_ap_fixed_24_8_0_0_0_256_mem_A|         array|
|p_ZZ10top_kernelPA256_K8ap_fixedILi24ELi8EL9ap_q_mode0EL9ap_o_mode0ELi0EEPA256_S2_80_address0  |  out|   11|   ap_memory|  p_ZZ10top_kernelPA256_K8ap_fixedILi24ELi8EL9ap_q_mode0EL9ap_o_mode0ELi0EEPA256_S2_80|         array|
|p_ZZ10top_kernelPA256_K8ap_fixedILi24ELi8EL9ap_q_mode0EL9ap_o_mode0ELi0EEPA256_S2_80_ce0       |  out|    1|   ap_memory|  p_ZZ10top_kernelPA256_K8ap_fixedILi24ELi8EL9ap_q_mode0EL9ap_o_mode0ELi0EEPA256_S2_80|         array|
|p_ZZ10top_kernelPA256_K8ap_fixedILi24ELi8EL9ap_q_mode0EL9ap_o_mode0ELi0EEPA256_S2_80_we0       |  out|    1|   ap_memory|  p_ZZ10top_kernelPA256_K8ap_fixedILi24ELi8EL9ap_q_mode0EL9ap_o_mode0ELi0EEPA256_S2_80|         array|
|p_ZZ10top_kernelPA256_K8ap_fixedILi24ELi8EL9ap_q_mode0EL9ap_o_mode0ELi0EEPA256_S2_80_d0        |  out|   24|   ap_memory|  p_ZZ10top_kernelPA256_K8ap_fixedILi24ELi8EL9ap_q_mode0EL9ap_o_mode0ELi0EEPA256_S2_80|         array|
|p_ZZ10top_kernelPA256_K8ap_fixedILi24ELi8EL9ap_q_mode0EL9ap_o_mode0ELi0EEPA256_S2_79_address0  |  out|   11|   ap_memory|  p_ZZ10top_kernelPA256_K8ap_fixedILi24ELi8EL9ap_q_mode0EL9ap_o_mode0ELi0EEPA256_S2_79|         array|
|p_ZZ10top_kernelPA256_K8ap_fixedILi24ELi8EL9ap_q_mode0EL9ap_o_mode0ELi0EEPA256_S2_79_ce0       |  out|    1|   ap_memory|  p_ZZ10top_kernelPA256_K8ap_fixedILi24ELi8EL9ap_q_mode0EL9ap_o_mode0ELi0EEPA256_S2_79|         array|
|p_ZZ10top_kernelPA256_K8ap_fixedILi24ELi8EL9ap_q_mode0EL9ap_o_mode0ELi0EEPA256_S2_79_we0       |  out|    1|   ap_memory|  p_ZZ10top_kernelPA256_K8ap_fixedILi24ELi8EL9ap_q_mode0EL9ap_o_mode0ELi0EEPA256_S2_79|         array|
|p_ZZ10top_kernelPA256_K8ap_fixedILi24ELi8EL9ap_q_mode0EL9ap_o_mode0ELi0EEPA256_S2_79_d0        |  out|   24|   ap_memory|  p_ZZ10top_kernelPA256_K8ap_fixedILi24ELi8EL9ap_q_mode0EL9ap_o_mode0ELi0EEPA256_S2_79|         array|
|p_ZZ10top_kernelPA256_K8ap_fixedILi24ELi8EL9ap_q_mode0EL9ap_o_mode0ELi0EEPA256_S2_78_address0  |  out|   11|   ap_memory|  p_ZZ10top_kernelPA256_K8ap_fixedILi24ELi8EL9ap_q_mode0EL9ap_o_mode0ELi0EEPA256_S2_78|         array|
|p_ZZ10top_kernelPA256_K8ap_fixedILi24ELi8EL9ap_q_mode0EL9ap_o_mode0ELi0EEPA256_S2_78_ce0       |  out|    1|   ap_memory|  p_ZZ10top_kernelPA256_K8ap_fixedILi24ELi8EL9ap_q_mode0EL9ap_o_mode0ELi0EEPA256_S2_78|         array|
|p_ZZ10top_kernelPA256_K8ap_fixedILi24ELi8EL9ap_q_mode0EL9ap_o_mode0ELi0EEPA256_S2_78_we0       |  out|    1|   ap_memory|  p_ZZ10top_kernelPA256_K8ap_fixedILi24ELi8EL9ap_q_mode0EL9ap_o_mode0ELi0EEPA256_S2_78|         array|
|p_ZZ10top_kernelPA256_K8ap_fixedILi24ELi8EL9ap_q_mode0EL9ap_o_mode0ELi0EEPA256_S2_78_d0        |  out|   24|   ap_memory|  p_ZZ10top_kernelPA256_K8ap_fixedILi24ELi8EL9ap_q_mode0EL9ap_o_mode0ELi0EEPA256_S2_78|         array|
|p_ZZ10top_kernelPA256_K8ap_fixedILi24ELi8EL9ap_q_mode0EL9ap_o_mode0ELi0EEPA256_S2_77_address0  |  out|   11|   ap_memory|  p_ZZ10top_kernelPA256_K8ap_fixedILi24ELi8EL9ap_q_mode0EL9ap_o_mode0ELi0EEPA256_S2_77|         array|
|p_ZZ10top_kernelPA256_K8ap_fixedILi24ELi8EL9ap_q_mode0EL9ap_o_mode0ELi0EEPA256_S2_77_ce0       |  out|    1|   ap_memory|  p_ZZ10top_kernelPA256_K8ap_fixedILi24ELi8EL9ap_q_mode0EL9ap_o_mode0ELi0EEPA256_S2_77|         array|
|p_ZZ10top_kernelPA256_K8ap_fixedILi24ELi8EL9ap_q_mode0EL9ap_o_mode0ELi0EEPA256_S2_77_we0       |  out|    1|   ap_memory|  p_ZZ10top_kernelPA256_K8ap_fixedILi24ELi8EL9ap_q_mode0EL9ap_o_mode0ELi0EEPA256_S2_77|         array|
|p_ZZ10top_kernelPA256_K8ap_fixedILi24ELi8EL9ap_q_mode0EL9ap_o_mode0ELi0EEPA256_S2_77_d0        |  out|   24|   ap_memory|  p_ZZ10top_kernelPA256_K8ap_fixedILi24ELi8EL9ap_q_mode0EL9ap_o_mode0ELi0EEPA256_S2_77|         array|
|p_ZZ10top_kernelPA256_K8ap_fixedILi24ELi8EL9ap_q_mode0EL9ap_o_mode0ELi0EEPA256_S2_76_address0  |  out|   11|   ap_memory|  p_ZZ10top_kernelPA256_K8ap_fixedILi24ELi8EL9ap_q_mode0EL9ap_o_mode0ELi0EEPA256_S2_76|         array|
|p_ZZ10top_kernelPA256_K8ap_fixedILi24ELi8EL9ap_q_mode0EL9ap_o_mode0ELi0EEPA256_S2_76_ce0       |  out|    1|   ap_memory|  p_ZZ10top_kernelPA256_K8ap_fixedILi24ELi8EL9ap_q_mode0EL9ap_o_mode0ELi0EEPA256_S2_76|         array|
|p_ZZ10top_kernelPA256_K8ap_fixedILi24ELi8EL9ap_q_mode0EL9ap_o_mode0ELi0EEPA256_S2_76_we0       |  out|    1|   ap_memory|  p_ZZ10top_kernelPA256_K8ap_fixedILi24ELi8EL9ap_q_mode0EL9ap_o_mode0ELi0EEPA256_S2_76|         array|
|p_ZZ10top_kernelPA256_K8ap_fixedILi24ELi8EL9ap_q_mode0EL9ap_o_mode0ELi0EEPA256_S2_76_d0        |  out|   24|   ap_memory|  p_ZZ10top_kernelPA256_K8ap_fixedILi24ELi8EL9ap_q_mode0EL9ap_o_mode0ELi0EEPA256_S2_76|         array|
|p_ZZ10top_kernelPA256_K8ap_fixedILi24ELi8EL9ap_q_mode0EL9ap_o_mode0ELi0EEPA256_S2_75_address0  |  out|   11|   ap_memory|  p_ZZ10top_kernelPA256_K8ap_fixedILi24ELi8EL9ap_q_mode0EL9ap_o_mode0ELi0EEPA256_S2_75|         array|
|p_ZZ10top_kernelPA256_K8ap_fixedILi24ELi8EL9ap_q_mode0EL9ap_o_mode0ELi0EEPA256_S2_75_ce0       |  out|    1|   ap_memory|  p_ZZ10top_kernelPA256_K8ap_fixedILi24ELi8EL9ap_q_mode0EL9ap_o_mode0ELi0EEPA256_S2_75|         array|
|p_ZZ10top_kernelPA256_K8ap_fixedILi24ELi8EL9ap_q_mode0EL9ap_o_mode0ELi0EEPA256_S2_75_we0       |  out|    1|   ap_memory|  p_ZZ10top_kernelPA256_K8ap_fixedILi24ELi8EL9ap_q_mode0EL9ap_o_mode0ELi0EEPA256_S2_75|         array|
|p_ZZ10top_kernelPA256_K8ap_fixedILi24ELi8EL9ap_q_mode0EL9ap_o_mode0ELi0EEPA256_S2_75_d0        |  out|   24|   ap_memory|  p_ZZ10top_kernelPA256_K8ap_fixedILi24ELi8EL9ap_q_mode0EL9ap_o_mode0ELi0EEPA256_S2_75|         array|
|p_ZZ10top_kernelPA256_K8ap_fixedILi24ELi8EL9ap_q_mode0EL9ap_o_mode0ELi0EEPA256_S2_74_address0  |  out|   11|   ap_memory|  p_ZZ10top_kernelPA256_K8ap_fixedILi24ELi8EL9ap_q_mode0EL9ap_o_mode0ELi0EEPA256_S2_74|         array|
|p_ZZ10top_kernelPA256_K8ap_fixedILi24ELi8EL9ap_q_mode0EL9ap_o_mode0ELi0EEPA256_S2_74_ce0       |  out|    1|   ap_memory|  p_ZZ10top_kernelPA256_K8ap_fixedILi24ELi8EL9ap_q_mode0EL9ap_o_mode0ELi0EEPA256_S2_74|         array|
|p_ZZ10top_kernelPA256_K8ap_fixedILi24ELi8EL9ap_q_mode0EL9ap_o_mode0ELi0EEPA256_S2_74_we0       |  out|    1|   ap_memory|  p_ZZ10top_kernelPA256_K8ap_fixedILi24ELi8EL9ap_q_mode0EL9ap_o_mode0ELi0EEPA256_S2_74|         array|
|p_ZZ10top_kernelPA256_K8ap_fixedILi24ELi8EL9ap_q_mode0EL9ap_o_mode0ELi0EEPA256_S2_74_d0        |  out|   24|   ap_memory|  p_ZZ10top_kernelPA256_K8ap_fixedILi24ELi8EL9ap_q_mode0EL9ap_o_mode0ELi0EEPA256_S2_74|         array|
|p_ZZ10top_kernelPA256_K8ap_fixedILi24ELi8EL9ap_q_mode0EL9ap_o_mode0ELi0EEPA256_S2_73_address0  |  out|   11|   ap_memory|  p_ZZ10top_kernelPA256_K8ap_fixedILi24ELi8EL9ap_q_mode0EL9ap_o_mode0ELi0EEPA256_S2_73|         array|
|p_ZZ10top_kernelPA256_K8ap_fixedILi24ELi8EL9ap_q_mode0EL9ap_o_mode0ELi0EEPA256_S2_73_ce0       |  out|    1|   ap_memory|  p_ZZ10top_kernelPA256_K8ap_fixedILi24ELi8EL9ap_q_mode0EL9ap_o_mode0ELi0EEPA256_S2_73|         array|
|p_ZZ10top_kernelPA256_K8ap_fixedILi24ELi8EL9ap_q_mode0EL9ap_o_mode0ELi0EEPA256_S2_73_we0       |  out|    1|   ap_memory|  p_ZZ10top_kernelPA256_K8ap_fixedILi24ELi8EL9ap_q_mode0EL9ap_o_mode0ELi0EEPA256_S2_73|         array|
|p_ZZ10top_kernelPA256_K8ap_fixedILi24ELi8EL9ap_q_mode0EL9ap_o_mode0ELi0EEPA256_S2_73_d0        |  out|   24|   ap_memory|  p_ZZ10top_kernelPA256_K8ap_fixedILi24ELi8EL9ap_q_mode0EL9ap_o_mode0ELi0EEPA256_S2_73|         array|
|p_ZZ10top_kernelPA256_K8ap_fixedILi24ELi8EL9ap_q_mode0EL9ap_o_mode0ELi0EEPA256_S2_72_address0  |  out|   11|   ap_memory|  p_ZZ10top_kernelPA256_K8ap_fixedILi24ELi8EL9ap_q_mode0EL9ap_o_mode0ELi0EEPA256_S2_72|         array|
|p_ZZ10top_kernelPA256_K8ap_fixedILi24ELi8EL9ap_q_mode0EL9ap_o_mode0ELi0EEPA256_S2_72_ce0       |  out|    1|   ap_memory|  p_ZZ10top_kernelPA256_K8ap_fixedILi24ELi8EL9ap_q_mode0EL9ap_o_mode0ELi0EEPA256_S2_72|         array|
|p_ZZ10top_kernelPA256_K8ap_fixedILi24ELi8EL9ap_q_mode0EL9ap_o_mode0ELi0EEPA256_S2_72_we0       |  out|    1|   ap_memory|  p_ZZ10top_kernelPA256_K8ap_fixedILi24ELi8EL9ap_q_mode0EL9ap_o_mode0ELi0EEPA256_S2_72|         array|
|p_ZZ10top_kernelPA256_K8ap_fixedILi24ELi8EL9ap_q_mode0EL9ap_o_mode0ELi0EEPA256_S2_72_d0        |  out|   24|   ap_memory|  p_ZZ10top_kernelPA256_K8ap_fixedILi24ELi8EL9ap_q_mode0EL9ap_o_mode0ELi0EEPA256_S2_72|         array|
+-----------------------------------------------------------------------------------------------+-----+-----+------------+--------------------------------------------------------------------------------------+--------------+

