Copyright 1986-2022 Xilinx, Inc. All Rights Reserved. Copyright 2022-2025 Advanced Micro Devices, Inc. All Rights Reserved.
--------------------------------------------------------------------------------------------------------------------------------------------------
| Tool Version      : Vivado v.2025.1.1 (lin64) Build 6233196 Thu Sep 11 21:27:11 MDT 2025
| Date              : Sat Mar 28 22:48:24 2026
| Host              : ece-linlabsrv01 running 64-bit Red Hat Enterprise Linux release 8.10 (Ootpa)
| Command           : report_timing_summary -file ./report/top_kernel_timing_routed.rpt
| Design            : bd_0_wrapper
| Device            : xczu3eg-sbva484
| Speed File        : -1  PRODUCTION 1.30 05-15-2022
| Design State      : Routed
| Temperature Grade : E
--------------------------------------------------------------------------------------------------------------------------------------------------

Timing Summary Report

------------------------------------------------------------------------------------------------
| Timer Settings
| --------------
------------------------------------------------------------------------------------------------

  Enable Multi Corner Analysis               :  Yes
  Enable Pessimism Removal                   :  Yes
  Pessimism Removal Resolution               :  Nearest Common Node
  Enable Input Delay Default Clock           :  No
  Enable Preset / Clear Arcs                 :  No
  Disable Flight Delays                      :  No
  Ignore I/O Paths                           :  No
  Timing Early Launch at Borrowing Latches   :  No
  Borrow Time for Max Delay Exceptions       :  Yes
  Merge Timing Exceptions                    :  Yes
  Inter-SLR Compensation                     :  Conservative

  Corner  Analyze    Analyze    
  Name    Max Paths  Min Paths  
  ------  ---------  ---------  
  Slow    Yes        Yes        
  Fast    Yes        Yes        


------------------------------------------------------------------------------------------------
| Report Methodology
| ------------------
------------------------------------------------------------------------------------------------

Rule       Severity  Description                    Violations  
---------  --------  -----------------------------  ----------  
TIMING-18  Warning   Missing input or output delay  68          

Note: This report is based on the most recent report_methodology run and may not be up-to-date. Run report_methodology on the current design for the latest report.



check_timing report

Table of Contents
-----------------
1. checking no_clock (0)
2. checking constant_clock (0)
3. checking pulse_width_clock (0)
4. checking unconstrained_internal_endpoints (0)
5. checking no_input_delay (18)
6. checking no_output_delay (35)
7. checking multiple_clock (0)
8. checking generated_clocks (0)
9. checking loops (0)
10. checking partial_input_delay (0)
11. checking partial_output_delay (0)
12. checking latch_loops (0)

1. checking no_clock (0)
------------------------
 There are 0 register/latch pins with no clock.


2. checking constant_clock (0)
------------------------------
 There are 0 register/latch pins with constant_clock.


3. checking pulse_width_clock (0)
---------------------------------
 There are 0 register/latch pins which need pulse_width check


4. checking unconstrained_internal_endpoints (0)
------------------------------------------------
 There are 0 pins that are not constrained for maximum delay.

 There are 0 pins that are not constrained for maximum delay due to constant clock.


5. checking no_input_delay (18)
-------------------------------
 There are 18 input ports with no input delay specified. (HIGH)

 There are 0 input ports with no input delay but user has a false path constraint.


6. checking no_output_delay (35)
--------------------------------
 There are 35 ports with no output delay specified. (HIGH)

 There are 0 ports with no output delay but user has a false path constraint

 There are 0 ports with no output delay but with a timing clock defined on it or propagating through it


7. checking multiple_clock (0)
------------------------------
 There are 0 register/latch pins with multiple clocks.


8. checking generated_clocks (0)
--------------------------------
 There are 0 generated clocks that are not connected to a clock source.


9. checking loops (0)
---------------------
 There are 0 combinational loops in the design.


10. checking partial_input_delay (0)
------------------------------------
 There are 0 input ports with partial input delay specified.


11. checking partial_output_delay (0)
-------------------------------------
 There are 0 ports with partial output delay specified.


12. checking latch_loops (0)
----------------------------
 There are 0 combinational latch loops in the design through latch input



------------------------------------------------------------------------------------------------
| Design Timing Summary
| ---------------------
------------------------------------------------------------------------------------------------

    WNS(ns)      TNS(ns)  TNS Failing Endpoints  TNS Total Endpoints      WHS(ns)      THS(ns)  THS Failing Endpoints  THS Total Endpoints     WPWS(ns)     TPWS(ns)  TPWS Failing Endpoints  TPWS Total Endpoints  
    -------      -------  ---------------------  -------------------      -------      -------  ---------------------  -------------------     --------     --------  ----------------------  --------------------  
      5.684        0.000                      0                 1995        0.051        0.000                      0                 1995        4.457        0.000                       0                   579  


All user specified timing constraints are met.


------------------------------------------------------------------------------------------------
| Clock Summary
| -------------
------------------------------------------------------------------------------------------------

Clock   Waveform(ns)       Period(ns)      Frequency(MHz)
-----   ------------       ----------      --------------
ap_clk  {0.000 5.000}      10.000          100.000         


------------------------------------------------------------------------------------------------
| Intra Clock Table
| -----------------
------------------------------------------------------------------------------------------------

Clock             WNS(ns)      TNS(ns)  TNS Failing Endpoints  TNS Total Endpoints      WHS(ns)      THS(ns)  THS Failing Endpoints  THS Total Endpoints     WPWS(ns)     TPWS(ns)  TPWS Failing Endpoints  TPWS Total Endpoints  
-----             -------      -------  ---------------------  -------------------      -------      -------  ---------------------  -------------------     --------     --------  ----------------------  --------------------  
ap_clk              5.684        0.000                      0                 1995        0.051        0.000                      0                 1995        4.457        0.000                       0                   579  


------------------------------------------------------------------------------------------------
| Inter Clock Table
| -----------------
------------------------------------------------------------------------------------------------

From Clock    To Clock          WNS(ns)      TNS(ns)  TNS Failing Endpoints  TNS Total Endpoints      WHS(ns)      THS(ns)  THS Failing Endpoints  THS Total Endpoints  
----------    --------          -------      -------  ---------------------  -------------------      -------      -------  ---------------------  -------------------  


------------------------------------------------------------------------------------------------
| Other Path Groups Table
| -----------------------
------------------------------------------------------------------------------------------------

Path Group    From Clock    To Clock          WNS(ns)      TNS(ns)  TNS Failing Endpoints  TNS Total Endpoints      WHS(ns)      THS(ns)  THS Failing Endpoints  THS Total Endpoints  
----------    ----------    --------          -------      -------  ---------------------  -------------------      -------      -------  ---------------------  -------------------  


------------------------------------------------------------------------------------------------
| Timing Details
| --------------
------------------------------------------------------------------------------------------------


---------------------------------------------------------------------------------------------------
From Clock:  ap_clk
  To Clock:  ap_clk

Setup :            0  Failing Endpoints,  Worst Slack        5.684ns,  Total Violation        0.000ns
Hold  :            0  Failing Endpoints,  Worst Slack        0.051ns,  Total Violation        0.000ns
PW    :            0  Failing Endpoints,  Worst Slack        4.457ns,  Total Violation        0.000ns
---------------------------------------------------------------------------------------------------


Max Delay Paths
--------------------------------------------------------------------------------------
Slack (MET) :             5.684ns  (required time - arrival time)
  Source:                 bd_0_i/hls_inst/inst/stage2_out_U/ram_reg_bram_0/CLKARDCLK
                            (rising edge-triggered cell RAMB36E2 clocked by ap_clk  {rise@0.000ns fall@5.000ns period=10.000ns})
  Destination:            bd_0_i/hls_inst/inst/stage4_out_U/ram_reg_bram_4/DINADIN[1]
                            (rising edge-triggered cell RAMB36E2 clocked by ap_clk  {rise@0.000ns fall@5.000ns period=10.000ns})
  Path Group:             ap_clk
  Path Type:              Setup (Max at Slow Process Corner)
  Requirement:            10.000ns  (ap_clk rise@10.000ns - ap_clk rise@0.000ns)
  Data Path Delay:        3.908ns  (logic 2.298ns (58.797%)  route 1.610ns (41.203%))
  Logic Levels:           6  (CARRY8=2 LUT2=1 RAMB36E2=3)
  Clock Path Skew:        -0.040ns (DCD - SCD + CPR)
    Destination Clock Delay (DCD):    0.041ns = ( 10.041 - 10.000 ) 
    Source Clock Delay      (SCD):    0.081ns
    Clock Pessimism Removal (CPR):    0.000ns
  Clock Uncertainty:      0.035ns  ((TSJ^2 + TIJ^2)^1/2 + DJ) / 2 + PE
    Total System Jitter     (TSJ):    0.071ns
    Total Input Jitter      (TIJ):    0.000ns
    Discrete Jitter          (DJ):    0.000ns
    Phase Error              (PE):    0.000ns

    Location             Delay type                Incr(ns)  Path(ns)    Netlist Resource(s)
  -------------------------------------------------------------------    -------------------
                         (clock ap_clk rise edge)     0.000     0.000 r  
                                                      0.000     0.000 r  ap_clk (IN)
                         net (fo=578, unset)          0.081     0.081    bd_0_i/hls_inst/inst/stage2_out_U/ap_clk
    RAMB36_X3Y8          RAMB36E2                                     r  bd_0_i/hls_inst/inst/stage2_out_U/ram_reg_bram_0/CLKARDCLK
  -------------------------------------------------------------------    -------------------
    RAMB36_X3Y8          RAMB36E2 (Prop_RAMB36E2_RAMB36_CLKARDCLK_CASDOUTA[1])
                                                      1.242     1.323 r  bd_0_i/hls_inst/inst/stage2_out_U/ram_reg_bram_0/CASDOUTA[1]
                         net (fo=1, routed)           0.039     1.362    bd_0_i/hls_inst/inst/stage2_out_U/ram_reg_bram_0_n_39
    RAMB36_X3Y9          RAMB36E2 (Prop_RAMB36E2_RAMB36_CASDINA[1]_CASDOUTA[1])
                                                      0.220     1.582 r  bd_0_i/hls_inst/inst/stage2_out_U/ram_reg_bram_1/CASDOUTA[1]
                         net (fo=1, routed)           0.039     1.621    bd_0_i/hls_inst/inst/stage2_out_U/ram_reg_bram_1_n_39
    RAMB36_X3Y10         RAMB36E2 (Prop_RAMB36E2_RAMB36_CASDINA[1]_CASDOUTA[1])
                                                      0.220     1.841 r  bd_0_i/hls_inst/inst/stage2_out_U/ram_reg_bram_2/CASDOUTA[1]
                         net (fo=1, routed)           0.039     1.880    bd_0_i/hls_inst/inst/stage2_out_U/ram_reg_bram_2_n_39
    RAMB36_X3Y11         RAMB36E2 (Prop_RAMB36E2_RAMB36_CASDINA[1]_DOUTADOUT[1])
                                                      0.120     2.000 r  bd_0_i/hls_inst/inst/stage2_out_U/ram_reg_bram_3/DOUTADOUT[1]
                         net (fo=4, routed)           0.736     2.736    bd_0_i/hls_inst/inst/stage3_out_U/q0[1]
    SLICE_X36Y52         LUT2 (Prop_B6LUT_SLICEL_I1_O)
                                                      0.177     2.913 r  bd_0_i/hls_inst/inst/stage3_out_U/ram_reg_bram_0_i_24__0/O
                         net (fo=1, routed)           0.010     2.923    bd_0_i/hls_inst/inst/stage3_out_U/ram_reg_bram_0_i_24__0_n_5
    SLICE_X36Y52         CARRY8 (Prop_CARRY8_SLICEL_S[1]_CO[7])
                                                      0.233     3.156 r  bd_0_i/hls_inst/inst/stage3_out_U/ram_reg_bram_0_i_14__2/CO[7]
                         net (fo=1, routed)           0.028     3.184    bd_0_i/hls_inst/inst/stage3_out_U/ram_reg_bram_0_i_14__2_n_5
    SLICE_X36Y53         CARRY8 (Prop_CARRY8_SLICEL_CI_O[2])
                                                      0.086     3.270 r  bd_0_i/hls_inst/inst/stage3_out_U/ram_reg_bram_0_i_15/O[2]
                         net (fo=2, routed)           0.720     3.989    bd_0_i/hls_inst/inst/stage4_out_U/sub_ln210_fu_1274_p20_out[10]
    RAMB36_X3Y12         RAMB36E2                                     r  bd_0_i/hls_inst/inst/stage4_out_U/ram_reg_bram_4/DINADIN[1]
  -------------------------------------------------------------------    -------------------

                         (clock ap_clk rise edge)    10.000    10.000 r  
                                                      0.000    10.000 r  ap_clk (IN)
                         net (fo=578, unset)          0.041    10.041    bd_0_i/hls_inst/inst/stage4_out_U/ap_clk
    RAMB36_X3Y12         RAMB36E2                                     r  bd_0_i/hls_inst/inst/stage4_out_U/ram_reg_bram_4/CLKARDCLK
                         clock pessimism              0.000    10.041    
                         clock uncertainty           -0.035    10.006    
    RAMB36_X3Y12         RAMB36E2 (Setup_RAMB36E2_RAMB36_CLKARDCLK_DINADIN[1])
                                                     -0.332     9.674    bd_0_i/hls_inst/inst/stage4_out_U/ram_reg_bram_4
  -------------------------------------------------------------------
                         required time                          9.674    
                         arrival time                          -3.989    
  -------------------------------------------------------------------
                         slack                                  5.684    





Min Delay Paths
--------------------------------------------------------------------------------------
Slack (MET) :             0.051ns  (arrival time - required time)
  Source:                 bd_0_i/hls_inst/inst/add_ln179_reg_1628_reg[4]/C
                            (rising edge-triggered cell FDRE clocked by ap_clk  {rise@0.000ns fall@5.000ns period=10.000ns})
  Destination:            bd_0_i/hls_inst/inst/c_1_reg_395_reg[4]/D
                            (rising edge-triggered cell FDRE clocked by ap_clk  {rise@0.000ns fall@5.000ns period=10.000ns})
  Path Group:             ap_clk
  Path Type:              Hold (Min at Fast Process Corner)
  Requirement:            0.000ns  (ap_clk rise@0.000ns - ap_clk rise@0.000ns)
  Data Path Delay:        0.104ns  (logic 0.039ns (37.500%)  route 0.065ns (62.500%))
  Logic Levels:           0  
  Clock Path Skew:        0.007ns (DCD - SCD - CPR)
    Destination Clock Delay (DCD):    0.019ns
    Source Clock Delay      (SCD):    0.012ns
    Clock Pessimism Removal (CPR):    -0.000ns

    Location             Delay type                Incr(ns)  Path(ns)    Netlist Resource(s)
  -------------------------------------------------------------------    -------------------
                         (clock ap_clk rise edge)     0.000     0.000 r  
                                                      0.000     0.000 r  ap_clk (IN)
                         net (fo=578, unset)          0.012     0.012    bd_0_i/hls_inst/inst/ap_clk
    SLICE_X23Y44         FDRE                                         r  bd_0_i/hls_inst/inst/add_ln179_reg_1628_reg[4]/C
  -------------------------------------------------------------------    -------------------
    SLICE_X23Y44         FDRE (Prop_AFF_SLICEL_C_Q)
                                                      0.039     0.051 r  bd_0_i/hls_inst/inst/add_ln179_reg_1628_reg[4]/Q
                         net (fo=1, routed)           0.065     0.116    bd_0_i/hls_inst/inst/add_ln179_reg_1628[4]
    SLICE_X23Y44         FDRE                                         r  bd_0_i/hls_inst/inst/c_1_reg_395_reg[4]/D
  -------------------------------------------------------------------    -------------------

                         (clock ap_clk rise edge)     0.000     0.000 r  
                                                      0.000     0.000 r  ap_clk (IN)
                         net (fo=578, unset)          0.019     0.019    bd_0_i/hls_inst/inst/ap_clk
    SLICE_X23Y44         FDRE                                         r  bd_0_i/hls_inst/inst/c_1_reg_395_reg[4]/C
                         clock pessimism              0.000     0.019    
    SLICE_X23Y44         FDRE (Hold_EFF_SLICEL_C_D)
                                                      0.046     0.065    bd_0_i/hls_inst/inst/c_1_reg_395_reg[4]
  -------------------------------------------------------------------
                         required time                         -0.065    
                         arrival time                           0.116    
  -------------------------------------------------------------------
                         slack                                  0.051    





Pulse Width Checks
--------------------------------------------------------------------------------------
Clock Name:         ap_clk
Waveform(ns):       { 0.000 5.000 }
Period(ns):         10.000
Sources:            { ap_clk }

Check Type        Corner  Lib Pin             Reference Pin  Required(ns)  Actual(ns)  Slack(ns)  Location     Pin
Min Period        n/a     RAMB36E2/CLKARDCLK  n/a            1.739         10.000      8.261      RAMB36_X2Y6  bd_0_i/hls_inst/inst/stage1_out_U/ram_reg_bram_0/CLKARDCLK
Low Pulse Width   Slow    RAMB36E2/CLKARDCLK  n/a            0.543         5.000       4.457      RAMB36_X2Y6  bd_0_i/hls_inst/inst/stage1_out_U/ram_reg_bram_0/CLKARDCLK
High Pulse Width  Slow    RAMB36E2/CLKARDCLK  n/a            0.543         5.000       4.457      RAMB36_X2Y6  bd_0_i/hls_inst/inst/stage1_out_U/ram_reg_bram_0/CLKARDCLK



