Copyright 1986-2022 Xilinx, Inc. All Rights Reserved. Copyright 2022-2025 Advanced Micro Devices, Inc. All Rights Reserved.
---------------------------------------------------------------------------------------------------------------------------------------------
| Tool Version : Vivado v.2025.1.1 (lin64) Build 6233196 Thu Sep 11 21:27:11 MDT 2025
| Date         : Sat Mar 28 22:48:24 2026
| Host         : ece-linlabsrv01 running 64-bit Red Hat Enterprise Linux release 8.10 (Ootpa)
| Command      : report_utilization -hierarchical -hierarchical_depth 5 -file ./report/top_kernel_utilization_hierarchical_routed.rpt
| Design       : bd_0_wrapper
| Device       : xczu3eg-sbva484-1-e
| Speed File   : -1
| Design State : Routed
---------------------------------------------------------------------------------------------------------------------------------------------

Utilization Design Information

Table of Contents
-----------------
1. Utilization by Hierarchy

1. Utilization by Hierarchy
---------------------------

+----------------------+-------------------------------------------------------+------------+------------+---------+------+-----+--------+--------+------+------------+
|       Instance       |                         Module                        | Total LUTs | Logic LUTs | LUTRAMs | SRLs | FFs | RAMB36 | RAMB18 | URAM | DSP Blocks |
+----------------------+-------------------------------------------------------+------------+------------+---------+------+-----+--------+--------+------+------------+
| bd_0_wrapper         |                                                 (top) |        486 |        486 |       0 |    0 | 547 |     28 |      4 |    0 |          0 |
|   bd_0_i             |                                                  bd_0 |        486 |        486 |       0 |    0 | 547 |     28 |      4 |    0 |          0 |
|     hls_inst         |                                       bd_0_hls_inst_0 |        486 |        486 |       0 |    0 | 547 |     28 |      4 |    0 |          0 |
|       inst           |                            bd_0_hls_inst_0_top_kernel |        486 |        486 |       0 |    0 | 547 |     28 |      4 |    0 |          0 |
|         (inst)       |                            bd_0_hls_inst_0_top_kernel |        294 |        294 |       0 |    0 | 547 |      0 |      0 |    0 |          0 |
|         stage2_out_U | bd_0_hls_inst_0_top_kernel_stage1_out_RAM_AUTO_1R1W_0 |         50 |         50 |       0 |    0 |   0 |      7 |      1 |    0 |          0 |
|         stage4_out_U | bd_0_hls_inst_0_top_kernel_stage1_out_RAM_AUTO_1R1W_2 |         63 |         63 |       0 |    0 |   0 |      7 |      1 |    0 |          0 |
+----------------------+-------------------------------------------------------+------------+------------+---------+------+-----+--------+--------+------+------------+
* Note: The sum of lower-level cells may be larger than their parent cells total, due to cross-hierarchy LUT combining


