================================================================
== Design Size Report
================================================================

* Total Instructions per Compilation Phase
+---------------+-----------------------------+--------------+----------------------------------------------------------------------------------------+
| Phase         | Step                        | Instructions | Description                                                                            |
+---------------+-----------------------------+--------------+----------------------------------------------------------------------------------------+
| Compile/Link  |                             | 18,128       | After all functions are compiled and linked into a single design                       |
|               |                             |              |                                                                                        |
| Unroll/Inline |                             |              | After user unroll and inline pragmas are applied                                       |
|               | (1) unroll                  | 12,912       | user unroll pragmas are applied                                                        |
|               | (2) simplification          |  6,184       | simplification of applied user unroll pragmas                                          |
|               | (3) inline                  |  5,659       | user inline pragmas are applied                                                        |
|               | (4) simplification          |  5,413       | simplification of applied user inline pragmas                                          |
|               |                             |              |                                                                                        |
| Array/Struct  |                             |              | After user array partition and struct aggregate/disaggregate pragmas are applied       |
|               | (1) array partition         |  5,071       | user array partition pragmas are applied                                               |
|               | (2) simplification          |  5,071       | simplification of applied user array partition & struct aggregate/disaggregate pragmas |
|               | (3) aggregate/disaggregate  |  5,071       | user struct aggregate/disaggregate pragmas are applied                                 |
|               | (4) array reshape           |  5,071       | apply array reshape pragmas                                                            |
|               | (5) access patterns         |  5,074       | array access pattern optmizations                                                      |
|               |                             |              |                                                                                        |
| Performance   |                             |              | After transformations are applied to meet performance pragma targets                   |
|               | (1) loop simplification     |  5,074       | loop and instruction simplification                                                    |
|               | (2) parallelization         |  5,073       | loops are unrolled or pipelined to meet performance targets                            |
|               | (3) array partition         |  5,073       | arrays are partitioned to meet performance targets                                     |
|               | (4) simplification          |  5,073       | simplification of design after performance transformations                             |
|               |                             |              |                                                                                        |
| HW Transforms |                             |              | After hardware transfomations                                                          |
|               | (1) lowering                |  5,057       | initial conversion to HW specific instructions                                         |
|               | (2) optimizations           |  5,354       | high level synthesis optimizations                                                     |
+---------------+-----------------------------+--------------+----------------------------------------------------------------------------------------+

* Instructions per Function for each Compilation Phase
+----------------------+-------------+--------------+---------------+--------------+-------------+---------------+
| Function             | Location    | Compile/Link | Unroll/Inline | Array/Struct | Performance | HW Transforms |
+----------------------+-------------+--------------+---------------+--------------+-------------+---------------+
| + top_kernel         | top.cpp:465 | 18,128       | 5,413         | 5,074        | 5,073       | 5,354         |
|    load_input_wide   | top.cpp:317 |    95        |   63          |   59         |   59        |  112          |
|    k0_preprocess     | top.cpp:370 | 2,239        |  728          |  728         |  728        |  782          |
|    k_split           | top.cpp:383 |    39        |    9          |    9         |    9        |   19          |
|  + k1_transform      | top.cpp:394 | 6,563        | 1,990         | 1,824        | 1,824       | 1,878         |
|     hls_clamp        | top.cpp:309 |    44        |               |              |             |               |
|    k2_stats          | top.cpp:413 | 3,715        |  793          |  794         |  793        |  804          |
|    k3_join_norm      | top.cpp:432 | 1,547        |  747          |  747         |  747        |  806          |
|  + k4_postprocess    | top.cpp:449 | 3,724        |  958          |  792         |  792        |  846          |
|     hls_clamp        | top.cpp:309 |    44        |               |              |             |               |
|    store_output_wide | top.cpp:342 |   132        |   99          |   95         |   95        |   68          |
+----------------------+-------------+--------------+---------------+--------------+-------------+---------------+

* Design Size Message Settings
+---------------------------------------------+--------+------------------------------------------------------------------+
| Message Setting                             | Value  | Description                                                      |
+---------------------------------------------+--------+------------------------------------------------------------------+
| config_compile -design_size_maximum_warning | 100000 | Show a warning when total design instructions exceeds this value |
+---------------------------------------------+--------+------------------------------------------------------------------+


