Copyright 1986-2022 Xilinx, Inc. All Rights Reserved. Copyright 2022-2025 Advanced Micro Devices, Inc. All Rights Reserved.
--------------------------------------------------------------------------------------------------------------------------------------------------
| Tool Version      : Vivado v.2025.1.1 (lin64) Build 6233196 Thu Sep 11 21:27:11 MDT 2025
| Date              : Sat Mar 28 00:23:08 2026
| Host              : ece-linlabsrv01 running 64-bit Red Hat Enterprise Linux release 8.10 (Ootpa)
| Command           : report_timing_summary -file ./report/ag_pipeline_baseline_timing_routed.rpt
| Design            : bd_0_wrapper
| Device            : xczu3eg-sbva484
| Speed File        : -1  PRODUCTION 1.30 05-15-2022
| Design State      : Routed
| Temperature Grade : E
--------------------------------------------------------------------------------------------------------------------------------------------------

Timing Summary Report

------------------------------------------------------------------------------------------------
| Timer Settings
| --------------
------------------------------------------------------------------------------------------------

  Enable Multi Corner Analysis               :  Yes
  Enable Pessimism Removal                   :  Yes
  Pessimism Removal Resolution               :  Nearest Common Node
  Enable Input Delay Default Clock           :  No
  Enable Preset / Clear Arcs                 :  No
  Disable Flight Delays                      :  No
  Ignore I/O Paths                           :  No
  Timing Early Launch at Borrowing Latches   :  No
  Borrow Time for Max Delay Exceptions       :  Yes
  Merge Timing Exceptions                    :  Yes
  Inter-SLR Compensation                     :  Conservative

  Corner  Analyze    Analyze    
  Name    Max Paths  Min Paths  
  ------  ---------  ---------  
  Slow    Yes        Yes        
  Fast    Yes        Yes        


------------------------------------------------------------------------------------------------
| Report Methodology
| ------------------
------------------------------------------------------------------------------------------------

Rule       Severity  Description                    Violations  
---------  --------  -----------------------------  ----------  
TIMING-18  Warning   Missing input or output delay  61          

Note: This report is based on the most recent report_methodology run and may not be up-to-date. Run report_methodology on the current design for the latest report.



check_timing report

Table of Contents
-----------------
1. checking no_clock (0)
2. checking constant_clock (0)
3. checking pulse_width_clock (0)
4. checking unconstrained_internal_endpoints (0)
5. checking no_input_delay (18)
6. checking no_output_delay (43)
7. checking multiple_clock (0)
8. checking generated_clocks (0)
9. checking loops (0)
10. checking partial_input_delay (0)
11. checking partial_output_delay (0)
12. checking latch_loops (0)

1. checking no_clock (0)
------------------------
 There are 0 register/latch pins with no clock.


2. checking constant_clock (0)
------------------------------
 There are 0 register/latch pins with constant_clock.


3. checking pulse_width_clock (0)
---------------------------------
 There are 0 register/latch pins which need pulse_width check


4. checking unconstrained_internal_endpoints (0)
------------------------------------------------
 There are 0 pins that are not constrained for maximum delay.

 There are 0 pins that are not constrained for maximum delay due to constant clock.


5. checking no_input_delay (18)
-------------------------------
 There are 18 input ports with no input delay specified. (HIGH)

 There are 0 input ports with no input delay but user has a false path constraint.


6. checking no_output_delay (43)
--------------------------------
 There are 43 ports with no output delay specified. (HIGH)

 There are 0 ports with no output delay but user has a false path constraint

 There are 0 ports with no output delay but with a timing clock defined on it or propagating through it


7. checking multiple_clock (0)
------------------------------
 There are 0 register/latch pins with multiple clocks.


8. checking generated_clocks (0)
--------------------------------
 There are 0 generated clocks that are not connected to a clock source.


9. checking loops (0)
---------------------
 There are 0 combinational loops in the design.


10. checking partial_input_delay (0)
------------------------------------
 There are 0 input ports with partial input delay specified.


11. checking partial_output_delay (0)
-------------------------------------
 There are 0 ports with partial output delay specified.


12. checking latch_loops (0)
----------------------------
 There are 0 combinational latch loops in the design through latch input



------------------------------------------------------------------------------------------------
| Design Timing Summary
| ---------------------
------------------------------------------------------------------------------------------------

    WNS(ns)      TNS(ns)  TNS Failing Endpoints  TNS Total Endpoints      WHS(ns)      THS(ns)  THS Failing Endpoints  THS Total Endpoints     WPWS(ns)     TPWS(ns)  TPWS Failing Endpoints  TPWS Total Endpoints  
    -------      -------  ---------------------  -------------------      -------      -------  ---------------------  -------------------     --------     --------  ----------------------  --------------------  
      4.728        0.000                      0                 1284        0.048        0.000                      0                 1284        4.427        0.000                       0                   319  


All user specified timing constraints are met.


------------------------------------------------------------------------------------------------
| Clock Summary
| -------------
------------------------------------------------------------------------------------------------

Clock   Waveform(ns)       Period(ns)      Frequency(MHz)
-----   ------------       ----------      --------------
ap_clk  {0.000 5.000}      10.000          100.000         


------------------------------------------------------------------------------------------------
| Intra Clock Table
| -----------------
------------------------------------------------------------------------------------------------

Clock             WNS(ns)      TNS(ns)  TNS Failing Endpoints  TNS Total Endpoints      WHS(ns)      THS(ns)  THS Failing Endpoints  THS Total Endpoints     WPWS(ns)     TPWS(ns)  TPWS Failing Endpoints  TPWS Total Endpoints  
-----             -------      -------  ---------------------  -------------------      -------      -------  ---------------------  -------------------     --------     --------  ----------------------  --------------------  
ap_clk              4.728        0.000                      0                 1284        0.048        0.000                      0                 1284        4.427        0.000                       0                   319  


------------------------------------------------------------------------------------------------
| Inter Clock Table
| -----------------
------------------------------------------------------------------------------------------------

From Clock    To Clock          WNS(ns)      TNS(ns)  TNS Failing Endpoints  TNS Total Endpoints      WHS(ns)      THS(ns)  THS Failing Endpoints  THS Total Endpoints  
----------    --------          -------      -------  ---------------------  -------------------      -------      -------  ---------------------  -------------------  


------------------------------------------------------------------------------------------------
| Other Path Groups Table
| -----------------------
------------------------------------------------------------------------------------------------

Path Group    From Clock    To Clock          WNS(ns)      TNS(ns)  TNS Failing Endpoints  TNS Total Endpoints      WHS(ns)      THS(ns)  THS Failing Endpoints  THS Total Endpoints  
----------    ----------    --------          -------      -------  ---------------------  -------------------      -------      -------  ---------------------  -------------------  


------------------------------------------------------------------------------------------------
| Timing Details
| --------------
------------------------------------------------------------------------------------------------


---------------------------------------------------------------------------------------------------
From Clock:  ap_clk
  To Clock:  ap_clk

Setup :            0  Failing Endpoints,  Worst Slack        4.728ns,  Total Violation        0.000ns
Hold  :            0  Failing Endpoints,  Worst Slack        0.048ns,  Total Violation        0.000ns
PW    :            0  Failing Endpoints,  Worst Slack        4.427ns,  Total Violation        0.000ns
---------------------------------------------------------------------------------------------------


Max Delay Paths
--------------------------------------------------------------------------------------
Slack (MET) :             4.728ns  (required time - arrival time)
  Source:                 bd_0_i/hls_inst/inst/mul_16s_16s_32_1_1_U1/tmp_product/DSP_A_B_DATA_INST/CLK
                            (rising edge-triggered cell DSP_A_B_DATA clocked by ap_clk  {rise@0.000ns fall@5.000ns period=10.000ns})
  Destination:            bd_0_i/hls_inst/inst/s3_U/ram_reg_bram_0/DINADIN[0]
                            (rising edge-triggered cell RAMB36E2 clocked by ap_clk  {rise@0.000ns fall@5.000ns period=10.000ns})
  Path Group:             ap_clk
  Path Type:              Setup (Max at Slow Process Corner)
  Requirement:            10.000ns  (ap_clk rise@10.000ns - ap_clk rise@0.000ns)
  Data Path Delay:        4.873ns  (logic 2.745ns (56.332%)  route 2.128ns (43.668%))
  Logic Levels:           11  (CARRY8=2 DSP_ALU=1 DSP_M_DATA=1 DSP_MULTIPLIER=1 DSP_OUTPUT=1 DSP_PREADD_DATA=1 LUT2=1 LUT3=1 LUT5=1 LUT6=1)
  Clock Path Skew:        -0.034ns (DCD - SCD + CPR)
    Destination Clock Delay (DCD):    0.041ns = ( 10.041 - 10.000 ) 
    Source Clock Delay      (SCD):    0.075ns
    Clock Pessimism Removal (CPR):    0.000ns
  Clock Uncertainty:      0.035ns  ((TSJ^2 + TIJ^2)^1/2 + DJ) / 2 + PE
    Total System Jitter     (TSJ):    0.071ns
    Total Input Jitter      (TIJ):    0.000ns
    Discrete Jitter          (DJ):    0.000ns
    Phase Error              (PE):    0.000ns

    Location             Delay type                Incr(ns)  Path(ns)    Netlist Resource(s)
  -------------------------------------------------------------------    -------------------
                         (clock ap_clk rise edge)     0.000     0.000 r  
                                                      0.000     0.000 r  ap_clk (IN)
                         net (fo=324, unset)          0.075     0.075    bd_0_i/hls_inst/inst/mul_16s_16s_32_1_1_U1/tmp_product/CLK
    DSP48E2_X1Y28        DSP_A_B_DATA                                 r  bd_0_i/hls_inst/inst/mul_16s_16s_32_1_1_U1/tmp_product/DSP_A_B_DATA_INST/CLK
  -------------------------------------------------------------------    -------------------
    DSP48E2_X1Y28        DSP_A_B_DATA (Prop_DSP_A_B_DATA_DSP48E2_CLK_B2_DATA[7])
                                                      0.263     0.338 r  bd_0_i/hls_inst/inst/mul_16s_16s_32_1_1_U1/tmp_product/DSP_A_B_DATA_INST/B2_DATA[7]
                         net (fo=1, routed)           0.000     0.338    bd_0_i/hls_inst/inst/mul_16s_16s_32_1_1_U1/tmp_product/DSP_A_B_DATA.B2_DATA<7>
    DSP48E2_X1Y28        DSP_PREADD_DATA (Prop_DSP_PREADD_DATA_DSP48E2_B2_DATA[7]_B2B1[7])
                                                      0.092     0.430 r  bd_0_i/hls_inst/inst/mul_16s_16s_32_1_1_U1/tmp_product/DSP_PREADD_DATA_INST/B2B1[7]
                         net (fo=1, routed)           0.000     0.430    bd_0_i/hls_inst/inst/mul_16s_16s_32_1_1_U1/tmp_product/DSP_PREADD_DATA.B2B1<7>
    DSP48E2_X1Y28        DSP_MULTIPLIER (Prop_DSP_MULTIPLIER_DSP48E2_B2B1[7]_U[7])
                                                      0.737     1.167 f  bd_0_i/hls_inst/inst/mul_16s_16s_32_1_1_U1/tmp_product/DSP_MULTIPLIER_INST/U[7]
                         net (fo=1, routed)           0.000     1.167    bd_0_i/hls_inst/inst/mul_16s_16s_32_1_1_U1/tmp_product/DSP_MULTIPLIER.U<7>
    DSP48E2_X1Y28        DSP_M_DATA (Prop_DSP_M_DATA_DSP48E2_U[7]_U_DATA[7])
                                                      0.059     1.226 r  bd_0_i/hls_inst/inst/mul_16s_16s_32_1_1_U1/tmp_product/DSP_M_DATA_INST/U_DATA[7]
                         net (fo=1, routed)           0.000     1.226    bd_0_i/hls_inst/inst/mul_16s_16s_32_1_1_U1/tmp_product/DSP_M_DATA.U_DATA<7>
    DSP48E2_X1Y28        DSP_ALU (Prop_DSP_ALU_DSP48E2_U_DATA[7]_ALU_OUT[7])
                                                      0.699     1.925 f  bd_0_i/hls_inst/inst/mul_16s_16s_32_1_1_U1/tmp_product/DSP_ALU_INST/ALU_OUT[7]
                         net (fo=1, routed)           0.000     1.925    bd_0_i/hls_inst/inst/mul_16s_16s_32_1_1_U1/tmp_product/DSP_ALU.ALU_OUT<7>
    DSP48E2_X1Y28        DSP_OUTPUT (Prop_DSP_OUTPUT_DSP48E2_ALU_OUT[7]_P[7])
                                                      0.141     2.066 r  bd_0_i/hls_inst/inst/mul_16s_16s_32_1_1_U1/tmp_product/DSP_OUTPUT_INST/P[7]
                         net (fo=1, routed)           0.279     2.345    bd_0_i/hls_inst/inst/mul_16s_16s_32_1_1_U1/zext_ln17_fu_674_p1
    SLICE_X19Y71         LUT2 (Prop_A6LUT_SLICEM_I1_O)
                                                      0.064     2.409 r  bd_0_i/hls_inst/inst/mul_16s_16s_32_1_1_U1/ram_reg_bram_0_i_30__0/O
                         net (fo=1, routed)           0.014     2.423    bd_0_i/hls_inst/inst/mul_16s_16s_32_1_1_U1/ram_reg_bram_0_i_30__0_n_5
    SLICE_X19Y71         CARRY8 (Prop_CARRY8_SLICEM_S[0]_CO[7])
                                                      0.241     2.664 r  bd_0_i/hls_inst/inst/mul_16s_16s_32_1_1_U1/ram_reg_bram_0_i_25__0/CO[7]
                         net (fo=1, routed)           0.028     2.692    bd_0_i/hls_inst/inst/mul_16s_16s_32_1_1_U1/ram_reg_bram_0_i_25__0_n_5
    SLICE_X19Y72         CARRY8 (Prop_CARRY8_SLICEM_CI_O[7])
                                                      0.146     2.838 r  bd_0_i/hls_inst/inst/mul_16s_16s_32_1_1_U1/ram_reg_bram_0_i_28__0/O[7]
                         net (fo=3, routed)           0.220     3.058    bd_0_i/hls_inst/inst/mul_16s_16s_32_1_1_U1/tmp_13_fu_684_p3
    SLICE_X19Y73         LUT6 (Prop_H6LUT_SLICEM_I4_O)
                                                      0.066     3.124 r  bd_0_i/hls_inst/inst/mul_16s_16s_32_1_1_U1/ram_reg_bram_0_i_31__0/O
                         net (fo=1, routed)           0.053     3.177    bd_0_i/hls_inst/inst/mul_16s_16s_32_1_1_U1/ram_reg_bram_0_i_31__0_n_5
    SLICE_X19Y73         LUT5 (Prop_E6LUT_SLICEM_I3_O)
                                                      0.101     3.278 r  bd_0_i/hls_inst/inst/mul_16s_16s_32_1_1_U1/ram_reg_bram_0_i_26__0/O
                         net (fo=15, routed)          0.361     3.639    bd_0_i/hls_inst/inst/mul_16s_16s_32_1_1_U1/ram_reg_bram_0_i_26__0_n_5
    SLICE_X17Y71         LUT3 (Prop_G5LUT_SLICEL_I1_O)
                                                      0.136     3.775 r  bd_0_i/hls_inst/inst/mul_16s_16s_32_1_1_U1/ram_reg_bram_0_i_21/O
                         net (fo=4, routed)           1.173     4.948    bd_0_i/hls_inst/inst/s3_U/ram_reg_bram_7_2[0]
    RAMB36_X1Y5          RAMB36E2                                     r  bd_0_i/hls_inst/inst/s3_U/ram_reg_bram_0/DINADIN[0]
  -------------------------------------------------------------------    -------------------

                         (clock ap_clk rise edge)    10.000    10.000 r  
                                                      0.000    10.000 r  ap_clk (IN)
                         net (fo=324, unset)          0.041    10.041    bd_0_i/hls_inst/inst/s3_U/ap_clk
    RAMB36_X1Y5          RAMB36E2                                     r  bd_0_i/hls_inst/inst/s3_U/ram_reg_bram_0/CLKARDCLK
                         clock pessimism              0.000    10.041    
                         clock uncertainty           -0.035    10.006    
    RAMB36_X1Y5          RAMB36E2 (Setup_RAMB36E2_RAMB36_CLKARDCLK_DINADIN[0])
                                                     -0.330     9.676    bd_0_i/hls_inst/inst/s3_U/ram_reg_bram_0
  -------------------------------------------------------------------
                         required time                          9.676    
                         arrival time                          -4.948    
  -------------------------------------------------------------------
                         slack                                  4.728    





Min Delay Paths
--------------------------------------------------------------------------------------
Slack (MET) :             0.048ns  (arrival time - required time)
  Source:                 bd_0_i/hls_inst/inst/add_ln21_reg_1407_reg[4]/C
                            (rising edge-triggered cell FDRE clocked by ap_clk  {rise@0.000ns fall@5.000ns period=10.000ns})
  Destination:            bd_0_i/hls_inst/inst/b_fu_180_reg[4]/D
                            (rising edge-triggered cell FDRE clocked by ap_clk  {rise@0.000ns fall@5.000ns period=10.000ns})
  Path Group:             ap_clk
  Path Type:              Hold (Min at Fast Process Corner)
  Requirement:            0.000ns  (ap_clk rise@0.000ns - ap_clk rise@0.000ns)
  Data Path Delay:        0.101ns  (logic 0.038ns (37.624%)  route 0.063ns (62.376%))
  Logic Levels:           0  
  Clock Path Skew:        0.006ns (DCD - SCD - CPR)
    Destination Clock Delay (DCD):    0.019ns
    Source Clock Delay      (SCD):    0.013ns
    Clock Pessimism Removal (CPR):    -0.000ns

    Location             Delay type                Incr(ns)  Path(ns)    Netlist Resource(s)
  -------------------------------------------------------------------    -------------------
                         (clock ap_clk rise edge)     0.000     0.000 r  
                                                      0.000     0.000 r  ap_clk (IN)
                         net (fo=324, unset)          0.013     0.013    bd_0_i/hls_inst/inst/ap_clk
    SLICE_X9Y59          FDRE                                         r  bd_0_i/hls_inst/inst/add_ln21_reg_1407_reg[4]/C
  -------------------------------------------------------------------    -------------------
    SLICE_X9Y59          FDRE (Prop_AFF_SLICEM_C_Q)
                                                      0.038     0.051 r  bd_0_i/hls_inst/inst/add_ln21_reg_1407_reg[4]/Q
                         net (fo=1, routed)           0.063     0.114    bd_0_i/hls_inst/inst/add_ln21_reg_1407[4]
    SLICE_X9Y59          FDRE                                         r  bd_0_i/hls_inst/inst/b_fu_180_reg[4]/D
  -------------------------------------------------------------------    -------------------

                         (clock ap_clk rise edge)     0.000     0.000 r  
                                                      0.000     0.000 r  ap_clk (IN)
                         net (fo=324, unset)          0.019     0.019    bd_0_i/hls_inst/inst/ap_clk
    SLICE_X9Y59          FDRE                                         r  bd_0_i/hls_inst/inst/b_fu_180_reg[4]/C
                         clock pessimism              0.000     0.019    
    SLICE_X9Y59          FDRE (Hold_EFF2_SLICEM_C_D)
                                                      0.047     0.066    bd_0_i/hls_inst/inst/b_fu_180_reg[4]
  -------------------------------------------------------------------
                         required time                         -0.066    
                         arrival time                           0.114    
  -------------------------------------------------------------------
                         slack                                  0.048    





Pulse Width Checks
--------------------------------------------------------------------------------------
Clock Name:         ap_clk
Waveform(ns):       { 0.000 5.000 }
Period(ns):         10.000
Sources:            { ap_clk }

Check Type        Corner  Lib Pin             Reference Pin  Required(ns)  Actual(ns)  Slack(ns)  Location     Pin
Min Period        n/a     RAMB36E2/CLKARDCLK  n/a            1.739         10.000      8.261      RAMB36_X2Y7  bd_0_i/hls_inst/inst/s2_U/ram_reg_bram_0/CLKARDCLK
Low Pulse Width   Slow    RAMS64E/CLK         n/a            0.573         5.000       4.427      SLICE_X5Y65  bd_0_i/hls_inst/inst/stats_U/ram_reg_0_63_0_0/SP/CLK
High Pulse Width  Slow    RAMS64E/CLK         n/a            0.573         5.000       4.427      SLICE_X5Y65  bd_0_i/hls_inst/inst/stats_U/ram_reg_0_63_0_0/SP/CLK



