Copyright 1986-2022 Xilinx, Inc. All Rights Reserved. Copyright 2022-2025 Advanced Micro Devices, Inc. All Rights Reserved.
---------------------------------------------------------------------------------------------------------------------------------------------
| Tool Version : Vivado v.2025.1.1 (lin64) Build 6233196 Thu Sep 11 21:27:11 MDT 2025
| Date         : Fri Apr  3 22:18:30 2026
| Host         : ece-linlabsrv01 running 64-bit Red Hat Enterprise Linux release 8.10 (Ootpa)
| Command      : report_utilization -hierarchical -hierarchical_depth 6 -file ./report/top_kernel_utilization_hierarchical_synth.rpt
| Design       : bd_0_wrapper
| Device       : xczu3eg-sbva484-1-e
| Speed File   : -1
| Design State : Synthesized
---------------------------------------------------------------------------------------------------------------------------------------------

Utilization Design Information

Table of Contents
-----------------
1. Utilization by Hierarchy

1. Utilization by Hierarchy
---------------------------

+--------------------------------------------------------------+---------------------------------------------------------------------+------------+------------+---------+------+------+--------+--------+------+------------+
|                           Instance                           |                                Module                               | Total LUTs | Logic LUTs | LUTRAMs | SRLs |  FFs | RAMB36 | RAMB18 | URAM | DSP Blocks |
+--------------------------------------------------------------+---------------------------------------------------------------------+------------+------------+---------+------+------+--------+--------+------+------------+
| bd_0_wrapper                                                 |                                                               (top) |       5494 |       5357 |       0 |  137 | 4045 |     20 |      2 |    0 |         31 |
|   bd_0_i                                                     |                                                                bd_0 |       5494 |       5357 |       0 |  137 | 4045 |     20 |      2 |    0 |         31 |
|     hls_inst                                                 |                                                     bd_0_hls_inst_0 |       5494 |       5357 |       0 |  137 | 4045 |     20 |      2 |    0 |         31 |
|       inst                                                   |                                          bd_0_hls_inst_0_top_kernel |       5494 |       5357 |       0 |  137 | 4045 |     20 |      2 |    0 |         31 |
|         (inst)                                               |                                          bd_0_hls_inst_0_top_kernel |        261 |        261 |       0 |    0 | 1443 |      0 |      0 |    0 |          0 |
|         bilateral_filtered_U                                 |                  bd_0_hls_inst_0_top_kernel_intensity_RAM_AUTO_1R1W |         54 |         54 |       0 |    0 |    0 |      4 |      0 |    0 |          0 |
|         cdf_U                                                |                  bd_0_hls_inst_0_top_kernel_histogram_RAM_AUTO_1R1W |        194 |        194 |       0 |    0 |    0 |      0 |      1 |    0 |          0 |
|         dexp_64ns_64ns_64_15_full_dsp_1_U17                  |          bd_0_hls_inst_0_top_kernel_dexp_64ns_64ns_64_15_full_dsp_1 |       1828 |       1755 |       0 |   73 | 1017 |      0 |      0 |    0 |         26 |
|           (dexp_64ns_64ns_64_15_full_dsp_1_U17)              |          bd_0_hls_inst_0_top_kernel_dexp_64ns_64ns_64_15_full_dsp_1 |          0 |          0 |       0 |    0 |   64 |      0 |      0 |    0 |          0 |
|           top_kernel_dexp_64ns_64ns_64_15_full_dsp_1_ip_u    |       bd_0_hls_inst_0_top_kernel_dexp_64ns_64ns_64_15_full_dsp_1_ip |       1828 |       1755 |       0 |   73 |  953 |      0 |      0 |    0 |         26 |
|             U0                                               |             bd_0_hls_inst_0_floating_point_v7_1_20__parameterized13 |       1828 |       1755 |       0 |   73 |  953 |      0 |      0 |    0 |         26 |
|         equalized_U                                          |                bd_0_hls_inst_0_top_kernel_intensity_RAM_AUTO_1R1W_0 |         62 |         62 |       0 |    0 |    0 |      4 |      0 |    0 |          0 |
|         eroded_U                                             |                bd_0_hls_inst_0_top_kernel_intensity_RAM_AUTO_1R1W_1 |         87 |         87 |       0 |    0 |    0 |      4 |      0 |    0 |          0 |
|         faddfsub_32ns_32ns_32_5_full_dsp_1_U10               |       bd_0_hls_inst_0_top_kernel_faddfsub_32ns_32ns_32_5_full_dsp_1 |        338 |        338 |       0 |    0 |  176 |      0 |      0 |    0 |          2 |
|           (faddfsub_32ns_32ns_32_5_full_dsp_1_U10)           |       bd_0_hls_inst_0_top_kernel_faddfsub_32ns_32ns_32_5_full_dsp_1 |        109 |        109 |       0 |    0 |   65 |      0 |      0 |    0 |          0 |
|           top_kernel_faddfsub_32ns_32ns_32_5_full_dsp_1_ip_u |    bd_0_hls_inst_0_top_kernel_faddfsub_32ns_32ns_32_5_full_dsp_1_ip |        229 |        229 |       0 |    0 |  111 |      0 |      0 |    0 |          2 |
|             U0                                               |              bd_0_hls_inst_0_floating_point_v7_1_20__parameterized1 |        229 |        229 |       0 |    0 |  111 |      0 |      0 |    0 |          2 |
|         fcmp_32ns_32ns_1_2_no_dsp_1_U16                      |              bd_0_hls_inst_0_top_kernel_fcmp_32ns_32ns_1_2_no_dsp_1 |        124 |        124 |       0 |    0 |   66 |      0 |      0 |    0 |          0 |
|           (fcmp_32ns_32ns_1_2_no_dsp_1_U16)                  |              bd_0_hls_inst_0_top_kernel_fcmp_32ns_32ns_1_2_no_dsp_1 |         78 |         78 |       0 |    0 |   66 |      0 |      0 |    0 |          0 |
|         fdiv_32ns_32ns_32_10_no_dsp_1_U12                    |            bd_0_hls_inst_0_top_kernel_fdiv_32ns_32ns_32_10_no_dsp_1 |        871 |        839 |       0 |   32 |  438 |      0 |      0 |    0 |          0 |
|           (fdiv_32ns_32ns_32_10_no_dsp_1_U12)                |            bd_0_hls_inst_0_top_kernel_fdiv_32ns_32ns_32_10_no_dsp_1 |         80 |         80 |       0 |    0 |   64 |      0 |      0 |    0 |          0 |
|           top_kernel_fdiv_32ns_32ns_32_10_no_dsp_1_ip_u      |         bd_0_hls_inst_0_top_kernel_fdiv_32ns_32ns_32_10_no_dsp_1_ip |        791 |        759 |       0 |   32 |  374 |      0 |      0 |    0 |          0 |
|             U0                                               |                              bd_0_hls_inst_0_floating_point_v7_1_20 |        791 |        759 |       0 |   32 |  374 |      0 |      0 |    0 |          0 |
|         fmul_32ns_32ns_32_4_max_dsp_1_U11                    |            bd_0_hls_inst_0_top_kernel_fmul_32ns_32ns_32_4_max_dsp_1 |         94 |         94 |       0 |    0 |  113 |      0 |      0 |    0 |          3 |
|           (fmul_32ns_32ns_32_4_max_dsp_1_U11)                |            bd_0_hls_inst_0_top_kernel_fmul_32ns_32ns_32_4_max_dsp_1 |         19 |         19 |       0 |    0 |   64 |      0 |      0 |    0 |          0 |
|           top_kernel_fmul_32ns_32ns_32_4_max_dsp_1_ip_u      |         bd_0_hls_inst_0_top_kernel_fmul_32ns_32ns_32_4_max_dsp_1_ip |         75 |         75 |       0 |    0 |   49 |      0 |      0 |    0 |          3 |
|             U0                                               |              bd_0_hls_inst_0_floating_point_v7_1_20__parameterized3 |         75 |         75 |       0 |    0 |   49 |      0 |      0 |    0 |          3 |
|         fpext_32ns_64_2_no_dsp_1_U15                         |                 bd_0_hls_inst_0_top_kernel_fpext_32ns_64_2_no_dsp_1 |         67 |         67 |       0 |    0 |   32 |      0 |      0 |    0 |          0 |
|           top_kernel_fpext_32ns_64_2_no_dsp_1_ip_u           |              bd_0_hls_inst_0_top_kernel_fpext_32ns_64_2_no_dsp_1_ip |         67 |         67 |       0 |    0 |    0 |      0 |      0 |    0 |          0 |
|             U0                                               |              bd_0_hls_inst_0_floating_point_v7_1_20__parameterized9 |         67 |         67 |       0 |    0 |    0 |      0 |      0 |    0 |          0 |
|         fptrunc_64ns_32_2_no_dsp_1_U14                       |               bd_0_hls_inst_0_top_kernel_fptrunc_64ns_32_2_no_dsp_1 |         41 |         41 |       0 |    0 |   63 |      0 |      0 |    0 |          0 |
|           (fptrunc_64ns_32_2_no_dsp_1_U14)                   |               bd_0_hls_inst_0_top_kernel_fptrunc_64ns_32_2_no_dsp_1 |          0 |          0 |       0 |    0 |   63 |      0 |      0 |    0 |          0 |
|         gaussian_kernel_U                                    |              bd_0_hls_inst_0_top_kernel_gaussian_kernel_ROM_AUTO_1R |         64 |         64 |       0 |    0 |   22 |      0 |      0 |    0 |          0 |
|         grp_top_kernel_Outline_VITIS_LOOP_17_1_fu_725        |       bd_0_hls_inst_0_top_kernel_top_kernel_Outline_VITIS_LOOP_17_1 |        924 |        892 |       0 |   32 |  547 |      0 |      0 |    0 |          0 |
|           (grp_top_kernel_Outline_VITIS_LOOP_17_1_fu_725)    |       bd_0_hls_inst_0_top_kernel_top_kernel_Outline_VITIS_LOOP_17_1 |        197 |        197 |       0 |    0 |  273 |      0 |      0 |    0 |          0 |
|           fdiv_32ns_32ns_32_10_no_dsp_1_U3                   | bd_0_hls_inst_0_top_kernel_fdiv_32ns_32ns_32_10_no_dsp_1__xdcDup__1 |        727 |        695 |       0 |   32 |  274 |      0 |      0 |    0 |          0 |
|             top_kernel_fdiv_32ns_32ns_32_10_no_dsp_1_ip_u    |      bd_0_hls_inst_0_top_kernel_fdiv_32ns_32ns_32_10_no_dsp_1_ip__2 |        727 |        695 |       0 |   32 |  242 |      0 |      0 |    0 |          0 |
|         histogram_U                                          |                bd_0_hls_inst_0_top_kernel_histogram_RAM_AUTO_1R1W_3 |        267 |        267 |       0 |    0 |    0 |      0 |      1 |    0 |          0 |
|         sitofp_32ns_32_4_no_dsp_1_U13                        |                bd_0_hls_inst_0_top_kernel_sitofp_32ns_32_4_no_dsp_1 |        152 |        152 |       0 |    0 |  113 |      0 |      0 |    0 |          0 |
|           top_kernel_sitofp_32ns_32_4_no_dsp_1_ip_u          |             bd_0_hls_inst_0_top_kernel_sitofp_32ns_32_4_no_dsp_1_ip |        152 |        152 |       0 |    0 |   81 |      0 |      0 |    0 |          0 |
|             U0                                               |              bd_0_hls_inst_0_floating_point_v7_1_20__parameterized5 |        152 |        152 |       0 |    0 |   81 |      0 |      0 |    0 |          0 |
+--------------------------------------------------------------+---------------------------------------------------------------------+------------+------------+---------+------+------+--------+--------+------+------------+


