Copyright 1986-2022 Xilinx, Inc. All Rights Reserved. Copyright 2022-2025 Advanced Micro Devices, Inc. All Rights Reserved.
---------------------------------------------------------------------------------------------------------------------------------------------
| Tool Version : Vivado v.2025.1.1 (lin64) Build 6233196 Thu Sep 11 21:27:11 MDT 2025
| Date         : Fri Apr  3 22:23:02 2026
| Host         : ece-linlabsrv01 running 64-bit Red Hat Enterprise Linux release 8.10 (Ootpa)
| Command      : report_utilization -hierarchical -hierarchical_depth 6 -file ./report/top_kernel_utilization_hierarchical_routed.rpt
| Design       : bd_0_wrapper
| Device       : xczu3eg-sbva484-1-e
| Speed File   : -1
| Design State : Routed
---------------------------------------------------------------------------------------------------------------------------------------------

Utilization Design Information

Table of Contents
-----------------
1. Utilization by Hierarchy

1. Utilization by Hierarchy
---------------------------

+--------------------------------------------------------------+---------------------------------------------------------------------+------------+------------+---------+------+------+--------+--------+------+------------+
|                           Instance                           |                                Module                               | Total LUTs | Logic LUTs | LUTRAMs | SRLs |  FFs | RAMB36 | RAMB18 | URAM | DSP Blocks |
+--------------------------------------------------------------+---------------------------------------------------------------------+------------+------------+---------+------+------+--------+--------+------+------------+
| bd_0_wrapper                                                 |                                                               (top) |       5159 |       5051 |       0 |  108 | 3928 |     20 |      2 |    0 |         31 |
|   bd_0_i                                                     |                                                                bd_0 |       5159 |       5051 |       0 |  108 | 3928 |     20 |      2 |    0 |         31 |
|     hls_inst                                                 |                                                     bd_0_hls_inst_0 |       5159 |       5051 |       0 |  108 | 3928 |     20 |      2 |    0 |         31 |
|       inst                                                   |                                          bd_0_hls_inst_0_top_kernel |       5159 |       5051 |       0 |  108 | 3928 |     20 |      2 |    0 |         31 |
|         (inst)                                               |                                          bd_0_hls_inst_0_top_kernel |        254 |        254 |       0 |    0 | 1414 |      0 |      0 |    0 |          0 |
|         (fcmp_32ns_32ns_1_2_no_dsp_1_U16)                    |              bd_0_hls_inst_0_top_kernel_fcmp_32ns_32ns_1_2_no_dsp_1 |         78 |         78 |       0 |    0 |   66 |      0 |      0 |    0 |          0 |
|         (fptrunc_64ns_32_2_no_dsp_1_U14)                     |               bd_0_hls_inst_0_top_kernel_fptrunc_64ns_32_2_no_dsp_1 |          0 |          0 |       0 |    0 |   63 |      0 |      0 |    0 |          0 |
|         bilateral_filtered_U                                 |                  bd_0_hls_inst_0_top_kernel_intensity_RAM_AUTO_1R1W |         54 |         54 |       0 |    0 |    0 |      4 |      0 |    0 |          0 |
|         cdf_U                                                |                  bd_0_hls_inst_0_top_kernel_histogram_RAM_AUTO_1R1W |        167 |        167 |       0 |    0 |    0 |      0 |      1 |    0 |          0 |
|         dexp_64ns_64ns_64_15_full_dsp_1_U17                  |          bd_0_hls_inst_0_top_kernel_dexp_64ns_64ns_64_15_full_dsp_1 |       1688 |       1642 |       0 |   46 |  959 |      0 |      0 |    0 |         26 |
|           top_kernel_dexp_64ns_64ns_64_15_full_dsp_1_ip_u    |       bd_0_hls_inst_0_top_kernel_dexp_64ns_64ns_64_15_full_dsp_1_ip |       1688 |       1642 |       0 |   46 |  924 |      0 |      0 |    0 |         26 |
|             U0                                               |             bd_0_hls_inst_0_floating_point_v7_1_20__parameterized13 |       1688 |       1642 |       0 |   46 |  924 |      0 |      0 |    0 |         26 |
|         equalized_U                                          |                bd_0_hls_inst_0_top_kernel_intensity_RAM_AUTO_1R1W_0 |         62 |         62 |       0 |    0 |    0 |      4 |      0 |    0 |          0 |
|         eroded_U                                             |                bd_0_hls_inst_0_top_kernel_intensity_RAM_AUTO_1R1W_1 |         87 |         87 |       0 |    0 |    0 |      4 |      0 |    0 |          0 |
|         faddfsub_32ns_32ns_32_5_full_dsp_1_U10               |       bd_0_hls_inst_0_top_kernel_faddfsub_32ns_32ns_32_5_full_dsp_1 |        284 |        284 |       0 |    0 |  174 |      0 |      0 |    0 |          2 |
|           (faddfsub_32ns_32ns_32_5_full_dsp_1_U10)           |       bd_0_hls_inst_0_top_kernel_faddfsub_32ns_32ns_32_5_full_dsp_1 |        108 |        108 |       0 |    0 |   65 |      0 |      0 |    0 |          0 |
|           top_kernel_faddfsub_32ns_32ns_32_5_full_dsp_1_ip_u |    bd_0_hls_inst_0_top_kernel_faddfsub_32ns_32ns_32_5_full_dsp_1_ip |        176 |        176 |       0 |    0 |  109 |      0 |      0 |    0 |          2 |
|             U0                                               |              bd_0_hls_inst_0_floating_point_v7_1_20__parameterized1 |        176 |        176 |       0 |    0 |  109 |      0 |      0 |    0 |          2 |
|         fdiv_32ns_32ns_32_10_no_dsp_1_U12                    |            bd_0_hls_inst_0_top_kernel_fdiv_32ns_32ns_32_10_no_dsp_1 |        857 |        826 |       0 |   31 |  429 |      0 |      0 |    0 |          0 |
|           (fdiv_32ns_32ns_32_10_no_dsp_1_U12)                |            bd_0_hls_inst_0_top_kernel_fdiv_32ns_32ns_32_10_no_dsp_1 |         80 |         80 |       0 |    0 |   64 |      0 |      0 |    0 |          0 |
|           top_kernel_fdiv_32ns_32ns_32_10_no_dsp_1_ip_u      |         bd_0_hls_inst_0_top_kernel_fdiv_32ns_32ns_32_10_no_dsp_1_ip |        777 |        746 |       0 |   31 |  365 |      0 |      0 |    0 |          0 |
|             U0                                               |                              bd_0_hls_inst_0_floating_point_v7_1_20 |        777 |        746 |       0 |   31 |  365 |      0 |      0 |    0 |          0 |
|         fmul_32ns_32ns_32_4_max_dsp_1_U11                    |            bd_0_hls_inst_0_top_kernel_fmul_32ns_32ns_32_4_max_dsp_1 |         91 |         91 |       0 |    0 |  111 |      0 |      0 |    0 |          3 |
|           (fmul_32ns_32ns_32_4_max_dsp_1_U11)                |            bd_0_hls_inst_0_top_kernel_fmul_32ns_32ns_32_4_max_dsp_1 |         19 |         19 |       0 |    0 |   64 |      0 |      0 |    0 |          0 |
|           top_kernel_fmul_32ns_32ns_32_4_max_dsp_1_ip_u      |         bd_0_hls_inst_0_top_kernel_fmul_32ns_32ns_32_4_max_dsp_1_ip |         72 |         72 |       0 |    0 |   47 |      0 |      0 |    0 |          3 |
|             U0                                               |              bd_0_hls_inst_0_floating_point_v7_1_20__parameterized3 |         72 |         72 |       0 |    0 |   47 |      0 |      0 |    0 |          3 |
|         gaussian_kernel_U                                    |              bd_0_hls_inst_0_top_kernel_gaussian_kernel_ROM_AUTO_1R |         64 |         64 |       0 |    0 |   22 |      0 |      0 |    0 |          0 |
|         grp_top_kernel_Outline_VITIS_LOOP_17_1_fu_725        |       bd_0_hls_inst_0_top_kernel_top_kernel_Outline_VITIS_LOOP_17_1 |        891 |        860 |       0 |   31 |  532 |      0 |      0 |    0 |          0 |
|           (grp_top_kernel_Outline_VITIS_LOOP_17_1_fu_725)    |       bd_0_hls_inst_0_top_kernel_top_kernel_Outline_VITIS_LOOP_17_1 |        196 |        196 |       0 |    0 |  273 |      0 |      0 |    0 |          0 |
|           fdiv_32ns_32ns_32_10_no_dsp_1_U3                   | bd_0_hls_inst_0_top_kernel_fdiv_32ns_32ns_32_10_no_dsp_1__xdcDup__1 |        695 |        664 |       0 |   31 |  259 |      0 |      0 |    0 |          0 |
|             top_kernel_fdiv_32ns_32ns_32_10_no_dsp_1_ip_u    |      bd_0_hls_inst_0_top_kernel_fdiv_32ns_32ns_32_10_no_dsp_1_ip__2 |        695 |        664 |       0 |   31 |  227 |      0 |      0 |    0 |          0 |
|         histogram_U                                          |                bd_0_hls_inst_0_top_kernel_histogram_RAM_AUTO_1R1W_3 |        250 |        250 |       0 |    0 |    0 |      0 |      1 |    0 |          0 |
|         sitofp_32ns_32_4_no_dsp_1_U13                        |                bd_0_hls_inst_0_top_kernel_sitofp_32ns_32_4_no_dsp_1 |        149 |        149 |       0 |    0 |  111 |      0 |      0 |    0 |          0 |
|           top_kernel_sitofp_32ns_32_4_no_dsp_1_ip_u          |             bd_0_hls_inst_0_top_kernel_sitofp_32ns_32_4_no_dsp_1_ip |        149 |        149 |       0 |    0 |   79 |      0 |      0 |    0 |          0 |
|             U0                                               |              bd_0_hls_inst_0_floating_point_v7_1_20__parameterized5 |        149 |        149 |       0 |    0 |   79 |      0 |      0 |    0 |          0 |
+--------------------------------------------------------------+---------------------------------------------------------------------+------------+------------+---------+------+------+--------+--------+------+------------+
* Note: The sum of lower-level cells may be larger than their parent cells total, due to cross-hierarchy LUT combining


