

================================================================
== Vitis HLS Report for 'ag_pipeline_baseline'
================================================================
* Date:           Sat Mar 28 00:11:29 2026

* Version:        2025.1.1 (Build 6214317 on Sep 11 2025)
* Project:        project_1
* Solution:       hls (Vivado IP Flow Target)
* Product family: zynquplus
* Target device:  xczu3eg-sbva484-1-e


================================================================
== Performance Estimates
================================================================
+ Timing: 
    * Summary: 
    +--------+----------+----------+------------+
    |  Clock |  Target  | Estimated| Uncertainty|
    +--------+----------+----------+------------+
    |ap_clk  |  10.00 ns|  7.143 ns|     2.70 ns|
    +--------+----------+----------+------------+

+ Latency: 
    * Summary: 
    +---------+---------+-----------+-----------+---------+---------+---------+
    |  Latency (cycles) |   Latency (absolute)  |      Interval     | Pipeline|
    |   min   |   max   |    min    |    max    |   min   |   max   |   Type  |
    +---------+---------+-----------+-----------+---------+---------+---------+
    |  2021082|  2348762|  20.211 ms|  23.488 ms|  2021083|  2348763|       no|
    +---------+---------+-----------+-----------+---------+---------+---------+

    + Detail: 
        * Instance: 
        N/A

        * Loop: 
        +------------------------+---------+---------+------------+-----------+-----------+------+----------+
        |                        |  Latency (cycles) |  Iteration |  Initiation Interval  | Trip |          |
        |        Loop Name       |   min   |   max   |   Latency  |  achieved |   target  | Count| Pipelined|
        +------------------------+---------+---------+------------+-----------+-----------+------+----------+
        |- VITIS_LOOP_31_1       |    49408|   377088|  386 ~ 2946|          -|          -|   128|        no|
        | + VITIS_LOOP_32_2      |      384|     2944|      3 ~ 23|          -|          -|   128|        no|
        |- VITIS_LOOP_42_1       |   968936|   968936|        7814|          -|          -|   124|        no|
        | + VITIS_LOOP_43_2      |     7812|     7812|          63|          -|          -|   124|        no|
        |  ++ VITIS_LOOP_45_3    |       60|       60|          12|          -|          -|     5|        no|
        |   +++ VITIS_LOOP_46_4  |       10|       10|           2|          -|          -|     5|        no|
        +------------------------+---------+---------+------------+-----------+-----------+------+----------+

============================================================
+ Verbose Summary: Synthesis Manager
============================================================
InlineROM: 1
ExposeGlobal: 0
============================================================
+ Verbose Summary: CDFG Model
============================================================
IsTopModel: 1
ResetActiveHigh: 1
IsCombinational: 0
IsDatapathOnly: 0
HasWiredReturn: 1
HasMFsm: 0
HasVarLatency: 1
IsPipeline: 0
IsRtlPipelined: 0
IsInstanceOverlapped: 0
IsDontTouch: 0
HasImplIP: 0
IsGatedGlobalClock: 0


============================================================
+ Verbose Summary: Schedule
============================================================
* Number of FSM states : 37
* Pipeline : 0
* Dataflow Pipeline: 0

* FSM state transitions: 
1 --> 2 
2 --> 3 
3 --> 4 
4 --> 5 
5 --> 6 
6 --> 7 
7 --> 8 31 
8 --> 9 7 
9 --> 10 30 
10 --> 11 
11 --> 12 
12 --> 13 
13 --> 14 
14 --> 15 
15 --> 16 
16 --> 17 
17 --> 18 
18 --> 19 
19 --> 20 
20 --> 21 
21 --> 22 
22 --> 23 
23 --> 24 
24 --> 25 
25 --> 26 
26 --> 27 
27 --> 28 
28 --> 29 
29 --> 30 
30 --> 8 
31 --> 37 32 
32 --> 33 31 
33 --> 36 34 
34 --> 35 33 
35 --> 34 
36 --> 32 
37 --> 

* FSM state operations: 

State 1 <SV = 0> <Delay = 0.48>
ST_1 : Operation 38 [1/1] (0.00ns)   --->   "%r = alloca i32 1" [baseline.cpp:31->baseline.cpp:74]   --->   Operation 38 'alloca' 'r' <Predicate = true> <Delay = 0.00>
ST_1 : Operation 39 [1/1] (0.00ns)   --->   "%buf1 = alloca i64 1" [baseline.cpp:68]   --->   Operation 39 'alloca' 'buf1' <Predicate = true> <Delay = 0.00> <CoreInst = "RAM">   --->   Core 82 'RAM' <Latency = 1> <II = 1> <Delay = 1.35> <Storage> <Opcode : 'load' 'store'> <Ports = 2> <Width = 16> <Depth = 16384> <RAM>
ST_1 : Operation 40 [1/1] (0.00ns)   --->   "%buf2 = alloca i64 1" [baseline.cpp:68]   --->   Operation 40 'alloca' 'buf2' <Predicate = true> <Delay = 0.00>
ST_1 : Operation 41 [1/1] (0.00ns)   --->   "%buf3 = alloca i64 1" [baseline.cpp:68]   --->   Operation 41 'alloca' 'buf3' <Predicate = true> <Delay = 0.00> <CoreInst = "RAM">   --->   Core 82 'RAM' <Latency = 1> <II = 1> <Delay = 1.35> <Storage> <Opcode : 'load' 'store'> <Ports = 2> <Width = 9> <Depth = 16384> <RAM>
ST_1 : Operation 42 [1/1] (0.00ns)   --->   "%buf4 = alloca i64 1" [baseline.cpp:68]   --->   Operation 42 'alloca' 'buf4' <Predicate = true> <Delay = 0.00> <CoreInst = "RAM">   --->   Core 82 'RAM' <Latency = 1> <II = 1> <Delay = 1.35> <Storage> <Opcode : 'load' 'store'> <Ports = 2> <Width = 9> <Depth = 16384> <RAM>
ST_1 : Operation 43 [1/1] (0.00ns)   --->   "%buf5 = alloca i64 1" [baseline.cpp:68]   --->   Operation 43 'alloca' 'buf5' <Predicate = true> <Delay = 0.00> <CoreInst = "RAM">   --->   Core 82 'RAM' <Latency = 1> <II = 1> <Delay = 1.35> <Storage> <Opcode : 'load' 'store'> <Ports = 2> <Width = 16> <Depth = 16384> <RAM>
ST_1 : Operation 44 [2/2] (0.00ns)   --->   "%call_ln70 = call void @noise_reduction, i16 %red_in, i16 %buf1" [baseline.cpp:70]   --->   Operation 44 'call' 'call_ln70' <Predicate = true> <Delay = 0.00> <CoreType = "Generic">   --->   Generic Core
ST_1 : Operation 45 [1/1] (0.48ns)   --->   "%store_ln31 = store i8 0, i8 %r" [baseline.cpp:31->baseline.cpp:74]   --->   Operation 45 'store' 'store_ln31' <Predicate = true> <Delay = 0.48>

State 2 <SV = 1> <Delay = 0.89>
ST_2 : Operation 46 [1/2] (0.89ns)   --->   "%call_ln70 = call void @noise_reduction, i16 %red_in, i16 %buf1" [baseline.cpp:70]   --->   Operation 46 'call' 'call_ln70' <Predicate = true> <Delay = 0.89> <CoreType = "Generic">   --->   Generic Core

State 3 <SV = 2> <Delay = 2.78>
ST_3 : Operation 47 [2/2] (0.00ns)   --->   "%call_ln71 = call void @noise_reduction, i16 %nir_in, i16 %buf2" [baseline.cpp:71]   --->   Operation 47 'call' 'call_ln71' <Predicate = true> <Delay = 0.00> <CoreType = "Generic">   --->   Generic Core
ST_3 : Operation 48 [2/2] (2.78ns)   --->   "%call_ln72 = call void @calibrate, i16 %buf1, i9 %buf3, i32 1.2, i32 0.01" [baseline.cpp:72]   --->   Operation 48 'call' 'call_ln72' <Predicate = true> <Delay = 2.78> <CoreType = "Generic">   --->   Generic Core

State 4 <SV = 3> <Delay = 0.90>
ST_4 : Operation 49 [1/2] (0.89ns)   --->   "%call_ln71 = call void @noise_reduction, i16 %nir_in, i16 %buf2" [baseline.cpp:71]   --->   Operation 49 'call' 'call_ln71' <Predicate = true> <Delay = 0.89> <CoreType = "Generic">   --->   Generic Core
ST_4 : Operation 50 [1/2] (0.90ns)   --->   "%call_ln72 = call void @calibrate, i16 %buf1, i9 %buf3, i32 1.2, i32 0.01" [baseline.cpp:72]   --->   Operation 50 'call' 'call_ln72' <Predicate = true> <Delay = 0.90> <CoreType = "Generic">   --->   Generic Core

State 5 <SV = 4> <Delay = 2.78>
ST_5 : Operation 51 [2/2] (2.78ns)   --->   "%call_ln73 = call void @calibrate, i16 %buf2, i9 %buf4, i32 1.1, i32 0.02" [baseline.cpp:73]   --->   Operation 51 'call' 'call_ln73' <Predicate = true> <Delay = 2.78> <CoreType = "Generic">   --->   Generic Core

State 6 <SV = 5> <Delay = 0.90>
ST_6 : Operation 52 [1/1] (0.00ns)   --->   "%spectopmodule_ln67 = spectopmodule void @_ssdm_op_SpecTopModule, void @empty_4" [baseline.cpp:67]   --->   Operation 52 'spectopmodule' 'spectopmodule_ln67' <Predicate = true> <Delay = 0.00>
ST_6 : Operation 53 [1/1] (0.00ns)   --->   "%specinterface_ln0 = specinterface void @_ssdm_op_SpecInterface, i16 %red_in, void @empty_2, i32 0, i32 0, void @empty_3, i32 4294967295, i32 0, void @empty_3, void @empty_3, void @empty_3, i32 0, i32 0, i32 0, i32 0, void @empty_3, void @empty_3, i32 4294967295, i32 0, i32 0"   --->   Operation 53 'specinterface' 'specinterface_ln0' <Predicate = true> <Delay = 0.00>
ST_6 : Operation 54 [1/1] (0.00ns)   --->   "%specbitsmap_ln0 = specbitsmap void @_ssdm_op_SpecBitsMap, i16 %red_in"   --->   Operation 54 'specbitsmap' 'specbitsmap_ln0' <Predicate = true> <Delay = 0.00>
ST_6 : Operation 55 [1/1] (0.00ns)   --->   "%specinterface_ln0 = specinterface void @_ssdm_op_SpecInterface, i16 %nir_in, void @empty_2, i32 0, i32 0, void @empty_3, i32 4294967295, i32 0, void @empty_3, void @empty_3, void @empty_3, i32 0, i32 0, i32 0, i32 0, void @empty_3, void @empty_3, i32 4294967295, i32 0, i32 0"   --->   Operation 55 'specinterface' 'specinterface_ln0' <Predicate = true> <Delay = 0.00>
ST_6 : Operation 56 [1/1] (0.00ns)   --->   "%specbitsmap_ln0 = specbitsmap void @_ssdm_op_SpecBitsMap, i16 %nir_in"   --->   Operation 56 'specbitsmap' 'specbitsmap_ln0' <Predicate = true> <Delay = 0.00>
ST_6 : Operation 57 [1/1] (0.00ns)   --->   "%specinterface_ln0 = specinterface void @_ssdm_op_SpecInterface, i16 %profile_out, void @empty_2, i32 0, i32 0, void @empty_3, i32 4294967295, i32 0, void @empty_3, void @empty_3, void @empty_3, i32 0, i32 0, i32 0, i32 0, void @empty_3, void @empty_3, i32 4294967295, i32 0, i32 0"   --->   Operation 57 'specinterface' 'specinterface_ln0' <Predicate = true> <Delay = 0.00>
ST_6 : Operation 58 [1/1] (0.00ns)   --->   "%specbitsmap_ln0 = specbitsmap void @_ssdm_op_SpecBitsMap, i16 %profile_out"   --->   Operation 58 'specbitsmap' 'specbitsmap_ln0' <Predicate = true> <Delay = 0.00>
ST_6 : Operation 59 [1/2] (0.90ns)   --->   "%call_ln73 = call void @calibrate, i16 %buf2, i9 %buf4, i32 1.1, i32 0.02" [baseline.cpp:73]   --->   Operation 59 'call' 'call_ln73' <Predicate = true> <Delay = 0.90> <CoreType = "Generic">   --->   Generic Core
ST_6 : Operation 60 [1/1] (0.00ns)   --->   "%br_ln31 = br void %VITIS_LOOP_32_2.i" [baseline.cpp:31->baseline.cpp:74]   --->   Operation 60 'br' 'br_ln31' <Predicate = true> <Delay = 0.00>

State 7 <SV = 6> <Delay = 1.39>
ST_7 : Operation 61 [1/1] (0.00ns)   --->   "%r_3 = load i8 %r" [baseline.cpp:31->baseline.cpp:74]   --->   Operation 61 'load' 'r_3' <Predicate = true> <Delay = 0.00>
ST_7 : Operation 62 [1/1] (0.90ns)   --->   "%icmp_ln31 = icmp_eq  i8 %r_3, i8 128" [baseline.cpp:31->baseline.cpp:74]   --->   Operation 62 'icmp' 'icmp_ln31' <Predicate = true> <Delay = 0.90> <CoreInst = "Cmp">   --->   Core 9 'Cmp' <Latency = 0> <II = 1> <Delay = 0.90> <FuncUnit> <Opcode : 'seteq' 'setne' 'setle' 'setge' 'setlt' 'setgt'> <InPorts = 2> <OutPorts = 1>
ST_7 : Operation 63 [1/1] (0.90ns)   --->   "%add_ln31 = add i8 %r_3, i8 1" [baseline.cpp:31->baseline.cpp:74]   --->   Operation 63 'add' 'add_ln31' <Predicate = true> <Delay = 0.90> <CoreInst = "Adder">   --->   Core 1 'Adder' <Latency = 0> <II = 1> <Delay = 0.90> <FuncUnit> <Opcode : 'add' 'sub'> <InPorts = 2> <OutPorts = 1>
ST_7 : Operation 64 [1/1] (0.00ns)   --->   "%br_ln31 = br i1 %icmp_ln31, void %VITIS_LOOP_32_2.i.split, void %VITIS_LOOP_43_2.i.preheader" [baseline.cpp:31->baseline.cpp:74]   --->   Operation 64 'br' 'br_ln31' <Predicate = true> <Delay = 0.00>
ST_7 : Operation 65 [1/1] (0.00ns)   --->   "%trunc_ln31 = trunc i8 %r_3" [baseline.cpp:31->baseline.cpp:74]   --->   Operation 65 'trunc' 'trunc_ln31' <Predicate = (!icmp_ln31)> <Delay = 0.00>
ST_7 : Operation 66 [1/1] (0.00ns)   --->   "%tmp_s = bitconcatenate i14 @_ssdm_op_BitConcatenate.i14.i7.i7, i7 %trunc_ln31, i7 0" [baseline.cpp:33->baseline.cpp:74]   --->   Operation 66 'bitconcatenate' 'tmp_s' <Predicate = (!icmp_ln31)> <Delay = 0.00>
ST_7 : Operation 67 [1/1] (0.00ns)   --->   "%speclooptripcount_ln31 = speclooptripcount void @_ssdm_op_SpecLoopTripCount, i64 128, i64 128, i64 128" [baseline.cpp:31->baseline.cpp:74]   --->   Operation 67 'speclooptripcount' 'speclooptripcount_ln31' <Predicate = (!icmp_ln31)> <Delay = 0.00>
ST_7 : Operation 68 [1/1] (0.00ns)   --->   "%specloopname_ln31 = specloopname void @_ssdm_op_SpecLoopName, void @empty_11" [baseline.cpp:31->baseline.cpp:74]   --->   Operation 68 'specloopname' 'specloopname_ln31' <Predicate = (!icmp_ln31)> <Delay = 0.00>
ST_7 : Operation 69 [1/1] (0.48ns)   --->   "%br_ln32 = br void %for.body4.i" [baseline.cpp:32->baseline.cpp:74]   --->   Operation 69 'br' 'br_ln32' <Predicate = (!icmp_ln31)> <Delay = 0.48>
ST_7 : Operation 70 [1/1] (0.00ns)   --->   "%r_1 = alloca i32 1" [baseline.cpp:42->baseline.cpp:75]   --->   Operation 70 'alloca' 'r_1' <Predicate = (icmp_ln31)> <Delay = 0.00>
ST_7 : Operation 71 [1/1] (0.48ns)   --->   "%store_ln42 = store i7 2, i7 %r_1" [baseline.cpp:42->baseline.cpp:75]   --->   Operation 71 'store' 'store_ln42' <Predicate = (icmp_ln31)> <Delay = 0.48>
ST_7 : Operation 72 [1/1] (0.00ns)   --->   "%br_ln42 = br void %VITIS_LOOP_43_2.i" [baseline.cpp:42->baseline.cpp:75]   --->   Operation 72 'br' 'br_ln42' <Predicate = (icmp_ln31)> <Delay = 0.00>

State 8 <SV = 7> <Delay = 2.34>
ST_8 : Operation 73 [1/1] (0.00ns)   --->   "%c = phi i8 0, void %VITIS_LOOP_32_2.i.split, i8 %add_ln32, void %for.inc.i" [baseline.cpp:32->baseline.cpp:74]   --->   Operation 73 'phi' 'c' <Predicate = true> <Delay = 0.00>
ST_8 : Operation 74 [1/1] (0.90ns)   --->   "%icmp_ln32 = icmp_eq  i8 %c, i8 128" [baseline.cpp:32->baseline.cpp:74]   --->   Operation 74 'icmp' 'icmp_ln32' <Predicate = true> <Delay = 0.90> <CoreInst = "Cmp">   --->   Core 9 'Cmp' <Latency = 0> <II = 1> <Delay = 0.90> <FuncUnit> <Opcode : 'seteq' 'setne' 'setle' 'setge' 'setlt' 'setgt'> <InPorts = 2> <OutPorts = 1>
ST_8 : Operation 75 [1/1] (0.90ns)   --->   "%add_ln32 = add i8 %c, i8 1" [baseline.cpp:32->baseline.cpp:74]   --->   Operation 75 'add' 'add_ln32' <Predicate = true> <Delay = 0.90> <CoreInst = "Adder">   --->   Core 1 'Adder' <Latency = 0> <II = 1> <Delay = 0.90> <FuncUnit> <Opcode : 'add' 'sub'> <InPorts = 2> <OutPorts = 1>
ST_8 : Operation 76 [1/1] (0.00ns)   --->   "%br_ln32 = br i1 %icmp_ln32, void %for.body4.i.split, void %for.inc30.i" [baseline.cpp:32->baseline.cpp:74]   --->   Operation 76 'br' 'br_ln32' <Predicate = true> <Delay = 0.00>
ST_8 : Operation 77 [1/1] (0.00ns)   --->   "%zext_ln33_1 = zext i8 %c" [baseline.cpp:33->baseline.cpp:74]   --->   Operation 77 'zext' 'zext_ln33_1' <Predicate = (!icmp_ln32)> <Delay = 0.00>
ST_8 : Operation 78 [1/1] (0.98ns)   --->   "%add_ln33 = add i14 %tmp_s, i14 %zext_ln33_1" [baseline.cpp:33->baseline.cpp:74]   --->   Operation 78 'add' 'add_ln33' <Predicate = (!icmp_ln32)> <Delay = 0.98> <CoreInst = "Adder">   --->   Core 1 'Adder' <Latency = 0> <II = 1> <Delay = 0.98> <FuncUnit> <Opcode : 'add' 'sub'> <InPorts = 2> <OutPorts = 1>
ST_8 : Operation 79 [1/1] (0.00ns)   --->   "%zext_ln33_3 = zext i14 %add_ln33" [baseline.cpp:33->baseline.cpp:74]   --->   Operation 79 'zext' 'zext_ln33_3' <Predicate = (!icmp_ln32)> <Delay = 0.00>
ST_8 : Operation 80 [1/1] (0.00ns)   --->   "%buf3_addr = getelementptr i9 %buf3, i64 0, i64 %zext_ln33_3" [baseline.cpp:33->baseline.cpp:74]   --->   Operation 80 'getelementptr' 'buf3_addr' <Predicate = (!icmp_ln32)> <Delay = 0.00>
ST_8 : Operation 81 [1/1] (0.00ns)   --->   "%buf4_addr = getelementptr i9 %buf4, i64 0, i64 %zext_ln33_3" [baseline.cpp:33->baseline.cpp:74]   --->   Operation 81 'getelementptr' 'buf4_addr' <Predicate = (!icmp_ln32)> <Delay = 0.00>
ST_8 : Operation 82 [1/1] (0.00ns)   --->   "%out_addr = getelementptr i16 %buf5, i64 0, i64 %zext_ln33_3" [baseline.cpp:34->baseline.cpp:74]   --->   Operation 82 'getelementptr' 'out_addr' <Predicate = (!icmp_ln32)> <Delay = 0.00>
ST_8 : Operation 83 [2/2] (1.35ns)   --->   "%buf4_load = load i14 %buf4_addr" [baseline.cpp:33->baseline.cpp:74]   --->   Operation 83 'load' 'buf4_load' <Predicate = (!icmp_ln32)> <Delay = 1.35> <CoreInst = "RAM">   --->   Core 82 'RAM' <Latency = 1> <II = 1> <Delay = 1.35> <Storage> <Opcode : 'load' 'store'> <Ports = 2> <Width = 9> <Depth = 16384> <RAM>
ST_8 : Operation 84 [2/2] (1.35ns)   --->   "%buf3_load = load i14 %buf3_addr" [baseline.cpp:33->baseline.cpp:74]   --->   Operation 84 'load' 'buf3_load' <Predicate = (!icmp_ln32)> <Delay = 1.35> <CoreInst = "RAM">   --->   Core 82 'RAM' <Latency = 1> <II = 1> <Delay = 1.35> <Storage> <Opcode : 'load' 'store'> <Ports = 2> <Width = 9> <Depth = 16384> <RAM>
ST_8 : Operation 85 [1/1] (0.48ns)   --->   "%store_ln31 = store i8 %add_ln31, i8 %r" [baseline.cpp:31->baseline.cpp:74]   --->   Operation 85 'store' 'store_ln31' <Predicate = (icmp_ln32)> <Delay = 0.48>
ST_8 : Operation 86 [1/1] (0.00ns)   --->   "%br_ln31 = br void %VITIS_LOOP_32_2.i" [baseline.cpp:31->baseline.cpp:74]   --->   Operation 86 'br' 'br_ln31' <Predicate = (icmp_ln32)> <Delay = 0.00>

State 9 <SV = 8> <Delay = 3.83>
ST_9 : Operation 87 [1/1] (0.00ns)   --->   "%speclooptripcount_ln32 = speclooptripcount void @_ssdm_op_SpecLoopTripCount, i64 128, i64 128, i64 128" [baseline.cpp:32->baseline.cpp:74]   --->   Operation 87 'speclooptripcount' 'speclooptripcount_ln32' <Predicate = true> <Delay = 0.00>
ST_9 : Operation 88 [1/1] (0.00ns)   --->   "%specloopname_ln32 = specloopname void @_ssdm_op_SpecLoopName, void @empty_8" [baseline.cpp:32->baseline.cpp:74]   --->   Operation 88 'specloopname' 'specloopname_ln32' <Predicate = true> <Delay = 0.00>
ST_9 : Operation 89 [1/2] ( I:1.35ns O:1.35ns )   --->   "%buf4_load = load i14 %buf4_addr" [baseline.cpp:33->baseline.cpp:74]   --->   Operation 89 'load' 'buf4_load' <Predicate = true> <Delay = 1.35> <CoreInst = "RAM">   --->   Core 82 'RAM' <Latency = 1> <II = 1> <Delay = 1.35> <Storage> <Opcode : 'load' 'store'> <Ports = 2> <Width = 9> <Depth = 16384> <RAM>
ST_9 : Operation 90 [1/1] (0.00ns)   --->   "%zext_ln33 = zext i9 %buf4_load" [baseline.cpp:33->baseline.cpp:74]   --->   Operation 90 'zext' 'zext_ln33' <Predicate = true> <Delay = 0.00>
ST_9 : Operation 91 [1/2] ( I:1.35ns O:1.35ns )   --->   "%buf3_load = load i14 %buf3_addr" [baseline.cpp:33->baseline.cpp:74]   --->   Operation 91 'load' 'buf3_load' <Predicate = true> <Delay = 1.35> <CoreInst = "RAM">   --->   Core 82 'RAM' <Latency = 1> <II = 1> <Delay = 1.35> <Storage> <Opcode : 'load' 'store'> <Ports = 2> <Width = 9> <Depth = 16384> <RAM>
ST_9 : Operation 92 [1/1] (0.00ns)   --->   "%zext_ln33_2 = zext i9 %buf3_load" [baseline.cpp:33->baseline.cpp:74]   --->   Operation 92 'zext' 'zext_ln33_2' <Predicate = true> <Delay = 0.00>
ST_9 : Operation 93 [1/1] (0.92ns)   --->   "%denom = add i10 %zext_ln33_2, i10 %zext_ln33" [baseline.cpp:33->baseline.cpp:74]   --->   Operation 93 'add' 'denom' <Predicate = true> <Delay = 0.92> <CoreInst = "Adder">   --->   Core 1 'Adder' <Latency = 0> <II = 1> <Delay = 0.92> <FuncUnit> <Opcode : 'add' 'sub'> <InPorts = 2> <OutPorts = 1>
ST_9 : Operation 94 [1/1] (0.93ns)   --->   "%icmp_ln34 = icmp_eq  i10 %denom, i10 0" [baseline.cpp:34->baseline.cpp:74]   --->   Operation 94 'icmp' 'icmp_ln34' <Predicate = true> <Delay = 0.93> <CoreInst = "Cmp">   --->   Core 9 'Cmp' <Latency = 0> <II = 1> <Delay = 0.93> <FuncUnit> <Opcode : 'seteq' 'setne' 'setle' 'setge' 'setlt' 'setgt'> <InPorts = 2> <OutPorts = 1>
ST_9 : Operation 95 [1/1] (0.48ns)   --->   "%br_ln34 = br i1 %icmp_ln34, void %if.else.i, void %for.inc.i" [baseline.cpp:34->baseline.cpp:74]   --->   Operation 95 'br' 'br_ln34' <Predicate = true> <Delay = 0.48>
ST_9 : Operation 96 [1/1] (0.92ns)   --->   "%sub_ln35 = sub i10 %zext_ln33, i10 %zext_ln33_2" [baseline.cpp:35->baseline.cpp:74]   --->   Operation 96 'sub' 'sub_ln35' <Predicate = (!icmp_ln34)> <Delay = 0.92> <CoreInst = "Adder">   --->   Core 1 'Adder' <Latency = 0> <II = 1> <Delay = 0.92> <FuncUnit> <Opcode : 'add' 'sub'> <InPorts = 2> <OutPorts = 1>
ST_9 : Operation 97 [1/1] (0.00ns)   --->   "%tmp_12 = bitconcatenate i18 @_ssdm_op_BitConcatenate.i18.i10.i8, i10 %sub_ln35, i8 0" [baseline.cpp:35->baseline.cpp:74]   --->   Operation 97 'bitconcatenate' 'tmp_12' <Predicate = (!icmp_ln34)> <Delay = 0.00>
ST_9 : Operation 98 [1/1] (0.00ns)   --->   "%zext_ln35 = zext i10 %denom" [baseline.cpp:35->baseline.cpp:74]   --->   Operation 98 'zext' 'zext_ln35' <Predicate = (!icmp_ln34)> <Delay = 0.00>
ST_9 : Operation 99 [22/22] (1.56ns)   --->   "%sdiv_ln35 = sdiv i18 %tmp_12, i18 %zext_ln35" [baseline.cpp:35->baseline.cpp:74]   --->   Operation 99 'sdiv' 'sdiv_ln35' <Predicate = (!icmp_ln34)> <Delay = 1.56> <CoreInst = "DivnS_SEQ">   --->   Core 7 'DivnS_SEQ' <Latency = 21> <II = 18> <Delay = 1.56> <FuncUnit> <Opcode : 'udiv' 'sdiv' 'urem' 'srem'> <InPorts = 2> <OutPorts = 1>

State 10 <SV = 9> <Delay = 1.56>
ST_10 : Operation 100 [21/22] (1.56ns)   --->   "%sdiv_ln35 = sdiv i18 %tmp_12, i18 %zext_ln35" [baseline.cpp:35->baseline.cpp:74]   --->   Operation 100 'sdiv' 'sdiv_ln35' <Predicate = true> <Delay = 1.56> <CoreInst = "DivnS_SEQ">   --->   Core 7 'DivnS_SEQ' <Latency = 21> <II = 18> <Delay = 1.56> <FuncUnit> <Opcode : 'udiv' 'sdiv' 'urem' 'srem'> <InPorts = 2> <OutPorts = 1>

State 11 <SV = 10> <Delay = 1.56>
ST_11 : Operation 101 [20/22] (1.56ns)   --->   "%sdiv_ln35 = sdiv i18 %tmp_12, i18 %zext_ln35" [baseline.cpp:35->baseline.cpp:74]   --->   Operation 101 'sdiv' 'sdiv_ln35' <Predicate = true> <Delay = 1.56> <CoreInst = "DivnS_SEQ">   --->   Core 7 'DivnS_SEQ' <Latency = 21> <II = 18> <Delay = 1.56> <FuncUnit> <Opcode : 'udiv' 'sdiv' 'urem' 'srem'> <InPorts = 2> <OutPorts = 1>

State 12 <SV = 11> <Delay = 1.56>
ST_12 : Operation 102 [19/22] (1.56ns)   --->   "%sdiv_ln35 = sdiv i18 %tmp_12, i18 %zext_ln35" [baseline.cpp:35->baseline.cpp:74]   --->   Operation 102 'sdiv' 'sdiv_ln35' <Predicate = true> <Delay = 1.56> <CoreInst = "DivnS_SEQ">   --->   Core 7 'DivnS_SEQ' <Latency = 21> <II = 18> <Delay = 1.56> <FuncUnit> <Opcode : 'udiv' 'sdiv' 'urem' 'srem'> <InPorts = 2> <OutPorts = 1>

State 13 <SV = 12> <Delay = 1.56>
ST_13 : Operation 103 [18/22] (1.56ns)   --->   "%sdiv_ln35 = sdiv i18 %tmp_12, i18 %zext_ln35" [baseline.cpp:35->baseline.cpp:74]   --->   Operation 103 'sdiv' 'sdiv_ln35' <Predicate = true> <Delay = 1.56> <CoreInst = "DivnS_SEQ">   --->   Core 7 'DivnS_SEQ' <Latency = 21> <II = 18> <Delay = 1.56> <FuncUnit> <Opcode : 'udiv' 'sdiv' 'urem' 'srem'> <InPorts = 2> <OutPorts = 1>

State 14 <SV = 13> <Delay = 1.56>
ST_14 : Operation 104 [17/22] (1.56ns)   --->   "%sdiv_ln35 = sdiv i18 %tmp_12, i18 %zext_ln35" [baseline.cpp:35->baseline.cpp:74]   --->   Operation 104 'sdiv' 'sdiv_ln35' <Predicate = true> <Delay = 1.56> <CoreInst = "DivnS_SEQ">   --->   Core 7 'DivnS_SEQ' <Latency = 21> <II = 18> <Delay = 1.56> <FuncUnit> <Opcode : 'udiv' 'sdiv' 'urem' 'srem'> <InPorts = 2> <OutPorts = 1>

State 15 <SV = 14> <Delay = 1.56>
ST_15 : Operation 105 [16/22] (1.56ns)   --->   "%sdiv_ln35 = sdiv i18 %tmp_12, i18 %zext_ln35" [baseline.cpp:35->baseline.cpp:74]   --->   Operation 105 'sdiv' 'sdiv_ln35' <Predicate = true> <Delay = 1.56> <CoreInst = "DivnS_SEQ">   --->   Core 7 'DivnS_SEQ' <Latency = 21> <II = 18> <Delay = 1.56> <FuncUnit> <Opcode : 'udiv' 'sdiv' 'urem' 'srem'> <InPorts = 2> <OutPorts = 1>

State 16 <SV = 15> <Delay = 1.56>
ST_16 : Operation 106 [15/22] (1.56ns)   --->   "%sdiv_ln35 = sdiv i18 %tmp_12, i18 %zext_ln35" [baseline.cpp:35->baseline.cpp:74]   --->   Operation 106 'sdiv' 'sdiv_ln35' <Predicate = true> <Delay = 1.56> <CoreInst = "DivnS_SEQ">   --->   Core 7 'DivnS_SEQ' <Latency = 21> <II = 18> <Delay = 1.56> <FuncUnit> <Opcode : 'udiv' 'sdiv' 'urem' 'srem'> <InPorts = 2> <OutPorts = 1>

State 17 <SV = 16> <Delay = 1.56>
ST_17 : Operation 107 [14/22] (1.56ns)   --->   "%sdiv_ln35 = sdiv i18 %tmp_12, i18 %zext_ln35" [baseline.cpp:35->baseline.cpp:74]   --->   Operation 107 'sdiv' 'sdiv_ln35' <Predicate = true> <Delay = 1.56> <CoreInst = "DivnS_SEQ">   --->   Core 7 'DivnS_SEQ' <Latency = 21> <II = 18> <Delay = 1.56> <FuncUnit> <Opcode : 'udiv' 'sdiv' 'urem' 'srem'> <InPorts = 2> <OutPorts = 1>

State 18 <SV = 17> <Delay = 1.56>
ST_18 : Operation 108 [13/22] (1.56ns)   --->   "%sdiv_ln35 = sdiv i18 %tmp_12, i18 %zext_ln35" [baseline.cpp:35->baseline.cpp:74]   --->   Operation 108 'sdiv' 'sdiv_ln35' <Predicate = true> <Delay = 1.56> <CoreInst = "DivnS_SEQ">   --->   Core 7 'DivnS_SEQ' <Latency = 21> <II = 18> <Delay = 1.56> <FuncUnit> <Opcode : 'udiv' 'sdiv' 'urem' 'srem'> <InPorts = 2> <OutPorts = 1>

State 19 <SV = 18> <Delay = 1.56>
ST_19 : Operation 109 [12/22] (1.56ns)   --->   "%sdiv_ln35 = sdiv i18 %tmp_12, i18 %zext_ln35" [baseline.cpp:35->baseline.cpp:74]   --->   Operation 109 'sdiv' 'sdiv_ln35' <Predicate = true> <Delay = 1.56> <CoreInst = "DivnS_SEQ">   --->   Core 7 'DivnS_SEQ' <Latency = 21> <II = 18> <Delay = 1.56> <FuncUnit> <Opcode : 'udiv' 'sdiv' 'urem' 'srem'> <InPorts = 2> <OutPorts = 1>

State 20 <SV = 19> <Delay = 1.56>
ST_20 : Operation 110 [11/22] (1.56ns)   --->   "%sdiv_ln35 = sdiv i18 %tmp_12, i18 %zext_ln35" [baseline.cpp:35->baseline.cpp:74]   --->   Operation 110 'sdiv' 'sdiv_ln35' <Predicate = true> <Delay = 1.56> <CoreInst = "DivnS_SEQ">   --->   Core 7 'DivnS_SEQ' <Latency = 21> <II = 18> <Delay = 1.56> <FuncUnit> <Opcode : 'udiv' 'sdiv' 'urem' 'srem'> <InPorts = 2> <OutPorts = 1>

State 21 <SV = 20> <Delay = 1.56>
ST_21 : Operation 111 [10/22] (1.56ns)   --->   "%sdiv_ln35 = sdiv i18 %tmp_12, i18 %zext_ln35" [baseline.cpp:35->baseline.cpp:74]   --->   Operation 111 'sdiv' 'sdiv_ln35' <Predicate = true> <Delay = 1.56> <CoreInst = "DivnS_SEQ">   --->   Core 7 'DivnS_SEQ' <Latency = 21> <II = 18> <Delay = 1.56> <FuncUnit> <Opcode : 'udiv' 'sdiv' 'urem' 'srem'> <InPorts = 2> <OutPorts = 1>

State 22 <SV = 21> <Delay = 1.56>
ST_22 : Operation 112 [9/22] (1.56ns)   --->   "%sdiv_ln35 = sdiv i18 %tmp_12, i18 %zext_ln35" [baseline.cpp:35->baseline.cpp:74]   --->   Operation 112 'sdiv' 'sdiv_ln35' <Predicate = true> <Delay = 1.56> <CoreInst = "DivnS_SEQ">   --->   Core 7 'DivnS_SEQ' <Latency = 21> <II = 18> <Delay = 1.56> <FuncUnit> <Opcode : 'udiv' 'sdiv' 'urem' 'srem'> <InPorts = 2> <OutPorts = 1>

State 23 <SV = 22> <Delay = 1.56>
ST_23 : Operation 113 [8/22] (1.56ns)   --->   "%sdiv_ln35 = sdiv i18 %tmp_12, i18 %zext_ln35" [baseline.cpp:35->baseline.cpp:74]   --->   Operation 113 'sdiv' 'sdiv_ln35' <Predicate = true> <Delay = 1.56> <CoreInst = "DivnS_SEQ">   --->   Core 7 'DivnS_SEQ' <Latency = 21> <II = 18> <Delay = 1.56> <FuncUnit> <Opcode : 'udiv' 'sdiv' 'urem' 'srem'> <InPorts = 2> <OutPorts = 1>

State 24 <SV = 23> <Delay = 1.56>
ST_24 : Operation 114 [7/22] (1.56ns)   --->   "%sdiv_ln35 = sdiv i18 %tmp_12, i18 %zext_ln35" [baseline.cpp:35->baseline.cpp:74]   --->   Operation 114 'sdiv' 'sdiv_ln35' <Predicate = true> <Delay = 1.56> <CoreInst = "DivnS_SEQ">   --->   Core 7 'DivnS_SEQ' <Latency = 21> <II = 18> <Delay = 1.56> <FuncUnit> <Opcode : 'udiv' 'sdiv' 'urem' 'srem'> <InPorts = 2> <OutPorts = 1>

State 25 <SV = 24> <Delay = 1.56>
ST_25 : Operation 115 [6/22] (1.56ns)   --->   "%sdiv_ln35 = sdiv i18 %tmp_12, i18 %zext_ln35" [baseline.cpp:35->baseline.cpp:74]   --->   Operation 115 'sdiv' 'sdiv_ln35' <Predicate = true> <Delay = 1.56> <CoreInst = "DivnS_SEQ">   --->   Core 7 'DivnS_SEQ' <Latency = 21> <II = 18> <Delay = 1.56> <FuncUnit> <Opcode : 'udiv' 'sdiv' 'urem' 'srem'> <InPorts = 2> <OutPorts = 1>

State 26 <SV = 25> <Delay = 1.56>
ST_26 : Operation 116 [5/22] (1.56ns)   --->   "%sdiv_ln35 = sdiv i18 %tmp_12, i18 %zext_ln35" [baseline.cpp:35->baseline.cpp:74]   --->   Operation 116 'sdiv' 'sdiv_ln35' <Predicate = true> <Delay = 1.56> <CoreInst = "DivnS_SEQ">   --->   Core 7 'DivnS_SEQ' <Latency = 21> <II = 18> <Delay = 1.56> <FuncUnit> <Opcode : 'udiv' 'sdiv' 'urem' 'srem'> <InPorts = 2> <OutPorts = 1>

State 27 <SV = 26> <Delay = 1.56>
ST_27 : Operation 117 [4/22] (1.56ns)   --->   "%sdiv_ln35 = sdiv i18 %tmp_12, i18 %zext_ln35" [baseline.cpp:35->baseline.cpp:74]   --->   Operation 117 'sdiv' 'sdiv_ln35' <Predicate = true> <Delay = 1.56> <CoreInst = "DivnS_SEQ">   --->   Core 7 'DivnS_SEQ' <Latency = 21> <II = 18> <Delay = 1.56> <FuncUnit> <Opcode : 'udiv' 'sdiv' 'urem' 'srem'> <InPorts = 2> <OutPorts = 1>

State 28 <SV = 27> <Delay = 1.56>
ST_28 : Operation 118 [3/22] (1.56ns)   --->   "%sdiv_ln35 = sdiv i18 %tmp_12, i18 %zext_ln35" [baseline.cpp:35->baseline.cpp:74]   --->   Operation 118 'sdiv' 'sdiv_ln35' <Predicate = true> <Delay = 1.56> <CoreInst = "DivnS_SEQ">   --->   Core 7 'DivnS_SEQ' <Latency = 21> <II = 18> <Delay = 1.56> <FuncUnit> <Opcode : 'udiv' 'sdiv' 'urem' 'srem'> <InPorts = 2> <OutPorts = 1>

State 29 <SV = 28> <Delay = 1.56>
ST_29 : Operation 119 [2/22] (1.56ns)   --->   "%sdiv_ln35 = sdiv i18 %tmp_12, i18 %zext_ln35" [baseline.cpp:35->baseline.cpp:74]   --->   Operation 119 'sdiv' 'sdiv_ln35' <Predicate = true> <Delay = 1.56> <CoreInst = "DivnS_SEQ">   --->   Core 7 'DivnS_SEQ' <Latency = 21> <II = 18> <Delay = 1.56> <FuncUnit> <Opcode : 'udiv' 'sdiv' 'urem' 'srem'> <InPorts = 2> <OutPorts = 1>

State 30 <SV = 29> <Delay = 4.78>
ST_30 : Operation 120 [1/22] (1.56ns)   --->   "%sdiv_ln35 = sdiv i18 %tmp_12, i18 %zext_ln35" [baseline.cpp:35->baseline.cpp:74]   --->   Operation 120 'sdiv' 'sdiv_ln35' <Predicate = (!icmp_ln34)> <Delay = 1.56> <CoreInst = "DivnS_SEQ">   --->   Core 7 'DivnS_SEQ' <Latency = 21> <II = 18> <Delay = 1.56> <FuncUnit> <Opcode : 'udiv' 'sdiv' 'urem' 'srem'> <InPorts = 2> <OutPorts = 1>
ST_30 : Operation 121 [1/1] (0.00ns)   --->   "%sext_ln35 = sext i18 %sdiv_ln35" [baseline.cpp:35->baseline.cpp:74]   --->   Operation 121 'sext' 'sext_ln35' <Predicate = (!icmp_ln34)> <Delay = 0.00>
ST_30 : Operation 122 [1/1] (0.00ns)   --->   "%tmp = bitselect i1 @_ssdm_op_BitSelect.i1.i19.i32, i19 %sext_ln35, i32 18" [baseline.cpp:35->baseline.cpp:74]   --->   Operation 122 'bitselect' 'tmp' <Predicate = (!icmp_ln34)> <Delay = 0.00>
ST_30 : Operation 123 [1/1] (0.00ns) (grouped into LUT with out node select_ln35_1)   --->   "%trunc_ln35 = trunc i18 %sdiv_ln35" [baseline.cpp:35->baseline.cpp:74]   --->   Operation 123 'trunc' 'trunc_ln35' <Predicate = (!icmp_ln34)> <Delay = 0.00>
ST_30 : Operation 124 [1/1] (0.00ns)   --->   "%tmp_41 = bitselect i1 @_ssdm_op_BitSelect.i1.i19.i32, i19 %sext_ln35, i32 15" [baseline.cpp:35->baseline.cpp:74]   --->   Operation 124 'bitselect' 'tmp_41' <Predicate = (!icmp_ln34)> <Delay = 0.00>
ST_30 : Operation 125 [1/1] (0.00ns)   --->   "%tmp_42 = partselect i2 @_ssdm_op_PartSelect.i2.i18.i32.i32, i18 %sdiv_ln35, i32 16, i32 17" [baseline.cpp:35->baseline.cpp:74]   --->   Operation 125 'partselect' 'tmp_42' <Predicate = (!icmp_ln34)> <Delay = 0.00>
ST_30 : Operation 126 [1/1] (0.62ns)   --->   "%icmp_ln35 = icmp_ne  i2 %tmp_42, i2 3" [baseline.cpp:35->baseline.cpp:74]   --->   Operation 126 'icmp' 'icmp_ln35' <Predicate = (!icmp_ln34)> <Delay = 0.62> <CoreInst = "Cmp">   --->   Core 9 'Cmp' <Latency = 0> <II = 1> <Delay = 0.62> <FuncUnit> <Opcode : 'seteq' 'setne' 'setle' 'setge' 'setlt' 'setgt'> <InPorts = 2> <OutPorts = 1>
ST_30 : Operation 127 [1/1] (0.62ns)   --->   "%icmp_ln35_1 = icmp_ne  i2 %tmp_42, i2 0" [baseline.cpp:35->baseline.cpp:74]   --->   Operation 127 'icmp' 'icmp_ln35_1' <Predicate = (!icmp_ln34)> <Delay = 0.62> <CoreInst = "Cmp">   --->   Core 9 'Cmp' <Latency = 0> <II = 1> <Delay = 0.62> <FuncUnit> <Opcode : 'seteq' 'setne' 'setle' 'setge' 'setlt' 'setgt'> <InPorts = 2> <OutPorts = 1>
ST_30 : Operation 128 [1/1] (0.00ns) (grouped into LUT with out node and_ln35)   --->   "%or_ln35 = or i1 %tmp_41, i1 %icmp_ln35_1" [baseline.cpp:35->baseline.cpp:74]   --->   Operation 128 'or' 'or_ln35' <Predicate = (!icmp_ln34)> <Delay = 0.00> <CoreInst = "LogicGate">   --->   Core 74 'LogicGate' <Latency = 0> <II = 1> <Delay = 0.33> <FuncUnit> <Opcode : 'and' 'or' 'xor'> <InPorts = 2> <OutPorts = 1>
ST_30 : Operation 129 [1/1] (0.00ns) (grouped into LUT with out node and_ln35)   --->   "%xor_ln35 = xor i1 %tmp, i1 1" [baseline.cpp:35->baseline.cpp:74]   --->   Operation 129 'xor' 'xor_ln35' <Predicate = (!icmp_ln34)> <Delay = 0.00> <CoreInst = "LogicGate">   --->   Core 74 'LogicGate' <Latency = 0> <II = 1> <Delay = 0.33> <FuncUnit> <Opcode : 'and' 'or' 'xor'> <InPorts = 2> <OutPorts = 1>
ST_30 : Operation 130 [1/1] (0.33ns) (out node of the LUT)   --->   "%and_ln35 = and i1 %or_ln35, i1 %xor_ln35" [baseline.cpp:35->baseline.cpp:74]   --->   Operation 130 'and' 'and_ln35' <Predicate = (!icmp_ln34)> <Delay = 0.33> <CoreInst = "LogicGate">   --->   Core 74 'LogicGate' <Latency = 0> <II = 1> <Delay = 0.33> <FuncUnit> <Opcode : 'and' 'or' 'xor'> <InPorts = 2> <OutPorts = 1>
ST_30 : Operation 131 [1/1] (0.00ns) (grouped into LUT with out node select_ln35_1)   --->   "%xor_ln35_1 = xor i1 %tmp_41, i1 1" [baseline.cpp:35->baseline.cpp:74]   --->   Operation 131 'xor' 'xor_ln35_1' <Predicate = (!icmp_ln34)> <Delay = 0.00> <CoreInst = "LogicGate">   --->   Core 74 'LogicGate' <Latency = 0> <II = 1> <Delay = 0.33> <FuncUnit> <Opcode : 'and' 'or' 'xor'> <InPorts = 2> <OutPorts = 1>
ST_30 : Operation 132 [1/1] (0.00ns) (grouped into LUT with out node select_ln35_1)   --->   "%or_ln35_1 = or i1 %icmp_ln35, i1 %xor_ln35_1" [baseline.cpp:35->baseline.cpp:74]   --->   Operation 132 'or' 'or_ln35_1' <Predicate = (!icmp_ln34)> <Delay = 0.00> <CoreInst = "LogicGate">   --->   Core 74 'LogicGate' <Latency = 0> <II = 1> <Delay = 0.33> <FuncUnit> <Opcode : 'and' 'or' 'xor'> <InPorts = 2> <OutPorts = 1>
ST_30 : Operation 133 [1/1] (0.00ns) (grouped into LUT with out node select_ln35_1)   --->   "%and_ln35_1 = and i1 %or_ln35_1, i1 %tmp" [baseline.cpp:35->baseline.cpp:74]   --->   Operation 133 'and' 'and_ln35_1' <Predicate = (!icmp_ln34)> <Delay = 0.00> <CoreInst = "LogicGate">   --->   Core 74 'LogicGate' <Latency = 0> <II = 1> <Delay = 0.33> <FuncUnit> <Opcode : 'and' 'or' 'xor'> <InPorts = 2> <OutPorts = 1>
ST_30 : Operation 134 [1/1] (0.00ns) (grouped into LUT with out node select_ln35_1)   --->   "%select_ln35 = select i1 %and_ln35, i16 32767, i16 32768" [baseline.cpp:35->baseline.cpp:74]   --->   Operation 134 'select' 'select_ln35' <Predicate = (!icmp_ln34)> <Delay = 0.00> <CoreInst = "Sel">   --->   Core 73 'Sel' <Latency = 0> <II = 1> <Delay = 0.42> <FuncUnit> <Opcode : 'select'> <InPorts = 3> <OutPorts = 1>
ST_30 : Operation 135 [1/1] (0.00ns) (grouped into LUT with out node select_ln35_1)   --->   "%or_ln35_2 = or i1 %and_ln35, i1 %and_ln35_1" [baseline.cpp:35->baseline.cpp:74]   --->   Operation 135 'or' 'or_ln35_2' <Predicate = (!icmp_ln34)> <Delay = 0.00> <CoreInst = "LogicGate">   --->   Core 74 'LogicGate' <Latency = 0> <II = 1> <Delay = 0.33> <FuncUnit> <Opcode : 'and' 'or' 'xor'> <InPorts = 2> <OutPorts = 1>
ST_30 : Operation 136 [1/1] (0.42ns) (out node of the LUT)   --->   "%select_ln35_1 = select i1 %or_ln35_2, i16 %select_ln35, i16 %trunc_ln35" [baseline.cpp:35->baseline.cpp:74]   --->   Operation 136 'select' 'select_ln35_1' <Predicate = (!icmp_ln34)> <Delay = 0.42> <CoreInst = "Sel">   --->   Core 73 'Sel' <Latency = 0> <II = 1> <Delay = 0.42> <FuncUnit> <Opcode : 'select'> <InPorts = 3> <OutPorts = 1>
ST_30 : Operation 137 [1/1] (0.48ns)   --->   "%br_ln0 = br void %for.inc.i"   --->   Operation 137 'br' 'br_ln0' <Predicate = (!icmp_ln34)> <Delay = 0.48>
ST_30 : Operation 138 [1/1] (0.00ns)   --->   "%storemerge = phi i16 %select_ln35_1, void %if.else.i, i16 0, void %for.body4.i.split" [baseline.cpp:35->baseline.cpp:74]   --->   Operation 138 'phi' 'storemerge' <Predicate = true> <Delay = 0.00>
ST_30 : Operation 139 [1/1] ( I:1.35ns O:1.35ns )   --->   "%store_ln35 = store i16 %storemerge, i14 %out_addr" [baseline.cpp:35->baseline.cpp:74]   --->   Operation 139 'store' 'store_ln35' <Predicate = true> <Delay = 1.35> <CoreInst = "RAM">   --->   Core 82 'RAM' <Latency = 1> <II = 1> <Delay = 1.35> <Storage> <Opcode : 'load' 'store'> <Ports = 2> <Width = 16> <Depth = 16384> <RAM>
ST_30 : Operation 140 [1/1] (0.00ns)   --->   "%br_ln32 = br void %for.body4.i" [baseline.cpp:32->baseline.cpp:74]   --->   Operation 140 'br' 'br_ln32' <Predicate = true> <Delay = 0.00>

State 31 <SV = 7> <Delay = 1.38>
ST_31 : Operation 141 [1/1] (0.00ns)   --->   "%r_4 = load i7 %r_1"   --->   Operation 141 'load' 'r_4' <Predicate = true> <Delay = 0.00>
ST_31 : Operation 142 [1/1] (0.89ns)   --->   "%icmp_ln42 = icmp_eq  i7 %r_4, i7 126" [baseline.cpp:42->baseline.cpp:75]   --->   Operation 142 'icmp' 'icmp_ln42' <Predicate = true> <Delay = 0.89> <CoreInst = "Cmp">   --->   Core 9 'Cmp' <Latency = 0> <II = 1> <Delay = 0.89> <FuncUnit> <Opcode : 'seteq' 'setne' 'setle' 'setge' 'setlt' 'setgt'> <InPorts = 2> <OutPorts = 1>
ST_31 : Operation 143 [1/1] (0.00ns)   --->   "%br_ln42 = br i1 %icmp_ln42, void %VITIS_LOOP_43_2.i.split, void %_Z18adaptive_thresholdPA128_8ap_fixedILi16ELi8EL9ap_q_mode0EL9ap_o_mode0ELi0EES4_.exit" [baseline.cpp:42->baseline.cpp:75]   --->   Operation 143 'br' 'br_ln42' <Predicate = true> <Delay = 0.00>
ST_31 : Operation 144 [1/1] (0.00ns)   --->   "%speclooptripcount_ln42 = speclooptripcount void @_ssdm_op_SpecLoopTripCount, i64 124, i64 124, i64 124" [baseline.cpp:42->baseline.cpp:75]   --->   Operation 144 'speclooptripcount' 'speclooptripcount_ln42' <Predicate = (!icmp_ln42)> <Delay = 0.00>
ST_31 : Operation 145 [1/1] (0.00ns)   --->   "%specloopname_ln42 = specloopname void @_ssdm_op_SpecLoopName, void @empty_1" [baseline.cpp:42->baseline.cpp:75]   --->   Operation 145 'specloopname' 'specloopname_ln42' <Predicate = (!icmp_ln42)> <Delay = 0.00>
ST_31 : Operation 146 [1/1] (0.48ns)   --->   "%br_ln43 = br void %for.body4.i1" [baseline.cpp:43->baseline.cpp:75]   --->   Operation 146 'br' 'br_ln43' <Predicate = (!icmp_ln42)> <Delay = 0.48>
ST_31 : Operation 147 [2/2] (0.00ns)   --->   "%call_ln76 = call void @extract_edges_and_profile, i16 %buf1, i16 %profile_out" [baseline.cpp:76]   --->   Operation 147 'call' 'call_ln76' <Predicate = (icmp_ln42)> <Delay = 0.00> <CoreType = "Generic">   --->   Generic Core

State 32 <SV = 8> <Delay = 1.38>
ST_32 : Operation 148 [1/1] (0.00ns)   --->   "%c_1 = phi i7 2, void %VITIS_LOOP_43_2.i.split, i7 %add_ln43, void %for.end18.i" [baseline.cpp:43->baseline.cpp:75]   --->   Operation 148 'phi' 'c_1' <Predicate = true> <Delay = 0.00>
ST_32 : Operation 149 [1/1] (0.89ns)   --->   "%icmp_ln43 = icmp_eq  i7 %c_1, i7 126" [baseline.cpp:43->baseline.cpp:75]   --->   Operation 149 'icmp' 'icmp_ln43' <Predicate = true> <Delay = 0.89> <CoreInst = "Cmp">   --->   Core 9 'Cmp' <Latency = 0> <II = 1> <Delay = 0.89> <FuncUnit> <Opcode : 'seteq' 'setne' 'setle' 'setge' 'setlt' 'setgt'> <InPorts = 2> <OutPorts = 1>
ST_32 : Operation 150 [1/1] (0.00ns)   --->   "%br_ln43 = br i1 %icmp_ln43, void %for.body4.i1.split, void %for.inc33.i" [baseline.cpp:43->baseline.cpp:75]   --->   Operation 150 'br' 'br_ln43' <Predicate = true> <Delay = 0.00>
ST_32 : Operation 151 [1/1] (0.00ns)   --->   "%tmp_13 = bitconcatenate i14 @_ssdm_op_BitConcatenate.i14.i7.i7, i7 %r_4, i7 %c_1" [baseline.cpp:49->baseline.cpp:75]   --->   Operation 151 'bitconcatenate' 'tmp_13' <Predicate = (!icmp_ln43)> <Delay = 0.00>
ST_32 : Operation 152 [1/1] (0.00ns)   --->   "%zext_ln49 = zext i14 %tmp_13" [baseline.cpp:49->baseline.cpp:75]   --->   Operation 152 'zext' 'zext_ln49' <Predicate = (!icmp_ln43)> <Delay = 0.00>
ST_32 : Operation 153 [1/1] (0.00ns)   --->   "%buf1_addr = getelementptr i16 %buf1, i64 0, i64 %zext_ln49" [baseline.cpp:49->baseline.cpp:75]   --->   Operation 153 'getelementptr' 'buf1_addr' <Predicate = (!icmp_ln43)> <Delay = 0.00>
ST_32 : Operation 154 [1/1] (0.00ns)   --->   "%out_addr_1 = getelementptr i16 %buf5, i64 0, i64 %zext_ln49" [baseline.cpp:49->baseline.cpp:75]   --->   Operation 154 'getelementptr' 'out_addr_1' <Predicate = (!icmp_ln43)> <Delay = 0.00>
ST_32 : Operation 155 [1/1] (0.00ns)   --->   "%speclooptripcount_ln43 = speclooptripcount void @_ssdm_op_SpecLoopTripCount, i64 124, i64 124, i64 124" [baseline.cpp:43->baseline.cpp:75]   --->   Operation 155 'speclooptripcount' 'speclooptripcount_ln43' <Predicate = (!icmp_ln43)> <Delay = 0.00>
ST_32 : Operation 156 [1/1] (0.00ns)   --->   "%specloopname_ln43 = specloopname void @_ssdm_op_SpecLoopName, void @empty" [baseline.cpp:43->baseline.cpp:75]   --->   Operation 156 'specloopname' 'specloopname_ln43' <Predicate = (!icmp_ln43)> <Delay = 0.00>
ST_32 : Operation 157 [1/1] (0.48ns)   --->   "%br_ln45 = br void %VITIS_LOOP_46_4.i" [baseline.cpp:45->baseline.cpp:75]   --->   Operation 157 'br' 'br_ln45' <Predicate = (!icmp_ln43)> <Delay = 0.48>
ST_32 : Operation 158 [1/1] (0.89ns)   --->   "%add_ln42 = add i7 %r_4, i7 1" [baseline.cpp:42->baseline.cpp:75]   --->   Operation 158 'add' 'add_ln42' <Predicate = (icmp_ln43)> <Delay = 0.89> <CoreInst = "Adder">   --->   Core 1 'Adder' <Latency = 0> <II = 1> <Delay = 0.89> <FuncUnit> <Opcode : 'add' 'sub'> <InPorts = 2> <OutPorts = 1>
ST_32 : Operation 159 [1/1] (0.48ns)   --->   "%store_ln42 = store i7 %add_ln42, i7 %r_1" [baseline.cpp:42->baseline.cpp:75]   --->   Operation 159 'store' 'store_ln42' <Predicate = (icmp_ln43)> <Delay = 0.48>
ST_32 : Operation 160 [1/1] (0.00ns)   --->   "%br_ln42 = br void %VITIS_LOOP_43_2.i" [baseline.cpp:42->baseline.cpp:75]   --->   Operation 160 'br' 'br_ln42' <Predicate = (icmp_ln43)> <Delay = 0.00>

State 33 <SV = 9> <Delay = 6.17>
ST_33 : Operation 161 [1/1] (0.00ns)   --->   "%i = phi i3 6, void %for.body4.i1.split, i3 %add_ln45, void %for.inc16.i" [baseline.cpp:45->baseline.cpp:75]   --->   Operation 161 'phi' 'i' <Predicate = true> <Delay = 0.00>
ST_33 : Operation 162 [1/1] (0.00ns)   --->   "%local_sum = phi i16 0, void %for.body4.i1.split, i16 %local_sum_2, void %for.inc16.i"   --->   Operation 162 'phi' 'local_sum' <Predicate = true> <Delay = 0.00>
ST_33 : Operation 163 [1/1] (0.74ns)   --->   "%icmp_ln45 = icmp_eq  i3 %i, i3 3" [baseline.cpp:45->baseline.cpp:75]   --->   Operation 163 'icmp' 'icmp_ln45' <Predicate = true> <Delay = 0.74> <CoreInst = "Cmp">   --->   Core 9 'Cmp' <Latency = 0> <II = 1> <Delay = 0.74> <FuncUnit> <Opcode : 'seteq' 'setne' 'setle' 'setge' 'setlt' 'setgt'> <InPorts = 2> <OutPorts = 1>
ST_33 : Operation 164 [1/1] (0.00ns)   --->   "%br_ln45 = br i1 %icmp_ln45, void %VITIS_LOOP_46_4.i.split, void %for.end18.i" [baseline.cpp:45->baseline.cpp:75]   --->   Operation 164 'br' 'br_ln45' <Predicate = true> <Delay = 0.00>
ST_33 : Operation 165 [1/1] (0.00ns)   --->   "%sext_ln45 = sext i3 %i" [baseline.cpp:45->baseline.cpp:75]   --->   Operation 165 'sext' 'sext_ln45' <Predicate = (!icmp_ln45)> <Delay = 0.00>
ST_33 : Operation 166 [1/1] (0.00ns)   --->   "%speclooptripcount_ln44 = speclooptripcount void @_ssdm_op_SpecLoopTripCount, i64 5, i64 5, i64 5" [baseline.cpp:44->baseline.cpp:75]   --->   Operation 166 'speclooptripcount' 'speclooptripcount_ln44' <Predicate = (!icmp_ln45)> <Delay = 0.00>
ST_33 : Operation 167 [1/1] (0.00ns)   --->   "%specloopname_ln45 = specloopname void @_ssdm_op_SpecLoopName, void @empty_6" [baseline.cpp:45->baseline.cpp:75]   --->   Operation 167 'specloopname' 'specloopname_ln45' <Predicate = (!icmp_ln45)> <Delay = 0.00>
ST_33 : Operation 168 [1/1] (0.89ns)   --->   "%empty = add i7 %sext_ln45, i7 %r_4" [baseline.cpp:45->baseline.cpp:75]   --->   Operation 168 'add' 'empty' <Predicate = (!icmp_ln45)> <Delay = 0.89> <CoreInst = "Adder">   --->   Core 1 'Adder' <Latency = 0> <II = 1> <Delay = 0.89> <FuncUnit> <Opcode : 'add' 'sub'> <InPorts = 2> <OutPorts = 1>
ST_33 : Operation 169 [1/1] (0.48ns)   --->   "%br_ln46 = br void %for.body12.i" [baseline.cpp:46->baseline.cpp:75]   --->   Operation 169 'br' 'br_ln46' <Predicate = (!icmp_ln45)> <Delay = 0.48>
ST_33 : Operation 170 [1/1] (0.00ns)   --->   "%shl_ln = bitconcatenate i24 @_ssdm_op_BitConcatenate.i24.i16.i8, i16 %local_sum, i8 0" [baseline.cpp:48->baseline.cpp:75]   --->   Operation 170 'bitconcatenate' 'shl_ln' <Predicate = (icmp_ln45)> <Delay = 0.00>
ST_33 : Operation 171 [1/1] (0.00ns)   --->   "%sext_ln48 = sext i24 %shl_ln" [baseline.cpp:48->baseline.cpp:75]   --->   Operation 171 'sext' 'sext_ln48' <Predicate = (icmp_ln45)> <Delay = 0.00>
ST_33 : Operation 172 [1/1] (3.52ns)   --->   "%mul_ln48 = mul i50 %sext_ln48, i50 21474837" [baseline.cpp:48->baseline.cpp:75]   --->   Operation 172 'mul' 'mul_ln48' <Predicate = (icmp_ln45)> <Delay = 3.52> <CoreInst = "Multiplier">   --->   Core 3 'Multiplier' <Latency = 0> <II = 1> <Delay = 3.52> <FuncUnit> <Opcode : 'mul'> <InPorts = 2> <OutPorts = 1>
ST_33 : Operation 173 [1/1] (0.00ns)   --->   "%trunc_ln48 = trunc i50 %mul_ln48" [baseline.cpp:48->baseline.cpp:75]   --->   Operation 173 'trunc' 'trunc_ln48' <Predicate = (icmp_ln45)> <Delay = 0.00>
ST_33 : Operation 174 [1/1] (1.27ns)   --->   "%sub_ln48 = sub i49 0, i49 %trunc_ln48" [baseline.cpp:48->baseline.cpp:75]   --->   Operation 174 'sub' 'sub_ln48' <Predicate = (icmp_ln45)> <Delay = 1.27> <CoreInst = "Adder">   --->   Core 1 'Adder' <Latency = 0> <II = 1> <Delay = 1.27> <FuncUnit> <Opcode : 'add' 'sub'> <InPorts = 2> <OutPorts = 1>
ST_33 : Operation 175 [1/1] (0.00ns)   --->   "%tmp_43 = bitselect i1 @_ssdm_op_BitSelect.i1.i16.i32, i16 %local_sum, i32 15" [baseline.cpp:48->baseline.cpp:75]   --->   Operation 175 'bitselect' 'tmp_43' <Predicate = (icmp_ln45)> <Delay = 0.00>
ST_33 : Operation 176 [1/1] (0.00ns) (grouped into LUT with out node sub_ln48_1)   --->   "%tmp_27_cast = partselect i11 @_ssdm_op_PartSelect.i11.i49.i32.i32, i49 %sub_ln48, i32 37, i32 47" [baseline.cpp:48->baseline.cpp:75]   --->   Operation 176 'partselect' 'tmp_27_cast' <Predicate = (icmp_ln45)> <Delay = 0.00>
ST_33 : Operation 177 [1/1] (0.00ns)   --->   "%tmp_28_cast2 = partselect i12 @_ssdm_op_PartSelect.i12.i50.i32.i32, i50 %mul_ln48, i32 37, i32 48" [baseline.cpp:48->baseline.cpp:75]   --->   Operation 177 'partselect' 'tmp_28_cast2' <Predicate = (icmp_ln45)> <Delay = 0.00>
ST_33 : Operation 178 [1/1] (0.00ns) (grouped into LUT with out node sub_ln48_1)   --->   "%tmp_28_cast = partselect i11 @_ssdm_op_PartSelect.i11.i50.i32.i32, i50 %mul_ln48, i32 37, i32 47" [baseline.cpp:48->baseline.cpp:75]   --->   Operation 178 'partselect' 'tmp_28_cast' <Predicate = (icmp_ln45)> <Delay = 0.00>
ST_33 : Operation 179 [1/1] (0.00ns) (grouped into LUT with out node sub_ln48_1)   --->   "%select_ln48_1 = select i1 %tmp_43, i11 %tmp_27_cast, i11 %tmp_28_cast" [baseline.cpp:48->baseline.cpp:75]   --->   Operation 179 'select' 'select_ln48_1' <Predicate = (icmp_ln45)> <Delay = 0.00> <CoreInst = "Sel">   --->   Core 73 'Sel' <Latency = 0> <II = 1> <Delay = 0.45> <FuncUnit> <Opcode : 'select'> <InPorts = 3> <OutPorts = 1>
ST_33 : Operation 180 [1/1] (0.00ns) (grouped into LUT with out node sub_ln48_1)   --->   "%zext_ln48 = zext i11 %select_ln48_1" [baseline.cpp:48->baseline.cpp:75]   --->   Operation 180 'zext' 'zext_ln48' <Predicate = (icmp_ln45)> <Delay = 0.00>
ST_33 : Operation 181 [1/1] (0.94ns) (out node of the LUT)   --->   "%sub_ln48_1 = sub i12 0, i12 %zext_ln48" [baseline.cpp:48->baseline.cpp:75]   --->   Operation 181 'sub' 'sub_ln48_1' <Predicate = (icmp_ln45)> <Delay = 0.94> <CoreInst = "Adder">   --->   Core 1 'Adder' <Latency = 0> <II = 1> <Delay = 0.94> <FuncUnit> <Opcode : 'add' 'sub'> <InPorts = 2> <OutPorts = 1>
ST_33 : Operation 182 [1/1] (0.43ns)   --->   "%mean = select i1 %tmp_43, i12 %sub_ln48_1, i12 %tmp_28_cast2" [baseline.cpp:48->baseline.cpp:75]   --->   Operation 182 'select' 'mean' <Predicate = (icmp_ln45)> <Delay = 0.43> <CoreInst = "Sel">   --->   Core 73 'Sel' <Latency = 0> <II = 1> <Delay = 0.43> <FuncUnit> <Opcode : 'select'> <InPorts = 3> <OutPorts = 1>
ST_33 : Operation 183 [1/1] (0.00ns)   --->   "%tmp_46 = bitselect i1 @_ssdm_op_BitSelect.i1.i12.i32, i12 %mean, i32 11" [baseline.cpp:48->baseline.cpp:75]   --->   Operation 183 'bitselect' 'tmp_46' <Predicate = (icmp_ln45)> <Delay = 0.00>
ST_33 : Operation 184 [2/2] (1.35ns)   --->   "%out_load = load i14 %out_addr_1" [baseline.cpp:49->baseline.cpp:75]   --->   Operation 184 'load' 'out_load' <Predicate = (icmp_ln45)> <Delay = 1.35> <CoreInst = "RAM">   --->   Core 82 'RAM' <Latency = 1> <II = 1> <Delay = 1.35> <Storage> <Opcode : 'load' 'store'> <Ports = 2> <Width = 16> <Depth = 16384> <RAM>
ST_33 : Operation 185 [1/1] (0.89ns)   --->   "%add_ln43 = add i7 %c_1, i7 1" [baseline.cpp:43->baseline.cpp:75]   --->   Operation 185 'add' 'add_ln43' <Predicate = (icmp_ln45)> <Delay = 0.89> <CoreInst = "Adder">   --->   Core 1 'Adder' <Latency = 0> <II = 1> <Delay = 0.89> <FuncUnit> <Opcode : 'add' 'sub'> <InPorts = 2> <OutPorts = 1>

State 34 <SV = 10> <Delay = 2.24>
ST_34 : Operation 186 [1/1] (0.00ns)   --->   "%j = phi i3 6, void %VITIS_LOOP_46_4.i.split, i3 %add_ln46, void %for.body12.i.split" [baseline.cpp:46->baseline.cpp:75]   --->   Operation 186 'phi' 'j' <Predicate = true> <Delay = 0.00>
ST_34 : Operation 187 [1/1] (0.00ns)   --->   "%local_sum_2 = phi i16 %local_sum, void %VITIS_LOOP_46_4.i.split, i16 %local_sum_4, void %for.body12.i.split"   --->   Operation 187 'phi' 'local_sum_2' <Predicate = true> <Delay = 0.00>
ST_34 : Operation 188 [1/1] (0.74ns)   --->   "%icmp_ln46 = icmp_eq  i3 %j, i3 3" [baseline.cpp:46->baseline.cpp:75]   --->   Operation 188 'icmp' 'icmp_ln46' <Predicate = true> <Delay = 0.74> <CoreInst = "Cmp">   --->   Core 9 'Cmp' <Latency = 0> <II = 1> <Delay = 0.74> <FuncUnit> <Opcode : 'seteq' 'setne' 'setle' 'setge' 'setlt' 'setgt'> <InPorts = 2> <OutPorts = 1>
ST_34 : Operation 189 [1/1] (0.00ns)   --->   "%br_ln46 = br i1 %icmp_ln46, void %for.body12.i.split, void %for.inc16.i" [baseline.cpp:46->baseline.cpp:75]   --->   Operation 189 'br' 'br_ln46' <Predicate = true> <Delay = 0.00>
ST_34 : Operation 190 [1/1] (0.00ns)   --->   "%sext_ln46 = sext i3 %j" [baseline.cpp:46->baseline.cpp:75]   --->   Operation 190 'sext' 'sext_ln46' <Predicate = (!icmp_ln46)> <Delay = 0.00>
ST_34 : Operation 191 [1/1] (0.89ns)   --->   "%add_ln47 = add i7 %sext_ln46, i7 %c_1" [baseline.cpp:47->baseline.cpp:75]   --->   Operation 191 'add' 'add_ln47' <Predicate = (!icmp_ln46)> <Delay = 0.89> <CoreInst = "Adder">   --->   Core 1 'Adder' <Latency = 0> <II = 1> <Delay = 0.89> <FuncUnit> <Opcode : 'add' 'sub'> <InPorts = 2> <OutPorts = 1>
ST_34 : Operation 192 [1/1] (0.00ns)   --->   "%tmp_14 = bitconcatenate i14 @_ssdm_op_BitConcatenate.i14.i7.i7, i7 %empty, i7 %add_ln47" [baseline.cpp:47->baseline.cpp:75]   --->   Operation 192 'bitconcatenate' 'tmp_14' <Predicate = (!icmp_ln46)> <Delay = 0.00>
ST_34 : Operation 193 [1/1] (0.00ns)   --->   "%zext_ln47 = zext i14 %tmp_14" [baseline.cpp:47->baseline.cpp:75]   --->   Operation 193 'zext' 'zext_ln47' <Predicate = (!icmp_ln46)> <Delay = 0.00>
ST_34 : Operation 194 [1/1] (0.00ns)   --->   "%out_addr_2 = getelementptr i16 %buf5, i64 0, i64 %zext_ln47" [baseline.cpp:47->baseline.cpp:75]   --->   Operation 194 'getelementptr' 'out_addr_2' <Predicate = (!icmp_ln46)> <Delay = 0.00>
ST_34 : Operation 195 [2/2] (1.35ns)   --->   "%out_load_1 = load i14 %out_addr_2" [baseline.cpp:47->baseline.cpp:75]   --->   Operation 195 'load' 'out_load_1' <Predicate = (!icmp_ln46)> <Delay = 1.35> <CoreInst = "RAM">   --->   Core 82 'RAM' <Latency = 1> <II = 1> <Delay = 1.35> <Storage> <Opcode : 'load' 'store'> <Ports = 2> <Width = 16> <Depth = 16384> <RAM>
ST_34 : Operation 196 [1/1] (0.74ns)   --->   "%add_ln46 = add i3 %j, i3 1" [baseline.cpp:46->baseline.cpp:75]   --->   Operation 196 'add' 'add_ln46' <Predicate = (!icmp_ln46)> <Delay = 0.74> <CoreInst = "Adder">   --->   Core 1 'Adder' <Latency = 0> <II = 1> <Delay = 0.74> <FuncUnit> <Opcode : 'add' 'sub'> <InPorts = 2> <OutPorts = 1>
ST_34 : Operation 197 [1/1] (0.74ns)   --->   "%add_ln45 = add i3 %i, i3 1" [baseline.cpp:45->baseline.cpp:75]   --->   Operation 197 'add' 'add_ln45' <Predicate = (icmp_ln46)> <Delay = 0.74> <CoreInst = "Adder">   --->   Core 1 'Adder' <Latency = 0> <II = 1> <Delay = 0.74> <FuncUnit> <Opcode : 'add' 'sub'> <InPorts = 2> <OutPorts = 1>
ST_34 : Operation 198 [1/1] (0.00ns)   --->   "%br_ln45 = br void %VITIS_LOOP_46_4.i" [baseline.cpp:45->baseline.cpp:75]   --->   Operation 198 'br' 'br_ln45' <Predicate = (icmp_ln46)> <Delay = 0.00>

State 35 <SV = 11> <Delay = 2.78>
ST_35 : Operation 199 [1/1] (0.00ns)   --->   "%speclooptripcount_ln44 = speclooptripcount void @_ssdm_op_SpecLoopTripCount, i64 5, i64 5, i64 5" [baseline.cpp:44->baseline.cpp:75]   --->   Operation 199 'speclooptripcount' 'speclooptripcount_ln44' <Predicate = true> <Delay = 0.00>
ST_35 : Operation 200 [1/1] (0.00ns)   --->   "%specloopname_ln46 = specloopname void @_ssdm_op_SpecLoopName, void @empty_5" [baseline.cpp:46->baseline.cpp:75]   --->   Operation 200 'specloopname' 'specloopname_ln46' <Predicate = true> <Delay = 0.00>
ST_35 : Operation 201 [1/1] (0.00ns)   --->   "%sext_ln47 = sext i16 %local_sum_2" [baseline.cpp:47->baseline.cpp:75]   --->   Operation 201 'sext' 'sext_ln47' <Predicate = true> <Delay = 0.00>
ST_35 : Operation 202 [1/2] ( I:1.35ns O:1.35ns )   --->   "%out_load_1 = load i14 %out_addr_2" [baseline.cpp:47->baseline.cpp:75]   --->   Operation 202 'load' 'out_load_1' <Predicate = true> <Delay = 1.35> <CoreInst = "RAM">   --->   Core 82 'RAM' <Latency = 1> <II = 1> <Delay = 1.35> <Storage> <Opcode : 'load' 'store'> <Ports = 2> <Width = 16> <Depth = 16384> <RAM>
ST_35 : Operation 203 [1/1] (0.00ns)   --->   "%sext_ln47_1 = sext i16 %out_load_1" [baseline.cpp:47->baseline.cpp:75]   --->   Operation 203 'sext' 'sext_ln47_1' <Predicate = true> <Delay = 0.00>
ST_35 : Operation 204 [1/1] (1.01ns)   --->   "%local_sum_3 = add i16 %out_load_1, i16 %local_sum_2" [baseline.cpp:47->baseline.cpp:75]   --->   Operation 204 'add' 'local_sum_3' <Predicate = true> <Delay = 1.01> <CoreInst = "Adder">   --->   Core 1 'Adder' <Latency = 0> <II = 1> <Delay = 1.01> <FuncUnit> <Opcode : 'add' 'sub'> <InPorts = 2> <OutPorts = 1>
ST_35 : Operation 205 [1/1] (1.01ns)   --->   "%add_ln47_2 = add i17 %sext_ln47_1, i17 %sext_ln47" [baseline.cpp:47->baseline.cpp:75]   --->   Operation 205 'add' 'add_ln47_2' <Predicate = true> <Delay = 1.01> <CoreInst = "Adder">   --->   Core 1 'Adder' <Latency = 0> <II = 1> <Delay = 1.01> <FuncUnit> <Opcode : 'add' 'sub'> <InPorts = 2> <OutPorts = 1>
ST_35 : Operation 206 [1/1] (0.00ns)   --->   "%tmp_47 = bitselect i1 @_ssdm_op_BitSelect.i1.i17.i32, i17 %add_ln47_2, i32 16" [baseline.cpp:47->baseline.cpp:75]   --->   Operation 206 'bitselect' 'tmp_47' <Predicate = true> <Delay = 0.00>
ST_35 : Operation 207 [1/1] (0.00ns)   --->   "%tmp_48 = bitselect i1 @_ssdm_op_BitSelect.i1.i16.i32, i16 %local_sum_3, i32 15" [baseline.cpp:47->baseline.cpp:75]   --->   Operation 207 'bitselect' 'tmp_48' <Predicate = true> <Delay = 0.00>
ST_35 : Operation 208 [1/1] (0.00ns) (grouped into LUT with out node local_sum_4)   --->   "%xor_ln47 = xor i1 %tmp_47, i1 1" [baseline.cpp:47->baseline.cpp:75]   --->   Operation 208 'xor' 'xor_ln47' <Predicate = true> <Delay = 0.00> <CoreInst = "LogicGate">   --->   Core 74 'LogicGate' <Latency = 0> <II = 1> <Delay = 0.33> <FuncUnit> <Opcode : 'and' 'or' 'xor'> <InPorts = 2> <OutPorts = 1>
ST_35 : Operation 209 [1/1] (0.00ns) (grouped into LUT with out node local_sum_4)   --->   "%and_ln47 = and i1 %tmp_48, i1 %xor_ln47" [baseline.cpp:47->baseline.cpp:75]   --->   Operation 209 'and' 'and_ln47' <Predicate = true> <Delay = 0.00> <CoreInst = "LogicGate">   --->   Core 74 'LogicGate' <Latency = 0> <II = 1> <Delay = 0.33> <FuncUnit> <Opcode : 'and' 'or' 'xor'> <InPorts = 2> <OutPorts = 1>
ST_35 : Operation 210 [1/1] (0.00ns) (grouped into LUT with out node local_sum_4)   --->   "%xor_ln47_1 = xor i1 %tmp_47, i1 %tmp_48" [baseline.cpp:47->baseline.cpp:75]   --->   Operation 210 'xor' 'xor_ln47_1' <Predicate = true> <Delay = 0.00> <CoreInst = "LogicGate">   --->   Core 74 'LogicGate' <Latency = 0> <II = 1> <Delay = 0.33> <FuncUnit> <Opcode : 'and' 'or' 'xor'> <InPorts = 2> <OutPorts = 1>
ST_35 : Operation 211 [1/1] (0.00ns) (grouped into LUT with out node local_sum_4)   --->   "%select_ln47 = select i1 %and_ln47, i16 32767, i16 32768" [baseline.cpp:47->baseline.cpp:75]   --->   Operation 211 'select' 'select_ln47' <Predicate = true> <Delay = 0.00> <CoreInst = "Sel">   --->   Core 73 'Sel' <Latency = 0> <II = 1> <Delay = 0.42> <FuncUnit> <Opcode : 'select'> <InPorts = 3> <OutPorts = 1>
ST_35 : Operation 212 [1/1] (0.42ns) (out node of the LUT)   --->   "%local_sum_4 = select i1 %xor_ln47_1, i16 %select_ln47, i16 %local_sum_3" [baseline.cpp:47->baseline.cpp:75]   --->   Operation 212 'select' 'local_sum_4' <Predicate = true> <Delay = 0.42> <CoreInst = "Sel">   --->   Core 73 'Sel' <Latency = 0> <II = 1> <Delay = 0.42> <FuncUnit> <Opcode : 'select'> <InPorts = 3> <OutPorts = 1>
ST_35 : Operation 213 [1/1] (0.00ns)   --->   "%br_ln46 = br void %for.body12.i" [baseline.cpp:46->baseline.cpp:75]   --->   Operation 213 'br' 'br_ln46' <Predicate = true> <Delay = 0.00>

State 36 <SV = 10> <Delay = 4.19>
ST_36 : Operation 214 [1/1] (0.00ns)   --->   "%sext_ln48_1 = sext i12 %mean" [baseline.cpp:48->baseline.cpp:75]   --->   Operation 214 'sext' 'sext_ln48_1' <Predicate = true> <Delay = 0.00>
ST_36 : Operation 215 [1/1] (0.00ns)   --->   "%tmp_44 = bitselect i1 @_ssdm_op_BitSelect.i1.i24.i32, i24 %sext_ln48_1, i32 23" [baseline.cpp:48->baseline.cpp:75]   --->   Operation 215 'bitselect' 'tmp_44' <Predicate = true> <Delay = 0.00>
ST_36 : Operation 216 [1/1] (0.00ns) (grouped into LUT with out node mean_1)   --->   "%sext_ln48_2 = sext i12 %mean" [baseline.cpp:48->baseline.cpp:75]   --->   Operation 216 'sext' 'sext_ln48_2' <Predicate = true> <Delay = 0.00>
ST_36 : Operation 217 [1/1] (0.00ns)   --->   "%tmp_45 = bitselect i1 @_ssdm_op_BitSelect.i1.i24.i32, i24 %sext_ln48_1, i32 15" [baseline.cpp:48->baseline.cpp:75]   --->   Operation 217 'bitselect' 'tmp_45' <Predicate = true> <Delay = 0.00>
ST_36 : Operation 218 [1/1] (0.00ns) (grouped into LUT with out node and_ln48)   --->   "%or_ln48 = or i1 %tmp_45, i1 %tmp_46" [baseline.cpp:48->baseline.cpp:75]   --->   Operation 218 'or' 'or_ln48' <Predicate = true> <Delay = 0.00> <CoreInst = "LogicGate">   --->   Core 74 'LogicGate' <Latency = 0> <II = 1> <Delay = 0.33> <FuncUnit> <Opcode : 'and' 'or' 'xor'> <InPorts = 2> <OutPorts = 1>
ST_36 : Operation 219 [1/1] (0.00ns) (grouped into LUT with out node and_ln48)   --->   "%xor_ln48 = xor i1 %tmp_44, i1 1" [baseline.cpp:48->baseline.cpp:75]   --->   Operation 219 'xor' 'xor_ln48' <Predicate = true> <Delay = 0.00> <CoreInst = "LogicGate">   --->   Core 74 'LogicGate' <Latency = 0> <II = 1> <Delay = 0.33> <FuncUnit> <Opcode : 'and' 'or' 'xor'> <InPorts = 2> <OutPorts = 1>
ST_36 : Operation 220 [1/1] (0.33ns) (out node of the LUT)   --->   "%and_ln48 = and i1 %or_ln48, i1 %xor_ln48" [baseline.cpp:48->baseline.cpp:75]   --->   Operation 220 'and' 'and_ln48' <Predicate = true> <Delay = 0.33> <CoreInst = "LogicGate">   --->   Core 74 'LogicGate' <Latency = 0> <II = 1> <Delay = 0.33> <FuncUnit> <Opcode : 'and' 'or' 'xor'> <InPorts = 2> <OutPorts = 1>
ST_36 : Operation 221 [1/1] (0.00ns) (grouped into LUT with out node mean_1)   --->   "%and_ln48_2 = and i1 %tmp_46, i1 %tmp_45" [baseline.cpp:48->baseline.cpp:75]   --->   Operation 221 'and' 'and_ln48_2' <Predicate = true> <Delay = 0.00> <CoreInst = "LogicGate">   --->   Core 74 'LogicGate' <Latency = 0> <II = 1> <Delay = 0.33> <FuncUnit> <Opcode : 'and' 'or' 'xor'> <InPorts = 2> <OutPorts = 1>
ST_36 : Operation 222 [1/1] (0.00ns) (grouped into LUT with out node mean_1)   --->   "%xor_ln48_1 = xor i1 %and_ln48_2, i1 1" [baseline.cpp:48->baseline.cpp:75]   --->   Operation 222 'xor' 'xor_ln48_1' <Predicate = true> <Delay = 0.00> <CoreInst = "LogicGate">   --->   Core 74 'LogicGate' <Latency = 0> <II = 1> <Delay = 0.33> <FuncUnit> <Opcode : 'and' 'or' 'xor'> <InPorts = 2> <OutPorts = 1>
ST_36 : Operation 223 [1/1] (0.00ns) (grouped into LUT with out node mean_1)   --->   "%and_ln48_1 = and i1 %tmp_44, i1 %xor_ln48_1" [baseline.cpp:48->baseline.cpp:75]   --->   Operation 223 'and' 'and_ln48_1' <Predicate = true> <Delay = 0.00> <CoreInst = "LogicGate">   --->   Core 74 'LogicGate' <Latency = 0> <II = 1> <Delay = 0.33> <FuncUnit> <Opcode : 'and' 'or' 'xor'> <InPorts = 2> <OutPorts = 1>
ST_36 : Operation 224 [1/1] (0.00ns) (grouped into LUT with out node mean_1)   --->   "%select_ln48 = select i1 %and_ln48, i16 32767, i16 32768" [baseline.cpp:48->baseline.cpp:75]   --->   Operation 224 'select' 'select_ln48' <Predicate = true> <Delay = 0.00> <CoreInst = "Sel">   --->   Core 73 'Sel' <Latency = 0> <II = 1> <Delay = 0.42> <FuncUnit> <Opcode : 'select'> <InPorts = 3> <OutPorts = 1>
ST_36 : Operation 225 [1/1] (0.00ns) (grouped into LUT with out node mean_1)   --->   "%or_ln48_1 = or i1 %and_ln48, i1 %and_ln48_1" [baseline.cpp:48->baseline.cpp:75]   --->   Operation 225 'or' 'or_ln48_1' <Predicate = true> <Delay = 0.00> <CoreInst = "LogicGate">   --->   Core 74 'LogicGate' <Latency = 0> <II = 1> <Delay = 0.33> <FuncUnit> <Opcode : 'and' 'or' 'xor'> <InPorts = 2> <OutPorts = 1>
ST_36 : Operation 226 [1/1] (0.42ns) (out node of the LUT)   --->   "%mean_1 = select i1 %or_ln48_1, i16 %select_ln48, i16 %sext_ln48_2" [baseline.cpp:48->baseline.cpp:75]   --->   Operation 226 'select' 'mean_1' <Predicate = true> <Delay = 0.42> <CoreInst = "Sel">   --->   Core 73 'Sel' <Latency = 0> <II = 1> <Delay = 0.42> <FuncUnit> <Opcode : 'select'> <InPorts = 3> <OutPorts = 1>
ST_36 : Operation 227 [1/2] ( I:1.35ns O:1.35ns )   --->   "%out_load = load i14 %out_addr_1" [baseline.cpp:49->baseline.cpp:75]   --->   Operation 227 'load' 'out_load' <Predicate = true> <Delay = 1.35> <CoreInst = "RAM">   --->   Core 82 'RAM' <Latency = 1> <II = 1> <Delay = 1.35> <Storage> <Opcode : 'load' 'store'> <Ports = 2> <Width = 16> <Depth = 16384> <RAM>
ST_36 : Operation 228 [1/1] (1.01ns) (out node of the LUT)   --->   "%icmp_ln49 = icmp_sgt  i16 %out_load, i16 %mean_1" [baseline.cpp:49->baseline.cpp:75]   --->   Operation 228 'icmp' 'icmp_ln49' <Predicate = true> <Delay = 1.01> <CoreInst = "Cmp">   --->   Core 9 'Cmp' <Latency = 0> <II = 1> <Delay = 1.01> <FuncUnit> <Opcode : 'seteq' 'setne' 'setle' 'setge' 'setlt' 'setgt'> <InPorts = 2> <OutPorts = 1>
ST_36 : Operation 229 [1/1] (0.47ns)   --->   "%select_ln49 = select i1 %icmp_ln49, i16 256, i16 0" [baseline.cpp:49->baseline.cpp:75]   --->   Operation 229 'select' 'select_ln49' <Predicate = true> <Delay = 0.47> <CoreInst = "Sel">   --->   Core 73 'Sel' <Latency = 0> <II = 1> <Delay = 0.47> <FuncUnit> <Opcode : 'select'> <InPorts = 3> <OutPorts = 1>
ST_36 : Operation 230 [1/1] ( I:1.35ns O:1.35ns )   --->   "%store_ln49 = store i16 %select_ln49, i14 %buf1_addr" [baseline.cpp:49->baseline.cpp:75]   --->   Operation 230 'store' 'store_ln49' <Predicate = true> <Delay = 1.35> <CoreInst = "RAM">   --->   Core 82 'RAM' <Latency = 1> <II = 1> <Delay = 1.35> <Storage> <Opcode : 'load' 'store'> <Ports = 2> <Width = 16> <Depth = 16384> <RAM>
ST_36 : Operation 231 [1/1] (0.00ns)   --->   "%br_ln43 = br void %for.body4.i1" [baseline.cpp:43->baseline.cpp:75]   --->   Operation 231 'br' 'br_ln43' <Predicate = true> <Delay = 0.00>

State 37 <SV = 8> <Delay = 0.89>
ST_37 : Operation 232 [1/2] (0.89ns)   --->   "%call_ln76 = call void @extract_edges_and_profile, i16 %buf1, i16 %profile_out" [baseline.cpp:76]   --->   Operation 232 'call' 'call_ln76' <Predicate = true> <Delay = 0.89> <CoreType = "Generic">   --->   Generic Core
ST_37 : Operation 233 [1/1] (0.00ns)   --->   "%ret_ln77 = ret" [baseline.cpp:77]   --->   Operation 233 'ret' 'ret_ln77' <Predicate = true> <Delay = 0.00>


============================================================
+ Verbose Summary: Timing violations
============================================================
Target clock period: 10.000ns, clock uncertainty: 2.700ns.

 <State 1>: 0.489ns
The critical path consists of the following:
	'alloca' operation 8 bit ('r', baseline.cpp:31->baseline.cpp:74) [4]  (0.000 ns)
	'store' operation 0 bit ('store_ln31', baseline.cpp:31->baseline.cpp:74) of constant 0 on local variable 'r', baseline.cpp:31->baseline.cpp:74 [21]  (0.489 ns)

 <State 2>: 0.897ns
The critical path consists of the following:
	'call' operation 0 bit ('call_ln70', baseline.cpp:70) to 'noise_reduction' [17]  (0.897 ns)

 <State 3>: 2.789ns
The critical path consists of the following:
	'call' operation 0 bit ('call_ln72', baseline.cpp:72) to 'calibrate' [19]  (2.789 ns)

 <State 4>: 0.907ns
The critical path consists of the following:
	'call' operation 0 bit ('call_ln72', baseline.cpp:72) to 'calibrate' [19]  (0.907 ns)

 <State 5>: 2.789ns
The critical path consists of the following:
	'call' operation 0 bit ('call_ln73', baseline.cpp:73) to 'calibrate' [20]  (2.789 ns)

 <State 6>: 0.907ns
The critical path consists of the following:
	'call' operation 0 bit ('call_ln73', baseline.cpp:73) to 'calibrate' [20]  (0.907 ns)

 <State 7>: 1.396ns
The critical path consists of the following:
	'load' operation 8 bit ('r', baseline.cpp:31->baseline.cpp:74) on local variable 'r', baseline.cpp:31->baseline.cpp:74 [24]  (0.000 ns)
	'icmp' operation 1 bit ('icmp_ln31', baseline.cpp:31->baseline.cpp:74) [25]  (0.907 ns)
	'store' operation 0 bit ('store_ln42', baseline.cpp:42->baseline.cpp:75) of constant 2 on local variable 'r', baseline.cpp:42->baseline.cpp:75 [86]  (0.489 ns)

 <State 8>: 2.341ns
The critical path consists of the following:
	'phi' operation 8 bit ('c', baseline.cpp:32->baseline.cpp:74) with incoming values : ('add_ln32', baseline.cpp:32->baseline.cpp:74) [35]  (0.000 ns)
	'add' operation 14 bit ('add_ln33', baseline.cpp:33->baseline.cpp:74) [41]  (0.989 ns)
	'getelementptr' operation 14 bit ('buf4_addr', baseline.cpp:33->baseline.cpp:74) [44]  (0.000 ns)
	'load' operation 9 bit ('buf4_load', baseline.cpp:33->baseline.cpp:74) on array 'buf4', baseline.cpp:68 [48]  (1.352 ns)

 <State 9>: 3.838ns
The critical path consists of the following:
	'load' operation 9 bit ('buf4_load', baseline.cpp:33->baseline.cpp:74) on array 'buf4', baseline.cpp:68 [48]  (1.352 ns)
	'sub' operation 10 bit ('sub_ln35', baseline.cpp:35->baseline.cpp:74) [56]  (0.921 ns)
	'sdiv' operation 18 bit ('sdiv_ln35', baseline.cpp:35->baseline.cpp:74) [59]  (1.565 ns)

 <State 10>: 1.565ns
The critical path consists of the following:
	'sdiv' operation 18 bit ('sdiv_ln35', baseline.cpp:35->baseline.cpp:74) [59]  (1.565 ns)

 <State 11>: 1.565ns
The critical path consists of the following:
	'sdiv' operation 18 bit ('sdiv_ln35', baseline.cpp:35->baseline.cpp:74) [59]  (1.565 ns)

 <State 12>: 1.565ns
The critical path consists of the following:
	'sdiv' operation 18 bit ('sdiv_ln35', baseline.cpp:35->baseline.cpp:74) [59]  (1.565 ns)

 <State 13>: 1.565ns
The critical path consists of the following:
	'sdiv' operation 18 bit ('sdiv_ln35', baseline.cpp:35->baseline.cpp:74) [59]  (1.565 ns)

 <State 14>: 1.565ns
The critical path consists of the following:
	'sdiv' operation 18 bit ('sdiv_ln35', baseline.cpp:35->baseline.cpp:74) [59]  (1.565 ns)

 <State 15>: 1.565ns
The critical path consists of the following:
	'sdiv' operation 18 bit ('sdiv_ln35', baseline.cpp:35->baseline.cpp:74) [59]  (1.565 ns)

 <State 16>: 1.565ns
The critical path consists of the following:
	'sdiv' operation 18 bit ('sdiv_ln35', baseline.cpp:35->baseline.cpp:74) [59]  (1.565 ns)

 <State 17>: 1.565ns
The critical path consists of the following:
	'sdiv' operation 18 bit ('sdiv_ln35', baseline.cpp:35->baseline.cpp:74) [59]  (1.565 ns)

 <State 18>: 1.565ns
The critical path consists of the following:
	'sdiv' operation 18 bit ('sdiv_ln35', baseline.cpp:35->baseline.cpp:74) [59]  (1.565 ns)

 <State 19>: 1.565ns
The critical path consists of the following:
	'sdiv' operation 18 bit ('sdiv_ln35', baseline.cpp:35->baseline.cpp:74) [59]  (1.565 ns)

 <State 20>: 1.565ns
The critical path consists of the following:
	'sdiv' operation 18 bit ('sdiv_ln35', baseline.cpp:35->baseline.cpp:74) [59]  (1.565 ns)

 <State 21>: 1.565ns
The critical path consists of the following:
	'sdiv' operation 18 bit ('sdiv_ln35', baseline.cpp:35->baseline.cpp:74) [59]  (1.565 ns)

 <State 22>: 1.565ns
The critical path consists of the following:
	'sdiv' operation 18 bit ('sdiv_ln35', baseline.cpp:35->baseline.cpp:74) [59]  (1.565 ns)

 <State 23>: 1.565ns
The critical path consists of the following:
	'sdiv' operation 18 bit ('sdiv_ln35', baseline.cpp:35->baseline.cpp:74) [59]  (1.565 ns)

 <State 24>: 1.565ns
The critical path consists of the following:
	'sdiv' operation 18 bit ('sdiv_ln35', baseline.cpp:35->baseline.cpp:74) [59]  (1.565 ns)

 <State 25>: 1.565ns
The critical path consists of the following:
	'sdiv' operation 18 bit ('sdiv_ln35', baseline.cpp:35->baseline.cpp:74) [59]  (1.565 ns)

 <State 26>: 1.565ns
The critical path consists of the following:
	'sdiv' operation 18 bit ('sdiv_ln35', baseline.cpp:35->baseline.cpp:74) [59]  (1.565 ns)

 <State 27>: 1.565ns
The critical path consists of the following:
	'sdiv' operation 18 bit ('sdiv_ln35', baseline.cpp:35->baseline.cpp:74) [59]  (1.565 ns)

 <State 28>: 1.565ns
The critical path consists of the following:
	'sdiv' operation 18 bit ('sdiv_ln35', baseline.cpp:35->baseline.cpp:74) [59]  (1.565 ns)

 <State 29>: 1.565ns
The critical path consists of the following:
	'sdiv' operation 18 bit ('sdiv_ln35', baseline.cpp:35->baseline.cpp:74) [59]  (1.565 ns)

 <State 30>: 4.782ns
The critical path consists of the following:
	'sdiv' operation 18 bit ('sdiv_ln35', baseline.cpp:35->baseline.cpp:74) [59]  (1.565 ns)
	'icmp' operation 1 bit ('icmp_ln35_1', baseline.cpp:35->baseline.cpp:74) [66]  (0.625 ns)
	'or' operation 1 bit ('or_ln35', baseline.cpp:35->baseline.cpp:74) [67]  (0.000 ns)
	'and' operation 1 bit ('and_ln35', baseline.cpp:35->baseline.cpp:74) [69]  (0.331 ns)
	'select' operation 16 bit ('select_ln35', baseline.cpp:35->baseline.cpp:74) [73]  (0.000 ns)
	'select' operation 16 bit ('select_ln35_1', baseline.cpp:35->baseline.cpp:74) [75]  (0.420 ns)
	multiplexor before 'phi' operation 16 bit ('storemerge', baseline.cpp:35->baseline.cpp:74) with incoming values : ('select_ln35_1', baseline.cpp:35->baseline.cpp:74) [78]  (0.489 ns)
	'phi' operation 16 bit ('storemerge', baseline.cpp:35->baseline.cpp:74) with incoming values : ('select_ln35_1', baseline.cpp:35->baseline.cpp:74) [78]  (0.000 ns)
	'store' operation 0 bit ('store_ln35', baseline.cpp:35->baseline.cpp:74) of variable 'storemerge', baseline.cpp:35->baseline.cpp:74 on array 'in', baseline.cpp:68 [79]  (1.352 ns)

 <State 31>: 1.386ns
The critical path consists of the following:
	'load' operation 7 bit ('r') on local variable 'r', baseline.cpp:42->baseline.cpp:75 [89]  (0.000 ns)
	'icmp' operation 1 bit ('icmp_ln42', baseline.cpp:42->baseline.cpp:75) [90]  (0.897 ns)
	blocking operation 0.489 ns on control path)

 <State 32>: 1.386ns
The critical path consists of the following:
	'phi' operation 7 bit ('c', baseline.cpp:43->baseline.cpp:75) with incoming values : ('add_ln43', baseline.cpp:43->baseline.cpp:75) [97]  (0.000 ns)
	'icmp' operation 1 bit ('icmp_ln43', baseline.cpp:43->baseline.cpp:75) [98]  (0.897 ns)
	'store' operation 0 bit ('store_ln42', baseline.cpp:42->baseline.cpp:75) of variable 'add_ln42', baseline.cpp:42->baseline.cpp:75 on local variable 'r', baseline.cpp:42->baseline.cpp:75 [185]  (0.489 ns)

 <State 33>: 6.173ns
The critical path consists of the following:
	'phi' operation 16 bit ('local_sum') with incoming values : ('local_sum', baseline.cpp:47->baseline.cpp:75) [110]  (0.000 ns)
	'mul' operation 50 bit ('mul_ln48', baseline.cpp:48->baseline.cpp:75) [152]  (3.520 ns)
	'sub' operation 49 bit ('sub_ln48', baseline.cpp:48->baseline.cpp:75) [154]  (1.274 ns)
	'select' operation 11 bit ('select_ln48_1', baseline.cpp:48->baseline.cpp:75) [159]  (0.000 ns)
	'sub' operation 12 bit ('sub_ln48_1', baseline.cpp:48->baseline.cpp:75) [161]  (0.948 ns)
	'select' operation 12 bit ('mean', baseline.cpp:48->baseline.cpp:75) [162]  (0.431 ns)

 <State 34>: 2.249ns
The critical path consists of the following:
	'phi' operation 3 bit ('j', baseline.cpp:46->baseline.cpp:75) with incoming values : ('add_ln46', baseline.cpp:46->baseline.cpp:75) [120]  (0.000 ns)
	'add' operation 7 bit ('add_ln47', baseline.cpp:47->baseline.cpp:75) [128]  (0.897 ns)
	'getelementptr' operation 14 bit ('out_addr_2', baseline.cpp:47->baseline.cpp:75) [131]  (0.000 ns)
	'load' operation 16 bit ('out_load_1', baseline.cpp:47->baseline.cpp:75) on array 'in', baseline.cpp:68 [133]  (1.352 ns)

 <State 35>: 2.788ns
The critical path consists of the following:
	'load' operation 16 bit ('out_load_1', baseline.cpp:47->baseline.cpp:75) on array 'in', baseline.cpp:68 [133]  (1.352 ns)
	'add' operation 16 bit ('local_sum', baseline.cpp:47->baseline.cpp:75) [135]  (1.016 ns)
	'select' operation 16 bit ('local_sum', baseline.cpp:47->baseline.cpp:75) [143]  (0.420 ns)

 <State 36>: 4.190ns
The critical path consists of the following:
	'load' operation 16 bit ('out_load', baseline.cpp:49->baseline.cpp:75) on array 'in', baseline.cpp:68 [177]  (1.352 ns)
	'icmp' operation 1 bit ('icmp_ln49', baseline.cpp:49->baseline.cpp:75) [178]  (1.016 ns)
	'select' operation 16 bit ('select_ln49', baseline.cpp:49->baseline.cpp:75) [179]  (0.470 ns)
	'store' operation 0 bit ('store_ln49', baseline.cpp:49->baseline.cpp:75) of variable 'select_ln49', baseline.cpp:49->baseline.cpp:75 on array 'buf1', baseline.cpp:68 [180]  (1.352 ns)

 <State 37>: 0.897ns
The critical path consists of the following:
	'call' operation 0 bit ('call_ln76', baseline.cpp:76) to 'extract_edges_and_profile' [188]  (0.897 ns)


============================================================
+ Verbose Summary: Binding
============================================================
N/A
* FSMD analyzer results:
  - Output states:
 - Input state : 
  - Chain level:
	State 1
	State 2
	State 3
	State 4
	State 5
	State 6
	State 7
	State 8
	State 9
	State 10
	State 11
	State 12
	State 13
	State 14
	State 15
	State 16
	State 17
	State 18
	State 19
	State 20
	State 21
	State 22
	State 23
	State 24
	State 25
	State 26
	State 27
	State 28
	State 29
	State 30
	State 31
	State 32
	State 33
	State 34
	State 35
	State 36
	State 37


============================================================
+ Verbose Summary: Datapath Resource usage 
============================================================
N/A
