

================================================================
== Vitis HLS Report for 'calibrate_sensor'
================================================================
* Date:           Fri Mar 27 23:44:40 2026

* Version:        2025.1.1 (Build 6214317 on Sep 11 2025)
* Project:        project_1
* Solution:       hls (Vivado IP Flow Target)
* Product family: zynquplus
* Target device:  xczu3eg-sbva484-1-e


================================================================
== Performance Estimates
================================================================
+ Timing: 
    * Summary: 
    +--------+----------+----------+------------+
    |  Clock |  Target  | Estimated| Uncertainty|
    +--------+----------+----------+------------+
    |ap_clk  |  10.00 ns|  7.061 ns|     2.70 ns|
    +--------+----------+----------+------------+

+ Latency: 
    * Summary: 
    +---------+---------+----------+----------+-------+-------+---------+
    |  Latency (cycles) |  Latency (absolute) |    Interval   | Pipeline|
    |   min   |   max   |    min   |    max   |  min  |  max  |   Type  |
    +---------+---------+----------+----------+-------+-------+---------+
    |    49409|    49409|  0.494 ms|  0.494 ms|  49409|  49409|       no|
    +---------+---------+----------+----------+-------+-------+---------+

    + Detail: 
        * Instance: 
        N/A

        * Loop: 
        +--------------------+---------+---------+----------+-----------+-----------+------+----------+
        |                    |  Latency (cycles) | Iteration|  Initiation Interval  | Trip |          |
        |      Loop Name     |   min   |   max   |  Latency |  achieved |   target  | Count| Pipelined|
        +--------------------+---------+---------+----------+-----------+-----------+------+----------+
        |- VITIS_LOOP_22_1   |    49408|    49408|       386|          -|          -|   128|        no|
        | + VITIS_LOOP_23_2  |      384|      384|         3|          -|          -|   128|        no|
        +--------------------+---------+---------+----------+-----------+-----------+------+----------+

============================================================
+ Verbose Summary: Synthesis Manager
============================================================
InlineROM: 1
ExposeGlobal: 0
============================================================
+ Verbose Summary: CDFG Model
============================================================
IsTopModel: 0
ResetActiveHigh: 1
IsCombinational: 0
IsDatapathOnly: 0
HasWiredReturn: 1
HasMFsm: 0
HasVarLatency: 1
IsPipeline: 0
IsRtlPipelined: 0
IsInstanceOverlapped: 0
IsDontTouch: 0
HasImplIP: 0
IsGatedGlobalClock: 0


============================================================
+ Verbose Summary: Schedule
============================================================
* Number of FSM states : 5
* Pipeline : 0
* Dataflow Pipeline: 0

* FSM state transitions: 
1 --> 2 
2 --> 3 
3 --> 4 2 
4 --> 5 
5 --> 3 

* FSM state operations: 

State 1 <SV = 0> <Delay = 0.48>
ST_1 : Operation 6 [1/1] (0.00ns)   --->   "%r = alloca i32 1" [baseline.cpp:22]   --->   Operation 6 'alloca' 'r' <Predicate = true> <Delay = 0.00>
ST_1 : Operation 7 [1/1] (0.00ns)   --->   "%offset_val_read = read i4 @_ssdm_op_Read.ap_auto.i4, i4 %offset_val" [baseline.cpp:21]   --->   Operation 7 'read' 'offset_val_read' <Predicate = true> <Delay = 0.00>
ST_1 : Operation 8 [1/1] (0.00ns)   --->   "%gain_val_read = read i9 @_ssdm_op_Read.ap_auto.i9, i9 %gain_val" [baseline.cpp:21]   --->   Operation 8 'read' 'gain_val_read' <Predicate = true> <Delay = 0.00>
ST_1 : Operation 9 [1/1] (0.00ns)   --->   "%gain_val_cast = zext i9 %gain_val_read" [baseline.cpp:21]   --->   Operation 9 'zext' 'gain_val_cast' <Predicate = true> <Delay = 0.00>
ST_1 : Operation 10 [1/1] (0.00ns)   --->   "%shl_i_i16_i = bitconcatenate i12 @_ssdm_op_BitConcatenate.i12.i4.i8, i4 %offset_val_read, i8 0" [baseline.cpp:21]   --->   Operation 10 'bitconcatenate' 'shl_i_i16_i' <Predicate = true> <Delay = 0.00>
ST_1 : Operation 11 [1/1] (0.00ns)   --->   "%zext_ln22 = zext i12 %shl_i_i16_i" [baseline.cpp:22]   --->   Operation 11 'zext' 'zext_ln22' <Predicate = true> <Delay = 0.00>
ST_1 : Operation 12 [1/1] (0.48ns)   --->   "%store_ln22 = store i8 0, i8 %r" [baseline.cpp:22]   --->   Operation 12 'store' 'store_ln22' <Predicate = true> <Delay = 0.48>
ST_1 : Operation 13 [1/1] (0.00ns)   --->   "%br_ln22 = br void %VITIS_LOOP_23_2" [baseline.cpp:22]   --->   Operation 13 'br' 'br_ln22' <Predicate = true> <Delay = 0.00>

State 2 <SV = 1> <Delay = 1.39>
ST_2 : Operation 14 [1/1] (0.00ns)   --->   "%r_2 = load i8 %r" [baseline.cpp:22]   --->   Operation 14 'load' 'r_2' <Predicate = true> <Delay = 0.00>
ST_2 : Operation 15 [1/1] (0.90ns)   --->   "%icmp_ln22 = icmp_eq  i8 %r_2, i8 128" [baseline.cpp:22]   --->   Operation 15 'icmp' 'icmp_ln22' <Predicate = true> <Delay = 0.90> <CoreInst = "Cmp">   --->   Core 9 'Cmp' <Latency = 0> <II = 1> <Delay = 0.90> <FuncUnit> <Opcode : 'seteq' 'setne' 'setle' 'setge' 'setlt' 'setgt'> <InPorts = 2> <OutPorts = 1>
ST_2 : Operation 16 [1/1] (0.90ns)   --->   "%add_ln22 = add i8 %r_2, i8 1" [baseline.cpp:22]   --->   Operation 16 'add' 'add_ln22' <Predicate = true> <Delay = 0.90> <CoreInst = "Adder">   --->   Core 1 'Adder' <Latency = 0> <II = 1> <Delay = 0.90> <FuncUnit> <Opcode : 'add' 'sub'> <InPorts = 2> <OutPorts = 1>
ST_2 : Operation 17 [1/1] (0.00ns)   --->   "%br_ln22 = br i1 %icmp_ln22, void %VITIS_LOOP_23_2.split, void %for.end14" [baseline.cpp:22]   --->   Operation 17 'br' 'br_ln22' <Predicate = true> <Delay = 0.00>
ST_2 : Operation 18 [1/1] (0.00ns)   --->   "%trunc_ln22 = trunc i8 %r_2" [baseline.cpp:22]   --->   Operation 18 'trunc' 'trunc_ln22' <Predicate = (!icmp_ln22)> <Delay = 0.00>
ST_2 : Operation 19 [1/1] (0.00ns)   --->   "%tmp_7 = bitconcatenate i14 @_ssdm_op_BitConcatenate.i14.i7.i7, i7 %trunc_ln22, i7 0" [baseline.cpp:24]   --->   Operation 19 'bitconcatenate' 'tmp_7' <Predicate = (!icmp_ln22)> <Delay = 0.00>
ST_2 : Operation 20 [1/1] (0.00ns)   --->   "%speclooptripcount_ln22 = speclooptripcount void @_ssdm_op_SpecLoopTripCount, i64 128, i64 128, i64 128" [baseline.cpp:22]   --->   Operation 20 'speclooptripcount' 'speclooptripcount_ln22' <Predicate = (!icmp_ln22)> <Delay = 0.00>
ST_2 : Operation 21 [1/1] (0.00ns)   --->   "%specloopname_ln22 = specloopname void @_ssdm_op_SpecLoopName, void @empty_2" [baseline.cpp:22]   --->   Operation 21 'specloopname' 'specloopname_ln22' <Predicate = (!icmp_ln22)> <Delay = 0.00>
ST_2 : Operation 22 [1/1] (0.48ns)   --->   "%br_ln23 = br void %for.body4" [baseline.cpp:23]   --->   Operation 22 'br' 'br_ln23' <Predicate = (!icmp_ln22)> <Delay = 0.48>
ST_2 : Operation 23 [1/1] (0.00ns)   --->   "%ret_ln28 = ret" [baseline.cpp:28]   --->   Operation 23 'ret' 'ret_ln28' <Predicate = (icmp_ln22)> <Delay = 0.00>

State 3 <SV = 2> <Delay = 2.34>
ST_3 : Operation 24 [1/1] (0.00ns)   --->   "%c = phi i8 0, void %VITIS_LOOP_23_2.split, i8 %add_ln23, void %for.body4.split" [baseline.cpp:23]   --->   Operation 24 'phi' 'c' <Predicate = true> <Delay = 0.00>
ST_3 : Operation 25 [1/1] (0.90ns)   --->   "%icmp_ln23 = icmp_eq  i8 %c, i8 128" [baseline.cpp:23]   --->   Operation 25 'icmp' 'icmp_ln23' <Predicate = true> <Delay = 0.90> <CoreInst = "Cmp">   --->   Core 9 'Cmp' <Latency = 0> <II = 1> <Delay = 0.90> <FuncUnit> <Opcode : 'seteq' 'setne' 'setle' 'setge' 'setlt' 'setgt'> <InPorts = 2> <OutPorts = 1>
ST_3 : Operation 26 [1/1] (0.90ns)   --->   "%add_ln23 = add i8 %c, i8 1" [baseline.cpp:23]   --->   Operation 26 'add' 'add_ln23' <Predicate = true> <Delay = 0.90> <CoreInst = "Adder">   --->   Core 1 'Adder' <Latency = 0> <II = 1> <Delay = 0.90> <FuncUnit> <Opcode : 'add' 'sub'> <InPorts = 2> <OutPorts = 1>
ST_3 : Operation 27 [1/1] (0.00ns)   --->   "%br_ln23 = br i1 %icmp_ln23, void %for.body4.split, void %for.inc12" [baseline.cpp:23]   --->   Operation 27 'br' 'br_ln23' <Predicate = true> <Delay = 0.00>
ST_3 : Operation 28 [1/1] (0.00ns)   --->   "%zext_ln24_1 = zext i8 %c" [baseline.cpp:24]   --->   Operation 28 'zext' 'zext_ln24_1' <Predicate = (!icmp_ln23)> <Delay = 0.00>
ST_3 : Operation 29 [1/1] (0.98ns)   --->   "%add_ln24_1 = add i14 %tmp_7, i14 %zext_ln24_1" [baseline.cpp:24]   --->   Operation 29 'add' 'add_ln24_1' <Predicate = (!icmp_ln23)> <Delay = 0.98> <CoreInst = "Adder">   --->   Core 1 'Adder' <Latency = 0> <II = 1> <Delay = 0.98> <FuncUnit> <Opcode : 'add' 'sub'> <InPorts = 2> <OutPorts = 1>
ST_3 : Operation 30 [1/1] (0.00ns)   --->   "%zext_ln24_2 = zext i14 %add_ln24_1" [baseline.cpp:24]   --->   Operation 30 'zext' 'zext_ln24_2' <Predicate = (!icmp_ln23)> <Delay = 0.00>
ST_3 : Operation 31 [1/1] (0.00ns)   --->   "%input_addr = getelementptr i16 %input_r, i64 0, i64 %zext_ln24_2" [baseline.cpp:24]   --->   Operation 31 'getelementptr' 'input_addr' <Predicate = (!icmp_ln23)> <Delay = 0.00>
ST_3 : Operation 32 [2/2] (1.35ns)   --->   "%input_load = load i14 %input_addr" [baseline.cpp:24]   --->   Operation 32 'load' 'input_load' <Predicate = (!icmp_ln23)> <Delay = 1.35> <CoreInst = "RAM">   --->   Core 82 'RAM' <Latency = 1> <II = 1> <Delay = 1.35> <Storage> <Opcode : 'load' 'store'> <Ports = 2> <Width = 16> <Depth = 16384> <RAM>
ST_3 : Operation 33 [1/1] (0.48ns)   --->   "%store_ln22 = store i8 %add_ln22, i8 %r" [baseline.cpp:22]   --->   Operation 33 'store' 'store_ln22' <Predicate = (icmp_ln23)> <Delay = 0.48>
ST_3 : Operation 34 [1/1] (0.00ns)   --->   "%br_ln22 = br void %VITIS_LOOP_23_2" [baseline.cpp:22]   --->   Operation 34 'br' 'br_ln22' <Predicate = (icmp_ln23)> <Delay = 0.00>

State 4 <SV = 3> <Delay = 7.06>
ST_4 : Operation 35 [1/2] ( I:1.35ns O:1.35ns )   --->   "%input_load = load i14 %input_addr" [baseline.cpp:24]   --->   Operation 35 'load' 'input_load' <Predicate = true> <Delay = 1.35> <CoreInst = "RAM">   --->   Core 82 'RAM' <Latency = 1> <II = 1> <Delay = 1.35> <Storage> <Opcode : 'load' 'store'> <Ports = 2> <Width = 16> <Depth = 16384> <RAM>
ST_4 : Operation 36 [1/1] (0.00ns)   --->   "%sext_ln24 = sext i16 %input_load" [baseline.cpp:24]   --->   Operation 36 'sext' 'sext_ln24' <Predicate = true> <Delay = 0.00>
ST_4 : Operation 37 [1/1] (2.91ns)   --->   "%mul_ln24 = mul i25 %sext_ln24, i25 %gain_val_cast" [baseline.cpp:24]   --->   Operation 37 'mul' 'mul_ln24' <Predicate = true> <Delay = 2.91> <CoreInst = "Multiplier">   --->   Core 3 'Multiplier' <Latency = 0> <II = 1> <Delay = 2.91> <FuncUnit> <Opcode : 'mul'> <InPorts = 2> <OutPorts = 1>
ST_4 : Operation 38 [1/1] (1.12ns)   --->   "%add_ln24 = add i25 %zext_ln22, i25 %mul_ln24" [baseline.cpp:24]   --->   Operation 38 'add' 'add_ln24' <Predicate = true> <Delay = 1.12> <CoreInst = "Adder">   --->   Core 1 'Adder' <Latency = 0> <II = 1> <Delay = 1.12> <FuncUnit> <Opcode : 'add' 'sub'> <InPorts = 2> <OutPorts = 1>
ST_4 : Operation 39 [1/1] (0.00ns)   --->   "%tmp = bitselect i1 @_ssdm_op_BitSelect.i1.i25.i32, i25 %add_ln24, i32 24" [baseline.cpp:24]   --->   Operation 39 'bitselect' 'tmp' <Predicate = true> <Delay = 0.00>
ST_4 : Operation 40 [1/1] (0.00ns)   --->   "%val = partselect i16 @_ssdm_op_PartSelect.i16.i25.i32.i32, i25 %add_ln24, i32 8, i32 23" [baseline.cpp:24]   --->   Operation 40 'partselect' 'val' <Predicate = true> <Delay = 0.00>
ST_4 : Operation 41 [1/1] (0.00ns)   --->   "%tmp_4 = bitselect i1 @_ssdm_op_BitSelect.i1.i25.i32, i25 %mul_ln24, i32 7" [baseline.cpp:24]   --->   Operation 41 'bitselect' 'tmp_4' <Predicate = true> <Delay = 0.00>
ST_4 : Operation 42 [1/1] (0.00ns)   --->   "%tmp_5 = bitselect i1 @_ssdm_op_BitSelect.i1.i25.i32, i25 %add_ln24, i32 23" [baseline.cpp:24]   --->   Operation 42 'bitselect' 'tmp_5' <Predicate = true> <Delay = 0.00>
ST_4 : Operation 43 [1/1] (0.00ns)   --->   "%zext_ln24 = zext i1 %tmp_4" [baseline.cpp:24]   --->   Operation 43 'zext' 'zext_ln24' <Predicate = true> <Delay = 0.00>
ST_4 : Operation 44 [1/1] (1.01ns)   --->   "%val_1 = add i16 %val, i16 %zext_ln24" [baseline.cpp:24]   --->   Operation 44 'add' 'val_1' <Predicate = true> <Delay = 1.01> <CoreInst = "Adder">   --->   Core 1 'Adder' <Latency = 0> <II = 1> <Delay = 1.01> <FuncUnit> <Opcode : 'add' 'sub'> <InPorts = 2> <OutPorts = 1>
ST_4 : Operation 45 [1/1] (0.00ns)   --->   "%tmp_6 = bitselect i1 @_ssdm_op_BitSelect.i1.i16.i32, i16 %val_1, i32 15" [baseline.cpp:24]   --->   Operation 45 'bitselect' 'tmp_6' <Predicate = true> <Delay = 0.00>
ST_4 : Operation 46 [1/1] (0.00ns) (grouped into LUT with out node or_ln24_1)   --->   "%xor_ln24 = xor i1 %tmp_6, i1 1" [baseline.cpp:24]   --->   Operation 46 'xor' 'xor_ln24' <Predicate = true> <Delay = 0.00> <CoreInst = "LogicGate">   --->   Core 74 'LogicGate' <Latency = 0> <II = 1> <Delay = 0.33> <FuncUnit> <Opcode : 'and' 'or' 'xor'> <InPorts = 2> <OutPorts = 1>
ST_4 : Operation 47 [1/1] (0.00ns) (grouped into LUT with out node or_ln24_1)   --->   "%and_ln24 = and i1 %tmp_5, i1 %xor_ln24" [baseline.cpp:24]   --->   Operation 47 'and' 'and_ln24' <Predicate = true> <Delay = 0.00> <CoreInst = "LogicGate">   --->   Core 74 'LogicGate' <Latency = 0> <II = 1> <Delay = 0.33> <FuncUnit> <Opcode : 'and' 'or' 'xor'> <InPorts = 2> <OutPorts = 1>
ST_4 : Operation 48 [1/1] (0.00ns) (grouped into LUT with out node and_ln24_1)   --->   "%xor_ln24_2 = xor i1 %tmp_5, i1 1" [baseline.cpp:24]   --->   Operation 48 'xor' 'xor_ln24_2' <Predicate = true> <Delay = 0.00> <CoreInst = "LogicGate">   --->   Core 74 'LogicGate' <Latency = 0> <II = 1> <Delay = 0.33> <FuncUnit> <Opcode : 'and' 'or' 'xor'> <InPorts = 2> <OutPorts = 1>
ST_4 : Operation 49 [1/1] (0.00ns) (grouped into LUT with out node and_ln24_1)   --->   "%or_ln24_2 = or i1 %tmp_6, i1 %xor_ln24_2" [baseline.cpp:24]   --->   Operation 49 'or' 'or_ln24_2' <Predicate = true> <Delay = 0.00> <CoreInst = "LogicGate">   --->   Core 74 'LogicGate' <Latency = 0> <II = 1> <Delay = 0.33> <FuncUnit> <Opcode : 'and' 'or' 'xor'> <InPorts = 2> <OutPorts = 1>
ST_4 : Operation 50 [1/1] (0.00ns) (grouped into LUT with out node and_ln24_1)   --->   "%xor_ln24_4 = xor i1 %tmp, i1 %or_ln24_2" [baseline.cpp:24]   --->   Operation 50 'xor' 'xor_ln24_4' <Predicate = true> <Delay = 0.00> <CoreInst = "LogicGate">   --->   Core 74 'LogicGate' <Latency = 0> <II = 1> <Delay = 0.33> <FuncUnit> <Opcode : 'and' 'or' 'xor'> <InPorts = 2> <OutPorts = 1>
ST_4 : Operation 51 [1/1] (0.00ns) (grouped into LUT with out node and_ln24_1)   --->   "%xor_ln24_1 = xor i1 %tmp, i1 1" [baseline.cpp:24]   --->   Operation 51 'xor' 'xor_ln24_1' <Predicate = true> <Delay = 0.00> <CoreInst = "LogicGate">   --->   Core 74 'LogicGate' <Latency = 0> <II = 1> <Delay = 0.33> <FuncUnit> <Opcode : 'and' 'or' 'xor'> <InPorts = 2> <OutPorts = 1>
ST_4 : Operation 52 [1/1] (0.00ns) (grouped into LUT with out node and_ln24_1)   --->   "%xor_ln24_3 = xor i1 %xor_ln24_4, i1 1" [baseline.cpp:24]   --->   Operation 52 'xor' 'xor_ln24_3' <Predicate = true> <Delay = 0.00> <CoreInst = "LogicGate">   --->   Core 74 'LogicGate' <Latency = 0> <II = 1> <Delay = 0.33> <FuncUnit> <Opcode : 'and' 'or' 'xor'> <InPorts = 2> <OutPorts = 1>
ST_4 : Operation 53 [1/1] (0.00ns) (grouped into LUT with out node and_ln24_1)   --->   "%or_ln24 = or i1 %tmp_6, i1 %xor_ln24_3" [baseline.cpp:24]   --->   Operation 53 'or' 'or_ln24' <Predicate = true> <Delay = 0.00> <CoreInst = "LogicGate">   --->   Core 74 'LogicGate' <Latency = 0> <II = 1> <Delay = 0.33> <FuncUnit> <Opcode : 'and' 'or' 'xor'> <InPorts = 2> <OutPorts = 1>
ST_4 : Operation 54 [1/1] (0.33ns) (out node of the LUT)   --->   "%and_ln24_1 = and i1 %or_ln24, i1 %xor_ln24_1" [baseline.cpp:24]   --->   Operation 54 'and' 'and_ln24_1' <Predicate = true> <Delay = 0.33> <CoreInst = "LogicGate">   --->   Core 74 'LogicGate' <Latency = 0> <II = 1> <Delay = 0.33> <FuncUnit> <Opcode : 'and' 'or' 'xor'> <InPorts = 2> <OutPorts = 1>
ST_4 : Operation 55 [1/1] (0.00ns) (grouped into LUT with out node or_ln24_1)   --->   "%or_ln24_3 = or i1 %and_ln24, i1 %tmp_6" [baseline.cpp:24]   --->   Operation 55 'or' 'or_ln24_3' <Predicate = true> <Delay = 0.00> <CoreInst = "LogicGate">   --->   Core 74 'LogicGate' <Latency = 0> <II = 1> <Delay = 0.33> <FuncUnit> <Opcode : 'and' 'or' 'xor'> <InPorts = 2> <OutPorts = 1>
ST_4 : Operation 56 [1/1] (0.00ns) (grouped into LUT with out node or_ln24_1)   --->   "%xor_ln24_5 = xor i1 %or_ln24_3, i1 1" [baseline.cpp:24]   --->   Operation 56 'xor' 'xor_ln24_5' <Predicate = true> <Delay = 0.00> <CoreInst = "LogicGate">   --->   Core 74 'LogicGate' <Latency = 0> <II = 1> <Delay = 0.33> <FuncUnit> <Opcode : 'and' 'or' 'xor'> <InPorts = 2> <OutPorts = 1>
ST_4 : Operation 57 [1/1] (0.00ns) (grouped into LUT with out node or_ln24_1)   --->   "%and_ln24_2 = and i1 %tmp, i1 %xor_ln24_5" [baseline.cpp:24]   --->   Operation 57 'and' 'and_ln24_2' <Predicate = true> <Delay = 0.00> <CoreInst = "LogicGate">   --->   Core 74 'LogicGate' <Latency = 0> <II = 1> <Delay = 0.33> <FuncUnit> <Opcode : 'and' 'or' 'xor'> <InPorts = 2> <OutPorts = 1>
ST_4 : Operation 58 [1/1] (0.33ns) (out node of the LUT)   --->   "%or_ln24_1 = or i1 %and_ln24_1, i1 %and_ln24_2" [baseline.cpp:24]   --->   Operation 58 'or' 'or_ln24_1' <Predicate = true> <Delay = 0.33> <CoreInst = "LogicGate">   --->   Core 74 'LogicGate' <Latency = 0> <II = 1> <Delay = 0.33> <FuncUnit> <Opcode : 'and' 'or' 'xor'> <InPorts = 2> <OutPorts = 1>

State 5 <SV = 4> <Delay = 2.25>
ST_5 : Operation 59 [1/1] (0.00ns)   --->   "%output_addr = getelementptr i15 %output_r, i64 0, i64 %zext_ln24_2" [baseline.cpp:25]   --->   Operation 59 'getelementptr' 'output_addr' <Predicate = true> <Delay = 0.00>
ST_5 : Operation 60 [1/1] (0.00ns)   --->   "%speclooptripcount_ln23 = speclooptripcount void @_ssdm_op_SpecLoopTripCount, i64 128, i64 128, i64 128" [baseline.cpp:23]   --->   Operation 60 'speclooptripcount' 'speclooptripcount_ln23' <Predicate = true> <Delay = 0.00>
ST_5 : Operation 61 [1/1] (0.00ns)   --->   "%specloopname_ln23 = specloopname void @_ssdm_op_SpecLoopName, void @empty" [baseline.cpp:23]   --->   Operation 61 'specloopname' 'specloopname_ln23' <Predicate = true> <Delay = 0.00>
ST_5 : Operation 62 [1/1] (0.00ns) (grouped into LUT with out node val_2)   --->   "%select_ln24 = select i1 %and_ln24_1, i16 32767, i16 32768" [baseline.cpp:24]   --->   Operation 62 'select' 'select_ln24' <Predicate = (or_ln24_1)> <Delay = 0.00> <CoreInst = "Sel">   --->   Core 73 'Sel' <Latency = 0> <II = 1> <Delay = 0.42> <FuncUnit> <Opcode : 'select'> <InPorts = 3> <OutPorts = 1>
ST_5 : Operation 63 [1/1] (0.42ns) (out node of the LUT)   --->   "%val_2 = select i1 %or_ln24_1, i16 %select_ln24, i16 %val_1" [baseline.cpp:24]   --->   Operation 63 'select' 'val_2' <Predicate = true> <Delay = 0.42> <CoreInst = "Sel">   --->   Core 73 'Sel' <Latency = 0> <II = 1> <Delay = 0.42> <FuncUnit> <Opcode : 'select'> <InPorts = 3> <OutPorts = 1>
ST_5 : Operation 64 [1/1] (0.00ns)   --->   "%trunc_ln24 = trunc i16 %val_2" [baseline.cpp:24]   --->   Operation 64 'trunc' 'trunc_ln24' <Predicate = true> <Delay = 0.00>
ST_5 : Operation 65 [1/1] (0.00ns)   --->   "%tmp_8 = bitselect i1 @_ssdm_op_BitSelect.i1.i16.i32, i16 %val_2, i32 15" [baseline.cpp:25]   --->   Operation 65 'bitselect' 'tmp_8' <Predicate = true> <Delay = 0.00>
ST_5 : Operation 66 [1/1] (0.48ns)   --->   "%select_ln25 = select i1 %tmp_8, i15 0, i15 %trunc_ln24" [baseline.cpp:25]   --->   Operation 66 'select' 'select_ln25' <Predicate = true> <Delay = 0.48> <CoreInst = "Sel">   --->   Core 73 'Sel' <Latency = 0> <II = 1> <Delay = 0.48> <FuncUnit> <Opcode : 'select'> <InPorts = 3> <OutPorts = 1>
ST_5 : Operation 67 [1/1] ( I:1.35ns O:1.35ns )   --->   "%store_ln25 = store i15 %select_ln25, i14 %output_addr" [baseline.cpp:25]   --->   Operation 67 'store' 'store_ln25' <Predicate = true> <Delay = 1.35> <CoreInst = "RAM">   --->   Core 82 'RAM' <Latency = 1> <II = 1> <Delay = 1.35> <Storage> <Opcode : 'load' 'store'> <Ports = 2> <Width = 15> <Depth = 16384> <RAM>
ST_5 : Operation 68 [1/1] (0.00ns)   --->   "%br_ln23 = br void %for.body4" [baseline.cpp:23]   --->   Operation 68 'br' 'br_ln23' <Predicate = true> <Delay = 0.00>


============================================================
+ Verbose Summary: Timing violations
============================================================
Target clock period: 10.000ns, clock uncertainty: 2.700ns.

 <State 1>: 0.489ns
The critical path consists of the following:
	'alloca' operation 8 bit ('r', baseline.cpp:22) [5]  (0.000 ns)
	'store' operation 0 bit ('store_ln22', baseline.cpp:22) of constant 0 on local variable 'r', baseline.cpp:22 [11]  (0.489 ns)

 <State 2>: 1.396ns
The critical path consists of the following:
	'load' operation 8 bit ('r', baseline.cpp:22) on local variable 'r', baseline.cpp:22 [14]  (0.000 ns)
	'icmp' operation 1 bit ('icmp_ln22', baseline.cpp:22) [15]  (0.907 ns)
	blocking operation 0.489 ns on control path)

 <State 3>: 2.341ns
The critical path consists of the following:
	'phi' operation 8 bit ('c', baseline.cpp:23) with incoming values : ('add_ln23', baseline.cpp:23) [25]  (0.000 ns)
	'add' operation 14 bit ('add_ln24_1', baseline.cpp:24) [31]  (0.989 ns)
	'getelementptr' operation 14 bit ('input_addr', baseline.cpp:24) [33]  (0.000 ns)
	'load' operation 16 bit ('input_load', baseline.cpp:24) on array 'input_r' [37]  (1.352 ns)

 <State 4>: 7.061ns
The critical path consists of the following:
	'load' operation 16 bit ('input_load', baseline.cpp:24) on array 'input_r' [37]  (1.352 ns)
	'mul' operation 25 bit ('mul_ln24', baseline.cpp:24) [39]  (2.910 ns)
	'add' operation 25 bit ('add_ln24', baseline.cpp:24) [40]  (1.121 ns)
	'add' operation 16 bit ('val', baseline.cpp:24) [46]  (1.016 ns)
	'or' operation 1 bit ('or_ln24', baseline.cpp:24) [55]  (0.000 ns)
	'and' operation 1 bit ('and_ln24_1', baseline.cpp:24) [56]  (0.331 ns)
	'or' operation 1 bit ('or_ln24_1', baseline.cpp:24) [61]  (0.331 ns)

 <State 5>: 2.256ns
The critical path consists of the following:
	'select' operation 16 bit ('select_ln24', baseline.cpp:24) [60]  (0.000 ns)
	'select' operation 16 bit ('val', baseline.cpp:24) [62]  (0.420 ns)
	'select' operation 15 bit ('select_ln25', baseline.cpp:25) [65]  (0.484 ns)
	'store' operation 0 bit ('store_ln25', baseline.cpp:25) of variable 'select_ln25', baseline.cpp:25 on array 'output_r' [66]  (1.352 ns)


============================================================
+ Verbose Summary: Binding
============================================================
N/A
* FSMD analyzer results:
  - Output states:
 - Input state : 
  - Chain level:
	State 1
	State 2
	State 3
	State 4
	State 5


============================================================
+ Verbose Summary: Datapath Resource usage 
============================================================
N/A
