

================================================================
== Vitis HLS Report for 'calibrate_sensor'
================================================================
* Date:           Fri Mar 27 23:44:40 2026

* Version:        2025.1.1 (Build 6214317 on Sep 11 2025)
* Project:        project_1
* Solution:       hls (Vivado IP Flow Target)
* Product family: zynquplus
* Target device:  xczu3eg-sbva484-1-e


================================================================
== Performance Estimates
================================================================
+ Timing: 
    * Summary: 
    +--------+----------+----------+------------+
    |  Clock |  Target  | Estimated| Uncertainty|
    +--------+----------+----------+------------+
    |ap_clk  |  10.00 ns|  7.061 ns|     2.70 ns|
    +--------+----------+----------+------------+

+ Latency: 
    * Summary: 
    +---------+---------+----------+----------+-------+-------+---------+
    |  Latency (cycles) |  Latency (absolute) |    Interval   | Pipeline|
    |   min   |   max   |    min   |    max   |  min  |  max  |   Type  |
    +---------+---------+----------+----------+-------+-------+---------+
    |    49409|    49409|  0.494 ms|  0.494 ms|  49409|  49409|       no|
    +---------+---------+----------+----------+-------+-------+---------+

    + Detail: 
        * Instance: 
        N/A

        * Loop: 
        +--------------------+---------+---------+----------+-----------+-----------+------+----------+
        |                    |  Latency (cycles) | Iteration|  Initiation Interval  | Trip |          |
        |      Loop Name     |   min   |   max   |  Latency |  achieved |   target  | Count| Pipelined|
        +--------------------+---------+---------+----------+-----------+-----------+------+----------+
        |- VITIS_LOOP_22_1   |    49408|    49408|       386|          -|          -|   128|        no|
        | + VITIS_LOOP_23_2  |      384|      384|         3|          -|          -|   128|        no|
        +--------------------+---------+---------+----------+-----------+-----------+------+----------+



================================================================
== Utilization Estimates
================================================================
* Summary: 
+-----------------+---------+-----+--------+-------+-----+
|       Name      | BRAM_18K| DSP |   FF   |  LUT  | URAM|
+-----------------+---------+-----+--------+-------+-----+
|DSP              |        -|    -|       -|      -|    -|
|Expression       |        -|    -|       0|    212|    -|
|FIFO             |        -|    -|       -|      -|    -|
|Instance         |        -|    1|       0|      5|    -|
|Memory           |        -|    -|       -|      -|    -|
|Multiplexer      |        -|    -|       0|     49|    -|
|Register         |        -|    -|      89|      -|    -|
+-----------------+---------+-----+--------+-------+-----+
|Total            |        0|    1|      89|    266|    0|
+-----------------+---------+-----+--------+-------+-----+
|Available        |      432|  360|  141120|  70560|    0|
+-----------------+---------+-----+--------+-------+-----+
|Utilization (%)  |        0|   ~0|      ~0|     ~0|    0|
+-----------------+---------+-----+--------+-------+-----+

+ Detail: 
    * Instance: 
    +-----------------------+--------------------+---------+----+---+----+-----+
    |        Instance       |       Module       | BRAM_18K| DSP| FF| LUT| URAM|
    +-----------------------+--------------------+---------+----+---+----+-----+
    |mul_16s_9ns_25_1_1_U5  |mul_16s_9ns_25_1_1  |        0|   1|  0|   5|    0|
    +-----------------------+--------------------+---------+----+---+----+-----+
    |Total                  |                    |        0|   1|  0|   5|    0|
    +-----------------------+--------------------+---------+----+---+----+-----+

    * DSP: 
    N/A

    * Memory: 
    N/A

    * FIFO: 
    N/A

    * Expression: 
    +-----------------------+----------+----+---+----+------------+------------+
    |     Variable Name     | Operation| DSP| FF| LUT| Bitwidth P0| Bitwidth P1|
    +-----------------------+----------+----+---+----+------------+------------+
    |add_ln22_fu_145_p2     |         +|   0|  0|  15|           8|           1|
    |add_ln23_fu_169_p2     |         +|   0|  0|  15|           8|           1|
    |add_ln24_1_fu_179_p2   |         +|   0|  0|  21|          14|          14|
    |add_ln24_fu_202_p2     |         +|   0|  0|  32|          25|          25|
    |val_1_fu_245_p2        |         +|   0|  0|  23|          16|          16|
    |and_ln24_1_fu_307_p2   |       and|   0|  0|   2|           1|           1|
    |and_ln24_2_fu_325_p2   |       and|   0|  0|   2|           1|           1|
    |and_ln24_fu_265_p2     |       and|   0|  0|   2|           1|           1|
    |icmp_ln22_fu_139_p2    |      icmp|   0|  0|  16|           8|           9|
    |icmp_ln23_fu_163_p2    |      icmp|   0|  0|  16|           8|           9|
    |or_ln24_1_fu_331_p2    |        or|   0|  0|   2|           1|           1|
    |or_ln24_2_fu_277_p2    |        or|   0|  0|   2|           1|           1|
    |or_ln24_3_fu_313_p2    |        or|   0|  0|   2|           1|           1|
    |or_ln24_fu_301_p2      |        or|   0|  0|   2|           1|           1|
    |select_ln24_fu_337_p3  |    select|   0|  0|  17|           1|          15|
    |select_ln25_fu_362_p3  |    select|   0|  0|  15|           1|           1|
    |val_2_fu_344_p3        |    select|   0|  0|  16|           1|          16|
    |xor_ln24_1_fu_289_p2   |       xor|   0|  0|   2|           1|           2|
    |xor_ln24_2_fu_271_p2   |       xor|   0|  0|   2|           1|           2|
    |xor_ln24_3_fu_295_p2   |       xor|   0|  0|   2|           1|           2|
    |xor_ln24_4_fu_283_p2   |       xor|   0|  0|   2|           1|           1|
    |xor_ln24_5_fu_319_p2   |       xor|   0|  0|   2|           1|           2|
    |xor_ln24_fu_259_p2     |       xor|   0|  0|   2|           1|           2|
    +-----------------------+----------+----+---+----+------------+------------+
    |Total                  |          |   0|  0| 212|         103|         125|
    +-----------------------+----------+----+---+----+------------+------------+

    * Multiplexer: 
    +-----------+----+-----------+-----+-----------+
    |    Name   | LUT| Input Size| Bits| Total Bits|
    +-----------+----+-----------+-----+-----------+
    |ap_NS_fsm  |  31|          6|    1|          6|
    |c_reg_104  |   9|          2|    8|         16|
    |r_fu_62    |   9|          2|    8|         16|
    +-----------+----+-----------+-----+-----------+
    |Total      |  49|         10|   17|         38|
    +-----------+----+-----------+-----+-----------+

    * Register: 
    +-----------------------+----+----+-----+-----------+
    |          Name         | FF | LUT| Bits| Const Bits|
    +-----------------------+----+----+-----+-----------+
    |add_ln22_reg_391       |   8|   0|    8|          0|
    |add_ln23_reg_404       |   8|   0|    8|          0|
    |and_ln24_1_reg_424     |   1|   0|    1|          0|
    |ap_CS_fsm              |   5|   0|    5|          0|
    |c_reg_104              |   8|   0|    8|          0|
    |gain_val_cast_reg_378  |   9|   0|   25|         16|
    |or_ln24_1_reg_429      |   1|   0|    1|          0|
    |r_fu_62                |   8|   0|    8|          0|
    |tmp_7_reg_396          |   7|   0|   14|          7|
    |val_1_reg_419          |  16|   0|   16|          0|
    |zext_ln22_reg_383      |   4|   0|   25|         21|
    |zext_ln24_2_reg_409    |  14|   0|   64|         50|
    +-----------------------+----+----+-----+-----------+
    |Total                  |  89|   0|  183|         94|
    +-----------------------+----+----+-----+-----------+



================================================================
== Interface
================================================================
* Summary: 
+-------------------+-----+-----+------------+------------------+--------------+
|     RTL Ports     | Dir | Bits|  Protocol  |   Source Object  |    C Type    |
+-------------------+-----+-----+------------+------------------+--------------+
|ap_clk             |   in|    1|  ap_ctrl_hs|  calibrate_sensor|  return value|
|ap_rst             |   in|    1|  ap_ctrl_hs|  calibrate_sensor|  return value|
|ap_start           |   in|    1|  ap_ctrl_hs|  calibrate_sensor|  return value|
|ap_done            |  out|    1|  ap_ctrl_hs|  calibrate_sensor|  return value|
|ap_idle            |  out|    1|  ap_ctrl_hs|  calibrate_sensor|  return value|
|ap_ready           |  out|    1|  ap_ctrl_hs|  calibrate_sensor|  return value|
|input_r_address0   |  out|   14|   ap_memory|           input_r|         array|
|input_r_ce0        |  out|    1|   ap_memory|           input_r|         array|
|input_r_q0         |   in|   16|   ap_memory|           input_r|         array|
|output_r_address0  |  out|   14|   ap_memory|          output_r|         array|
|output_r_ce0       |  out|    1|   ap_memory|          output_r|         array|
|output_r_we0       |  out|    1|   ap_memory|          output_r|         array|
|output_r_d0        |  out|   15|   ap_memory|          output_r|         array|
|gain_val           |   in|    9|     ap_none|          gain_val|        scalar|
|offset_val         |   in|    4|     ap_none|        offset_val|        scalar|
+-------------------+-----+-----+------------+------------------+--------------+

============================================================
+ Verbose Summary: Synthesis Manager
============================================================
InlineROM: 1
ExposeGlobal: 0
============================================================
+ Verbose Summary: CDFG Model
============================================================
IsTopModel: 0
ResetActiveHigh: 1
IsCombinational: 2
IsDatapathOnly: 2
HasWiredReturn: 1
HasMFsm: 0
HasVarLatency: 1
IsPipeline: 0
IsRtlPipelined: 0
IsInstanceOverlapped: 0
IsDontTouch: 0
HasImplIP: 0
IsGatedGlobalClock: 0


============================================================
+ Verbose Summary: Schedule
============================================================
* Number of FSM states : 5
* Pipeline : 0
* Dataflow Pipeline: 0

* FSM state transitions: 
1 --> 2 
2 --> 3 
3 --> 4 2 
4 --> 5 
5 --> 3 

* FSM state operations: 

State 1 <SV = 0> <Delay = 0.48>
ST_1 : Operation 6 [1/1] (0.00ns)   --->   "%r = alloca i32 1" [baseline.cpp:22]   --->   Operation 6 'alloca' 'r' <Predicate = true> <Delay = 0.00>
ST_1 : Operation 7 [1/1] (0.00ns)   --->   "%offset_val_read = read i4 @_ssdm_op_Read.ap_auto.i4, i4 %offset_val" [baseline.cpp:21]   --->   Operation 7 'read' 'offset_val_read' <Predicate = true> <Delay = 0.00>
ST_1 : Operation 8 [1/1] (0.00ns)   --->   "%gain_val_read = read i9 @_ssdm_op_Read.ap_auto.i9, i9 %gain_val" [baseline.cpp:21]   --->   Operation 8 'read' 'gain_val_read' <Predicate = true> <Delay = 0.00>
ST_1 : Operation 9 [1/1] (0.00ns)   --->   "%gain_val_cast = zext i9 %gain_val_read" [baseline.cpp:21]   --->   Operation 9 'zext' 'gain_val_cast' <Predicate = true> <Delay = 0.00>
ST_1 : Operation 10 [1/1] (0.00ns)   --->   "%shl_i_i16_i = bitconcatenate i12 @_ssdm_op_BitConcatenate.i12.i4.i8, i4 %offset_val_read, i8 0" [baseline.cpp:21]   --->   Operation 10 'bitconcatenate' 'shl_i_i16_i' <Predicate = true> <Delay = 0.00>
ST_1 : Operation 11 [1/1] (0.00ns)   --->   "%zext_ln22 = zext i12 %shl_i_i16_i" [baseline.cpp:22]   --->   Operation 11 'zext' 'zext_ln22' <Predicate = true> <Delay = 0.00>
ST_1 : Operation 12 [1/1] (0.48ns)   --->   "%store_ln22 = store i8 0, i8 %r" [baseline.cpp:22]   --->   Operation 12 'store' 'store_ln22' <Predicate = true> <Delay = 0.48>
ST_1 : Operation 13 [1/1] (0.00ns)   --->   "%br_ln22 = br void %VITIS_LOOP_23_2" [baseline.cpp:22]   --->   Operation 13 'br' 'br_ln22' <Predicate = true> <Delay = 0.00>

State 2 <SV = 1> <Delay = 1.39>
ST_2 : Operation 14 [1/1] (0.00ns)   --->   "%r_2 = load i8 %r" [baseline.cpp:22]   --->   Operation 14 'load' 'r_2' <Predicate = true> <Delay = 0.00>
ST_2 : Operation 15 [1/1] (0.90ns)   --->   "%icmp_ln22 = icmp_eq  i8 %r_2, i8 128" [baseline.cpp:22]   --->   Operation 15 'icmp' 'icmp_ln22' <Predicate = true> <Delay = 0.90> <CoreInst = "Cmp">   --->   Core 9 'Cmp' <Latency = 0> <II = 1> <Delay = 0.92> <FuncUnit> <Opcode : 'seteq' 'setne' 'setle' 'setge' 'setlt' 'setgt'> <InPorts = 2> <OutPorts = 1>
ST_2 : Operation 16 [1/1] (0.90ns)   --->   "%add_ln22 = add i8 %r_2, i8 1" [baseline.cpp:22]   --->   Operation 16 'add' 'add_ln22' <Predicate = true> <Delay = 0.90> <CoreInst = "Adder">   --->   Core 1 'Adder' <Latency = 0> <II = 1> <Delay = 0.90> <FuncUnit> <Opcode : 'add' 'sub'> <InPorts = 2> <OutPorts = 1>
ST_2 : Operation 17 [1/1] (0.00ns)   --->   "%br_ln22 = br i1 %icmp_ln22, void %VITIS_LOOP_23_2.split, void %for.end14" [baseline.cpp:22]   --->   Operation 17 'br' 'br_ln22' <Predicate = true> <Delay = 0.00>
ST_2 : Operation 18 [1/1] (0.00ns)   --->   "%trunc_ln22 = trunc i8 %r_2" [baseline.cpp:22]   --->   Operation 18 'trunc' 'trunc_ln22' <Predicate = (!icmp_ln22)> <Delay = 0.00>
ST_2 : Operation 19 [1/1] (0.00ns)   --->   "%tmp_7 = bitconcatenate i14 @_ssdm_op_BitConcatenate.i14.i7.i7, i7 %trunc_ln22, i7 0" [baseline.cpp:24]   --->   Operation 19 'bitconcatenate' 'tmp_7' <Predicate = (!icmp_ln22)> <Delay = 0.00>
ST_2 : Operation 20 [1/1] (0.00ns)   --->   "%speclooptripcount_ln22 = speclooptripcount void @_ssdm_op_SpecLoopTripCount, i64 128, i64 128, i64 128" [baseline.cpp:22]   --->   Operation 20 'speclooptripcount' 'speclooptripcount_ln22' <Predicate = (!icmp_ln22)> <Delay = 0.00>
ST_2 : Operation 21 [1/1] (0.00ns)   --->   "%specloopname_ln22 = specloopname void @_ssdm_op_SpecLoopName, void @empty_2" [baseline.cpp:22]   --->   Operation 21 'specloopname' 'specloopname_ln22' <Predicate = (!icmp_ln22)> <Delay = 0.00>
ST_2 : Operation 22 [1/1] (0.48ns)   --->   "%br_ln23 = br void %for.body4" [baseline.cpp:23]   --->   Operation 22 'br' 'br_ln23' <Predicate = (!icmp_ln22)> <Delay = 0.48>
ST_2 : Operation 23 [1/1] (0.00ns)   --->   "%ret_ln28 = ret" [baseline.cpp:28]   --->   Operation 23 'ret' 'ret_ln28' <Predicate = (icmp_ln22)> <Delay = 0.00>

State 3 <SV = 2> <Delay = 2.34>
ST_3 : Operation 24 [1/1] (0.00ns)   --->   "%c = phi i8 0, void %VITIS_LOOP_23_2.split, i8 %add_ln23, void %for.body4.split" [baseline.cpp:23]   --->   Operation 24 'phi' 'c' <Predicate = true> <Delay = 0.00>
ST_3 : Operation 25 [1/1] (0.90ns)   --->   "%icmp_ln23 = icmp_eq  i8 %c, i8 128" [baseline.cpp:23]   --->   Operation 25 'icmp' 'icmp_ln23' <Predicate = true> <Delay = 0.90> <CoreInst = "Cmp">   --->   Core 9 'Cmp' <Latency = 0> <II = 1> <Delay = 0.92> <FuncUnit> <Opcode : 'seteq' 'setne' 'setle' 'setge' 'setlt' 'setgt'> <InPorts = 2> <OutPorts = 1>
ST_3 : Operation 26 [1/1] (0.90ns)   --->   "%add_ln23 = add i8 %c, i8 1" [baseline.cpp:23]   --->   Operation 26 'add' 'add_ln23' <Predicate = true> <Delay = 0.90> <CoreInst = "Adder">   --->   Core 1 'Adder' <Latency = 0> <II = 1> <Delay = 0.90> <FuncUnit> <Opcode : 'add' 'sub'> <InPorts = 2> <OutPorts = 1>
ST_3 : Operation 27 [1/1] (0.00ns)   --->   "%br_ln23 = br i1 %icmp_ln23, void %for.body4.split, void %for.inc12" [baseline.cpp:23]   --->   Operation 27 'br' 'br_ln23' <Predicate = true> <Delay = 0.00>
ST_3 : Operation 28 [1/1] (0.00ns)   --->   "%zext_ln24_1 = zext i8 %c" [baseline.cpp:24]   --->   Operation 28 'zext' 'zext_ln24_1' <Predicate = (!icmp_ln23)> <Delay = 0.00>
ST_3 : Operation 29 [1/1] (0.98ns)   --->   "%add_ln24_1 = add i14 %tmp_7, i14 %zext_ln24_1" [baseline.cpp:24]   --->   Operation 29 'add' 'add_ln24_1' <Predicate = (!icmp_ln23)> <Delay = 0.98> <CoreInst = "Adder">   --->   Core 1 'Adder' <Latency = 0> <II = 1> <Delay = 0.98> <FuncUnit> <Opcode : 'add' 'sub'> <InPorts = 2> <OutPorts = 1>
ST_3 : Operation 30 [1/1] (0.00ns)   --->   "%zext_ln24_2 = zext i14 %add_ln24_1" [baseline.cpp:24]   --->   Operation 30 'zext' 'zext_ln24_2' <Predicate = (!icmp_ln23)> <Delay = 0.00>
ST_3 : Operation 31 [1/1] (0.00ns)   --->   "%input_addr = getelementptr i16 %input_r, i64 0, i64 %zext_ln24_2" [baseline.cpp:24]   --->   Operation 31 'getelementptr' 'input_addr' <Predicate = (!icmp_ln23)> <Delay = 0.00>
ST_3 : Operation 32 [2/2] (1.35ns)   --->   "%input_load = load i14 %input_addr" [baseline.cpp:24]   --->   Operation 32 'load' 'input_load' <Predicate = (!icmp_ln23)> <Delay = 1.35> <CoreInst = "RAM">   --->   Core 82 'RAM' <Latency = 1> <II = 1> <Delay = 1.35> <Storage> <Opcode : 'load' 'store'> <Ports = 2> <Width = 16> <Depth = 16384> <RAM>
ST_3 : Operation 33 [1/1] (0.48ns)   --->   "%store_ln22 = store i8 %add_ln22, i8 %r" [baseline.cpp:22]   --->   Operation 33 'store' 'store_ln22' <Predicate = (icmp_ln23)> <Delay = 0.48>
ST_3 : Operation 34 [1/1] (0.00ns)   --->   "%br_ln22 = br void %VITIS_LOOP_23_2" [baseline.cpp:22]   --->   Operation 34 'br' 'br_ln22' <Predicate = (icmp_ln23)> <Delay = 0.00>

State 4 <SV = 3> <Delay = 7.06>
ST_4 : Operation 35 [1/2] ( I:1.35ns O:1.35ns )   --->   "%input_load = load i14 %input_addr" [baseline.cpp:24]   --->   Operation 35 'load' 'input_load' <Predicate = true> <Delay = 1.35> <CoreInst = "RAM">   --->   Core 82 'RAM' <Latency = 1> <II = 1> <Delay = 1.35> <Storage> <Opcode : 'load' 'store'> <Ports = 2> <Width = 16> <Depth = 16384> <RAM>
ST_4 : Operation 36 [1/1] (0.00ns)   --->   "%sext_ln24 = sext i16 %input_load" [baseline.cpp:24]   --->   Operation 36 'sext' 'sext_ln24' <Predicate = true> <Delay = 0.00>
ST_4 : Operation 37 [1/1] (2.91ns)   --->   "%mul_ln24 = mul i25 %sext_ln24, i25 %gain_val_cast" [baseline.cpp:24]   --->   Operation 37 'mul' 'mul_ln24' <Predicate = true> <Delay = 2.91> <CoreInst = "Multiplier">   --->   Core 3 'Multiplier' <Latency = 0> <II = 1> <Delay = 2.91> <FuncUnit> <Opcode : 'mul'> <InPorts = 2> <OutPorts = 1>
ST_4 : Operation 38 [1/1] (1.12ns)   --->   "%add_ln24 = add i25 %zext_ln22, i25 %mul_ln24" [baseline.cpp:24]   --->   Operation 38 'add' 'add_ln24' <Predicate = true> <Delay = 1.12> <CoreInst = "Adder">   --->   Core 1 'Adder' <Latency = 0> <II = 1> <Delay = 1.12> <FuncUnit> <Opcode : 'add' 'sub'> <InPorts = 2> <OutPorts = 1>
ST_4 : Operation 39 [1/1] (0.00ns)   --->   "%tmp = bitselect i1 @_ssdm_op_BitSelect.i1.i25.i32, i25 %add_ln24, i32 24" [baseline.cpp:24]   --->   Operation 39 'bitselect' 'tmp' <Predicate = true> <Delay = 0.00>
ST_4 : Operation 40 [1/1] (0.00ns)   --->   "%val = partselect i16 @_ssdm_op_PartSelect.i16.i25.i32.i32, i25 %add_ln24, i32 8, i32 23" [baseline.cpp:24]   --->   Operation 40 'partselect' 'val' <Predicate = true> <Delay = 0.00>
ST_4 : Operation 41 [1/1] (0.00ns)   --->   "%tmp_4 = bitselect i1 @_ssdm_op_BitSelect.i1.i25.i32, i25 %mul_ln24, i32 7" [baseline.cpp:24]   --->   Operation 41 'bitselect' 'tmp_4' <Predicate = true> <Delay = 0.00>
ST_4 : Operation 42 [1/1] (0.00ns)   --->   "%tmp_5 = bitselect i1 @_ssdm_op_BitSelect.i1.i25.i32, i25 %add_ln24, i32 23" [baseline.cpp:24]   --->   Operation 42 'bitselect' 'tmp_5' <Predicate = true> <Delay = 0.00>
ST_4 : Operation 43 [1/1] (0.00ns)   --->   "%zext_ln24 = zext i1 %tmp_4" [baseline.cpp:24]   --->   Operation 43 'zext' 'zext_ln24' <Predicate = true> <Delay = 0.00>
ST_4 : Operation 44 [1/1] (1.01ns)   --->   "%val_1 = add i16 %val, i16 %zext_ln24" [baseline.cpp:24]   --->   Operation 44 'add' 'val_1' <Predicate = true> <Delay = 1.01> <CoreInst = "Adder">   --->   Core 1 'Adder' <Latency = 0> <II = 1> <Delay = 1.01> <FuncUnit> <Opcode : 'add' 'sub'> <InPorts = 2> <OutPorts = 1>
ST_4 : Operation 45 [1/1] (0.00ns)   --->   "%tmp_6 = bitselect i1 @_ssdm_op_BitSelect.i1.i16.i32, i16 %val_1, i32 15" [baseline.cpp:24]   --->   Operation 45 'bitselect' 'tmp_6' <Predicate = true> <Delay = 0.00>
ST_4 : Operation 46 [1/1] (0.00ns) (grouped into LUT with out node or_ln24_1)   --->   "%xor_ln24 = xor i1 %tmp_6, i1 1" [baseline.cpp:24]   --->   Operation 46 'xor' 'xor_ln24' <Predicate = true> <Delay = 0.00> <CoreInst = "LogicGate">   --->   Core 74 'LogicGate' <Latency = 0> <II = 1> <Delay = 0.33> <FuncUnit> <Opcode : 'and' 'or' 'xor'> <InPorts = 2> <OutPorts = 1>
ST_4 : Operation 47 [1/1] (0.00ns) (grouped into LUT with out node or_ln24_1)   --->   "%and_ln24 = and i1 %tmp_5, i1 %xor_ln24" [baseline.cpp:24]   --->   Operation 47 'and' 'and_ln24' <Predicate = true> <Delay = 0.00> <CoreInst = "LogicGate">   --->   Core 74 'LogicGate' <Latency = 0> <II = 1> <Delay = 0.33> <FuncUnit> <Opcode : 'and' 'or' 'xor'> <InPorts = 2> <OutPorts = 1>
ST_4 : Operation 48 [1/1] (0.00ns) (grouped into LUT with out node and_ln24_1)   --->   "%xor_ln24_2 = xor i1 %tmp_5, i1 1" [baseline.cpp:24]   --->   Operation 48 'xor' 'xor_ln24_2' <Predicate = true> <Delay = 0.00> <CoreInst = "LogicGate">   --->   Core 74 'LogicGate' <Latency = 0> <II = 1> <Delay = 0.33> <FuncUnit> <Opcode : 'and' 'or' 'xor'> <InPorts = 2> <OutPorts = 1>
ST_4 : Operation 49 [1/1] (0.00ns) (grouped into LUT with out node and_ln24_1)   --->   "%or_ln24_2 = or i1 %tmp_6, i1 %xor_ln24_2" [baseline.cpp:24]   --->   Operation 49 'or' 'or_ln24_2' <Predicate = true> <Delay = 0.00> <CoreInst = "LogicGate">   --->   Core 74 'LogicGate' <Latency = 0> <II = 1> <Delay = 0.33> <FuncUnit> <Opcode : 'and' 'or' 'xor'> <InPorts = 2> <OutPorts = 1>
ST_4 : Operation 50 [1/1] (0.00ns) (grouped into LUT with out node and_ln24_1)   --->   "%xor_ln24_4 = xor i1 %tmp, i1 %or_ln24_2" [baseline.cpp:24]   --->   Operation 50 'xor' 'xor_ln24_4' <Predicate = true> <Delay = 0.00> <CoreInst = "LogicGate">   --->   Core 74 'LogicGate' <Latency = 0> <II = 1> <Delay = 0.33> <FuncUnit> <Opcode : 'and' 'or' 'xor'> <InPorts = 2> <OutPorts = 1>
ST_4 : Operation 51 [1/1] (0.00ns) (grouped into LUT with out node and_ln24_1)   --->   "%xor_ln24_1 = xor i1 %tmp, i1 1" [baseline.cpp:24]   --->   Operation 51 'xor' 'xor_ln24_1' <Predicate = true> <Delay = 0.00> <CoreInst = "LogicGate">   --->   Core 74 'LogicGate' <Latency = 0> <II = 1> <Delay = 0.33> <FuncUnit> <Opcode : 'and' 'or' 'xor'> <InPorts = 2> <OutPorts = 1>
ST_4 : Operation 52 [1/1] (0.00ns) (grouped into LUT with out node and_ln24_1)   --->   "%xor_ln24_3 = xor i1 %xor_ln24_4, i1 1" [baseline.cpp:24]   --->   Operation 52 'xor' 'xor_ln24_3' <Predicate = true> <Delay = 0.00> <CoreInst = "LogicGate">   --->   Core 74 'LogicGate' <Latency = 0> <II = 1> <Delay = 0.33> <FuncUnit> <Opcode : 'and' 'or' 'xor'> <InPorts = 2> <OutPorts = 1>
ST_4 : Operation 53 [1/1] (0.00ns) (grouped into LUT with out node and_ln24_1)   --->   "%or_ln24 = or i1 %tmp_6, i1 %xor_ln24_3" [baseline.cpp:24]   --->   Operation 53 'or' 'or_ln24' <Predicate = true> <Delay = 0.00> <CoreInst = "LogicGate">   --->   Core 74 'LogicGate' <Latency = 0> <II = 1> <Delay = 0.33> <FuncUnit> <Opcode : 'and' 'or' 'xor'> <InPorts = 2> <OutPorts = 1>
ST_4 : Operation 54 [1/1] (0.33ns) (out node of the LUT)   --->   "%and_ln24_1 = and i1 %or_ln24, i1 %xor_ln24_1" [baseline.cpp:24]   --->   Operation 54 'and' 'and_ln24_1' <Predicate = true> <Delay = 0.33> <CoreInst = "LogicGate">   --->   Core 74 'LogicGate' <Latency = 0> <II = 1> <Delay = 0.33> <FuncUnit> <Opcode : 'and' 'or' 'xor'> <InPorts = 2> <OutPorts = 1>
ST_4 : Operation 55 [1/1] (0.00ns) (grouped into LUT with out node or_ln24_1)   --->   "%or_ln24_3 = or i1 %and_ln24, i1 %tmp_6" [baseline.cpp:24]   --->   Operation 55 'or' 'or_ln24_3' <Predicate = true> <Delay = 0.00> <CoreInst = "LogicGate">   --->   Core 74 'LogicGate' <Latency = 0> <II = 1> <Delay = 0.33> <FuncUnit> <Opcode : 'and' 'or' 'xor'> <InPorts = 2> <OutPorts = 1>
ST_4 : Operation 56 [1/1] (0.00ns) (grouped into LUT with out node or_ln24_1)   --->   "%xor_ln24_5 = xor i1 %or_ln24_3, i1 1" [baseline.cpp:24]   --->   Operation 56 'xor' 'xor_ln24_5' <Predicate = true> <Delay = 0.00> <CoreInst = "LogicGate">   --->   Core 74 'LogicGate' <Latency = 0> <II = 1> <Delay = 0.33> <FuncUnit> <Opcode : 'and' 'or' 'xor'> <InPorts = 2> <OutPorts = 1>
ST_4 : Operation 57 [1/1] (0.00ns) (grouped into LUT with out node or_ln24_1)   --->   "%and_ln24_2 = and i1 %tmp, i1 %xor_ln24_5" [baseline.cpp:24]   --->   Operation 57 'and' 'and_ln24_2' <Predicate = true> <Delay = 0.00> <CoreInst = "LogicGate">   --->   Core 74 'LogicGate' <Latency = 0> <II = 1> <Delay = 0.33> <FuncUnit> <Opcode : 'and' 'or' 'xor'> <InPorts = 2> <OutPorts = 1>
ST_4 : Operation 58 [1/1] (0.33ns) (out node of the LUT)   --->   "%or_ln24_1 = or i1 %and_ln24_1, i1 %and_ln24_2" [baseline.cpp:24]   --->   Operation 58 'or' 'or_ln24_1' <Predicate = true> <Delay = 0.33> <CoreInst = "LogicGate">   --->   Core 74 'LogicGate' <Latency = 0> <II = 1> <Delay = 0.33> <FuncUnit> <Opcode : 'and' 'or' 'xor'> <InPorts = 2> <OutPorts = 1>

State 5 <SV = 4> <Delay = 2.25>
ST_5 : Operation 59 [1/1] (0.00ns)   --->   "%output_addr = getelementptr i15 %output_r, i64 0, i64 %zext_ln24_2" [baseline.cpp:25]   --->   Operation 59 'getelementptr' 'output_addr' <Predicate = true> <Delay = 0.00>
ST_5 : Operation 60 [1/1] (0.00ns)   --->   "%speclooptripcount_ln23 = speclooptripcount void @_ssdm_op_SpecLoopTripCount, i64 128, i64 128, i64 128" [baseline.cpp:23]   --->   Operation 60 'speclooptripcount' 'speclooptripcount_ln23' <Predicate = true> <Delay = 0.00>
ST_5 : Operation 61 [1/1] (0.00ns)   --->   "%specloopname_ln23 = specloopname void @_ssdm_op_SpecLoopName, void @empty" [baseline.cpp:23]   --->   Operation 61 'specloopname' 'specloopname_ln23' <Predicate = true> <Delay = 0.00>
ST_5 : Operation 62 [1/1] (0.00ns) (grouped into LUT with out node val_2)   --->   "%select_ln24 = select i1 %and_ln24_1, i16 32767, i16 32768" [baseline.cpp:24]   --->   Operation 62 'select' 'select_ln24' <Predicate = (or_ln24_1)> <Delay = 0.00> <CoreInst = "Sel">   --->   Core 73 'Sel' <Latency = 0> <II = 1> <Delay = 0.42> <FuncUnit> <Opcode : 'select'> <InPorts = 3> <OutPorts = 1>
ST_5 : Operation 63 [1/1] (0.42ns) (out node of the LUT)   --->   "%val_2 = select i1 %or_ln24_1, i16 %select_ln24, i16 %val_1" [baseline.cpp:24]   --->   Operation 63 'select' 'val_2' <Predicate = true> <Delay = 0.42> <CoreInst = "Sel">   --->   Core 73 'Sel' <Latency = 0> <II = 1> <Delay = 0.42> <FuncUnit> <Opcode : 'select'> <InPorts = 3> <OutPorts = 1>
ST_5 : Operation 64 [1/1] (0.00ns)   --->   "%trunc_ln24 = trunc i16 %val_2" [baseline.cpp:24]   --->   Operation 64 'trunc' 'trunc_ln24' <Predicate = true> <Delay = 0.00>
ST_5 : Operation 65 [1/1] (0.00ns)   --->   "%tmp_8 = bitselect i1 @_ssdm_op_BitSelect.i1.i16.i32, i16 %val_2, i32 15" [baseline.cpp:25]   --->   Operation 65 'bitselect' 'tmp_8' <Predicate = true> <Delay = 0.00>
ST_5 : Operation 66 [1/1] (0.48ns)   --->   "%select_ln25 = select i1 %tmp_8, i15 0, i15 %trunc_ln24" [baseline.cpp:25]   --->   Operation 66 'select' 'select_ln25' <Predicate = true> <Delay = 0.48> <CoreInst = "Sel">   --->   Core 73 'Sel' <Latency = 0> <II = 1> <Delay = 0.48> <FuncUnit> <Opcode : 'select'> <InPorts = 3> <OutPorts = 1>
ST_5 : Operation 67 [1/1] ( I:1.35ns O:1.35ns )   --->   "%store_ln25 = store i15 %select_ln25, i14 %output_addr" [baseline.cpp:25]   --->   Operation 67 'store' 'store_ln25' <Predicate = true> <Delay = 1.35> <CoreInst = "RAM">   --->   Core 82 'RAM' <Latency = 1> <II = 1> <Delay = 1.35> <Storage> <Opcode : 'load' 'store'> <Ports = 2> <Width = 15> <Depth = 16384> <RAM>
ST_5 : Operation 68 [1/1] (0.00ns)   --->   "%br_ln23 = br void %for.body4" [baseline.cpp:23]   --->   Operation 68 'br' 'br_ln23' <Predicate = true> <Delay = 0.00>


============================================================
+ Verbose Summary: Binding
============================================================
STG Binding: 
---------------- STG Properties BEGIN ----------------
- Is combinational: 0
- Is one-state seq: 0
- Is datapath-only: 0
- Is pipelined: 0
- Is top level: 0
Port [ Return ] is wired: 1; IO mode=ap_ctrl_hs:ce=0
Port [ input_r]:  wired=1; compound=1; hidden=0; nouse=0; global=0; static=0; extern=0; dir=0; type=1; pingpong=0; private_global=0; MemPort=[13]; IO mode=ap_memory:ce=0
Port [ output_r]:  wired=1; compound=1; hidden=0; nouse=0; global=0; static=0; extern=0; dir=1; type=1; pingpong=0; private_global=0; MemPort=[03]; IO mode=ap_memory:ce=0
Port [ gain_val]:  wired=1; compound=0; hidden=0; nouse=0; global=0; static=0; extern=0; dir=0; type=0; pingpong=0; private_global=0; IO mode=ap_none:ce=0
Port [ offset_val]:  wired=1; compound=0; hidden=0; nouse=0; global=0; static=0; extern=0; dir=0; type=0; pingpong=0; private_global=0; IO mode=ap_none:ce=0
---------------- STG Properties END ------------------

---------------- Datapath Model BEGIN ----------------

<LifeTime>
<method=bitvector/>
r                      (alloca           ) [ 011111]
offset_val_read        (read             ) [ 000000]
gain_val_read          (read             ) [ 000000]
gain_val_cast          (zext             ) [ 001111]
shl_i_i16_i            (bitconcatenate   ) [ 000000]
zext_ln22              (zext             ) [ 001111]
store_ln22             (store            ) [ 000000]
br_ln22                (br               ) [ 000000]
r_2                    (load             ) [ 000000]
icmp_ln22              (icmp             ) [ 001111]
add_ln22               (add              ) [ 000111]
br_ln22                (br               ) [ 000000]
trunc_ln22             (trunc            ) [ 000000]
tmp_7                  (bitconcatenate   ) [ 000111]
speclooptripcount_ln22 (speclooptripcount) [ 000000]
specloopname_ln22      (specloopname     ) [ 000000]
br_ln23                (br               ) [ 001111]
ret_ln28               (ret              ) [ 000000]
c                      (phi              ) [ 000100]
icmp_ln23              (icmp             ) [ 001111]
add_ln23               (add              ) [ 001111]
br_ln23                (br               ) [ 000000]
zext_ln24_1            (zext             ) [ 000000]
add_ln24_1             (add              ) [ 000000]
zext_ln24_2            (zext             ) [ 000011]
input_addr             (getelementptr    ) [ 000010]
store_ln22             (store            ) [ 000000]
br_ln22                (br               ) [ 000000]
input_load             (load             ) [ 000000]
sext_ln24              (sext             ) [ 000000]
mul_ln24               (mul              ) [ 000000]
add_ln24               (add              ) [ 000000]
tmp                    (bitselect        ) [ 000000]
val                    (partselect       ) [ 000000]
tmp_4                  (bitselect        ) [ 000000]
tmp_5                  (bitselect        ) [ 000000]
zext_ln24              (zext             ) [ 000000]
val_1                  (add              ) [ 000001]
tmp_6                  (bitselect        ) [ 000000]
xor_ln24               (xor              ) [ 000000]
and_ln24               (and              ) [ 000000]
xor_ln24_2             (xor              ) [ 000000]
or_ln24_2              (or               ) [ 000000]
xor_ln24_4             (xor              ) [ 000000]
xor_ln24_1             (xor              ) [ 000000]
xor_ln24_3             (xor              ) [ 000000]
or_ln24                (or               ) [ 000000]
and_ln24_1             (and              ) [ 000001]
or_ln24_3              (or               ) [ 000000]
xor_ln24_5             (xor              ) [ 000000]
and_ln24_2             (and              ) [ 000000]
or_ln24_1              (or               ) [ 000001]
output_addr            (getelementptr    ) [ 000000]
speclooptripcount_ln23 (speclooptripcount) [ 000000]
specloopname_ln23      (specloopname     ) [ 000000]
select_ln24            (select           ) [ 000000]
val_2                  (select           ) [ 000000]
trunc_ln24             (trunc            ) [ 000000]
tmp_8                  (bitselect        ) [ 000000]
select_ln25            (select           ) [ 000000]
store_ln25             (store            ) [ 000000]
br_ln23                (br               ) [ 001111]
</LifeTime>

<model>

<comp_list>
<comp id="0" class="1000" name="input_r">
<pin_list>
<pin id="1" dir="1" index="0" bw="1" slack="0"/>
</pin_list>
<bind>
<StgValue><ssdm name="input_r"/><MemPortTyVec>1 3 </MemPortTyVec>
</StgValue>
</bind>
</comp>

<comp id="2" class="1000" name="output_r">
<pin_list>
<pin id="3" dir="1" index="0" bw="1" slack="0"/>
</pin_list>
<bind>
<StgValue><ssdm name="output_r"/><MemPortTyVec>0 3 </MemPortTyVec>
</StgValue>
</bind>
</comp>

<comp id="4" class="1000" name="gain_val">
<pin_list>
<pin id="5" dir="1" index="0" bw="1" slack="0"/>
</pin_list>
<bind>
<StgValue><ssdm name="gain_val"/></StgValue>
</bind>
</comp>

<comp id="6" class="1000" name="offset_val">
<pin_list>
<pin id="7" dir="1" index="0" bw="1" slack="0"/>
</pin_list>
<bind>
<StgValue><ssdm name="offset_val"/></StgValue>
</bind>
</comp>

<comp id="8" class="1001" name="const_8">
<pin_list>
<pin id="9" dir="1" index="0" bw="1" slack="0"/>
</pin_list>
<bind>
<StgValue><ssdm name=""/></StgValue>
</bind>
</comp>

<comp id="10" class="1001" name="const_10">
<pin_list>
<pin id="11" dir="1" index="0" bw="1" slack="0"/>
</pin_list>
<bind>
<StgValue><ssdm name="_ssdm_op_Read.ap_auto.i4"/></StgValue>
</bind>
</comp>

<comp id="12" class="1001" name="const_12">
<pin_list>
<pin id="13" dir="1" index="0" bw="1" slack="0"/>
</pin_list>
<bind>
<StgValue><ssdm name="_ssdm_op_Read.ap_auto.i9"/></StgValue>
</bind>
</comp>

<comp id="14" class="1001" name="const_14">
<pin_list>
<pin id="15" dir="1" index="0" bw="1" slack="0"/>
</pin_list>
<bind>
<StgValue><ssdm name="_ssdm_op_BitConcatenate.i12.i4.i8"/></StgValue>
</bind>
</comp>

<comp id="16" class="1001" name="const_16">
<pin_list>
<pin id="17" dir="1" index="0" bw="1" slack="0"/>
</pin_list>
<bind>
<StgValue><ssdm name=""/></StgValue>
</bind>
</comp>

<comp id="18" class="1001" name="const_18">
<pin_list>
<pin id="19" dir="1" index="0" bw="1" slack="0"/>
</pin_list>
<bind>
<StgValue><ssdm name=""/></StgValue>
</bind>
</comp>

<comp id="20" class="1001" name="const_20">
<pin_list>
<pin id="21" dir="1" index="0" bw="1" slack="0"/>
</pin_list>
<bind>
<StgValue><ssdm name=""/></StgValue>
</bind>
</comp>

<comp id="22" class="1001" name="const_22">
<pin_list>
<pin id="23" dir="1" index="0" bw="1" slack="0"/>
</pin_list>
<bind>
<StgValue><ssdm name="_ssdm_op_BitConcatenate.i14.i7.i7"/></StgValue>
</bind>
</comp>

<comp id="24" class="1001" name="const_24">
<pin_list>
<pin id="25" dir="1" index="0" bw="1" slack="0"/>
</pin_list>
<bind>
<StgValue><ssdm name=""/></StgValue>
</bind>
</comp>

<comp id="26" class="1001" name="const_26">
<pin_list>
<pin id="27" dir="1" index="0" bw="1" slack="2147483647"/>
</pin_list>
<bind>
<StgValue><ssdm name="_ssdm_op_SpecLoopTripCount"/></StgValue>
</bind>
</comp>

<comp id="28" class="1001" name="const_28">
<pin_list>
<pin id="29" dir="1" index="0" bw="1" slack="2147483647"/>
</pin_list>
<bind>
<StgValue><ssdm name=""/></StgValue>
</bind>
</comp>

<comp id="30" class="1001" name="const_30">
<pin_list>
<pin id="31" dir="1" index="0" bw="1" slack="2147483647"/>
</pin_list>
<bind>
<StgValue><ssdm name="_ssdm_op_SpecLoopName"/></StgValue>
</bind>
</comp>

<comp id="32" class="1001" name="const_32">
<pin_list>
<pin id="33" dir="1" index="0" bw="1" slack="2147483647"/>
</pin_list>
<bind>
<StgValue><ssdm name="empty_2"/></StgValue>
</bind>
</comp>

<comp id="34" class="1001" name="const_34">
<pin_list>
<pin id="35" dir="1" index="0" bw="1" slack="0"/>
</pin_list>
<bind>
<StgValue><ssdm name=""/></StgValue>
</bind>
</comp>

<comp id="36" class="1001" name="const_36">
<pin_list>
<pin id="37" dir="1" index="0" bw="1" slack="0"/>
</pin_list>
<bind>
<StgValue><ssdm name="_ssdm_op_BitSelect.i1.i25.i32"/></StgValue>
</bind>
</comp>

<comp id="38" class="1001" name="const_38">
<pin_list>
<pin id="39" dir="1" index="0" bw="1" slack="0"/>
</pin_list>
<bind>
<StgValue><ssdm name=""/></StgValue>
</bind>
</comp>

<comp id="40" class="1001" name="const_40">
<pin_list>
<pin id="41" dir="1" index="0" bw="1" slack="0"/>
</pin_list>
<bind>
<StgValue><ssdm name="_ssdm_op_PartSelect.i16.i25.i32.i32"/></StgValue>
</bind>
</comp>

<comp id="42" class="1001" name="const_42">
<pin_list>
<pin id="43" dir="1" index="0" bw="1" slack="0"/>
</pin_list>
<bind>
<StgValue><ssdm name=""/></StgValue>
</bind>
</comp>

<comp id="44" class="1001" name="const_44">
<pin_list>
<pin id="45" dir="1" index="0" bw="1" slack="0"/>
</pin_list>
<bind>
<StgValue><ssdm name=""/></StgValue>
</bind>
</comp>

<comp id="46" class="1001" name="const_46">
<pin_list>
<pin id="47" dir="1" index="0" bw="1" slack="0"/>
</pin_list>
<bind>
<StgValue><ssdm name=""/></StgValue>
</bind>
</comp>

<comp id="48" class="1001" name="const_48">
<pin_list>
<pin id="49" dir="1" index="0" bw="1" slack="0"/>
</pin_list>
<bind>
<StgValue><ssdm name="_ssdm_op_BitSelect.i1.i16.i32"/></StgValue>
</bind>
</comp>

<comp id="50" class="1001" name="const_50">
<pin_list>
<pin id="51" dir="1" index="0" bw="1" slack="0"/>
</pin_list>
<bind>
<StgValue><ssdm name=""/></StgValue>
</bind>
</comp>

<comp id="52" class="1001" name="const_52">
<pin_list>
<pin id="53" dir="1" index="0" bw="1" slack="0"/>
</pin_list>
<bind>
<StgValue><ssdm name=""/></StgValue>
</bind>
</comp>

<comp id="54" class="1001" name="const_54">
<pin_list>
<pin id="55" dir="1" index="0" bw="1" slack="2147483647"/>
</pin_list>
<bind>
<StgValue><ssdm name="empty"/></StgValue>
</bind>
</comp>

<comp id="56" class="1001" name="const_56">
<pin_list>
<pin id="57" dir="1" index="0" bw="1" slack="0"/>
</pin_list>
<bind>
<StgValue><ssdm name=""/></StgValue>
</bind>
</comp>

<comp id="58" class="1001" name="const_58">
<pin_list>
<pin id="59" dir="1" index="0" bw="1" slack="0"/>
</pin_list>
<bind>
<StgValue><ssdm name=""/></StgValue>
</bind>
</comp>

<comp id="60" class="1001" name="const_60">
<pin_list>
<pin id="61" dir="1" index="0" bw="1" slack="0"/>
</pin_list>
<bind>
<StgValue><ssdm name=""/></StgValue>
</bind>
</comp>

<comp id="62" class="1004" name="r_fu_62">
<pin_list>
<pin id="63" dir="0" index="0" bw="1" slack="0"/>
<pin id="64" dir="1" index="1" bw="8" slack="0"/>
</pin_list>
<bind>
<opcode="alloca(26) " fcode="alloca"/>
<opset="r/1 "/>
</bind>
</comp>

<comp id="66" class="1004" name="offset_val_read_read_fu_66">
<pin_list>
<pin id="67" dir="0" index="0" bw="4" slack="0"/>
<pin id="68" dir="0" index="1" bw="4" slack="0"/>
<pin id="69" dir="1" index="2" bw="4" slack="0"/>
</pin_list>
<bind>
<opcode="read(1150) " fcode="read"/>
<opset="offset_val_read/1 "/>
</bind>
</comp>

<comp id="72" class="1004" name="gain_val_read_read_fu_72">
<pin_list>
<pin id="73" dir="0" index="0" bw="9" slack="0"/>
<pin id="74" dir="0" index="1" bw="9" slack="0"/>
<pin id="75" dir="1" index="2" bw="9" slack="0"/>
</pin_list>
<bind>
<opcode="read(1150) " fcode="read"/>
<opset="gain_val_read/1 "/>
</bind>
</comp>

<comp id="78" class="1004" name="input_addr_gep_fu_78">
<pin_list>
<pin id="79" dir="0" index="0" bw="16" slack="0"/>
<pin id="80" dir="0" index="1" bw="1" slack="0"/>
<pin id="81" dir="0" index="2" bw="14" slack="0"/>
<pin id="82" dir="1" index="3" bw="14" slack="0"/>
</pin_list>
<bind>
<opcode="getelementptr(29) " fcode="getelementptr"/>
<opset="input_addr/3 "/>
</bind>
</comp>

<comp id="85" class="1004" name="grp_access_fu_85">
<pin_list>
<pin id="86" dir="0" index="0" bw="14" slack="0"/>
<pin id="87" dir="0" index="1" bw="16" slack="2147483647"/>
<pin id="88" dir="0" index="2" bw="0" slack="2147483647"/>
<pin id="89" dir="1" index="3" bw="16" slack="0"/>
</pin_list>
<bind>
<opcode="load(27) " fcode="load"/>
<opset="input_load/3 "/>
</bind>
</comp>

<comp id="91" class="1004" name="output_addr_gep_fu_91">
<pin_list>
<pin id="92" dir="0" index="0" bw="15" slack="0"/>
<pin id="93" dir="0" index="1" bw="1" slack="0"/>
<pin id="94" dir="0" index="2" bw="14" slack="2"/>
<pin id="95" dir="1" index="3" bw="14" slack="0"/>
</pin_list>
<bind>
<opcode="getelementptr(29) " fcode="getelementptr"/>
<opset="output_addr/5 "/>
</bind>
</comp>

<comp id="98" class="1004" name="store_ln25_access_fu_98">
<pin_list>
<pin id="99" dir="0" index="0" bw="14" slack="0"/>
<pin id="100" dir="0" index="1" bw="15" slack="0"/>
<pin id="101" dir="0" index="2" bw="0" slack="2147483647"/>
<pin id="102" dir="1" index="3" bw="15" slack="2147483647"/>
</pin_list>
<bind>
<opcode="store(28) " fcode="store"/>
<opset="store_ln25/5 "/>
</bind>
</comp>

<comp id="104" class="1005" name="c_reg_104">
<pin_list>
<pin id="105" dir="0" index="0" bw="8" slack="1"/>
<pin id="106" dir="1" index="1" bw="8" slack="1"/>
</pin_list>
<bind>
<opset="c (phireg) "/>
</bind>
</comp>

<comp id="108" class="1004" name="c_phi_fu_108">
<pin_list>
<pin id="109" dir="0" index="0" bw="1" slack="1"/>
<pin id="110" dir="0" index="1" bw="0" slack="2147483647"/>
<pin id="111" dir="0" index="2" bw="8" slack="0"/>
<pin id="112" dir="0" index="3" bw="0" slack="2147483647"/>
<pin id="113" dir="1" index="4" bw="8" slack="0"/>
</pin_list>
<bind>
<opcode="phi(47) " fcode="phi"/>
<opset="c/3 "/>
</bind>
</comp>

<comp id="115" class="1004" name="gain_val_cast_fu_115">
<pin_list>
<pin id="116" dir="0" index="0" bw="9" slack="0"/>
<pin id="117" dir="1" index="1" bw="25" slack="3"/>
</pin_list>
<bind>
<opcode="zext(34) " fcode="zext"/>
<opset="gain_val_cast/1 "/>
</bind>
</comp>

<comp id="119" class="1004" name="shl_i_i16_i_fu_119">
<pin_list>
<pin id="120" dir="0" index="0" bw="12" slack="0"/>
<pin id="121" dir="0" index="1" bw="4" slack="0"/>
<pin id="122" dir="0" index="2" bw="1" slack="0"/>
<pin id="123" dir="1" index="3" bw="12" slack="0"/>
</pin_list>
<bind>
<opcode="bitconcatenate(1004) " fcode="bitconcatenate"/>
<opset="shl_i_i16_i/1 "/>
</bind>
</comp>

<comp id="127" class="1004" name="zext_ln22_fu_127">
<pin_list>
<pin id="128" dir="0" index="0" bw="12" slack="0"/>
<pin id="129" dir="1" index="1" bw="25" slack="3"/>
</pin_list>
<bind>
<opcode="zext(34) " fcode="zext"/>
<opset="zext_ln22/1 "/>
</bind>
</comp>

<comp id="131" class="1004" name="store_ln22_store_fu_131">
<pin_list>
<pin id="132" dir="0" index="0" bw="1" slack="0"/>
<pin id="133" dir="0" index="1" bw="8" slack="0"/>
<pin id="134" dir="1" index="2" bw="0" slack="2147483647"/>
</pin_list>
<bind>
<opcode="store(28) " fcode="store"/>
<opset="store_ln22/1 "/>
</bind>
</comp>

<comp id="136" class="1004" name="r_2_load_fu_136">
<pin_list>
<pin id="137" dir="0" index="0" bw="8" slack="1"/>
<pin id="138" dir="1" index="1" bw="8" slack="0"/>
</pin_list>
<bind>
<opcode="load(27) " fcode="load"/>
<opset="r_2/2 "/>
</bind>
</comp>

<comp id="139" class="1004" name="icmp_ln22_fu_139">
<pin_list>
<pin id="140" dir="0" index="0" bw="8" slack="0"/>
<pin id="141" dir="0" index="1" bw="8" slack="0"/>
<pin id="142" dir="1" index="2" bw="1" slack="2147483647"/>
</pin_list>
<bind>
<opcode="icmp(45) " fcode="icmp"/>
<opset="icmp_ln22/2 "/>
</bind>
</comp>

<comp id="145" class="1004" name="add_ln22_fu_145">
<pin_list>
<pin id="146" dir="0" index="0" bw="8" slack="0"/>
<pin id="147" dir="0" index="1" bw="1" slack="0"/>
<pin id="148" dir="1" index="2" bw="8" slack="1"/>
</pin_list>
<bind>
<opcode="add(8) " fcode="add"/>
<opset="add_ln22/2 "/>
</bind>
</comp>

<comp id="151" class="1004" name="trunc_ln22_fu_151">
<pin_list>
<pin id="152" dir="0" index="0" bw="8" slack="0"/>
<pin id="153" dir="1" index="1" bw="7" slack="0"/>
</pin_list>
<bind>
<opcode="trunc(33) " fcode="trunc"/>
<opset="trunc_ln22/2 "/>
</bind>
</comp>

<comp id="155" class="1004" name="tmp_7_fu_155">
<pin_list>
<pin id="156" dir="0" index="0" bw="14" slack="0"/>
<pin id="157" dir="0" index="1" bw="7" slack="0"/>
<pin id="158" dir="0" index="2" bw="1" slack="0"/>
<pin id="159" dir="1" index="3" bw="14" slack="1"/>
</pin_list>
<bind>
<opcode="bitconcatenate(1004) " fcode="bitconcatenate"/>
<opset="tmp_7/2 "/>
</bind>
</comp>

<comp id="163" class="1004" name="icmp_ln23_fu_163">
<pin_list>
<pin id="164" dir="0" index="0" bw="8" slack="0"/>
<pin id="165" dir="0" index="1" bw="8" slack="0"/>
<pin id="166" dir="1" index="2" bw="1" slack="2147483647"/>
</pin_list>
<bind>
<opcode="icmp(45) " fcode="icmp"/>
<opset="icmp_ln23/3 "/>
</bind>
</comp>

<comp id="169" class="1004" name="add_ln23_fu_169">
<pin_list>
<pin id="170" dir="0" index="0" bw="8" slack="0"/>
<pin id="171" dir="0" index="1" bw="1" slack="0"/>
<pin id="172" dir="1" index="2" bw="8" slack="0"/>
</pin_list>
<bind>
<opcode="add(8) " fcode="add"/>
<opset="add_ln23/3 "/>
</bind>
</comp>

<comp id="175" class="1004" name="zext_ln24_1_fu_175">
<pin_list>
<pin id="176" dir="0" index="0" bw="8" slack="0"/>
<pin id="177" dir="1" index="1" bw="14" slack="0"/>
</pin_list>
<bind>
<opcode="zext(34) " fcode="zext"/>
<opset="zext_ln24_1/3 "/>
</bind>
</comp>

<comp id="179" class="1004" name="add_ln24_1_fu_179">
<pin_list>
<pin id="180" dir="0" index="0" bw="14" slack="1"/>
<pin id="181" dir="0" index="1" bw="8" slack="0"/>
<pin id="182" dir="1" index="2" bw="14" slack="0"/>
</pin_list>
<bind>
<opcode="add(8) " fcode="add"/>
<opset="add_ln24_1/3 "/>
</bind>
</comp>

<comp id="184" class="1004" name="zext_ln24_2_fu_184">
<pin_list>
<pin id="185" dir="0" index="0" bw="14" slack="0"/>
<pin id="186" dir="1" index="1" bw="64" slack="0"/>
</pin_list>
<bind>
<opcode="zext(34) " fcode="zext"/>
<opset="zext_ln24_2/3 "/>
</bind>
</comp>

<comp id="189" class="1004" name="store_ln22_store_fu_189">
<pin_list>
<pin id="190" dir="0" index="0" bw="8" slack="1"/>
<pin id="191" dir="0" index="1" bw="8" slack="2"/>
<pin id="192" dir="1" index="2" bw="0" slack="2147483647"/>
</pin_list>
<bind>
<opcode="store(28) " fcode="store"/>
<opset="store_ln22/3 "/>
</bind>
</comp>

<comp id="193" class="1004" name="sext_ln24_fu_193">
<pin_list>
<pin id="194" dir="0" index="0" bw="16" slack="0"/>
<pin id="195" dir="1" index="1" bw="25" slack="0"/>
</pin_list>
<bind>
<opcode="sext(35) " fcode="sext"/>
<opset="sext_ln24/4 "/>
</bind>
</comp>

<comp id="197" class="1004" name="mul_ln24_fu_197">
<pin_list>
<pin id="198" dir="0" index="0" bw="16" slack="0"/>
<pin id="199" dir="0" index="1" bw="9" slack="3"/>
<pin id="200" dir="1" index="2" bw="25" slack="0"/>
</pin_list>
<bind>
<opcode="mul(12) " fcode="mul"/>
<opset="mul_ln24/4 "/>
</bind>
</comp>

<comp id="202" class="1004" name="add_ln24_fu_202">
<pin_list>
<pin id="203" dir="0" index="0" bw="12" slack="3"/>
<pin id="204" dir="0" index="1" bw="25" slack="0"/>
<pin id="205" dir="1" index="2" bw="25" slack="0"/>
</pin_list>
<bind>
<opcode="add(8) " fcode="add"/>
<opset="add_ln24/4 "/>
</bind>
</comp>

<comp id="207" class="1004" name="tmp_fu_207">
<pin_list>
<pin id="208" dir="0" index="0" bw="1" slack="0"/>
<pin id="209" dir="0" index="1" bw="25" slack="0"/>
<pin id="210" dir="0" index="2" bw="6" slack="0"/>
<pin id="211" dir="1" index="3" bw="1" slack="0"/>
</pin_list>
<bind>
<opcode="bitselect(1000) " fcode="bitselect"/>
<opset="tmp/4 "/>
</bind>
</comp>

<comp id="215" class="1004" name="val_fu_215">
<pin_list>
<pin id="216" dir="0" index="0" bw="16" slack="0"/>
<pin id="217" dir="0" index="1" bw="25" slack="0"/>
<pin id="218" dir="0" index="2" bw="5" slack="0"/>
<pin id="219" dir="0" index="3" bw="6" slack="0"/>
<pin id="220" dir="1" index="4" bw="16" slack="0"/>
</pin_list>
<bind>
<opcode="partselect(1002) " fcode="partselect"/>
<opset="val/4 "/>
</bind>
</comp>

<comp id="225" class="1004" name="tmp_4_fu_225">
<pin_list>
<pin id="226" dir="0" index="0" bw="1" slack="0"/>
<pin id="227" dir="0" index="1" bw="25" slack="0"/>
<pin id="228" dir="0" index="2" bw="4" slack="0"/>
<pin id="229" dir="1" index="3" bw="1" slack="0"/>
</pin_list>
<bind>
<opcode="bitselect(1000) " fcode="bitselect"/>
<opset="tmp_4/4 "/>
</bind>
</comp>

<comp id="233" class="1004" name="tmp_5_fu_233">
<pin_list>
<pin id="234" dir="0" index="0" bw="1" slack="0"/>
<pin id="235" dir="0" index="1" bw="25" slack="0"/>
<pin id="236" dir="0" index="2" bw="6" slack="0"/>
<pin id="237" dir="1" index="3" bw="1" slack="0"/>
</pin_list>
<bind>
<opcode="bitselect(1000) " fcode="bitselect"/>
<opset="tmp_5/4 "/>
</bind>
</comp>

<comp id="241" class="1004" name="zext_ln24_fu_241">
<pin_list>
<pin id="242" dir="0" index="0" bw="1" slack="0"/>
<pin id="243" dir="1" index="1" bw="16" slack="0"/>
</pin_list>
<bind>
<opcode="zext(34) " fcode="zext"/>
<opset="zext_ln24/4 "/>
</bind>
</comp>

<comp id="245" class="1004" name="val_1_fu_245">
<pin_list>
<pin id="246" dir="0" index="0" bw="16" slack="0"/>
<pin id="247" dir="0" index="1" bw="1" slack="0"/>
<pin id="248" dir="1" index="2" bw="16" slack="0"/>
</pin_list>
<bind>
<opcode="add(8) " fcode="add"/>
<opset="val_1/4 "/>
</bind>
</comp>

<comp id="251" class="1004" name="tmp_6_fu_251">
<pin_list>
<pin id="252" dir="0" index="0" bw="1" slack="0"/>
<pin id="253" dir="0" index="1" bw="16" slack="0"/>
<pin id="254" dir="0" index="2" bw="5" slack="0"/>
<pin id="255" dir="1" index="3" bw="1" slack="0"/>
</pin_list>
<bind>
<opcode="bitselect(1000) " fcode="bitselect"/>
<opset="tmp_6/4 "/>
</bind>
</comp>

<comp id="259" class="1004" name="xor_ln24_fu_259">
<pin_list>
<pin id="260" dir="0" index="0" bw="1" slack="0"/>
<pin id="261" dir="0" index="1" bw="1" slack="0"/>
<pin id="262" dir="1" index="2" bw="1" slack="0"/>
</pin_list>
<bind>
<opcode="xor(25) " fcode="xor"/>
<opset="xor_ln24/4 "/>
</bind>
</comp>

<comp id="265" class="1004" name="and_ln24_fu_265">
<pin_list>
<pin id="266" dir="0" index="0" bw="1" slack="0"/>
<pin id="267" dir="0" index="1" bw="1" slack="0"/>
<pin id="268" dir="1" index="2" bw="1" slack="0"/>
</pin_list>
<bind>
<opcode="and(23) " fcode="and"/>
<opset="and_ln24/4 "/>
</bind>
</comp>

<comp id="271" class="1004" name="xor_ln24_2_fu_271">
<pin_list>
<pin id="272" dir="0" index="0" bw="1" slack="0"/>
<pin id="273" dir="0" index="1" bw="1" slack="0"/>
<pin id="274" dir="1" index="2" bw="1" slack="0"/>
</pin_list>
<bind>
<opcode="xor(25) " fcode="xor"/>
<opset="xor_ln24_2/4 "/>
</bind>
</comp>

<comp id="277" class="1004" name="or_ln24_2_fu_277">
<pin_list>
<pin id="278" dir="0" index="0" bw="1" slack="0"/>
<pin id="279" dir="0" index="1" bw="1" slack="0"/>
<pin id="280" dir="1" index="2" bw="1" slack="0"/>
</pin_list>
<bind>
<opcode="or(24) " fcode="or"/>
<opset="or_ln24_2/4 "/>
</bind>
</comp>

<comp id="283" class="1004" name="xor_ln24_4_fu_283">
<pin_list>
<pin id="284" dir="0" index="0" bw="1" slack="0"/>
<pin id="285" dir="0" index="1" bw="1" slack="0"/>
<pin id="286" dir="1" index="2" bw="1" slack="0"/>
</pin_list>
<bind>
<opcode="xor(25) " fcode="xor"/>
<opset="xor_ln24_4/4 "/>
</bind>
</comp>

<comp id="289" class="1004" name="xor_ln24_1_fu_289">
<pin_list>
<pin id="290" dir="0" index="0" bw="1" slack="0"/>
<pin id="291" dir="0" index="1" bw="1" slack="0"/>
<pin id="292" dir="1" index="2" bw="1" slack="0"/>
</pin_list>
<bind>
<opcode="xor(25) " fcode="xor"/>
<opset="xor_ln24_1/4 "/>
</bind>
</comp>

<comp id="295" class="1004" name="xor_ln24_3_fu_295">
<pin_list>
<pin id="296" dir="0" index="0" bw="1" slack="0"/>
<pin id="297" dir="0" index="1" bw="1" slack="0"/>
<pin id="298" dir="1" index="2" bw="1" slack="0"/>
</pin_list>
<bind>
<opcode="xor(25) " fcode="xor"/>
<opset="xor_ln24_3/4 "/>
</bind>
</comp>

<comp id="301" class="1004" name="or_ln24_fu_301">
<pin_list>
<pin id="302" dir="0" index="0" bw="1" slack="0"/>
<pin id="303" dir="0" index="1" bw="1" slack="0"/>
<pin id="304" dir="1" index="2" bw="1" slack="0"/>
</pin_list>
<bind>
<opcode="or(24) " fcode="or"/>
<opset="or_ln24/4 "/>
</bind>
</comp>

<comp id="307" class="1004" name="and_ln24_1_fu_307">
<pin_list>
<pin id="308" dir="0" index="0" bw="1" slack="0"/>
<pin id="309" dir="0" index="1" bw="1" slack="0"/>
<pin id="310" dir="1" index="2" bw="1" slack="0"/>
</pin_list>
<bind>
<opcode="and(23) " fcode="and"/>
<opset="and_ln24_1/4 "/>
</bind>
</comp>

<comp id="313" class="1004" name="or_ln24_3_fu_313">
<pin_list>
<pin id="314" dir="0" index="0" bw="1" slack="0"/>
<pin id="315" dir="0" index="1" bw="1" slack="0"/>
<pin id="316" dir="1" index="2" bw="1" slack="0"/>
</pin_list>
<bind>
<opcode="or(24) " fcode="or"/>
<opset="or_ln24_3/4 "/>
</bind>
</comp>

<comp id="319" class="1004" name="xor_ln24_5_fu_319">
<pin_list>
<pin id="320" dir="0" index="0" bw="1" slack="0"/>
<pin id="321" dir="0" index="1" bw="1" slack="0"/>
<pin id="322" dir="1" index="2" bw="1" slack="0"/>
</pin_list>
<bind>
<opcode="xor(25) " fcode="xor"/>
<opset="xor_ln24_5/4 "/>
</bind>
</comp>

<comp id="325" class="1004" name="and_ln24_2_fu_325">
<pin_list>
<pin id="326" dir="0" index="0" bw="1" slack="0"/>
<pin id="327" dir="0" index="1" bw="1" slack="0"/>
<pin id="328" dir="1" index="2" bw="1" slack="0"/>
</pin_list>
<bind>
<opcode="and(23) " fcode="and"/>
<opset="and_ln24_2/4 "/>
</bind>
</comp>

<comp id="331" class="1004" name="or_ln24_1_fu_331">
<pin_list>
<pin id="332" dir="0" index="0" bw="1" slack="0"/>
<pin id="333" dir="0" index="1" bw="1" slack="0"/>
<pin id="334" dir="1" index="2" bw="1" slack="1"/>
</pin_list>
<bind>
<opcode="or(24) " fcode="or"/>
<opset="or_ln24_1/4 "/>
</bind>
</comp>

<comp id="337" class="1004" name="select_ln24_fu_337">
<pin_list>
<pin id="338" dir="0" index="0" bw="1" slack="1"/>
<pin id="339" dir="0" index="1" bw="16" slack="0"/>
<pin id="340" dir="0" index="2" bw="16" slack="0"/>
<pin id="341" dir="1" index="3" bw="16" slack="0"/>
</pin_list>
<bind>
<opcode="select(49) " fcode="select"/>
<opset="select_ln24/5 "/>
</bind>
</comp>

<comp id="344" class="1004" name="val_2_fu_344">
<pin_list>
<pin id="345" dir="0" index="0" bw="1" slack="1"/>
<pin id="346" dir="0" index="1" bw="16" slack="0"/>
<pin id="347" dir="0" index="2" bw="16" slack="1"/>
<pin id="348" dir="1" index="3" bw="16" slack="0"/>
</pin_list>
<bind>
<opcode="select(49) " fcode="select"/>
<opset="val_2/5 "/>
</bind>
</comp>

<comp id="350" class="1004" name="trunc_ln24_fu_350">
<pin_list>
<pin id="351" dir="0" index="0" bw="16" slack="0"/>
<pin id="352" dir="1" index="1" bw="15" slack="0"/>
</pin_list>
<bind>
<opcode="trunc(33) " fcode="trunc"/>
<opset="trunc_ln24/5 "/>
</bind>
</comp>

<comp id="354" class="1004" name="tmp_8_fu_354">
<pin_list>
<pin id="355" dir="0" index="0" bw="1" slack="0"/>
<pin id="356" dir="0" index="1" bw="16" slack="0"/>
<pin id="357" dir="0" index="2" bw="5" slack="0"/>
<pin id="358" dir="1" index="3" bw="1" slack="0"/>
</pin_list>
<bind>
<opcode="bitselect(1000) " fcode="bitselect"/>
<opset="tmp_8/5 "/>
</bind>
</comp>

<comp id="362" class="1004" name="select_ln25_fu_362">
<pin_list>
<pin id="363" dir="0" index="0" bw="1" slack="0"/>
<pin id="364" dir="0" index="1" bw="15" slack="0"/>
<pin id="365" dir="0" index="2" bw="15" slack="0"/>
<pin id="366" dir="1" index="3" bw="15" slack="0"/>
</pin_list>
<bind>
<opcode="select(49) " fcode="select"/>
<opset="select_ln25/5 "/>
</bind>
</comp>

<comp id="371" class="1005" name="r_reg_371">
<pin_list>
<pin id="372" dir="0" index="0" bw="8" slack="0"/>
<pin id="373" dir="1" index="1" bw="8" slack="0"/>
</pin_list>
<bind>
<opset="r "/>
</bind>
</comp>

<comp id="378" class="1005" name="gain_val_cast_reg_378">
<pin_list>
<pin id="379" dir="0" index="0" bw="25" slack="3"/>
<pin id="380" dir="1" index="1" bw="25" slack="3"/>
</pin_list>
<bind>
<opset="gain_val_cast "/>
</bind>
</comp>

<comp id="383" class="1005" name="zext_ln22_reg_383">
<pin_list>
<pin id="384" dir="0" index="0" bw="25" slack="3"/>
<pin id="385" dir="1" index="1" bw="25" slack="3"/>
</pin_list>
<bind>
<opset="zext_ln22 "/>
</bind>
</comp>

<comp id="391" class="1005" name="add_ln22_reg_391">
<pin_list>
<pin id="392" dir="0" index="0" bw="8" slack="1"/>
<pin id="393" dir="1" index="1" bw="8" slack="1"/>
</pin_list>
<bind>
<opset="add_ln22 "/>
</bind>
</comp>

<comp id="396" class="1005" name="tmp_7_reg_396">
<pin_list>
<pin id="397" dir="0" index="0" bw="14" slack="1"/>
<pin id="398" dir="1" index="1" bw="14" slack="1"/>
</pin_list>
<bind>
<opset="tmp_7 "/>
</bind>
</comp>

<comp id="404" class="1005" name="add_ln23_reg_404">
<pin_list>
<pin id="405" dir="0" index="0" bw="8" slack="0"/>
<pin id="406" dir="1" index="1" bw="8" slack="0"/>
</pin_list>
<bind>
<opset="add_ln23 "/>
</bind>
</comp>

<comp id="409" class="1005" name="zext_ln24_2_reg_409">
<pin_list>
<pin id="410" dir="0" index="0" bw="64" slack="2"/>
<pin id="411" dir="1" index="1" bw="64" slack="2"/>
</pin_list>
<bind>
<opset="zext_ln24_2 "/>
</bind>
</comp>

<comp id="414" class="1005" name="input_addr_reg_414">
<pin_list>
<pin id="415" dir="0" index="0" bw="14" slack="1"/>
<pin id="416" dir="1" index="1" bw="14" slack="1"/>
</pin_list>
<bind>
<opset="input_addr "/>
</bind>
</comp>

<comp id="419" class="1005" name="val_1_reg_419">
<pin_list>
<pin id="420" dir="0" index="0" bw="16" slack="1"/>
<pin id="421" dir="1" index="1" bw="16" slack="1"/>
</pin_list>
<bind>
<opset="val_1 "/>
</bind>
</comp>

<comp id="424" class="1005" name="and_ln24_1_reg_424">
<pin_list>
<pin id="425" dir="0" index="0" bw="1" slack="1"/>
<pin id="426" dir="1" index="1" bw="1" slack="1"/>
</pin_list>
<bind>
<opset="and_ln24_1 "/>
</bind>
</comp>

<comp id="429" class="1005" name="or_ln24_1_reg_429">
<pin_list>
<pin id="430" dir="0" index="0" bw="1" slack="1"/>
<pin id="431" dir="1" index="1" bw="1" slack="1"/>
</pin_list>
<bind>
<opset="or_ln24_1 "/>
</bind>
</comp>

</comp_list>

<net_list>
<net id="65"><net_src comp="8" pin="0"/><net_sink comp="62" pin=0"/></net>

<net id="70"><net_src comp="10" pin="0"/><net_sink comp="66" pin=0"/></net>

<net id="71"><net_src comp="6" pin="0"/><net_sink comp="66" pin=1"/></net>

<net id="76"><net_src comp="12" pin="0"/><net_sink comp="72" pin=0"/></net>

<net id="77"><net_src comp="4" pin="0"/><net_sink comp="72" pin=1"/></net>

<net id="83"><net_src comp="0" pin="0"/><net_sink comp="78" pin=0"/></net>

<net id="84"><net_src comp="34" pin="0"/><net_sink comp="78" pin=1"/></net>

<net id="90"><net_src comp="78" pin="3"/><net_sink comp="85" pin=0"/></net>

<net id="96"><net_src comp="2" pin="0"/><net_sink comp="91" pin=0"/></net>

<net id="97"><net_src comp="34" pin="0"/><net_sink comp="91" pin=1"/></net>

<net id="103"><net_src comp="91" pin="3"/><net_sink comp="98" pin=0"/></net>

<net id="107"><net_src comp="16" pin="0"/><net_sink comp="104" pin=0"/></net>

<net id="114"><net_src comp="104" pin="1"/><net_sink comp="108" pin=0"/></net>

<net id="118"><net_src comp="72" pin="2"/><net_sink comp="115" pin=0"/></net>

<net id="124"><net_src comp="14" pin="0"/><net_sink comp="119" pin=0"/></net>

<net id="125"><net_src comp="66" pin="2"/><net_sink comp="119" pin=1"/></net>

<net id="126"><net_src comp="16" pin="0"/><net_sink comp="119" pin=2"/></net>

<net id="130"><net_src comp="119" pin="3"/><net_sink comp="127" pin=0"/></net>

<net id="135"><net_src comp="16" pin="0"/><net_sink comp="131" pin=0"/></net>

<net id="143"><net_src comp="136" pin="1"/><net_sink comp="139" pin=0"/></net>

<net id="144"><net_src comp="18" pin="0"/><net_sink comp="139" pin=1"/></net>

<net id="149"><net_src comp="136" pin="1"/><net_sink comp="145" pin=0"/></net>

<net id="150"><net_src comp="20" pin="0"/><net_sink comp="145" pin=1"/></net>

<net id="154"><net_src comp="136" pin="1"/><net_sink comp="151" pin=0"/></net>

<net id="160"><net_src comp="22" pin="0"/><net_sink comp="155" pin=0"/></net>

<net id="161"><net_src comp="151" pin="1"/><net_sink comp="155" pin=1"/></net>

<net id="162"><net_src comp="24" pin="0"/><net_sink comp="155" pin=2"/></net>

<net id="167"><net_src comp="108" pin="4"/><net_sink comp="163" pin=0"/></net>

<net id="168"><net_src comp="18" pin="0"/><net_sink comp="163" pin=1"/></net>

<net id="173"><net_src comp="108" pin="4"/><net_sink comp="169" pin=0"/></net>

<net id="174"><net_src comp="20" pin="0"/><net_sink comp="169" pin=1"/></net>

<net id="178"><net_src comp="108" pin="4"/><net_sink comp="175" pin=0"/></net>

<net id="183"><net_src comp="175" pin="1"/><net_sink comp="179" pin=1"/></net>

<net id="187"><net_src comp="179" pin="2"/><net_sink comp="184" pin=0"/></net>

<net id="188"><net_src comp="184" pin="1"/><net_sink comp="78" pin=2"/></net>

<net id="196"><net_src comp="85" pin="3"/><net_sink comp="193" pin=0"/></net>

<net id="201"><net_src comp="193" pin="1"/><net_sink comp="197" pin=0"/></net>

<net id="206"><net_src comp="197" pin="2"/><net_sink comp="202" pin=1"/></net>

<net id="212"><net_src comp="36" pin="0"/><net_sink comp="207" pin=0"/></net>

<net id="213"><net_src comp="202" pin="2"/><net_sink comp="207" pin=1"/></net>

<net id="214"><net_src comp="38" pin="0"/><net_sink comp="207" pin=2"/></net>

<net id="221"><net_src comp="40" pin="0"/><net_sink comp="215" pin=0"/></net>

<net id="222"><net_src comp="202" pin="2"/><net_sink comp="215" pin=1"/></net>

<net id="223"><net_src comp="42" pin="0"/><net_sink comp="215" pin=2"/></net>

<net id="224"><net_src comp="44" pin="0"/><net_sink comp="215" pin=3"/></net>

<net id="230"><net_src comp="36" pin="0"/><net_sink comp="225" pin=0"/></net>

<net id="231"><net_src comp="197" pin="2"/><net_sink comp="225" pin=1"/></net>

<net id="232"><net_src comp="46" pin="0"/><net_sink comp="225" pin=2"/></net>

<net id="238"><net_src comp="36" pin="0"/><net_sink comp="233" pin=0"/></net>

<net id="239"><net_src comp="202" pin="2"/><net_sink comp="233" pin=1"/></net>

<net id="240"><net_src comp="44" pin="0"/><net_sink comp="233" pin=2"/></net>

<net id="244"><net_src comp="225" pin="3"/><net_sink comp="241" pin=0"/></net>

<net id="249"><net_src comp="215" pin="4"/><net_sink comp="245" pin=0"/></net>

<net id="250"><net_src comp="241" pin="1"/><net_sink comp="245" pin=1"/></net>

<net id="256"><net_src comp="48" pin="0"/><net_sink comp="251" pin=0"/></net>

<net id="257"><net_src comp="245" pin="2"/><net_sink comp="251" pin=1"/></net>

<net id="258"><net_src comp="50" pin="0"/><net_sink comp="251" pin=2"/></net>

<net id="263"><net_src comp="251" pin="3"/><net_sink comp="259" pin=0"/></net>

<net id="264"><net_src comp="52" pin="0"/><net_sink comp="259" pin=1"/></net>

<net id="269"><net_src comp="233" pin="3"/><net_sink comp="265" pin=0"/></net>

<net id="270"><net_src comp="259" pin="2"/><net_sink comp="265" pin=1"/></net>

<net id="275"><net_src comp="233" pin="3"/><net_sink comp="271" pin=0"/></net>

<net id="276"><net_src comp="52" pin="0"/><net_sink comp="271" pin=1"/></net>

<net id="281"><net_src comp="251" pin="3"/><net_sink comp="277" pin=0"/></net>

<net id="282"><net_src comp="271" pin="2"/><net_sink comp="277" pin=1"/></net>

<net id="287"><net_src comp="207" pin="3"/><net_sink comp="283" pin=0"/></net>

<net id="288"><net_src comp="277" pin="2"/><net_sink comp="283" pin=1"/></net>

<net id="293"><net_src comp="207" pin="3"/><net_sink comp="289" pin=0"/></net>

<net id="294"><net_src comp="52" pin="0"/><net_sink comp="289" pin=1"/></net>

<net id="299"><net_src comp="283" pin="2"/><net_sink comp="295" pin=0"/></net>

<net id="300"><net_src comp="52" pin="0"/><net_sink comp="295" pin=1"/></net>

<net id="305"><net_src comp="251" pin="3"/><net_sink comp="301" pin=0"/></net>

<net id="306"><net_src comp="295" pin="2"/><net_sink comp="301" pin=1"/></net>

<net id="311"><net_src comp="301" pin="2"/><net_sink comp="307" pin=0"/></net>

<net id="312"><net_src comp="289" pin="2"/><net_sink comp="307" pin=1"/></net>

<net id="317"><net_src comp="265" pin="2"/><net_sink comp="313" pin=0"/></net>

<net id="318"><net_src comp="251" pin="3"/><net_sink comp="313" pin=1"/></net>

<net id="323"><net_src comp="313" pin="2"/><net_sink comp="319" pin=0"/></net>

<net id="324"><net_src comp="52" pin="0"/><net_sink comp="319" pin=1"/></net>

<net id="329"><net_src comp="207" pin="3"/><net_sink comp="325" pin=0"/></net>

<net id="330"><net_src comp="319" pin="2"/><net_sink comp="325" pin=1"/></net>

<net id="335"><net_src comp="307" pin="2"/><net_sink comp="331" pin=0"/></net>

<net id="336"><net_src comp="325" pin="2"/><net_sink comp="331" pin=1"/></net>

<net id="342"><net_src comp="56" pin="0"/><net_sink comp="337" pin=1"/></net>

<net id="343"><net_src comp="58" pin="0"/><net_sink comp="337" pin=2"/></net>

<net id="349"><net_src comp="337" pin="3"/><net_sink comp="344" pin=1"/></net>

<net id="353"><net_src comp="344" pin="3"/><net_sink comp="350" pin=0"/></net>

<net id="359"><net_src comp="48" pin="0"/><net_sink comp="354" pin=0"/></net>

<net id="360"><net_src comp="344" pin="3"/><net_sink comp="354" pin=1"/></net>

<net id="361"><net_src comp="50" pin="0"/><net_sink comp="354" pin=2"/></net>

<net id="367"><net_src comp="354" pin="3"/><net_sink comp="362" pin=0"/></net>

<net id="368"><net_src comp="60" pin="0"/><net_sink comp="362" pin=1"/></net>

<net id="369"><net_src comp="350" pin="1"/><net_sink comp="362" pin=2"/></net>

<net id="370"><net_src comp="362" pin="3"/><net_sink comp="98" pin=1"/></net>

<net id="374"><net_src comp="62" pin="1"/><net_sink comp="371" pin=0"/></net>

<net id="375"><net_src comp="371" pin="1"/><net_sink comp="131" pin=1"/></net>

<net id="376"><net_src comp="371" pin="1"/><net_sink comp="136" pin=0"/></net>

<net id="377"><net_src comp="371" pin="1"/><net_sink comp="189" pin=1"/></net>

<net id="381"><net_src comp="115" pin="1"/><net_sink comp="378" pin=0"/></net>

<net id="382"><net_src comp="378" pin="1"/><net_sink comp="197" pin=1"/></net>

<net id="386"><net_src comp="127" pin="1"/><net_sink comp="383" pin=0"/></net>

<net id="387"><net_src comp="383" pin="1"/><net_sink comp="202" pin=0"/></net>

<net id="394"><net_src comp="145" pin="2"/><net_sink comp="391" pin=0"/></net>

<net id="395"><net_src comp="391" pin="1"/><net_sink comp="189" pin=0"/></net>

<net id="399"><net_src comp="155" pin="3"/><net_sink comp="396" pin=0"/></net>

<net id="400"><net_src comp="396" pin="1"/><net_sink comp="179" pin=0"/></net>

<net id="407"><net_src comp="169" pin="2"/><net_sink comp="404" pin=0"/></net>

<net id="408"><net_src comp="404" pin="1"/><net_sink comp="108" pin=2"/></net>

<net id="412"><net_src comp="184" pin="1"/><net_sink comp="409" pin=0"/></net>

<net id="413"><net_src comp="409" pin="1"/><net_sink comp="91" pin=2"/></net>

<net id="417"><net_src comp="78" pin="3"/><net_sink comp="414" pin=0"/></net>

<net id="418"><net_src comp="414" pin="1"/><net_sink comp="85" pin=0"/></net>

<net id="422"><net_src comp="245" pin="2"/><net_sink comp="419" pin=0"/></net>

<net id="423"><net_src comp="419" pin="1"/><net_sink comp="344" pin=2"/></net>

<net id="427"><net_src comp="307" pin="2"/><net_sink comp="424" pin=0"/></net>

<net id="428"><net_src comp="424" pin="1"/><net_sink comp="337" pin=0"/></net>

<net id="432"><net_src comp="331" pin="2"/><net_sink comp="429" pin=0"/></net>

<net id="433"><net_src comp="429" pin="1"/><net_sink comp="344" pin=0"/></net>

</net_list>

</model> 
---------------- Datapath Model END ------------------

* FSMD analyzer results:
  - Output states:
	Port: input_r | {}
	Port: output_r | {5 }
 - Input state : 
	Port: calibrate_sensor : input_r | {3 4 }
	Port: calibrate_sensor : output_r | {}
	Port: calibrate_sensor : gain_val | {1 }
	Port: calibrate_sensor : offset_val | {1 }
  - Chain level:
	State 1
		zext_ln22 : 1
		store_ln22 : 1
	State 2
		icmp_ln22 : 1
		add_ln22 : 1
		br_ln22 : 2
		trunc_ln22 : 1
		tmp_7 : 2
	State 3
		icmp_ln23 : 1
		add_ln23 : 1
		br_ln23 : 2
		zext_ln24_1 : 1
		add_ln24_1 : 2
		zext_ln24_2 : 3
		input_addr : 4
		input_load : 5
	State 4
		sext_ln24 : 1
		mul_ln24 : 2
		add_ln24 : 3
		tmp : 4
		val : 4
		tmp_4 : 3
		tmp_5 : 4
		zext_ln24 : 4
		val_1 : 5
		tmp_6 : 6
		xor_ln24 : 7
		and_ln24 : 7
		xor_ln24_2 : 5
		or_ln24_2 : 7
		xor_ln24_4 : 7
		xor_ln24_1 : 5
		xor_ln24_3 : 7
		or_ln24 : 7
		and_ln24_1 : 7
		or_ln24_3 : 7
		xor_ln24_5 : 7
		and_ln24_2 : 7
		or_ln24_1 : 7
	State 5
		val_2 : 1
		trunc_ln24 : 2
		tmp_8 : 2
		select_ln25 : 3
		store_ln25 : 4


============================================================
+ Verbose Summary: Datapath Resource usage 
============================================================

* Functional unit list:
|----------|----------------------------|---------|---------|---------|
| Operation|       Functional Unit      |   DSP   |    FF   |   LUT   |
|----------|----------------------------|---------|---------|---------|
|          |       add_ln22_fu_145      |    0    |    0    |    15   |
|          |       add_ln23_fu_169      |    0    |    0    |    15   |
|    add   |      add_ln24_1_fu_179     |    0    |    0    |    21   |
|          |       add_ln24_fu_202      |    0    |    0    |    32   |
|          |        val_1_fu_245        |    0    |    0    |    23   |
|----------|----------------------------|---------|---------|---------|
|          |     select_ln24_fu_337     |    0    |    0    |    16   |
|  select  |        val_2_fu_344        |    0    |    0    |    16   |
|          |     select_ln25_fu_362     |    0    |    0    |    15   |
|----------|----------------------------|---------|---------|---------|
|   icmp   |      icmp_ln22_fu_139      |    0    |    0    |    15   |
|          |      icmp_ln23_fu_163      |    0    |    0    |    15   |
|----------|----------------------------|---------|---------|---------|
|          |       xor_ln24_fu_259      |    0    |    0    |    2    |
|          |      xor_ln24_2_fu_271     |    0    |    0    |    2    |
|    xor   |      xor_ln24_4_fu_283     |    0    |    0    |    2    |
|          |      xor_ln24_1_fu_289     |    0    |    0    |    2    |
|          |      xor_ln24_3_fu_295     |    0    |    0    |    2    |
|          |      xor_ln24_5_fu_319     |    0    |    0    |    2    |
|----------|----------------------------|---------|---------|---------|
|          |      or_ln24_2_fu_277      |    0    |    0    |    2    |
|    or    |       or_ln24_fu_301       |    0    |    0    |    2    |
|          |      or_ln24_3_fu_313      |    0    |    0    |    2    |
|          |      or_ln24_1_fu_331      |    0    |    0    |    2    |
|----------|----------------------------|---------|---------|---------|
|    mul   |       mul_ln24_fu_197      |    1    |    0    |    5    |
|----------|----------------------------|---------|---------|---------|
|          |       and_ln24_fu_265      |    0    |    0    |    2    |
|    and   |      and_ln24_1_fu_307     |    0    |    0    |    2    |
|          |      and_ln24_2_fu_325     |    0    |    0    |    2    |
|----------|----------------------------|---------|---------|---------|
|   read   | offset_val_read_read_fu_66 |    0    |    0    |    0    |
|          |  gain_val_read_read_fu_72  |    0    |    0    |    0    |
|----------|----------------------------|---------|---------|---------|
|          |    gain_val_cast_fu_115    |    0    |    0    |    0    |
|          |      zext_ln22_fu_127      |    0    |    0    |    0    |
|   zext   |     zext_ln24_1_fu_175     |    0    |    0    |    0    |
|          |     zext_ln24_2_fu_184     |    0    |    0    |    0    |
|          |      zext_ln24_fu_241      |    0    |    0    |    0    |
|----------|----------------------------|---------|---------|---------|
|bitconcatenate|     shl_i_i16_i_fu_119     |    0    |    0    |    0    |
|          |        tmp_7_fu_155        |    0    |    0    |    0    |
|----------|----------------------------|---------|---------|---------|
|   trunc  |      trunc_ln22_fu_151     |    0    |    0    |    0    |
|          |      trunc_ln24_fu_350     |    0    |    0    |    0    |
|----------|----------------------------|---------|---------|---------|
|   sext   |      sext_ln24_fu_193      |    0    |    0    |    0    |
|----------|----------------------------|---------|---------|---------|
|          |         tmp_fu_207         |    0    |    0    |    0    |
|          |        tmp_4_fu_225        |    0    |    0    |    0    |
| bitselect|        tmp_5_fu_233        |    0    |    0    |    0    |
|          |        tmp_6_fu_251        |    0    |    0    |    0    |
|          |        tmp_8_fu_354        |    0    |    0    |    0    |
|----------|----------------------------|---------|---------|---------|
|partselect|         val_fu_215         |    0    |    0    |    0    |
|----------|----------------------------|---------|---------|---------|
|   Total  |                            |    1    |    0    |   214   |
|----------|----------------------------|---------|---------|---------|

Memories:
N/A

* Register list:
+---------------------+--------+
|                     |   FF   |
+---------------------+--------+
|   add_ln22_reg_391  |    8   |
|   add_ln23_reg_404  |    8   |
|  and_ln24_1_reg_424 |    1   |
|      c_reg_104      |    8   |
|gain_val_cast_reg_378|   25   |
|  input_addr_reg_414 |   14   |
|  or_ln24_1_reg_429  |    1   |
|      r_reg_371      |    8   |
|    tmp_7_reg_396    |   14   |
|    val_1_reg_419    |   16   |
|  zext_ln22_reg_383  |   25   |
| zext_ln24_2_reg_409 |   64   |
+---------------------+--------+
|        Total        |   192  |
+---------------------+--------+

* Multiplexer (MUX) list: 
|------------------|------|------|------|--------||---------||---------||---------|
|       Comp       |  Pin | Size |  BW  | S x BW ||  Delay  ||    FF   ||   LUT   |
|------------------|------|------|------|--------||---------||---------||---------|
| grp_access_fu_85 |  p0  |   2  |  14  |   28   ||    0    ||    9    |
|------------------|------|------|------|--------||---------||---------||---------|
|       Total      |      |      |      |   28   ||  0.489  ||    0    ||    9    |
|------------------|------|------|------|--------||---------||---------||---------|



* Summary:
+-----------+--------+--------+--------+--------+
|           |   DSP  |  Delay |   FF   |   LUT  |
+-----------+--------+--------+--------+--------+
|  Function |    1   |    -   |    0   |   214  |
|   Memory  |    -   |    -   |    -   |    -   |
|Multiplexer|    -   |    0   |    0   |    9   |
|  Register |    -   |    -   |   192  |    -   |
+-----------+--------+--------+--------+--------+
|   Total   |    1   |    0   |   192  |   223  |
+-----------+--------+--------+--------+--------+
