

================================================================
== Vitis HLS Report for 'slow_noise_reduction'
================================================================
* Date:           Sat Mar 28 00:00:30 2026

* Version:        2025.1.1 (Build 6214317 on Sep 11 2025)
* Project:        project_1
* Solution:       hls (Vivado IP Flow Target)
* Product family: zynquplus
* Target device:  xczu3eg-sbva484-1-e


================================================================
== Performance Estimates
================================================================
+ Timing: 
    * Summary: 
    +--------+----------+----------+------------+
    |  Clock |  Target  | Estimated| Uncertainty|
    +--------+----------+----------+------------+
    |ap_clk  |  10.00 ns|  5.488 ns|     2.70 ns|
    +--------+----------+----------+------------+

+ Latency: 
    * Summary: 
    +---------+---------+----------+----------+-----+-----+---------+
    |  Latency (cycles) |  Latency (absolute) |  Interval | Pipeline|
    |   min   |   max   |    min   |    max   | min | max |   Type  |
    +---------+---------+----------+----------+-----+-----+---------+
    |        ?|        ?|         ?|         ?|    ?|    ?|       no|
    +---------+---------+----------+----------+-----+-----+---------+

    + Detail: 
        * Instance: 
        N/A

        * Loop: 
        +--------------------------+---------+---------+----------+-----------+-----------+------+----------+
        |                          |  Latency (cycles) | Iteration|  Initiation Interval  | Trip |          |
        |         Loop Name        |   min   |   max   |  Latency |  achieved |   target  | Count| Pipelined|
        +--------------------------+---------+---------+----------+-----------+-----------+------+----------+
        |- VITIS_LOOP_6_1          |        ?|        ?|         ?|          -|          -|   128|        no|
        | + VITIS_LOOP_7_2         |        ?|        ?|         ?|          -|          -|   128|        no|
        |  ++ VITIS_LOOP_9_3       |        ?|        ?|    2 ~ 27|          -|          -|     ?|        no|
        |   +++ VITIS_LOOP_14_4    |       24|       24|         8|          -|          -|     3|        no|
        |    ++++ VITIS_LOOP_15_5  |        6|        6|         2|          -|          -|     3|        no|
        +--------------------------+---------+---------+----------+-----------+-----------+------+----------+

============================================================
+ Verbose Summary: Synthesis Manager
============================================================
InlineROM: 1
ExposeGlobal: 0
============================================================
+ Verbose Summary: CDFG Model
============================================================
IsTopModel: 0
ResetActiveHigh: 1
IsCombinational: 0
IsDatapathOnly: 0
HasWiredReturn: 1
HasMFsm: 0
HasVarLatency: 1
IsPipeline: 0
IsRtlPipelined: 0
IsInstanceOverlapped: 0
IsDontTouch: 0
HasImplIP: 0
IsGatedGlobalClock: 0


============================================================
+ Verbose Summary: Schedule
============================================================
* Number of FSM states : 9
* Pipeline : 0
* Dataflow Pipeline: 0

* FSM state transitions: 
1 --> 2 
2 --> 3 
3 --> 4 2 
4 --> 5 
5 --> 9 6 3 
6 --> 7 9 
7 --> 8 6 
8 --> 7 
9 --> 5 

* FSM state operations: 

State 1 <SV = 0> <Delay = 0.48>
ST_1 : Operation 10 [1/1] (0.00ns)   --->   "%r = alloca i32 1" [baseline.cpp:6]   --->   Operation 10 'alloca' 'r' <Predicate = true> <Delay = 0.00>
ST_1 : Operation 11 [1/1] (0.00ns)   --->   "%specinterface_ln0 = specinterface void @_ssdm_op_SpecInterface, i16 %red_in, void @empty, i32 0, i32 0, void @empty_0, i32 4294967295, i32 0, void @empty_0, void @empty_0, void @empty_0, i32 0, i32 0, i32 0, i32 0, void @empty_0, void @empty_0, i32 4294967295, i32 0, i32 0"   --->   Operation 11 'specinterface' 'specinterface_ln0' <Predicate = true> <Delay = 0.00>
ST_1 : Operation 12 [1/1] (0.00ns)   --->   "%waste = alloca i64 1"   --->   Operation 12 'alloca' 'waste' <Predicate = true> <Delay = 0.00>
ST_1 : Operation 13 [1/1] (0.48ns)   --->   "%store_ln6 = store i8 0, i8 %r" [baseline.cpp:6]   --->   Operation 13 'store' 'store_ln6' <Predicate = true> <Delay = 0.48>
ST_1 : Operation 14 [1/1] (0.00ns)   --->   "%br_ln6 = br void %VITIS_LOOP_7_2" [baseline.cpp:6]   --->   Operation 14 'br' 'br_ln6' <Predicate = true> <Delay = 0.00>

State 2 <SV = 1> <Delay = 1.39>
ST_2 : Operation 15 [1/1] (0.00ns)   --->   "%r_1 = load i8 %r" [baseline.cpp:6]   --->   Operation 15 'load' 'r_1' <Predicate = true> <Delay = 0.00>
ST_2 : Operation 16 [1/1] (0.90ns)   --->   "%icmp_ln6 = icmp_eq  i8 %r_1, i8 128" [baseline.cpp:6]   --->   Operation 16 'icmp' 'icmp_ln6' <Predicate = true> <Delay = 0.90> <CoreInst = "Cmp">   --->   Core 9 'Cmp' <Latency = 0> <II = 1> <Delay = 0.90> <FuncUnit> <Opcode : 'seteq' 'setne' 'setle' 'setge' 'setlt' 'setgt'> <InPorts = 2> <OutPorts = 1>
ST_2 : Operation 17 [1/1] (0.90ns)   --->   "%add_ln6 = add i8 %r_1, i8 1" [baseline.cpp:6]   --->   Operation 17 'add' 'add_ln6' <Predicate = true> <Delay = 0.90> <CoreInst = "Adder">   --->   Core 1 'Adder' <Latency = 0> <II = 1> <Delay = 0.90> <FuncUnit> <Opcode : 'add' 'sub'> <InPorts = 2> <OutPorts = 1>
ST_2 : Operation 18 [1/1] (0.00ns)   --->   "%br_ln6 = br i1 %icmp_ln6, void %VITIS_LOOP_7_2.split, void %for.end50" [baseline.cpp:6]   --->   Operation 18 'br' 'br_ln6' <Predicate = true> <Delay = 0.00>
ST_2 : Operation 19 [1/1] (0.00ns)   --->   "%trunc_ln6 = trunc i8 %r_1" [baseline.cpp:6]   --->   Operation 19 'trunc' 'trunc_ln6' <Predicate = (!icmp_ln6)> <Delay = 0.00>
ST_2 : Operation 20 [1/1] (0.00ns)   --->   "%tmp = bitconcatenate i14 @_ssdm_op_BitConcatenate.i14.i7.i7, i7 %trunc_ln6, i7 0" [baseline.cpp:6]   --->   Operation 20 'bitconcatenate' 'tmp' <Predicate = (!icmp_ln6)> <Delay = 0.00>
ST_2 : Operation 21 [1/1] (0.00ns)   --->   "%speclooptripcount_ln6 = speclooptripcount void @_ssdm_op_SpecLoopTripCount, i64 128, i64 128, i64 128" [baseline.cpp:6]   --->   Operation 21 'speclooptripcount' 'speclooptripcount_ln6' <Predicate = (!icmp_ln6)> <Delay = 0.00>
ST_2 : Operation 22 [1/1] (0.00ns)   --->   "%specloopname_ln6 = specloopname void @_ssdm_op_SpecLoopName, void @empty_10" [baseline.cpp:6]   --->   Operation 22 'specloopname' 'specloopname_ln6' <Predicate = (!icmp_ln6)> <Delay = 0.00>
ST_2 : Operation 23 [1/1] (0.90ns)   --->   "%cmp9 = icmp_eq  i8 %r_1, i8 0" [baseline.cpp:6]   --->   Operation 23 'icmp' 'cmp9' <Predicate = (!icmp_ln6)> <Delay = 0.90> <CoreInst = "Cmp">   --->   Core 9 'Cmp' <Latency = 0> <II = 1> <Delay = 0.90> <FuncUnit> <Opcode : 'seteq' 'setne' 'setle' 'setge' 'setlt' 'setgt'> <InPorts = 2> <OutPorts = 1>
ST_2 : Operation 24 [1/1] (0.90ns)   --->   "%cmp10 = icmp_ugt  i8 %r_1, i8 126" [baseline.cpp:6]   --->   Operation 24 'icmp' 'cmp10' <Predicate = (!icmp_ln6)> <Delay = 0.90> <CoreInst = "Cmp">   --->   Core 9 'Cmp' <Latency = 0> <II = 1> <Delay = 0.90> <FuncUnit> <Opcode : 'seteq' 'setne' 'setle' 'setge' 'setlt' 'setgt'> <InPorts = 2> <OutPorts = 1>
ST_2 : Operation 25 [1/1] (0.33ns)   --->   "%tmp1 = or i1 %cmp9, i1 %cmp10" [baseline.cpp:6]   --->   Operation 25 'or' 'tmp1' <Predicate = (!icmp_ln6)> <Delay = 0.33> <CoreInst = "LogicGate">   --->   Core 74 'LogicGate' <Latency = 0> <II = 1> <Delay = 0.33> <FuncUnit> <Opcode : 'and' 'or' 'xor'> <InPorts = 2> <OutPorts = 1>
ST_2 : Operation 26 [1/1] (0.48ns)   --->   "%br_ln7 = br void %VITIS_LOOP_9_3" [baseline.cpp:7]   --->   Operation 26 'br' 'br_ln7' <Predicate = (!icmp_ln6)> <Delay = 0.48>
ST_2 : Operation 27 [1/1] (0.00ns)   --->   "%ret_ln24 = ret" [baseline.cpp:24]   --->   Operation 27 'ret' 'ret_ln24' <Predicate = (icmp_ln6)> <Delay = 0.00>

State 3 <SV = 2> <Delay = 2.34>
ST_3 : Operation 28 [1/1] (0.00ns)   --->   "%c = phi i8 0, void %VITIS_LOOP_7_2.split, i8 %add_ln7, void %for.inc45" [baseline.cpp:7]   --->   Operation 28 'phi' 'c' <Predicate = true> <Delay = 0.00>
ST_3 : Operation 29 [1/1] (0.90ns)   --->   "%icmp_ln7 = icmp_eq  i8 %c, i8 128" [baseline.cpp:7]   --->   Operation 29 'icmp' 'icmp_ln7' <Predicate = true> <Delay = 0.90> <CoreInst = "Cmp">   --->   Core 9 'Cmp' <Latency = 0> <II = 1> <Delay = 0.90> <FuncUnit> <Opcode : 'seteq' 'setne' 'setle' 'setge' 'setlt' 'setgt'> <InPorts = 2> <OutPorts = 1>
ST_3 : Operation 30 [1/1] (0.90ns)   --->   "%add_ln7 = add i8 %c, i8 1" [baseline.cpp:7]   --->   Operation 30 'add' 'add_ln7' <Predicate = true> <Delay = 0.90> <CoreInst = "Adder">   --->   Core 1 'Adder' <Latency = 0> <II = 1> <Delay = 0.90> <FuncUnit> <Opcode : 'add' 'sub'> <InPorts = 2> <OutPorts = 1>
ST_3 : Operation 31 [1/1] (0.00ns)   --->   "%br_ln7 = br i1 %icmp_ln7, void %VITIS_LOOP_9_3.split, void %for.inc48" [baseline.cpp:7]   --->   Operation 31 'br' 'br_ln7' <Predicate = true> <Delay = 0.00>
ST_3 : Operation 32 [1/1] (0.00ns)   --->   "%trunc_ln7 = trunc i8 %c" [baseline.cpp:7]   --->   Operation 32 'trunc' 'trunc_ln7' <Predicate = (!icmp_ln7)> <Delay = 0.00>
ST_3 : Operation 33 [1/1] (0.00ns)   --->   "%c_cast = zext i8 %c" [baseline.cpp:7]   --->   Operation 33 'zext' 'c_cast' <Predicate = (!icmp_ln7)> <Delay = 0.00>
ST_3 : Operation 34 [1/1] (0.98ns)   --->   "%empty = add i14 %tmp, i14 %c_cast" [baseline.cpp:6]   --->   Operation 34 'add' 'empty' <Predicate = (!icmp_ln7)> <Delay = 0.98> <CoreInst = "Adder">   --->   Core 1 'Adder' <Latency = 0> <II = 1> <Delay = 0.98> <FuncUnit> <Opcode : 'add' 'sub'> <InPorts = 2> <OutPorts = 1>
ST_3 : Operation 35 [1/1] (0.00ns)   --->   "%p_cast = zext i14 %empty" [baseline.cpp:6]   --->   Operation 35 'zext' 'p_cast' <Predicate = (!icmp_ln7)> <Delay = 0.00>
ST_3 : Operation 36 [1/1] (0.00ns)   --->   "%red_in_addr = getelementptr i16 %red_in, i64 0, i64 %p_cast" [baseline.cpp:6]   --->   Operation 36 'getelementptr' 'red_in_addr' <Predicate = (!icmp_ln7)> <Delay = 0.00>
ST_3 : Operation 37 [1/1] (0.00ns)   --->   "%output_addr = getelementptr i16 %output_r, i64 0, i64 %p_cast" [baseline.cpp:6]   --->   Operation 37 'getelementptr' 'output_addr' <Predicate = (!icmp_ln7)> <Delay = 0.00>
ST_3 : Operation 38 [1/1] (0.48ns)   --->   "%store_ln9 = store i32 0, i32 %waste" [baseline.cpp:9]   --->   Operation 38 'store' 'store_ln9' <Predicate = (!icmp_ln7)> <Delay = 0.48>
ST_3 : Operation 39 [1/1] (0.90ns)   --->   "%cmp12 = icmp_eq  i8 %c, i8 0" [baseline.cpp:7]   --->   Operation 39 'icmp' 'cmp12' <Predicate = (!icmp_ln7)> <Delay = 0.90> <CoreInst = "Cmp">   --->   Core 9 'Cmp' <Latency = 0> <II = 1> <Delay = 0.90> <FuncUnit> <Opcode : 'seteq' 'setne' 'setle' 'setge' 'setlt' 'setgt'> <InPorts = 2> <OutPorts = 1>
ST_3 : Operation 40 [1/1] (0.90ns)   --->   "%cmp14 = icmp_ugt  i8 %c, i8 126" [baseline.cpp:7]   --->   Operation 40 'icmp' 'cmp14' <Predicate = (!icmp_ln7)> <Delay = 0.90> <CoreInst = "Cmp">   --->   Core 9 'Cmp' <Latency = 0> <II = 1> <Delay = 0.90> <FuncUnit> <Opcode : 'seteq' 'setne' 'setle' 'setge' 'setlt' 'setgt'> <InPorts = 2> <OutPorts = 1>
ST_3 : Operation 41 [1/1] (0.00ns) (grouped into LUT with out node brmerge11)   --->   "%tmp2 = or i1 %cmp12, i1 %cmp14" [baseline.cpp:7]   --->   Operation 41 'or' 'tmp2' <Predicate = (!icmp_ln7)> <Delay = 0.00> <CoreInst = "LogicGate">   --->   Core 74 'LogicGate' <Latency = 0> <II = 1> <Delay = 0.33> <FuncUnit> <Opcode : 'and' 'or' 'xor'> <InPorts = 2> <OutPorts = 1>
ST_3 : Operation 42 [1/1] (0.33ns) (out node of the LUT)   --->   "%brmerge11 = or i1 %tmp2, i1 %tmp1" [baseline.cpp:7]   --->   Operation 42 'or' 'brmerge11' <Predicate = (!icmp_ln7)> <Delay = 0.33> <CoreInst = "LogicGate">   --->   Core 74 'LogicGate' <Latency = 0> <II = 1> <Delay = 0.33> <FuncUnit> <Opcode : 'and' 'or' 'xor'> <InPorts = 2> <OutPorts = 1>
ST_3 : Operation 43 [2/2] (1.35ns)   --->   "%red_in_load = load i14 %red_in_addr" [baseline.cpp:11]   --->   Operation 43 'load' 'red_in_load' <Predicate = (!icmp_ln7)> <Delay = 1.35> <CoreInst = "RAM">   --->   Core 82 'RAM' <Latency = 1> <II = 1> <Delay = 1.35> <Storage> <Opcode : 'load' 'store'> <Ports = 2> <Width = 16> <Depth = 16384> <RAM>
ST_3 : Operation 44 [1/1] (0.48ns)   --->   "%store_ln6 = store i8 %add_ln6, i8 %r" [baseline.cpp:6]   --->   Operation 44 'store' 'store_ln6' <Predicate = (icmp_ln7)> <Delay = 0.48>
ST_3 : Operation 45 [1/1] (0.00ns)   --->   "%br_ln6 = br void %VITIS_LOOP_7_2" [baseline.cpp:6]   --->   Operation 45 'br' 'br_ln6' <Predicate = (icmp_ln7)> <Delay = 0.00>

State 4 <SV = 3> <Delay = 1.35>
ST_4 : Operation 46 [1/1] (0.00ns)   --->   "%speclooptripcount_ln9 = speclooptripcount void @_ssdm_op_SpecLoopTripCount, i64 128, i64 128, i64 128" [baseline.cpp:9]   --->   Operation 46 'speclooptripcount' 'speclooptripcount_ln9' <Predicate = true> <Delay = 0.00>
ST_4 : Operation 47 [1/1] (0.00ns)   --->   "%specloopname_ln7 = specloopname void @_ssdm_op_SpecLoopName, void @empty_9" [baseline.cpp:7]   --->   Operation 47 'specloopname' 'specloopname_ln7' <Predicate = true> <Delay = 0.00>
ST_4 : Operation 48 [1/2] ( I:1.35ns O:1.35ns )   --->   "%red_in_load = load i14 %red_in_addr" [baseline.cpp:11]   --->   Operation 48 'load' 'red_in_load' <Predicate = true> <Delay = 1.35> <CoreInst = "RAM">   --->   Core 82 'RAM' <Latency = 1> <II = 1> <Delay = 1.35> <Storage> <Opcode : 'load' 'store'> <Ports = 2> <Width = 16> <Depth = 16384> <RAM>
ST_4 : Operation 49 [1/1] (0.00ns)   --->   "%br_ln9 = br void %for.cond5" [baseline.cpp:9]   --->   Operation 49 'br' 'br_ln9' <Predicate = true> <Delay = 0.00>

State 5 <SV = 4> <Delay = 1.69>
ST_5 : Operation 50 [1/1] (0.00ns)   --->   "%waste_load = load i32 %waste" [baseline.cpp:9]   --->   Operation 50 'load' 'waste_load' <Predicate = true> <Delay = 0.00>
ST_5 : Operation 51 [1/1] (1.20ns)   --->   "%icmp_ln9 = icmp_slt  i32 %waste_load, i32 10" [baseline.cpp:9]   --->   Operation 51 'icmp' 'icmp_ln9' <Predicate = true> <Delay = 1.20> <CoreInst = "Cmp">   --->   Core 9 'Cmp' <Latency = 0> <II = 1> <Delay = 1.20> <FuncUnit> <Opcode : 'seteq' 'setne' 'setle' 'setge' 'setlt' 'setgt'> <InPorts = 2> <OutPorts = 1>
ST_5 : Operation 52 [1/1] (0.00ns)   --->   "%br_ln9 = br i1 %icmp_ln9, void %for.inc45, void %for.body8" [baseline.cpp:9]   --->   Operation 52 'br' 'br_ln9' <Predicate = true> <Delay = 0.00>
ST_5 : Operation 53 [1/1] (0.00ns)   --->   "%specloopname_ln9 = specloopname void @_ssdm_op_SpecLoopName, void @empty_8" [baseline.cpp:9]   --->   Operation 53 'specloopname' 'specloopname_ln9' <Predicate = (icmp_ln9)> <Delay = 0.00>
ST_5 : Operation 54 [1/1] (0.48ns)   --->   "%br_ln10 = br i1 %brmerge11, void %VITIS_LOOP_15_5.preheader, void %for.inc42" [baseline.cpp:10]   --->   Operation 54 'br' 'br_ln10' <Predicate = (icmp_ln9)> <Delay = 0.48>
ST_5 : Operation 55 [1/1] (0.48ns)   --->   "%br_ln14 = br void %VITIS_LOOP_15_5" [baseline.cpp:14]   --->   Operation 55 'br' 'br_ln14' <Predicate = (icmp_ln9 & !brmerge11)> <Delay = 0.48>
ST_5 : Operation 56 [1/1] (0.00ns)   --->   "%br_ln7 = br void %VITIS_LOOP_9_3" [baseline.cpp:7]   --->   Operation 56 'br' 'br_ln7' <Predicate = (!icmp_ln9)> <Delay = 0.00>

State 6 <SV = 5> <Delay = 5.48>
ST_6 : Operation 57 [1/1] (0.00ns)   --->   "%kr = phi i3 %add_ln14, void %for.inc34, i3 7, void %VITIS_LOOP_15_5.preheader" [baseline.cpp:14]   --->   Operation 57 'phi' 'kr' <Predicate = true> <Delay = 0.00>
ST_6 : Operation 58 [1/1] (0.00ns)   --->   "%sum = phi i16 %sum_2, void %for.inc34, i16 0, void %VITIS_LOOP_15_5.preheader"   --->   Operation 58 'phi' 'sum' <Predicate = true> <Delay = 0.00>
ST_6 : Operation 59 [1/1] (0.74ns)   --->   "%icmp_ln14 = icmp_eq  i3 %kr, i3 2" [baseline.cpp:14]   --->   Operation 59 'icmp' 'icmp_ln14' <Predicate = true> <Delay = 0.74> <CoreInst = "Cmp">   --->   Core 9 'Cmp' <Latency = 0> <II = 1> <Delay = 0.74> <FuncUnit> <Opcode : 'seteq' 'setne' 'setle' 'setge' 'setlt' 'setgt'> <InPorts = 2> <OutPorts = 1>
ST_6 : Operation 60 [1/1] (0.00ns)   --->   "%br_ln14 = br i1 %icmp_ln14, void %VITIS_LOOP_15_5.split, void %for.end36" [baseline.cpp:14]   --->   Operation 60 'br' 'br_ln14' <Predicate = true> <Delay = 0.00>
ST_6 : Operation 61 [1/1] (0.00ns)   --->   "%sext_ln14 = sext i3 %kr" [baseline.cpp:14]   --->   Operation 61 'sext' 'sext_ln14' <Predicate = (!icmp_ln14)> <Delay = 0.00>
ST_6 : Operation 62 [1/1] (0.00ns)   --->   "%speclooptripcount_ln13 = speclooptripcount void @_ssdm_op_SpecLoopTripCount, i64 3, i64 3, i64 3" [baseline.cpp:13]   --->   Operation 62 'speclooptripcount' 'speclooptripcount_ln13' <Predicate = (!icmp_ln14)> <Delay = 0.00>
ST_6 : Operation 63 [1/1] (0.00ns)   --->   "%specloopname_ln14 = specloopname void @_ssdm_op_SpecLoopName, void @empty_7" [baseline.cpp:14]   --->   Operation 63 'specloopname' 'specloopname_ln14' <Predicate = (!icmp_ln14)> <Delay = 0.00>
ST_6 : Operation 64 [1/1] (0.89ns)   --->   "%empty_28 = add i7 %sext_ln14, i7 %trunc_ln6" [baseline.cpp:14]   --->   Operation 64 'add' 'empty_28' <Predicate = (!icmp_ln14)> <Delay = 0.89> <CoreInst = "Adder">   --->   Core 1 'Adder' <Latency = 0> <II = 1> <Delay = 0.89> <FuncUnit> <Opcode : 'add' 'sub'> <InPorts = 2> <OutPorts = 1>
ST_6 : Operation 65 [1/1] (0.48ns)   --->   "%br_ln15 = br void %for.body28" [baseline.cpp:15]   --->   Operation 65 'br' 'br_ln15' <Predicate = (!icmp_ln14)> <Delay = 0.48>
ST_6 : Operation 66 [1/1] (0.00ns)   --->   "%sext_ln19 = sext i16 %sum" [baseline.cpp:19]   --->   Operation 66 'sext' 'sext_ln19' <Predicate = (icmp_ln14)> <Delay = 0.00>
ST_6 : Operation 67 [1/1] (2.83ns)   --->   "%mul_ln19 = mul i34 %sext_ln19, i34 116509" [baseline.cpp:19]   --->   Operation 67 'mul' 'mul_ln19' <Predicate = (icmp_ln14)> <Delay = 2.83> <CoreInst = "Multiplier">   --->   Core 3 'Multiplier' <Latency = 0> <II = 1> <Delay = 2.83> <FuncUnit> <Opcode : 'mul'> <InPorts = 2> <OutPorts = 1>
ST_6 : Operation 68 [1/1] (0.00ns)   --->   "%trunc_ln19 = trunc i34 %mul_ln19" [baseline.cpp:19]   --->   Operation 68 'trunc' 'trunc_ln19' <Predicate = (icmp_ln14)> <Delay = 0.00>
ST_6 : Operation 69 [1/1] (1.20ns)   --->   "%sub_ln19 = sub i33 0, i33 %trunc_ln19" [baseline.cpp:19]   --->   Operation 69 'sub' 'sub_ln19' <Predicate = (icmp_ln14)> <Delay = 1.20> <CoreInst = "Adder">   --->   Core 1 'Adder' <Latency = 0> <II = 1> <Delay = 1.20> <FuncUnit> <Opcode : 'add' 'sub'> <InPorts = 2> <OutPorts = 1>
ST_6 : Operation 70 [1/1] (0.00ns)   --->   "%tmp_1 = bitselect i1 @_ssdm_op_BitSelect.i1.i16.i32, i16 %sum, i32 15" [baseline.cpp:19]   --->   Operation 70 'bitselect' 'tmp_1' <Predicate = (icmp_ln14)> <Delay = 0.00>
ST_6 : Operation 71 [1/1] (0.00ns) (grouped into LUT with out node sub_ln19_1)   --->   "%tmp_1_cast = partselect i12 @_ssdm_op_PartSelect.i12.i33.i32.i32, i33 %sub_ln19, i32 20, i32 31" [baseline.cpp:19]   --->   Operation 71 'partselect' 'tmp_1_cast' <Predicate = (icmp_ln14)> <Delay = 0.00>
ST_6 : Operation 72 [1/1] (0.00ns)   --->   "%tmp_4_cast3 = partselect i13 @_ssdm_op_PartSelect.i13.i34.i32.i32, i34 %mul_ln19, i32 20, i32 32" [baseline.cpp:19]   --->   Operation 72 'partselect' 'tmp_4_cast3' <Predicate = (icmp_ln14)> <Delay = 0.00>
ST_6 : Operation 73 [1/1] (0.00ns) (grouped into LUT with out node sub_ln19_1)   --->   "%tmp_4_cast = partselect i12 @_ssdm_op_PartSelect.i12.i34.i32.i32, i34 %mul_ln19, i32 20, i32 31" [baseline.cpp:19]   --->   Operation 73 'partselect' 'tmp_4_cast' <Predicate = (icmp_ln14)> <Delay = 0.00>
ST_6 : Operation 74 [1/1] (0.00ns) (grouped into LUT with out node sub_ln19_1)   --->   "%select_ln19 = select i1 %tmp_1, i12 %tmp_1_cast, i12 %tmp_4_cast" [baseline.cpp:19]   --->   Operation 74 'select' 'select_ln19' <Predicate = (icmp_ln14)> <Delay = 0.00> <CoreInst = "Sel">   --->   Core 73 'Sel' <Latency = 0> <II = 1> <Delay = 0.43> <FuncUnit> <Opcode : 'select'> <InPorts = 3> <OutPorts = 1>
ST_6 : Operation 75 [1/1] (0.00ns) (grouped into LUT with out node sub_ln19_1)   --->   "%zext_ln19 = zext i12 %select_ln19" [baseline.cpp:19]   --->   Operation 75 'zext' 'zext_ln19' <Predicate = (icmp_ln14)> <Delay = 0.00>
ST_6 : Operation 76 [1/1] (0.96ns) (out node of the LUT)   --->   "%sub_ln19_1 = sub i13 0, i13 %zext_ln19" [baseline.cpp:19]   --->   Operation 76 'sub' 'sub_ln19_1' <Predicate = (icmp_ln14)> <Delay = 0.96> <CoreInst = "Adder">   --->   Core 1 'Adder' <Latency = 0> <II = 1> <Delay = 0.96> <FuncUnit> <Opcode : 'add' 'sub'> <InPorts = 2> <OutPorts = 1>
ST_6 : Operation 77 [1/1] (0.48ns)   --->   "%select_ln19_1 = select i1 %tmp_1, i13 %sub_ln19_1, i13 %tmp_4_cast3" [baseline.cpp:19]   --->   Operation 77 'select' 'select_ln19_1' <Predicate = (icmp_ln14)> <Delay = 0.48> <CoreInst = "Sel">   --->   Core 73 'Sel' <Latency = 0> <II = 1> <Delay = 0.48> <FuncUnit> <Opcode : 'select'> <InPorts = 3> <OutPorts = 1>
ST_6 : Operation 78 [1/1] (0.00ns)   --->   "%select_ln19_1_cast = sext i13 %select_ln19_1" [baseline.cpp:19]   --->   Operation 78 'sext' 'select_ln19_1_cast' <Predicate = (icmp_ln14)> <Delay = 0.00>
ST_6 : Operation 79 [1/1] (0.48ns)   --->   "%br_ln0 = br void %for.inc42"   --->   Operation 79 'br' 'br_ln0' <Predicate = (icmp_ln14)> <Delay = 0.48>

State 7 <SV = 6> <Delay = 2.24>
ST_7 : Operation 80 [1/1] (0.00ns)   --->   "%kc = phi i3 7, void %VITIS_LOOP_15_5.split, i3 %add_ln15, void %for.body28.split" [baseline.cpp:15]   --->   Operation 80 'phi' 'kc' <Predicate = true> <Delay = 0.00>
ST_7 : Operation 81 [1/1] (0.00ns)   --->   "%sum_2 = phi i16 %sum, void %VITIS_LOOP_15_5.split, i16 %sum_4, void %for.body28.split"   --->   Operation 81 'phi' 'sum_2' <Predicate = true> <Delay = 0.00>
ST_7 : Operation 82 [1/1] (0.74ns)   --->   "%icmp_ln15 = icmp_eq  i3 %kc, i3 2" [baseline.cpp:15]   --->   Operation 82 'icmp' 'icmp_ln15' <Predicate = true> <Delay = 0.74> <CoreInst = "Cmp">   --->   Core 9 'Cmp' <Latency = 0> <II = 1> <Delay = 0.74> <FuncUnit> <Opcode : 'seteq' 'setne' 'setle' 'setge' 'setlt' 'setgt'> <InPorts = 2> <OutPorts = 1>
ST_7 : Operation 83 [1/1] (0.00ns)   --->   "%br_ln15 = br i1 %icmp_ln15, void %for.body28.split, void %for.inc34" [baseline.cpp:15]   --->   Operation 83 'br' 'br_ln15' <Predicate = true> <Delay = 0.00>
ST_7 : Operation 84 [1/1] (0.00ns)   --->   "%sext_ln13 = sext i3 %kc" [baseline.cpp:13]   --->   Operation 84 'sext' 'sext_ln13' <Predicate = (!icmp_ln15)> <Delay = 0.00>
ST_7 : Operation 85 [1/1] (0.89ns)   --->   "%add_ln16 = add i7 %sext_ln13, i7 %trunc_ln7" [baseline.cpp:16]   --->   Operation 85 'add' 'add_ln16' <Predicate = (!icmp_ln15)> <Delay = 0.89> <CoreInst = "Adder">   --->   Core 1 'Adder' <Latency = 0> <II = 1> <Delay = 0.89> <FuncUnit> <Opcode : 'add' 'sub'> <InPorts = 2> <OutPorts = 1>
ST_7 : Operation 86 [1/1] (0.00ns)   --->   "%add_ln16_1 = bitconcatenate i14 @_ssdm_op_BitConcatenate.i14.i7.i7, i7 %empty_28, i7 %add_ln16" [baseline.cpp:16]   --->   Operation 86 'bitconcatenate' 'add_ln16_1' <Predicate = (!icmp_ln15)> <Delay = 0.00>
ST_7 : Operation 87 [1/1] (0.00ns)   --->   "%zext_ln16 = zext i14 %add_ln16_1" [baseline.cpp:16]   --->   Operation 87 'zext' 'zext_ln16' <Predicate = (!icmp_ln15)> <Delay = 0.00>
ST_7 : Operation 88 [1/1] (0.00ns)   --->   "%red_in_addr_1 = getelementptr i16 %red_in, i64 0, i64 %zext_ln16" [baseline.cpp:16]   --->   Operation 88 'getelementptr' 'red_in_addr_1' <Predicate = (!icmp_ln15)> <Delay = 0.00>
ST_7 : Operation 89 [2/2] (1.35ns)   --->   "%red_in_load_1 = load i14 %red_in_addr_1" [baseline.cpp:16]   --->   Operation 89 'load' 'red_in_load_1' <Predicate = (!icmp_ln15)> <Delay = 1.35> <CoreInst = "RAM">   --->   Core 82 'RAM' <Latency = 1> <II = 1> <Delay = 1.35> <Storage> <Opcode : 'load' 'store'> <Ports = 2> <Width = 16> <Depth = 16384> <RAM>
ST_7 : Operation 90 [1/1] (0.74ns)   --->   "%add_ln15 = add i3 %kc, i3 1" [baseline.cpp:15]   --->   Operation 90 'add' 'add_ln15' <Predicate = (!icmp_ln15)> <Delay = 0.74> <CoreInst = "Adder">   --->   Core 1 'Adder' <Latency = 0> <II = 1> <Delay = 0.74> <FuncUnit> <Opcode : 'add' 'sub'> <InPorts = 2> <OutPorts = 1>
ST_7 : Operation 91 [1/1] (0.74ns)   --->   "%add_ln14 = add i3 %kr, i3 1" [baseline.cpp:14]   --->   Operation 91 'add' 'add_ln14' <Predicate = (icmp_ln15)> <Delay = 0.74> <CoreInst = "Adder">   --->   Core 1 'Adder' <Latency = 0> <II = 1> <Delay = 0.74> <FuncUnit> <Opcode : 'add' 'sub'> <InPorts = 2> <OutPorts = 1>
ST_7 : Operation 92 [1/1] (0.00ns)   --->   "%br_ln14 = br void %VITIS_LOOP_15_5" [baseline.cpp:14]   --->   Operation 92 'br' 'br_ln14' <Predicate = (icmp_ln15)> <Delay = 0.00>

State 8 <SV = 7> <Delay = 2.78>
ST_8 : Operation 93 [1/1] (0.00ns)   --->   "%speclooptripcount_ln13 = speclooptripcount void @_ssdm_op_SpecLoopTripCount, i64 3, i64 3, i64 3" [baseline.cpp:13]   --->   Operation 93 'speclooptripcount' 'speclooptripcount_ln13' <Predicate = true> <Delay = 0.00>
ST_8 : Operation 94 [1/1] (0.00ns)   --->   "%specloopname_ln15 = specloopname void @_ssdm_op_SpecLoopName, void @empty_6" [baseline.cpp:15]   --->   Operation 94 'specloopname' 'specloopname_ln15' <Predicate = true> <Delay = 0.00>
ST_8 : Operation 95 [1/1] (0.00ns)   --->   "%sext_ln16 = sext i16 %sum_2" [baseline.cpp:16]   --->   Operation 95 'sext' 'sext_ln16' <Predicate = true> <Delay = 0.00>
ST_8 : Operation 96 [1/2] ( I:1.35ns O:1.35ns )   --->   "%red_in_load_1 = load i14 %red_in_addr_1" [baseline.cpp:16]   --->   Operation 96 'load' 'red_in_load_1' <Predicate = true> <Delay = 1.35> <CoreInst = "RAM">   --->   Core 82 'RAM' <Latency = 1> <II = 1> <Delay = 1.35> <Storage> <Opcode : 'load' 'store'> <Ports = 2> <Width = 16> <Depth = 16384> <RAM>
ST_8 : Operation 97 [1/1] (0.00ns)   --->   "%sext_ln16_1 = sext i16 %red_in_load_1" [baseline.cpp:16]   --->   Operation 97 'sext' 'sext_ln16_1' <Predicate = true> <Delay = 0.00>
ST_8 : Operation 98 [1/1] (1.01ns)   --->   "%sum_3 = add i16 %red_in_load_1, i16 %sum_2" [baseline.cpp:16]   --->   Operation 98 'add' 'sum_3' <Predicate = true> <Delay = 1.01> <CoreInst = "Adder">   --->   Core 1 'Adder' <Latency = 0> <II = 1> <Delay = 1.01> <FuncUnit> <Opcode : 'add' 'sub'> <InPorts = 2> <OutPorts = 1>
ST_8 : Operation 99 [1/1] (1.01ns)   --->   "%add_ln16_2 = add i17 %sext_ln16_1, i17 %sext_ln16" [baseline.cpp:16]   --->   Operation 99 'add' 'add_ln16_2' <Predicate = true> <Delay = 1.01> <CoreInst = "Adder">   --->   Core 1 'Adder' <Latency = 0> <II = 1> <Delay = 1.01> <FuncUnit> <Opcode : 'add' 'sub'> <InPorts = 2> <OutPorts = 1>
ST_8 : Operation 100 [1/1] (0.00ns)   --->   "%tmp_2 = bitselect i1 @_ssdm_op_BitSelect.i1.i17.i32, i17 %add_ln16_2, i32 16" [baseline.cpp:16]   --->   Operation 100 'bitselect' 'tmp_2' <Predicate = true> <Delay = 0.00>
ST_8 : Operation 101 [1/1] (0.00ns)   --->   "%tmp_3 = bitselect i1 @_ssdm_op_BitSelect.i1.i16.i32, i16 %sum_3, i32 15" [baseline.cpp:16]   --->   Operation 101 'bitselect' 'tmp_3' <Predicate = true> <Delay = 0.00>
ST_8 : Operation 102 [1/1] (0.00ns) (grouped into LUT with out node sum_4)   --->   "%xor_ln16 = xor i1 %tmp_2, i1 1" [baseline.cpp:16]   --->   Operation 102 'xor' 'xor_ln16' <Predicate = true> <Delay = 0.00> <CoreInst = "LogicGate">   --->   Core 74 'LogicGate' <Latency = 0> <II = 1> <Delay = 0.33> <FuncUnit> <Opcode : 'and' 'or' 'xor'> <InPorts = 2> <OutPorts = 1>
ST_8 : Operation 103 [1/1] (0.00ns) (grouped into LUT with out node sum_4)   --->   "%and_ln16 = and i1 %tmp_3, i1 %xor_ln16" [baseline.cpp:16]   --->   Operation 103 'and' 'and_ln16' <Predicate = true> <Delay = 0.00> <CoreInst = "LogicGate">   --->   Core 74 'LogicGate' <Latency = 0> <II = 1> <Delay = 0.33> <FuncUnit> <Opcode : 'and' 'or' 'xor'> <InPorts = 2> <OutPorts = 1>
ST_8 : Operation 104 [1/1] (0.00ns) (grouped into LUT with out node sum_4)   --->   "%xor_ln16_1 = xor i1 %tmp_2, i1 %tmp_3" [baseline.cpp:16]   --->   Operation 104 'xor' 'xor_ln16_1' <Predicate = true> <Delay = 0.00> <CoreInst = "LogicGate">   --->   Core 74 'LogicGate' <Latency = 0> <II = 1> <Delay = 0.33> <FuncUnit> <Opcode : 'and' 'or' 'xor'> <InPorts = 2> <OutPorts = 1>
ST_8 : Operation 105 [1/1] (0.00ns) (grouped into LUT with out node sum_4)   --->   "%select_ln16 = select i1 %and_ln16, i16 32767, i16 32768" [baseline.cpp:16]   --->   Operation 105 'select' 'select_ln16' <Predicate = true> <Delay = 0.00> <CoreInst = "Sel">   --->   Core 73 'Sel' <Latency = 0> <II = 1> <Delay = 0.42> <FuncUnit> <Opcode : 'select'> <InPorts = 3> <OutPorts = 1>
ST_8 : Operation 106 [1/1] (0.42ns) (out node of the LUT)   --->   "%sum_4 = select i1 %xor_ln16_1, i16 %select_ln16, i16 %sum_3" [baseline.cpp:16]   --->   Operation 106 'select' 'sum_4' <Predicate = true> <Delay = 0.42> <CoreInst = "Sel">   --->   Core 73 'Sel' <Latency = 0> <II = 1> <Delay = 0.42> <FuncUnit> <Opcode : 'select'> <InPorts = 3> <OutPorts = 1>
ST_8 : Operation 107 [1/1] (0.00ns)   --->   "%br_ln15 = br void %for.body28" [baseline.cpp:15]   --->   Operation 107 'br' 'br_ln15' <Predicate = true> <Delay = 0.00>

State 9 <SV = 6> <Delay = 1.69>
ST_9 : Operation 108 [1/1] (0.00ns)   --->   "%storemerge = phi i16 %select_ln19_1_cast, void %for.end36, i16 %red_in_load, void %for.body8" [baseline.cpp:19]   --->   Operation 108 'phi' 'storemerge' <Predicate = true> <Delay = 0.00>
ST_9 : Operation 109 [1/1] ( I:1.35ns O:1.35ns )   --->   "%store_ln19 = store i16 %storemerge, i14 %output_addr" [baseline.cpp:19]   --->   Operation 109 'store' 'store_ln19' <Predicate = true> <Delay = 1.35> <CoreInst = "RAM">   --->   Core 82 'RAM' <Latency = 1> <II = 1> <Delay = 1.35> <Storage> <Opcode : 'load' 'store'> <Ports = 2> <Width = 16> <Depth = 16384> <RAM>
ST_9 : Operation 110 [1/1] (0.00ns)   --->   "%waste_load_1 = load i32 %waste" [baseline.cpp:9]   --->   Operation 110 'load' 'waste_load_1' <Predicate = true> <Delay = 0.00>
ST_9 : Operation 111 [1/1] (1.20ns)   --->   "%waste_1 = add i32 %waste_load_1, i32 1" [baseline.cpp:9]   --->   Operation 111 'add' 'waste_1' <Predicate = true> <Delay = 1.20> <CoreInst = "Adder">   --->   Core 1 'Adder' <Latency = 0> <II = 1> <Delay = 1.20> <FuncUnit> <Opcode : 'add' 'sub'> <InPorts = 2> <OutPorts = 1>
ST_9 : Operation 112 [1/1] (0.48ns)   --->   "%store_ln9 = store i32 %waste_1, i32 %waste" [baseline.cpp:9]   --->   Operation 112 'store' 'store_ln9' <Predicate = true> <Delay = 0.48>
ST_9 : Operation 113 [1/1] (0.00ns)   --->   "%br_ln9 = br void %for.cond5" [baseline.cpp:9]   --->   Operation 113 'br' 'br_ln9' <Predicate = true> <Delay = 0.00>


============================================================
+ Verbose Summary: Binding
============================================================
STG Binding: 
---------------- STG Properties BEGIN ----------------
- Is combinational: 0
- Is one-state seq: 0
- Is datapath-only: 0
- Is pipelined: 0
- Is top level: 0
Port [ Return ] is wired: 1; IO mode=ap_ctrl_hs:ce=0
Port [ red_in]:  wired=1; compound=1; hidden=0; nouse=0; global=0; static=0; extern=0; dir=0; type=1; pingpong=0; private_global=0; MemPort=[13]; IO mode=ap_memory:ce=0
Port [ output_r]:  wired=1; compound=1; hidden=0; nouse=0; global=0; static=0; extern=0; dir=1; type=1; pingpong=0; private_global=0; MemPort=[03]; IO mode=ap_memory:ce=0
---------------- STG Properties END ------------------

---------------- Datapath Model BEGIN ----------------

<LifeTime>
<method=bitvector/>
r                      (alloca           ) [ 0111111111]
specinterface_ln0      (specinterface    ) [ 0000000000]
waste                  (alloca           ) [ 0011111111]
store_ln6              (store            ) [ 0000000000]
br_ln6                 (br               ) [ 0000000000]
r_1                    (load             ) [ 0000000000]
icmp_ln6               (icmp             ) [ 0011111111]
add_ln6                (add              ) [ 0001111111]
br_ln6                 (br               ) [ 0000000000]
trunc_ln6              (trunc            ) [ 0001111111]
tmp                    (bitconcatenate   ) [ 0001111111]
speclooptripcount_ln6  (speclooptripcount) [ 0000000000]
specloopname_ln6       (specloopname     ) [ 0000000000]
cmp9                   (icmp             ) [ 0000000000]
cmp10                  (icmp             ) [ 0000000000]
tmp1                   (or               ) [ 0001111111]
br_ln7                 (br               ) [ 0011111111]
ret_ln24               (ret              ) [ 0000000000]
c                      (phi              ) [ 0001000000]
icmp_ln7               (icmp             ) [ 0011111111]
add_ln7                (add              ) [ 0011111111]
br_ln7                 (br               ) [ 0000000000]
trunc_ln7              (trunc            ) [ 0000111111]
c_cast                 (zext             ) [ 0000000000]
empty                  (add              ) [ 0000000000]
p_cast                 (zext             ) [ 0000000000]
red_in_addr            (getelementptr    ) [ 0000100000]
output_addr            (getelementptr    ) [ 0000111111]
store_ln9              (store            ) [ 0000000000]
cmp12                  (icmp             ) [ 0000000000]
cmp14                  (icmp             ) [ 0000000000]
tmp2                   (or               ) [ 0000000000]
brmerge11              (or               ) [ 0000111111]
store_ln6              (store            ) [ 0000000000]
br_ln6                 (br               ) [ 0000000000]
speclooptripcount_ln9  (speclooptripcount) [ 0000000000]
specloopname_ln7       (specloopname     ) [ 0000000000]
red_in_load            (load             ) [ 0000011111]
br_ln9                 (br               ) [ 0000000000]
waste_load             (load             ) [ 0000000000]
icmp_ln9               (icmp             ) [ 0011111111]
br_ln9                 (br               ) [ 0000000000]
specloopname_ln9       (specloopname     ) [ 0000000000]
br_ln10                (br               ) [ 0011111111]
br_ln14                (br               ) [ 0011111111]
br_ln7                 (br               ) [ 0011111111]
kr                     (phi              ) [ 0000001110]
sum                    (phi              ) [ 0000001110]
icmp_ln14              (icmp             ) [ 0011111111]
br_ln14                (br               ) [ 0000000000]
sext_ln14              (sext             ) [ 0000000000]
speclooptripcount_ln13 (speclooptripcount) [ 0000000000]
specloopname_ln14      (specloopname     ) [ 0000000000]
empty_28               (add              ) [ 0000000110]
br_ln15                (br               ) [ 0011111111]
sext_ln19              (sext             ) [ 0000000000]
mul_ln19               (mul              ) [ 0000000000]
trunc_ln19             (trunc            ) [ 0000000000]
sub_ln19               (sub              ) [ 0000000000]
tmp_1                  (bitselect        ) [ 0000000000]
tmp_1_cast             (partselect       ) [ 0000000000]
tmp_4_cast3            (partselect       ) [ 0000000000]
tmp_4_cast             (partselect       ) [ 0000000000]
select_ln19            (select           ) [ 0000000000]
zext_ln19              (zext             ) [ 0000000000]
sub_ln19_1             (sub              ) [ 0000000000]
select_ln19_1          (select           ) [ 0000000000]
select_ln19_1_cast     (sext             ) [ 0011111111]
br_ln0                 (br               ) [ 0011111111]
kc                     (phi              ) [ 0000000100]
sum_2                  (phi              ) [ 0011111111]
icmp_ln15              (icmp             ) [ 0011111111]
br_ln15                (br               ) [ 0000000000]
sext_ln13              (sext             ) [ 0000000000]
add_ln16               (add              ) [ 0000000000]
add_ln16_1             (bitconcatenate   ) [ 0000000000]
zext_ln16              (zext             ) [ 0000000000]
red_in_addr_1          (getelementptr    ) [ 0000000010]
add_ln15               (add              ) [ 0011111111]
add_ln14               (add              ) [ 0011111111]
br_ln14                (br               ) [ 0011111111]
speclooptripcount_ln13 (speclooptripcount) [ 0000000000]
specloopname_ln15      (specloopname     ) [ 0000000000]
sext_ln16              (sext             ) [ 0000000000]
red_in_load_1          (load             ) [ 0000000000]
sext_ln16_1            (sext             ) [ 0000000000]
sum_3                  (add              ) [ 0000000000]
add_ln16_2             (add              ) [ 0000000000]
tmp_2                  (bitselect        ) [ 0000000000]
tmp_3                  (bitselect        ) [ 0000000000]
xor_ln16               (xor              ) [ 0000000000]
and_ln16               (and              ) [ 0000000000]
xor_ln16_1             (xor              ) [ 0000000000]
select_ln16            (select           ) [ 0000000000]
sum_4                  (select           ) [ 0011111111]
br_ln15                (br               ) [ 0011111111]
storemerge             (phi              ) [ 0000000001]
store_ln19             (store            ) [ 0000000000]
waste_load_1           (load             ) [ 0000000000]
waste_1                (add              ) [ 0000000000]
store_ln9              (store            ) [ 0000000000]
br_ln9                 (br               ) [ 0000000000]
</LifeTime>

<model>

<comp_list>
<comp id="0" class="1000" name="red_in">
<pin_list>
<pin id="1" dir="1" index="0" bw="1" slack="0"/>
</pin_list>
<bind>
<StgValue><ssdm name="red_in"/><MemPortTyVec>1 3 </MemPortTyVec>
</StgValue>
</bind>
</comp>

<comp id="2" class="1000" name="output_r">
<pin_list>
<pin id="3" dir="1" index="0" bw="1" slack="0"/>
</pin_list>
<bind>
<StgValue><ssdm name="output_r"/><MemPortTyVec>0 3 </MemPortTyVec>
</StgValue>
</bind>
</comp>

<comp id="4" class="1001" name="const_4">
<pin_list>
<pin id="5" dir="1" index="0" bw="1" slack="0"/>
</pin_list>
<bind>
<StgValue><ssdm name=""/></StgValue>
</bind>
</comp>

<comp id="6" class="1001" name="const_6">
<pin_list>
<pin id="7" dir="1" index="0" bw="1" slack="2147483647"/>
</pin_list>
<bind>
<StgValue><ssdm name="_ssdm_op_SpecInterface"/></StgValue>
</bind>
</comp>

<comp id="8" class="1001" name="const_8">
<pin_list>
<pin id="9" dir="1" index="0" bw="1" slack="2147483647"/>
</pin_list>
<bind>
<StgValue><ssdm name="empty"/></StgValue>
</bind>
</comp>

<comp id="10" class="1001" name="const_10">
<pin_list>
<pin id="11" dir="1" index="0" bw="1" slack="0"/>
</pin_list>
<bind>
<StgValue><ssdm name=""/></StgValue>
</bind>
</comp>

<comp id="12" class="1001" name="const_12">
<pin_list>
<pin id="13" dir="1" index="0" bw="1" slack="2147483647"/>
</pin_list>
<bind>
<StgValue><ssdm name="empty_0"/></StgValue>
</bind>
</comp>

<comp id="14" class="1001" name="const_14">
<pin_list>
<pin id="15" dir="1" index="0" bw="1" slack="2147483647"/>
</pin_list>
<bind>
<StgValue><ssdm name=""/></StgValue>
</bind>
</comp>

<comp id="16" class="1001" name="const_16">
<pin_list>
<pin id="17" dir="1" index="0" bw="1" slack="0"/>
</pin_list>
<bind>
<StgValue><ssdm name=""/></StgValue>
</bind>
</comp>

<comp id="18" class="1001" name="const_18">
<pin_list>
<pin id="19" dir="1" index="0" bw="1" slack="0"/>
</pin_list>
<bind>
<StgValue><ssdm name=""/></StgValue>
</bind>
</comp>

<comp id="20" class="1001" name="const_20">
<pin_list>
<pin id="21" dir="1" index="0" bw="1" slack="0"/>
</pin_list>
<bind>
<StgValue><ssdm name=""/></StgValue>
</bind>
</comp>

<comp id="22" class="1001" name="const_22">
<pin_list>
<pin id="23" dir="1" index="0" bw="1" slack="0"/>
</pin_list>
<bind>
<StgValue><ssdm name=""/></StgValue>
</bind>
</comp>

<comp id="24" class="1001" name="const_24">
<pin_list>
<pin id="25" dir="1" index="0" bw="1" slack="0"/>
</pin_list>
<bind>
<StgValue><ssdm name="_ssdm_op_BitConcatenate.i14.i7.i7"/></StgValue>
</bind>
</comp>

<comp id="26" class="1001" name="const_26">
<pin_list>
<pin id="27" dir="1" index="0" bw="1" slack="0"/>
</pin_list>
<bind>
<StgValue><ssdm name=""/></StgValue>
</bind>
</comp>

<comp id="28" class="1001" name="const_28">
<pin_list>
<pin id="29" dir="1" index="0" bw="1" slack="2147483647"/>
</pin_list>
<bind>
<StgValue><ssdm name="_ssdm_op_SpecLoopTripCount"/></StgValue>
</bind>
</comp>

<comp id="30" class="1001" name="const_30">
<pin_list>
<pin id="31" dir="1" index="0" bw="1" slack="2147483647"/>
</pin_list>
<bind>
<StgValue><ssdm name=""/></StgValue>
</bind>
</comp>

<comp id="32" class="1001" name="const_32">
<pin_list>
<pin id="33" dir="1" index="0" bw="1" slack="2147483647"/>
</pin_list>
<bind>
<StgValue><ssdm name="_ssdm_op_SpecLoopName"/></StgValue>
</bind>
</comp>

<comp id="34" class="1001" name="const_34">
<pin_list>
<pin id="35" dir="1" index="0" bw="1" slack="2147483647"/>
</pin_list>
<bind>
<StgValue><ssdm name="empty_10"/></StgValue>
</bind>
</comp>

<comp id="36" class="1001" name="const_36">
<pin_list>
<pin id="37" dir="1" index="0" bw="1" slack="0"/>
</pin_list>
<bind>
<StgValue><ssdm name=""/></StgValue>
</bind>
</comp>

<comp id="38" class="1001" name="const_38">
<pin_list>
<pin id="39" dir="1" index="0" bw="1" slack="0"/>
</pin_list>
<bind>
<StgValue><ssdm name=""/></StgValue>
</bind>
</comp>

<comp id="40" class="1001" name="const_40">
<pin_list>
<pin id="41" dir="1" index="0" bw="1" slack="2147483647"/>
</pin_list>
<bind>
<StgValue><ssdm name="empty_9"/></StgValue>
</bind>
</comp>

<comp id="42" class="1001" name="const_42">
<pin_list>
<pin id="43" dir="1" index="0" bw="1" slack="0"/>
</pin_list>
<bind>
<StgValue><ssdm name=""/></StgValue>
</bind>
</comp>

<comp id="44" class="1001" name="const_44">
<pin_list>
<pin id="45" dir="1" index="0" bw="1" slack="2147483647"/>
</pin_list>
<bind>
<StgValue><ssdm name="empty_8"/></StgValue>
</bind>
</comp>

<comp id="46" class="1001" name="const_46">
<pin_list>
<pin id="47" dir="1" index="0" bw="1" slack="1"/>
</pin_list>
<bind>
<StgValue><ssdm name=""/></StgValue>
</bind>
</comp>

<comp id="48" class="1001" name="const_48">
<pin_list>
<pin id="49" dir="1" index="0" bw="1" slack="1"/>
</pin_list>
<bind>
<StgValue><ssdm name=""/></StgValue>
</bind>
</comp>

<comp id="50" class="1001" name="const_50">
<pin_list>
<pin id="51" dir="1" index="0" bw="1" slack="0"/>
</pin_list>
<bind>
<StgValue><ssdm name=""/></StgValue>
</bind>
</comp>

<comp id="52" class="1001" name="const_52">
<pin_list>
<pin id="53" dir="1" index="0" bw="1" slack="2147483647"/>
</pin_list>
<bind>
<StgValue><ssdm name=""/></StgValue>
</bind>
</comp>

<comp id="54" class="1001" name="const_54">
<pin_list>
<pin id="55" dir="1" index="0" bw="1" slack="2147483647"/>
</pin_list>
<bind>
<StgValue><ssdm name="empty_7"/></StgValue>
</bind>
</comp>

<comp id="56" class="1001" name="const_56">
<pin_list>
<pin id="57" dir="1" index="0" bw="1" slack="0"/>
</pin_list>
<bind>
<StgValue><ssdm name=""/></StgValue>
</bind>
</comp>

<comp id="58" class="1001" name="const_58">
<pin_list>
<pin id="59" dir="1" index="0" bw="1" slack="0"/>
</pin_list>
<bind>
<StgValue><ssdm name=""/></StgValue>
</bind>
</comp>

<comp id="60" class="1001" name="const_60">
<pin_list>
<pin id="61" dir="1" index="0" bw="1" slack="0"/>
</pin_list>
<bind>
<StgValue><ssdm name="_ssdm_op_BitSelect.i1.i16.i32"/></StgValue>
</bind>
</comp>

<comp id="62" class="1001" name="const_62">
<pin_list>
<pin id="63" dir="1" index="0" bw="1" slack="0"/>
</pin_list>
<bind>
<StgValue><ssdm name=""/></StgValue>
</bind>
</comp>

<comp id="64" class="1001" name="const_64">
<pin_list>
<pin id="65" dir="1" index="0" bw="1" slack="0"/>
</pin_list>
<bind>
<StgValue><ssdm name="_ssdm_op_PartSelect.i12.i33.i32.i32"/></StgValue>
</bind>
</comp>

<comp id="66" class="1001" name="const_66">
<pin_list>
<pin id="67" dir="1" index="0" bw="1" slack="0"/>
</pin_list>
<bind>
<StgValue><ssdm name=""/></StgValue>
</bind>
</comp>

<comp id="68" class="1001" name="const_68">
<pin_list>
<pin id="69" dir="1" index="0" bw="1" slack="0"/>
</pin_list>
<bind>
<StgValue><ssdm name=""/></StgValue>
</bind>
</comp>

<comp id="70" class="1001" name="const_70">
<pin_list>
<pin id="71" dir="1" index="0" bw="1" slack="0"/>
</pin_list>
<bind>
<StgValue><ssdm name="_ssdm_op_PartSelect.i13.i34.i32.i32"/></StgValue>
</bind>
</comp>

<comp id="72" class="1001" name="const_72">
<pin_list>
<pin id="73" dir="1" index="0" bw="1" slack="0"/>
</pin_list>
<bind>
<StgValue><ssdm name=""/></StgValue>
</bind>
</comp>

<comp id="74" class="1001" name="const_74">
<pin_list>
<pin id="75" dir="1" index="0" bw="1" slack="0"/>
</pin_list>
<bind>
<StgValue><ssdm name="_ssdm_op_PartSelect.i12.i34.i32.i32"/></StgValue>
</bind>
</comp>

<comp id="76" class="1001" name="const_76">
<pin_list>
<pin id="77" dir="1" index="0" bw="1" slack="0"/>
</pin_list>
<bind>
<StgValue><ssdm name=""/></StgValue>
</bind>
</comp>

<comp id="78" class="1001" name="const_78">
<pin_list>
<pin id="79" dir="1" index="0" bw="1" slack="0"/>
</pin_list>
<bind>
<StgValue><ssdm name=""/></StgValue>
</bind>
</comp>

<comp id="80" class="1001" name="const_80">
<pin_list>
<pin id="81" dir="1" index="0" bw="1" slack="2147483647"/>
</pin_list>
<bind>
<StgValue><ssdm name="empty_6"/></StgValue>
</bind>
</comp>

<comp id="82" class="1001" name="const_82">
<pin_list>
<pin id="83" dir="1" index="0" bw="1" slack="0"/>
</pin_list>
<bind>
<StgValue><ssdm name="_ssdm_op_BitSelect.i1.i17.i32"/></StgValue>
</bind>
</comp>

<comp id="84" class="1001" name="const_84">
<pin_list>
<pin id="85" dir="1" index="0" bw="1" slack="0"/>
</pin_list>
<bind>
<StgValue><ssdm name=""/></StgValue>
</bind>
</comp>

<comp id="86" class="1001" name="const_86">
<pin_list>
<pin id="87" dir="1" index="0" bw="1" slack="0"/>
</pin_list>
<bind>
<StgValue><ssdm name=""/></StgValue>
</bind>
</comp>

<comp id="88" class="1001" name="const_88">
<pin_list>
<pin id="89" dir="1" index="0" bw="1" slack="0"/>
</pin_list>
<bind>
<StgValue><ssdm name=""/></StgValue>
</bind>
</comp>

<comp id="90" class="1001" name="const_90">
<pin_list>
<pin id="91" dir="1" index="0" bw="1" slack="0"/>
</pin_list>
<bind>
<StgValue><ssdm name=""/></StgValue>
</bind>
</comp>

<comp id="92" class="1004" name="r_fu_92">
<pin_list>
<pin id="93" dir="0" index="0" bw="1" slack="0"/>
<pin id="94" dir="1" index="1" bw="8" slack="0"/>
</pin_list>
<bind>
<opcode="alloca(26) " fcode="alloca"/>
<opset="r/1 "/>
</bind>
</comp>

<comp id="96" class="1004" name="waste_fu_96">
<pin_list>
<pin id="97" dir="0" index="0" bw="1" slack="0"/>
<pin id="98" dir="1" index="1" bw="32" slack="2"/>
</pin_list>
<bind>
<opcode="alloca(26) " fcode="alloca"/>
<opset="waste/1 "/>
</bind>
</comp>

<comp id="100" class="1004" name="red_in_addr_gep_fu_100">
<pin_list>
<pin id="101" dir="0" index="0" bw="16" slack="0"/>
<pin id="102" dir="0" index="1" bw="1" slack="0"/>
<pin id="103" dir="0" index="2" bw="14" slack="0"/>
<pin id="104" dir="1" index="3" bw="14" slack="0"/>
</pin_list>
<bind>
<opcode="getelementptr(29) " fcode="getelementptr"/>
<opset="red_in_addr/3 "/>
</bind>
</comp>

<comp id="107" class="1004" name="output_addr_gep_fu_107">
<pin_list>
<pin id="108" dir="0" index="0" bw="16" slack="0"/>
<pin id="109" dir="0" index="1" bw="1" slack="0"/>
<pin id="110" dir="0" index="2" bw="14" slack="0"/>
<pin id="111" dir="1" index="3" bw="14" slack="4"/>
</pin_list>
<bind>
<opcode="getelementptr(29) " fcode="getelementptr"/>
<opset="output_addr/3 "/>
</bind>
</comp>

<comp id="114" class="1004" name="grp_access_fu_114">
<pin_list>
<pin id="115" dir="0" index="0" bw="14" slack="0"/>
<pin id="116" dir="0" index="1" bw="16" slack="2147483647"/>
<pin id="117" dir="0" index="2" bw="0" slack="2147483647"/>
<pin id="118" dir="1" index="3" bw="16" slack="0"/>
</pin_list>
<bind>
<opcode="load(27) " fcode="load"/>
<opset="red_in_load/3 red_in_load_1/7 "/>
</bind>
</comp>

<comp id="120" class="1004" name="red_in_addr_1_gep_fu_120">
<pin_list>
<pin id="121" dir="0" index="0" bw="16" slack="0"/>
<pin id="122" dir="0" index="1" bw="1" slack="0"/>
<pin id="123" dir="0" index="2" bw="14" slack="0"/>
<pin id="124" dir="1" index="3" bw="14" slack="0"/>
</pin_list>
<bind>
<opcode="getelementptr(29) " fcode="getelementptr"/>
<opset="red_in_addr_1/7 "/>
</bind>
</comp>

<comp id="128" class="1004" name="store_ln19_access_fu_128">
<pin_list>
<pin id="129" dir="0" index="0" bw="14" slack="4"/>
<pin id="130" dir="0" index="1" bw="16" slack="0"/>
<pin id="131" dir="0" index="2" bw="0" slack="2147483647"/>
<pin id="132" dir="1" index="3" bw="16" slack="2147483647"/>
</pin_list>
<bind>
<opcode="store(28) " fcode="store"/>
<opset="store_ln19/9 "/>
</bind>
</comp>

<comp id="133" class="1005" name="c_reg_133">
<pin_list>
<pin id="134" dir="0" index="0" bw="8" slack="1"/>
<pin id="135" dir="1" index="1" bw="8" slack="1"/>
</pin_list>
<bind>
<opset="c (phireg) "/>
</bind>
</comp>

<comp id="137" class="1004" name="c_phi_fu_137">
<pin_list>
<pin id="138" dir="0" index="0" bw="1" slack="1"/>
<pin id="139" dir="0" index="1" bw="0" slack="2147483647"/>
<pin id="140" dir="0" index="2" bw="8" slack="0"/>
<pin id="141" dir="0" index="3" bw="0" slack="2147483647"/>
<pin id="142" dir="1" index="4" bw="8" slack="0"/>
</pin_list>
<bind>
<opcode="phi(47) " fcode="phi"/>
<opset="c/3 "/>
</bind>
</comp>

<comp id="144" class="1005" name="kr_reg_144">
<pin_list>
<pin id="145" dir="0" index="0" bw="3" slack="1"/>
<pin id="146" dir="1" index="1" bw="3" slack="1"/>
</pin_list>
<bind>
<opset="kr (phireg) "/>
</bind>
</comp>

<comp id="148" class="1004" name="kr_phi_fu_148">
<pin_list>
<pin id="149" dir="0" index="0" bw="3" slack="1"/>
<pin id="150" dir="0" index="1" bw="0" slack="2147483647"/>
<pin id="151" dir="0" index="2" bw="1" slack="1"/>
<pin id="152" dir="0" index="3" bw="0" slack="2147483647"/>
<pin id="153" dir="1" index="4" bw="3" slack="0"/>
</pin_list>
<bind>
<opcode="phi(47) " fcode="phi"/>
<opset="kr/6 "/>
</bind>
</comp>

<comp id="156" class="1005" name="sum_reg_156">
<pin_list>
<pin id="157" dir="0" index="0" bw="16" slack="1"/>
<pin id="158" dir="1" index="1" bw="16" slack="1"/>
</pin_list>
<bind>
<opset="sum (phireg) "/>
</bind>
</comp>

<comp id="160" class="1004" name="sum_phi_fu_160">
<pin_list>
<pin id="161" dir="0" index="0" bw="16" slack="1"/>
<pin id="162" dir="0" index="1" bw="0" slack="2147483647"/>
<pin id="163" dir="0" index="2" bw="1" slack="1"/>
<pin id="164" dir="0" index="3" bw="0" slack="2147483647"/>
<pin id="165" dir="1" index="4" bw="16" slack="0"/>
</pin_list>
<bind>
<opcode="phi(47) " fcode="phi"/>
<opset="sum/6 "/>
</bind>
</comp>

<comp id="168" class="1005" name="kc_reg_168">
<pin_list>
<pin id="169" dir="0" index="0" bw="3" slack="1"/>
<pin id="170" dir="1" index="1" bw="3" slack="1"/>
</pin_list>
<bind>
<opset="kc (phireg) "/>
</bind>
</comp>

<comp id="172" class="1004" name="kc_phi_fu_172">
<pin_list>
<pin id="173" dir="0" index="0" bw="1" slack="1"/>
<pin id="174" dir="0" index="1" bw="0" slack="2147483647"/>
<pin id="175" dir="0" index="2" bw="3" slack="0"/>
<pin id="176" dir="0" index="3" bw="0" slack="2147483647"/>
<pin id="177" dir="1" index="4" bw="3" slack="0"/>
</pin_list>
<bind>
<opcode="phi(47) " fcode="phi"/>
<opset="kc/7 "/>
</bind>
</comp>

<comp id="179" class="1005" name="sum_2_reg_179">
<pin_list>
<pin id="180" dir="0" index="0" bw="16" slack="1"/>
<pin id="181" dir="1" index="1" bw="16" slack="1"/>
</pin_list>
<bind>
<opset="sum_2 (phireg) "/>
</bind>
</comp>

<comp id="183" class="1004" name="sum_2_phi_fu_183">
<pin_list>
<pin id="184" dir="0" index="0" bw="16" slack="1"/>
<pin id="185" dir="0" index="1" bw="0" slack="2147483647"/>
<pin id="186" dir="0" index="2" bw="16" slack="1"/>
<pin id="187" dir="0" index="3" bw="0" slack="2147483647"/>
<pin id="188" dir="1" index="4" bw="16" slack="1"/>
</pin_list>
<bind>
<opcode="phi(47) " fcode="phi"/>
<opset="sum_2/7 "/>
</bind>
</comp>

<comp id="191" class="1005" name="storemerge_reg_191">
<pin_list>
<pin id="192" dir="0" index="0" bw="16" slack="2147483647"/>
<pin id="193" dir="1" index="1" bw="16" slack="2147483647"/>
</pin_list>
<bind>
<opset="storemerge (phireg) "/>
</bind>
</comp>

<comp id="194" class="1004" name="storemerge_phi_fu_194">
<pin_list>
<pin id="195" dir="0" index="0" bw="13" slack="1"/>
<pin id="196" dir="0" index="1" bw="0" slack="2147483647"/>
<pin id="197" dir="0" index="2" bw="16" slack="3"/>
<pin id="198" dir="0" index="3" bw="0" slack="2147483647"/>
<pin id="199" dir="1" index="4" bw="16" slack="0"/>
</pin_list>
<bind>
<opcode="phi(47) " fcode="phi"/>
<opset="storemerge/9 "/>
</bind>
</comp>

<comp id="201" class="1004" name="grp_load_fu_201">
<pin_list>
<pin id="202" dir="0" index="0" bw="32" slack="4"/>
<pin id="203" dir="1" index="1" bw="32" slack="0"/>
</pin_list>
<bind>
<opcode="load(27) " fcode="load"/>
<opset="waste_load/5 waste_load_1/9 "/>
</bind>
</comp>

<comp id="204" class="1004" name="store_ln6_store_fu_204">
<pin_list>
<pin id="205" dir="0" index="0" bw="1" slack="0"/>
<pin id="206" dir="0" index="1" bw="8" slack="0"/>
<pin id="207" dir="1" index="2" bw="0" slack="2147483647"/>
</pin_list>
<bind>
<opcode="store(28) " fcode="store"/>
<opset="store_ln6/1 "/>
</bind>
</comp>

<comp id="209" class="1004" name="r_1_load_fu_209">
<pin_list>
<pin id="210" dir="0" index="0" bw="8" slack="1"/>
<pin id="211" dir="1" index="1" bw="8" slack="0"/>
</pin_list>
<bind>
<opcode="load(27) " fcode="load"/>
<opset="r_1/2 "/>
</bind>
</comp>

<comp id="212" class="1004" name="icmp_ln6_fu_212">
<pin_list>
<pin id="213" dir="0" index="0" bw="8" slack="0"/>
<pin id="214" dir="0" index="1" bw="8" slack="0"/>
<pin id="215" dir="1" index="2" bw="1" slack="2147483647"/>
</pin_list>
<bind>
<opcode="icmp(45) " fcode="icmp"/>
<opset="icmp_ln6/2 "/>
</bind>
</comp>

<comp id="218" class="1004" name="add_ln6_fu_218">
<pin_list>
<pin id="219" dir="0" index="0" bw="8" slack="0"/>
<pin id="220" dir="0" index="1" bw="1" slack="0"/>
<pin id="221" dir="1" index="2" bw="8" slack="1"/>
</pin_list>
<bind>
<opcode="add(8) " fcode="add"/>
<opset="add_ln6/2 "/>
</bind>
</comp>

<comp id="224" class="1004" name="trunc_ln6_fu_224">
<pin_list>
<pin id="225" dir="0" index="0" bw="8" slack="0"/>
<pin id="226" dir="1" index="1" bw="7" slack="0"/>
</pin_list>
<bind>
<opcode="trunc(33) " fcode="trunc"/>
<opset="trunc_ln6/2 "/>
</bind>
</comp>

<comp id="228" class="1004" name="tmp_fu_228">
<pin_list>
<pin id="229" dir="0" index="0" bw="14" slack="0"/>
<pin id="230" dir="0" index="1" bw="7" slack="0"/>
<pin id="231" dir="0" index="2" bw="1" slack="0"/>
<pin id="232" dir="1" index="3" bw="14" slack="1"/>
</pin_list>
<bind>
<opcode="bitconcatenate(1004) " fcode="bitconcatenate"/>
<opset="tmp/2 "/>
</bind>
</comp>

<comp id="236" class="1004" name="cmp9_fu_236">
<pin_list>
<pin id="237" dir="0" index="0" bw="8" slack="0"/>
<pin id="238" dir="0" index="1" bw="1" slack="0"/>
<pin id="239" dir="1" index="2" bw="1" slack="0"/>
</pin_list>
<bind>
<opcode="icmp(45) " fcode="icmp"/>
<opset="cmp9/2 "/>
</bind>
</comp>

<comp id="242" class="1004" name="cmp10_fu_242">
<pin_list>
<pin id="243" dir="0" index="0" bw="8" slack="0"/>
<pin id="244" dir="0" index="1" bw="8" slack="0"/>
<pin id="245" dir="1" index="2" bw="1" slack="0"/>
</pin_list>
<bind>
<opcode="icmp(45) " fcode="icmp"/>
<opset="cmp10/2 "/>
</bind>
</comp>

<comp id="248" class="1004" name="tmp1_fu_248">
<pin_list>
<pin id="249" dir="0" index="0" bw="1" slack="0"/>
<pin id="250" dir="0" index="1" bw="1" slack="0"/>
<pin id="251" dir="1" index="2" bw="1" slack="1"/>
</pin_list>
<bind>
<opcode="or(24) " fcode="or"/>
<opset="tmp1/2 "/>
</bind>
</comp>

<comp id="254" class="1004" name="icmp_ln7_fu_254">
<pin_list>
<pin id="255" dir="0" index="0" bw="8" slack="0"/>
<pin id="256" dir="0" index="1" bw="8" slack="0"/>
<pin id="257" dir="1" index="2" bw="1" slack="2147483647"/>
</pin_list>
<bind>
<opcode="icmp(45) " fcode="icmp"/>
<opset="icmp_ln7/3 "/>
</bind>
</comp>

<comp id="260" class="1004" name="add_ln7_fu_260">
<pin_list>
<pin id="261" dir="0" index="0" bw="8" slack="0"/>
<pin id="262" dir="0" index="1" bw="1" slack="0"/>
<pin id="263" dir="1" index="2" bw="8" slack="0"/>
</pin_list>
<bind>
<opcode="add(8) " fcode="add"/>
<opset="add_ln7/3 "/>
</bind>
</comp>

<comp id="266" class="1004" name="trunc_ln7_fu_266">
<pin_list>
<pin id="267" dir="0" index="0" bw="8" slack="0"/>
<pin id="268" dir="1" index="1" bw="7" slack="4"/>
</pin_list>
<bind>
<opcode="trunc(33) " fcode="trunc"/>
<opset="trunc_ln7/3 "/>
</bind>
</comp>

<comp id="270" class="1004" name="c_cast_fu_270">
<pin_list>
<pin id="271" dir="0" index="0" bw="8" slack="0"/>
<pin id="272" dir="1" index="1" bw="14" slack="0"/>
</pin_list>
<bind>
<opcode="zext(34) " fcode="zext"/>
<opset="c_cast/3 "/>
</bind>
</comp>

<comp id="274" class="1004" name="empty_fu_274">
<pin_list>
<pin id="275" dir="0" index="0" bw="14" slack="1"/>
<pin id="276" dir="0" index="1" bw="8" slack="0"/>
<pin id="277" dir="1" index="2" bw="14" slack="0"/>
</pin_list>
<bind>
<opcode="add(8) " fcode="add"/>
<opset="empty/3 "/>
</bind>
</comp>

<comp id="279" class="1004" name="p_cast_fu_279">
<pin_list>
<pin id="280" dir="0" index="0" bw="14" slack="0"/>
<pin id="281" dir="1" index="1" bw="64" slack="0"/>
</pin_list>
<bind>
<opcode="zext(34) " fcode="zext"/>
<opset="p_cast/3 "/>
</bind>
</comp>

<comp id="285" class="1004" name="store_ln9_store_fu_285">
<pin_list>
<pin id="286" dir="0" index="0" bw="1" slack="0"/>
<pin id="287" dir="0" index="1" bw="32" slack="2"/>
<pin id="288" dir="1" index="2" bw="0" slack="2147483647"/>
</pin_list>
<bind>
<opcode="store(28) " fcode="store"/>
<opset="store_ln9/3 "/>
</bind>
</comp>

<comp id="290" class="1004" name="cmp12_fu_290">
<pin_list>
<pin id="291" dir="0" index="0" bw="8" slack="0"/>
<pin id="292" dir="0" index="1" bw="1" slack="0"/>
<pin id="293" dir="1" index="2" bw="1" slack="0"/>
</pin_list>
<bind>
<opcode="icmp(45) " fcode="icmp"/>
<opset="cmp12/3 "/>
</bind>
</comp>

<comp id="296" class="1004" name="cmp14_fu_296">
<pin_list>
<pin id="297" dir="0" index="0" bw="8" slack="0"/>
<pin id="298" dir="0" index="1" bw="8" slack="0"/>
<pin id="299" dir="1" index="2" bw="1" slack="0"/>
</pin_list>
<bind>
<opcode="icmp(45) " fcode="icmp"/>
<opset="cmp14/3 "/>
</bind>
</comp>

<comp id="302" class="1004" name="tmp2_fu_302">
<pin_list>
<pin id="303" dir="0" index="0" bw="1" slack="0"/>
<pin id="304" dir="0" index="1" bw="1" slack="0"/>
<pin id="305" dir="1" index="2" bw="1" slack="0"/>
</pin_list>
<bind>
<opcode="or(24) " fcode="or"/>
<opset="tmp2/3 "/>
</bind>
</comp>

<comp id="308" class="1004" name="brmerge11_fu_308">
<pin_list>
<pin id="309" dir="0" index="0" bw="1" slack="0"/>
<pin id="310" dir="0" index="1" bw="1" slack="1"/>
<pin id="311" dir="1" index="2" bw="1" slack="2"/>
</pin_list>
<bind>
<opcode="or(24) " fcode="or"/>
<opset="brmerge11/3 "/>
</bind>
</comp>

<comp id="313" class="1004" name="store_ln6_store_fu_313">
<pin_list>
<pin id="314" dir="0" index="0" bw="8" slack="1"/>
<pin id="315" dir="0" index="1" bw="8" slack="2"/>
<pin id="316" dir="1" index="2" bw="0" slack="2147483647"/>
</pin_list>
<bind>
<opcode="store(28) " fcode="store"/>
<opset="store_ln6/3 "/>
</bind>
</comp>

<comp id="317" class="1004" name="icmp_ln9_fu_317">
<pin_list>
<pin id="318" dir="0" index="0" bw="32" slack="0"/>
<pin id="319" dir="0" index="1" bw="5" slack="0"/>
<pin id="320" dir="1" index="2" bw="1" slack="2147483647"/>
</pin_list>
<bind>
<opcode="icmp(45) " fcode="icmp"/>
<opset="icmp_ln9/5 "/>
</bind>
</comp>

<comp id="323" class="1004" name="icmp_ln14_fu_323">
<pin_list>
<pin id="324" dir="0" index="0" bw="3" slack="0"/>
<pin id="325" dir="0" index="1" bw="3" slack="0"/>
<pin id="326" dir="1" index="2" bw="1" slack="2147483647"/>
</pin_list>
<bind>
<opcode="icmp(45) " fcode="icmp"/>
<opset="icmp_ln14/6 "/>
</bind>
</comp>

<comp id="329" class="1004" name="sext_ln14_fu_329">
<pin_list>
<pin id="330" dir="0" index="0" bw="3" slack="0"/>
<pin id="331" dir="1" index="1" bw="7" slack="0"/>
</pin_list>
<bind>
<opcode="sext(35) " fcode="sext"/>
<opset="sext_ln14/6 "/>
</bind>
</comp>

<comp id="333" class="1004" name="empty_28_fu_333">
<pin_list>
<pin id="334" dir="0" index="0" bw="3" slack="0"/>
<pin id="335" dir="0" index="1" bw="7" slack="4"/>
<pin id="336" dir="1" index="2" bw="7" slack="1"/>
</pin_list>
<bind>
<opcode="add(8) " fcode="add"/>
<opset="empty_28/6 "/>
</bind>
</comp>

<comp id="338" class="1004" name="sext_ln19_fu_338">
<pin_list>
<pin id="339" dir="0" index="0" bw="16" slack="0"/>
<pin id="340" dir="1" index="1" bw="34" slack="0"/>
</pin_list>
<bind>
<opcode="sext(35) " fcode="sext"/>
<opset="sext_ln19/6 "/>
</bind>
</comp>

<comp id="342" class="1004" name="mul_ln19_fu_342">
<pin_list>
<pin id="343" dir="0" index="0" bw="16" slack="0"/>
<pin id="344" dir="0" index="1" bw="18" slack="0"/>
<pin id="345" dir="1" index="2" bw="34" slack="0"/>
</pin_list>
<bind>
<opcode="mul(12) " fcode="mul"/>
<opset="mul_ln19/6 "/>
</bind>
</comp>

<comp id="348" class="1004" name="trunc_ln19_fu_348">
<pin_list>
<pin id="349" dir="0" index="0" bw="34" slack="0"/>
<pin id="350" dir="1" index="1" bw="33" slack="0"/>
</pin_list>
<bind>
<opcode="trunc(33) " fcode="trunc"/>
<opset="trunc_ln19/6 "/>
</bind>
</comp>

<comp id="352" class="1004" name="sub_ln19_fu_352">
<pin_list>
<pin id="353" dir="0" index="0" bw="1" slack="0"/>
<pin id="354" dir="0" index="1" bw="33" slack="0"/>
<pin id="355" dir="1" index="2" bw="33" slack="0"/>
</pin_list>
<bind>
<opcode="sub(10) " fcode="sub"/>
<opset="sub_ln19/6 "/>
</bind>
</comp>

<comp id="358" class="1004" name="tmp_1_fu_358">
<pin_list>
<pin id="359" dir="0" index="0" bw="1" slack="0"/>
<pin id="360" dir="0" index="1" bw="16" slack="0"/>
<pin id="361" dir="0" index="2" bw="5" slack="0"/>
<pin id="362" dir="1" index="3" bw="1" slack="0"/>
</pin_list>
<bind>
<opcode="bitselect(1000) " fcode="bitselect"/>
<opset="tmp_1/6 "/>
</bind>
</comp>

<comp id="366" class="1004" name="tmp_1_cast_fu_366">
<pin_list>
<pin id="367" dir="0" index="0" bw="12" slack="0"/>
<pin id="368" dir="0" index="1" bw="33" slack="0"/>
<pin id="369" dir="0" index="2" bw="6" slack="0"/>
<pin id="370" dir="0" index="3" bw="6" slack="0"/>
<pin id="371" dir="1" index="4" bw="12" slack="0"/>
</pin_list>
<bind>
<opcode="partselect(1002) " fcode="partselect"/>
<opset="tmp_1_cast/6 "/>
</bind>
</comp>

<comp id="376" class="1004" name="tmp_4_cast3_fu_376">
<pin_list>
<pin id="377" dir="0" index="0" bw="13" slack="0"/>
<pin id="378" dir="0" index="1" bw="34" slack="0"/>
<pin id="379" dir="0" index="2" bw="6" slack="0"/>
<pin id="380" dir="0" index="3" bw="7" slack="0"/>
<pin id="381" dir="1" index="4" bw="13" slack="0"/>
</pin_list>
<bind>
<opcode="partselect(1002) " fcode="partselect"/>
<opset="tmp_4_cast3/6 "/>
</bind>
</comp>

<comp id="386" class="1004" name="tmp_4_cast_fu_386">
<pin_list>
<pin id="387" dir="0" index="0" bw="12" slack="0"/>
<pin id="388" dir="0" index="1" bw="34" slack="0"/>
<pin id="389" dir="0" index="2" bw="6" slack="0"/>
<pin id="390" dir="0" index="3" bw="6" slack="0"/>
<pin id="391" dir="1" index="4" bw="12" slack="0"/>
</pin_list>
<bind>
<opcode="partselect(1002) " fcode="partselect"/>
<opset="tmp_4_cast/6 "/>
</bind>
</comp>

<comp id="396" class="1004" name="select_ln19_fu_396">
<pin_list>
<pin id="397" dir="0" index="0" bw="1" slack="0"/>
<pin id="398" dir="0" index="1" bw="12" slack="0"/>
<pin id="399" dir="0" index="2" bw="12" slack="0"/>
<pin id="400" dir="1" index="3" bw="12" slack="0"/>
</pin_list>
<bind>
<opcode="select(49) " fcode="select"/>
<opset="select_ln19/6 "/>
</bind>
</comp>

<comp id="404" class="1004" name="zext_ln19_fu_404">
<pin_list>
<pin id="405" dir="0" index="0" bw="12" slack="0"/>
<pin id="406" dir="1" index="1" bw="13" slack="0"/>
</pin_list>
<bind>
<opcode="zext(34) " fcode="zext"/>
<opset="zext_ln19/6 "/>
</bind>
</comp>

<comp id="408" class="1004" name="sub_ln19_1_fu_408">
<pin_list>
<pin id="409" dir="0" index="0" bw="1" slack="0"/>
<pin id="410" dir="0" index="1" bw="12" slack="0"/>
<pin id="411" dir="1" index="2" bw="13" slack="0"/>
</pin_list>
<bind>
<opcode="sub(10) " fcode="sub"/>
<opset="sub_ln19_1/6 "/>
</bind>
</comp>

<comp id="414" class="1004" name="select_ln19_1_fu_414">
<pin_list>
<pin id="415" dir="0" index="0" bw="1" slack="0"/>
<pin id="416" dir="0" index="1" bw="13" slack="0"/>
<pin id="417" dir="0" index="2" bw="13" slack="0"/>
<pin id="418" dir="1" index="3" bw="13" slack="0"/>
</pin_list>
<bind>
<opcode="select(49) " fcode="select"/>
<opset="select_ln19_1/6 "/>
</bind>
</comp>

<comp id="422" class="1004" name="select_ln19_1_cast_fu_422">
<pin_list>
<pin id="423" dir="0" index="0" bw="13" slack="0"/>
<pin id="424" dir="1" index="1" bw="16" slack="1"/>
</pin_list>
<bind>
<opcode="sext(35) " fcode="sext"/>
<opset="select_ln19_1_cast/6 "/>
</bind>
</comp>

<comp id="426" class="1004" name="icmp_ln15_fu_426">
<pin_list>
<pin id="427" dir="0" index="0" bw="3" slack="0"/>
<pin id="428" dir="0" index="1" bw="3" slack="0"/>
<pin id="429" dir="1" index="2" bw="1" slack="2147483647"/>
</pin_list>
<bind>
<opcode="icmp(45) " fcode="icmp"/>
<opset="icmp_ln15/7 "/>
</bind>
</comp>

<comp id="432" class="1004" name="sext_ln13_fu_432">
<pin_list>
<pin id="433" dir="0" index="0" bw="3" slack="0"/>
<pin id="434" dir="1" index="1" bw="7" slack="0"/>
</pin_list>
<bind>
<opcode="sext(35) " fcode="sext"/>
<opset="sext_ln13/7 "/>
</bind>
</comp>

<comp id="436" class="1004" name="add_ln16_fu_436">
<pin_list>
<pin id="437" dir="0" index="0" bw="3" slack="0"/>
<pin id="438" dir="0" index="1" bw="7" slack="4"/>
<pin id="439" dir="1" index="2" bw="7" slack="0"/>
</pin_list>
<bind>
<opcode="add(8) " fcode="add"/>
<opset="add_ln16/7 "/>
</bind>
</comp>

<comp id="441" class="1004" name="add_ln16_1_fu_441">
<pin_list>
<pin id="442" dir="0" index="0" bw="14" slack="0"/>
<pin id="443" dir="0" index="1" bw="7" slack="1"/>
<pin id="444" dir="0" index="2" bw="7" slack="0"/>
<pin id="445" dir="1" index="3" bw="14" slack="0"/>
</pin_list>
<bind>
<opcode="bitconcatenate(1004) " fcode="bitconcatenate"/>
<opset="add_ln16_1/7 "/>
</bind>
</comp>

<comp id="448" class="1004" name="zext_ln16_fu_448">
<pin_list>
<pin id="449" dir="0" index="0" bw="14" slack="0"/>
<pin id="450" dir="1" index="1" bw="64" slack="0"/>
</pin_list>
<bind>
<opcode="zext(34) " fcode="zext"/>
<opset="zext_ln16/7 "/>
</bind>
</comp>

<comp id="453" class="1004" name="add_ln15_fu_453">
<pin_list>
<pin id="454" dir="0" index="0" bw="3" slack="0"/>
<pin id="455" dir="0" index="1" bw="1" slack="0"/>
<pin id="456" dir="1" index="2" bw="3" slack="0"/>
</pin_list>
<bind>
<opcode="add(8) " fcode="add"/>
<opset="add_ln15/7 "/>
</bind>
</comp>

<comp id="459" class="1004" name="add_ln14_fu_459">
<pin_list>
<pin id="460" dir="0" index="0" bw="3" slack="1"/>
<pin id="461" dir="0" index="1" bw="1" slack="0"/>
<pin id="462" dir="1" index="2" bw="3" slack="1"/>
</pin_list>
<bind>
<opcode="add(8) " fcode="add"/>
<opset="add_ln14/7 "/>
</bind>
</comp>

<comp id="465" class="1004" name="sext_ln16_fu_465">
<pin_list>
<pin id="466" dir="0" index="0" bw="16" slack="1"/>
<pin id="467" dir="1" index="1" bw="17" slack="0"/>
</pin_list>
<bind>
<opcode="sext(35) " fcode="sext"/>
<opset="sext_ln16/8 "/>
</bind>
</comp>

<comp id="469" class="1004" name="sext_ln16_1_fu_469">
<pin_list>
<pin id="470" dir="0" index="0" bw="16" slack="0"/>
<pin id="471" dir="1" index="1" bw="17" slack="0"/>
</pin_list>
<bind>
<opcode="sext(35) " fcode="sext"/>
<opset="sext_ln16_1/8 "/>
</bind>
</comp>

<comp id="473" class="1004" name="sum_3_fu_473">
<pin_list>
<pin id="474" dir="0" index="0" bw="16" slack="0"/>
<pin id="475" dir="0" index="1" bw="16" slack="1"/>
<pin id="476" dir="1" index="2" bw="16" slack="0"/>
</pin_list>
<bind>
<opcode="add(8) " fcode="add"/>
<opset="sum_3/8 "/>
</bind>
</comp>

<comp id="479" class="1004" name="add_ln16_2_fu_479">
<pin_list>
<pin id="480" dir="0" index="0" bw="16" slack="0"/>
<pin id="481" dir="0" index="1" bw="16" slack="0"/>
<pin id="482" dir="1" index="2" bw="17" slack="0"/>
</pin_list>
<bind>
<opcode="add(8) " fcode="add"/>
<opset="add_ln16_2/8 "/>
</bind>
</comp>

<comp id="485" class="1004" name="tmp_2_fu_485">
<pin_list>
<pin id="486" dir="0" index="0" bw="1" slack="0"/>
<pin id="487" dir="0" index="1" bw="17" slack="0"/>
<pin id="488" dir="0" index="2" bw="6" slack="0"/>
<pin id="489" dir="1" index="3" bw="1" slack="0"/>
</pin_list>
<bind>
<opcode="bitselect(1000) " fcode="bitselect"/>
<opset="tmp_2/8 "/>
</bind>
</comp>

<comp id="493" class="1004" name="tmp_3_fu_493">
<pin_list>
<pin id="494" dir="0" index="0" bw="1" slack="0"/>
<pin id="495" dir="0" index="1" bw="16" slack="0"/>
<pin id="496" dir="0" index="2" bw="5" slack="0"/>
<pin id="497" dir="1" index="3" bw="1" slack="0"/>
</pin_list>
<bind>
<opcode="bitselect(1000) " fcode="bitselect"/>
<opset="tmp_3/8 "/>
</bind>
</comp>

<comp id="501" class="1004" name="xor_ln16_fu_501">
<pin_list>
<pin id="502" dir="0" index="0" bw="1" slack="0"/>
<pin id="503" dir="0" index="1" bw="1" slack="0"/>
<pin id="504" dir="1" index="2" bw="1" slack="0"/>
</pin_list>
<bind>
<opcode="xor(25) " fcode="xor"/>
<opset="xor_ln16/8 "/>
</bind>
</comp>

<comp id="507" class="1004" name="and_ln16_fu_507">
<pin_list>
<pin id="508" dir="0" index="0" bw="1" slack="0"/>
<pin id="509" dir="0" index="1" bw="1" slack="0"/>
<pin id="510" dir="1" index="2" bw="1" slack="0"/>
</pin_list>
<bind>
<opcode="and(23) " fcode="and"/>
<opset="and_ln16/8 "/>
</bind>
</comp>

<comp id="513" class="1004" name="xor_ln16_1_fu_513">
<pin_list>
<pin id="514" dir="0" index="0" bw="1" slack="0"/>
<pin id="515" dir="0" index="1" bw="1" slack="0"/>
<pin id="516" dir="1" index="2" bw="1" slack="0"/>
</pin_list>
<bind>
<opcode="xor(25) " fcode="xor"/>
<opset="xor_ln16_1/8 "/>
</bind>
</comp>

<comp id="519" class="1004" name="select_ln16_fu_519">
<pin_list>
<pin id="520" dir="0" index="0" bw="1" slack="0"/>
<pin id="521" dir="0" index="1" bw="16" slack="0"/>
<pin id="522" dir="0" index="2" bw="16" slack="0"/>
<pin id="523" dir="1" index="3" bw="16" slack="0"/>
</pin_list>
<bind>
<opcode="select(49) " fcode="select"/>
<opset="select_ln16/8 "/>
</bind>
</comp>

<comp id="527" class="1004" name="sum_4_fu_527">
<pin_list>
<pin id="528" dir="0" index="0" bw="1" slack="0"/>
<pin id="529" dir="0" index="1" bw="16" slack="0"/>
<pin id="530" dir="0" index="2" bw="16" slack="0"/>
<pin id="531" dir="1" index="3" bw="16" slack="1"/>
</pin_list>
<bind>
<opcode="select(49) " fcode="select"/>
<opset="sum_4/8 "/>
</bind>
</comp>

<comp id="535" class="1004" name="waste_1_fu_535">
<pin_list>
<pin id="536" dir="0" index="0" bw="32" slack="0"/>
<pin id="537" dir="0" index="1" bw="1" slack="0"/>
<pin id="538" dir="1" index="2" bw="32" slack="0"/>
</pin_list>
<bind>
<opcode="add(8) " fcode="add"/>
<opset="waste_1/9 "/>
</bind>
</comp>

<comp id="541" class="1004" name="store_ln9_store_fu_541">
<pin_list>
<pin id="542" dir="0" index="0" bw="32" slack="0"/>
<pin id="543" dir="0" index="1" bw="32" slack="6"/>
<pin id="544" dir="1" index="2" bw="0" slack="2147483647"/>
</pin_list>
<bind>
<opcode="store(28) " fcode="store"/>
<opset="store_ln9/9 "/>
</bind>
</comp>

<comp id="546" class="1005" name="r_reg_546">
<pin_list>
<pin id="547" dir="0" index="0" bw="8" slack="0"/>
<pin id="548" dir="1" index="1" bw="8" slack="0"/>
</pin_list>
<bind>
<opset="r "/>
</bind>
</comp>

<comp id="553" class="1005" name="waste_reg_553">
<pin_list>
<pin id="554" dir="0" index="0" bw="32" slack="2"/>
<pin id="555" dir="1" index="1" bw="32" slack="2"/>
</pin_list>
<bind>
<opset="waste "/>
</bind>
</comp>

<comp id="563" class="1005" name="add_ln6_reg_563">
<pin_list>
<pin id="564" dir="0" index="0" bw="8" slack="1"/>
<pin id="565" dir="1" index="1" bw="8" slack="1"/>
</pin_list>
<bind>
<opset="add_ln6 "/>
</bind>
</comp>

<comp id="568" class="1005" name="trunc_ln6_reg_568">
<pin_list>
<pin id="569" dir="0" index="0" bw="7" slack="4"/>
<pin id="570" dir="1" index="1" bw="7" slack="4"/>
</pin_list>
<bind>
<opset="trunc_ln6 "/>
</bind>
</comp>

<comp id="573" class="1005" name="tmp_reg_573">
<pin_list>
<pin id="574" dir="0" index="0" bw="14" slack="1"/>
<pin id="575" dir="1" index="1" bw="14" slack="1"/>
</pin_list>
<bind>
<opset="tmp "/>
</bind>
</comp>

<comp id="578" class="1005" name="tmp1_reg_578">
<pin_list>
<pin id="579" dir="0" index="0" bw="1" slack="1"/>
<pin id="580" dir="1" index="1" bw="1" slack="1"/>
</pin_list>
<bind>
<opset="tmp1 "/>
</bind>
</comp>

<comp id="586" class="1005" name="add_ln7_reg_586">
<pin_list>
<pin id="587" dir="0" index="0" bw="8" slack="0"/>
<pin id="588" dir="1" index="1" bw="8" slack="0"/>
</pin_list>
<bind>
<opset="add_ln7 "/>
</bind>
</comp>

<comp id="591" class="1005" name="trunc_ln7_reg_591">
<pin_list>
<pin id="592" dir="0" index="0" bw="7" slack="4"/>
<pin id="593" dir="1" index="1" bw="7" slack="4"/>
</pin_list>
<bind>
<opset="trunc_ln7 "/>
</bind>
</comp>

<comp id="596" class="1005" name="red_in_addr_reg_596">
<pin_list>
<pin id="597" dir="0" index="0" bw="14" slack="1"/>
<pin id="598" dir="1" index="1" bw="14" slack="1"/>
</pin_list>
<bind>
<opset="red_in_addr "/>
</bind>
</comp>

<comp id="601" class="1005" name="output_addr_reg_601">
<pin_list>
<pin id="602" dir="0" index="0" bw="14" slack="4"/>
<pin id="603" dir="1" index="1" bw="14" slack="4"/>
</pin_list>
<bind>
<opset="output_addr "/>
</bind>
</comp>

<comp id="606" class="1005" name="brmerge11_reg_606">
<pin_list>
<pin id="607" dir="0" index="0" bw="1" slack="2"/>
<pin id="608" dir="1" index="1" bw="1" slack="2147483647"/>
</pin_list>
<bind>
<opset="brmerge11 "/>
</bind>
</comp>

<comp id="610" class="1005" name="red_in_load_reg_610">
<pin_list>
<pin id="611" dir="0" index="0" bw="16" slack="3"/>
<pin id="612" dir="1" index="1" bw="16" slack="3"/>
</pin_list>
<bind>
<opset="red_in_load "/>
</bind>
</comp>

<comp id="621" class="1005" name="empty_28_reg_621">
<pin_list>
<pin id="622" dir="0" index="0" bw="7" slack="1"/>
<pin id="623" dir="1" index="1" bw="7" slack="1"/>
</pin_list>
<bind>
<opset="empty_28 "/>
</bind>
</comp>

<comp id="626" class="1005" name="select_ln19_1_cast_reg_626">
<pin_list>
<pin id="627" dir="0" index="0" bw="16" slack="1"/>
<pin id="628" dir="1" index="1" bw="16" slack="1"/>
</pin_list>
<bind>
<opset="select_ln19_1_cast "/>
</bind>
</comp>

<comp id="634" class="1005" name="red_in_addr_1_reg_634">
<pin_list>
<pin id="635" dir="0" index="0" bw="14" slack="1"/>
<pin id="636" dir="1" index="1" bw="14" slack="1"/>
</pin_list>
<bind>
<opset="red_in_addr_1 "/>
</bind>
</comp>

<comp id="639" class="1005" name="add_ln15_reg_639">
<pin_list>
<pin id="640" dir="0" index="0" bw="3" slack="0"/>
<pin id="641" dir="1" index="1" bw="3" slack="0"/>
</pin_list>
<bind>
<opset="add_ln15 "/>
</bind>
</comp>

<comp id="644" class="1005" name="add_ln14_reg_644">
<pin_list>
<pin id="645" dir="0" index="0" bw="3" slack="1"/>
<pin id="646" dir="1" index="1" bw="3" slack="1"/>
</pin_list>
<bind>
<opset="add_ln14 "/>
</bind>
</comp>

<comp id="649" class="1005" name="sum_4_reg_649">
<pin_list>
<pin id="650" dir="0" index="0" bw="16" slack="1"/>
<pin id="651" dir="1" index="1" bw="16" slack="1"/>
</pin_list>
<bind>
<opset="sum_4 "/>
</bind>
</comp>

</comp_list>

<net_list>
<net id="95"><net_src comp="4" pin="0"/><net_sink comp="92" pin=0"/></net>

<net id="99"><net_src comp="16" pin="0"/><net_sink comp="96" pin=0"/></net>

<net id="105"><net_src comp="0" pin="0"/><net_sink comp="100" pin=0"/></net>

<net id="106"><net_src comp="38" pin="0"/><net_sink comp="100" pin=1"/></net>

<net id="112"><net_src comp="2" pin="0"/><net_sink comp="107" pin=0"/></net>

<net id="113"><net_src comp="38" pin="0"/><net_sink comp="107" pin=1"/></net>

<net id="119"><net_src comp="100" pin="3"/><net_sink comp="114" pin=0"/></net>

<net id="125"><net_src comp="0" pin="0"/><net_sink comp="120" pin=0"/></net>

<net id="126"><net_src comp="38" pin="0"/><net_sink comp="120" pin=1"/></net>

<net id="127"><net_src comp="120" pin="3"/><net_sink comp="114" pin=0"/></net>

<net id="136"><net_src comp="18" pin="0"/><net_sink comp="133" pin=0"/></net>

<net id="143"><net_src comp="133" pin="1"/><net_sink comp="137" pin=0"/></net>

<net id="147"><net_src comp="46" pin="0"/><net_sink comp="144" pin=0"/></net>

<net id="154"><net_src comp="144" pin="1"/><net_sink comp="148" pin=2"/></net>

<net id="155"><net_src comp="148" pin="4"/><net_sink comp="144" pin=0"/></net>

<net id="159"><net_src comp="48" pin="0"/><net_sink comp="156" pin=0"/></net>

<net id="166"><net_src comp="156" pin="1"/><net_sink comp="160" pin=2"/></net>

<net id="167"><net_src comp="160" pin="4"/><net_sink comp="156" pin=0"/></net>

<net id="171"><net_src comp="46" pin="0"/><net_sink comp="168" pin=0"/></net>

<net id="178"><net_src comp="168" pin="1"/><net_sink comp="172" pin=0"/></net>

<net id="182"><net_src comp="179" pin="1"/><net_sink comp="160" pin=0"/></net>

<net id="189"><net_src comp="156" pin="1"/><net_sink comp="183" pin=0"/></net>

<net id="190"><net_src comp="183" pin="4"/><net_sink comp="179" pin=0"/></net>

<net id="200"><net_src comp="194" pin="4"/><net_sink comp="128" pin=1"/></net>

<net id="208"><net_src comp="18" pin="0"/><net_sink comp="204" pin=0"/></net>

<net id="216"><net_src comp="209" pin="1"/><net_sink comp="212" pin=0"/></net>

<net id="217"><net_src comp="20" pin="0"/><net_sink comp="212" pin=1"/></net>

<net id="222"><net_src comp="209" pin="1"/><net_sink comp="218" pin=0"/></net>

<net id="223"><net_src comp="22" pin="0"/><net_sink comp="218" pin=1"/></net>

<net id="227"><net_src comp="209" pin="1"/><net_sink comp="224" pin=0"/></net>

<net id="233"><net_src comp="24" pin="0"/><net_sink comp="228" pin=0"/></net>

<net id="234"><net_src comp="224" pin="1"/><net_sink comp="228" pin=1"/></net>

<net id="235"><net_src comp="26" pin="0"/><net_sink comp="228" pin=2"/></net>

<net id="240"><net_src comp="209" pin="1"/><net_sink comp="236" pin=0"/></net>

<net id="241"><net_src comp="18" pin="0"/><net_sink comp="236" pin=1"/></net>

<net id="246"><net_src comp="209" pin="1"/><net_sink comp="242" pin=0"/></net>

<net id="247"><net_src comp="36" pin="0"/><net_sink comp="242" pin=1"/></net>

<net id="252"><net_src comp="236" pin="2"/><net_sink comp="248" pin=0"/></net>

<net id="253"><net_src comp="242" pin="2"/><net_sink comp="248" pin=1"/></net>

<net id="258"><net_src comp="137" pin="4"/><net_sink comp="254" pin=0"/></net>

<net id="259"><net_src comp="20" pin="0"/><net_sink comp="254" pin=1"/></net>

<net id="264"><net_src comp="137" pin="4"/><net_sink comp="260" pin=0"/></net>

<net id="265"><net_src comp="22" pin="0"/><net_sink comp="260" pin=1"/></net>

<net id="269"><net_src comp="137" pin="4"/><net_sink comp="266" pin=0"/></net>

<net id="273"><net_src comp="137" pin="4"/><net_sink comp="270" pin=0"/></net>

<net id="278"><net_src comp="270" pin="1"/><net_sink comp="274" pin=1"/></net>

<net id="282"><net_src comp="274" pin="2"/><net_sink comp="279" pin=0"/></net>

<net id="283"><net_src comp="279" pin="1"/><net_sink comp="100" pin=2"/></net>

<net id="284"><net_src comp="279" pin="1"/><net_sink comp="107" pin=2"/></net>

<net id="289"><net_src comp="10" pin="0"/><net_sink comp="285" pin=0"/></net>

<net id="294"><net_src comp="137" pin="4"/><net_sink comp="290" pin=0"/></net>

<net id="295"><net_src comp="18" pin="0"/><net_sink comp="290" pin=1"/></net>

<net id="300"><net_src comp="137" pin="4"/><net_sink comp="296" pin=0"/></net>

<net id="301"><net_src comp="36" pin="0"/><net_sink comp="296" pin=1"/></net>

<net id="306"><net_src comp="290" pin="2"/><net_sink comp="302" pin=0"/></net>

<net id="307"><net_src comp="296" pin="2"/><net_sink comp="302" pin=1"/></net>

<net id="312"><net_src comp="302" pin="2"/><net_sink comp="308" pin=0"/></net>

<net id="321"><net_src comp="201" pin="1"/><net_sink comp="317" pin=0"/></net>

<net id="322"><net_src comp="42" pin="0"/><net_sink comp="317" pin=1"/></net>

<net id="327"><net_src comp="148" pin="4"/><net_sink comp="323" pin=0"/></net>

<net id="328"><net_src comp="50" pin="0"/><net_sink comp="323" pin=1"/></net>

<net id="332"><net_src comp="148" pin="4"/><net_sink comp="329" pin=0"/></net>

<net id="337"><net_src comp="329" pin="1"/><net_sink comp="333" pin=0"/></net>

<net id="341"><net_src comp="160" pin="4"/><net_sink comp="338" pin=0"/></net>

<net id="346"><net_src comp="338" pin="1"/><net_sink comp="342" pin=0"/></net>

<net id="347"><net_src comp="56" pin="0"/><net_sink comp="342" pin=1"/></net>

<net id="351"><net_src comp="342" pin="2"/><net_sink comp="348" pin=0"/></net>

<net id="356"><net_src comp="58" pin="0"/><net_sink comp="352" pin=0"/></net>

<net id="357"><net_src comp="348" pin="1"/><net_sink comp="352" pin=1"/></net>

<net id="363"><net_src comp="60" pin="0"/><net_sink comp="358" pin=0"/></net>

<net id="364"><net_src comp="160" pin="4"/><net_sink comp="358" pin=1"/></net>

<net id="365"><net_src comp="62" pin="0"/><net_sink comp="358" pin=2"/></net>

<net id="372"><net_src comp="64" pin="0"/><net_sink comp="366" pin=0"/></net>

<net id="373"><net_src comp="352" pin="2"/><net_sink comp="366" pin=1"/></net>

<net id="374"><net_src comp="66" pin="0"/><net_sink comp="366" pin=2"/></net>

<net id="375"><net_src comp="68" pin="0"/><net_sink comp="366" pin=3"/></net>

<net id="382"><net_src comp="70" pin="0"/><net_sink comp="376" pin=0"/></net>

<net id="383"><net_src comp="342" pin="2"/><net_sink comp="376" pin=1"/></net>

<net id="384"><net_src comp="66" pin="0"/><net_sink comp="376" pin=2"/></net>

<net id="385"><net_src comp="72" pin="0"/><net_sink comp="376" pin=3"/></net>

<net id="392"><net_src comp="74" pin="0"/><net_sink comp="386" pin=0"/></net>

<net id="393"><net_src comp="342" pin="2"/><net_sink comp="386" pin=1"/></net>

<net id="394"><net_src comp="66" pin="0"/><net_sink comp="386" pin=2"/></net>

<net id="395"><net_src comp="68" pin="0"/><net_sink comp="386" pin=3"/></net>

<net id="401"><net_src comp="358" pin="3"/><net_sink comp="396" pin=0"/></net>

<net id="402"><net_src comp="366" pin="4"/><net_sink comp="396" pin=1"/></net>

<net id="403"><net_src comp="386" pin="4"/><net_sink comp="396" pin=2"/></net>

<net id="407"><net_src comp="396" pin="3"/><net_sink comp="404" pin=0"/></net>

<net id="412"><net_src comp="76" pin="0"/><net_sink comp="408" pin=0"/></net>

<net id="413"><net_src comp="404" pin="1"/><net_sink comp="408" pin=1"/></net>

<net id="419"><net_src comp="358" pin="3"/><net_sink comp="414" pin=0"/></net>

<net id="420"><net_src comp="408" pin="2"/><net_sink comp="414" pin=1"/></net>

<net id="421"><net_src comp="376" pin="4"/><net_sink comp="414" pin=2"/></net>

<net id="425"><net_src comp="414" pin="3"/><net_sink comp="422" pin=0"/></net>

<net id="430"><net_src comp="172" pin="4"/><net_sink comp="426" pin=0"/></net>

<net id="431"><net_src comp="50" pin="0"/><net_sink comp="426" pin=1"/></net>

<net id="435"><net_src comp="172" pin="4"/><net_sink comp="432" pin=0"/></net>

<net id="440"><net_src comp="432" pin="1"/><net_sink comp="436" pin=0"/></net>

<net id="446"><net_src comp="24" pin="0"/><net_sink comp="441" pin=0"/></net>

<net id="447"><net_src comp="436" pin="2"/><net_sink comp="441" pin=2"/></net>

<net id="451"><net_src comp="441" pin="3"/><net_sink comp="448" pin=0"/></net>

<net id="452"><net_src comp="448" pin="1"/><net_sink comp="120" pin=2"/></net>

<net id="457"><net_src comp="172" pin="4"/><net_sink comp="453" pin=0"/></net>

<net id="458"><net_src comp="78" pin="0"/><net_sink comp="453" pin=1"/></net>

<net id="463"><net_src comp="144" pin="1"/><net_sink comp="459" pin=0"/></net>

<net id="464"><net_src comp="78" pin="0"/><net_sink comp="459" pin=1"/></net>

<net id="468"><net_src comp="179" pin="1"/><net_sink comp="465" pin=0"/></net>

<net id="472"><net_src comp="114" pin="3"/><net_sink comp="469" pin=0"/></net>

<net id="477"><net_src comp="114" pin="3"/><net_sink comp="473" pin=0"/></net>

<net id="478"><net_src comp="179" pin="1"/><net_sink comp="473" pin=1"/></net>

<net id="483"><net_src comp="469" pin="1"/><net_sink comp="479" pin=0"/></net>

<net id="484"><net_src comp="465" pin="1"/><net_sink comp="479" pin=1"/></net>

<net id="490"><net_src comp="82" pin="0"/><net_sink comp="485" pin=0"/></net>

<net id="491"><net_src comp="479" pin="2"/><net_sink comp="485" pin=1"/></net>

<net id="492"><net_src comp="84" pin="0"/><net_sink comp="485" pin=2"/></net>

<net id="498"><net_src comp="60" pin="0"/><net_sink comp="493" pin=0"/></net>

<net id="499"><net_src comp="473" pin="2"/><net_sink comp="493" pin=1"/></net>

<net id="500"><net_src comp="62" pin="0"/><net_sink comp="493" pin=2"/></net>

<net id="505"><net_src comp="485" pin="3"/><net_sink comp="501" pin=0"/></net>

<net id="506"><net_src comp="86" pin="0"/><net_sink comp="501" pin=1"/></net>

<net id="511"><net_src comp="493" pin="3"/><net_sink comp="507" pin=0"/></net>

<net id="512"><net_src comp="501" pin="2"/><net_sink comp="507" pin=1"/></net>

<net id="517"><net_src comp="485" pin="3"/><net_sink comp="513" pin=0"/></net>

<net id="518"><net_src comp="493" pin="3"/><net_sink comp="513" pin=1"/></net>

<net id="524"><net_src comp="507" pin="2"/><net_sink comp="519" pin=0"/></net>

<net id="525"><net_src comp="88" pin="0"/><net_sink comp="519" pin=1"/></net>

<net id="526"><net_src comp="90" pin="0"/><net_sink comp="519" pin=2"/></net>

<net id="532"><net_src comp="513" pin="2"/><net_sink comp="527" pin=0"/></net>

<net id="533"><net_src comp="519" pin="3"/><net_sink comp="527" pin=1"/></net>

<net id="534"><net_src comp="473" pin="2"/><net_sink comp="527" pin=2"/></net>

<net id="539"><net_src comp="201" pin="1"/><net_sink comp="535" pin=0"/></net>

<net id="540"><net_src comp="4" pin="0"/><net_sink comp="535" pin=1"/></net>

<net id="545"><net_src comp="535" pin="2"/><net_sink comp="541" pin=0"/></net>

<net id="549"><net_src comp="92" pin="1"/><net_sink comp="546" pin=0"/></net>

<net id="550"><net_src comp="546" pin="1"/><net_sink comp="204" pin=1"/></net>

<net id="551"><net_src comp="546" pin="1"/><net_sink comp="209" pin=0"/></net>

<net id="552"><net_src comp="546" pin="1"/><net_sink comp="313" pin=1"/></net>

<net id="556"><net_src comp="96" pin="1"/><net_sink comp="553" pin=0"/></net>

<net id="557"><net_src comp="553" pin="1"/><net_sink comp="285" pin=1"/></net>

<net id="558"><net_src comp="553" pin="1"/><net_sink comp="201" pin=0"/></net>

<net id="559"><net_src comp="553" pin="1"/><net_sink comp="541" pin=1"/></net>

<net id="566"><net_src comp="218" pin="2"/><net_sink comp="563" pin=0"/></net>

<net id="567"><net_src comp="563" pin="1"/><net_sink comp="313" pin=0"/></net>

<net id="571"><net_src comp="224" pin="1"/><net_sink comp="568" pin=0"/></net>

<net id="572"><net_src comp="568" pin="1"/><net_sink comp="333" pin=1"/></net>

<net id="576"><net_src comp="228" pin="3"/><net_sink comp="573" pin=0"/></net>

<net id="577"><net_src comp="573" pin="1"/><net_sink comp="274" pin=0"/></net>

<net id="581"><net_src comp="248" pin="2"/><net_sink comp="578" pin=0"/></net>

<net id="582"><net_src comp="578" pin="1"/><net_sink comp="308" pin=1"/></net>

<net id="589"><net_src comp="260" pin="2"/><net_sink comp="586" pin=0"/></net>

<net id="590"><net_src comp="586" pin="1"/><net_sink comp="137" pin=2"/></net>

<net id="594"><net_src comp="266" pin="1"/><net_sink comp="591" pin=0"/></net>

<net id="595"><net_src comp="591" pin="1"/><net_sink comp="436" pin=1"/></net>

<net id="599"><net_src comp="100" pin="3"/><net_sink comp="596" pin=0"/></net>

<net id="600"><net_src comp="596" pin="1"/><net_sink comp="114" pin=0"/></net>

<net id="604"><net_src comp="107" pin="3"/><net_sink comp="601" pin=0"/></net>

<net id="605"><net_src comp="601" pin="1"/><net_sink comp="128" pin=0"/></net>

<net id="609"><net_src comp="308" pin="2"/><net_sink comp="606" pin=0"/></net>

<net id="613"><net_src comp="114" pin="3"/><net_sink comp="610" pin=0"/></net>

<net id="614"><net_src comp="610" pin="1"/><net_sink comp="194" pin=2"/></net>

<net id="624"><net_src comp="333" pin="2"/><net_sink comp="621" pin=0"/></net>

<net id="625"><net_src comp="621" pin="1"/><net_sink comp="441" pin=1"/></net>

<net id="629"><net_src comp="422" pin="1"/><net_sink comp="626" pin=0"/></net>

<net id="630"><net_src comp="626" pin="1"/><net_sink comp="194" pin=0"/></net>

<net id="637"><net_src comp="120" pin="3"/><net_sink comp="634" pin=0"/></net>

<net id="638"><net_src comp="634" pin="1"/><net_sink comp="114" pin=0"/></net>

<net id="642"><net_src comp="453" pin="2"/><net_sink comp="639" pin=0"/></net>

<net id="643"><net_src comp="639" pin="1"/><net_sink comp="172" pin=2"/></net>

<net id="647"><net_src comp="459" pin="2"/><net_sink comp="644" pin=0"/></net>

<net id="648"><net_src comp="644" pin="1"/><net_sink comp="148" pin=0"/></net>

<net id="652"><net_src comp="527" pin="3"/><net_sink comp="649" pin=0"/></net>

<net id="653"><net_src comp="649" pin="1"/><net_sink comp="183" pin=2"/></net>

</net_list>

</model> 
---------------- Datapath Model END ------------------

* FSMD analyzer results:
  - Output states:
	Port: output_r | {9 }
 - Input state : 
	Port: slow_noise_reduction : red_in | {3 4 7 8 }
  - Chain level:
	State 1
		store_ln6 : 1
	State 2
		icmp_ln6 : 1
		add_ln6 : 1
		br_ln6 : 2
		trunc_ln6 : 1
		tmp : 2
		cmp9 : 1
		cmp10 : 1
		tmp1 : 2
	State 3
		icmp_ln7 : 1
		add_ln7 : 1
		br_ln7 : 2
		trunc_ln7 : 1
		c_cast : 1
		empty : 2
		p_cast : 3
		red_in_addr : 4
		output_addr : 4
		cmp12 : 1
		cmp14 : 1
		tmp2 : 2
		brmerge11 : 2
		red_in_load : 5
	State 4
	State 5
		icmp_ln9 : 1
		br_ln9 : 2
	State 6
		icmp_ln14 : 1
		br_ln14 : 2
		sext_ln14 : 1
		empty_28 : 2
		sext_ln19 : 1
		mul_ln19 : 2
		trunc_ln19 : 3
		sub_ln19 : 4
		tmp_1 : 1
		tmp_1_cast : 5
		tmp_4_cast3 : 3
		tmp_4_cast : 3
		select_ln19 : 6
		zext_ln19 : 7
		sub_ln19_1 : 8
		select_ln19_1 : 9
		select_ln19_1_cast : 10
	State 7
		icmp_ln15 : 1
		br_ln15 : 2
		sext_ln13 : 1
		add_ln16 : 2
		add_ln16_1 : 3
		zext_ln16 : 4
		red_in_addr_1 : 5
		red_in_load_1 : 6
		add_ln15 : 1
	State 8
		sext_ln16_1 : 1
		sum_3 : 1
		add_ln16_2 : 2
		tmp_2 : 3
		tmp_3 : 2
		xor_ln16 : 4
		and_ln16 : 4
		xor_ln16_1 : 4
		select_ln16 : 4
		sum_4 : 5
	State 9
		store_ln19 : 1
		waste_1 : 1
		store_ln9 : 2


============================================================
+ Verbose Summary: Datapath Resource usage 
============================================================

* Functional unit list:
|----------|---------------------------|---------|---------|---------|
| Operation|      Functional Unit      |   DSP   |    FF   |   LUT   |
|----------|---------------------------|---------|---------|---------|
|          |       add_ln6_fu_218      |    0    |    0    |    15   |
|          |       add_ln7_fu_260      |    0    |    0    |    15   |
|          |        empty_fu_274       |    0    |    0    |    21   |
|          |      empty_28_fu_333      |    0    |    0    |    14   |
|    add   |      add_ln16_fu_436      |    0    |    0    |    14   |
|          |      add_ln15_fu_453      |    0    |    0    |    10   |
|          |      add_ln14_fu_459      |    0    |    0    |    10   |
|          |        sum_3_fu_473       |    0    |    0    |    23   |
|          |     add_ln16_2_fu_479     |    0    |    0    |    23   |
|          |       waste_1_fu_535      |    0    |    0    |    39   |
|----------|---------------------------|---------|---------|---------|
|          |      icmp_ln6_fu_212      |    0    |    0    |    15   |
|          |        cmp9_fu_236        |    0    |    0    |    15   |
|          |        cmp10_fu_242       |    0    |    0    |    15   |
|          |      icmp_ln7_fu_254      |    0    |    0    |    15   |
|   icmp   |        cmp12_fu_290       |    0    |    0    |    15   |
|          |        cmp14_fu_296       |    0    |    0    |    15   |
|          |      icmp_ln9_fu_317      |    0    |    0    |    39   |
|          |      icmp_ln14_fu_323     |    0    |    0    |    10   |
|          |      icmp_ln15_fu_426     |    0    |    0    |    10   |
|----------|---------------------------|---------|---------|---------|
|    sub   |      sub_ln19_fu_352      |    0    |    0    |    40   |
|          |     sub_ln19_1_fu_408     |    0    |    0    |    19   |
|----------|---------------------------|---------|---------|---------|
|          |     select_ln19_fu_396    |    0    |    0    |    12   |
|  select  |    select_ln19_1_fu_414   |    0    |    0    |    13   |
|          |     select_ln16_fu_519    |    0    |    0    |    16   |
|          |        sum_4_fu_527       |    0    |    0    |    16   |
|----------|---------------------------|---------|---------|---------|
|          |        tmp1_fu_248        |    0    |    0    |    2    |
|    or    |        tmp2_fu_302        |    0    |    0    |    2    |
|          |      brmerge11_fu_308     |    0    |    0    |    2    |
|----------|---------------------------|---------|---------|---------|
|    mul   |      mul_ln19_fu_342      |    1    |    0    |    5    |
|----------|---------------------------|---------|---------|---------|
|    xor   |      xor_ln16_fu_501      |    0    |    0    |    2    |
|          |     xor_ln16_1_fu_513     |    0    |    0    |    2    |
|----------|---------------------------|---------|---------|---------|
|    and   |      and_ln16_fu_507      |    0    |    0    |    2    |
|----------|---------------------------|---------|---------|---------|
|          |      trunc_ln6_fu_224     |    0    |    0    |    0    |
|   trunc  |      trunc_ln7_fu_266     |    0    |    0    |    0    |
|          |     trunc_ln19_fu_348     |    0    |    0    |    0    |
|----------|---------------------------|---------|---------|---------|
|bitconcatenate|         tmp_fu_228        |    0    |    0    |    0    |
|          |     add_ln16_1_fu_441     |    0    |    0    |    0    |
|----------|---------------------------|---------|---------|---------|
|          |       c_cast_fu_270       |    0    |    0    |    0    |
|   zext   |       p_cast_fu_279       |    0    |    0    |    0    |
|          |      zext_ln19_fu_404     |    0    |    0    |    0    |
|          |      zext_ln16_fu_448     |    0    |    0    |    0    |
|----------|---------------------------|---------|---------|---------|
|          |      sext_ln14_fu_329     |    0    |    0    |    0    |
|          |      sext_ln19_fu_338     |    0    |    0    |    0    |
|   sext   | select_ln19_1_cast_fu_422 |    0    |    0    |    0    |
|          |      sext_ln13_fu_432     |    0    |    0    |    0    |
|          |      sext_ln16_fu_465     |    0    |    0    |    0    |
|          |     sext_ln16_1_fu_469    |    0    |    0    |    0    |
|----------|---------------------------|---------|---------|---------|
|          |        tmp_1_fu_358       |    0    |    0    |    0    |
| bitselect|        tmp_2_fu_485       |    0    |    0    |    0    |
|          |        tmp_3_fu_493       |    0    |    0    |    0    |
|----------|---------------------------|---------|---------|---------|
|          |     tmp_1_cast_fu_366     |    0    |    0    |    0    |
|partselect|     tmp_4_cast3_fu_376    |    0    |    0    |    0    |
|          |     tmp_4_cast_fu_386     |    0    |    0    |    0    |
|----------|---------------------------|---------|---------|---------|
|   Total  |                           |    1    |    0    |   466   |
|----------|---------------------------|---------|---------|---------|

Memories:
N/A

* Register list:
+--------------------------+--------+
|                          |   FF   |
+--------------------------+--------+
|     add_ln14_reg_644     |    3   |
|     add_ln15_reg_639     |    3   |
|      add_ln6_reg_563     |    8   |
|      add_ln7_reg_586     |    8   |
|     brmerge11_reg_606    |    1   |
|         c_reg_133        |    8   |
|     empty_28_reg_621     |    7   |
|        kc_reg_168        |    3   |
|        kr_reg_144        |    3   |
|    output_addr_reg_601   |   14   |
|         r_reg_546        |    8   |
|   red_in_addr_1_reg_634  |   14   |
|    red_in_addr_reg_596   |   14   |
|    red_in_load_reg_610   |   16   |
|select_ln19_1_cast_reg_626|   16   |
|    storemerge_reg_191    |   16   |
|       sum_2_reg_179      |   16   |
|       sum_4_reg_649      |   16   |
|        sum_reg_156       |   16   |
|       tmp1_reg_578       |    1   |
|        tmp_reg_573       |   14   |
|     trunc_ln6_reg_568    |    7   |
|     trunc_ln7_reg_591    |    7   |
|       waste_reg_553      |   32   |
+--------------------------+--------+
|           Total          |   251  |
+--------------------------+--------+

* Multiplexer (MUX) list: 
|-------------------|------|------|------|--------||---------||---------||---------|
|        Comp       |  Pin | Size |  BW  | S x BW ||  Delay  ||    FF   ||   LUT   |
|-------------------|------|------|------|--------||---------||---------||---------|
| grp_access_fu_114 |  p0  |   4  |  14  |   56   ||    0    ||    20   |
|     kr_reg_144    |  p0  |   2  |   3  |    6   ||    0    ||    9    |
|    sum_reg_156    |  p0  |   2  |  16  |   32   ||    0    ||    9    |
|-------------------|------|------|------|--------||---------||---------||---------|
|       Total       |      |      |      |   94   ||  1.583  ||    0    ||    38   |
|-------------------|------|------|------|--------||---------||---------||---------|



* Summary:
+-----------+--------+--------+--------+--------+
|           |   DSP  |  Delay |   FF   |   LUT  |
+-----------+--------+--------+--------+--------+
|  Function |    1   |    -   |    0   |   466  |
|   Memory  |    -   |    -   |    -   |    -   |
|Multiplexer|    -   |    1   |    0   |   38   |
|  Register |    -   |    -   |   251  |    -   |
+-----------+--------+--------+--------+--------+
|   Total   |    1   |    1   |   251  |   504  |
+-----------+--------+--------+--------+--------+
