

================================================================
== Vitis HLS Report for 'top_kernel_Outline_VITIS_LOOP_17_1'
================================================================
* Date:           Fri Apr  3 21:19:07 2026

* Version:        2025.1.1 (Build 6214317 on Sep 11 2025)
* Project:        project_1
* Solution:       hls (Vivado IP Flow Target)
* Product family: zynquplus
* Target device:  xczu3eg-sbva484-1-e


================================================================
== Performance Estimates
================================================================
+ Timing: 
    * Summary: 
    +--------+----------+----------+------------+
    |  Clock |  Target  | Estimated| Uncertainty|
    +--------+----------+----------+------------+
    |ap_clk  |  10.00 ns|  6.708 ns|     2.70 ns|
    +--------+----------+----------+------------+

+ Latency: 
    * Summary: 
    +---------+---------+----------+----------+--------+--------+---------+
    |  Latency (cycles) |  Latency (absolute) |     Interval    | Pipeline|
    |   min   |   max   |    min   |    max   |   min  |   max  |   Type  |
    +---------+---------+----------+----------+--------+--------+---------+
    |   135297|   135297|  1.353 ms|  1.353 ms|  135297|  135297|       no|
    +---------+---------+----------+----------+--------+--------+---------+

    + Detail: 
        * Instance: 
        N/A

        * Loop: 
        +--------------------+---------+---------+----------+-----------+-----------+------+----------+
        |                    |  Latency (cycles) | Iteration|  Initiation Interval  | Trip |          |
        |      Loop Name     |   min   |   max   |  Latency |  achieved |   target  | Count| Pipelined|
        +--------------------+---------+---------+----------+-----------+-----------+------+----------+
        |- VITIS_LOOP_17_1   |   135296|   135296|      2114|          -|          -|    64|        no|
        | + VITIS_LOOP_18_2  |     2112|     2112|        33|          -|          -|    64|        no|
        +--------------------+---------+---------+----------+-----------+-----------+------+----------+

============================================================
+ Verbose Summary: Synthesis Manager
============================================================
InlineROM: 1
ExposeGlobal: 0
============================================================
+ Verbose Summary: CDFG Model
============================================================
IsTopModel: 0
ResetActiveHigh: 1
IsCombinational: 0
IsDatapathOnly: 0
HasWiredReturn: 1
HasMFsm: 0
HasVarLatency: 1
IsPipeline: 0
IsRtlPipelined: 0
IsInstanceOverlapped: 0
IsDontTouch: 0
HasImplIP: 0
IsGatedGlobalClock: 0


============================================================
+ Verbose Summary: Schedule
============================================================
* Number of FSM states : 35
* Pipeline : 0
* Dataflow Pipeline: 0

* FSM state transitions: 
1 --> 2 
2 --> 3 
3 --> 4 2 
4 --> 5 
5 --> 6 
6 --> 7 
7 --> 8 
8 --> 9 
9 --> 10 
10 --> 11 
11 --> 12 
12 --> 13 
13 --> 14 
14 --> 15 
15 --> 16 
16 --> 17 
17 --> 18 
18 --> 19 
19 --> 20 
20 --> 21 
21 --> 22 
22 --> 23 
23 --> 24 
24 --> 25 
25 --> 26 
26 --> 27 
27 --> 28 
28 --> 29 
29 --> 30 
30 --> 31 
31 --> 32 
32 --> 33 
33 --> 34 
34 --> 35 
35 --> 3 

* FSM state operations: 

State 1 <SV = 0> <Delay = 0.48>
ST_1 : Operation 36 [1/1] (0.00ns)   --->   "%r = alloca i32 1" [top.cpp:17]   --->   Operation 36 'alloca' 'r' <Predicate = true> <Delay = 0.00>
ST_1 : Operation 37 [1/1] (0.00ns)   --->   "%specinterface_ln0 = specinterface void @_ssdm_op_SpecInterface, i32 %in_b, void @empty_7, i32 0, i32 0, void @empty_18, i32 4294967295, i32 0, void @empty_18, void @empty_18, void @empty_18, i32 0, i32 0, i32 0, i32 0, void @empty_18, void @empty_18, i32 4294967295, i32 0, i32 0"   --->   Operation 37 'specinterface' 'specinterface_ln0' <Predicate = true> <Delay = 0.00>
ST_1 : Operation 38 [1/1] (0.00ns)   --->   "%specinterface_ln0 = specinterface void @_ssdm_op_SpecInterface, i32 %in_g, void @empty_7, i32 0, i32 0, void @empty_18, i32 4294967295, i32 0, void @empty_18, void @empty_18, void @empty_18, i32 0, i32 0, i32 0, i32 0, void @empty_18, void @empty_18, i32 4294967295, i32 0, i32 0"   --->   Operation 38 'specinterface' 'specinterface_ln0' <Predicate = true> <Delay = 0.00>
ST_1 : Operation 39 [1/1] (0.00ns)   --->   "%specinterface_ln0 = specinterface void @_ssdm_op_SpecInterface, i32 %in_r, void @empty_7, i32 0, i32 0, void @empty_18, i32 4294967295, i32 0, void @empty_18, void @empty_18, void @empty_18, i32 0, i32 0, i32 0, i32 0, void @empty_18, void @empty_18, i32 4294967295, i32 0, i32 0"   --->   Operation 39 'specinterface' 'specinterface_ln0' <Predicate = true> <Delay = 0.00>
ST_1 : Operation 40 [1/1] (0.48ns)   --->   "%store_ln17 = store i7 0, i7 %r" [top.cpp:17]   --->   Operation 40 'store' 'store_ln17' <Predicate = true> <Delay = 0.48>
ST_1 : Operation 41 [1/1] (0.00ns)   --->   "%br_ln0 = br void %VITIS_LOOP_18_2"   --->   Operation 41 'br' 'br_ln0' <Predicate = true> <Delay = 0.00>

State 2 <SV = 1> <Delay = 1.38>
ST_2 : Operation 42 [1/1] (0.00ns)   --->   "%r_1 = load i7 %r" [top.cpp:17]   --->   Operation 42 'load' 'r_1' <Predicate = true> <Delay = 0.00>
ST_2 : Operation 43 [1/1] (0.89ns)   --->   "%icmp_ln17 = icmp_eq  i7 %r_1, i7 64" [top.cpp:17]   --->   Operation 43 'icmp' 'icmp_ln17' <Predicate = true> <Delay = 0.89> <CoreInst = "Cmp">   --->   Core 9 'Cmp' <Latency = 0> <II = 1> <Delay = 0.89> <FuncUnit> <Opcode : 'seteq' 'setne' 'setle' 'setge' 'setlt' 'setgt'> <InPorts = 2> <OutPorts = 1>
ST_2 : Operation 44 [1/1] (0.89ns)   --->   "%add_ln17 = add i7 %r_1, i7 1" [top.cpp:17]   --->   Operation 44 'add' 'add_ln17' <Predicate = true> <Delay = 0.89> <CoreInst = "Adder">   --->   Core 1 'Adder' <Latency = 0> <II = 1> <Delay = 0.89> <FuncUnit> <Opcode : 'add' 'sub'> <InPorts = 2> <OutPorts = 1>
ST_2 : Operation 45 [1/1] (0.00ns)   --->   "%br_ln17 = br i1 %icmp_ln17, void %VITIS_LOOP_18_2.split, void %for.inc81.preheader.exitStub" [top.cpp:17]   --->   Operation 45 'br' 'br_ln17' <Predicate = true> <Delay = 0.00>
ST_2 : Operation 46 [1/1] (0.00ns)   --->   "%trunc_ln17 = trunc i7 %r_1" [top.cpp:17]   --->   Operation 46 'trunc' 'trunc_ln17' <Predicate = (!icmp_ln17)> <Delay = 0.00>
ST_2 : Operation 47 [1/1] (0.00ns)   --->   "%tmp_s = bitconcatenate i12 @_ssdm_op_BitConcatenate.i12.i6.i6, i6 %trunc_ln17, i6 0" [top.cpp:26]   --->   Operation 47 'bitconcatenate' 'tmp_s' <Predicate = (!icmp_ln17)> <Delay = 0.00>
ST_2 : Operation 48 [1/1] (0.00ns)   --->   "%speclooptripcount_ln17 = speclooptripcount void @_ssdm_op_SpecLoopTripCount, i64 64, i64 64, i64 64" [top.cpp:17]   --->   Operation 48 'speclooptripcount' 'speclooptripcount_ln17' <Predicate = (!icmp_ln17)> <Delay = 0.00>
ST_2 : Operation 49 [1/1] (0.00ns)   --->   "%specloopname_ln17 = specloopname void @_ssdm_op_SpecLoopName, void @empty_22" [top.cpp:17]   --->   Operation 49 'specloopname' 'specloopname_ln17' <Predicate = (!icmp_ln17)> <Delay = 0.00>
ST_2 : Operation 50 [1/1] (0.48ns)   --->   "%br_ln18 = br void %for.body4" [top.cpp:18]   --->   Operation 50 'br' 'br_ln18' <Predicate = (!icmp_ln17)> <Delay = 0.48>
ST_2 : Operation 51 [1/1] (0.00ns)   --->   "%ret_ln0 = ret"   --->   Operation 51 'ret' 'ret_ln0' <Predicate = (icmp_ln17)> <Delay = 0.00>

State 3 <SV = 2> <Delay = 2.31>
ST_3 : Operation 52 [1/1] (0.00ns)   --->   "%c = phi i7 0, void %VITIS_LOOP_18_2.split, i7 %add_ln18, void %for.body4.split" [top.cpp:18]   --->   Operation 52 'phi' 'c' <Predicate = true> <Delay = 0.00>
ST_3 : Operation 53 [1/1] (0.89ns)   --->   "%icmp_ln18 = icmp_eq  i7 %c, i7 64" [top.cpp:18]   --->   Operation 53 'icmp' 'icmp_ln18' <Predicate = true> <Delay = 0.89> <CoreInst = "Cmp">   --->   Core 9 'Cmp' <Latency = 0> <II = 1> <Delay = 0.89> <FuncUnit> <Opcode : 'seteq' 'setne' 'setle' 'setge' 'setlt' 'setgt'> <InPorts = 2> <OutPorts = 1>
ST_3 : Operation 54 [1/1] (0.89ns)   --->   "%add_ln18 = add i7 %c, i7 1" [top.cpp:18]   --->   Operation 54 'add' 'add_ln18' <Predicate = true> <Delay = 0.89> <CoreInst = "Adder">   --->   Core 1 'Adder' <Latency = 0> <II = 1> <Delay = 0.89> <FuncUnit> <Opcode : 'add' 'sub'> <InPorts = 2> <OutPorts = 1>
ST_3 : Operation 55 [1/1] (0.00ns)   --->   "%br_ln18 = br i1 %icmp_ln18, void %for.body4.split, void %for.inc72" [top.cpp:18]   --->   Operation 55 'br' 'br_ln18' <Predicate = true> <Delay = 0.00>
ST_3 : Operation 56 [1/1] (0.00ns)   --->   "%zext_ln26 = zext i7 %c" [top.cpp:26]   --->   Operation 56 'zext' 'zext_ln26' <Predicate = (!icmp_ln18)> <Delay = 0.00>
ST_3 : Operation 57 [1/1] (0.96ns)   --->   "%add_ln26 = add i12 %tmp_s, i12 %zext_ln26" [top.cpp:26]   --->   Operation 57 'add' 'add_ln26' <Predicate = (!icmp_ln18)> <Delay = 0.96> <CoreInst = "Adder">   --->   Core 1 'Adder' <Latency = 0> <II = 1> <Delay = 0.96> <FuncUnit> <Opcode : 'add' 'sub'> <InPorts = 2> <OutPorts = 1>
ST_3 : Operation 58 [1/1] (0.00ns)   --->   "%zext_ln26_1 = zext i12 %add_ln26" [top.cpp:26]   --->   Operation 58 'zext' 'zext_ln26_1' <Predicate = (!icmp_ln18)> <Delay = 0.00>
ST_3 : Operation 59 [1/1] (0.00ns)   --->   "%in_r_addr = getelementptr i32 %in_r, i64 0, i64 %zext_ln26_1" [top.cpp:20]   --->   Operation 59 'getelementptr' 'in_r_addr' <Predicate = (!icmp_ln18)> <Delay = 0.00>
ST_3 : Operation 60 [2/2] (1.35ns)   --->   "%in_r_load = load i12 %in_r_addr" [top.cpp:20]   --->   Operation 60 'load' 'in_r_load' <Predicate = (!icmp_ln18)> <Delay = 1.35> <CoreInst = "RAM">   --->   Core 82 'RAM' <Latency = 1> <II = 1> <Delay = 1.35> <Storage> <Opcode : 'load' 'store'> <Ports = 2> <Width = 32> <Depth = 4096> <RAM>
ST_3 : Operation 61 [1/1] (0.00ns)   --->   "%in_g_addr = getelementptr i32 %in_g, i64 0, i64 %zext_ln26_1" [top.cpp:21]   --->   Operation 61 'getelementptr' 'in_g_addr' <Predicate = (!icmp_ln18)> <Delay = 0.00>
ST_3 : Operation 62 [2/2] (1.35ns)   --->   "%in_g_load = load i12 %in_g_addr" [top.cpp:21]   --->   Operation 62 'load' 'in_g_load' <Predicate = (!icmp_ln18)> <Delay = 1.35> <CoreInst = "RAM">   --->   Core 82 'RAM' <Latency = 1> <II = 1> <Delay = 1.35> <Storage> <Opcode : 'load' 'store'> <Ports = 2> <Width = 32> <Depth = 4096> <RAM>
ST_3 : Operation 63 [1/1] (0.48ns)   --->   "%store_ln17 = store i7 %add_ln17, i7 %r" [top.cpp:17]   --->   Operation 63 'store' 'store_ln17' <Predicate = (icmp_ln18)> <Delay = 0.48>
ST_3 : Operation 64 [1/1] (0.00ns)   --->   "%br_ln17 = br void %VITIS_LOOP_18_2" [top.cpp:17]   --->   Operation 64 'br' 'br_ln17' <Predicate = (icmp_ln18)> <Delay = 0.00>

State 4 <SV = 3> <Delay = 1.35>
ST_4 : Operation 65 [1/2] ( I:1.35ns O:1.35ns )   --->   "%in_r_load = load i12 %in_r_addr" [top.cpp:20]   --->   Operation 65 'load' 'in_r_load' <Predicate = true> <Delay = 1.35> <CoreInst = "RAM">   --->   Core 82 'RAM' <Latency = 1> <II = 1> <Delay = 1.35> <Storage> <Opcode : 'load' 'store'> <Ports = 2> <Width = 32> <Depth = 4096> <RAM>
ST_4 : Operation 66 [1/2] ( I:1.35ns O:1.35ns )   --->   "%in_g_load = load i12 %in_g_addr" [top.cpp:21]   --->   Operation 66 'load' 'in_g_load' <Predicate = true> <Delay = 1.35> <CoreInst = "RAM">   --->   Core 82 'RAM' <Latency = 1> <II = 1> <Delay = 1.35> <Storage> <Opcode : 'load' 'store'> <Ports = 2> <Width = 32> <Depth = 4096> <RAM>

State 5 <SV = 4> <Delay = 6.70>
ST_5 : Operation 67 [1/1] (0.00ns)   --->   "%bitcast_ln20 = bitcast i32 %in_r_load" [top.cpp:20]   --->   Operation 67 'bitcast' 'bitcast_ln20' <Predicate = true> <Delay = 0.00>
ST_5 : Operation 68 [10/10] (6.70ns)   --->   "%R = fdiv i32 %bitcast_ln20, i32 255" [top.cpp:20]   --->   Operation 68 'fdiv' 'R' <Predicate = true> <Delay = 6.70> <CoreInst = "FDiv">   --->   Core 20 'FDiv' <Latency = 9> <II = 1> <Delay = 6.70> <FuncUnit> <Opcode : 'fdiv' 'frem'> <InPorts = 2> <OutPorts = 1>
ST_5 : Operation 69 [1/1] (0.00ns)   --->   "%bitcast_ln21 = bitcast i32 %in_g_load" [top.cpp:21]   --->   Operation 69 'bitcast' 'bitcast_ln21' <Predicate = true> <Delay = 0.00>
ST_5 : Operation 70 [10/10] (6.70ns)   --->   "%G = fdiv i32 %bitcast_ln21, i32 255" [top.cpp:21]   --->   Operation 70 'fdiv' 'G' <Predicate = true> <Delay = 6.70> <CoreInst = "FDiv">   --->   Core 20 'FDiv' <Latency = 9> <II = 1> <Delay = 6.70> <FuncUnit> <Opcode : 'fdiv' 'frem'> <InPorts = 2> <OutPorts = 1>

State 6 <SV = 5> <Delay = 6.70>
ST_6 : Operation 71 [9/10] (6.70ns)   --->   "%R = fdiv i32 %bitcast_ln20, i32 255" [top.cpp:20]   --->   Operation 71 'fdiv' 'R' <Predicate = true> <Delay = 6.70> <CoreInst = "FDiv">   --->   Core 20 'FDiv' <Latency = 9> <II = 1> <Delay = 6.70> <FuncUnit> <Opcode : 'fdiv' 'frem'> <InPorts = 2> <OutPorts = 1>
ST_6 : Operation 72 [9/10] (6.70ns)   --->   "%G = fdiv i32 %bitcast_ln21, i32 255" [top.cpp:21]   --->   Operation 72 'fdiv' 'G' <Predicate = true> <Delay = 6.70> <CoreInst = "FDiv">   --->   Core 20 'FDiv' <Latency = 9> <II = 1> <Delay = 6.70> <FuncUnit> <Opcode : 'fdiv' 'frem'> <InPorts = 2> <OutPorts = 1>

State 7 <SV = 6> <Delay = 6.70>
ST_7 : Operation 73 [8/10] (6.70ns)   --->   "%R = fdiv i32 %bitcast_ln20, i32 255" [top.cpp:20]   --->   Operation 73 'fdiv' 'R' <Predicate = true> <Delay = 6.70> <CoreInst = "FDiv">   --->   Core 20 'FDiv' <Latency = 9> <II = 1> <Delay = 6.70> <FuncUnit> <Opcode : 'fdiv' 'frem'> <InPorts = 2> <OutPorts = 1>
ST_7 : Operation 74 [8/10] (6.70ns)   --->   "%G = fdiv i32 %bitcast_ln21, i32 255" [top.cpp:21]   --->   Operation 74 'fdiv' 'G' <Predicate = true> <Delay = 6.70> <CoreInst = "FDiv">   --->   Core 20 'FDiv' <Latency = 9> <II = 1> <Delay = 6.70> <FuncUnit> <Opcode : 'fdiv' 'frem'> <InPorts = 2> <OutPorts = 1>

State 8 <SV = 7> <Delay = 6.70>
ST_8 : Operation 75 [7/10] (6.70ns)   --->   "%R = fdiv i32 %bitcast_ln20, i32 255" [top.cpp:20]   --->   Operation 75 'fdiv' 'R' <Predicate = true> <Delay = 6.70> <CoreInst = "FDiv">   --->   Core 20 'FDiv' <Latency = 9> <II = 1> <Delay = 6.70> <FuncUnit> <Opcode : 'fdiv' 'frem'> <InPorts = 2> <OutPorts = 1>
ST_8 : Operation 76 [7/10] (6.70ns)   --->   "%G = fdiv i32 %bitcast_ln21, i32 255" [top.cpp:21]   --->   Operation 76 'fdiv' 'G' <Predicate = true> <Delay = 6.70> <CoreInst = "FDiv">   --->   Core 20 'FDiv' <Latency = 9> <II = 1> <Delay = 6.70> <FuncUnit> <Opcode : 'fdiv' 'frem'> <InPorts = 2> <OutPorts = 1>
ST_8 : Operation 77 [1/1] (0.00ns)   --->   "%in_b_addr = getelementptr i32 %in_b, i64 0, i64 %zext_ln26_1" [top.cpp:22]   --->   Operation 77 'getelementptr' 'in_b_addr' <Predicate = true> <Delay = 0.00>
ST_8 : Operation 78 [2/2] (1.35ns)   --->   "%in_b_load = load i12 %in_b_addr" [top.cpp:22]   --->   Operation 78 'load' 'in_b_load' <Predicate = true> <Delay = 1.35> <CoreInst = "RAM">   --->   Core 82 'RAM' <Latency = 1> <II = 1> <Delay = 1.35> <Storage> <Opcode : 'load' 'store'> <Ports = 2> <Width = 32> <Depth = 4096> <RAM>

State 9 <SV = 8> <Delay = 6.70>
ST_9 : Operation 79 [6/10] (6.70ns)   --->   "%R = fdiv i32 %bitcast_ln20, i32 255" [top.cpp:20]   --->   Operation 79 'fdiv' 'R' <Predicate = true> <Delay = 6.70> <CoreInst = "FDiv">   --->   Core 20 'FDiv' <Latency = 9> <II = 1> <Delay = 6.70> <FuncUnit> <Opcode : 'fdiv' 'frem'> <InPorts = 2> <OutPorts = 1>
ST_9 : Operation 80 [6/10] (6.70ns)   --->   "%G = fdiv i32 %bitcast_ln21, i32 255" [top.cpp:21]   --->   Operation 80 'fdiv' 'G' <Predicate = true> <Delay = 6.70> <CoreInst = "FDiv">   --->   Core 20 'FDiv' <Latency = 9> <II = 1> <Delay = 6.70> <FuncUnit> <Opcode : 'fdiv' 'frem'> <InPorts = 2> <OutPorts = 1>
ST_9 : Operation 81 [1/2] ( I:1.35ns O:1.35ns )   --->   "%in_b_load = load i12 %in_b_addr" [top.cpp:22]   --->   Operation 81 'load' 'in_b_load' <Predicate = true> <Delay = 1.35> <CoreInst = "RAM">   --->   Core 82 'RAM' <Latency = 1> <II = 1> <Delay = 1.35> <Storage> <Opcode : 'load' 'store'> <Ports = 2> <Width = 32> <Depth = 4096> <RAM>

State 10 <SV = 9> <Delay = 6.70>
ST_10 : Operation 82 [5/10] (6.70ns)   --->   "%R = fdiv i32 %bitcast_ln20, i32 255" [top.cpp:20]   --->   Operation 82 'fdiv' 'R' <Predicate = true> <Delay = 6.70> <CoreInst = "FDiv">   --->   Core 20 'FDiv' <Latency = 9> <II = 1> <Delay = 6.70> <FuncUnit> <Opcode : 'fdiv' 'frem'> <InPorts = 2> <OutPorts = 1>
ST_10 : Operation 83 [5/10] (6.70ns)   --->   "%G = fdiv i32 %bitcast_ln21, i32 255" [top.cpp:21]   --->   Operation 83 'fdiv' 'G' <Predicate = true> <Delay = 6.70> <CoreInst = "FDiv">   --->   Core 20 'FDiv' <Latency = 9> <II = 1> <Delay = 6.70> <FuncUnit> <Opcode : 'fdiv' 'frem'> <InPorts = 2> <OutPorts = 1>
ST_10 : Operation 84 [1/1] (0.00ns)   --->   "%bitcast_ln22 = bitcast i32 %in_b_load" [top.cpp:22]   --->   Operation 84 'bitcast' 'bitcast_ln22' <Predicate = true> <Delay = 0.00>
ST_10 : Operation 85 [10/10] (6.70ns)   --->   "%B = fdiv i32 %bitcast_ln22, i32 255" [top.cpp:22]   --->   Operation 85 'fdiv' 'B' <Predicate = true> <Delay = 6.70> <CoreInst = "FDiv">   --->   Core 20 'FDiv' <Latency = 9> <II = 1> <Delay = 6.70> <FuncUnit> <Opcode : 'fdiv' 'frem'> <InPorts = 2> <OutPorts = 1>

State 11 <SV = 10> <Delay = 6.70>
ST_11 : Operation 86 [4/10] (6.70ns)   --->   "%R = fdiv i32 %bitcast_ln20, i32 255" [top.cpp:20]   --->   Operation 86 'fdiv' 'R' <Predicate = true> <Delay = 6.70> <CoreInst = "FDiv">   --->   Core 20 'FDiv' <Latency = 9> <II = 1> <Delay = 6.70> <FuncUnit> <Opcode : 'fdiv' 'frem'> <InPorts = 2> <OutPorts = 1>
ST_11 : Operation 87 [4/10] (6.70ns)   --->   "%G = fdiv i32 %bitcast_ln21, i32 255" [top.cpp:21]   --->   Operation 87 'fdiv' 'G' <Predicate = true> <Delay = 6.70> <CoreInst = "FDiv">   --->   Core 20 'FDiv' <Latency = 9> <II = 1> <Delay = 6.70> <FuncUnit> <Opcode : 'fdiv' 'frem'> <InPorts = 2> <OutPorts = 1>
ST_11 : Operation 88 [9/10] (6.70ns)   --->   "%B = fdiv i32 %bitcast_ln22, i32 255" [top.cpp:22]   --->   Operation 88 'fdiv' 'B' <Predicate = true> <Delay = 6.70> <CoreInst = "FDiv">   --->   Core 20 'FDiv' <Latency = 9> <II = 1> <Delay = 6.70> <FuncUnit> <Opcode : 'fdiv' 'frem'> <InPorts = 2> <OutPorts = 1>

State 12 <SV = 11> <Delay = 6.70>
ST_12 : Operation 89 [3/10] (6.70ns)   --->   "%R = fdiv i32 %bitcast_ln20, i32 255" [top.cpp:20]   --->   Operation 89 'fdiv' 'R' <Predicate = true> <Delay = 6.70> <CoreInst = "FDiv">   --->   Core 20 'FDiv' <Latency = 9> <II = 1> <Delay = 6.70> <FuncUnit> <Opcode : 'fdiv' 'frem'> <InPorts = 2> <OutPorts = 1>
ST_12 : Operation 90 [3/10] (6.70ns)   --->   "%G = fdiv i32 %bitcast_ln21, i32 255" [top.cpp:21]   --->   Operation 90 'fdiv' 'G' <Predicate = true> <Delay = 6.70> <CoreInst = "FDiv">   --->   Core 20 'FDiv' <Latency = 9> <II = 1> <Delay = 6.70> <FuncUnit> <Opcode : 'fdiv' 'frem'> <InPorts = 2> <OutPorts = 1>
ST_12 : Operation 91 [8/10] (6.70ns)   --->   "%B = fdiv i32 %bitcast_ln22, i32 255" [top.cpp:22]   --->   Operation 91 'fdiv' 'B' <Predicate = true> <Delay = 6.70> <CoreInst = "FDiv">   --->   Core 20 'FDiv' <Latency = 9> <II = 1> <Delay = 6.70> <FuncUnit> <Opcode : 'fdiv' 'frem'> <InPorts = 2> <OutPorts = 1>

State 13 <SV = 12> <Delay = 6.70>
ST_13 : Operation 92 [2/10] (6.70ns)   --->   "%R = fdiv i32 %bitcast_ln20, i32 255" [top.cpp:20]   --->   Operation 92 'fdiv' 'R' <Predicate = true> <Delay = 6.70> <CoreInst = "FDiv">   --->   Core 20 'FDiv' <Latency = 9> <II = 1> <Delay = 6.70> <FuncUnit> <Opcode : 'fdiv' 'frem'> <InPorts = 2> <OutPorts = 1>
ST_13 : Operation 93 [2/10] (6.70ns)   --->   "%G = fdiv i32 %bitcast_ln21, i32 255" [top.cpp:21]   --->   Operation 93 'fdiv' 'G' <Predicate = true> <Delay = 6.70> <CoreInst = "FDiv">   --->   Core 20 'FDiv' <Latency = 9> <II = 1> <Delay = 6.70> <FuncUnit> <Opcode : 'fdiv' 'frem'> <InPorts = 2> <OutPorts = 1>
ST_13 : Operation 94 [7/10] (6.70ns)   --->   "%B = fdiv i32 %bitcast_ln22, i32 255" [top.cpp:22]   --->   Operation 94 'fdiv' 'B' <Predicate = true> <Delay = 6.70> <CoreInst = "FDiv">   --->   Core 20 'FDiv' <Latency = 9> <II = 1> <Delay = 6.70> <FuncUnit> <Opcode : 'fdiv' 'frem'> <InPorts = 2> <OutPorts = 1>

State 14 <SV = 13> <Delay = 6.70>
ST_14 : Operation 95 [1/10] (6.70ns)   --->   "%R = fdiv i32 %bitcast_ln20, i32 255" [top.cpp:20]   --->   Operation 95 'fdiv' 'R' <Predicate = true> <Delay = 6.70> <CoreInst = "FDiv">   --->   Core 20 'FDiv' <Latency = 9> <II = 1> <Delay = 6.70> <FuncUnit> <Opcode : 'fdiv' 'frem'> <InPorts = 2> <OutPorts = 1>
ST_14 : Operation 96 [1/10] (6.70ns)   --->   "%G = fdiv i32 %bitcast_ln21, i32 255" [top.cpp:21]   --->   Operation 96 'fdiv' 'G' <Predicate = true> <Delay = 6.70> <CoreInst = "FDiv">   --->   Core 20 'FDiv' <Latency = 9> <II = 1> <Delay = 6.70> <FuncUnit> <Opcode : 'fdiv' 'frem'> <InPorts = 2> <OutPorts = 1>
ST_14 : Operation 97 [6/10] (6.70ns)   --->   "%B = fdiv i32 %bitcast_ln22, i32 255" [top.cpp:22]   --->   Operation 97 'fdiv' 'B' <Predicate = true> <Delay = 6.70> <CoreInst = "FDiv">   --->   Core 20 'FDiv' <Latency = 9> <II = 1> <Delay = 6.70> <FuncUnit> <Opcode : 'fdiv' 'frem'> <InPorts = 2> <OutPorts = 1>

State 15 <SV = 14> <Delay = 6.70>
ST_15 : Operation 98 [5/10] (6.70ns)   --->   "%B = fdiv i32 %bitcast_ln22, i32 255" [top.cpp:22]   --->   Operation 98 'fdiv' 'B' <Predicate = true> <Delay = 6.70> <CoreInst = "FDiv">   --->   Core 20 'FDiv' <Latency = 9> <II = 1> <Delay = 6.70> <FuncUnit> <Opcode : 'fdiv' 'frem'> <InPorts = 2> <OutPorts = 1>
ST_15 : Operation 99 [5/5] (6.01ns)   --->   "%add = fadd i32 %R, i32 %G" [top.cpp:25]   --->   Operation 99 'fadd' 'add' <Predicate = true> <Delay = 6.01> <CoreInst = "FAddSub_fulldsp">   --->   Core 18 'FAddSub_fulldsp' <Latency = 4> <II = 1> <Delay = 6.01> <FuncUnit> <Opcode : 'fadd' 'fsub'> <InPorts = 2> <OutPorts = 1>

State 16 <SV = 15> <Delay = 6.70>
ST_16 : Operation 100 [4/10] (6.70ns)   --->   "%B = fdiv i32 %bitcast_ln22, i32 255" [top.cpp:22]   --->   Operation 100 'fdiv' 'B' <Predicate = true> <Delay = 6.70> <CoreInst = "FDiv">   --->   Core 20 'FDiv' <Latency = 9> <II = 1> <Delay = 6.70> <FuncUnit> <Opcode : 'fdiv' 'frem'> <InPorts = 2> <OutPorts = 1>
ST_16 : Operation 101 [4/5] (6.01ns)   --->   "%add = fadd i32 %R, i32 %G" [top.cpp:25]   --->   Operation 101 'fadd' 'add' <Predicate = true> <Delay = 6.01> <CoreInst = "FAddSub_fulldsp">   --->   Core 18 'FAddSub_fulldsp' <Latency = 4> <II = 1> <Delay = 6.01> <FuncUnit> <Opcode : 'fadd' 'fsub'> <InPorts = 2> <OutPorts = 1>

State 17 <SV = 16> <Delay = 6.70>
ST_17 : Operation 102 [3/10] (6.70ns)   --->   "%B = fdiv i32 %bitcast_ln22, i32 255" [top.cpp:22]   --->   Operation 102 'fdiv' 'B' <Predicate = true> <Delay = 6.70> <CoreInst = "FDiv">   --->   Core 20 'FDiv' <Latency = 9> <II = 1> <Delay = 6.70> <FuncUnit> <Opcode : 'fdiv' 'frem'> <InPorts = 2> <OutPorts = 1>
ST_17 : Operation 103 [3/5] (6.01ns)   --->   "%add = fadd i32 %R, i32 %G" [top.cpp:25]   --->   Operation 103 'fadd' 'add' <Predicate = true> <Delay = 6.01> <CoreInst = "FAddSub_fulldsp">   --->   Core 18 'FAddSub_fulldsp' <Latency = 4> <II = 1> <Delay = 6.01> <FuncUnit> <Opcode : 'fadd' 'fsub'> <InPorts = 2> <OutPorts = 1>

State 18 <SV = 17> <Delay = 6.70>
ST_18 : Operation 104 [2/10] (6.70ns)   --->   "%B = fdiv i32 %bitcast_ln22, i32 255" [top.cpp:22]   --->   Operation 104 'fdiv' 'B' <Predicate = true> <Delay = 6.70> <CoreInst = "FDiv">   --->   Core 20 'FDiv' <Latency = 9> <II = 1> <Delay = 6.70> <FuncUnit> <Opcode : 'fdiv' 'frem'> <InPorts = 2> <OutPorts = 1>
ST_18 : Operation 105 [2/5] (6.01ns)   --->   "%add = fadd i32 %R, i32 %G" [top.cpp:25]   --->   Operation 105 'fadd' 'add' <Predicate = true> <Delay = 6.01> <CoreInst = "FAddSub_fulldsp">   --->   Core 18 'FAddSub_fulldsp' <Latency = 4> <II = 1> <Delay = 6.01> <FuncUnit> <Opcode : 'fadd' 'fsub'> <InPorts = 2> <OutPorts = 1>

State 19 <SV = 18> <Delay = 6.70>
ST_19 : Operation 106 [1/10] (6.70ns)   --->   "%B = fdiv i32 %bitcast_ln22, i32 255" [top.cpp:22]   --->   Operation 106 'fdiv' 'B' <Predicate = true> <Delay = 6.70> <CoreInst = "FDiv">   --->   Core 20 'FDiv' <Latency = 9> <II = 1> <Delay = 6.70> <FuncUnit> <Opcode : 'fdiv' 'frem'> <InPorts = 2> <OutPorts = 1>
ST_19 : Operation 107 [1/5] (6.01ns)   --->   "%add = fadd i32 %R, i32 %G" [top.cpp:25]   --->   Operation 107 'fadd' 'add' <Predicate = true> <Delay = 6.01> <CoreInst = "FAddSub_fulldsp">   --->   Core 18 'FAddSub_fulldsp' <Latency = 4> <II = 1> <Delay = 6.01> <FuncUnit> <Opcode : 'fadd' 'fsub'> <InPorts = 2> <OutPorts = 1>

State 20 <SV = 19> <Delay = 6.01>
ST_20 : Operation 108 [5/5] (6.01ns)   --->   "%add1 = fadd i32 %add, i32 %B" [top.cpp:25]   --->   Operation 108 'fadd' 'add1' <Predicate = true> <Delay = 6.01> <CoreInst = "FAddSub_fulldsp">   --->   Core 18 'FAddSub_fulldsp' <Latency = 4> <II = 1> <Delay = 6.01> <FuncUnit> <Opcode : 'fadd' 'fsub'> <InPorts = 2> <OutPorts = 1>

State 21 <SV = 20> <Delay = 6.01>
ST_21 : Operation 109 [4/5] (6.01ns)   --->   "%add1 = fadd i32 %add, i32 %B" [top.cpp:25]   --->   Operation 109 'fadd' 'add1' <Predicate = true> <Delay = 6.01> <CoreInst = "FAddSub_fulldsp">   --->   Core 18 'FAddSub_fulldsp' <Latency = 4> <II = 1> <Delay = 6.01> <FuncUnit> <Opcode : 'fadd' 'fsub'> <InPorts = 2> <OutPorts = 1>

State 22 <SV = 21> <Delay = 6.01>
ST_22 : Operation 110 [3/5] (6.01ns)   --->   "%add1 = fadd i32 %add, i32 %B" [top.cpp:25]   --->   Operation 110 'fadd' 'add1' <Predicate = true> <Delay = 6.01> <CoreInst = "FAddSub_fulldsp">   --->   Core 18 'FAddSub_fulldsp' <Latency = 4> <II = 1> <Delay = 6.01> <FuncUnit> <Opcode : 'fadd' 'fsub'> <InPorts = 2> <OutPorts = 1>

State 23 <SV = 22> <Delay = 6.01>
ST_23 : Operation 111 [2/5] (6.01ns)   --->   "%add1 = fadd i32 %add, i32 %B" [top.cpp:25]   --->   Operation 111 'fadd' 'add1' <Predicate = true> <Delay = 6.01> <CoreInst = "FAddSub_fulldsp">   --->   Core 18 'FAddSub_fulldsp' <Latency = 4> <II = 1> <Delay = 6.01> <FuncUnit> <Opcode : 'fadd' 'fsub'> <InPorts = 2> <OutPorts = 1>

State 24 <SV = 23> <Delay = 6.01>
ST_24 : Operation 112 [1/5] (6.01ns)   --->   "%add1 = fadd i32 %add, i32 %B" [top.cpp:25]   --->   Operation 112 'fadd' 'add1' <Predicate = true> <Delay = 6.01> <CoreInst = "FAddSub_fulldsp">   --->   Core 18 'FAddSub_fulldsp' <Latency = 4> <II = 1> <Delay = 6.01> <FuncUnit> <Opcode : 'fadd' 'fsub'> <InPorts = 2> <OutPorts = 1>

State 25 <SV = 24> <Delay = 6.70>
ST_25 : Operation 113 [10/10] (6.70ns)   --->   "%I = fdiv i32 %add1, i32 3" [top.cpp:25]   --->   Operation 113 'fdiv' 'I' <Predicate = true> <Delay = 6.70> <CoreInst = "FDiv">   --->   Core 20 'FDiv' <Latency = 9> <II = 1> <Delay = 6.70> <FuncUnit> <Opcode : 'fdiv' 'frem'> <InPorts = 2> <OutPorts = 1>

State 26 <SV = 25> <Delay = 6.70>
ST_26 : Operation 114 [9/10] (6.70ns)   --->   "%I = fdiv i32 %add1, i32 3" [top.cpp:25]   --->   Operation 114 'fdiv' 'I' <Predicate = true> <Delay = 6.70> <CoreInst = "FDiv">   --->   Core 20 'FDiv' <Latency = 9> <II = 1> <Delay = 6.70> <FuncUnit> <Opcode : 'fdiv' 'frem'> <InPorts = 2> <OutPorts = 1>

State 27 <SV = 26> <Delay = 6.70>
ST_27 : Operation 115 [8/10] (6.70ns)   --->   "%I = fdiv i32 %add1, i32 3" [top.cpp:25]   --->   Operation 115 'fdiv' 'I' <Predicate = true> <Delay = 6.70> <CoreInst = "FDiv">   --->   Core 20 'FDiv' <Latency = 9> <II = 1> <Delay = 6.70> <FuncUnit> <Opcode : 'fdiv' 'frem'> <InPorts = 2> <OutPorts = 1>

State 28 <SV = 27> <Delay = 6.70>
ST_28 : Operation 116 [7/10] (6.70ns)   --->   "%I = fdiv i32 %add1, i32 3" [top.cpp:25]   --->   Operation 116 'fdiv' 'I' <Predicate = true> <Delay = 6.70> <CoreInst = "FDiv">   --->   Core 20 'FDiv' <Latency = 9> <II = 1> <Delay = 6.70> <FuncUnit> <Opcode : 'fdiv' 'frem'> <InPorts = 2> <OutPorts = 1>

State 29 <SV = 28> <Delay = 6.70>
ST_29 : Operation 117 [6/10] (6.70ns)   --->   "%I = fdiv i32 %add1, i32 3" [top.cpp:25]   --->   Operation 117 'fdiv' 'I' <Predicate = true> <Delay = 6.70> <CoreInst = "FDiv">   --->   Core 20 'FDiv' <Latency = 9> <II = 1> <Delay = 6.70> <FuncUnit> <Opcode : 'fdiv' 'frem'> <InPorts = 2> <OutPorts = 1>

State 30 <SV = 29> <Delay = 6.70>
ST_30 : Operation 118 [5/10] (6.70ns)   --->   "%I = fdiv i32 %add1, i32 3" [top.cpp:25]   --->   Operation 118 'fdiv' 'I' <Predicate = true> <Delay = 6.70> <CoreInst = "FDiv">   --->   Core 20 'FDiv' <Latency = 9> <II = 1> <Delay = 6.70> <FuncUnit> <Opcode : 'fdiv' 'frem'> <InPorts = 2> <OutPorts = 1>

State 31 <SV = 30> <Delay = 6.70>
ST_31 : Operation 119 [4/10] (6.70ns)   --->   "%I = fdiv i32 %add1, i32 3" [top.cpp:25]   --->   Operation 119 'fdiv' 'I' <Predicate = true> <Delay = 6.70> <CoreInst = "FDiv">   --->   Core 20 'FDiv' <Latency = 9> <II = 1> <Delay = 6.70> <FuncUnit> <Opcode : 'fdiv' 'frem'> <InPorts = 2> <OutPorts = 1>

State 32 <SV = 31> <Delay = 6.70>
ST_32 : Operation 120 [3/10] (6.70ns)   --->   "%I = fdiv i32 %add1, i32 3" [top.cpp:25]   --->   Operation 120 'fdiv' 'I' <Predicate = true> <Delay = 6.70> <CoreInst = "FDiv">   --->   Core 20 'FDiv' <Latency = 9> <II = 1> <Delay = 6.70> <FuncUnit> <Opcode : 'fdiv' 'frem'> <InPorts = 2> <OutPorts = 1>

State 33 <SV = 32> <Delay = 6.70>
ST_33 : Operation 121 [2/10] (6.70ns)   --->   "%I = fdiv i32 %add1, i32 3" [top.cpp:25]   --->   Operation 121 'fdiv' 'I' <Predicate = true> <Delay = 6.70> <CoreInst = "FDiv">   --->   Core 20 'FDiv' <Latency = 9> <II = 1> <Delay = 6.70> <FuncUnit> <Opcode : 'fdiv' 'frem'> <InPorts = 2> <OutPorts = 1>

State 34 <SV = 33> <Delay = 6.70>
ST_34 : Operation 122 [1/10] (6.70ns)   --->   "%I = fdiv i32 %add1, i32 3" [top.cpp:25]   --->   Operation 122 'fdiv' 'I' <Predicate = true> <Delay = 6.70> <CoreInst = "FDiv">   --->   Core 20 'FDiv' <Latency = 9> <II = 1> <Delay = 6.70> <FuncUnit> <Opcode : 'fdiv' 'frem'> <InPorts = 2> <OutPorts = 1>

State 35 <SV = 34> <Delay = 1.35>
ST_35 : Operation 123 [1/1] (0.00ns)   --->   "%intensity_addr = getelementptr i32 %intensity, i64 0, i64 %zext_ln26_1" [top.cpp:26]   --->   Operation 123 'getelementptr' 'intensity_addr' <Predicate = true> <Delay = 0.00>
ST_35 : Operation 124 [1/1] (0.00ns)   --->   "%speclooptripcount_ln18 = speclooptripcount void @_ssdm_op_SpecLoopTripCount, i64 64, i64 64, i64 64" [top.cpp:18]   --->   Operation 124 'speclooptripcount' 'speclooptripcount_ln18' <Predicate = true> <Delay = 0.00>
ST_35 : Operation 125 [1/1] (0.00ns)   --->   "%specloopname_ln18 = specloopname void @_ssdm_op_SpecLoopName, void @empty_4" [top.cpp:18]   --->   Operation 125 'specloopname' 'specloopname_ln18' <Predicate = true> <Delay = 0.00>
ST_35 : Operation 126 [1/1] ( I:1.35ns O:1.35ns )   --->   "%store_ln26 = store i32 %I, i12 %intensity_addr" [top.cpp:26]   --->   Operation 126 'store' 'store_ln26' <Predicate = true> <Delay = 1.35> <CoreInst = "RAM">   --->   Core 82 'RAM' <Latency = 1> <II = 1> <Delay = 1.35> <Storage> <Opcode : 'load' 'store'> <Ports = 2> <Width = 32> <Depth = 4096> <RAM>
ST_35 : Operation 127 [1/1] (0.00ns)   --->   "%br_ln18 = br void %for.body4" [top.cpp:18]   --->   Operation 127 'br' 'br_ln18' <Predicate = true> <Delay = 0.00>


============================================================
+ Verbose Summary: Binding
============================================================
STG Binding: 
---------------- STG Properties BEGIN ----------------
- Is combinational: 0
- Is one-state seq: 0
- Is datapath-only: 0
- Is pipelined: 0
- Is top level: 0
Port [ Return ] is wired: 1; IO mode=ap_ctrl_hs:ce=0
Port [ in_r]:  wired=1; compound=1; hidden=0; nouse=0; global=0; static=0; extern=0; dir=0; type=1; pingpong=0; private_global=0; MemPort=[13]; IO mode=ap_memory:ce=0
Port [ in_g]:  wired=1; compound=1; hidden=0; nouse=0; global=0; static=0; extern=0; dir=0; type=1; pingpong=0; private_global=0; MemPort=[13]; IO mode=ap_memory:ce=0
Port [ in_b]:  wired=1; compound=1; hidden=0; nouse=0; global=0; static=0; extern=0; dir=0; type=1; pingpong=0; private_global=0; MemPort=[13]; IO mode=ap_memory:ce=0
Port [ intensity]:  wired=1; compound=1; hidden=0; nouse=0; global=1; static=1; extern=0; dir=1; type=1; pingpong=0; private_global=0; MemPort=[03]; IO mode=ap_memory:ce=0
---------------- STG Properties END ------------------

---------------- Datapath Model BEGIN ----------------

<LifeTime>
<method=bitvector/>
r                      (alloca           ) [ 011111111111111111111111111111111111]
specinterface_ln0      (specinterface    ) [ 000000000000000000000000000000000000]
specinterface_ln0      (specinterface    ) [ 000000000000000000000000000000000000]
specinterface_ln0      (specinterface    ) [ 000000000000000000000000000000000000]
store_ln17             (store            ) [ 000000000000000000000000000000000000]
br_ln0                 (br               ) [ 000000000000000000000000000000000000]
r_1                    (load             ) [ 000000000000000000000000000000000000]
icmp_ln17              (icmp             ) [ 001111111111111111111111111111111111]
add_ln17               (add              ) [ 000111111111111111111111111111111111]
br_ln17                (br               ) [ 000000000000000000000000000000000000]
trunc_ln17             (trunc            ) [ 000000000000000000000000000000000000]
tmp_s                  (bitconcatenate   ) [ 000111111111111111111111111111111111]
speclooptripcount_ln17 (speclooptripcount) [ 000000000000000000000000000000000000]
specloopname_ln17      (specloopname     ) [ 000000000000000000000000000000000000]
br_ln18                (br               ) [ 001111111111111111111111111111111111]
ret_ln0                (ret              ) [ 000000000000000000000000000000000000]
c                      (phi              ) [ 000100000000000000000000000000000000]
icmp_ln18              (icmp             ) [ 001111111111111111111111111111111111]
add_ln18               (add              ) [ 001111111111111111111111111111111111]
br_ln18                (br               ) [ 000000000000000000000000000000000000]
zext_ln26              (zext             ) [ 000000000000000000000000000000000000]
add_ln26               (add              ) [ 000000000000000000000000000000000000]
zext_ln26_1            (zext             ) [ 000011111111111111111111111111111111]
in_r_addr              (getelementptr    ) [ 000010000000000000000000000000000000]
in_g_addr              (getelementptr    ) [ 000010000000000000000000000000000000]
store_ln17             (store            ) [ 000000000000000000000000000000000000]
br_ln17                (br               ) [ 000000000000000000000000000000000000]
in_r_load              (load             ) [ 000001000000000000000000000000000000]
in_g_load              (load             ) [ 000001000000000000000000000000000000]
bitcast_ln20           (bitcast          ) [ 000000111111111000000000000000000000]
bitcast_ln21           (bitcast          ) [ 000000111111111000000000000000000000]
in_b_addr              (getelementptr    ) [ 000000000100000000000000000000000000]
in_b_load              (load             ) [ 000000000010000000000000000000000000]
bitcast_ln22           (bitcast          ) [ 000000000001111111110000000000000000]
R                      (fdiv             ) [ 000000000000000111110000000000000000]
G                      (fdiv             ) [ 000000000000000111110000000000000000]
B                      (fdiv             ) [ 000000000000000000001111100000000000]
add                    (fadd             ) [ 000000000000000000001111100000000000]
add1                   (fadd             ) [ 000000000000000000000000011111111110]
I                      (fdiv             ) [ 000000000000000000000000000000000001]
intensity_addr         (getelementptr    ) [ 000000000000000000000000000000000000]
speclooptripcount_ln18 (speclooptripcount) [ 000000000000000000000000000000000000]
specloopname_ln18      (specloopname     ) [ 000000000000000000000000000000000000]
store_ln26             (store            ) [ 000000000000000000000000000000000000]
br_ln18                (br               ) [ 001111111111111111111111111111111111]
</LifeTime>

<model>

<comp_list>
<comp id="0" class="1000" name="in_r">
<pin_list>
<pin id="1" dir="1" index="0" bw="1" slack="0"/>
</pin_list>
<bind>
<StgValue><ssdm name="in_r"/><MemPortTyVec>1 3 </MemPortTyVec>
</StgValue>
</bind>
</comp>

<comp id="2" class="1000" name="in_g">
<pin_list>
<pin id="3" dir="1" index="0" bw="1" slack="0"/>
</pin_list>
<bind>
<StgValue><ssdm name="in_g"/><MemPortTyVec>1 3 </MemPortTyVec>
</StgValue>
</bind>
</comp>

<comp id="4" class="1000" name="in_b">
<pin_list>
<pin id="5" dir="1" index="0" bw="1" slack="0"/>
</pin_list>
<bind>
<StgValue><ssdm name="in_b"/><MemPortTyVec>1 3 </MemPortTyVec>
</StgValue>
</bind>
</comp>

<comp id="6" class="1000" name="intensity">
<pin_list>
<pin id="7" dir="1" index="0" bw="1" slack="0"/>
</pin_list>
<bind>
<StgValue><ssdm name="intensity"/><MemPortTyVec>0 3 </MemPortTyVec>
</StgValue>
</bind>
</comp>

<comp id="8" class="1001" name="const_8">
<pin_list>
<pin id="9" dir="1" index="0" bw="1" slack="0"/>
</pin_list>
<bind>
<StgValue><ssdm name=""/></StgValue>
</bind>
</comp>

<comp id="10" class="1001" name="const_10">
<pin_list>
<pin id="11" dir="1" index="0" bw="1" slack="2147483647"/>
</pin_list>
<bind>
<StgValue><ssdm name="_ssdm_op_SpecInterface"/></StgValue>
</bind>
</comp>

<comp id="12" class="1001" name="const_12">
<pin_list>
<pin id="13" dir="1" index="0" bw="1" slack="2147483647"/>
</pin_list>
<bind>
<StgValue><ssdm name="empty_7"/></StgValue>
</bind>
</comp>

<comp id="14" class="1001" name="const_14">
<pin_list>
<pin id="15" dir="1" index="0" bw="1" slack="2147483647"/>
</pin_list>
<bind>
<StgValue><ssdm name=""/></StgValue>
</bind>
</comp>

<comp id="16" class="1001" name="const_16">
<pin_list>
<pin id="17" dir="1" index="0" bw="1" slack="2147483647"/>
</pin_list>
<bind>
<StgValue><ssdm name="empty_18"/></StgValue>
</bind>
</comp>

<comp id="18" class="1001" name="const_18">
<pin_list>
<pin id="19" dir="1" index="0" bw="1" slack="2147483647"/>
</pin_list>
<bind>
<StgValue><ssdm name=""/></StgValue>
</bind>
</comp>

<comp id="20" class="1001" name="const_20">
<pin_list>
<pin id="21" dir="1" index="0" bw="1" slack="0"/>
</pin_list>
<bind>
<StgValue><ssdm name=""/></StgValue>
</bind>
</comp>

<comp id="22" class="1001" name="const_22">
<pin_list>
<pin id="23" dir="1" index="0" bw="1" slack="0"/>
</pin_list>
<bind>
<StgValue><ssdm name=""/></StgValue>
</bind>
</comp>

<comp id="24" class="1001" name="const_24">
<pin_list>
<pin id="25" dir="1" index="0" bw="1" slack="0"/>
</pin_list>
<bind>
<StgValue><ssdm name=""/></StgValue>
</bind>
</comp>

<comp id="26" class="1001" name="const_26">
<pin_list>
<pin id="27" dir="1" index="0" bw="1" slack="0"/>
</pin_list>
<bind>
<StgValue><ssdm name="_ssdm_op_BitConcatenate.i12.i6.i6"/></StgValue>
</bind>
</comp>

<comp id="28" class="1001" name="const_28">
<pin_list>
<pin id="29" dir="1" index="0" bw="1" slack="0"/>
</pin_list>
<bind>
<StgValue><ssdm name=""/></StgValue>
</bind>
</comp>

<comp id="30" class="1001" name="const_30">
<pin_list>
<pin id="31" dir="1" index="0" bw="1" slack="2147483647"/>
</pin_list>
<bind>
<StgValue><ssdm name="_ssdm_op_SpecLoopTripCount"/></StgValue>
</bind>
</comp>

<comp id="32" class="1001" name="const_32">
<pin_list>
<pin id="33" dir="1" index="0" bw="1" slack="2147483647"/>
</pin_list>
<bind>
<StgValue><ssdm name=""/></StgValue>
</bind>
</comp>

<comp id="34" class="1001" name="const_34">
<pin_list>
<pin id="35" dir="1" index="0" bw="1" slack="2147483647"/>
</pin_list>
<bind>
<StgValue><ssdm name="_ssdm_op_SpecLoopName"/></StgValue>
</bind>
</comp>

<comp id="36" class="1001" name="const_36">
<pin_list>
<pin id="37" dir="1" index="0" bw="1" slack="2147483647"/>
</pin_list>
<bind>
<StgValue><ssdm name="empty_22"/></StgValue>
</bind>
</comp>

<comp id="38" class="1001" name="const_38">
<pin_list>
<pin id="39" dir="1" index="0" bw="1" slack="0"/>
</pin_list>
<bind>
<StgValue><ssdm name=""/></StgValue>
</bind>
</comp>

<comp id="40" class="1001" name="const_40">
<pin_list>
<pin id="41" dir="1" index="0" bw="1" slack="0"/>
</pin_list>
<bind>
<StgValue><ssdm name=""/></StgValue>
</bind>
</comp>

<comp id="42" class="1001" name="const_42">
<pin_list>
<pin id="43" dir="1" index="0" bw="1" slack="0"/>
</pin_list>
<bind>
<StgValue><ssdm name=""/></StgValue>
</bind>
</comp>

<comp id="44" class="1001" name="const_44">
<pin_list>
<pin id="45" dir="1" index="0" bw="1" slack="2147483647"/>
</pin_list>
<bind>
<StgValue><ssdm name="empty_4"/></StgValue>
</bind>
</comp>

<comp id="46" class="1004" name="r_fu_46">
<pin_list>
<pin id="47" dir="0" index="0" bw="1" slack="0"/>
<pin id="48" dir="1" index="1" bw="7" slack="0"/>
</pin_list>
<bind>
<opcode="alloca(26) " fcode="alloca"/>
<opset="r/1 "/>
</bind>
</comp>

<comp id="50" class="1004" name="in_r_addr_gep_fu_50">
<pin_list>
<pin id="51" dir="0" index="0" bw="32" slack="0"/>
<pin id="52" dir="0" index="1" bw="1" slack="0"/>
<pin id="53" dir="0" index="2" bw="12" slack="0"/>
<pin id="54" dir="1" index="3" bw="12" slack="0"/>
</pin_list>
<bind>
<opcode="getelementptr(29) " fcode="getelementptr"/>
<opset="in_r_addr/3 "/>
</bind>
</comp>

<comp id="57" class="1004" name="grp_access_fu_57">
<pin_list>
<pin id="58" dir="0" index="0" bw="12" slack="0"/>
<pin id="59" dir="0" index="1" bw="32" slack="2147483647"/>
<pin id="60" dir="0" index="2" bw="0" slack="2147483647"/>
<pin id="61" dir="1" index="3" bw="32" slack="1"/>
</pin_list>
<bind>
<opcode="load(27) " fcode="load"/>
<opset="in_r_load/3 "/>
</bind>
</comp>

<comp id="63" class="1004" name="in_g_addr_gep_fu_63">
<pin_list>
<pin id="64" dir="0" index="0" bw="32" slack="0"/>
<pin id="65" dir="0" index="1" bw="1" slack="0"/>
<pin id="66" dir="0" index="2" bw="12" slack="0"/>
<pin id="67" dir="1" index="3" bw="12" slack="0"/>
</pin_list>
<bind>
<opcode="getelementptr(29) " fcode="getelementptr"/>
<opset="in_g_addr/3 "/>
</bind>
</comp>

<comp id="70" class="1004" name="grp_access_fu_70">
<pin_list>
<pin id="71" dir="0" index="0" bw="12" slack="0"/>
<pin id="72" dir="0" index="1" bw="32" slack="2147483647"/>
<pin id="73" dir="0" index="2" bw="0" slack="2147483647"/>
<pin id="74" dir="1" index="3" bw="32" slack="1"/>
</pin_list>
<bind>
<opcode="load(27) " fcode="load"/>
<opset="in_g_load/3 "/>
</bind>
</comp>

<comp id="76" class="1004" name="in_b_addr_gep_fu_76">
<pin_list>
<pin id="77" dir="0" index="0" bw="32" slack="0"/>
<pin id="78" dir="0" index="1" bw="1" slack="0"/>
<pin id="79" dir="0" index="2" bw="12" slack="5"/>
<pin id="80" dir="1" index="3" bw="12" slack="0"/>
</pin_list>
<bind>
<opcode="getelementptr(29) " fcode="getelementptr"/>
<opset="in_b_addr/8 "/>
</bind>
</comp>

<comp id="83" class="1004" name="grp_access_fu_83">
<pin_list>
<pin id="84" dir="0" index="0" bw="12" slack="0"/>
<pin id="85" dir="0" index="1" bw="32" slack="2147483647"/>
<pin id="86" dir="0" index="2" bw="0" slack="2147483647"/>
<pin id="87" dir="1" index="3" bw="32" slack="1"/>
</pin_list>
<bind>
<opcode="load(27) " fcode="load"/>
<opset="in_b_load/8 "/>
</bind>
</comp>

<comp id="89" class="1004" name="intensity_addr_gep_fu_89">
<pin_list>
<pin id="90" dir="0" index="0" bw="32" slack="0"/>
<pin id="91" dir="0" index="1" bw="1" slack="0"/>
<pin id="92" dir="0" index="2" bw="12" slack="32"/>
<pin id="93" dir="1" index="3" bw="12" slack="0"/>
</pin_list>
<bind>
<opcode="getelementptr(29) " fcode="getelementptr"/>
<opset="intensity_addr/35 "/>
</bind>
</comp>

<comp id="96" class="1004" name="store_ln26_access_fu_96">
<pin_list>
<pin id="97" dir="0" index="0" bw="12" slack="0"/>
<pin id="98" dir="0" index="1" bw="32" slack="1"/>
<pin id="99" dir="0" index="2" bw="0" slack="2147483647"/>
<pin id="100" dir="1" index="3" bw="32" slack="2147483647"/>
</pin_list>
<bind>
<opcode="store(28) " fcode="store"/>
<opset="store_ln26/35 "/>
</bind>
</comp>

<comp id="102" class="1005" name="c_reg_102">
<pin_list>
<pin id="103" dir="0" index="0" bw="7" slack="1"/>
<pin id="104" dir="1" index="1" bw="7" slack="1"/>
</pin_list>
<bind>
<opset="c (phireg) "/>
</bind>
</comp>

<comp id="106" class="1004" name="c_phi_fu_106">
<pin_list>
<pin id="107" dir="0" index="0" bw="1" slack="1"/>
<pin id="108" dir="0" index="1" bw="0" slack="2147483647"/>
<pin id="109" dir="0" index="2" bw="7" slack="0"/>
<pin id="110" dir="0" index="3" bw="0" slack="2147483647"/>
<pin id="111" dir="1" index="4" bw="7" slack="0"/>
</pin_list>
<bind>
<opcode="phi(47) " fcode="phi"/>
<opset="c/3 "/>
</bind>
</comp>

<comp id="113" class="1004" name="grp_fu_113">
<pin_list>
<pin id="114" dir="0" index="0" bw="32" slack="1"/>
<pin id="115" dir="0" index="1" bw="32" slack="1"/>
<pin id="116" dir="1" index="2" bw="32" slack="1"/>
</pin_list>
<bind>
<opcode="fadd(9) " fcode="fadd"/>
<opset="add/15 add1/20 "/>
</bind>
</comp>

<comp id="117" class="1004" name="grp_fu_117">
<pin_list>
<pin id="118" dir="0" index="0" bw="32" slack="0"/>
<pin id="119" dir="0" index="1" bw="32" slack="0"/>
<pin id="120" dir="1" index="2" bw="32" slack="1"/>
</pin_list>
<bind>
<opcode="fdiv(16) " fcode="fdiv"/>
<opset="R/5 B/10 I/25 "/>
</bind>
</comp>

<comp id="122" class="1004" name="grp_fu_122">
<pin_list>
<pin id="123" dir="0" index="0" bw="32" slack="0"/>
<pin id="124" dir="0" index="1" bw="32" slack="0"/>
<pin id="125" dir="1" index="2" bw="32" slack="1"/>
</pin_list>
<bind>
<opcode="fdiv(16) " fcode="fdiv"/>
<opset="G/5 "/>
</bind>
</comp>

<comp id="128" class="1005" name="reg_128">
<pin_list>
<pin id="129" dir="0" index="0" bw="32" slack="1"/>
<pin id="130" dir="1" index="1" bw="32" slack="1"/>
</pin_list>
<bind>
<opset="R B I "/>
</bind>
</comp>

<comp id="135" class="1005" name="reg_135">
<pin_list>
<pin id="136" dir="0" index="0" bw="32" slack="1"/>
<pin id="137" dir="1" index="1" bw="32" slack="1"/>
</pin_list>
<bind>
<opset="add add1 "/>
</bind>
</comp>

<comp id="141" class="1004" name="store_ln17_store_fu_141">
<pin_list>
<pin id="142" dir="0" index="0" bw="1" slack="0"/>
<pin id="143" dir="0" index="1" bw="7" slack="0"/>
<pin id="144" dir="1" index="2" bw="0" slack="2147483647"/>
</pin_list>
<bind>
<opcode="store(28) " fcode="store"/>
<opset="store_ln17/1 "/>
</bind>
</comp>

<comp id="146" class="1004" name="r_1_load_fu_146">
<pin_list>
<pin id="147" dir="0" index="0" bw="7" slack="1"/>
<pin id="148" dir="1" index="1" bw="7" slack="0"/>
</pin_list>
<bind>
<opcode="load(27) " fcode="load"/>
<opset="r_1/2 "/>
</bind>
</comp>

<comp id="149" class="1004" name="icmp_ln17_fu_149">
<pin_list>
<pin id="150" dir="0" index="0" bw="7" slack="0"/>
<pin id="151" dir="0" index="1" bw="7" slack="0"/>
<pin id="152" dir="1" index="2" bw="1" slack="2147483647"/>
</pin_list>
<bind>
<opcode="icmp(45) " fcode="icmp"/>
<opset="icmp_ln17/2 "/>
</bind>
</comp>

<comp id="155" class="1004" name="add_ln17_fu_155">
<pin_list>
<pin id="156" dir="0" index="0" bw="7" slack="0"/>
<pin id="157" dir="0" index="1" bw="1" slack="0"/>
<pin id="158" dir="1" index="2" bw="7" slack="1"/>
</pin_list>
<bind>
<opcode="add(8) " fcode="add"/>
<opset="add_ln17/2 "/>
</bind>
</comp>

<comp id="161" class="1004" name="trunc_ln17_fu_161">
<pin_list>
<pin id="162" dir="0" index="0" bw="7" slack="0"/>
<pin id="163" dir="1" index="1" bw="6" slack="0"/>
</pin_list>
<bind>
<opcode="trunc(33) " fcode="trunc"/>
<opset="trunc_ln17/2 "/>
</bind>
</comp>

<comp id="165" class="1004" name="tmp_s_fu_165">
<pin_list>
<pin id="166" dir="0" index="0" bw="12" slack="0"/>
<pin id="167" dir="0" index="1" bw="6" slack="0"/>
<pin id="168" dir="0" index="2" bw="1" slack="0"/>
<pin id="169" dir="1" index="3" bw="12" slack="1"/>
</pin_list>
<bind>
<opcode="bitconcatenate(1004) " fcode="bitconcatenate"/>
<opset="tmp_s/2 "/>
</bind>
</comp>

<comp id="173" class="1004" name="icmp_ln18_fu_173">
<pin_list>
<pin id="174" dir="0" index="0" bw="7" slack="0"/>
<pin id="175" dir="0" index="1" bw="7" slack="0"/>
<pin id="176" dir="1" index="2" bw="1" slack="2147483647"/>
</pin_list>
<bind>
<opcode="icmp(45) " fcode="icmp"/>
<opset="icmp_ln18/3 "/>
</bind>
</comp>

<comp id="179" class="1004" name="add_ln18_fu_179">
<pin_list>
<pin id="180" dir="0" index="0" bw="7" slack="0"/>
<pin id="181" dir="0" index="1" bw="1" slack="0"/>
<pin id="182" dir="1" index="2" bw="7" slack="0"/>
</pin_list>
<bind>
<opcode="add(8) " fcode="add"/>
<opset="add_ln18/3 "/>
</bind>
</comp>

<comp id="185" class="1004" name="zext_ln26_fu_185">
<pin_list>
<pin id="186" dir="0" index="0" bw="7" slack="0"/>
<pin id="187" dir="1" index="1" bw="12" slack="0"/>
</pin_list>
<bind>
<opcode="zext(34) " fcode="zext"/>
<opset="zext_ln26/3 "/>
</bind>
</comp>

<comp id="189" class="1004" name="add_ln26_fu_189">
<pin_list>
<pin id="190" dir="0" index="0" bw="12" slack="1"/>
<pin id="191" dir="0" index="1" bw="7" slack="0"/>
<pin id="192" dir="1" index="2" bw="12" slack="0"/>
</pin_list>
<bind>
<opcode="add(8) " fcode="add"/>
<opset="add_ln26/3 "/>
</bind>
</comp>

<comp id="194" class="1004" name="zext_ln26_1_fu_194">
<pin_list>
<pin id="195" dir="0" index="0" bw="12" slack="0"/>
<pin id="196" dir="1" index="1" bw="64" slack="0"/>
</pin_list>
<bind>
<opcode="zext(34) " fcode="zext"/>
<opset="zext_ln26_1/3 "/>
</bind>
</comp>

<comp id="200" class="1004" name="store_ln17_store_fu_200">
<pin_list>
<pin id="201" dir="0" index="0" bw="7" slack="1"/>
<pin id="202" dir="0" index="1" bw="7" slack="2"/>
<pin id="203" dir="1" index="2" bw="0" slack="2147483647"/>
</pin_list>
<bind>
<opcode="store(28) " fcode="store"/>
<opset="store_ln17/3 "/>
</bind>
</comp>

<comp id="204" class="1004" name="bitcast_ln20_fu_204">
<pin_list>
<pin id="205" dir="0" index="0" bw="32" slack="1"/>
<pin id="206" dir="1" index="1" bw="32" slack="0"/>
</pin_list>
<bind>
<opcode="bitcast(44) " fcode="bitcast"/>
<opset="bitcast_ln20/5 "/>
</bind>
</comp>

<comp id="208" class="1004" name="bitcast_ln21_fu_208">
<pin_list>
<pin id="209" dir="0" index="0" bw="32" slack="1"/>
<pin id="210" dir="1" index="1" bw="32" slack="0"/>
</pin_list>
<bind>
<opcode="bitcast(44) " fcode="bitcast"/>
<opset="bitcast_ln21/5 "/>
</bind>
</comp>

<comp id="212" class="1004" name="bitcast_ln22_fu_212">
<pin_list>
<pin id="213" dir="0" index="0" bw="32" slack="1"/>
<pin id="214" dir="1" index="1" bw="32" slack="0"/>
</pin_list>
<bind>
<opcode="bitcast(44) " fcode="bitcast"/>
<opset="bitcast_ln22/10 "/>
</bind>
</comp>

<comp id="216" class="1005" name="r_reg_216">
<pin_list>
<pin id="217" dir="0" index="0" bw="7" slack="0"/>
<pin id="218" dir="1" index="1" bw="7" slack="0"/>
</pin_list>
<bind>
<opset="r "/>
</bind>
</comp>

<comp id="226" class="1005" name="add_ln17_reg_226">
<pin_list>
<pin id="227" dir="0" index="0" bw="7" slack="1"/>
<pin id="228" dir="1" index="1" bw="7" slack="1"/>
</pin_list>
<bind>
<opset="add_ln17 "/>
</bind>
</comp>

<comp id="231" class="1005" name="tmp_s_reg_231">
<pin_list>
<pin id="232" dir="0" index="0" bw="12" slack="1"/>
<pin id="233" dir="1" index="1" bw="12" slack="1"/>
</pin_list>
<bind>
<opset="tmp_s "/>
</bind>
</comp>

<comp id="239" class="1005" name="add_ln18_reg_239">
<pin_list>
<pin id="240" dir="0" index="0" bw="7" slack="0"/>
<pin id="241" dir="1" index="1" bw="7" slack="0"/>
</pin_list>
<bind>
<opset="add_ln18 "/>
</bind>
</comp>

<comp id="244" class="1005" name="zext_ln26_1_reg_244">
<pin_list>
<pin id="245" dir="0" index="0" bw="64" slack="5"/>
<pin id="246" dir="1" index="1" bw="64" slack="5"/>
</pin_list>
<bind>
<opset="zext_ln26_1 "/>
</bind>
</comp>

<comp id="250" class="1005" name="in_r_addr_reg_250">
<pin_list>
<pin id="251" dir="0" index="0" bw="12" slack="1"/>
<pin id="252" dir="1" index="1" bw="12" slack="1"/>
</pin_list>
<bind>
<opset="in_r_addr "/>
</bind>
</comp>

<comp id="255" class="1005" name="in_g_addr_reg_255">
<pin_list>
<pin id="256" dir="0" index="0" bw="12" slack="1"/>
<pin id="257" dir="1" index="1" bw="12" slack="1"/>
</pin_list>
<bind>
<opset="in_g_addr "/>
</bind>
</comp>

<comp id="260" class="1005" name="in_r_load_reg_260">
<pin_list>
<pin id="261" dir="0" index="0" bw="32" slack="1"/>
<pin id="262" dir="1" index="1" bw="32" slack="1"/>
</pin_list>
<bind>
<opset="in_r_load "/>
</bind>
</comp>

<comp id="265" class="1005" name="in_g_load_reg_265">
<pin_list>
<pin id="266" dir="0" index="0" bw="32" slack="1"/>
<pin id="267" dir="1" index="1" bw="32" slack="1"/>
</pin_list>
<bind>
<opset="in_g_load "/>
</bind>
</comp>

<comp id="270" class="1005" name="bitcast_ln20_reg_270">
<pin_list>
<pin id="271" dir="0" index="0" bw="32" slack="1"/>
<pin id="272" dir="1" index="1" bw="32" slack="1"/>
</pin_list>
<bind>
<opset="bitcast_ln20 "/>
</bind>
</comp>

<comp id="275" class="1005" name="bitcast_ln21_reg_275">
<pin_list>
<pin id="276" dir="0" index="0" bw="32" slack="1"/>
<pin id="277" dir="1" index="1" bw="32" slack="1"/>
</pin_list>
<bind>
<opset="bitcast_ln21 "/>
</bind>
</comp>

<comp id="280" class="1005" name="in_b_addr_reg_280">
<pin_list>
<pin id="281" dir="0" index="0" bw="12" slack="1"/>
<pin id="282" dir="1" index="1" bw="12" slack="1"/>
</pin_list>
<bind>
<opset="in_b_addr "/>
</bind>
</comp>

<comp id="285" class="1005" name="in_b_load_reg_285">
<pin_list>
<pin id="286" dir="0" index="0" bw="32" slack="1"/>
<pin id="287" dir="1" index="1" bw="32" slack="1"/>
</pin_list>
<bind>
<opset="in_b_load "/>
</bind>
</comp>

<comp id="290" class="1005" name="bitcast_ln22_reg_290">
<pin_list>
<pin id="291" dir="0" index="0" bw="32" slack="1"/>
<pin id="292" dir="1" index="1" bw="32" slack="1"/>
</pin_list>
<bind>
<opset="bitcast_ln22 "/>
</bind>
</comp>

<comp id="295" class="1005" name="G_reg_295">
<pin_list>
<pin id="296" dir="0" index="0" bw="32" slack="1"/>
<pin id="297" dir="1" index="1" bw="32" slack="1"/>
</pin_list>
<bind>
<opset="G "/>
</bind>
</comp>

</comp_list>

<net_list>
<net id="49"><net_src comp="8" pin="0"/><net_sink comp="46" pin=0"/></net>

<net id="55"><net_src comp="0" pin="0"/><net_sink comp="50" pin=0"/></net>

<net id="56"><net_src comp="38" pin="0"/><net_sink comp="50" pin=1"/></net>

<net id="62"><net_src comp="50" pin="3"/><net_sink comp="57" pin=0"/></net>

<net id="68"><net_src comp="2" pin="0"/><net_sink comp="63" pin=0"/></net>

<net id="69"><net_src comp="38" pin="0"/><net_sink comp="63" pin=1"/></net>

<net id="75"><net_src comp="63" pin="3"/><net_sink comp="70" pin=0"/></net>

<net id="81"><net_src comp="4" pin="0"/><net_sink comp="76" pin=0"/></net>

<net id="82"><net_src comp="38" pin="0"/><net_sink comp="76" pin=1"/></net>

<net id="88"><net_src comp="76" pin="3"/><net_sink comp="83" pin=0"/></net>

<net id="94"><net_src comp="6" pin="0"/><net_sink comp="89" pin=0"/></net>

<net id="95"><net_src comp="38" pin="0"/><net_sink comp="89" pin=1"/></net>

<net id="101"><net_src comp="89" pin="3"/><net_sink comp="96" pin=0"/></net>

<net id="105"><net_src comp="20" pin="0"/><net_sink comp="102" pin=0"/></net>

<net id="112"><net_src comp="102" pin="1"/><net_sink comp="106" pin=0"/></net>

<net id="121"><net_src comp="40" pin="0"/><net_sink comp="117" pin=1"/></net>

<net id="126"><net_src comp="40" pin="0"/><net_sink comp="122" pin=1"/></net>

<net id="127"><net_src comp="42" pin="0"/><net_sink comp="117" pin=1"/></net>

<net id="131"><net_src comp="117" pin="2"/><net_sink comp="128" pin=0"/></net>

<net id="132"><net_src comp="128" pin="1"/><net_sink comp="113" pin=0"/></net>

<net id="133"><net_src comp="128" pin="1"/><net_sink comp="113" pin=1"/></net>

<net id="134"><net_src comp="128" pin="1"/><net_sink comp="96" pin=1"/></net>

<net id="138"><net_src comp="113" pin="2"/><net_sink comp="135" pin=0"/></net>

<net id="139"><net_src comp="135" pin="1"/><net_sink comp="113" pin=0"/></net>

<net id="140"><net_src comp="135" pin="1"/><net_sink comp="117" pin=0"/></net>

<net id="145"><net_src comp="20" pin="0"/><net_sink comp="141" pin=0"/></net>

<net id="153"><net_src comp="146" pin="1"/><net_sink comp="149" pin=0"/></net>

<net id="154"><net_src comp="22" pin="0"/><net_sink comp="149" pin=1"/></net>

<net id="159"><net_src comp="146" pin="1"/><net_sink comp="155" pin=0"/></net>

<net id="160"><net_src comp="24" pin="0"/><net_sink comp="155" pin=1"/></net>

<net id="164"><net_src comp="146" pin="1"/><net_sink comp="161" pin=0"/></net>

<net id="170"><net_src comp="26" pin="0"/><net_sink comp="165" pin=0"/></net>

<net id="171"><net_src comp="161" pin="1"/><net_sink comp="165" pin=1"/></net>

<net id="172"><net_src comp="28" pin="0"/><net_sink comp="165" pin=2"/></net>

<net id="177"><net_src comp="106" pin="4"/><net_sink comp="173" pin=0"/></net>

<net id="178"><net_src comp="22" pin="0"/><net_sink comp="173" pin=1"/></net>

<net id="183"><net_src comp="106" pin="4"/><net_sink comp="179" pin=0"/></net>

<net id="184"><net_src comp="24" pin="0"/><net_sink comp="179" pin=1"/></net>

<net id="188"><net_src comp="106" pin="4"/><net_sink comp="185" pin=0"/></net>

<net id="193"><net_src comp="185" pin="1"/><net_sink comp="189" pin=1"/></net>

<net id="197"><net_src comp="189" pin="2"/><net_sink comp="194" pin=0"/></net>

<net id="198"><net_src comp="194" pin="1"/><net_sink comp="50" pin=2"/></net>

<net id="199"><net_src comp="194" pin="1"/><net_sink comp="63" pin=2"/></net>

<net id="207"><net_src comp="204" pin="1"/><net_sink comp="117" pin=0"/></net>

<net id="211"><net_src comp="208" pin="1"/><net_sink comp="122" pin=0"/></net>

<net id="215"><net_src comp="212" pin="1"/><net_sink comp="117" pin=0"/></net>

<net id="219"><net_src comp="46" pin="1"/><net_sink comp="216" pin=0"/></net>

<net id="220"><net_src comp="216" pin="1"/><net_sink comp="141" pin=1"/></net>

<net id="221"><net_src comp="216" pin="1"/><net_sink comp="146" pin=0"/></net>

<net id="222"><net_src comp="216" pin="1"/><net_sink comp="200" pin=1"/></net>

<net id="229"><net_src comp="155" pin="2"/><net_sink comp="226" pin=0"/></net>

<net id="230"><net_src comp="226" pin="1"/><net_sink comp="200" pin=0"/></net>

<net id="234"><net_src comp="165" pin="3"/><net_sink comp="231" pin=0"/></net>

<net id="235"><net_src comp="231" pin="1"/><net_sink comp="189" pin=0"/></net>

<net id="242"><net_src comp="179" pin="2"/><net_sink comp="239" pin=0"/></net>

<net id="243"><net_src comp="239" pin="1"/><net_sink comp="106" pin=2"/></net>

<net id="247"><net_src comp="194" pin="1"/><net_sink comp="244" pin=0"/></net>

<net id="248"><net_src comp="244" pin="1"/><net_sink comp="76" pin=2"/></net>

<net id="249"><net_src comp="244" pin="1"/><net_sink comp="89" pin=2"/></net>

<net id="253"><net_src comp="50" pin="3"/><net_sink comp="250" pin=0"/></net>

<net id="254"><net_src comp="250" pin="1"/><net_sink comp="57" pin=0"/></net>

<net id="258"><net_src comp="63" pin="3"/><net_sink comp="255" pin=0"/></net>

<net id="259"><net_src comp="255" pin="1"/><net_sink comp="70" pin=0"/></net>

<net id="263"><net_src comp="57" pin="3"/><net_sink comp="260" pin=0"/></net>

<net id="264"><net_src comp="260" pin="1"/><net_sink comp="204" pin=0"/></net>

<net id="268"><net_src comp="70" pin="3"/><net_sink comp="265" pin=0"/></net>

<net id="269"><net_src comp="265" pin="1"/><net_sink comp="208" pin=0"/></net>

<net id="273"><net_src comp="204" pin="1"/><net_sink comp="270" pin=0"/></net>

<net id="274"><net_src comp="270" pin="1"/><net_sink comp="117" pin=0"/></net>

<net id="278"><net_src comp="208" pin="1"/><net_sink comp="275" pin=0"/></net>

<net id="279"><net_src comp="275" pin="1"/><net_sink comp="122" pin=0"/></net>

<net id="283"><net_src comp="76" pin="3"/><net_sink comp="280" pin=0"/></net>

<net id="284"><net_src comp="280" pin="1"/><net_sink comp="83" pin=0"/></net>

<net id="288"><net_src comp="83" pin="3"/><net_sink comp="285" pin=0"/></net>

<net id="289"><net_src comp="285" pin="1"/><net_sink comp="212" pin=0"/></net>

<net id="293"><net_src comp="212" pin="1"/><net_sink comp="290" pin=0"/></net>

<net id="294"><net_src comp="290" pin="1"/><net_sink comp="117" pin=0"/></net>

<net id="298"><net_src comp="122" pin="2"/><net_sink comp="295" pin=0"/></net>

<net id="299"><net_src comp="295" pin="1"/><net_sink comp="113" pin=1"/></net>

</net_list>

</model> 
---------------- Datapath Model END ------------------

* FSMD analyzer results:
  - Output states:
	Port: intensity | {35 }
 - Input state : 
	Port: top_kernel_Outline_VITIS_LOOP_17_1 : in_r | {3 4 }
	Port: top_kernel_Outline_VITIS_LOOP_17_1 : in_g | {3 4 }
	Port: top_kernel_Outline_VITIS_LOOP_17_1 : in_b | {8 9 }
  - Chain level:
	State 1
		store_ln17 : 1
	State 2
		icmp_ln17 : 1
		add_ln17 : 1
		br_ln17 : 2
		trunc_ln17 : 1
		tmp_s : 2
	State 3
		icmp_ln18 : 1
		add_ln18 : 1
		br_ln18 : 2
		zext_ln26 : 1
		add_ln26 : 2
		zext_ln26_1 : 3
		in_r_addr : 4
		in_r_load : 5
		in_g_addr : 4
		in_g_load : 5
	State 4
	State 5
		R : 1
		G : 1
	State 6
	State 7
	State 8
		in_b_load : 1
	State 9
	State 10
		B : 1
	State 11
	State 12
	State 13
	State 14
	State 15
	State 16
	State 17
	State 18
	State 19
	State 20
	State 21
	State 22
	State 23
	State 24
	State 25
	State 26
	State 27
	State 28
	State 29
	State 30
	State 31
	State 32
	State 33
	State 34
	State 35
		store_ln26 : 1


============================================================
+ Verbose Summary: Datapath Resource usage 
============================================================

* Functional unit list:
|----------|--------------------|---------|---------|---------|
| Operation|   Functional Unit  |   DSP   |    FF   |   LUT   |
|----------|--------------------|---------|---------|---------|
|   fadd   |     grp_fu_113     |    2    |   205   |   206   |
|----------|--------------------|---------|---------|---------|
|          |   add_ln17_fu_155  |    0    |    0    |    14   |
|    add   |   add_ln18_fu_179  |    0    |    0    |    14   |
|          |   add_ln26_fu_189  |    0    |    0    |    19   |
|----------|--------------------|---------|---------|---------|
|   icmp   |  icmp_ln17_fu_149  |    0    |    0    |    14   |
|          |  icmp_ln18_fu_173  |    0    |    0    |    14   |
|----------|--------------------|---------|---------|---------|
|   fdiv   |     grp_fu_117     |    0    |    0    |    0    |
|          |     grp_fu_122     |    0    |    0    |    0    |
|----------|--------------------|---------|---------|---------|
|   trunc  |  trunc_ln17_fu_161 |    0    |    0    |    0    |
|----------|--------------------|---------|---------|---------|
|bitconcatenate|    tmp_s_fu_165    |    0    |    0    |    0    |
|----------|--------------------|---------|---------|---------|
|   zext   |  zext_ln26_fu_185  |    0    |    0    |    0    |
|          | zext_ln26_1_fu_194 |    0    |    0    |    0    |
|----------|--------------------|---------|---------|---------|
|   Total  |                    |    2    |   205   |   281   |
|----------|--------------------|---------|---------|---------|

Memories:
N/A

* Register list:
+--------------------+--------+
|                    |   FF   |
+--------------------+--------+
|      G_reg_295     |   32   |
|  add_ln17_reg_226  |    7   |
|  add_ln18_reg_239  |    7   |
|bitcast_ln20_reg_270|   32   |
|bitcast_ln21_reg_275|   32   |
|bitcast_ln22_reg_290|   32   |
|      c_reg_102     |    7   |
|  in_b_addr_reg_280 |   12   |
|  in_b_load_reg_285 |   32   |
|  in_g_addr_reg_255 |   12   |
|  in_g_load_reg_265 |   32   |
|  in_r_addr_reg_250 |   12   |
|  in_r_load_reg_260 |   32   |
|      r_reg_216     |    7   |
|       reg_128      |   32   |
|       reg_135      |   32   |
|    tmp_s_reg_231   |   12   |
| zext_ln26_1_reg_244|   64   |
+--------------------+--------+
|        Total       |   428  |
+--------------------+--------+

* Multiplexer (MUX) list: 
|------------------|------|------|------|--------||---------||---------||---------|
|       Comp       |  Pin | Size |  BW  | S x BW ||  Delay  ||    FF   ||   LUT   |
|------------------|------|------|------|--------||---------||---------||---------|
| grp_access_fu_57 |  p0  |   2  |  12  |   24   ||    0    ||    9    |
| grp_access_fu_70 |  p0  |   2  |  12  |   24   ||    0    ||    9    |
| grp_access_fu_83 |  p0  |   2  |  12  |   24   ||    0    ||    9    |
|    grp_fu_113    |  p0  |   2  |  32  |   64   ||    0    ||    9    |
|    grp_fu_113    |  p1  |   2  |  32  |   64   ||    0    ||    9    |
|    grp_fu_117    |  p0  |   5  |  32  |   160  ||    0    ||    26   |
|    grp_fu_117    |  p1  |   2  |  32  |   64   |
|    grp_fu_122    |  p0  |   2  |  32  |   64   ||    0    ||    9    |
|------------------|------|------|------|--------||---------||---------||---------|
|       Total      |      |      |      |   488  ||  4.086  ||    0    ||    80   |
|------------------|------|------|------|--------||---------||---------||---------|



* Summary:
+-----------+--------+--------+--------+--------+
|           |   DSP  |  Delay |   FF   |   LUT  |
+-----------+--------+--------+--------+--------+
|  Function |    2   |    -   |   205  |   281  |
|   Memory  |    -   |    -   |    -   |    -   |
|Multiplexer|    -   |    4   |    0   |   80   |
|  Register |    -   |    -   |   428  |    -   |
+-----------+--------+--------+--------+--------+
|   Total   |    2   |    4   |   633  |   361  |
+-----------+--------+--------+--------+--------+
