==============================================================
Vitis HLS - High-Level Synthesis from C, C++ and OpenCL v2025.1.1 (64-bit)
Tool Version Limit: 2025.05
Copyright 1986-2022 Xilinx, Inc. All Rights Reserved.
Copyright 2022-2025 Advanced Micro Devices, Inc. All Rights Reserved.

==============================================================
INFO: [HLS 200-1505] Using default flow_target 'vivado'
INFO: [HLS 200-2176] Writing Vitis IDE component file /nethome/asandeep6/FPGA_ECE8893/2026_Spring/lab4/project_1/vitis-comp.json
INFO: [HLS 200-1915] Writing HLS config ini file /nethome/asandeep6/FPGA_ECE8893/2026_Spring/lab4/project_1/hls_config.cfg
INFO: [HLS 200-1510] Running: set_top top_kernel 
INFO: [HLS 200-1510] Running: add_files top.cpp 
INFO: [HLS 200-10] Adding design file 'top.cpp' to the project
INFO: [HLS 200-1510] Running: add_files top.cpp 
INFO: [HLS 200-10] Adding design file 'top.cpp' to the project
INFO: [HLS 200-1510] Running: add_files -tb host.cpp 
INFO: [HLS 200-10] Adding test bench file 'host.cpp' to the project
INFO: [HLS 200-1510] Running: config_unroll -tripcount_threshold 0 
INFO: [XFORM 203-502] Automatic unrolling disabled.
INFO: [HLS 200-1510] Running: config_compile -pipeline_loops 0 
INFO: [HLS 200-1510] Running: set_part xczu3eg-sbva484-1-e 
INFO: [HLS 200-1611] Setting target device to 'xczu3eg-sbva484-1-e'
INFO: [HLS 200-1510] Running: csynth_design 
INFO: [HLS 200-1915] Writing HLS config ini file /nethome/asandeep6/FPGA_ECE8893/2026_Spring/lab4/project_1/hls_config.cfg
INFO: [HLS 200-111] Finished File checks and directory preparation: CPU user time: 0.22 seconds. CPU system time: 0.11 seconds. Elapsed time: 7.86 seconds; current allocated memory: 690.195 MB.
INFO: [HLS 200-10] Analyzing design file 'top.cpp' ... 
INFO: [HLS 200-111] Finished Source Code Analysis and Preprocessing: CPU user time: 2.73 seconds. CPU system time: 0.93 seconds. Elapsed time: 3.75 seconds; current allocated memory: 692.355 MB.
INFO: [HLS 200-777] Using interface defaults for 'Vivado' flow target.
INFO: [HLS 200-1995] There were 36,750 instructions in the design after the 'Compile/Link' phase of compilation. See the Design Size Report for more details (/nethome/asandeep6/FPGA_ECE8893/2026_Spring/lab4/project_1/hls/syn/report/csynth_design_size.rpt:2)
INFO: [HLS 200-1995] There were 3,714 instructions in the design after the 'Unroll/Inline (step 1)' phase of compilation. See the Design Size Report for more details (/nethome/asandeep6/FPGA_ECE8893/2026_Spring/lab4/project_1/hls/syn/report/csynth_design_size.rpt:2)
INFO: [HLS 200-1995] There were 931 instructions in the design after the 'Unroll/Inline (step 2)' phase of compilation. See the Design Size Report for more details (/nethome/asandeep6/FPGA_ECE8893/2026_Spring/lab4/project_1/hls/syn/report/csynth_design_size.rpt:2)
INFO: [HLS 200-1995] There were 867 instructions in the design after the 'Unroll/Inline (step 3)' phase of compilation. See the Design Size Report for more details (/nethome/asandeep6/FPGA_ECE8893/2026_Spring/lab4/project_1/hls/syn/report/csynth_design_size.rpt:2)
INFO: [HLS 200-1995] There were 815 instructions in the design after the 'Unroll/Inline (step 4)' phase of compilation. See the Design Size Report for more details (/nethome/asandeep6/FPGA_ECE8893/2026_Spring/lab4/project_1/hls/syn/report/csynth_design_size.rpt:2)
INFO: [HLS 200-1995] There were 4,143 instructions in the design after the 'Array/Struct (step 1)' phase of compilation. See the Design Size Report for more details (/nethome/asandeep6/FPGA_ECE8893/2026_Spring/lab4/project_1/hls/syn/report/csynth_design_size.rpt:2)
INFO: [HLS 200-1995] There were 4,141 instructions in the design after the 'Array/Struct (step 2)' phase of compilation. See the Design Size Report for more details (/nethome/asandeep6/FPGA_ECE8893/2026_Spring/lab4/project_1/hls/syn/report/csynth_design_size.rpt:2)
INFO: [HLS 200-1995] There were 4,141 instructions in the design after the 'Array/Struct (step 3)' phase of compilation. See the Design Size Report for more details (/nethome/asandeep6/FPGA_ECE8893/2026_Spring/lab4/project_1/hls/syn/report/csynth_design_size.rpt:2)
INFO: [HLS 200-1995] There were 4,141 instructions in the design after the 'Array/Struct (step 4)' phase of compilation. See the Design Size Report for more details (/nethome/asandeep6/FPGA_ECE8893/2026_Spring/lab4/project_1/hls/syn/report/csynth_design_size.rpt:2)
INFO: [HLS 200-1995] There were 4,151 instructions in the design after the 'Array/Struct (step 5)' phase of compilation. See the Design Size Report for more details (/nethome/asandeep6/FPGA_ECE8893/2026_Spring/lab4/project_1/hls/syn/report/csynth_design_size.rpt:2)
INFO: [HLS 200-1995] There were 4,657 instructions in the design after the 'Performance' phase of compilation. See the Design Size Report for more details (/nethome/asandeep6/FPGA_ECE8893/2026_Spring/lab4/project_1/hls/syn/report/csynth_design_size.rpt:2)
INFO: [HLS 200-1995] There were 4,145 instructions in the design after the 'Performance (step 2)' phase of compilation. See the Design Size Report for more details (/nethome/asandeep6/FPGA_ECE8893/2026_Spring/lab4/project_1/hls/syn/report/csynth_design_size.rpt:2)
INFO: [HLS 200-1995] There were 4,982 instructions in the design after the 'Performance (step 3)' phase of compilation. See the Design Size Report for more details (/nethome/asandeep6/FPGA_ECE8893/2026_Spring/lab4/project_1/hls/syn/report/csynth_design_size.rpt:2)
INFO: [HLS 200-1995] There were 4,654 instructions in the design after the 'Performance (step 4)' phase of compilation. See the Design Size Report for more details (/nethome/asandeep6/FPGA_ECE8893/2026_Spring/lab4/project_1/hls/syn/report/csynth_design_size.rpt:2)
INFO: [HLS 200-1995] There were 4,661 instructions in the design after the 'HW Transforms' phase of compilation. See the Design Size Report for more details (/nethome/asandeep6/FPGA_ECE8893/2026_Spring/lab4/project_1/hls/syn/report/csynth_design_size.rpt:2)
INFO: [HLS 200-1995] There were 5,263 instructions in the design after the 'HW Transforms (step 2)' phase of compilation. See the Design Size Report for more details (/nethome/asandeep6/FPGA_ECE8893/2026_Spring/lab4/project_1/hls/syn/report/csynth_design_size.rpt:2)
INFO: [HLS 214-291] Loop 'VITIS_LOOP_226_33' is marked as complete unroll implied by the pipeline pragma (top.cpp:226:32)
INFO: [HLS 214-291] Loop 'VITIS_LOOP_227_34' is marked as complete unroll implied by the pipeline pragma (top.cpp:227:36)
INFO: [HLS 214-291] Loop 'VITIS_LOOP_198_27' is marked as complete unroll implied by the pipeline pragma (top.cpp:198:32)
INFO: [HLS 214-291] Loop 'VITIS_LOOP_199_28' is marked as complete unroll implied by the pipeline pragma (top.cpp:199:36)
INFO: [HLS 214-291] Loop 'VITIS_LOOP_162_21' is marked as complete unroll implied by the pipeline pragma (top.cpp:162:32)
INFO: [HLS 214-291] Loop 'VITIS_LOOP_163_22' is marked as complete unroll implied by the pipeline pragma (top.cpp:163:36)
INFO: [HLS 214-291] Loop 'VITIS_LOOP_119_12' is marked as complete unroll implied by the pipeline pragma (top.cpp:119:32)
INFO: [HLS 214-291] Loop 'VITIS_LOOP_120_13' is marked as complete unroll implied by the pipeline pragma (top.cpp:120:36)
INFO: [HLS 214-186] Unrolling loop 'VITIS_LOOP_226_33' (top.cpp:226:32) in function 'top_kernel' completely with a factor of 3 (top.cpp:5:0)
INFO: [HLS 214-186] Unrolling loop 'VITIS_LOOP_227_34' (top.cpp:227:36) in function 'top_kernel' completely with a factor of 3 (top.cpp:5:0)
INFO: [HLS 214-186] Unrolling loop 'VITIS_LOOP_198_27' (top.cpp:198:32) in function 'top_kernel' completely with a factor of 3 (top.cpp:5:0)
INFO: [HLS 214-186] Unrolling loop 'VITIS_LOOP_199_28' (top.cpp:199:36) in function 'top_kernel' completely with a factor of 3 (top.cpp:5:0)
INFO: [HLS 214-188] Unrolling loop 'VITIS_LOOP_155_20' (top.cpp:155:21) in function 'top_kernel' partially with a factor of 2 (top.cpp:5:0)
INFO: [HLS 214-186] Unrolling loop 'VITIS_LOOP_162_21' (top.cpp:162:32) in function 'top_kernel' completely with a factor of 3 (top.cpp:5:0)
INFO: [HLS 214-186] Unrolling loop 'VITIS_LOOP_163_22' (top.cpp:163:36) in function 'top_kernel' completely with a factor of 3 (top.cpp:5:0)
INFO: [HLS 214-188] Unrolling loop 'VITIS_LOOP_115_11' (top.cpp:115:21) in function 'top_kernel' partially with a factor of 2 (top.cpp:5:0)
INFO: [HLS 214-186] Unrolling loop 'VITIS_LOOP_119_12' (top.cpp:119:32) in function 'top_kernel' completely with a factor of 5 (top.cpp:5:0)
INFO: [HLS 214-186] Unrolling loop 'VITIS_LOOP_120_13' (top.cpp:120:36) in function 'top_kernel' completely with a factor of 5 (top.cpp:5:0)
INFO: [HLS 214-178] Inlining function 'fp_struct<float>::fp_struct(float)' into 'int generic_cast_IEEE754<int, (ap_q_mode)6, float>(float, bool, hls::enable_if<std::numeric_limits<int>::is_signed, bool>::type)' (/wrk/ci/prod/2025.1.1/hls_product/continuous/218/2025.1.1/src/shared/hls/clib/hlsmath/include/FloatingPoint/hls_case_IEEE754.h:12:0)
INFO: [HLS 214-178] Inlining function 'fp_struct<float>::mantissa() const' into 'int generic_cast_IEEE754<int, (ap_q_mode)6, float>(float, bool, hls::enable_if<std::numeric_limits<int>::is_signed, bool>::type)' (/wrk/ci/prod/2025.1.1/hls_product/continuous/218/2025.1.1/src/shared/hls/clib/hlsmath/include/FloatingPoint/hls_case_IEEE754.h:12:0)
INFO: [HLS 214-178] Inlining function 'fp_struct<float>::expv() const' into 'int generic_cast_IEEE754<int, (ap_q_mode)6, float>(float, bool, hls::enable_if<std::numeric_limits<int>::is_signed, bool>::type)' (/wrk/ci/prod/2025.1.1/hls_product/continuous/218/2025.1.1/src/shared/hls/clib/hlsmath/include/FloatingPoint/hls_case_IEEE754.h:12:0)
INFO: [HLS 214-178] Inlining function 'fp_struct<float>::__signbit() const' into 'int generic_cast_IEEE754<int, (ap_q_mode)6, float>(float, bool, hls::enable_if<std::numeric_limits<int>::is_signed, bool>::type)' (/wrk/ci/prod/2025.1.1/hls_product/continuous/218/2025.1.1/src/shared/hls/clib/hlsmath/include/FloatingPoint/hls_case_IEEE754.h:12:0)
INFO: [HLS 214-178] Inlining function 'int generic_cast_IEEE754<int, (ap_q_mode)6, float>(float, bool, hls::enable_if<std::numeric_limits<int>::is_signed, bool>::type)' into 'int generic_cast_IEEE754<int, float>(float, bool)' (/wrk/ci/prod/2025.1.1/hls_product/continuous/218/2025.1.1/src/shared/hls/clib/hlsmath/include/FloatingPoint/hls_case_IEEE754.h:116:0)
INFO: [HLS 214-178] Inlining function 'int generic_cast_IEEE754<int, float>(float, bool)' into '__hls_fptosi_float_i32' (/wrk/ci/prod/2025.1.1/hls_product/continuous/218/2025.1.1/src/shared/hls/clib/hlsmath/src/lib_floatconversion.cpp:51:0)
INFO: [HLS 214-178] Inlining function '__hls_fptosi_float_i32' into 'top_kernel(float const*, float const*, float const*, float*)' (top.cpp:5:0)
INFO: [HLS 214-248] Applying array_partition to '_ZZ10top_kernelPKfS0_S0_PfE3cdf': Complete partitioning on dimension 1. (top.cpp:18:0)
INFO: [HLS 214-248] Applying array_partition to '_ZZ10top_kernelPKfS0_S0_PfE9histogram': Complete partitioning on dimension 1. (top.cpp:17:0)
INFO: [HLS 214-270] Inferring pragma 'array_partition type=cyclic factor=2 dim=1' for array 'top_kernel(float const*, float const*, float const*, float*)::equalized' due to pipeline pragma (top.cpp:116:9)
INFO: [HLS 214-270] Inferring pragma 'array_partition type=cyclic factor=3 dim=2' for array 'top_kernel(float const*, float const*, float const*, float*)::equalized' due to pipeline pragma (top.cpp:116:9)
INFO: [HLS 214-248] Applying array_partition to '_ZZ10top_kernelPKfS0_S0_PfE9equalized': Cyclic partitioning with factor 2 on dimension 1. Cyclic partitioning with factor 3 on dimension 2. (top.cpp:14:0)
INFO: [HLS 214-115] Multiple burst writes of length 4096 and bit width 32 in loop 'VITIS_LOOP_248_37'(top.cpp:248:24) has been inferred on bundle 'gmem'. These burst requests might be further partitioned into multiple requests during RTL generation, based on max_read_burst_length or max_write_burst_length settings. (top.cpp:248:24)
INFO: [HLS 200-111] Finished Compiling Optimization and Transform: CPU user time: 50.01 seconds. CPU system time: 1.21 seconds. Elapsed time: 55.09 seconds; current allocated memory: 703.535 MB.
INFO: [HLS 200-111] Finished Checking Pragmas: CPU user time: 0 seconds. CPU system time: 0 seconds. Elapsed time: 0 seconds; current allocated memory: 703.535 MB.
INFO: [HLS 200-10] Starting code transformations ...
INFO: [HLS 200-111] Finished Standard Transforms: CPU user time: 2.06 seconds. CPU system time: 0.04 seconds. Elapsed time: 2.11 seconds; current allocated memory: 732.184 MB.
INFO: [HLS 200-10] Checking synthesizability ...
INFO: [HLS 200-111] Finished Checking Synthesizability: CPU user time: 0.9 seconds. CPU system time: 0 seconds. Elapsed time: 0.92 seconds; current allocated memory: 732.184 MB.
INFO: [HLS 200-111] Finished Loop, function and other optimizations: CPU user time: 8.8 seconds. CPU system time: 0.07 seconds. Elapsed time: 8.91 seconds; current allocated memory: 773.219 MB.
INFO: [HLS 200-2061] Successfully converted nested loops 'VITIS_LOOP_71_4'(top.cpp:71:22) and 'VITIS_LOOP_72_5'(top.cpp:72:26) in function 'top_kernel' into perfectly nested loops.
INFO: [HLS 200-2061] Successfully converted nested loops 'VITIS_LOOP_94_8'(top.cpp:94:22) and 'VITIS_LOOP_95_9'(top.cpp:95:26) in function 'top_kernel' into perfectly nested loops.
INFO: [HLS 200-2061] Successfully converted nested loops 'VITIS_LOOP_113_10'(top.cpp:113:24) and 'VITIS_LOOP_115_11'(top.cpp:115:21) in function 'top_kernel' into perfectly nested loops.
INFO: [HLS 200-2061] Successfully converted nested loops 'VITIS_LOOP_153_19'(top.cpp:153:24) and 'VITIS_LOOP_155_20'(top.cpp:155:21) in function 'top_kernel' into perfectly nested loops.
INFO: [HLS 200-2061] Successfully converted nested loops 'VITIS_LOOP_193_25'(top.cpp:193:24) and 'VITIS_LOOP_195_26'(top.cpp:195:21) in function 'top_kernel' into perfectly nested loops.
INFO: [HLS 200-2061] Successfully converted nested loops 'VITIS_LOOP_221_31'(top.cpp:221:24) and 'VITIS_LOOP_223_32'(top.cpp:223:21) in function 'top_kernel' into perfectly nested loops.
INFO: [XFORM 203-541] Flattening a loop nest 'VITIS_LOOP_71_4' (top.cpp:71:22) in function 'top_kernel'.
INFO: [XFORM 203-541] Flattening a loop nest 'VITIS_LOOP_94_8' (top.cpp:94:22) in function 'top_kernel'.
INFO: [XFORM 203-541] Flattening a loop nest 'VITIS_LOOP_113_10' (top.cpp:113:24) in function 'top_kernel'.
INFO: [XFORM 203-541] Flattening a loop nest 'VITIS_LOOP_153_19' (top.cpp:153:24) in function 'top_kernel'.
INFO: [XFORM 203-541] Flattening a loop nest 'VITIS_LOOP_193_25' (top.cpp:193:24) in function 'top_kernel'.
INFO: [XFORM 203-541] Flattening a loop nest 'VITIS_LOOP_221_31' (top.cpp:221:24) in function 'top_kernel'.
INFO: [HLS 200-111] Finished Architecture Synthesis: CPU user time: 13.3 seconds. CPU system time: 0.23 seconds. Elapsed time: 13.64 seconds; current allocated memory: 1.019 GB.
INFO: [HLS 200-10] Starting hardware synthesis ...
INFO: [HLS 200-10] Synthesizing 'top_kernel' ...
INFO: [SYN 201-201] Setting up clock 'default' with a period of 10ns.
INFO: [HLS 200-10] ----------------------------------------------------------------
INFO: [HLS 200-42] -- Implementing module 'top_kernel_Outline_VITIS_LOOP_26_1' 
INFO: [HLS 200-10] ----------------------------------------------------------------
INFO: [SCHED 204-11] Starting scheduling ...
INFO: [SCHED 204-11] Finished scheduling.
INFO: [HLS 200-111] Finished Scheduling: CPU user time: 1.74 seconds. CPU system time: 0.1 seconds. Elapsed time: 1.85 seconds; current allocated memory: 1.028 GB.
INFO: [BIND 205-100] Starting micro-architecture generation ...
INFO: [BIND 205-101] Performing variable lifetime analysis.
INFO: [BIND 205-101] Exploring resource sharing.
INFO: [BIND 205-101] Binding ...
INFO: [BIND 205-100] Finished micro-architecture generation.
INFO: [HLS 200-111] Finished Binding: CPU user time: 0.05 seconds. CPU system time: 0.02 seconds. Elapsed time: 0.08 seconds; current allocated memory: 1.028 GB.
INFO: [HLS 200-10] ----------------------------------------------------------------
INFO: [HLS 200-42] -- Implementing module 'top_kernel_Outline_VITIS_LOOP_66_3' 
INFO: [HLS 200-10] ----------------------------------------------------------------
INFO: [SCHED 204-11] Starting scheduling ...
INFO: [SCHED 204-11] Finished scheduling.
INFO: [HLS 200-111] Finished Scheduling: CPU user time: 0.5 seconds. CPU system time: 0.01 seconds. Elapsed time: 0.52 seconds; current allocated memory: 1.034 GB.
INFO: [BIND 205-100] Starting micro-architecture generation ...
INFO: [BIND 205-101] Performing variable lifetime analysis.
INFO: [BIND 205-101] Exploring resource sharing.
INFO: [BIND 205-101] Binding ...
INFO: [BIND 205-100] Finished micro-architecture generation.
INFO: [HLS 200-111] Finished Binding: CPU user time: 0.12 seconds. CPU system time: 0.01 seconds. Elapsed time: 0.18 seconds; current allocated memory: 1.034 GB.
INFO: [HLS 200-10] ----------------------------------------------------------------
INFO: [HLS 200-42] -- Implementing module 'top_kernel_Pipeline_VITIS_LOOP_71_4_VITIS_LOOP_72_5' 
INFO: [HLS 200-10] ----------------------------------------------------------------
INFO: [SCHED 204-11] Starting scheduling ...
INFO: [SCHED 204-61] Pipelining loop 'VITIS_LOOP_71_4_VITIS_LOOP_72_5'.
INFO: [HLS 200-1470] Pipelining result : Target II = 1, Final II = 1, Depth = 7, loop 'VITIS_LOOP_71_4_VITIS_LOOP_72_5'
INFO: [SCHED 204-11] Finished scheduling.
INFO: [HLS 200-111] Finished Scheduling: CPU user time: 213.23 seconds. CPU system time: 0.6 seconds. Elapsed time: 214.79 seconds; current allocated memory: 1.201 GB.
INFO: [BIND 205-100] Starting micro-architecture generation ...
INFO: [BIND 205-101] Performing variable lifetime analysis.
INFO: [BIND 205-101] Exploring resource sharing.
INFO: [BIND 205-101] Binding ...
INFO: [BIND 205-100] Finished micro-architecture generation.
INFO: [HLS 200-111] Finished Binding: CPU user time: 23.3 seconds. CPU system time: 0.16 seconds. Elapsed time: 24.27 seconds; current allocated memory: 1.201 GB.
INFO: [HLS 200-10] ----------------------------------------------------------------
INFO: [HLS 200-42] -- Implementing module 'top_kernel_Pipeline_VITIS_LOOP_94_8_VITIS_LOOP_95_9' 
INFO: [HLS 200-10] ----------------------------------------------------------------
INFO: [SCHED 204-11] Starting scheduling ...
INFO: [HLS 200-486] Changing DSP latency (root=add_ln100) to 3 in order to utilize available DSP registers.
INFO: [SCHED 204-61] Pipelining loop 'VITIS_LOOP_94_8_VITIS_LOOP_95_9'.
INFO: [HLS 200-1470] Pipelining result : Target II = 1, Final II = 1, Depth = 11, loop 'VITIS_LOOP_94_8_VITIS_LOOP_95_9'
INFO: [SCHED 204-11] Finished scheduling.
INFO: [HLS 200-111] Finished Scheduling: CPU user time: 4.28 seconds. CPU system time: 0.19 seconds. Elapsed time: 5.35 seconds; current allocated memory: 1.201 GB.
INFO: [BIND 205-100] Starting micro-architecture generation ...
INFO: [BIND 205-101] Performing variable lifetime analysis.
INFO: [BIND 205-101] Exploring resource sharing.
INFO: [BIND 205-101] Binding ...
INFO: [BIND 205-100] Finished micro-architecture generation.
INFO: [HLS 200-111] Finished Binding: CPU user time: 0.1 seconds. CPU system time: 0.03 seconds. Elapsed time: 0.36 seconds; current allocated memory: 1.201 GB.
INFO: [HLS 200-10] ----------------------------------------------------------------
INFO: [HLS 200-42] -- Implementing module 'top_kernel_Pipeline_VITIS_LOOP_113_10_VITIS_LOOP_115_11' 
INFO: [HLS 200-10] ----------------------------------------------------------------
INFO: [SCHED 204-11] Starting scheduling ...
INFO: [SCHED 204-61] Pipelining loop 'VITIS_LOOP_113_10_VITIS_LOOP_115_11'.
INFO: [HLS 200-1470] Pipelining result : Target II = 4, Final II = 4, Depth = 142, loop 'VITIS_LOOP_113_10_VITIS_LOOP_115_11'
INFO: [SCHED 204-11] Finished scheduling.
INFO: [HLS 200-111] Finished Scheduling: CPU user time: 0.99 seconds. CPU system time: 0.02 seconds. Elapsed time: 1.03 seconds; current allocated memory: 1.201 GB.
INFO: [BIND 205-100] Starting micro-architecture generation ...
INFO: [BIND 205-101] Performing variable lifetime analysis.
INFO: [BIND 205-101] Exploring resource sharing.
INFO: [BIND 205-101] Binding ...
INFO: [BIND 205-100] Finished micro-architecture generation.
INFO: [HLS 200-111] Finished Binding: CPU user time: 0.17 seconds. CPU system time: 0.01 seconds. Elapsed time: 0.23 seconds; current allocated memory: 1.201 GB.
INFO: [HLS 200-10] ----------------------------------------------------------------
INFO: [HLS 200-42] -- Implementing module 'top_kernel_Pipeline_VITIS_LOOP_153_19_VITIS_LOOP_155_20' 
INFO: [HLS 200-10] ----------------------------------------------------------------
INFO: [SCHED 204-11] Starting scheduling ...
INFO: [SCHED 204-61] Pipelining loop 'VITIS_LOOP_153_19_VITIS_LOOP_155_20'.
WARNING: [HLS 200-885] The II Violation in module 'top_kernel_Pipeline_VITIS_LOOP_153_19_VITIS_LOOP_155_20' (loop 'VITIS_LOOP_153_19_VITIS_LOOP_155_20'): Unable to schedule 'load' operation 32 bit ('neighbor', top.cpp:166) on array 'gaussian_blurred' due to limited memory ports (II = 4). Please consider using a memory core with more ports or partitioning the array 'gaussian_blurred'.
WARNING: [HLS 200-885] The II Violation in module 'top_kernel_Pipeline_VITIS_LOOP_153_19_VITIS_LOOP_155_20' (loop 'VITIS_LOOP_153_19_VITIS_LOOP_155_20'): Unable to schedule 'load' operation 32 bit ('neighbor', top.cpp:166) on array 'gaussian_blurred' due to limited memory ports (II = 5). Please consider using a memory core with more ports or partitioning the array 'gaussian_blurred'.
INFO: [HLS 200-1470] Pipelining result : Target II = 4, Final II = 6, Depth = 109, loop 'VITIS_LOOP_153_19_VITIS_LOOP_155_20'
INFO: [SCHED 204-11] Finished scheduling.
INFO: [HLS 200-111] Finished Scheduling: CPU user time: 0.45 seconds. CPU system time: 0.01 seconds. Elapsed time: 0.52 seconds; current allocated memory: 1.201 GB.
INFO: [BIND 205-100] Starting micro-architecture generation ...
INFO: [BIND 205-101] Performing variable lifetime analysis.
INFO: [BIND 205-101] Exploring resource sharing.
INFO: [BIND 205-101] Binding ...
INFO: [BIND 205-100] Finished micro-architecture generation.
INFO: [HLS 200-111] Finished Binding: CPU user time: 0.11 seconds. CPU system time: 0.02 seconds. Elapsed time: 0.14 seconds; current allocated memory: 1.201 GB.
INFO: [HLS 200-10] ----------------------------------------------------------------
INFO: [HLS 200-42] -- Implementing module 'top_kernel_Pipeline_VITIS_LOOP_193_25_VITIS_LOOP_195_26' 
INFO: [HLS 200-10] ----------------------------------------------------------------
INFO: [SCHED 204-11] Starting scheduling ...
INFO: [SCHED 204-61] Pipelining loop 'VITIS_LOOP_193_25_VITIS_LOOP_195_26'.
WARNING: [HLS 200-885] The II Violation in module 'top_kernel_Pipeline_VITIS_LOOP_193_25_VITIS_LOOP_195_26' (loop 'VITIS_LOOP_193_25_VITIS_LOOP_195_26'): Unable to schedule 'load' operation 32 bit ('min_val', top.cpp:202) on array 'bilateral_filtered' due to limited memory ports (II = 4). Please consider using a memory core with more ports or partitioning the array 'bilateral_filtered'.
WARNING: [HLS 200-885] The II Violation in module 'top_kernel_Pipeline_VITIS_LOOP_193_25_VITIS_LOOP_195_26' (loop 'VITIS_LOOP_193_25_VITIS_LOOP_195_26'): Unable to schedule 'load' operation 32 bit ('bilateral_filtered_load_7', top.cpp:202) on array 'bilateral_filtered' due to limited memory ports (II = 5). Please consider using a memory core with more ports or partitioning the array 'bilateral_filtered'.
WARNING: [HLS 200-885] The II Violation in module 'top_kernel_Pipeline_VITIS_LOOP_193_25_VITIS_LOOP_195_26' (loop 'VITIS_LOOP_193_25_VITIS_LOOP_195_26'): Unable to schedule 'load' operation 32 bit ('bilateral_filtered_load_8', top.cpp:202) on array 'bilateral_filtered' due to limited memory ports (II = 6). Please consider using a memory core with more ports or partitioning the array 'bilateral_filtered'.
WARNING: [HLS 200-885] The II Violation in module 'top_kernel_Pipeline_VITIS_LOOP_193_25_VITIS_LOOP_195_26' (loop 'VITIS_LOOP_193_25_VITIS_LOOP_195_26'): Unable to schedule 'load' operation 32 bit ('bilateral_filtered_load_9', top.cpp:202) on array 'bilateral_filtered' due to limited memory ports (II = 7). Please consider using a memory core with more ports or partitioning the array 'bilateral_filtered'.
WARNING: [HLS 200-885] The II Violation in module 'top_kernel_Pipeline_VITIS_LOOP_193_25_VITIS_LOOP_195_26' (loop 'VITIS_LOOP_193_25_VITIS_LOOP_195_26'): Unable to schedule 'load' operation 32 bit ('bilateral_filtered_load_10', top.cpp:202) on array 'bilateral_filtered' due to limited memory ports (II = 8). Please consider using a memory core with more ports or partitioning the array 'bilateral_filtered'.
INFO: [HLS 200-1470] Pipelining result : Target II = 4, Final II = 9, Depth = 37, loop 'VITIS_LOOP_193_25_VITIS_LOOP_195_26'
INFO: [SCHED 204-11] Finished scheduling.
INFO: [HLS 200-111] Finished Scheduling: CPU user time: 0.42 seconds. CPU system time: 0.01 seconds. Elapsed time: 0.46 seconds; current allocated memory: 1.201 GB.
INFO: [BIND 205-100] Starting micro-architecture generation ...
INFO: [BIND 205-101] Performing variable lifetime analysis.
INFO: [BIND 205-101] Exploring resource sharing.
INFO: [BIND 205-101] Binding ...
INFO: [BIND 205-100] Finished micro-architecture generation.
INFO: [HLS 200-111] Finished Binding: CPU user time: 0.05 seconds. CPU system time: 0 seconds. Elapsed time: 0.08 seconds; current allocated memory: 1.201 GB.
INFO: [HLS 200-10] ----------------------------------------------------------------
INFO: [HLS 200-42] -- Implementing module 'top_kernel_Pipeline_VITIS_LOOP_221_31_VITIS_LOOP_223_32' 
INFO: [HLS 200-10] ----------------------------------------------------------------
INFO: [SCHED 204-11] Starting scheduling ...
INFO: [SCHED 204-61] Pipelining loop 'VITIS_LOOP_221_31_VITIS_LOOP_223_32'.
WARNING: [HLS 200-885] The II Violation in module 'top_kernel_Pipeline_VITIS_LOOP_221_31_VITIS_LOOP_223_32' (loop 'VITIS_LOOP_221_31_VITIS_LOOP_223_32'): Unable to schedule 'load' operation 32 bit ('max_val', top.cpp:230) on array 'eroded' due to limited memory ports (II = 4). Please consider using a memory core with more ports or partitioning the array 'eroded'.
WARNING: [HLS 200-885] The II Violation in module 'top_kernel_Pipeline_VITIS_LOOP_221_31_VITIS_LOOP_223_32' (loop 'VITIS_LOOP_221_31_VITIS_LOOP_223_32'): Unable to schedule 'load' operation 32 bit ('eroded_load_7', top.cpp:230) on array 'eroded' due to limited memory ports (II = 5). Please consider using a memory core with more ports or partitioning the array 'eroded'.
WARNING: [HLS 200-885] The II Violation in module 'top_kernel_Pipeline_VITIS_LOOP_221_31_VITIS_LOOP_223_32' (loop 'VITIS_LOOP_221_31_VITIS_LOOP_223_32'): Unable to schedule 'load' operation 32 bit ('eroded_load_8', top.cpp:230) on array 'eroded' due to limited memory ports (II = 6). Please consider using a memory core with more ports or partitioning the array 'eroded'.
WARNING: [HLS 200-885] The II Violation in module 'top_kernel_Pipeline_VITIS_LOOP_221_31_VITIS_LOOP_223_32' (loop 'VITIS_LOOP_221_31_VITIS_LOOP_223_32'): Unable to schedule 'load' operation 32 bit ('eroded_load_9', top.cpp:230) on array 'eroded' due to limited memory ports (II = 7). Please consider using a memory core with more ports or partitioning the array 'eroded'.
WARNING: [HLS 200-885] The II Violation in module 'top_kernel_Pipeline_VITIS_LOOP_221_31_VITIS_LOOP_223_32' (loop 'VITIS_LOOP_221_31_VITIS_LOOP_223_32'): Unable to schedule 'load' operation 32 bit ('eroded_load_10', top.cpp:230) on array 'eroded' due to limited memory ports (II = 8). Please consider using a memory core with more ports or partitioning the array 'eroded'.
INFO: [HLS 200-1470] Pipelining result : Target II = 4, Final II = 9, Depth = 37, loop 'VITIS_LOOP_221_31_VITIS_LOOP_223_32'
INFO: [SCHED 204-11] Finished scheduling.
INFO: [HLS 200-111] Finished Scheduling: CPU user time: 0.37 seconds. CPU system time: 0.01 seconds. Elapsed time: 0.39 seconds; current allocated memory: 1.201 GB.
INFO: [BIND 205-100] Starting micro-architecture generation ...
INFO: [BIND 205-101] Performing variable lifetime analysis.
INFO: [BIND 205-101] Exploring resource sharing.
INFO: [BIND 205-101] Binding ...
INFO: [BIND 205-100] Finished micro-architecture generation.
INFO: [HLS 200-111] Finished Binding: CPU user time: 0.07 seconds. CPU system time: 0.01 seconds. Elapsed time: 0.1 seconds; current allocated memory: 1.201 GB.
INFO: [HLS 200-10] ----------------------------------------------------------------
INFO: [HLS 200-42] -- Implementing module 'top_kernel' 
INFO: [HLS 200-10] ----------------------------------------------------------------
INFO: [SCHED 204-11] Starting scheduling ...
INFO: [SCHED 204-11] Finished scheduling.
INFO: [HLS 200-111] Finished Scheduling: CPU user time: 1.88 seconds. CPU system time: 0.05 seconds. Elapsed time: 1.98 seconds; current allocated memory: 1.203 GB.
INFO: [BIND 205-100] Starting micro-architecture generation ...
INFO: [BIND 205-101] Performing variable lifetime analysis.
INFO: [BIND 205-101] Exploring resource sharing.
INFO: [BIND 205-101] Binding ...
INFO: [BIND 205-100] Finished micro-architecture generation.
INFO: [HLS 200-111] Finished Binding: CPU user time: 0.9 seconds. CPU system time: 0.06 seconds. Elapsed time: 1.12 seconds; current allocated memory: 1.203 GB.
INFO: [HLS 200-10] ----------------------------------------------------------------
INFO: [HLS 200-10] -- Generating RTL for module 'top_kernel_Outline_VITIS_LOOP_26_1' 
INFO: [HLS 200-10] ----------------------------------------------------------------
INFO: [RTGEN 206-100] Generating core module 'faddfsub_32ns_32ns_32_5_full_dsp_1': 1 instance(s).
INFO: [RTGEN 206-100] Generating core module 'fdiv_32ns_32ns_32_10_no_dsp_1': 2 instance(s).
INFO: [RTGEN 206-100] Finished creating RTL model for 'top_kernel_Outline_VITIS_LOOP_26_1'.
INFO: [HLS 200-111] Finished Creating RTL model: CPU user time: 0.57 seconds. CPU system time: 0.04 seconds. Elapsed time: 0.83 seconds; current allocated memory: 1.203 GB.
INFO: [HLS 200-10] ----------------------------------------------------------------
INFO: [HLS 200-10] -- Generating RTL for module 'top_kernel_Outline_VITIS_LOOP_66_3' 
INFO: [HLS 200-10] ----------------------------------------------------------------
INFO: [RTGEN 206-100] Finished creating RTL model for 'top_kernel_Outline_VITIS_LOOP_66_3'.
INFO: [HLS 200-111] Finished Creating RTL model: CPU user time: 0.16 seconds. CPU system time: 0.02 seconds. Elapsed time: 0.21 seconds; current allocated memory: 1.203 GB.
INFO: [HLS 200-10] ----------------------------------------------------------------
INFO: [HLS 200-10] -- Generating RTL for module 'top_kernel_Pipeline_VITIS_LOOP_71_4_VITIS_LOOP_72_5' 
INFO: [HLS 200-10] ----------------------------------------------------------------
INFO: [HLS 200-1030] Apply Unified Pipeline Control on module 'top_kernel_Pipeline_VITIS_LOOP_71_4_VITIS_LOOP_72_5' pipeline 'VITIS_LOOP_71_4_VITIS_LOOP_72_5' pipeline type 'loop pipeline'
INFO: [RTGEN 206-104] Estimated max fanout for 'top_kernel_Pipeline_VITIS_LOOP_71_4_VITIS_LOOP_72_5' is 8192, found 2 HDL expressions with this fanout: ((ap_loop_exit_ready_pp0_iter5_reg == 1'b1) & (1'b0 == ap_block_pp0_stage0_01001) & (icmp_ln71_reg_210619_pp0_iter4_reg == 1'd1)), ((1'b0 == ap_block_pp0_stage0_11001) & (ap_enable_reg_pp0_iter6 == 1'b1))
INFO: [RTGEN 206-100] Generating core module 'fmul_32ns_32ns_32_4_max_dsp_1': 1 instance(s).
INFO: [RTGEN 206-100] Generating core module 'sparsemux_513_8_32_1_1': 1 instance(s).
INFO: [RTGEN 206-100] Finished creating RTL model for 'top_kernel_Pipeline_VITIS_LOOP_71_4_VITIS_LOOP_72_5'.
INFO: [HLS 200-111] Finished Creating RTL model: CPU user time: 58.1 seconds. CPU system time: 1.6 seconds. Elapsed time: 60.02 seconds; current allocated memory: 2.234 GB.
INFO: [HLS 200-10] ----------------------------------------------------------------
INFO: [HLS 200-10] -- Generating RTL for module 'top_kernel_Pipeline_VITIS_LOOP_94_8_VITIS_LOOP_95_9' 
INFO: [HLS 200-10] ----------------------------------------------------------------
INFO: [HLS 200-1030] Apply Unified Pipeline Control on module 'top_kernel_Pipeline_VITIS_LOOP_94_8_VITIS_LOOP_95_9' pipeline 'VITIS_LOOP_94_8_VITIS_LOOP_95_9' pipeline type 'loop pipeline'
INFO: [RTGEN 206-100] Generating core module 'fmul_32ns_32ns_32_4_max_dsp_1': 1 instance(s).
INFO: [RTGEN 206-100] Generating core module 'mac_muladd_5ns_5ns_6ns_10_4_1': 1 instance(s).
INFO: [RTGEN 206-100] Generating core module 'mul_7ns_9ns_15_1_1': 1 instance(s).
INFO: [RTGEN 206-100] Generating core module 'sparsemux_513_8_32_1_1': 1 instance(s).
INFO: [RTGEN 206-100] Generating core module 'urem_7ns_3ns_2_11_1': 1 instance(s).
INFO: [RTGEN 206-100] Finished creating RTL model for 'top_kernel_Pipeline_VITIS_LOOP_94_8_VITIS_LOOP_95_9'.
INFO: [HLS 200-111] Finished Creating RTL model: CPU user time: 6.86 seconds. CPU system time: 0.5 seconds. Elapsed time: 8.54 seconds; current allocated memory: 2.420 GB.
INFO: [HLS 200-10] ----------------------------------------------------------------
INFO: [HLS 200-10] -- Generating RTL for module 'top_kernel_Pipeline_VITIS_LOOP_113_10_VITIS_LOOP_115_11' 
INFO: [HLS 200-10] ----------------------------------------------------------------
INFO: [HLS 200-1030] Apply Unified Pipeline Control on module 'top_kernel_Pipeline_VITIS_LOOP_113_10_VITIS_LOOP_115_11' pipeline 'VITIS_LOOP_113_10_VITIS_LOOP_115_11' pipeline type 'loop pipeline'
INFO: [RTGEN 206-104] Estimated max fanout for 'top_kernel_Pipeline_VITIS_LOOP_113_10_VITIS_LOOP_115_11' is 9216 from HDL expression: ((1'b1 == ap_CS_fsm_pp0_stage1) & (1'b0 == ap_block_pp0_stage1_11001))
INFO: [RTGEN 206-100] Generating core module 'fadd_32ns_32ns_32_5_full_dsp_1': 8 instance(s).
INFO: [RTGEN 206-100] Generating core module 'faddfsub_32ns_32ns_32_5_full_dsp_1': 5 instance(s).
INFO: [RTGEN 206-100] Generating core module 'fmul_32ns_32ns_32_4_max_dsp_1': 13 instance(s).
INFO: [RTGEN 206-100] Generating core module 'mul_5ns_6ns_10_1_1': 5 instance(s).
INFO: [RTGEN 206-100] Generating core module 'mul_6ns_8ns_13_1_1': 5 instance(s).
INFO: [RTGEN 206-100] Generating core module 'sparsemux_7_2_32_1_1': 24 instance(s).
INFO: [RTGEN 206-100] Generating core module 'urem_6ns_3ns_2_10_1': 1 instance(s).
INFO: [RTGEN 206-100] Finished creating RTL model for 'top_kernel_Pipeline_VITIS_LOOP_113_10_VITIS_LOOP_115_11'.
INFO: [HLS 200-111] Finished Creating RTL model: CPU user time: 0.61 seconds. CPU system time: 0.07 seconds. Elapsed time: 0.73 seconds; current allocated memory: 2.425 GB.
INFO: [HLS 200-10] ----------------------------------------------------------------
INFO: [HLS 200-10] -- Generating RTL for module 'top_kernel_Pipeline_VITIS_LOOP_153_19_VITIS_LOOP_155_20' 
INFO: [HLS 200-10] ----------------------------------------------------------------
INFO: [HLS 200-1030] Apply Unified Pipeline Control on module 'top_kernel_Pipeline_VITIS_LOOP_153_19_VITIS_LOOP_155_20' pipeline 'VITIS_LOOP_153_19_VITIS_LOOP_155_20' pipeline type 'loop pipeline'
INFO: [RTGEN 206-100] Generating core module 'dexp_64ns_64ns_64_15_full_dsp_1': 3 instance(s).
INFO: [RTGEN 206-100] Generating core module 'fadd_32ns_32ns_32_5_full_dsp_1': 4 instance(s).
INFO: [RTGEN 206-100] Generating core module 'faddfsub_32ns_32ns_32_5_full_dsp_1': 5 instance(s).
INFO: [RTGEN 206-100] Generating core module 'fdiv_32ns_32ns_32_10_no_dsp_1': 4 instance(s).
INFO: [RTGEN 206-100] Generating core module 'fmul_32ns_32ns_32_4_max_dsp_1': 9 instance(s).
INFO: [RTGEN 206-100] Generating core module 'fpext_32ns_64_2_no_dsp_1': 3 instance(s).
INFO: [RTGEN 206-100] Generating core module 'fptrunc_64ns_32_2_no_dsp_1': 3 instance(s).
INFO: [RTGEN 206-100] Finished creating RTL model for 'top_kernel_Pipeline_VITIS_LOOP_153_19_VITIS_LOOP_155_20'.
INFO: [HLS 200-111] Finished Creating RTL model: CPU user time: 0.61 seconds. CPU system time: 0.07 seconds. Elapsed time: 0.78 seconds; current allocated memory: 2.442 GB.
INFO: [HLS 200-10] ----------------------------------------------------------------
INFO: [HLS 200-10] -- Generating RTL for module 'top_kernel_Pipeline_VITIS_LOOP_193_25_VITIS_LOOP_195_26' 
INFO: [HLS 200-10] ----------------------------------------------------------------
INFO: [HLS 200-1030] Apply Unified Pipeline Control on module 'top_kernel_Pipeline_VITIS_LOOP_193_25_VITIS_LOOP_195_26' pipeline 'VITIS_LOOP_193_25_VITIS_LOOP_195_26' pipeline type 'loop pipeline'
INFO: [RTGEN 206-100] Generating core module 'fcmp_32ns_32ns_1_2_no_dsp_1': 1 instance(s).
INFO: [RTGEN 206-100] Finished creating RTL model for 'top_kernel_Pipeline_VITIS_LOOP_193_25_VITIS_LOOP_195_26'.
INFO: [HLS 200-111] Finished Creating RTL model: CPU user time: 0.39 seconds. CPU system time: 0.06 seconds. Elapsed time: 0.49 seconds; current allocated memory: 2.452 GB.
INFO: [HLS 200-10] ----------------------------------------------------------------
INFO: [HLS 200-10] -- Generating RTL for module 'top_kernel_Pipeline_VITIS_LOOP_221_31_VITIS_LOOP_223_32' 
INFO: [HLS 200-10] ----------------------------------------------------------------
INFO: [HLS 200-1030] Apply Unified Pipeline Control on module 'top_kernel_Pipeline_VITIS_LOOP_221_31_VITIS_LOOP_223_32' pipeline 'VITIS_LOOP_221_31_VITIS_LOOP_223_32' pipeline type 'loop pipeline'
INFO: [RTGEN 206-100] Generating core module 'fcmp_32ns_32ns_1_2_no_dsp_1': 1 instance(s).
INFO: [RTGEN 206-100] Finished creating RTL model for 'top_kernel_Pipeline_VITIS_LOOP_221_31_VITIS_LOOP_223_32'.
INFO: [HLS 200-111] Finished Creating RTL model: CPU user time: 0.27 seconds. CPU system time: 0.04 seconds. Elapsed time: 0.35 seconds; current allocated memory: 2.454 GB.
INFO: [HLS 200-10] ----------------------------------------------------------------
INFO: [HLS 200-10] -- Generating RTL for module 'top_kernel' 
INFO: [HLS 200-10] ----------------------------------------------------------------
WARNING: [RTGEN 206-101] Design contains AXI ports. Reset is fixed to synchronous and active low.
INFO: [RTGEN 206-500] Setting interface mode on port 'top_kernel/gmem' to 'm_axi'.
INFO: [RTGEN 206-500] Setting interface mode on port 'top_kernel/in_r' to 's_axilite & ap_none'.
INFO: [RTGEN 206-500] Setting interface mode on port 'top_kernel/in_g' to 's_axilite & ap_none'.
INFO: [RTGEN 206-500] Setting interface mode on port 'top_kernel/in_b' to 's_axilite & ap_none'.
INFO: [RTGEN 206-500] Setting interface mode on port 'top_kernel/out_r' to 's_axilite & ap_none'.
INFO: [RTGEN 206-500] Setting interface mode on function 'top_kernel' to 's_axilite & ap_ctrl_hs'.
WARNING: [RTGEN 206-101] Register 'top_kernel_float_const_float_const_float_const_float_histogram' is power-on initialization.
WARNING: [RTGEN 206-101] Register 'top_kernel_float_const_float_const_float_const_float_histogram_1' is power-on initialization.
WARNING: [RTGEN 206-101] Register 'top_kernel_float_const_float_const_float_const_float_histogram_2' is power-on initialization.
WARNING: [RTGEN 206-101] Register 'top_kernel_float_const_float_const_float_const_float_histogram_3' is power-on initialization.
WARNING: [RTGEN 206-101] Register 'top_kernel_float_const_float_const_float_const_float_histogram_4' is power-on initialization.
WARNING: [RTGEN 206-101] Register 'top_kernel_float_const_float_const_float_const_float_histogram_5' is power-on initialization.
WARNING: [RTGEN 206-101] Register 'top_kernel_float_const_float_const_float_const_float_histogram_6' is power-on initialization.
WARNING: [RTGEN 206-101] Register 'top_kernel_float_const_float_const_float_const_float_histogram_7' is power-on initialization.
WARNING: [RTGEN 206-101] Register 'top_kernel_float_const_float_const_float_const_float_histogram_8' is power-on initialization.
WARNING: [RTGEN 206-101] Register 'top_kernel_float_const_float_const_float_const_float_histogram_9' is power-on initialization.
WARNING: [RTGEN 206-101] Register 'p_ZZ10top_kernelPKfS0_S0_PfE9histogram_10' is power-on initialization.
WARNING: [RTGEN 206-101] Register 'p_ZZ10top_kernelPKfS0_S0_PfE9histogram_11' is power-on initialization.
WARNING: [RTGEN 206-101] Register 'p_ZZ10top_kernelPKfS0_S0_PfE9histogram_12' is power-on initialization.
WARNING: [RTGEN 206-101] Register 'p_ZZ10top_kernelPKfS0_S0_PfE9histogram_13' is power-on initialization.
WARNING: [RTGEN 206-101] Register 'p_ZZ10top_kernelPKfS0_S0_PfE9histogram_14' is power-on initialization.
WARNING: [RTGEN 206-101] Register 'p_ZZ10top_kernelPKfS0_S0_PfE9histogram_15' is power-on initialization.
WARNING: [RTGEN 206-101] Register 'p_ZZ10top_kernelPKfS0_S0_PfE9histogram_16' is power-on initialization.
WARNING: [RTGEN 206-101] Register 'p_ZZ10top_kernelPKfS0_S0_PfE9histogram_17' is power-on initialization.
WARNING: [RTGEN 206-101] Register 'p_ZZ10top_kernelPKfS0_S0_PfE9histogram_18' is power-on initialization.
WARNING: [RTGEN 206-101] Register 'p_ZZ10top_kernelPKfS0_S0_PfE9histogram_19' is power-on initialization.
WARNING: [RTGEN 206-101] Register 'p_ZZ10top_kernelPKfS0_S0_PfE9histogram_20' is power-on initialization.
WARNING: [RTGEN 206-101] Register 'p_ZZ10top_kernelPKfS0_S0_PfE9histogram_21' is power-on initialization.
WARNING: [RTGEN 206-101] Register 'p_ZZ10top_kernelPKfS0_S0_PfE9histogram_22' is power-on initialization.
WARNING: [RTGEN 206-101] Register 'p_ZZ10top_kernelPKfS0_S0_PfE9histogram_23' is power-on initialization.
WARNING: [RTGEN 206-101] Register 'p_ZZ10top_kernelPKfS0_S0_PfE9histogram_24' is power-on initialization.
WARNING: [RTGEN 206-101] Register 'p_ZZ10top_kernelPKfS0_S0_PfE9histogram_25' is power-on initialization.
WARNING: [RTGEN 206-101] Register 'p_ZZ10top_kernelPKfS0_S0_PfE9histogram_26' is power-on initialization.
WARNING: [RTGEN 206-101] Register 'p_ZZ10top_kernelPKfS0_S0_PfE9histogram_27' is power-on initialization.
WARNING: [RTGEN 206-101] Register 'p_ZZ10top_kernelPKfS0_S0_PfE9histogram_28' is power-on initialization.
WARNING: [RTGEN 206-101] Register 'p_ZZ10top_kernelPKfS0_S0_PfE9histogram_29' is power-on initialization.
WARNING: [RTGEN 206-101] Register 'p_ZZ10top_kernelPKfS0_S0_PfE9histogram_30' is power-on initialization.
WARNING: [RTGEN 206-101] Register 'p_ZZ10top_kernelPKfS0_S0_PfE9histogram_31' is power-on initialization.
WARNING: [RTGEN 206-101] Register 'p_ZZ10top_kernelPKfS0_S0_PfE9histogram_32' is power-on initialization.
WARNING: [RTGEN 206-101] Register 'p_ZZ10top_kernelPKfS0_S0_PfE9histogram_33' is power-on initialization.
WARNING: [RTGEN 206-101] Register 'p_ZZ10top_kernelPKfS0_S0_PfE9histogram_34' is power-on initialization.
WARNING: [RTGEN 206-101] Register 'p_ZZ10top_kernelPKfS0_S0_PfE9histogram_35' is power-on initialization.
WARNING: [RTGEN 206-101] Register 'p_ZZ10top_kernelPKfS0_S0_PfE9histogram_36' is power-on initialization.
WARNING: [RTGEN 206-101] Register 'p_ZZ10top_kernelPKfS0_S0_PfE9histogram_37' is power-on initialization.
WARNING: [RTGEN 206-101] Register 'p_ZZ10top_kernelPKfS0_S0_PfE9histogram_38' is power-on initialization.
WARNING: [RTGEN 206-101] Register 'p_ZZ10top_kernelPKfS0_S0_PfE9histogram_39' is power-on initialization.
WARNING: [RTGEN 206-101] Register 'p_ZZ10top_kernelPKfS0_S0_PfE9histogram_40' is power-on initialization.
WARNING: [RTGEN 206-101] Register 'p_ZZ10top_kernelPKfS0_S0_PfE9histogram_41' is power-on initialization.
WARNING: [RTGEN 206-101] Register 'p_ZZ10top_kernelPKfS0_S0_PfE9histogram_42' is power-on initialization.
WARNING: [RTGEN 206-101] Register 'p_ZZ10top_kernelPKfS0_S0_PfE9histogram_43' is power-on initialization.
WARNING: [RTGEN 206-101] Register 'p_ZZ10top_kernelPKfS0_S0_PfE9histogram_44' is power-on initialization.
WARNING: [RTGEN 206-101] Register 'p_ZZ10top_kernelPKfS0_S0_PfE9histogram_45' is power-on initialization.
WARNING: [RTGEN 206-101] Register 'p_ZZ10top_kernelPKfS0_S0_PfE9histogram_46' is power-on initialization.
WARNING: [RTGEN 206-101] Register 'p_ZZ10top_kernelPKfS0_S0_PfE9histogram_47' is power-on initialization.
WARNING: [RTGEN 206-101] Register 'p_ZZ10top_kernelPKfS0_S0_PfE9histogram_48' is power-on initialization.
WARNING: [RTGEN 206-101] Register 'p_ZZ10top_kernelPKfS0_S0_PfE9histogram_49' is power-on initialization.
WARNING: [RTGEN 206-101] Register 'p_ZZ10top_kernelPKfS0_S0_PfE9histogram_50' is power-on initialization.
WARNING: [RTGEN 206-101] Register 'p_ZZ10top_kernelPKfS0_S0_PfE9histogram_51' is power-on initialization.
WARNING: [RTGEN 206-101] Register 'p_ZZ10top_kernelPKfS0_S0_PfE9histogram_52' is power-on initialization.
WARNING: [RTGEN 206-101] Register 'p_ZZ10top_kernelPKfS0_S0_PfE9histogram_53' is power-on initialization.
WARNING: [RTGEN 206-101] Register 'p_ZZ10top_kernelPKfS0_S0_PfE9histogram_54' is power-on initialization.
WARNING: [RTGEN 206-101] Register 'p_ZZ10top_kernelPKfS0_S0_PfE9histogram_55' is power-on initialization.
WARNING: [RTGEN 206-101] Register 'p_ZZ10top_kernelPKfS0_S0_PfE9histogram_56' is power-on initialization.
WARNING: [RTGEN 206-101] Register 'p_ZZ10top_kernelPKfS0_S0_PfE9histogram_57' is power-on initialization.
WARNING: [RTGEN 206-101] Register 'p_ZZ10top_kernelPKfS0_S0_PfE9histogram_58' is power-on initialization.
WARNING: [RTGEN 206-101] Register 'p_ZZ10top_kernelPKfS0_S0_PfE9histogram_59' is power-on initialization.
WARNING: [RTGEN 206-101] Register 'p_ZZ10top_kernelPKfS0_S0_PfE9histogram_60' is power-on initialization.
WARNING: [RTGEN 206-101] Register 'p_ZZ10top_kernelPKfS0_S0_PfE9histogram_61' is power-on initialization.
WARNING: [RTGEN 206-101] Register 'p_ZZ10top_kernelPKfS0_S0_PfE9histogram_62' is power-on initialization.
WARNING: [RTGEN 206-101] Register 'p_ZZ10top_kernelPKfS0_S0_PfE9histogram_63' is power-on initialization.
WARNING: [RTGEN 206-101] Register 'p_ZZ10top_kernelPKfS0_S0_PfE9histogram_64' is power-on initialization.
WARNING: [RTGEN 206-101] Register 'p_ZZ10top_kernelPKfS0_S0_PfE9histogram_65' is power-on initialization.
WARNING: [RTGEN 206-101] Register 'p_ZZ10top_kernelPKfS0_S0_PfE9histogram_66' is power-on initialization.
WARNING: [RTGEN 206-101] Register 'p_ZZ10top_kernelPKfS0_S0_PfE9histogram_67' is power-on initialization.
WARNING: [RTGEN 206-101] Register 'p_ZZ10top_kernelPKfS0_S0_PfE9histogram_68' is power-on initialization.
WARNING: [RTGEN 206-101] Register 'p_ZZ10top_kernelPKfS0_S0_PfE9histogram_69' is power-on initialization.
WARNING: [RTGEN 206-101] Register 'p_ZZ10top_kernelPKfS0_S0_PfE9histogram_70' is power-on initialization.
WARNING: [RTGEN 206-101] Register 'p_ZZ10top_kernelPKfS0_S0_PfE9histogram_71' is power-on initialization.
WARNING: [RTGEN 206-101] Register 'p_ZZ10top_kernelPKfS0_S0_PfE9histogram_72' is power-on initialization.
WARNING: [RTGEN 206-101] Register 'p_ZZ10top_kernelPKfS0_S0_PfE9histogram_73' is power-on initialization.
WARNING: [RTGEN 206-101] Register 'p_ZZ10top_kernelPKfS0_S0_PfE9histogram_74' is power-on initialization.
WARNING: [RTGEN 206-101] Register 'p_ZZ10top_kernelPKfS0_S0_PfE9histogram_75' is power-on initialization.
WARNING: [RTGEN 206-101] Register 'p_ZZ10top_kernelPKfS0_S0_PfE9histogram_76' is power-on initialization.
WARNING: [RTGEN 206-101] Register 'p_ZZ10top_kernelPKfS0_S0_PfE9histogram_77' is power-on initialization.
WARNING: [RTGEN 206-101] Register 'p_ZZ10top_kernelPKfS0_S0_PfE9histogram_78' is power-on initialization.
WARNING: [RTGEN 206-101] Register 'p_ZZ10top_kernelPKfS0_S0_PfE9histogram_79' is power-on initialization.
WARNING: [RTGEN 206-101] Register 'p_ZZ10top_kernelPKfS0_S0_PfE9histogram_80' is power-on initialization.
WARNING: [RTGEN 206-101] Register 'p_ZZ10top_kernelPKfS0_S0_PfE9histogram_81' is power-on initialization.
WARNING: [RTGEN 206-101] Register 'p_ZZ10top_kernelPKfS0_S0_PfE9histogram_82' is power-on initialization.
WARNING: [RTGEN 206-101] Register 'p_ZZ10top_kernelPKfS0_S0_PfE9histogram_83' is power-on initialization.
WARNING: [RTGEN 206-101] Register 'p_ZZ10top_kernelPKfS0_S0_PfE9histogram_84' is power-on initialization.
WARNING: [RTGEN 206-101] Register 'p_ZZ10top_kernelPKfS0_S0_PfE9histogram_85' is power-on initialization.
WARNING: [RTGEN 206-101] Register 'p_ZZ10top_kernelPKfS0_S0_PfE9histogram_86' is power-on initialization.
WARNING: [RTGEN 206-101] Register 'p_ZZ10top_kernelPKfS0_S0_PfE9histogram_87' is power-on initialization.
WARNING: [RTGEN 206-101] Register 'p_ZZ10top_kernelPKfS0_S0_PfE9histogram_88' is power-on initialization.
WARNING: [RTGEN 206-101] Register 'p_ZZ10top_kernelPKfS0_S0_PfE9histogram_89' is power-on initialization.
WARNING: [RTGEN 206-101] Register 'p_ZZ10top_kernelPKfS0_S0_PfE9histogram_90' is power-on initialization.
WARNING: [RTGEN 206-101] Register 'p_ZZ10top_kernelPKfS0_S0_PfE9histogram_91' is power-on initialization.
WARNING: [RTGEN 206-101] Register 'p_ZZ10top_kernelPKfS0_S0_PfE9histogram_92' is power-on initialization.
WARNING: [RTGEN 206-101] Register 'p_ZZ10top_kernelPKfS0_S0_PfE9histogram_93' is power-on initialization.
WARNING: [RTGEN 206-101] Register 'p_ZZ10top_kernelPKfS0_S0_PfE9histogram_94' is power-on initialization.
WARNING: [RTGEN 206-101] Register 'p_ZZ10top_kernelPKfS0_S0_PfE9histogram_95' is power-on initialization.
WARNING: [RTGEN 206-101] Register 'p_ZZ10top_kernelPKfS0_S0_PfE9histogram_96' is power-on initialization.
WARNING: [RTGEN 206-101] Register 'p_ZZ10top_kernelPKfS0_S0_PfE9histogram_97' is power-on initialization.
WARNING: [RTGEN 206-101] Register 'p_ZZ10top_kernelPKfS0_S0_PfE9histogram_98' is power-on initialization.
WARNING: [RTGEN 206-101] Register 'p_ZZ10top_kernelPKfS0_S0_PfE9histogram_99' is power-on initialization.
WARNING: [RTGEN 206-101] Register 'p_ZZ10top_kernelPKfS0_S0_PfE9histogram_100' is power-on initialization.
WARNING: [RTGEN 206-101] Register 'p_ZZ10top_kernelPKfS0_S0_PfE9histogram_101' is power-on initialization.
WARNING: [RTGEN 206-101] Register 'p_ZZ10top_kernelPKfS0_S0_PfE9histogram_102' is power-on initialization.
WARNING: [RTGEN 206-101] Register 'p_ZZ10top_kernelPKfS0_S0_PfE9histogram_103' is power-on initialization.
WARNING: [RTGEN 206-101] Register 'p_ZZ10top_kernelPKfS0_S0_PfE9histogram_104' is power-on initialization.
WARNING: [RTGEN 206-101] Register 'p_ZZ10top_kernelPKfS0_S0_PfE9histogram_105' is power-on initialization.
WARNING: [RTGEN 206-101] Register 'p_ZZ10top_kernelPKfS0_S0_PfE9histogram_106' is power-on initialization.
WARNING: [RTGEN 206-101] Register 'p_ZZ10top_kernelPKfS0_S0_PfE9histogram_107' is power-on initialization.
WARNING: [RTGEN 206-101] Register 'p_ZZ10top_kernelPKfS0_S0_PfE9histogram_108' is power-on initialization.
WARNING: [RTGEN 206-101] Register 'p_ZZ10top_kernelPKfS0_S0_PfE9histogram_109' is power-on initialization.
WARNING: [RTGEN 206-101] Register 'p_ZZ10top_kernelPKfS0_S0_PfE9histogram_110' is power-on initialization.
WARNING: [RTGEN 206-101] Register 'p_ZZ10top_kernelPKfS0_S0_PfE9histogram_111' is power-on initialization.
WARNING: [RTGEN 206-101] Register 'p_ZZ10top_kernelPKfS0_S0_PfE9histogram_112' is power-on initialization.
WARNING: [RTGEN 206-101] Register 'p_ZZ10top_kernelPKfS0_S0_PfE9histogram_113' is power-on initialization.
WARNING: [RTGEN 206-101] Register 'p_ZZ10top_kernelPKfS0_S0_PfE9histogram_114' is power-on initialization.
WARNING: [RTGEN 206-101] Register 'p_ZZ10top_kernelPKfS0_S0_PfE9histogram_115' is power-on initialization.
WARNING: [RTGEN 206-101] Register 'p_ZZ10top_kernelPKfS0_S0_PfE9histogram_116' is power-on initialization.
WARNING: [RTGEN 206-101] Register 'p_ZZ10top_kernelPKfS0_S0_PfE9histogram_117' is power-on initialization.
WARNING: [RTGEN 206-101] Register 'p_ZZ10top_kernelPKfS0_S0_PfE9histogram_118' is power-on initialization.
WARNING: [RTGEN 206-101] Register 'p_ZZ10top_kernelPKfS0_S0_PfE9histogram_119' is power-on initialization.
WARNING: [RTGEN 206-101] Register 'p_ZZ10top_kernelPKfS0_S0_PfE9histogram_120' is power-on initialization.
WARNING: [RTGEN 206-101] Register 'p_ZZ10top_kernelPKfS0_S0_PfE9histogram_121' is power-on initialization.
WARNING: [RTGEN 206-101] Register 'p_ZZ10top_kernelPKfS0_S0_PfE9histogram_122' is power-on initialization.
WARNING: [RTGEN 206-101] Register 'p_ZZ10top_kernelPKfS0_S0_PfE9histogram_123' is power-on initialization.
WARNING: [RTGEN 206-101] Register 'p_ZZ10top_kernelPKfS0_S0_PfE9histogram_124' is power-on initialization.
WARNING: [RTGEN 206-101] Register 'p_ZZ10top_kernelPKfS0_S0_PfE9histogram_125' is power-on initialization.
WARNING: [RTGEN 206-101] Register 'p_ZZ10top_kernelPKfS0_S0_PfE9histogram_126' is power-on initialization.
WARNING: [RTGEN 206-101] Register 'p_ZZ10top_kernelPKfS0_S0_PfE9histogram_127' is power-on initialization.
WARNING: [RTGEN 206-101] Register 'p_ZZ10top_kernelPKfS0_S0_PfE9histogram_128' is power-on initialization.
WARNING: [RTGEN 206-101] Register 'p_ZZ10top_kernelPKfS0_S0_PfE9histogram_129' is power-on initialization.
WARNING: [RTGEN 206-101] Register 'p_ZZ10top_kernelPKfS0_S0_PfE9histogram_130' is power-on initialization.
WARNING: [RTGEN 206-101] Register 'p_ZZ10top_kernelPKfS0_S0_PfE9histogram_131' is power-on initialization.
WARNING: [RTGEN 206-101] Register 'p_ZZ10top_kernelPKfS0_S0_PfE9histogram_132' is power-on initialization.
WARNING: [RTGEN 206-101] Register 'p_ZZ10top_kernelPKfS0_S0_PfE9histogram_133' is power-on initialization.
WARNING: [RTGEN 206-101] Register 'p_ZZ10top_kernelPKfS0_S0_PfE9histogram_134' is power-on initialization.
WARNING: [RTGEN 206-101] Register 'p_ZZ10top_kernelPKfS0_S0_PfE9histogram_135' is power-on initialization.
WARNING: [RTGEN 206-101] Register 'p_ZZ10top_kernelPKfS0_S0_PfE9histogram_136' is power-on initialization.
WARNING: [RTGEN 206-101] Register 'p_ZZ10top_kernelPKfS0_S0_PfE9histogram_137' is power-on initialization.
WARNING: [RTGEN 206-101] Register 'p_ZZ10top_kernelPKfS0_S0_PfE9histogram_138' is power-on initialization.
WARNING: [RTGEN 206-101] Register 'p_ZZ10top_kernelPKfS0_S0_PfE9histogram_139' is power-on initialization.
WARNING: [RTGEN 206-101] Register 'p_ZZ10top_kernelPKfS0_S0_PfE9histogram_140' is power-on initialization.
WARNING: [RTGEN 206-101] Register 'p_ZZ10top_kernelPKfS0_S0_PfE9histogram_141' is power-on initialization.
WARNING: [RTGEN 206-101] Register 'p_ZZ10top_kernelPKfS0_S0_PfE9histogram_142' is power-on initialization.
WARNING: [RTGEN 206-101] Register 'p_ZZ10top_kernelPKfS0_S0_PfE9histogram_143' is power-on initialization.
WARNING: [RTGEN 206-101] Register 'p_ZZ10top_kernelPKfS0_S0_PfE9histogram_144' is power-on initialization.
WARNING: [RTGEN 206-101] Register 'p_ZZ10top_kernelPKfS0_S0_PfE9histogram_145' is power-on initialization.
WARNING: [RTGEN 206-101] Register 'p_ZZ10top_kernelPKfS0_S0_PfE9histogram_146' is power-on initialization.
WARNING: [RTGEN 206-101] Register 'p_ZZ10top_kernelPKfS0_S0_PfE9histogram_147' is power-on initialization.
WARNING: [RTGEN 206-101] Register 'p_ZZ10top_kernelPKfS0_S0_PfE9histogram_148' is power-on initialization.
WARNING: [RTGEN 206-101] Register 'p_ZZ10top_kernelPKfS0_S0_PfE9histogram_149' is power-on initialization.
WARNING: [RTGEN 206-101] Register 'p_ZZ10top_kernelPKfS0_S0_PfE9histogram_150' is power-on initialization.
WARNING: [RTGEN 206-101] Register 'p_ZZ10top_kernelPKfS0_S0_PfE9histogram_151' is power-on initialization.
WARNING: [RTGEN 206-101] Register 'p_ZZ10top_kernelPKfS0_S0_PfE9histogram_152' is power-on initialization.
WARNING: [RTGEN 206-101] Register 'p_ZZ10top_kernelPKfS0_S0_PfE9histogram_153' is power-on initialization.
WARNING: [RTGEN 206-101] Register 'p_ZZ10top_kernelPKfS0_S0_PfE9histogram_154' is power-on initialization.
WARNING: [RTGEN 206-101] Register 'p_ZZ10top_kernelPKfS0_S0_PfE9histogram_155' is power-on initialization.
WARNING: [RTGEN 206-101] Register 'p_ZZ10top_kernelPKfS0_S0_PfE9histogram_156' is power-on initialization.
WARNING: [RTGEN 206-101] Register 'p_ZZ10top_kernelPKfS0_S0_PfE9histogram_157' is power-on initialization.
WARNING: [RTGEN 206-101] Register 'p_ZZ10top_kernelPKfS0_S0_PfE9histogram_158' is power-on initialization.
WARNING: [RTGEN 206-101] Register 'p_ZZ10top_kernelPKfS0_S0_PfE9histogram_159' is power-on initialization.
WARNING: [RTGEN 206-101] Register 'p_ZZ10top_kernelPKfS0_S0_PfE9histogram_160' is power-on initialization.
WARNING: [RTGEN 206-101] Register 'p_ZZ10top_kernelPKfS0_S0_PfE9histogram_161' is power-on initialization.
WARNING: [RTGEN 206-101] Register 'p_ZZ10top_kernelPKfS0_S0_PfE9histogram_162' is power-on initialization.
WARNING: [RTGEN 206-101] Register 'p_ZZ10top_kernelPKfS0_S0_PfE9histogram_163' is power-on initialization.
WARNING: [RTGEN 206-101] Register 'p_ZZ10top_kernelPKfS0_S0_PfE9histogram_164' is power-on initialization.
WARNING: [RTGEN 206-101] Register 'p_ZZ10top_kernelPKfS0_S0_PfE9histogram_165' is power-on initialization.
WARNING: [RTGEN 206-101] Register 'p_ZZ10top_kernelPKfS0_S0_PfE9histogram_166' is power-on initialization.
WARNING: [RTGEN 206-101] Register 'p_ZZ10top_kernelPKfS0_S0_PfE9histogram_167' is power-on initialization.
WARNING: [RTGEN 206-101] Register 'p_ZZ10top_kernelPKfS0_S0_PfE9histogram_168' is power-on initialization.
WARNING: [RTGEN 206-101] Register 'p_ZZ10top_kernelPKfS0_S0_PfE9histogram_169' is power-on initialization.
WARNING: [RTGEN 206-101] Register 'p_ZZ10top_kernelPKfS0_S0_PfE9histogram_170' is power-on initialization.
WARNING: [RTGEN 206-101] Register 'p_ZZ10top_kernelPKfS0_S0_PfE9histogram_171' is power-on initialization.
WARNING: [RTGEN 206-101] Register 'p_ZZ10top_kernelPKfS0_S0_PfE9histogram_172' is power-on initialization.
WARNING: [RTGEN 206-101] Register 'p_ZZ10top_kernelPKfS0_S0_PfE9histogram_173' is power-on initialization.
WARNING: [RTGEN 206-101] Register 'p_ZZ10top_kernelPKfS0_S0_PfE9histogram_174' is power-on initialization.
WARNING: [RTGEN 206-101] Register 'p_ZZ10top_kernelPKfS0_S0_PfE9histogram_175' is power-on initialization.
WARNING: [RTGEN 206-101] Register 'p_ZZ10top_kernelPKfS0_S0_PfE9histogram_176' is power-on initialization.
WARNING: [RTGEN 206-101] Register 'p_ZZ10top_kernelPKfS0_S0_PfE9histogram_177' is power-on initialization.
WARNING: [RTGEN 206-101] Register 'p_ZZ10top_kernelPKfS0_S0_PfE9histogram_178' is power-on initialization.
WARNING: [RTGEN 206-101] Register 'p_ZZ10top_kernelPKfS0_S0_PfE9histogram_179' is power-on initialization.
WARNING: [RTGEN 206-101] Register 'p_ZZ10top_kernelPKfS0_S0_PfE9histogram_180' is power-on initialization.
WARNING: [RTGEN 206-101] Register 'p_ZZ10top_kernelPKfS0_S0_PfE9histogram_181' is power-on initialization.
WARNING: [RTGEN 206-101] Register 'p_ZZ10top_kernelPKfS0_S0_PfE9histogram_182' is power-on initialization.
WARNING: [RTGEN 206-101] Register 'p_ZZ10top_kernelPKfS0_S0_PfE9histogram_183' is power-on initialization.
WARNING: [RTGEN 206-101] Register 'p_ZZ10top_kernelPKfS0_S0_PfE9histogram_184' is power-on initialization.
WARNING: [RTGEN 206-101] Register 'p_ZZ10top_kernelPKfS0_S0_PfE9histogram_185' is power-on initialization.
WARNING: [RTGEN 206-101] Register 'p_ZZ10top_kernelPKfS0_S0_PfE9histogram_186' is power-on initialization.
WARNING: [RTGEN 206-101] Register 'p_ZZ10top_kernelPKfS0_S0_PfE9histogram_187' is power-on initialization.
WARNING: [RTGEN 206-101] Register 'p_ZZ10top_kernelPKfS0_S0_PfE9histogram_188' is power-on initialization.
WARNING: [RTGEN 206-101] Register 'p_ZZ10top_kernelPKfS0_S0_PfE9histogram_189' is power-on initialization.
WARNING: [RTGEN 206-101] Register 'p_ZZ10top_kernelPKfS0_S0_PfE9histogram_190' is power-on initialization.
WARNING: [RTGEN 206-101] Register 'p_ZZ10top_kernelPKfS0_S0_PfE9histogram_191' is power-on initialization.
WARNING: [RTGEN 206-101] Register 'p_ZZ10top_kernelPKfS0_S0_PfE9histogram_192' is power-on initialization.
WARNING: [RTGEN 206-101] Register 'p_ZZ10top_kernelPKfS0_S0_PfE9histogram_193' is power-on initialization.
WARNING: [RTGEN 206-101] Register 'p_ZZ10top_kernelPKfS0_S0_PfE9histogram_194' is power-on initialization.
WARNING: [RTGEN 206-101] Register 'p_ZZ10top_kernelPKfS0_S0_PfE9histogram_195' is power-on initialization.
WARNING: [RTGEN 206-101] Register 'p_ZZ10top_kernelPKfS0_S0_PfE9histogram_196' is power-on initialization.
WARNING: [RTGEN 206-101] Register 'p_ZZ10top_kernelPKfS0_S0_PfE9histogram_197' is power-on initialization.
WARNING: [RTGEN 206-101] Register 'p_ZZ10top_kernelPKfS0_S0_PfE9histogram_198' is power-on initialization.
WARNING: [RTGEN 206-101] Register 'p_ZZ10top_kernelPKfS0_S0_PfE9histogram_199' is power-on initialization.
WARNING: [RTGEN 206-101] Register 'p_ZZ10top_kernelPKfS0_S0_PfE9histogram_200' is power-on initialization.
WARNING: [RTGEN 206-101] Register 'p_ZZ10top_kernelPKfS0_S0_PfE9histogram_201' is power-on initialization.
WARNING: [RTGEN 206-101] Register 'p_ZZ10top_kernelPKfS0_S0_PfE9histogram_202' is power-on initialization.
WARNING: [RTGEN 206-101] Register 'p_ZZ10top_kernelPKfS0_S0_PfE9histogram_203' is power-on initialization.
WARNING: [RTGEN 206-101] Register 'p_ZZ10top_kernelPKfS0_S0_PfE9histogram_204' is power-on initialization.
WARNING: [RTGEN 206-101] Register 'p_ZZ10top_kernelPKfS0_S0_PfE9histogram_205' is power-on initialization.
WARNING: [RTGEN 206-101] Register 'p_ZZ10top_kernelPKfS0_S0_PfE9histogram_206' is power-on initialization.
WARNING: [RTGEN 206-101] Register 'p_ZZ10top_kernelPKfS0_S0_PfE9histogram_207' is power-on initialization.
WARNING: [RTGEN 206-101] Register 'p_ZZ10top_kernelPKfS0_S0_PfE9histogram_208' is power-on initialization.
WARNING: [RTGEN 206-101] Register 'p_ZZ10top_kernelPKfS0_S0_PfE9histogram_209' is power-on initialization.
WARNING: [RTGEN 206-101] Register 'p_ZZ10top_kernelPKfS0_S0_PfE9histogram_210' is power-on initialization.
WARNING: [RTGEN 206-101] Register 'p_ZZ10top_kernelPKfS0_S0_PfE9histogram_211' is power-on initialization.
WARNING: [RTGEN 206-101] Register 'p_ZZ10top_kernelPKfS0_S0_PfE9histogram_212' is power-on initialization.
WARNING: [RTGEN 206-101] Register 'p_ZZ10top_kernelPKfS0_S0_PfE9histogram_213' is power-on initialization.
WARNING: [RTGEN 206-101] Register 'p_ZZ10top_kernelPKfS0_S0_PfE9histogram_214' is power-on initialization.
WARNING: [RTGEN 206-101] Register 'p_ZZ10top_kernelPKfS0_S0_PfE9histogram_215' is power-on initialization.
WARNING: [RTGEN 206-101] Register 'p_ZZ10top_kernelPKfS0_S0_PfE9histogram_216' is power-on initialization.
WARNING: [RTGEN 206-101] Register 'p_ZZ10top_kernelPKfS0_S0_PfE9histogram_217' is power-on initialization.
WARNING: [RTGEN 206-101] Register 'p_ZZ10top_kernelPKfS0_S0_PfE9histogram_218' is power-on initialization.
WARNING: [RTGEN 206-101] Register 'p_ZZ10top_kernelPKfS0_S0_PfE9histogram_219' is power-on initialization.
WARNING: [RTGEN 206-101] Register 'p_ZZ10top_kernelPKfS0_S0_PfE9histogram_220' is power-on initialization.
WARNING: [RTGEN 206-101] Register 'p_ZZ10top_kernelPKfS0_S0_PfE9histogram_221' is power-on initialization.
WARNING: [RTGEN 206-101] Register 'p_ZZ10top_kernelPKfS0_S0_PfE9histogram_222' is power-on initialization.
WARNING: [RTGEN 206-101] Register 'p_ZZ10top_kernelPKfS0_S0_PfE9histogram_223' is power-on initialization.
WARNING: [RTGEN 206-101] Register 'p_ZZ10top_kernelPKfS0_S0_PfE9histogram_224' is power-on initialization.
WARNING: [RTGEN 206-101] Register 'p_ZZ10top_kernelPKfS0_S0_PfE9histogram_225' is power-on initialization.
WARNING: [RTGEN 206-101] Register 'p_ZZ10top_kernelPKfS0_S0_PfE9histogram_226' is power-on initialization.
WARNING: [RTGEN 206-101] Register 'p_ZZ10top_kernelPKfS0_S0_PfE9histogram_227' is power-on initialization.
WARNING: [RTGEN 206-101] Register 'p_ZZ10top_kernelPKfS0_S0_PfE9histogram_228' is power-on initialization.
WARNING: [RTGEN 206-101] Register 'p_ZZ10top_kernelPKfS0_S0_PfE9histogram_229' is power-on initialization.
WARNING: [RTGEN 206-101] Register 'p_ZZ10top_kernelPKfS0_S0_PfE9histogram_230' is power-on initialization.
WARNING: [RTGEN 206-101] Register 'p_ZZ10top_kernelPKfS0_S0_PfE9histogram_231' is power-on initialization.
WARNING: [RTGEN 206-101] Register 'p_ZZ10top_kernelPKfS0_S0_PfE9histogram_232' is power-on initialization.
WARNING: [RTGEN 206-101] Register 'p_ZZ10top_kernelPKfS0_S0_PfE9histogram_233' is power-on initialization.
WARNING: [RTGEN 206-101] Register 'p_ZZ10top_kernelPKfS0_S0_PfE9histogram_234' is power-on initialization.
WARNING: [RTGEN 206-101] Register 'p_ZZ10top_kernelPKfS0_S0_PfE9histogram_235' is power-on initialization.
WARNING: [RTGEN 206-101] Register 'p_ZZ10top_kernelPKfS0_S0_PfE9histogram_236' is power-on initialization.
WARNING: [RTGEN 206-101] Register 'p_ZZ10top_kernelPKfS0_S0_PfE9histogram_237' is power-on initialization.
WARNING: [RTGEN 206-101] Register 'p_ZZ10top_kernelPKfS0_S0_PfE9histogram_238' is power-on initialization.
WARNING: [RTGEN 206-101] Register 'p_ZZ10top_kernelPKfS0_S0_PfE9histogram_239' is power-on initialization.
WARNING: [RTGEN 206-101] Register 'p_ZZ10top_kernelPKfS0_S0_PfE9histogram_240' is power-on initialization.
WARNING: [RTGEN 206-101] Register 'p_ZZ10top_kernelPKfS0_S0_PfE9histogram_241' is power-on initialization.
WARNING: [RTGEN 206-101] Register 'p_ZZ10top_kernelPKfS0_S0_PfE9histogram_242' is power-on initialization.
WARNING: [RTGEN 206-101] Register 'p_ZZ10top_kernelPKfS0_S0_PfE9histogram_243' is power-on initialization.
WARNING: [RTGEN 206-101] Register 'p_ZZ10top_kernelPKfS0_S0_PfE9histogram_244' is power-on initialization.
WARNING: [RTGEN 206-101] Register 'p_ZZ10top_kernelPKfS0_S0_PfE9histogram_245' is power-on initialization.
WARNING: [RTGEN 206-101] Register 'p_ZZ10top_kernelPKfS0_S0_PfE9histogram_246' is power-on initialization.
WARNING: [RTGEN 206-101] Register 'p_ZZ10top_kernelPKfS0_S0_PfE9histogram_247' is power-on initialization.
WARNING: [RTGEN 206-101] Register 'p_ZZ10top_kernelPKfS0_S0_PfE9histogram_248' is power-on initialization.
WARNING: [RTGEN 206-101] Register 'p_ZZ10top_kernelPKfS0_S0_PfE9histogram_249' is power-on initialization.
WARNING: [RTGEN 206-101] Register 'p_ZZ10top_kernelPKfS0_S0_PfE9histogram_250' is power-on initialization.
WARNING: [RTGEN 206-101] Register 'p_ZZ10top_kernelPKfS0_S0_PfE9histogram_251' is power-on initialization.
WARNING: [RTGEN 206-101] Register 'p_ZZ10top_kernelPKfS0_S0_PfE9histogram_252' is power-on initialization.
WARNING: [RTGEN 206-101] Register 'p_ZZ10top_kernelPKfS0_S0_PfE9histogram_253' is power-on initialization.
WARNING: [RTGEN 206-101] Register 'p_ZZ10top_kernelPKfS0_S0_PfE9histogram_254' is power-on initialization.
WARNING: [RTGEN 206-101] Register 'p_ZZ10top_kernelPKfS0_S0_PfE9histogram_255' is power-on initialization.
WARNING: [RTGEN 206-101] Register 'top_kernel_float_const_float_const_float_const_float_cdf' is power-on initialization.
WARNING: [RTGEN 206-101] Register 'top_kernel_float_const_float_const_float_const_float_cdf_10' is power-on initialization.
WARNING: [RTGEN 206-101] Register 'top_kernel_float_const_float_const_float_const_float_cdf_11' is power-on initialization.
WARNING: [RTGEN 206-101] Register 'top_kernel_float_const_float_const_float_const_float_cdf_12' is power-on initialization.
WARNING: [RTGEN 206-101] Register 'top_kernel_float_const_float_const_float_const_float_cdf_13' is power-on initialization.
WARNING: [RTGEN 206-101] Register 'top_kernel_float_const_float_const_float_const_float_cdf_14' is power-on initialization.
WARNING: [RTGEN 206-101] Register 'top_kernel_float_const_float_const_float_const_float_cdf_15' is power-on initialization.
WARNING: [RTGEN 206-101] Register 'top_kernel_float_const_float_const_float_const_float_cdf_16' is power-on initialization.
WARNING: [RTGEN 206-101] Register 'top_kernel_float_const_float_const_float_const_float_cdf_17' is power-on initialization.
WARNING: [RTGEN 206-101] Register 'top_kernel_float_const_float_const_float_const_float_cdf_18' is power-on initialization.
WARNING: [RTGEN 206-101] Register 'p_ZZ10top_kernelPKfS0_S0_PfE3cdf_10' is power-on initialization.
WARNING: [RTGEN 206-101] Register 'p_ZZ10top_kernelPKfS0_S0_PfE3cdf_11' is power-on initialization.
WARNING: [RTGEN 206-101] Register 'p_ZZ10top_kernelPKfS0_S0_PfE3cdf_12' is power-on initialization.
WARNING: [RTGEN 206-101] Register 'p_ZZ10top_kernelPKfS0_S0_PfE3cdf_13' is power-on initialization.
WARNING: [RTGEN 206-101] Register 'p_ZZ10top_kernelPKfS0_S0_PfE3cdf_14' is power-on initialization.
WARNING: [RTGEN 206-101] Register 'p_ZZ10top_kernelPKfS0_S0_PfE3cdf_15' is power-on initialization.
WARNING: [RTGEN 206-101] Register 'p_ZZ10top_kernelPKfS0_S0_PfE3cdf_16' is power-on initialization.
WARNING: [RTGEN 206-101] Register 'p_ZZ10top_kernelPKfS0_S0_PfE3cdf_17' is power-on initialization.
WARNING: [RTGEN 206-101] Register 'p_ZZ10top_kernelPKfS0_S0_PfE3cdf_18' is power-on initialization.
WARNING: [RTGEN 206-101] Register 'p_ZZ10top_kernelPKfS0_S0_PfE3cdf_19' is power-on initialization.
WARNING: [RTGEN 206-101] Register 'p_ZZ10top_kernelPKfS0_S0_PfE3cdf_20' is power-on initialization.
WARNING: [RTGEN 206-101] Register 'p_ZZ10top_kernelPKfS0_S0_PfE3cdf_21' is power-on initialization.
WARNING: [RTGEN 206-101] Register 'p_ZZ10top_kernelPKfS0_S0_PfE3cdf_22' is power-on initialization.
WARNING: [RTGEN 206-101] Register 'p_ZZ10top_kernelPKfS0_S0_PfE3cdf_23' is power-on initialization.
WARNING: [RTGEN 206-101] Register 'p_ZZ10top_kernelPKfS0_S0_PfE3cdf_24' is power-on initialization.
WARNING: [RTGEN 206-101] Register 'p_ZZ10top_kernelPKfS0_S0_PfE3cdf_25' is power-on initialization.
WARNING: [RTGEN 206-101] Register 'p_ZZ10top_kernelPKfS0_S0_PfE3cdf_26' is power-on initialization.
WARNING: [RTGEN 206-101] Register 'p_ZZ10top_kernelPKfS0_S0_PfE3cdf_27' is power-on initialization.
WARNING: [RTGEN 206-101] Register 'p_ZZ10top_kernelPKfS0_S0_PfE3cdf_28' is power-on initialization.
WARNING: [RTGEN 206-101] Register 'p_ZZ10top_kernelPKfS0_S0_PfE3cdf_29' is power-on initialization.
WARNING: [RTGEN 206-101] Register 'p_ZZ10top_kernelPKfS0_S0_PfE3cdf_30' is power-on initialization.
WARNING: [RTGEN 206-101] Register 'p_ZZ10top_kernelPKfS0_S0_PfE3cdf_31' is power-on initialization.
WARNING: [RTGEN 206-101] Register 'p_ZZ10top_kernelPKfS0_S0_PfE3cdf_32' is power-on initialization.
WARNING: [RTGEN 206-101] Register 'p_ZZ10top_kernelPKfS0_S0_PfE3cdf_33' is power-on initialization.
WARNING: [RTGEN 206-101] Register 'p_ZZ10top_kernelPKfS0_S0_PfE3cdf_34' is power-on initialization.
WARNING: [RTGEN 206-101] Register 'p_ZZ10top_kernelPKfS0_S0_PfE3cdf_35' is power-on initialization.
WARNING: [RTGEN 206-101] Register 'p_ZZ10top_kernelPKfS0_S0_PfE3cdf_36' is power-on initialization.
WARNING: [RTGEN 206-101] Register 'p_ZZ10top_kernelPKfS0_S0_PfE3cdf_37' is power-on initialization.
WARNING: [RTGEN 206-101] Register 'p_ZZ10top_kernelPKfS0_S0_PfE3cdf_38' is power-on initialization.
WARNING: [RTGEN 206-101] Register 'p_ZZ10top_kernelPKfS0_S0_PfE3cdf_39' is power-on initialization.
WARNING: [RTGEN 206-101] Register 'p_ZZ10top_kernelPKfS0_S0_PfE3cdf_40' is power-on initialization.
WARNING: [RTGEN 206-101] Register 'p_ZZ10top_kernelPKfS0_S0_PfE3cdf_41' is power-on initialization.
WARNING: [RTGEN 206-101] Register 'p_ZZ10top_kernelPKfS0_S0_PfE3cdf_42' is power-on initialization.
WARNING: [RTGEN 206-101] Register 'p_ZZ10top_kernelPKfS0_S0_PfE3cdf_43' is power-on initialization.
WARNING: [RTGEN 206-101] Register 'p_ZZ10top_kernelPKfS0_S0_PfE3cdf_44' is power-on initialization.
WARNING: [RTGEN 206-101] Register 'p_ZZ10top_kernelPKfS0_S0_PfE3cdf_45' is power-on initialization.
WARNING: [RTGEN 206-101] Register 'p_ZZ10top_kernelPKfS0_S0_PfE3cdf_46' is power-on initialization.
WARNING: [RTGEN 206-101] Register 'p_ZZ10top_kernelPKfS0_S0_PfE3cdf_47' is power-on initialization.
WARNING: [RTGEN 206-101] Register 'p_ZZ10top_kernelPKfS0_S0_PfE3cdf_48' is power-on initialization.
WARNING: [RTGEN 206-101] Register 'p_ZZ10top_kernelPKfS0_S0_PfE3cdf_49' is power-on initialization.
WARNING: [RTGEN 206-101] Register 'p_ZZ10top_kernelPKfS0_S0_PfE3cdf_50' is power-on initialization.
WARNING: [RTGEN 206-101] Register 'p_ZZ10top_kernelPKfS0_S0_PfE3cdf_51' is power-on initialization.
WARNING: [RTGEN 206-101] Register 'p_ZZ10top_kernelPKfS0_S0_PfE3cdf_52' is power-on initialization.
WARNING: [RTGEN 206-101] Register 'p_ZZ10top_kernelPKfS0_S0_PfE3cdf_53' is power-on initialization.
WARNING: [RTGEN 206-101] Register 'p_ZZ10top_kernelPKfS0_S0_PfE3cdf_54' is power-on initialization.
WARNING: [RTGEN 206-101] Register 'p_ZZ10top_kernelPKfS0_S0_PfE3cdf_55' is power-on initialization.
WARNING: [RTGEN 206-101] Register 'p_ZZ10top_kernelPKfS0_S0_PfE3cdf_56' is power-on initialization.
WARNING: [RTGEN 206-101] Register 'p_ZZ10top_kernelPKfS0_S0_PfE3cdf_57' is power-on initialization.
WARNING: [RTGEN 206-101] Register 'p_ZZ10top_kernelPKfS0_S0_PfE3cdf_58' is power-on initialization.
WARNING: [RTGEN 206-101] Register 'p_ZZ10top_kernelPKfS0_S0_PfE3cdf_59' is power-on initialization.
WARNING: [RTGEN 206-101] Register 'p_ZZ10top_kernelPKfS0_S0_PfE3cdf_60' is power-on initialization.
WARNING: [RTGEN 206-101] Register 'p_ZZ10top_kernelPKfS0_S0_PfE3cdf_61' is power-on initialization.
WARNING: [RTGEN 206-101] Register 'p_ZZ10top_kernelPKfS0_S0_PfE3cdf_62' is power-on initialization.
WARNING: [RTGEN 206-101] Register 'p_ZZ10top_kernelPKfS0_S0_PfE3cdf_63' is power-on initialization.
WARNING: [RTGEN 206-101] Register 'p_ZZ10top_kernelPKfS0_S0_PfE3cdf_64' is power-on initialization.
WARNING: [RTGEN 206-101] Register 'p_ZZ10top_kernelPKfS0_S0_PfE3cdf_65' is power-on initialization.
WARNING: [RTGEN 206-101] Register 'p_ZZ10top_kernelPKfS0_S0_PfE3cdf_66' is power-on initialization.
WARNING: [RTGEN 206-101] Register 'p_ZZ10top_kernelPKfS0_S0_PfE3cdf_67' is power-on initialization.
WARNING: [RTGEN 206-101] Register 'p_ZZ10top_kernelPKfS0_S0_PfE3cdf_68' is power-on initialization.
WARNING: [RTGEN 206-101] Register 'p_ZZ10top_kernelPKfS0_S0_PfE3cdf_69' is power-on initialization.
WARNING: [RTGEN 206-101] Register 'p_ZZ10top_kernelPKfS0_S0_PfE3cdf_70' is power-on initialization.
WARNING: [RTGEN 206-101] Register 'p_ZZ10top_kernelPKfS0_S0_PfE3cdf_71' is power-on initialization.
WARNING: [RTGEN 206-101] Register 'p_ZZ10top_kernelPKfS0_S0_PfE3cdf_72' is power-on initialization.
WARNING: [RTGEN 206-101] Register 'p_ZZ10top_kernelPKfS0_S0_PfE3cdf_73' is power-on initialization.
WARNING: [RTGEN 206-101] Register 'p_ZZ10top_kernelPKfS0_S0_PfE3cdf_74' is power-on initialization.
WARNING: [RTGEN 206-101] Register 'p_ZZ10top_kernelPKfS0_S0_PfE3cdf_75' is power-on initialization.
WARNING: [RTGEN 206-101] Register 'p_ZZ10top_kernelPKfS0_S0_PfE3cdf_76' is power-on initialization.
WARNING: [RTGEN 206-101] Register 'p_ZZ10top_kernelPKfS0_S0_PfE3cdf_77' is power-on initialization.
WARNING: [RTGEN 206-101] Register 'p_ZZ10top_kernelPKfS0_S0_PfE3cdf_78' is power-on initialization.
WARNING: [RTGEN 206-101] Register 'p_ZZ10top_kernelPKfS0_S0_PfE3cdf_79' is power-on initialization.
WARNING: [RTGEN 206-101] Register 'p_ZZ10top_kernelPKfS0_S0_PfE3cdf_80' is power-on initialization.
WARNING: [RTGEN 206-101] Register 'p_ZZ10top_kernelPKfS0_S0_PfE3cdf_81' is power-on initialization.
WARNING: [RTGEN 206-101] Register 'p_ZZ10top_kernelPKfS0_S0_PfE3cdf_82' is power-on initialization.
WARNING: [RTGEN 206-101] Register 'p_ZZ10top_kernelPKfS0_S0_PfE3cdf_83' is power-on initialization.
WARNING: [RTGEN 206-101] Register 'p_ZZ10top_kernelPKfS0_S0_PfE3cdf_84' is power-on initialization.
WARNING: [RTGEN 206-101] Register 'p_ZZ10top_kernelPKfS0_S0_PfE3cdf_85' is power-on initialization.
WARNING: [RTGEN 206-101] Register 'p_ZZ10top_kernelPKfS0_S0_PfE3cdf_86' is power-on initialization.
WARNING: [RTGEN 206-101] Register 'p_ZZ10top_kernelPKfS0_S0_PfE3cdf_87' is power-on initialization.
WARNING: [RTGEN 206-101] Register 'p_ZZ10top_kernelPKfS0_S0_PfE3cdf_88' is power-on initialization.
WARNING: [RTGEN 206-101] Register 'p_ZZ10top_kernelPKfS0_S0_PfE3cdf_89' is power-on initialization.
WARNING: [RTGEN 206-101] Register 'p_ZZ10top_kernelPKfS0_S0_PfE3cdf_90' is power-on initialization.
WARNING: [RTGEN 206-101] Register 'p_ZZ10top_kernelPKfS0_S0_PfE3cdf_91' is power-on initialization.
WARNING: [RTGEN 206-101] Register 'p_ZZ10top_kernelPKfS0_S0_PfE3cdf_92' is power-on initialization.
WARNING: [RTGEN 206-101] Register 'p_ZZ10top_kernelPKfS0_S0_PfE3cdf_93' is power-on initialization.
WARNING: [RTGEN 206-101] Register 'p_ZZ10top_kernelPKfS0_S0_PfE3cdf_94' is power-on initialization.
WARNING: [RTGEN 206-101] Register 'p_ZZ10top_kernelPKfS0_S0_PfE3cdf_95' is power-on initialization.
WARNING: [RTGEN 206-101] Register 'p_ZZ10top_kernelPKfS0_S0_PfE3cdf_96' is power-on initialization.
WARNING: [RTGEN 206-101] Register 'p_ZZ10top_kernelPKfS0_S0_PfE3cdf_97' is power-on initialization.
WARNING: [RTGEN 206-101] Register 'p_ZZ10top_kernelPKfS0_S0_PfE3cdf_98' is power-on initialization.
WARNING: [RTGEN 206-101] Register 'p_ZZ10top_kernelPKfS0_S0_PfE3cdf_99' is power-on initialization.
WARNING: [RTGEN 206-101] Register 'p_ZZ10top_kernelPKfS0_S0_PfE3cdf_100' is power-on initialization.
WARNING: [RTGEN 206-101] Register 'p_ZZ10top_kernelPKfS0_S0_PfE3cdf_101' is power-on initialization.
WARNING: [RTGEN 206-101] Register 'p_ZZ10top_kernelPKfS0_S0_PfE3cdf_102' is power-on initialization.
WARNING: [RTGEN 206-101] Register 'p_ZZ10top_kernelPKfS0_S0_PfE3cdf_103' is power-on initialization.
WARNING: [RTGEN 206-101] Register 'p_ZZ10top_kernelPKfS0_S0_PfE3cdf_104' is power-on initialization.
WARNING: [RTGEN 206-101] Register 'p_ZZ10top_kernelPKfS0_S0_PfE3cdf_105' is power-on initialization.
WARNING: [RTGEN 206-101] Register 'p_ZZ10top_kernelPKfS0_S0_PfE3cdf_106' is power-on initialization.
WARNING: [RTGEN 206-101] Register 'p_ZZ10top_kernelPKfS0_S0_PfE3cdf_107' is power-on initialization.
WARNING: [RTGEN 206-101] Register 'p_ZZ10top_kernelPKfS0_S0_PfE3cdf_108' is power-on initialization.
WARNING: [RTGEN 206-101] Register 'p_ZZ10top_kernelPKfS0_S0_PfE3cdf_109' is power-on initialization.
WARNING: [RTGEN 206-101] Register 'p_ZZ10top_kernelPKfS0_S0_PfE3cdf_110' is power-on initialization.
WARNING: [RTGEN 206-101] Register 'p_ZZ10top_kernelPKfS0_S0_PfE3cdf_111' is power-on initialization.
WARNING: [RTGEN 206-101] Register 'p_ZZ10top_kernelPKfS0_S0_PfE3cdf_112' is power-on initialization.
WARNING: [RTGEN 206-101] Register 'p_ZZ10top_kernelPKfS0_S0_PfE3cdf_113' is power-on initialization.
WARNING: [RTGEN 206-101] Register 'p_ZZ10top_kernelPKfS0_S0_PfE3cdf_114' is power-on initialization.
WARNING: [RTGEN 206-101] Register 'p_ZZ10top_kernelPKfS0_S0_PfE3cdf_115' is power-on initialization.
WARNING: [RTGEN 206-101] Register 'p_ZZ10top_kernelPKfS0_S0_PfE3cdf_116' is power-on initialization.
WARNING: [RTGEN 206-101] Register 'p_ZZ10top_kernelPKfS0_S0_PfE3cdf_117' is power-on initialization.
WARNING: [RTGEN 206-101] Register 'p_ZZ10top_kernelPKfS0_S0_PfE3cdf_118' is power-on initialization.
WARNING: [RTGEN 206-101] Register 'p_ZZ10top_kernelPKfS0_S0_PfE3cdf_119' is power-on initialization.
WARNING: [RTGEN 206-101] Register 'p_ZZ10top_kernelPKfS0_S0_PfE3cdf_120' is power-on initialization.
WARNING: [RTGEN 206-101] Register 'p_ZZ10top_kernelPKfS0_S0_PfE3cdf_121' is power-on initialization.
WARNING: [RTGEN 206-101] Register 'p_ZZ10top_kernelPKfS0_S0_PfE3cdf_122' is power-on initialization.
WARNING: [RTGEN 206-101] Register 'p_ZZ10top_kernelPKfS0_S0_PfE3cdf_123' is power-on initialization.
WARNING: [RTGEN 206-101] Register 'p_ZZ10top_kernelPKfS0_S0_PfE3cdf_124' is power-on initialization.
WARNING: [RTGEN 206-101] Register 'p_ZZ10top_kernelPKfS0_S0_PfE3cdf_125' is power-on initialization.
WARNING: [RTGEN 206-101] Register 'p_ZZ10top_kernelPKfS0_S0_PfE3cdf_126' is power-on initialization.
WARNING: [RTGEN 206-101] Register 'p_ZZ10top_kernelPKfS0_S0_PfE3cdf_127' is power-on initialization.
WARNING: [RTGEN 206-101] Register 'p_ZZ10top_kernelPKfS0_S0_PfE3cdf_128' is power-on initialization.
WARNING: [RTGEN 206-101] Register 'p_ZZ10top_kernelPKfS0_S0_PfE3cdf_129' is power-on initialization.
WARNING: [RTGEN 206-101] Register 'p_ZZ10top_kernelPKfS0_S0_PfE3cdf_130' is power-on initialization.
WARNING: [RTGEN 206-101] Register 'p_ZZ10top_kernelPKfS0_S0_PfE3cdf_131' is power-on initialization.
WARNING: [RTGEN 206-101] Register 'p_ZZ10top_kernelPKfS0_S0_PfE3cdf_132' is power-on initialization.
WARNING: [RTGEN 206-101] Register 'p_ZZ10top_kernelPKfS0_S0_PfE3cdf_133' is power-on initialization.
WARNING: [RTGEN 206-101] Register 'p_ZZ10top_kernelPKfS0_S0_PfE3cdf_134' is power-on initialization.
WARNING: [RTGEN 206-101] Register 'p_ZZ10top_kernelPKfS0_S0_PfE3cdf_135' is power-on initialization.
WARNING: [RTGEN 206-101] Register 'p_ZZ10top_kernelPKfS0_S0_PfE3cdf_136' is power-on initialization.
WARNING: [RTGEN 206-101] Register 'p_ZZ10top_kernelPKfS0_S0_PfE3cdf_137' is power-on initialization.
WARNING: [RTGEN 206-101] Register 'p_ZZ10top_kernelPKfS0_S0_PfE3cdf_138' is power-on initialization.
WARNING: [RTGEN 206-101] Register 'p_ZZ10top_kernelPKfS0_S0_PfE3cdf_139' is power-on initialization.
WARNING: [RTGEN 206-101] Register 'p_ZZ10top_kernelPKfS0_S0_PfE3cdf_140' is power-on initialization.
WARNING: [RTGEN 206-101] Register 'p_ZZ10top_kernelPKfS0_S0_PfE3cdf_141' is power-on initialization.
WARNING: [RTGEN 206-101] Register 'p_ZZ10top_kernelPKfS0_S0_PfE3cdf_142' is power-on initialization.
WARNING: [RTGEN 206-101] Register 'p_ZZ10top_kernelPKfS0_S0_PfE3cdf_143' is power-on initialization.
WARNING: [RTGEN 206-101] Register 'p_ZZ10top_kernelPKfS0_S0_PfE3cdf_144' is power-on initialization.
WARNING: [RTGEN 206-101] Register 'p_ZZ10top_kernelPKfS0_S0_PfE3cdf_145' is power-on initialization.
WARNING: [RTGEN 206-101] Register 'p_ZZ10top_kernelPKfS0_S0_PfE3cdf_146' is power-on initialization.
WARNING: [RTGEN 206-101] Register 'p_ZZ10top_kernelPKfS0_S0_PfE3cdf_147' is power-on initialization.
WARNING: [RTGEN 206-101] Register 'p_ZZ10top_kernelPKfS0_S0_PfE3cdf_148' is power-on initialization.
WARNING: [RTGEN 206-101] Register 'p_ZZ10top_kernelPKfS0_S0_PfE3cdf_149' is power-on initialization.
WARNING: [RTGEN 206-101] Register 'p_ZZ10top_kernelPKfS0_S0_PfE3cdf_150' is power-on initialization.
WARNING: [RTGEN 206-101] Register 'p_ZZ10top_kernelPKfS0_S0_PfE3cdf_151' is power-on initialization.
WARNING: [RTGEN 206-101] Register 'p_ZZ10top_kernelPKfS0_S0_PfE3cdf_152' is power-on initialization.
WARNING: [RTGEN 206-101] Register 'p_ZZ10top_kernelPKfS0_S0_PfE3cdf_153' is power-on initialization.
WARNING: [RTGEN 206-101] Register 'p_ZZ10top_kernelPKfS0_S0_PfE3cdf_154' is power-on initialization.
WARNING: [RTGEN 206-101] Register 'p_ZZ10top_kernelPKfS0_S0_PfE3cdf_155' is power-on initialization.
WARNING: [RTGEN 206-101] Register 'p_ZZ10top_kernelPKfS0_S0_PfE3cdf_156' is power-on initialization.
WARNING: [RTGEN 206-101] Register 'p_ZZ10top_kernelPKfS0_S0_PfE3cdf_157' is power-on initialization.
WARNING: [RTGEN 206-101] Register 'p_ZZ10top_kernelPKfS0_S0_PfE3cdf_158' is power-on initialization.
WARNING: [RTGEN 206-101] Register 'p_ZZ10top_kernelPKfS0_S0_PfE3cdf_159' is power-on initialization.
WARNING: [RTGEN 206-101] Register 'p_ZZ10top_kernelPKfS0_S0_PfE3cdf_160' is power-on initialization.
WARNING: [RTGEN 206-101] Register 'p_ZZ10top_kernelPKfS0_S0_PfE3cdf_161' is power-on initialization.
WARNING: [RTGEN 206-101] Register 'p_ZZ10top_kernelPKfS0_S0_PfE3cdf_162' is power-on initialization.
WARNING: [RTGEN 206-101] Register 'p_ZZ10top_kernelPKfS0_S0_PfE3cdf_163' is power-on initialization.
WARNING: [RTGEN 206-101] Register 'p_ZZ10top_kernelPKfS0_S0_PfE3cdf_164' is power-on initialization.
WARNING: [RTGEN 206-101] Register 'p_ZZ10top_kernelPKfS0_S0_PfE3cdf_165' is power-on initialization.
WARNING: [RTGEN 206-101] Register 'p_ZZ10top_kernelPKfS0_S0_PfE3cdf_166' is power-on initialization.
WARNING: [RTGEN 206-101] Register 'p_ZZ10top_kernelPKfS0_S0_PfE3cdf_167' is power-on initialization.
WARNING: [RTGEN 206-101] Register 'p_ZZ10top_kernelPKfS0_S0_PfE3cdf_168' is power-on initialization.
WARNING: [RTGEN 206-101] Register 'p_ZZ10top_kernelPKfS0_S0_PfE3cdf_169' is power-on initialization.
WARNING: [RTGEN 206-101] Register 'p_ZZ10top_kernelPKfS0_S0_PfE3cdf_170' is power-on initialization.
WARNING: [RTGEN 206-101] Register 'p_ZZ10top_kernelPKfS0_S0_PfE3cdf_171' is power-on initialization.
WARNING: [RTGEN 206-101] Register 'p_ZZ10top_kernelPKfS0_S0_PfE3cdf_172' is power-on initialization.
WARNING: [RTGEN 206-101] Register 'p_ZZ10top_kernelPKfS0_S0_PfE3cdf_173' is power-on initialization.
WARNING: [RTGEN 206-101] Register 'p_ZZ10top_kernelPKfS0_S0_PfE3cdf_174' is power-on initialization.
WARNING: [RTGEN 206-101] Register 'p_ZZ10top_kernelPKfS0_S0_PfE3cdf_175' is power-on initialization.
WARNING: [RTGEN 206-101] Register 'p_ZZ10top_kernelPKfS0_S0_PfE3cdf_176' is power-on initialization.
WARNING: [RTGEN 206-101] Register 'p_ZZ10top_kernelPKfS0_S0_PfE3cdf_177' is power-on initialization.
WARNING: [RTGEN 206-101] Register 'p_ZZ10top_kernelPKfS0_S0_PfE3cdf_178' is power-on initialization.
WARNING: [RTGEN 206-101] Register 'p_ZZ10top_kernelPKfS0_S0_PfE3cdf_179' is power-on initialization.
WARNING: [RTGEN 206-101] Register 'p_ZZ10top_kernelPKfS0_S0_PfE3cdf_180' is power-on initialization.
WARNING: [RTGEN 206-101] Register 'p_ZZ10top_kernelPKfS0_S0_PfE3cdf_181' is power-on initialization.
WARNING: [RTGEN 206-101] Register 'p_ZZ10top_kernelPKfS0_S0_PfE3cdf_182' is power-on initialization.
WARNING: [RTGEN 206-101] Register 'p_ZZ10top_kernelPKfS0_S0_PfE3cdf_183' is power-on initialization.
WARNING: [RTGEN 206-101] Register 'p_ZZ10top_kernelPKfS0_S0_PfE3cdf_184' is power-on initialization.
WARNING: [RTGEN 206-101] Register 'p_ZZ10top_kernelPKfS0_S0_PfE3cdf_185' is power-on initialization.
WARNING: [RTGEN 206-101] Register 'p_ZZ10top_kernelPKfS0_S0_PfE3cdf_186' is power-on initialization.
WARNING: [RTGEN 206-101] Register 'p_ZZ10top_kernelPKfS0_S0_PfE3cdf_187' is power-on initialization.
WARNING: [RTGEN 206-101] Register 'p_ZZ10top_kernelPKfS0_S0_PfE3cdf_188' is power-on initialization.
WARNING: [RTGEN 206-101] Register 'p_ZZ10top_kernelPKfS0_S0_PfE3cdf_189' is power-on initialization.
WARNING: [RTGEN 206-101] Register 'p_ZZ10top_kernelPKfS0_S0_PfE3cdf_190' is power-on initialization.
WARNING: [RTGEN 206-101] Register 'p_ZZ10top_kernelPKfS0_S0_PfE3cdf_191' is power-on initialization.
WARNING: [RTGEN 206-101] Register 'p_ZZ10top_kernelPKfS0_S0_PfE3cdf_192' is power-on initialization.
WARNING: [RTGEN 206-101] Register 'p_ZZ10top_kernelPKfS0_S0_PfE3cdf_193' is power-on initialization.
WARNING: [RTGEN 206-101] Register 'p_ZZ10top_kernelPKfS0_S0_PfE3cdf_194' is power-on initialization.
WARNING: [RTGEN 206-101] Register 'p_ZZ10top_kernelPKfS0_S0_PfE3cdf_195' is power-on initialization.
WARNING: [RTGEN 206-101] Register 'p_ZZ10top_kernelPKfS0_S0_PfE3cdf_196' is power-on initialization.
WARNING: [RTGEN 206-101] Register 'p_ZZ10top_kernelPKfS0_S0_PfE3cdf_197' is power-on initialization.
WARNING: [RTGEN 206-101] Register 'p_ZZ10top_kernelPKfS0_S0_PfE3cdf_198' is power-on initialization.
WARNING: [RTGEN 206-101] Register 'p_ZZ10top_kernelPKfS0_S0_PfE3cdf_199' is power-on initialization.
WARNING: [RTGEN 206-101] Register 'p_ZZ10top_kernelPKfS0_S0_PfE3cdf_200' is power-on initialization.
WARNING: [RTGEN 206-101] Register 'p_ZZ10top_kernelPKfS0_S0_PfE3cdf_201' is power-on initialization.
WARNING: [RTGEN 206-101] Register 'p_ZZ10top_kernelPKfS0_S0_PfE3cdf_202' is power-on initialization.
WARNING: [RTGEN 206-101] Register 'p_ZZ10top_kernelPKfS0_S0_PfE3cdf_203' is power-on initialization.
WARNING: [RTGEN 206-101] Register 'p_ZZ10top_kernelPKfS0_S0_PfE3cdf_204' is power-on initialization.
WARNING: [RTGEN 206-101] Register 'p_ZZ10top_kernelPKfS0_S0_PfE3cdf_205' is power-on initialization.
WARNING: [RTGEN 206-101] Register 'p_ZZ10top_kernelPKfS0_S0_PfE3cdf_206' is power-on initialization.
WARNING: [RTGEN 206-101] Register 'p_ZZ10top_kernelPKfS0_S0_PfE3cdf_207' is power-on initialization.
WARNING: [RTGEN 206-101] Register 'p_ZZ10top_kernelPKfS0_S0_PfE3cdf_208' is power-on initialization.
WARNING: [RTGEN 206-101] Register 'p_ZZ10top_kernelPKfS0_S0_PfE3cdf_209' is power-on initialization.
WARNING: [RTGEN 206-101] Register 'p_ZZ10top_kernelPKfS0_S0_PfE3cdf_210' is power-on initialization.
WARNING: [RTGEN 206-101] Register 'p_ZZ10top_kernelPKfS0_S0_PfE3cdf_211' is power-on initialization.
WARNING: [RTGEN 206-101] Register 'p_ZZ10top_kernelPKfS0_S0_PfE3cdf_212' is power-on initialization.
WARNING: [RTGEN 206-101] Register 'p_ZZ10top_kernelPKfS0_S0_PfE3cdf_213' is power-on initialization.
WARNING: [RTGEN 206-101] Register 'p_ZZ10top_kernelPKfS0_S0_PfE3cdf_214' is power-on initialization.
WARNING: [RTGEN 206-101] Register 'p_ZZ10top_kernelPKfS0_S0_PfE3cdf_215' is power-on initialization.
WARNING: [RTGEN 206-101] Register 'p_ZZ10top_kernelPKfS0_S0_PfE3cdf_216' is power-on initialization.
WARNING: [RTGEN 206-101] Register 'p_ZZ10top_kernelPKfS0_S0_PfE3cdf_217' is power-on initialization.
WARNING: [RTGEN 206-101] Register 'p_ZZ10top_kernelPKfS0_S0_PfE3cdf_218' is power-on initialization.
WARNING: [RTGEN 206-101] Register 'p_ZZ10top_kernelPKfS0_S0_PfE3cdf_219' is power-on initialization.
WARNING: [RTGEN 206-101] Register 'p_ZZ10top_kernelPKfS0_S0_PfE3cdf_220' is power-on initialization.
WARNING: [RTGEN 206-101] Register 'p_ZZ10top_kernelPKfS0_S0_PfE3cdf_221' is power-on initialization.
WARNING: [RTGEN 206-101] Register 'p_ZZ10top_kernelPKfS0_S0_PfE3cdf_222' is power-on initialization.
WARNING: [RTGEN 206-101] Register 'p_ZZ10top_kernelPKfS0_S0_PfE3cdf_223' is power-on initialization.
WARNING: [RTGEN 206-101] Register 'p_ZZ10top_kernelPKfS0_S0_PfE3cdf_224' is power-on initialization.
WARNING: [RTGEN 206-101] Register 'p_ZZ10top_kernelPKfS0_S0_PfE3cdf_225' is power-on initialization.
WARNING: [RTGEN 206-101] Register 'p_ZZ10top_kernelPKfS0_S0_PfE3cdf_226' is power-on initialization.
WARNING: [RTGEN 206-101] Register 'p_ZZ10top_kernelPKfS0_S0_PfE3cdf_227' is power-on initialization.
WARNING: [RTGEN 206-101] Register 'p_ZZ10top_kernelPKfS0_S0_PfE3cdf_228' is power-on initialization.
WARNING: [RTGEN 206-101] Register 'p_ZZ10top_kernelPKfS0_S0_PfE3cdf_229' is power-on initialization.
WARNING: [RTGEN 206-101] Register 'p_ZZ10top_kernelPKfS0_S0_PfE3cdf_230' is power-on initialization.
WARNING: [RTGEN 206-101] Register 'p_ZZ10top_kernelPKfS0_S0_PfE3cdf_231' is power-on initialization.
WARNING: [RTGEN 206-101] Register 'p_ZZ10top_kernelPKfS0_S0_PfE3cdf_232' is power-on initialization.
WARNING: [RTGEN 206-101] Register 'p_ZZ10top_kernelPKfS0_S0_PfE3cdf_233' is power-on initialization.
WARNING: [RTGEN 206-101] Register 'p_ZZ10top_kernelPKfS0_S0_PfE3cdf_234' is power-on initialization.
WARNING: [RTGEN 206-101] Register 'p_ZZ10top_kernelPKfS0_S0_PfE3cdf_235' is power-on initialization.
WARNING: [RTGEN 206-101] Register 'p_ZZ10top_kernelPKfS0_S0_PfE3cdf_236' is power-on initialization.
WARNING: [RTGEN 206-101] Register 'p_ZZ10top_kernelPKfS0_S0_PfE3cdf_237' is power-on initialization.
WARNING: [RTGEN 206-101] Register 'p_ZZ10top_kernelPKfS0_S0_PfE3cdf_238' is power-on initialization.
WARNING: [RTGEN 206-101] Register 'p_ZZ10top_kernelPKfS0_S0_PfE3cdf_239' is power-on initialization.
WARNING: [RTGEN 206-101] Register 'p_ZZ10top_kernelPKfS0_S0_PfE3cdf_240' is power-on initialization.
WARNING: [RTGEN 206-101] Register 'p_ZZ10top_kernelPKfS0_S0_PfE3cdf_241' is power-on initialization.
WARNING: [RTGEN 206-101] Register 'p_ZZ10top_kernelPKfS0_S0_PfE3cdf_242' is power-on initialization.
WARNING: [RTGEN 206-101] Register 'p_ZZ10top_kernelPKfS0_S0_PfE3cdf_243' is power-on initialization.
WARNING: [RTGEN 206-101] Register 'p_ZZ10top_kernelPKfS0_S0_PfE3cdf_244' is power-on initialization.
WARNING: [RTGEN 206-101] Register 'p_ZZ10top_kernelPKfS0_S0_PfE3cdf_245' is power-on initialization.
WARNING: [RTGEN 206-101] Register 'p_ZZ10top_kernelPKfS0_S0_PfE3cdf_246' is power-on initialization.
WARNING: [RTGEN 206-101] Register 'p_ZZ10top_kernelPKfS0_S0_PfE3cdf_247' is power-on initialization.
WARNING: [RTGEN 206-101] Register 'p_ZZ10top_kernelPKfS0_S0_PfE3cdf_248' is power-on initialization.
WARNING: [RTGEN 206-101] Register 'p_ZZ10top_kernelPKfS0_S0_PfE3cdf_249' is power-on initialization.
WARNING: [RTGEN 206-101] Register 'p_ZZ10top_kernelPKfS0_S0_PfE3cdf_250' is power-on initialization.
WARNING: [RTGEN 206-101] Register 'p_ZZ10top_kernelPKfS0_S0_PfE3cdf_251' is power-on initialization.
WARNING: [RTGEN 206-101] Register 'p_ZZ10top_kernelPKfS0_S0_PfE3cdf_252' is power-on initialization.
WARNING: [RTGEN 206-101] Register 'p_ZZ10top_kernelPKfS0_S0_PfE3cdf_253' is power-on initialization.
WARNING: [RTGEN 206-101] Register 'p_ZZ10top_kernelPKfS0_S0_PfE3cdf_254' is power-on initialization.
WARNING: [RTGEN 206-101] Register 'p_ZZ10top_kernelPKfS0_S0_PfE3cdf_255' is power-on initialization.
INFO: [RTGEN 206-100] Bundling port 'in_r', 'in_g', 'in_b', 'out_r' and 'return' to AXI-Lite port control.
INFO: [RTGEN 206-104] Estimated max fanout for 'top_kernel' is 8250 from HDL expression: (1'b1 == ap_CS_fsm_state20)
INFO: [RTGEN 206-100] Generating core module 'fadd_32ns_32ns_32_5_full_dsp_1': 4 instance(s).
INFO: [RTGEN 206-100] Generating core module 'faddfsub_32ns_32ns_32_5_full_dsp_1': 5 instance(s).
INFO: [RTGEN 206-100] Generating core module 'fcmp_32ns_32ns_1_2_no_dsp_1': 1 instance(s).
INFO: [RTGEN 206-100] Generating core module 'fdiv_32ns_32ns_32_10_no_dsp_1': 2 instance(s).
INFO: [RTGEN 206-100] Generating core module 'fmul_32ns_32ns_32_4_max_dsp_1': 9 instance(s).
INFO: [RTGEN 206-100] Generating core module 'mul_5ns_6ns_10_1_1': 1 instance(s).
INFO: [RTGEN 206-100] Generating core module 'mul_6ns_8ns_13_1_1': 1 instance(s).
INFO: [RTGEN 206-100] Generating core module 'sitofp_32ns_32_4_no_dsp_1': 1 instance(s).
INFO: [RTGEN 206-100] Generating core module 'sparsemux_511_8_32_1_1': 1 instance(s).
INFO: [RTGEN 206-100] Generating core module 'sparsemux_513_8_32_1_1': 1 instance(s).
INFO: [RTGEN 206-100] Generating core module 'sparsemux_7_2_32_1_1': 4 instance(s).
INFO: [RTGEN 206-100] Finished creating RTL model for 'top_kernel'.
INFO: [RTMG 210-278] Implementing memory 'top_kernel_intensity_RAM_AUTO_1R1W' using auto RAMs.
INFO: [RTMG 210-278] Implementing memory 'top_kernel_p_ZZ10top_kernelPKfS0_S0_PfE9equalized_0_0_RAM_AUTO_1R1W' using auto RAMs.
INFO: [RTMG 210-278] Implementing memory 'top_kernel_gaussian_blurred_RAM_AUTO_1R1W' using auto RAMs.
INFO: [RTMG 210-278] Implementing memory 'top_kernel_dilated_RAM_AUTO_1R1W' using auto RAMs.
INFO: [HLS 200-111] Finished Creating RTL model: CPU user time: 1.04 seconds. CPU system time: 0.12 seconds. Elapsed time: 1.27 seconds; current allocated memory: 2.486 GB.
INFO: [HLS 200-111] Finished Generating all RTL models: CPU user time: 2.18 seconds. CPU system time: 0.43 seconds. Elapsed time: 3.43 seconds; current allocated memory: 2.536 GB.
INFO: [HLS 200-1603] Design has inferred MAXI bursts and missed bursts, see Vitis HLS GUI synthesis summary report for detailed information.
INFO: [HLS 200-111] Finished Updating report files: CPU user time: 1.5 seconds. CPU system time: 0.16 seconds. Elapsed time: 1.79 seconds; current allocated memory: 2.545 GB.
INFO: [VHDL 208-304] Generating VHDL RTL for top_kernel.
INFO: [VLOG 209-307] Generating Verilog RTL for top_kernel.
INFO: [HLS 200-790] **** Loop Constraint Status: All loop constraints were NOT satisfied.
INFO: [HLS 200-789] **** Estimated Fmax: 133.84 MHz
INFO: [HLS 200-2161] Finished Command csynth_design Elapsed time: 00:07:04; Allocated memory: 1.888 GB.
INFO: [HLS 200-1510] Running: cosim_design 
INFO: [HLS 200-1915] Writing HLS config ini file /nethome/asandeep6/FPGA_ECE8893/2026_Spring/lab4/project_1/hls_config.cfg
INFO: [COSIM 212-47] Using XSIM for RTL simulation.
INFO: [COSIM 212-14] Instrumenting C test bench ...
INFO: [COSIM 212-302] Starting C TB testing ... 
INFO: [COSIM 212-333] Generating C post check test bench ...
INFO: [COSIM 212-12] Generating RTL test bench ...
INFO: [COSIM 212-1] *** C/RTL co-simulation file generation completed. ***
INFO: [COSIM 212-323] Starting verilog simulation. 
INFO: [COSIM 212-15] Starting XSIM ...
INFO: [COSIM 212-316] Starting C post checking ...
INFO: [COSIM 212-1000] *** C/RTL co-simulation finished: PASS ***
INFO: [COSIM 212-211] II is measurable only when transaction number is greater than 1 in RTL simulation. Otherwise, they will be marked as all NA. If user wants to calculate them, please make sure there are at least 2 transactions in RTL simulation.
INFO: [HLS 200-2161] Finished Command cosim_design Elapsed time: 00:41:59; Allocated memory: 24.230 MB.
INFO: [HLS 200-1510] Running: export_design -format ip_catalog -flow impl 
INFO: [HLS 200-1915] Writing HLS config ini file /nethome/asandeep6/FPGA_ECE8893/2026_Spring/lab4/project_1/hls_config.cfg
INFO: [IMPL 213-8] Exporting RTL as a Vivado IP.
INFO: [IMPL 213-8] Starting RTL evaluation using Vivado ...
INFO: [HLS 200-802] Generated output file project_1/hls/impl/export.zip
INFO: [HLS 200-2161] Finished Command export_design Elapsed time: 00:55:01; Allocated memory: 18.367 MB.
