Copyright 1986-2022 Xilinx, Inc. All Rights Reserved. Copyright 2022-2025 Advanced Micro Devices, Inc. All Rights Reserved.
--------------------------------------------------------------------------------------------------------------------------------------------------
| Tool Version      : Vivado v.2025.1.1 (lin64) Build 6233196 Thu Sep 11 21:27:11 MDT 2025
| Date              : Sat Apr  4 15:46:28 2026
| Host              : ece-linlabsrv01 running 64-bit Red Hat Enterprise Linux release 8.10 (Ootpa)
| Command           : report_timing -max_paths 10 -file ./report/top_kernel_timing_paths_routed.rpt
| Design            : bd_0_wrapper
| Device            : xczu3eg-sbva484
| Speed File        : -1  PRODUCTION 1.30 05-15-2022
| Design State      : Routed
| Temperature Grade : E
--------------------------------------------------------------------------------------------------------------------------------------------------

Timing Report

Slack (MET) :             2.160ns  (required time - arrival time)
  Source:                 bd_0_i/hls_inst/inst/fdiv_32ns_32ns_32_10_no_dsp_1_U1170/ce_r_reg/C
                            (rising edge-triggered cell FDSE clocked by ap_clk  {rise@0.000ns fall@5.000ns period=10.000ns})
  Destination:            bd_0_i/hls_inst/inst/p_ZZ10top_kernelPKfS0_S0_PfE3cdf_156_reg[12]/D
                            (rising edge-triggered cell FDRE clocked by ap_clk  {rise@0.000ns fall@5.000ns period=10.000ns})
  Path Group:             ap_clk
  Path Type:              Setup (Max at Slow Process Corner)
  Requirement:            10.000ns  (ap_clk rise@10.000ns - ap_clk rise@0.000ns)
  Data Path Delay:        7.820ns  (logic 0.241ns (3.082%)  route 7.579ns (96.918%))
  Logic Levels:           1  (LUT6=1)
  Clock Path Skew:        -0.012ns (DCD - SCD + CPR)
    Destination Clock Delay (DCD):    0.025ns = ( 10.025 - 10.000 ) 
    Source Clock Delay      (SCD):    0.037ns
    Clock Pessimism Removal (CPR):    0.000ns
  Clock Uncertainty:      0.035ns  ((TSJ^2 + TIJ^2)^1/2 + DJ) / 2 + PE
    Total System Jitter     (TSJ):    0.071ns
    Total Input Jitter      (TIJ):    0.000ns
    Discrete Jitter          (DJ):    0.000ns
    Phase Error              (PE):    0.000ns

    Location             Delay type                Incr(ns)  Path(ns)    Netlist Resource(s)
  -------------------------------------------------------------------    -------------------
                         (clock ap_clk rise edge)     0.000     0.000 r  
                                                      0.000     0.000 r  ap_clk (IN)
                         net (fo=63510, unset)        0.037     0.037    bd_0_i/hls_inst/inst/fdiv_32ns_32ns_32_10_no_dsp_1_U1170/ap_clk
    SLICE_X28Y97         FDSE                                         r  bd_0_i/hls_inst/inst/fdiv_32ns_32ns_32_10_no_dsp_1_U1170/ce_r_reg/C
  -------------------------------------------------------------------    -------------------
    SLICE_X28Y97         FDSE (Prop_AFF_SLICEM_C_Q)
                                                      0.093     0.130 r  bd_0_i/hls_inst/inst/fdiv_32ns_32ns_32_10_no_dsp_1_U1170/ce_r_reg/Q
                         net (fo=8749, routed)        7.519     7.649    bd_0_i/hls_inst/inst/fdiv_32ns_32ns_32_10_no_dsp_1_U1170/ce_r
    SLICE_X46Y59         LUT6 (Prop_F6LUT_SLICEL_I2_O)
                                                      0.148     7.797 r  bd_0_i/hls_inst/inst/fdiv_32ns_32ns_32_10_no_dsp_1_U1170/p_ZZ10top_kernelPKfS0_S0_PfE3cdf_156[12]_i_1/O
                         net (fo=1, routed)           0.060     7.857    bd_0_i/hls_inst/inst/fdiv_32ns_32ns_32_10_no_dsp_1_U1170_n_2485
    SLICE_X46Y59         FDRE                                         r  bd_0_i/hls_inst/inst/p_ZZ10top_kernelPKfS0_S0_PfE3cdf_156_reg[12]/D
  -------------------------------------------------------------------    -------------------

                         (clock ap_clk rise edge)    10.000    10.000 r  
                                                      0.000    10.000 r  ap_clk (IN)
                         net (fo=63510, unset)        0.025    10.025    bd_0_i/hls_inst/inst/ap_clk
    SLICE_X46Y59         FDRE                                         r  bd_0_i/hls_inst/inst/p_ZZ10top_kernelPKfS0_S0_PfE3cdf_156_reg[12]/C
                         clock pessimism              0.000    10.025    
                         clock uncertainty           -0.035     9.990    
    SLICE_X46Y59         FDRE (Setup_FFF_SLICEL_C_D)
                                                      0.027    10.017    bd_0_i/hls_inst/inst/p_ZZ10top_kernelPKfS0_S0_PfE3cdf_156_reg[12]
  -------------------------------------------------------------------
                         required time                         10.017    
                         arrival time                          -7.857    
  -------------------------------------------------------------------
                         slack                                  2.160    

Slack (MET) :             2.194ns  (required time - arrival time)
  Source:                 bd_0_i/hls_inst/inst/fdiv_32ns_32ns_32_10_no_dsp_1_U1170/ce_r_reg/C
                            (rising edge-triggered cell FDSE clocked by ap_clk  {rise@0.000ns fall@5.000ns period=10.000ns})
  Destination:            bd_0_i/hls_inst/inst/p_ZZ10top_kernelPKfS0_S0_PfE3cdf_183_reg[5]/D
                            (rising edge-triggered cell FDRE clocked by ap_clk  {rise@0.000ns fall@5.000ns period=10.000ns})
  Path Group:             ap_clk
  Path Type:              Setup (Max at Slow Process Corner)
  Requirement:            10.000ns  (ap_clk rise@10.000ns - ap_clk rise@0.000ns)
  Data Path Delay:        7.786ns  (logic 0.243ns (3.121%)  route 7.543ns (96.879%))
  Logic Levels:           1  (LUT6=1)
  Clock Path Skew:        -0.011ns (DCD - SCD + CPR)
    Destination Clock Delay (DCD):    0.026ns = ( 10.026 - 10.000 ) 
    Source Clock Delay      (SCD):    0.037ns
    Clock Pessimism Removal (CPR):    0.000ns
  Clock Uncertainty:      0.035ns  ((TSJ^2 + TIJ^2)^1/2 + DJ) / 2 + PE
    Total System Jitter     (TSJ):    0.071ns
    Total Input Jitter      (TIJ):    0.000ns
    Discrete Jitter          (DJ):    0.000ns
    Phase Error              (PE):    0.000ns

    Location             Delay type                Incr(ns)  Path(ns)    Netlist Resource(s)
  -------------------------------------------------------------------    -------------------
                         (clock ap_clk rise edge)     0.000     0.000 r  
                                                      0.000     0.000 r  ap_clk (IN)
                         net (fo=63510, unset)        0.037     0.037    bd_0_i/hls_inst/inst/fdiv_32ns_32ns_32_10_no_dsp_1_U1170/ap_clk
    SLICE_X28Y97         FDSE                                         r  bd_0_i/hls_inst/inst/fdiv_32ns_32ns_32_10_no_dsp_1_U1170/ce_r_reg/C
  -------------------------------------------------------------------    -------------------
    SLICE_X28Y97         FDSE (Prop_AFF_SLICEM_C_Q)
                                                      0.093     0.130 r  bd_0_i/hls_inst/inst/fdiv_32ns_32ns_32_10_no_dsp_1_U1170/ce_r_reg/Q
                         net (fo=8749, routed)        7.473     7.603    bd_0_i/hls_inst/inst/fdiv_32ns_32ns_32_10_no_dsp_1_U1170/ce_r
    SLICE_X37Y64         LUT6 (Prop_B6LUT_SLICEM_I2_O)
                                                      0.150     7.753 r  bd_0_i/hls_inst/inst/fdiv_32ns_32ns_32_10_no_dsp_1_U1170/p_ZZ10top_kernelPKfS0_S0_PfE3cdf_183[5]_i_1/O
                         net (fo=1, routed)           0.070     7.823    bd_0_i/hls_inst/inst/fdiv_32ns_32ns_32_10_no_dsp_1_U1170_n_5820
    SLICE_X37Y64         FDRE                                         r  bd_0_i/hls_inst/inst/p_ZZ10top_kernelPKfS0_S0_PfE3cdf_183_reg[5]/D
  -------------------------------------------------------------------    -------------------

                         (clock ap_clk rise edge)    10.000    10.000 r  
                                                      0.000    10.000 r  ap_clk (IN)
                         net (fo=63510, unset)        0.026    10.026    bd_0_i/hls_inst/inst/ap_clk
    SLICE_X37Y64         FDRE                                         r  bd_0_i/hls_inst/inst/p_ZZ10top_kernelPKfS0_S0_PfE3cdf_183_reg[5]/C
                         clock pessimism              0.000    10.026    
                         clock uncertainty           -0.035     9.991    
    SLICE_X37Y64         FDRE (Setup_BFF_SLICEM_C_D)
                                                      0.027    10.018    bd_0_i/hls_inst/inst/p_ZZ10top_kernelPKfS0_S0_PfE3cdf_183_reg[5]
  -------------------------------------------------------------------
                         required time                         10.018    
                         arrival time                          -7.823    
  -------------------------------------------------------------------
                         slack                                  2.194    

Slack (MET) :             2.200ns  (required time - arrival time)
  Source:                 bd_0_i/hls_inst/inst/fdiv_32ns_32ns_32_10_no_dsp_1_U1170/ce_r_reg/C
                            (rising edge-triggered cell FDSE clocked by ap_clk  {rise@0.000ns fall@5.000ns period=10.000ns})
  Destination:            bd_0_i/hls_inst/inst/p_ZZ10top_kernelPKfS0_S0_PfE3cdf_153_reg[11]/D
                            (rising edge-triggered cell FDRE clocked by ap_clk  {rise@0.000ns fall@5.000ns period=10.000ns})
  Path Group:             ap_clk
  Path Type:              Setup (Max at Slow Process Corner)
  Requirement:            10.000ns  (ap_clk rise@10.000ns - ap_clk rise@0.000ns)
  Data Path Delay:        7.780ns  (logic 0.132ns (1.697%)  route 7.648ns (98.303%))
  Logic Levels:           1  (LUT6=1)
  Clock Path Skew:        -0.012ns (DCD - SCD + CPR)
    Destination Clock Delay (DCD):    0.025ns = ( 10.025 - 10.000 ) 
    Source Clock Delay      (SCD):    0.037ns
    Clock Pessimism Removal (CPR):    0.000ns
  Clock Uncertainty:      0.035ns  ((TSJ^2 + TIJ^2)^1/2 + DJ) / 2 + PE
    Total System Jitter     (TSJ):    0.071ns
    Total Input Jitter      (TIJ):    0.000ns
    Discrete Jitter          (DJ):    0.000ns
    Phase Error              (PE):    0.000ns

    Location             Delay type                Incr(ns)  Path(ns)    Netlist Resource(s)
  -------------------------------------------------------------------    -------------------
                         (clock ap_clk rise edge)     0.000     0.000 r  
                                                      0.000     0.000 r  ap_clk (IN)
                         net (fo=63510, unset)        0.037     0.037    bd_0_i/hls_inst/inst/fdiv_32ns_32ns_32_10_no_dsp_1_U1170/ap_clk
    SLICE_X28Y97         FDSE                                         r  bd_0_i/hls_inst/inst/fdiv_32ns_32ns_32_10_no_dsp_1_U1170/ce_r_reg/C
  -------------------------------------------------------------------    -------------------
    SLICE_X28Y97         FDSE (Prop_AFF_SLICEM_C_Q)
                                                      0.093     0.130 r  bd_0_i/hls_inst/inst/fdiv_32ns_32ns_32_10_no_dsp_1_U1170/ce_r_reg/Q
                         net (fo=8749, routed)        7.588     7.718    bd_0_i/hls_inst/inst/fdiv_32ns_32ns_32_10_no_dsp_1_U1170/ce_r
    SLICE_X47Y59         LUT6 (Prop_F6LUT_SLICEL_I2_O)
                                                      0.039     7.757 r  bd_0_i/hls_inst/inst/fdiv_32ns_32ns_32_10_no_dsp_1_U1170/p_ZZ10top_kernelPKfS0_S0_PfE3cdf_153[11]_i_1/O
                         net (fo=1, routed)           0.060     7.817    bd_0_i/hls_inst/inst/fdiv_32ns_32ns_32_10_no_dsp_1_U1170_n_4854
    SLICE_X47Y59         FDRE                                         r  bd_0_i/hls_inst/inst/p_ZZ10top_kernelPKfS0_S0_PfE3cdf_153_reg[11]/D
  -------------------------------------------------------------------    -------------------

                         (clock ap_clk rise edge)    10.000    10.000 r  
                                                      0.000    10.000 r  ap_clk (IN)
                         net (fo=63510, unset)        0.025    10.025    bd_0_i/hls_inst/inst/ap_clk
    SLICE_X47Y59         FDRE                                         r  bd_0_i/hls_inst/inst/p_ZZ10top_kernelPKfS0_S0_PfE3cdf_153_reg[11]/C
                         clock pessimism              0.000    10.025    
                         clock uncertainty           -0.035     9.990    
    SLICE_X47Y59         FDRE (Setup_FFF_SLICEL_C_D)
                                                      0.027    10.017    bd_0_i/hls_inst/inst/p_ZZ10top_kernelPKfS0_S0_PfE3cdf_153_reg[11]
  -------------------------------------------------------------------
                         required time                         10.017    
                         arrival time                          -7.817    
  -------------------------------------------------------------------
                         slack                                  2.200    

Slack (MET) :             2.255ns  (required time - arrival time)
  Source:                 bd_0_i/hls_inst/inst/fdiv_32ns_32ns_32_10_no_dsp_1_U1170/ce_r_reg/C
                            (rising edge-triggered cell FDSE clocked by ap_clk  {rise@0.000ns fall@5.000ns period=10.000ns})
  Destination:            bd_0_i/hls_inst/inst/p_ZZ10top_kernelPKfS0_S0_PfE3cdf_159_reg[12]/D
                            (rising edge-triggered cell FDRE clocked by ap_clk  {rise@0.000ns fall@5.000ns period=10.000ns})
  Path Group:             ap_clk
  Path Type:              Setup (Max at Slow Process Corner)
  Requirement:            10.000ns  (ap_clk rise@10.000ns - ap_clk rise@0.000ns)
  Data Path Delay:        7.724ns  (logic 0.157ns (2.033%)  route 7.567ns (97.967%))
  Logic Levels:           1  (LUT6=1)
  Clock Path Skew:        -0.013ns (DCD - SCD + CPR)
    Destination Clock Delay (DCD):    0.024ns = ( 10.024 - 10.000 ) 
    Source Clock Delay      (SCD):    0.037ns
    Clock Pessimism Removal (CPR):    0.000ns
  Clock Uncertainty:      0.035ns  ((TSJ^2 + TIJ^2)^1/2 + DJ) / 2 + PE
    Total System Jitter     (TSJ):    0.071ns
    Total Input Jitter      (TIJ):    0.000ns
    Discrete Jitter          (DJ):    0.000ns
    Phase Error              (PE):    0.000ns

    Location             Delay type                Incr(ns)  Path(ns)    Netlist Resource(s)
  -------------------------------------------------------------------    -------------------
                         (clock ap_clk rise edge)     0.000     0.000 r  
                                                      0.000     0.000 r  ap_clk (IN)
                         net (fo=63510, unset)        0.037     0.037    bd_0_i/hls_inst/inst/fdiv_32ns_32ns_32_10_no_dsp_1_U1170/ap_clk
    SLICE_X28Y97         FDSE                                         r  bd_0_i/hls_inst/inst/fdiv_32ns_32ns_32_10_no_dsp_1_U1170/ce_r_reg/C
  -------------------------------------------------------------------    -------------------
    SLICE_X28Y97         FDSE (Prop_AFF_SLICEM_C_Q)
                                                      0.093     0.130 r  bd_0_i/hls_inst/inst/fdiv_32ns_32ns_32_10_no_dsp_1_U1170/ce_r_reg/Q
                         net (fo=8749, routed)        7.509     7.639    bd_0_i/hls_inst/inst/fdiv_32ns_32ns_32_10_no_dsp_1_U1170/ce_r
    SLICE_X46Y59         LUT6 (Prop_A6LUT_SLICEL_I2_O)
                                                      0.064     7.703 r  bd_0_i/hls_inst/inst/fdiv_32ns_32ns_32_10_no_dsp_1_U1170/p_ZZ10top_kernelPKfS0_S0_PfE3cdf_159[12]_i_1/O
                         net (fo=1, routed)           0.058     7.761    bd_0_i/hls_inst/inst/fdiv_32ns_32ns_32_10_no_dsp_1_U1170_n_2549
    SLICE_X46Y59         FDRE                                         r  bd_0_i/hls_inst/inst/p_ZZ10top_kernelPKfS0_S0_PfE3cdf_159_reg[12]/D
  -------------------------------------------------------------------    -------------------

                         (clock ap_clk rise edge)    10.000    10.000 r  
                                                      0.000    10.000 r  ap_clk (IN)
                         net (fo=63510, unset)        0.024    10.024    bd_0_i/hls_inst/inst/ap_clk
    SLICE_X46Y59         FDRE                                         r  bd_0_i/hls_inst/inst/p_ZZ10top_kernelPKfS0_S0_PfE3cdf_159_reg[12]/C
                         clock pessimism              0.000    10.024    
                         clock uncertainty           -0.035     9.989    
    SLICE_X46Y59         FDRE (Setup_AFF_SLICEL_C_D)
                                                      0.027    10.016    bd_0_i/hls_inst/inst/p_ZZ10top_kernelPKfS0_S0_PfE3cdf_159_reg[12]
  -------------------------------------------------------------------
                         required time                         10.016    
                         arrival time                          -7.761    
  -------------------------------------------------------------------
                         slack                                  2.255    

Slack (MET) :             2.256ns  (required time - arrival time)
  Source:                 bd_0_i/hls_inst/inst/fdiv_32ns_32ns_32_10_no_dsp_1_U1170/ce_r_reg/C
                            (rising edge-triggered cell FDSE clocked by ap_clk  {rise@0.000ns fall@5.000ns period=10.000ns})
  Destination:            bd_0_i/hls_inst/inst/p_ZZ10top_kernelPKfS0_S0_PfE3cdf_159_reg[11]/D
                            (rising edge-triggered cell FDRE clocked by ap_clk  {rise@0.000ns fall@5.000ns period=10.000ns})
  Path Group:             ap_clk
  Path Type:              Setup (Max at Slow Process Corner)
  Requirement:            10.000ns  (ap_clk rise@10.000ns - ap_clk rise@0.000ns)
  Data Path Delay:        7.723ns  (logic 0.157ns (2.033%)  route 7.566ns (97.967%))
  Logic Levels:           1  (LUT6=1)
  Clock Path Skew:        -0.013ns (DCD - SCD + CPR)
    Destination Clock Delay (DCD):    0.024ns = ( 10.024 - 10.000 ) 
    Source Clock Delay      (SCD):    0.037ns
    Clock Pessimism Removal (CPR):    0.000ns
  Clock Uncertainty:      0.035ns  ((TSJ^2 + TIJ^2)^1/2 + DJ) / 2 + PE
    Total System Jitter     (TSJ):    0.071ns
    Total Input Jitter      (TIJ):    0.000ns
    Discrete Jitter          (DJ):    0.000ns
    Phase Error              (PE):    0.000ns

    Location             Delay type                Incr(ns)  Path(ns)    Netlist Resource(s)
  -------------------------------------------------------------------    -------------------
                         (clock ap_clk rise edge)     0.000     0.000 r  
                                                      0.000     0.000 r  ap_clk (IN)
                         net (fo=63510, unset)        0.037     0.037    bd_0_i/hls_inst/inst/fdiv_32ns_32ns_32_10_no_dsp_1_U1170/ap_clk
    SLICE_X28Y97         FDSE                                         r  bd_0_i/hls_inst/inst/fdiv_32ns_32ns_32_10_no_dsp_1_U1170/ce_r_reg/C
  -------------------------------------------------------------------    -------------------
    SLICE_X28Y97         FDSE (Prop_AFF_SLICEM_C_Q)
                                                      0.093     0.130 r  bd_0_i/hls_inst/inst/fdiv_32ns_32ns_32_10_no_dsp_1_U1170/ce_r_reg/Q
                         net (fo=8749, routed)        7.508     7.638    bd_0_i/hls_inst/inst/fdiv_32ns_32ns_32_10_no_dsp_1_U1170/ce_r
    SLICE_X46Y59         LUT6 (Prop_B6LUT_SLICEL_I2_O)
                                                      0.064     7.702 r  bd_0_i/hls_inst/inst/fdiv_32ns_32ns_32_10_no_dsp_1_U1170/p_ZZ10top_kernelPKfS0_S0_PfE3cdf_159[11]_i_1/O
                         net (fo=1, routed)           0.058     7.760    bd_0_i/hls_inst/inst/fdiv_32ns_32ns_32_10_no_dsp_1_U1170_n_2550
    SLICE_X46Y59         FDRE                                         r  bd_0_i/hls_inst/inst/p_ZZ10top_kernelPKfS0_S0_PfE3cdf_159_reg[11]/D
  -------------------------------------------------------------------    -------------------

                         (clock ap_clk rise edge)    10.000    10.000 r  
                                                      0.000    10.000 r  ap_clk (IN)
                         net (fo=63510, unset)        0.024    10.024    bd_0_i/hls_inst/inst/ap_clk
    SLICE_X46Y59         FDRE                                         r  bd_0_i/hls_inst/inst/p_ZZ10top_kernelPKfS0_S0_PfE3cdf_159_reg[11]/C
                         clock pessimism              0.000    10.024    
                         clock uncertainty           -0.035     9.989    
    SLICE_X46Y59         FDRE (Setup_BFF_SLICEL_C_D)
                                                      0.027    10.016    bd_0_i/hls_inst/inst/p_ZZ10top_kernelPKfS0_S0_PfE3cdf_159_reg[11]
  -------------------------------------------------------------------
                         required time                         10.016    
                         arrival time                          -7.760    
  -------------------------------------------------------------------
                         slack                                  2.256    

Slack (MET) :             2.410ns  (required time - arrival time)
  Source:                 bd_0_i/hls_inst/inst/fdiv_32ns_32ns_32_10_no_dsp_1_U1170/ce_r_reg/C
                            (rising edge-triggered cell FDSE clocked by ap_clk  {rise@0.000ns fall@5.000ns period=10.000ns})
  Destination:            bd_0_i/hls_inst/inst/p_ZZ10top_kernelPKfS0_S0_PfE3cdf_142_reg[24]/D
                            (rising edge-triggered cell FDRE clocked by ap_clk  {rise@0.000ns fall@5.000ns period=10.000ns})
  Path Group:             ap_clk
  Path Type:              Setup (Max at Slow Process Corner)
  Requirement:            10.000ns  (ap_clk rise@10.000ns - ap_clk rise@0.000ns)
  Data Path Delay:        7.569ns  (logic 0.267ns (3.528%)  route 7.302ns (96.472%))
  Logic Levels:           1  (LUT6=1)
  Clock Path Skew:        -0.013ns (DCD - SCD + CPR)
    Destination Clock Delay (DCD):    0.024ns = ( 10.024 - 10.000 ) 
    Source Clock Delay      (SCD):    0.037ns
    Clock Pessimism Removal (CPR):    0.000ns
  Clock Uncertainty:      0.035ns  ((TSJ^2 + TIJ^2)^1/2 + DJ) / 2 + PE
    Total System Jitter     (TSJ):    0.071ns
    Total Input Jitter      (TIJ):    0.000ns
    Discrete Jitter          (DJ):    0.000ns
    Phase Error              (PE):    0.000ns

    Location             Delay type                Incr(ns)  Path(ns)    Netlist Resource(s)
  -------------------------------------------------------------------    -------------------
                         (clock ap_clk rise edge)     0.000     0.000 r  
                                                      0.000     0.000 r  ap_clk (IN)
                         net (fo=63510, unset)        0.037     0.037    bd_0_i/hls_inst/inst/fdiv_32ns_32ns_32_10_no_dsp_1_U1170/ap_clk
    SLICE_X28Y97         FDSE                                         r  bd_0_i/hls_inst/inst/fdiv_32ns_32ns_32_10_no_dsp_1_U1170/ce_r_reg/C
  -------------------------------------------------------------------    -------------------
    SLICE_X28Y97         FDSE (Prop_AFF_SLICEM_C_Q)
                                                      0.093     0.130 r  bd_0_i/hls_inst/inst/fdiv_32ns_32ns_32_10_no_dsp_1_U1170/ce_r_reg/Q
                         net (fo=8749, routed)        7.244     7.374    bd_0_i/hls_inst/inst/fdiv_32ns_32ns_32_10_no_dsp_1_U1170/ce_r
    SLICE_X30Y61         LUT6 (Prop_D6LUT_SLICEL_I2_O)
                                                      0.174     7.548 r  bd_0_i/hls_inst/inst/fdiv_32ns_32ns_32_10_no_dsp_1_U1170/p_ZZ10top_kernelPKfS0_S0_PfE3cdf_142[24]_i_1/O
                         net (fo=1, routed)           0.058     7.606    bd_0_i/hls_inst/inst/fdiv_32ns_32ns_32_10_no_dsp_1_U1170_n_5225
    SLICE_X30Y61         FDRE                                         r  bd_0_i/hls_inst/inst/p_ZZ10top_kernelPKfS0_S0_PfE3cdf_142_reg[24]/D
  -------------------------------------------------------------------    -------------------

                         (clock ap_clk rise edge)    10.000    10.000 r  
                                                      0.000    10.000 r  ap_clk (IN)
                         net (fo=63510, unset)        0.024    10.024    bd_0_i/hls_inst/inst/ap_clk
    SLICE_X30Y61         FDRE                                         r  bd_0_i/hls_inst/inst/p_ZZ10top_kernelPKfS0_S0_PfE3cdf_142_reg[24]/C
                         clock pessimism              0.000    10.024    
                         clock uncertainty           -0.035     9.989    
    SLICE_X30Y61         FDRE (Setup_DFF_SLICEL_C_D)
                                                      0.027    10.016    bd_0_i/hls_inst/inst/p_ZZ10top_kernelPKfS0_S0_PfE3cdf_142_reg[24]
  -------------------------------------------------------------------
                         required time                         10.016    
                         arrival time                          -7.606    
  -------------------------------------------------------------------
                         slack                                  2.410    

Slack (MET) :             2.429ns  (required time - arrival time)
  Source:                 bd_0_i/hls_inst/inst/fdiv_32ns_32ns_32_10_no_dsp_1_U1170/ce_r_reg/C
                            (rising edge-triggered cell FDSE clocked by ap_clk  {rise@0.000ns fall@5.000ns period=10.000ns})
  Destination:            bd_0_i/hls_inst/inst/p_ZZ10top_kernelPKfS0_S0_PfE3cdf_179_reg[26]/D
                            (rising edge-triggered cell FDRE clocked by ap_clk  {rise@0.000ns fall@5.000ns period=10.000ns})
  Path Group:             ap_clk
  Path Type:              Setup (Max at Slow Process Corner)
  Requirement:            10.000ns  (ap_clk rise@10.000ns - ap_clk rise@0.000ns)
  Data Path Delay:        7.551ns  (logic 0.267ns (3.536%)  route 7.284ns (96.464%))
  Logic Levels:           1  (LUT6=1)
  Clock Path Skew:        -0.011ns (DCD - SCD + CPR)
    Destination Clock Delay (DCD):    0.026ns = ( 10.026 - 10.000 ) 
    Source Clock Delay      (SCD):    0.037ns
    Clock Pessimism Removal (CPR):    0.000ns
  Clock Uncertainty:      0.035ns  ((TSJ^2 + TIJ^2)^1/2 + DJ) / 2 + PE
    Total System Jitter     (TSJ):    0.071ns
    Total Input Jitter      (TIJ):    0.000ns
    Discrete Jitter          (DJ):    0.000ns
    Phase Error              (PE):    0.000ns

    Location             Delay type                Incr(ns)  Path(ns)    Netlist Resource(s)
  -------------------------------------------------------------------    -------------------
                         (clock ap_clk rise edge)     0.000     0.000 r  
                                                      0.000     0.000 r  ap_clk (IN)
                         net (fo=63510, unset)        0.037     0.037    bd_0_i/hls_inst/inst/fdiv_32ns_32ns_32_10_no_dsp_1_U1170/ap_clk
    SLICE_X28Y97         FDSE                                         r  bd_0_i/hls_inst/inst/fdiv_32ns_32ns_32_10_no_dsp_1_U1170/ce_r_reg/C
  -------------------------------------------------------------------    -------------------
    SLICE_X28Y97         FDSE (Prop_AFF_SLICEM_C_Q)
                                                      0.093     0.130 r  bd_0_i/hls_inst/inst/fdiv_32ns_32ns_32_10_no_dsp_1_U1170/ce_r_reg/Q
                         net (fo=8749, routed)        7.202     7.332    bd_0_i/hls_inst/inst/fdiv_32ns_32ns_32_10_no_dsp_1_U1170/ce_r
    SLICE_X28Y60         LUT6 (Prop_D6LUT_SLICEM_I2_O)
                                                      0.174     7.506 r  bd_0_i/hls_inst/inst/fdiv_32ns_32ns_32_10_no_dsp_1_U1170/p_ZZ10top_kernelPKfS0_S0_PfE3cdf_179[26]_i_1/O
                         net (fo=1, routed)           0.082     7.588    bd_0_i/hls_inst/inst/fdiv_32ns_32ns_32_10_no_dsp_1_U1170_n_3015
    SLICE_X28Y60         FDRE                                         r  bd_0_i/hls_inst/inst/p_ZZ10top_kernelPKfS0_S0_PfE3cdf_179_reg[26]/D
  -------------------------------------------------------------------    -------------------

                         (clock ap_clk rise edge)    10.000    10.000 r  
                                                      0.000    10.000 r  ap_clk (IN)
                         net (fo=63510, unset)        0.026    10.026    bd_0_i/hls_inst/inst/ap_clk
    SLICE_X28Y60         FDRE                                         r  bd_0_i/hls_inst/inst/p_ZZ10top_kernelPKfS0_S0_PfE3cdf_179_reg[26]/C
                         clock pessimism              0.000    10.026    
                         clock uncertainty           -0.035     9.991    
    SLICE_X28Y60         FDRE (Setup_DFF_SLICEM_C_D)
                                                      0.027    10.018    bd_0_i/hls_inst/inst/p_ZZ10top_kernelPKfS0_S0_PfE3cdf_179_reg[26]
  -------------------------------------------------------------------
                         required time                         10.018    
                         arrival time                          -7.588    
  -------------------------------------------------------------------
                         slack                                  2.429    

Slack (MET) :             2.475ns  (required time - arrival time)
  Source:                 bd_0_i/hls_inst/inst/fdiv_32ns_32ns_32_10_no_dsp_1_U1170/ce_r_reg/C
                            (rising edge-triggered cell FDSE clocked by ap_clk  {rise@0.000ns fall@5.000ns period=10.000ns})
  Destination:            bd_0_i/hls_inst/inst/p_ZZ10top_kernelPKfS0_S0_PfE3cdf_190_reg[27]/D
                            (rising edge-triggered cell FDRE clocked by ap_clk  {rise@0.000ns fall@5.000ns period=10.000ns})
  Path Group:             ap_clk
  Path Type:              Setup (Max at Slow Process Corner)
  Requirement:            10.000ns  (ap_clk rise@10.000ns - ap_clk rise@0.000ns)
  Data Path Delay:        7.506ns  (logic 0.271ns (3.610%)  route 7.235ns (96.390%))
  Logic Levels:           1  (LUT6=1)
  Clock Path Skew:        -0.011ns (DCD - SCD + CPR)
    Destination Clock Delay (DCD):    0.026ns = ( 10.026 - 10.000 ) 
    Source Clock Delay      (SCD):    0.037ns
    Clock Pessimism Removal (CPR):    0.000ns
  Clock Uncertainty:      0.035ns  ((TSJ^2 + TIJ^2)^1/2 + DJ) / 2 + PE
    Total System Jitter     (TSJ):    0.071ns
    Total Input Jitter      (TIJ):    0.000ns
    Discrete Jitter          (DJ):    0.000ns
    Phase Error              (PE):    0.000ns

    Location             Delay type                Incr(ns)  Path(ns)    Netlist Resource(s)
  -------------------------------------------------------------------    -------------------
                         (clock ap_clk rise edge)     0.000     0.000 r  
                                                      0.000     0.000 r  ap_clk (IN)
                         net (fo=63510, unset)        0.037     0.037    bd_0_i/hls_inst/inst/fdiv_32ns_32ns_32_10_no_dsp_1_U1170/ap_clk
    SLICE_X28Y97         FDSE                                         r  bd_0_i/hls_inst/inst/fdiv_32ns_32ns_32_10_no_dsp_1_U1170/ce_r_reg/C
  -------------------------------------------------------------------    -------------------
    SLICE_X28Y97         FDSE (Prop_AFF_SLICEM_C_Q)
                                                      0.093     0.130 r  bd_0_i/hls_inst/inst/fdiv_32ns_32ns_32_10_no_dsp_1_U1170/ce_r_reg/Q
                         net (fo=8749, routed)        7.165     7.295    bd_0_i/hls_inst/inst/fdiv_32ns_32ns_32_10_no_dsp_1_U1170/ce_r
    SLICE_X28Y59         LUT6 (Prop_B6LUT_SLICEM_I2_O)
                                                      0.178     7.473 r  bd_0_i/hls_inst/inst/fdiv_32ns_32ns_32_10_no_dsp_1_U1170/p_ZZ10top_kernelPKfS0_S0_PfE3cdf_190[27]_i_1/O
                         net (fo=1, routed)           0.070     7.543    bd_0_i/hls_inst/inst/fdiv_32ns_32ns_32_10_no_dsp_1_U1170_n_3302
    SLICE_X28Y59         FDRE                                         r  bd_0_i/hls_inst/inst/p_ZZ10top_kernelPKfS0_S0_PfE3cdf_190_reg[27]/D
  -------------------------------------------------------------------    -------------------

                         (clock ap_clk rise edge)    10.000    10.000 r  
                                                      0.000    10.000 r  ap_clk (IN)
                         net (fo=63510, unset)        0.026    10.026    bd_0_i/hls_inst/inst/ap_clk
    SLICE_X28Y59         FDRE                                         r  bd_0_i/hls_inst/inst/p_ZZ10top_kernelPKfS0_S0_PfE3cdf_190_reg[27]/C
                         clock pessimism              0.000    10.026    
                         clock uncertainty           -0.035     9.991    
    SLICE_X28Y59         FDRE (Setup_BFF_SLICEM_C_D)
                                                      0.027    10.018    bd_0_i/hls_inst/inst/p_ZZ10top_kernelPKfS0_S0_PfE3cdf_190_reg[27]
  -------------------------------------------------------------------
                         required time                         10.018    
                         arrival time                          -7.543    
  -------------------------------------------------------------------
                         slack                                  2.475    

Slack (MET) :             2.478ns  (required time - arrival time)
  Source:                 bd_0_i/hls_inst/inst/fdiv_32ns_32ns_32_10_no_dsp_1_U1170/ce_r_reg/C
                            (rising edge-triggered cell FDSE clocked by ap_clk  {rise@0.000ns fall@5.000ns period=10.000ns})
  Destination:            bd_0_i/hls_inst/inst/p_ZZ10top_kernelPKfS0_S0_PfE3cdf_191_reg[6]/D
                            (rising edge-triggered cell FDRE clocked by ap_clk  {rise@0.000ns fall@5.000ns period=10.000ns})
  Path Group:             ap_clk
  Path Type:              Setup (Max at Slow Process Corner)
  Requirement:            10.000ns  (ap_clk rise@10.000ns - ap_clk rise@0.000ns)
  Data Path Delay:        7.503ns  (logic 0.240ns (3.199%)  route 7.263ns (96.801%))
  Logic Levels:           1  (LUT6=1)
  Clock Path Skew:        -0.011ns (DCD - SCD + CPR)
    Destination Clock Delay (DCD):    0.026ns = ( 10.026 - 10.000 ) 
    Source Clock Delay      (SCD):    0.037ns
    Clock Pessimism Removal (CPR):    0.000ns
  Clock Uncertainty:      0.035ns  ((TSJ^2 + TIJ^2)^1/2 + DJ) / 2 + PE
    Total System Jitter     (TSJ):    0.071ns
    Total Input Jitter      (TIJ):    0.000ns
    Discrete Jitter          (DJ):    0.000ns
    Phase Error              (PE):    0.000ns

    Location             Delay type                Incr(ns)  Path(ns)    Netlist Resource(s)
  -------------------------------------------------------------------    -------------------
                         (clock ap_clk rise edge)     0.000     0.000 r  
                                                      0.000     0.000 r  ap_clk (IN)
                         net (fo=63510, unset)        0.037     0.037    bd_0_i/hls_inst/inst/fdiv_32ns_32ns_32_10_no_dsp_1_U1170/ap_clk
    SLICE_X28Y97         FDSE                                         r  bd_0_i/hls_inst/inst/fdiv_32ns_32ns_32_10_no_dsp_1_U1170/ce_r_reg/C
  -------------------------------------------------------------------    -------------------
    SLICE_X28Y97         FDSE (Prop_AFF_SLICEM_C_Q)
                                                      0.093     0.130 r  bd_0_i/hls_inst/inst/fdiv_32ns_32ns_32_10_no_dsp_1_U1170/ce_r_reg/Q
                         net (fo=8749, routed)        7.181     7.311    bd_0_i/hls_inst/inst/fdiv_32ns_32ns_32_10_no_dsp_1_U1170/ce_r
    SLICE_X39Y68         LUT6 (Prop_D6LUT_SLICEM_I2_O)
                                                      0.147     7.458 r  bd_0_i/hls_inst/inst/fdiv_32ns_32ns_32_10_no_dsp_1_U1170/p_ZZ10top_kernelPKfS0_S0_PfE3cdf_191[6]_i_1/O
                         net (fo=1, routed)           0.082     7.540    bd_0_i/hls_inst/inst/fdiv_32ns_32ns_32_10_no_dsp_1_U1170_n_443
    SLICE_X39Y68         FDRE                                         r  bd_0_i/hls_inst/inst/p_ZZ10top_kernelPKfS0_S0_PfE3cdf_191_reg[6]/D
  -------------------------------------------------------------------    -------------------

                         (clock ap_clk rise edge)    10.000    10.000 r  
                                                      0.000    10.000 r  ap_clk (IN)
                         net (fo=63510, unset)        0.026    10.026    bd_0_i/hls_inst/inst/ap_clk
    SLICE_X39Y68         FDRE                                         r  bd_0_i/hls_inst/inst/p_ZZ10top_kernelPKfS0_S0_PfE3cdf_191_reg[6]/C
                         clock pessimism              0.000    10.026    
                         clock uncertainty           -0.035     9.991    
    SLICE_X39Y68         FDRE (Setup_DFF_SLICEM_C_D)
                                                      0.027    10.018    bd_0_i/hls_inst/inst/p_ZZ10top_kernelPKfS0_S0_PfE3cdf_191_reg[6]
  -------------------------------------------------------------------
                         required time                         10.018    
                         arrival time                          -7.540    
  -------------------------------------------------------------------
                         slack                                  2.478    

Slack (MET) :             2.479ns  (required time - arrival time)
  Source:                 bd_0_i/hls_inst/inst/fdiv_32ns_32ns_32_10_no_dsp_1_U1170/ce_r_reg/C
                            (rising edge-triggered cell FDSE clocked by ap_clk  {rise@0.000ns fall@5.000ns period=10.000ns})
  Destination:            bd_0_i/hls_inst/inst/p_ZZ10top_kernelPKfS0_S0_PfE3cdf_133_reg[25]/D
                            (rising edge-triggered cell FDRE clocked by ap_clk  {rise@0.000ns fall@5.000ns period=10.000ns})
  Path Group:             ap_clk
  Path Type:              Setup (Max at Slow Process Corner)
  Requirement:            10.000ns  (ap_clk rise@10.000ns - ap_clk rise@0.000ns)
  Data Path Delay:        7.501ns  (logic 0.209ns (2.786%)  route 7.292ns (97.214%))
  Logic Levels:           1  (LUT6=1)
  Clock Path Skew:        -0.012ns (DCD - SCD + CPR)
    Destination Clock Delay (DCD):    0.025ns = ( 10.025 - 10.000 ) 
    Source Clock Delay      (SCD):    0.037ns
    Clock Pessimism Removal (CPR):    0.000ns
  Clock Uncertainty:      0.035ns  ((TSJ^2 + TIJ^2)^1/2 + DJ) / 2 + PE
    Total System Jitter     (TSJ):    0.071ns
    Total Input Jitter      (TIJ):    0.000ns
    Discrete Jitter          (DJ):    0.000ns
    Phase Error              (PE):    0.000ns

    Location             Delay type                Incr(ns)  Path(ns)    Netlist Resource(s)
  -------------------------------------------------------------------    -------------------
                         (clock ap_clk rise edge)     0.000     0.000 r  
                                                      0.000     0.000 r  ap_clk (IN)
                         net (fo=63510, unset)        0.037     0.037    bd_0_i/hls_inst/inst/fdiv_32ns_32ns_32_10_no_dsp_1_U1170/ap_clk
    SLICE_X28Y97         FDSE                                         r  bd_0_i/hls_inst/inst/fdiv_32ns_32ns_32_10_no_dsp_1_U1170/ce_r_reg/C
  -------------------------------------------------------------------    -------------------
    SLICE_X28Y97         FDSE (Prop_AFF_SLICEM_C_Q)
                                                      0.093     0.130 r  bd_0_i/hls_inst/inst/fdiv_32ns_32ns_32_10_no_dsp_1_U1170/ce_r_reg/Q
                         net (fo=8749, routed)        7.232     7.362    bd_0_i/hls_inst/inst/fdiv_32ns_32ns_32_10_no_dsp_1_U1170/ce_r
    SLICE_X30Y61         LUT6 (Prop_H6LUT_SLICEL_I2_O)
                                                      0.116     7.478 r  bd_0_i/hls_inst/inst/fdiv_32ns_32ns_32_10_no_dsp_1_U1170/p_ZZ10top_kernelPKfS0_S0_PfE3cdf_133[25]_i_1/O
                         net (fo=1, routed)           0.060     7.538    bd_0_i/hls_inst/inst/fdiv_32ns_32ns_32_10_no_dsp_1_U1170_n_3080
    SLICE_X30Y61         FDRE                                         r  bd_0_i/hls_inst/inst/p_ZZ10top_kernelPKfS0_S0_PfE3cdf_133_reg[25]/D
  -------------------------------------------------------------------    -------------------

                         (clock ap_clk rise edge)    10.000    10.000 r  
                                                      0.000    10.000 r  ap_clk (IN)
                         net (fo=63510, unset)        0.025    10.025    bd_0_i/hls_inst/inst/ap_clk
    SLICE_X30Y61         FDRE                                         r  bd_0_i/hls_inst/inst/p_ZZ10top_kernelPKfS0_S0_PfE3cdf_133_reg[25]/C
                         clock pessimism              0.000    10.025    
                         clock uncertainty           -0.035     9.990    
    SLICE_X30Y61         FDRE (Setup_HFF_SLICEL_C_D)
                                                      0.027    10.017    bd_0_i/hls_inst/inst/p_ZZ10top_kernelPKfS0_S0_PfE3cdf_133_reg[25]
  -------------------------------------------------------------------
                         required time                         10.017    
                         arrival time                          -7.538    
  -------------------------------------------------------------------
                         slack                                  2.479    




