Copyright 1986-2022 Xilinx, Inc. All Rights Reserved. Copyright 2022-2025 Advanced Micro Devices, Inc. All Rights Reserved.
---------------------------------------------------------------------------------------------------------------------------------------------
| Tool Version : Vivado v.2025.1.1 (lin64) Build 6233196 Thu Sep 11 21:27:11 MDT 2025
| Date         : Sat Apr  4 15:25:49 2026
| Host         : ece-linlabsrv01 running 64-bit Red Hat Enterprise Linux release 8.10 (Ootpa)
| Command      : report_utilization -hierarchical -hierarchical_depth 6 -file ./report/top_kernel_utilization_hierarchical_synth.rpt
| Design       : bd_0_wrapper
| Device       : xczu3eg-sbva484-1-e
| Speed File   : -1
| Design State : Synthesized
---------------------------------------------------------------------------------------------------------------------------------------------

Utilization Design Information

Table of Contents
-----------------
1. Utilization by Hierarchy

1. Utilization by Hierarchy
---------------------------

+---------------------------------------------------------------------------------+---------------------------------------------------------------------------------------+------------+------------+---------+------+-------+--------+--------+------+------------+
|                                     Instance                                    |                                         Module                                        | Total LUTs | Logic LUTs | LUTRAMs | SRLs |  FFs  | RAMB36 | RAMB18 | URAM | DSP Blocks |
+---------------------------------------------------------------------------------+---------------------------------------------------------------------------------------+------------+------------+---------+------+-------+--------+--------+------+------------+
| bd_0_wrapper                                                                    |                                                                                 (top) |      54308 |      51218 |       0 | 3090 | 60318 |     26 |      1 |    0 |        151 |
|   bd_0_i                                                                        |                                                                                  bd_0 |      54308 |      51218 |       0 | 3090 | 60318 |     26 |      1 |    0 |        151 |
|     hls_inst                                                                    |                                                                       bd_0_hls_inst_0 |      54308 |      51218 |       0 | 3090 | 60318 |     26 |      1 |    0 |        151 |
|       inst                                                                      |                                                            bd_0_hls_inst_0_top_kernel |      54308 |      51218 |       0 | 3090 | 60318 |     26 |      1 |    0 |        151 |
|         (inst)                                                                  |                                                            bd_0_hls_inst_0_top_kernel |       2693 |       2692 |       0 |    1 | 25950 |      0 |      0 |    0 |          0 |
|         bilateral_filtered_U                                                    |                             bd_0_hls_inst_0_top_kernel_gaussian_blurred_RAM_AUTO_1R1W |         63 |         63 |       0 |    0 |     0 |      4 |      0 |    0 |          0 |
|         control_s_axi_U                                                         |                                              bd_0_hls_inst_0_top_kernel_control_s_axi |        285 |        285 |       0 |    0 |   309 |      0 |      0 |    0 |          0 |
|         eroded_U                                                                |                           bd_0_hls_inst_0_top_kernel_gaussian_blurred_RAM_AUTO_1R1W_0 |         63 |         63 |       0 |    0 |     0 |      4 |      0 |    0 |          0 |
|         fadd_32ns_32ns_32_5_full_dsp_1_U1186                                    |                  bd_0_hls_inst_0_top_kernel_fadd_32ns_32ns_32_5_full_dsp_1__xdcDup__5 |        228 |        228 |       0 |    0 |   175 |      0 |      0 |    0 |          2 |
|           (fadd_32ns_32ns_32_5_full_dsp_1_U1186)                                |                  bd_0_hls_inst_0_top_kernel_fadd_32ns_32ns_32_5_full_dsp_1__xdcDup__5 |          0 |          0 |       0 |    0 |    64 |      0 |      0 |    0 |          0 |
|           top_kernel_fadd_32ns_32ns_32_5_full_dsp_1_ip_u                        |                      bd_0_hls_inst_0_top_kernel_fadd_32ns_32ns_32_5_full_dsp_1_ip__14 |        228 |        228 |       0 |    0 |   111 |      0 |      0 |    0 |          2 |
|             U0                                                                  |                                            bd_0_hls_inst_0_floating_point_v7_1_20__14 |        228 |        228 |       0 |    0 |   111 |      0 |      0 |    0 |          2 |
|         fadd_32ns_32ns_32_5_full_dsp_1_U1187                                    |                  bd_0_hls_inst_0_top_kernel_fadd_32ns_32ns_32_5_full_dsp_1__xdcDup__6 |        228 |        228 |       0 |    0 |   175 |      0 |      0 |    0 |          2 |
|           (fadd_32ns_32ns_32_5_full_dsp_1_U1187)                                |                  bd_0_hls_inst_0_top_kernel_fadd_32ns_32ns_32_5_full_dsp_1__xdcDup__6 |          0 |          0 |       0 |    0 |    64 |      0 |      0 |    0 |          0 |
|           top_kernel_fadd_32ns_32ns_32_5_full_dsp_1_ip_u                        |                          bd_0_hls_inst_0_top_kernel_fadd_32ns_32ns_32_5_full_dsp_1_ip |        228 |        228 |       0 |    0 |   111 |      0 |      0 |    0 |          2 |
|             U0                                                                  |                                                bd_0_hls_inst_0_floating_point_v7_1_20 |        228 |        228 |       0 |    0 |   111 |      0 |      0 |    0 |          2 |
|         fadd_32ns_32ns_32_5_full_dsp_1_U1188                                    |                  bd_0_hls_inst_0_top_kernel_fadd_32ns_32ns_32_5_full_dsp_1__xdcDup__7 |        228 |        228 |       0 |    0 |   175 |      0 |      0 |    0 |          2 |
|           (fadd_32ns_32ns_32_5_full_dsp_1_U1188)                                |                  bd_0_hls_inst_0_top_kernel_fadd_32ns_32ns_32_5_full_dsp_1__xdcDup__7 |          0 |          0 |       0 |    0 |    64 |      0 |      0 |    0 |          0 |
|           top_kernel_fadd_32ns_32ns_32_5_full_dsp_1_ip_u                        |                      bd_0_hls_inst_0_top_kernel_fadd_32ns_32ns_32_5_full_dsp_1_ip__13 |        228 |        228 |       0 |    0 |   111 |      0 |      0 |    0 |          2 |
|             U0                                                                  |                                            bd_0_hls_inst_0_floating_point_v7_1_20__13 |        228 |        228 |       0 |    0 |   111 |      0 |      0 |    0 |          2 |
|         fadd_32ns_32ns_32_5_full_dsp_1_U1189                                    |                             bd_0_hls_inst_0_top_kernel_fadd_32ns_32ns_32_5_full_dsp_1 |        228 |        228 |       0 |    0 |   175 |      0 |      0 |    0 |          2 |
|           (fadd_32ns_32ns_32_5_full_dsp_1_U1189)                                |                             bd_0_hls_inst_0_top_kernel_fadd_32ns_32ns_32_5_full_dsp_1 |          0 |          0 |       0 |    0 |    64 |      0 |      0 |    0 |          0 |
|           top_kernel_fadd_32ns_32ns_32_5_full_dsp_1_ip_u                        |                      bd_0_hls_inst_0_top_kernel_fadd_32ns_32ns_32_5_full_dsp_1_ip__12 |        228 |        228 |       0 |    0 |   111 |      0 |      0 |    0 |          2 |
|             U0                                                                  |                                            bd_0_hls_inst_0_floating_point_v7_1_20__12 |        228 |        228 |       0 |    0 |   111 |      0 |      0 |    0 |          2 |
|         faddfsub_32ns_32ns_32_5_full_dsp_1_U1169                                |              bd_0_hls_inst_0_top_kernel_faddfsub_32ns_32ns_32_5_full_dsp_1__xdcDup__1 |        230 |        230 |       0 |    0 |   176 |      0 |      0 |    0 |          2 |
|           (faddfsub_32ns_32ns_32_5_full_dsp_1_U1169)                            |              bd_0_hls_inst_0_top_kernel_faddfsub_32ns_32ns_32_5_full_dsp_1__xdcDup__1 |          1 |          1 |       0 |    0 |    65 |      0 |      0 |    0 |          0 |
|           top_kernel_faddfsub_32ns_32ns_32_5_full_dsp_1_ip_u                    |                      bd_0_hls_inst_0_top_kernel_faddfsub_32ns_32ns_32_5_full_dsp_1_ip |        229 |        229 |       0 |    0 |   111 |      0 |      0 |    0 |          2 |
|             U0                                                                  |                               bd_0_hls_inst_0_floating_point_v7_1_20__parameterized11 |        229 |        229 |       0 |    0 |   111 |      0 |      0 |    0 |          2 |
|         faddfsub_32ns_32ns_32_5_full_dsp_1_U1182                                |              bd_0_hls_inst_0_top_kernel_faddfsub_32ns_32ns_32_5_full_dsp_1__xdcDup__2 |        229 |        229 |       0 |    0 |   175 |      0 |      0 |    0 |          2 |
|           (faddfsub_32ns_32ns_32_5_full_dsp_1_U1182)                            |              bd_0_hls_inst_0_top_kernel_faddfsub_32ns_32ns_32_5_full_dsp_1__xdcDup__2 |          0 |          0 |       0 |    0 |    64 |      0 |      0 |    0 |          0 |
|           top_kernel_faddfsub_32ns_32ns_32_5_full_dsp_1_ip_u                    |                   bd_0_hls_inst_0_top_kernel_faddfsub_32ns_32ns_32_5_full_dsp_1_ip__8 |        229 |        229 |       0 |    0 |   111 |      0 |      0 |    0 |          2 |
|             U0                                                                  |                            bd_0_hls_inst_0_floating_point_v7_1_20__parameterized11__8 |        229 |        229 |       0 |    0 |   111 |      0 |      0 |    0 |          2 |
|         faddfsub_32ns_32ns_32_5_full_dsp_1_U1183                                |              bd_0_hls_inst_0_top_kernel_faddfsub_32ns_32ns_32_5_full_dsp_1__xdcDup__3 |        229 |        229 |       0 |    0 |   176 |      0 |      0 |    0 |          2 |
|           (faddfsub_32ns_32ns_32_5_full_dsp_1_U1183)                            |              bd_0_hls_inst_0_top_kernel_faddfsub_32ns_32ns_32_5_full_dsp_1__xdcDup__3 |          0 |          0 |       0 |    0 |    65 |      0 |      0 |    0 |          0 |
|           top_kernel_faddfsub_32ns_32ns_32_5_full_dsp_1_ip_u                    |                   bd_0_hls_inst_0_top_kernel_faddfsub_32ns_32ns_32_5_full_dsp_1_ip__7 |        229 |        229 |       0 |    0 |   111 |      0 |      0 |    0 |          2 |
|             U0                                                                  |                            bd_0_hls_inst_0_floating_point_v7_1_20__parameterized11__7 |        229 |        229 |       0 |    0 |   111 |      0 |      0 |    0 |          2 |
|         faddfsub_32ns_32ns_32_5_full_dsp_1_U1184                                |              bd_0_hls_inst_0_top_kernel_faddfsub_32ns_32ns_32_5_full_dsp_1__xdcDup__4 |        229 |        229 |       0 |    0 |   176 |      0 |      0 |    0 |          2 |
|           (faddfsub_32ns_32ns_32_5_full_dsp_1_U1184)                            |              bd_0_hls_inst_0_top_kernel_faddfsub_32ns_32ns_32_5_full_dsp_1__xdcDup__4 |          0 |          0 |       0 |    0 |    65 |      0 |      0 |    0 |          0 |
|           top_kernel_faddfsub_32ns_32ns_32_5_full_dsp_1_ip_u                    |                   bd_0_hls_inst_0_top_kernel_faddfsub_32ns_32ns_32_5_full_dsp_1_ip__6 |        229 |        229 |       0 |    0 |   111 |      0 |      0 |    0 |          2 |
|             U0                                                                  |                            bd_0_hls_inst_0_floating_point_v7_1_20__parameterized11__6 |        229 |        229 |       0 |    0 |   111 |      0 |      0 |    0 |          2 |
|         faddfsub_32ns_32ns_32_5_full_dsp_1_U1185                                |                         bd_0_hls_inst_0_top_kernel_faddfsub_32ns_32ns_32_5_full_dsp_1 |        229 |        229 |       0 |    0 |   175 |      0 |      0 |    0 |          2 |
|           (faddfsub_32ns_32ns_32_5_full_dsp_1_U1185)                            |                         bd_0_hls_inst_0_top_kernel_faddfsub_32ns_32ns_32_5_full_dsp_1 |          0 |          0 |       0 |    0 |    64 |      0 |      0 |    0 |          0 |
|           top_kernel_faddfsub_32ns_32ns_32_5_full_dsp_1_ip_u                    |                   bd_0_hls_inst_0_top_kernel_faddfsub_32ns_32ns_32_5_full_dsp_1_ip__5 |        229 |        229 |       0 |    0 |   111 |      0 |      0 |    0 |          2 |
|             U0                                                                  |                            bd_0_hls_inst_0_floating_point_v7_1_20__parameterized11__5 |        229 |        229 |       0 |    0 |   111 |      0 |      0 |    0 |          2 |
|         fcmp_32ns_32ns_1_2_no_dsp_1_U1198                                       |                                bd_0_hls_inst_0_top_kernel_fcmp_32ns_32ns_1_2_no_dsp_1 |         48 |         48 |       0 |    0 |    66 |      0 |      0 |    0 |          0 |
|           (fcmp_32ns_32ns_1_2_no_dsp_1_U1198)                                   |                                bd_0_hls_inst_0_top_kernel_fcmp_32ns_32ns_1_2_no_dsp_1 |          2 |          2 |       0 |    0 |    66 |      0 |      0 |    0 |          0 |
|         fdiv_32ns_32ns_32_10_no_dsp_1_U1170                                     |                   bd_0_hls_inst_0_top_kernel_fdiv_32ns_32ns_32_10_no_dsp_1__xdcDup__3 |       9009 |       8977 |       0 |   32 |   567 |      0 |      0 |    0 |          0 |
|           (fdiv_32ns_32ns_32_10_no_dsp_1_U1170)                                 |                   bd_0_hls_inst_0_top_kernel_fdiv_32ns_32ns_32_10_no_dsp_1__xdcDup__3 |       8219 |       8219 |       0 |    0 |   193 |      0 |      0 |    0 |          0 |
|           top_kernel_fdiv_32ns_32ns_32_10_no_dsp_1_ip_u                         |                           bd_0_hls_inst_0_top_kernel_fdiv_32ns_32ns_32_10_no_dsp_1_ip |        790 |        758 |       0 |   32 |   374 |      0 |      0 |    0 |          0 |
|             U0                                                                  |                                bd_0_hls_inst_0_floating_point_v7_1_20__parameterized3 |        790 |        758 |       0 |   32 |   374 |      0 |      0 |    0 |          0 |
|         fdiv_32ns_32ns_32_10_no_dsp_1_U1180                                     |                              bd_0_hls_inst_0_top_kernel_fdiv_32ns_32ns_32_10_no_dsp_1 |        762 |        730 |       0 |   32 |   321 |      0 |      0 |    0 |          0 |
|           (fdiv_32ns_32ns_32_10_no_dsp_1_U1180)                                 |                              bd_0_hls_inst_0_top_kernel_fdiv_32ns_32ns_32_10_no_dsp_1 |         16 |         16 |       0 |    0 |    67 |      0 |      0 |    0 |          0 |
|           top_kernel_fdiv_32ns_32ns_32_10_no_dsp_1_ip_u                         |                        bd_0_hls_inst_0_top_kernel_fdiv_32ns_32ns_32_10_no_dsp_1_ip__6 |        746 |        714 |       0 |   32 |   254 |      0 |      0 |    0 |          0 |
|             U0                                                                  |                             bd_0_hls_inst_0_floating_point_v7_1_20__parameterized3__6 |        746 |        714 |       0 |   32 |   254 |      0 |      0 |    0 |          0 |
|         fmul_32ns_32ns_32_4_max_dsp_1_U1181                                     |                   bd_0_hls_inst_0_top_kernel_fmul_32ns_32ns_32_4_max_dsp_1__xdcDup__5 |         82 |         82 |       0 |    0 |   113 |      0 |      0 |    0 |          3 |
|           (fmul_32ns_32ns_32_4_max_dsp_1_U1181)                                 |                   bd_0_hls_inst_0_top_kernel_fmul_32ns_32ns_32_4_max_dsp_1__xdcDup__5 |          7 |          7 |       0 |    0 |    64 |      0 |      0 |    0 |          0 |
|           top_kernel_fmul_32ns_32ns_32_4_max_dsp_1_ip_u                         |                           bd_0_hls_inst_0_top_kernel_fmul_32ns_32ns_32_4_max_dsp_1_ip |         75 |         75 |       0 |    0 |    49 |      0 |      0 |    0 |          3 |
|             U0                                                                  |                                bd_0_hls_inst_0_floating_point_v7_1_20__parameterized1 |         75 |         75 |       0 |    0 |    49 |      0 |      0 |    0 |          3 |
|         fmul_32ns_32ns_32_4_max_dsp_1_U1190                                     |                   bd_0_hls_inst_0_top_kernel_fmul_32ns_32ns_32_4_max_dsp_1__xdcDup__6 |         75 |         75 |       0 |    0 |   113 |      0 |      0 |    0 |          3 |
|           (fmul_32ns_32ns_32_4_max_dsp_1_U1190)                                 |                   bd_0_hls_inst_0_top_kernel_fmul_32ns_32ns_32_4_max_dsp_1__xdcDup__6 |          0 |          0 |       0 |    0 |    64 |      0 |      0 |    0 |          0 |
|           top_kernel_fmul_32ns_32ns_32_4_max_dsp_1_ip_u                         |                       bd_0_hls_inst_0_top_kernel_fmul_32ns_32ns_32_4_max_dsp_1_ip__17 |         75 |         75 |       0 |    0 |    49 |      0 |      0 |    0 |          3 |
|             U0                                                                  |                            bd_0_hls_inst_0_floating_point_v7_1_20__parameterized1__17 |         75 |         75 |       0 |    0 |    49 |      0 |      0 |    0 |          3 |
|         fmul_32ns_32ns_32_4_max_dsp_1_U1191                                     |                   bd_0_hls_inst_0_top_kernel_fmul_32ns_32ns_32_4_max_dsp_1__xdcDup__7 |         75 |         75 |       0 |    0 |   113 |      0 |      0 |    0 |          3 |
|           (fmul_32ns_32ns_32_4_max_dsp_1_U1191)                                 |                   bd_0_hls_inst_0_top_kernel_fmul_32ns_32ns_32_4_max_dsp_1__xdcDup__7 |          0 |          0 |       0 |    0 |    64 |      0 |      0 |    0 |          0 |
|           top_kernel_fmul_32ns_32ns_32_4_max_dsp_1_ip_u                         |                       bd_0_hls_inst_0_top_kernel_fmul_32ns_32ns_32_4_max_dsp_1_ip__18 |         75 |         75 |       0 |    0 |    49 |      0 |      0 |    0 |          3 |
|             U0                                                                  |                            bd_0_hls_inst_0_floating_point_v7_1_20__parameterized1__18 |         75 |         75 |       0 |    0 |    49 |      0 |      0 |    0 |          3 |
|         fmul_32ns_32ns_32_4_max_dsp_1_U1192                                     |                   bd_0_hls_inst_0_top_kernel_fmul_32ns_32ns_32_4_max_dsp_1__xdcDup__8 |         75 |         75 |       0 |    0 |   113 |      0 |      0 |    0 |          3 |
|           (fmul_32ns_32ns_32_4_max_dsp_1_U1192)                                 |                   bd_0_hls_inst_0_top_kernel_fmul_32ns_32ns_32_4_max_dsp_1__xdcDup__8 |          0 |          0 |       0 |    0 |    64 |      0 |      0 |    0 |          0 |
|           top_kernel_fmul_32ns_32ns_32_4_max_dsp_1_ip_u                         |                       bd_0_hls_inst_0_top_kernel_fmul_32ns_32ns_32_4_max_dsp_1_ip__19 |         75 |         75 |       0 |    0 |    49 |      0 |      0 |    0 |          3 |
|             U0                                                                  |                            bd_0_hls_inst_0_floating_point_v7_1_20__parameterized1__19 |         75 |         75 |       0 |    0 |    49 |      0 |      0 |    0 |          3 |
|         fmul_32ns_32ns_32_4_max_dsp_1_U1193                                     |                   bd_0_hls_inst_0_top_kernel_fmul_32ns_32ns_32_4_max_dsp_1__xdcDup__9 |         76 |         76 |       0 |    0 |   113 |      0 |      0 |    0 |          3 |
|           (fmul_32ns_32ns_32_4_max_dsp_1_U1193)                                 |                   bd_0_hls_inst_0_top_kernel_fmul_32ns_32ns_32_4_max_dsp_1__xdcDup__9 |          1 |          1 |       0 |    0 |    64 |      0 |      0 |    0 |          0 |
|           top_kernel_fmul_32ns_32ns_32_4_max_dsp_1_ip_u                         |                       bd_0_hls_inst_0_top_kernel_fmul_32ns_32ns_32_4_max_dsp_1_ip__24 |         75 |         75 |       0 |    0 |    49 |      0 |      0 |    0 |          3 |
|             U0                                                                  |                            bd_0_hls_inst_0_floating_point_v7_1_20__parameterized1__24 |         75 |         75 |       0 |    0 |    49 |      0 |      0 |    0 |          3 |
|         fmul_32ns_32ns_32_4_max_dsp_1_U1194                                     |                  bd_0_hls_inst_0_top_kernel_fmul_32ns_32ns_32_4_max_dsp_1__xdcDup__10 |         75 |         75 |       0 |    0 |   113 |      0 |      0 |    0 |          3 |
|           (fmul_32ns_32ns_32_4_max_dsp_1_U1194)                                 |                  bd_0_hls_inst_0_top_kernel_fmul_32ns_32ns_32_4_max_dsp_1__xdcDup__10 |          0 |          0 |       0 |    0 |    64 |      0 |      0 |    0 |          0 |
|           top_kernel_fmul_32ns_32ns_32_4_max_dsp_1_ip_u                         |                       bd_0_hls_inst_0_top_kernel_fmul_32ns_32ns_32_4_max_dsp_1_ip__23 |         75 |         75 |       0 |    0 |    49 |      0 |      0 |    0 |          3 |
|             U0                                                                  |                            bd_0_hls_inst_0_floating_point_v7_1_20__parameterized1__23 |         75 |         75 |       0 |    0 |    49 |      0 |      0 |    0 |          3 |
|         fmul_32ns_32ns_32_4_max_dsp_1_U1195                                     |                  bd_0_hls_inst_0_top_kernel_fmul_32ns_32ns_32_4_max_dsp_1__xdcDup__11 |         75 |         75 |       0 |    0 |   113 |      0 |      0 |    0 |          3 |
|           (fmul_32ns_32ns_32_4_max_dsp_1_U1195)                                 |                  bd_0_hls_inst_0_top_kernel_fmul_32ns_32ns_32_4_max_dsp_1__xdcDup__11 |          0 |          0 |       0 |    0 |    64 |      0 |      0 |    0 |          0 |
|           top_kernel_fmul_32ns_32ns_32_4_max_dsp_1_ip_u                         |                       bd_0_hls_inst_0_top_kernel_fmul_32ns_32ns_32_4_max_dsp_1_ip__22 |         75 |         75 |       0 |    0 |    49 |      0 |      0 |    0 |          3 |
|             U0                                                                  |                            bd_0_hls_inst_0_floating_point_v7_1_20__parameterized1__22 |         75 |         75 |       0 |    0 |    49 |      0 |      0 |    0 |          3 |
|         fmul_32ns_32ns_32_4_max_dsp_1_U1196                                     |                  bd_0_hls_inst_0_top_kernel_fmul_32ns_32ns_32_4_max_dsp_1__xdcDup__12 |         75 |         75 |       0 |    0 |   113 |      0 |      0 |    0 |          3 |
|           (fmul_32ns_32ns_32_4_max_dsp_1_U1196)                                 |                  bd_0_hls_inst_0_top_kernel_fmul_32ns_32ns_32_4_max_dsp_1__xdcDup__12 |          0 |          0 |       0 |    0 |    64 |      0 |      0 |    0 |          0 |
|           top_kernel_fmul_32ns_32ns_32_4_max_dsp_1_ip_u                         |                       bd_0_hls_inst_0_top_kernel_fmul_32ns_32ns_32_4_max_dsp_1_ip__20 |         75 |         75 |       0 |    0 |    49 |      0 |      0 |    0 |          3 |
|             U0                                                                  |                            bd_0_hls_inst_0_floating_point_v7_1_20__parameterized1__20 |         75 |         75 |       0 |    0 |    49 |      0 |      0 |    0 |          3 |
|         fmul_32ns_32ns_32_4_max_dsp_1_U1197                                     |                              bd_0_hls_inst_0_top_kernel_fmul_32ns_32ns_32_4_max_dsp_1 |         75 |         75 |       0 |    0 |   113 |      0 |      0 |    0 |          3 |
|           (fmul_32ns_32ns_32_4_max_dsp_1_U1197)                                 |                              bd_0_hls_inst_0_top_kernel_fmul_32ns_32ns_32_4_max_dsp_1 |          0 |          0 |       0 |    0 |    64 |      0 |      0 |    0 |          0 |
|           top_kernel_fmul_32ns_32ns_32_4_max_dsp_1_ip_u                         |                       bd_0_hls_inst_0_top_kernel_fmul_32ns_32ns_32_4_max_dsp_1_ip__21 |         75 |         75 |       0 |    0 |    49 |      0 |      0 |    0 |          3 |
|             U0                                                                  |                            bd_0_hls_inst_0_floating_point_v7_1_20__parameterized1__21 |         75 |         75 |       0 |    0 |    49 |      0 |      0 |    0 |          3 |
|         gmem_m_axi_U                                                            |                                                 bd_0_hls_inst_0_top_kernel_gmem_m_axi |       1352 |       1091 |       0 |  261 |  1884 |      0 |      1 |    0 |          0 |
|           bus_read                                                              |                                            bd_0_hls_inst_0_top_kernel_gmem_m_axi_read |        400 |        400 |       0 |    0 |   626 |      0 |      0 |    0 |          0 |
|             rreq_burst_conv                                                     |                             bd_0_hls_inst_0_top_kernel_gmem_m_axi_burst_converter_842 |        322 |        322 |       0 |    0 |   524 |      0 |      0 |    0 |          0 |
|             rs_rdata                                                            |                       bd_0_hls_inst_0_top_kernel_gmem_m_axi_reg_slice__parameterized3 |         40 |         40 |       0 |    0 |    71 |      0 |      0 |    0 |          0 |
|           bus_write                                                             |                                           bd_0_hls_inst_0_top_kernel_gmem_m_axi_write |        504 |        441 |       0 |   63 |   758 |      0 |      0 |    0 |          0 |
|             wreq_burst_conv                                                     |                                 bd_0_hls_inst_0_top_kernel_gmem_m_axi_burst_converter |        293 |        293 |       0 |    0 |   459 |      0 |      0 |    0 |          0 |
|             wreq_throttle                                                       |                                        bd_0_hls_inst_0_top_kernel_gmem_m_axi_throttle |        184 |        122 |       0 |   62 |   276 |      0 |      0 |    0 |          0 |
|           load_unit_0                                                           |                                            bd_0_hls_inst_0_top_kernel_gmem_m_axi_load |        203 |        109 |       0 |   94 |   239 |      0 |      1 |    0 |          0 |
|             (load_unit_0)                                                       |                                            bd_0_hls_inst_0_top_kernel_gmem_m_axi_load |          1 |          1 |       0 |    0 |    94 |      0 |      0 |    0 |          0 |
|             fifo_rreq                                                           |                        bd_0_hls_inst_0_top_kernel_gmem_m_axi_fifo__parameterized0_836 |        153 |         59 |       0 |   94 |   108 |      0 |      0 |    0 |          0 |
|           store_unit_0                                                          |                                           bd_0_hls_inst_0_top_kernel_gmem_m_axi_store |        245 |        141 |       0 |  104 |   261 |      0 |      0 |    0 |          0 |
|             (store_unit_0)                                                      |                                           bd_0_hls_inst_0_top_kernel_gmem_m_axi_store |          2 |          2 |       0 |    0 |    78 |      0 |      0 |    0 |          0 |
|             buff_wdata                                                          |                            bd_0_hls_inst_0_top_kernel_gmem_m_axi_fifo__parameterized1 |         70 |         34 |       0 |   36 |    56 |      0 |      0 |    0 |          0 |
|             fifo_wreq                                                           |                            bd_0_hls_inst_0_top_kernel_gmem_m_axi_fifo__parameterized0 |         91 |         28 |       0 |   63 |    77 |      0 |      0 |    0 |          0 |
|         grp_top_kernel_Outline_VITIS_LOOP_26_1_fu_3409                          |                         bd_0_hls_inst_0_top_kernel_top_kernel_Outline_VITIS_LOOP_26_1 |        280 |        280 |       0 |    0 |   622 |      0 |      0 |    0 |          0 |
|         grp_top_kernel_Outline_VITIS_LOOP_66_3_fu_3420                          |                         bd_0_hls_inst_0_top_kernel_top_kernel_Outline_VITIS_LOOP_66_3 |        266 |        266 |       0 |    0 |    15 |      0 |      0 |    0 |          0 |
|         grp_top_kernel_Pipeline_VITIS_LOOP_113_10_VITIS_LOOP_115_11_fu_4984     |    bd_0_hls_inst_0_top_kernel_top_kernel_Pipeline_VITIS_LOOP_113_10_VITIS_LOOP_115_11 |       6812 |       5385 |       0 | 1427 |  6732 |      0 |      0 |    0 |         25 |
|           (grp_top_kernel_Pipeline_VITIS_LOOP_113_10_VITIS_LOOP_115_11_fu_4984) |    bd_0_hls_inst_0_top_kernel_top_kernel_Pipeline_VITIS_LOOP_113_10_VITIS_LOOP_115_11 |       4012 |       2591 |       0 | 1421 |  5666 |      0 |      0 |    0 |          0 |
|           fadd_32ns_32ns_32_5_full_dsp_1_U1061                                  |                  bd_0_hls_inst_0_top_kernel_fadd_32ns_32ns_32_5_full_dsp_1__xdcDup__1 |        340 |        340 |       0 |    0 |   175 |      0 |      0 |    0 |          2 |
|             (fadd_32ns_32ns_32_5_full_dsp_1_U1061)                              |                  bd_0_hls_inst_0_top_kernel_fadd_32ns_32ns_32_5_full_dsp_1__xdcDup__1 |        112 |        112 |       0 |    0 |    64 |      0 |      0 |    0 |          0 |
|             top_kernel_fadd_32ns_32ns_32_5_full_dsp_1_ip_u                      |                       bd_0_hls_inst_0_top_kernel_fadd_32ns_32ns_32_5_full_dsp_1_ip__8 |        228 |        228 |       0 |    0 |   111 |      0 |      0 |    0 |          2 |
|           fadd_32ns_32ns_32_5_full_dsp_1_U1062                                  |                  bd_0_hls_inst_0_top_kernel_fadd_32ns_32ns_32_5_full_dsp_1__xdcDup__2 |        341 |        341 |       0 |    0 |   175 |      0 |      0 |    0 |          2 |
|             (fadd_32ns_32ns_32_5_full_dsp_1_U1062)                              |                  bd_0_hls_inst_0_top_kernel_fadd_32ns_32ns_32_5_full_dsp_1__xdcDup__2 |        113 |        113 |       0 |    0 |    64 |      0 |      0 |    0 |          0 |
|             top_kernel_fadd_32ns_32ns_32_5_full_dsp_1_ip_u                      |                       bd_0_hls_inst_0_top_kernel_fadd_32ns_32ns_32_5_full_dsp_1_ip__9 |        228 |        228 |       0 |    0 |   111 |      0 |      0 |    0 |          2 |
|           fadd_32ns_32ns_32_5_full_dsp_1_U1063                                  |                  bd_0_hls_inst_0_top_kernel_fadd_32ns_32ns_32_5_full_dsp_1__xdcDup__3 |        341 |        341 |       0 |    0 |   175 |      0 |      0 |    0 |          2 |
|             (fadd_32ns_32ns_32_5_full_dsp_1_U1063)                              |                  bd_0_hls_inst_0_top_kernel_fadd_32ns_32ns_32_5_full_dsp_1__xdcDup__3 |        113 |        113 |       0 |    0 |    64 |      0 |      0 |    0 |          0 |
|             top_kernel_fadd_32ns_32ns_32_5_full_dsp_1_ip_u                      |                      bd_0_hls_inst_0_top_kernel_fadd_32ns_32ns_32_5_full_dsp_1_ip__10 |        228 |        228 |       0 |    0 |   111 |      0 |      0 |    0 |          2 |
|           fadd_32ns_32ns_32_5_full_dsp_1_U1064                                  |                  bd_0_hls_inst_0_top_kernel_fadd_32ns_32ns_32_5_full_dsp_1__xdcDup__4 |        292 |        292 |       0 |    0 |   175 |      0 |      0 |    0 |          2 |
|             (fadd_32ns_32ns_32_5_full_dsp_1_U1064)                              |                  bd_0_hls_inst_0_top_kernel_fadd_32ns_32ns_32_5_full_dsp_1__xdcDup__4 |         64 |         64 |       0 |    0 |    64 |      0 |      0 |    0 |          0 |
|             top_kernel_fadd_32ns_32ns_32_5_full_dsp_1_ip_u                      |                      bd_0_hls_inst_0_top_kernel_fadd_32ns_32ns_32_5_full_dsp_1_ip__11 |        228 |        228 |       0 |    0 |   111 |      0 |      0 |    0 |          2 |
|           fmul_32ns_32ns_32_4_max_dsp_1_U1074                                   |                   bd_0_hls_inst_0_top_kernel_fmul_32ns_32ns_32_4_max_dsp_1__xdcDup__1 |         95 |         95 |       0 |    0 |    83 |      0 |      0 |    0 |          3 |
|             top_kernel_fmul_32ns_32ns_32_4_max_dsp_1_ip_u                       |                       bd_0_hls_inst_0_top_kernel_fmul_32ns_32ns_32_4_max_dsp_1_ip__16 |         62 |         62 |       0 |    0 |    49 |      0 |      0 |    0 |          3 |
|           fmul_32ns_32ns_32_4_max_dsp_1_U1075                                   |                   bd_0_hls_inst_0_top_kernel_fmul_32ns_32ns_32_4_max_dsp_1__xdcDup__2 |        296 |        296 |       0 |    0 |    92 |      0 |      0 |    0 |          3 |
|             (fmul_32ns_32ns_32_4_max_dsp_1_U1075)                               |                   bd_0_hls_inst_0_top_kernel_fmul_32ns_32ns_32_4_max_dsp_1__xdcDup__2 |        232 |        232 |       0 |    0 |    43 |      0 |      0 |    0 |          0 |
|             top_kernel_fmul_32ns_32ns_32_4_max_dsp_1_ip_u                       |                       bd_0_hls_inst_0_top_kernel_fmul_32ns_32ns_32_4_max_dsp_1_ip__15 |         64 |         64 |       0 |    0 |    49 |      0 |      0 |    0 |          3 |
|           fmul_32ns_32ns_32_4_max_dsp_1_U1076                                   |                   bd_0_hls_inst_0_top_kernel_fmul_32ns_32ns_32_4_max_dsp_1__xdcDup__3 |        288 |        288 |       0 |    0 |    83 |      0 |      0 |    0 |          3 |
|             (fmul_32ns_32ns_32_4_max_dsp_1_U1076)                               |                   bd_0_hls_inst_0_top_kernel_fmul_32ns_32ns_32_4_max_dsp_1__xdcDup__3 |        224 |        224 |       0 |    0 |    34 |      0 |      0 |    0 |          0 |
|             top_kernel_fmul_32ns_32ns_32_4_max_dsp_1_ip_u                       |                       bd_0_hls_inst_0_top_kernel_fmul_32ns_32ns_32_4_max_dsp_1_ip__14 |         64 |         64 |       0 |    0 |    49 |      0 |      0 |    0 |          3 |
|           fmul_32ns_32ns_32_4_max_dsp_1_U1077                                   |                   bd_0_hls_inst_0_top_kernel_fmul_32ns_32ns_32_4_max_dsp_1__xdcDup__4 |        195 |        195 |       0 |    0 |    85 |      0 |      0 |    0 |          3 |
|             (fmul_32ns_32ns_32_4_max_dsp_1_U1077)                               |                   bd_0_hls_inst_0_top_kernel_fmul_32ns_32ns_32_4_max_dsp_1__xdcDup__4 |        132 |        132 |       0 |    0 |    36 |      0 |      0 |    0 |          0 |
|             top_kernel_fmul_32ns_32ns_32_4_max_dsp_1_ip_u                       |                       bd_0_hls_inst_0_top_kernel_fmul_32ns_32ns_32_4_max_dsp_1_ip__13 |         63 |         63 |       0 |    0 |    49 |      0 |      0 |    0 |          3 |
|           mul_6ns_8ns_13_1_1_U1105                                              |                                     bd_0_hls_inst_0_top_kernel_mul_6ns_8ns_13_1_1_513 |        215 |        215 |       0 |    0 |     0 |      0 |      0 |    0 |          1 |
|           mul_6ns_8ns_13_1_1_U1106                                              |                                     bd_0_hls_inst_0_top_kernel_mul_6ns_8ns_13_1_1_514 |        111 |        111 |       0 |    0 |     0 |      0 |      0 |    0 |          1 |
|           mul_6ns_8ns_13_1_1_U1107                                              |                                     bd_0_hls_inst_0_top_kernel_mul_6ns_8ns_13_1_1_515 |         94 |         94 |       0 |    0 |     0 |      0 |      0 |    0 |          1 |
|           mul_6ns_8ns_13_1_1_U1108                                              |                                     bd_0_hls_inst_0_top_kernel_mul_6ns_8ns_13_1_1_516 |        108 |        108 |       0 |    0 |     0 |      0 |      0 |    0 |          1 |
|         grp_top_kernel_Pipeline_VITIS_LOOP_153_19_VITIS_LOOP_155_20_fu_5002     |    bd_0_hls_inst_0_top_kernel_top_kernel_Pipeline_VITIS_LOOP_153_19_VITIS_LOOP_155_20 |      12413 |      11083 |       0 | 1330 | 11624 |      0 |      0 |    0 |         78 |
|           (grp_top_kernel_Pipeline_VITIS_LOOP_153_19_VITIS_LOOP_155_20_fu_5002) |    bd_0_hls_inst_0_top_kernel_top_kernel_Pipeline_VITIS_LOOP_153_19_VITIS_LOOP_155_20 |       3924 |       2877 |       0 | 1047 |  7410 |      0 |      0 |    0 |          0 |
|           dexp_64ns_64ns_64_15_full_dsp_1_U1155                                 |                 bd_0_hls_inst_0_top_kernel_dexp_64ns_64ns_64_15_full_dsp_1__xdcDup__1 |       2017 |       1944 |       0 |   73 |  1017 |      0 |      0 |    0 |         26 |
|             (dexp_64ns_64ns_64_15_full_dsp_1_U1155)                             |                 bd_0_hls_inst_0_top_kernel_dexp_64ns_64ns_64_15_full_dsp_1__xdcDup__1 |        194 |        194 |       0 |    0 |    64 |      0 |      0 |    0 |          0 |
|             top_kernel_dexp_64ns_64ns_64_15_full_dsp_1_ip_u                     |                         bd_0_hls_inst_0_top_kernel_dexp_64ns_64ns_64_15_full_dsp_1_ip |       1823 |       1750 |       0 |   73 |   953 |      0 |      0 |    0 |         26 |
|           dexp_64ns_64ns_64_15_full_dsp_1_U1156                                 |                 bd_0_hls_inst_0_top_kernel_dexp_64ns_64ns_64_15_full_dsp_1__xdcDup__2 |       2018 |       1945 |       0 |   73 |  1017 |      0 |      0 |    0 |         26 |
|             (dexp_64ns_64ns_64_15_full_dsp_1_U1156)                             |                 bd_0_hls_inst_0_top_kernel_dexp_64ns_64ns_64_15_full_dsp_1__xdcDup__2 |        195 |        195 |       0 |    0 |    64 |      0 |      0 |    0 |          0 |
|             top_kernel_dexp_64ns_64ns_64_15_full_dsp_1_ip_u                     |                      bd_0_hls_inst_0_top_kernel_dexp_64ns_64ns_64_15_full_dsp_1_ip__4 |       1823 |       1750 |       0 |   73 |   953 |      0 |      0 |    0 |         26 |
|           dexp_64ns_64ns_64_15_full_dsp_1_U1157                                 |                            bd_0_hls_inst_0_top_kernel_dexp_64ns_64ns_64_15_full_dsp_1 |       1953 |       1880 |       0 |   73 |  1017 |      0 |      0 |    0 |         26 |
|             (dexp_64ns_64ns_64_15_full_dsp_1_U1157)                             |                            bd_0_hls_inst_0_top_kernel_dexp_64ns_64ns_64_15_full_dsp_1 |        130 |        130 |       0 |    0 |    64 |      0 |      0 |    0 |          0 |
|             top_kernel_dexp_64ns_64ns_64_15_full_dsp_1_ip_u                     |                      bd_0_hls_inst_0_top_kernel_dexp_64ns_64ns_64_15_full_dsp_1_ip__3 |       1823 |       1750 |       0 |   73 |   953 |      0 |      0 |    0 |         26 |
|           fdiv_32ns_32ns_32_10_no_dsp_1_U1147                                   |                   bd_0_hls_inst_0_top_kernel_fdiv_32ns_32ns_32_10_no_dsp_1__xdcDup__1 |        873 |        841 |       0 |   32 |   438 |      0 |      0 |    0 |          0 |
|             (fdiv_32ns_32ns_32_10_no_dsp_1_U1147)                               |                   bd_0_hls_inst_0_top_kernel_fdiv_32ns_32ns_32_10_no_dsp_1__xdcDup__1 |         82 |         82 |       0 |    0 |    64 |      0 |      0 |    0 |          0 |
|             top_kernel_fdiv_32ns_32ns_32_10_no_dsp_1_ip_u                       |                        bd_0_hls_inst_0_top_kernel_fdiv_32ns_32ns_32_10_no_dsp_1_ip__4 |        791 |        759 |       0 |   32 |   374 |      0 |      0 |    0 |          0 |
|           fdiv_32ns_32ns_32_10_no_dsp_1_U1148                                   |                   bd_0_hls_inst_0_top_kernel_fdiv_32ns_32ns_32_10_no_dsp_1__xdcDup__2 |        840 |        808 |       0 |   32 |   438 |      0 |      0 |    0 |          0 |
|             (fdiv_32ns_32ns_32_10_no_dsp_1_U1148)                               |                   bd_0_hls_inst_0_top_kernel_fdiv_32ns_32ns_32_10_no_dsp_1__xdcDup__2 |         49 |         49 |       0 |    0 |    64 |      0 |      0 |    0 |          0 |
|             top_kernel_fdiv_32ns_32ns_32_10_no_dsp_1_ip_u                       |                        bd_0_hls_inst_0_top_kernel_fdiv_32ns_32ns_32_10_no_dsp_1_ip__5 |        791 |        759 |       0 |   32 |   374 |      0 |      0 |    0 |          0 |
|           flow_control_loop_pipe_sequential_init_U                              |                  bd_0_hls_inst_0_top_kernel_flow_control_loop_pipe_sequential_init_19 |        124 |        124 |       0 |    0 |     2 |      0 |      0 |    0 |          0 |
|           fpext_32ns_64_2_no_dsp_1_U1152                                        |                        bd_0_hls_inst_0_top_kernel_fpext_32ns_64_2_no_dsp_1__xdcDup__1 |         99 |         99 |       0 |    0 |    32 |      0 |      0 |    0 |          0 |
|             top_kernel_fpext_32ns_64_2_no_dsp_1_ip_u                            |                                bd_0_hls_inst_0_top_kernel_fpext_32ns_64_2_no_dsp_1_ip |         67 |         67 |       0 |    0 |     0 |      0 |      0 |    0 |          0 |
|           fpext_32ns_64_2_no_dsp_1_U1153                                        |                        bd_0_hls_inst_0_top_kernel_fpext_32ns_64_2_no_dsp_1__xdcDup__2 |        116 |        116 |       0 |    0 |    32 |      0 |      0 |    0 |          0 |
|             top_kernel_fpext_32ns_64_2_no_dsp_1_ip_u                            |                             bd_0_hls_inst_0_top_kernel_fpext_32ns_64_2_no_dsp_1_ip__4 |         67 |         67 |       0 |    0 |     0 |      0 |      0 |    0 |          0 |
|           fpext_32ns_64_2_no_dsp_1_U1154                                        |                                   bd_0_hls_inst_0_top_kernel_fpext_32ns_64_2_no_dsp_1 |        132 |        132 |       0 |    0 |    32 |      0 |      0 |    0 |          0 |
|             (fpext_32ns_64_2_no_dsp_1_U1154)                                    |                                   bd_0_hls_inst_0_top_kernel_fpext_32ns_64_2_no_dsp_1 |         65 |         65 |       0 |    0 |    32 |      0 |      0 |    0 |          0 |
|             top_kernel_fpext_32ns_64_2_no_dsp_1_ip_u                            |                             bd_0_hls_inst_0_top_kernel_fpext_32ns_64_2_no_dsp_1_ip__3 |         67 |         67 |       0 |    0 |     0 |      0 |      0 |    0 |          0 |
|           fptrunc_64ns_32_2_no_dsp_1_U1149                                      |                      bd_0_hls_inst_0_top_kernel_fptrunc_64ns_32_2_no_dsp_1__xdcDup__1 |        104 |        104 |       0 |    0 |    63 |      0 |      0 |    0 |          0 |
|             (fptrunc_64ns_32_2_no_dsp_1_U1149)                                  |                      bd_0_hls_inst_0_top_kernel_fptrunc_64ns_32_2_no_dsp_1__xdcDup__1 |         63 |         63 |       0 |    0 |    63 |      0 |      0 |    0 |          0 |
|           fptrunc_64ns_32_2_no_dsp_1_U1150                                      |                      bd_0_hls_inst_0_top_kernel_fptrunc_64ns_32_2_no_dsp_1__xdcDup__2 |        106 |        106 |       0 |    0 |    63 |      0 |      0 |    0 |          0 |
|             (fptrunc_64ns_32_2_no_dsp_1_U1150)                                  |                      bd_0_hls_inst_0_top_kernel_fptrunc_64ns_32_2_no_dsp_1__xdcDup__2 |         65 |         65 |       0 |    0 |    63 |      0 |      0 |    0 |          0 |
|           fptrunc_64ns_32_2_no_dsp_1_U1151                                      |                                 bd_0_hls_inst_0_top_kernel_fptrunc_64ns_32_2_no_dsp_1 |        107 |        107 |       0 |    0 |    63 |      0 |      0 |    0 |          0 |
|             (fptrunc_64ns_32_2_no_dsp_1_U1151)                                  |                                 bd_0_hls_inst_0_top_kernel_fptrunc_64ns_32_2_no_dsp_1 |         66 |         66 |       0 |    0 |    63 |      0 |      0 |    0 |          0 |
|         grp_top_kernel_Pipeline_VITIS_LOOP_193_25_VITIS_LOOP_195_26_fu_5010     |    bd_0_hls_inst_0_top_kernel_top_kernel_Pipeline_VITIS_LOOP_193_25_VITIS_LOOP_195_26 |        464 |        464 |       0 |    0 |   532 |      0 |      0 |    0 |          0 |
|           (grp_top_kernel_Pipeline_VITIS_LOOP_193_25_VITIS_LOOP_195_26_fu_5010) |    bd_0_hls_inst_0_top_kernel_top_kernel_Pipeline_VITIS_LOOP_193_25_VITIS_LOOP_195_26 |        348 |        348 |       0 |    0 |   530 |      0 |      0 |    0 |          0 |
|           flow_control_loop_pipe_sequential_init_U                              |                  bd_0_hls_inst_0_top_kernel_flow_control_loop_pipe_sequential_init_18 |        116 |        116 |       0 |    0 |     2 |      0 |      0 |    0 |          0 |
|         grp_top_kernel_Pipeline_VITIS_LOOP_221_31_VITIS_LOOP_223_32_fu_5018     |    bd_0_hls_inst_0_top_kernel_top_kernel_Pipeline_VITIS_LOOP_221_31_VITIS_LOOP_223_32 |        501 |        501 |       0 |    0 |   532 |      0 |      0 |    0 |          0 |
|           (grp_top_kernel_Pipeline_VITIS_LOOP_221_31_VITIS_LOOP_223_32_fu_5018) |    bd_0_hls_inst_0_top_kernel_top_kernel_Pipeline_VITIS_LOOP_221_31_VITIS_LOOP_223_32 |        385 |        385 |       0 |    0 |   530 |      0 |      0 |    0 |          0 |
|           flow_control_loop_pipe_sequential_init_U                              |                  bd_0_hls_inst_0_top_kernel_flow_control_loop_pipe_sequential_init_17 |        116 |        116 |       0 |    0 |     2 |      0 |      0 |    0 |          0 |
|         grp_top_kernel_Pipeline_VITIS_LOOP_71_4_VITIS_LOOP_72_5_fu_3936         |        bd_0_hls_inst_0_top_kernel_top_kernel_Pipeline_VITIS_LOOP_71_4_VITIS_LOOP_72_5 |      13504 |      13502 |       0 |    2 |  8257 |      0 |      0 |    0 |          0 |
|           (grp_top_kernel_Pipeline_VITIS_LOOP_71_4_VITIS_LOOP_72_5_fu_3936)     |        bd_0_hls_inst_0_top_kernel_top_kernel_Pipeline_VITIS_LOOP_71_4_VITIS_LOOP_72_5 |      13456 |      13454 |       0 |    2 |  8255 |      0 |      0 |    0 |          0 |
|         grp_top_kernel_Pipeline_VITIS_LOOP_94_8_VITIS_LOOP_95_9_fu_4710         |        bd_0_hls_inst_0_top_kernel_top_kernel_Pipeline_VITIS_LOOP_94_8_VITIS_LOOP_95_9 |       2496 |       2491 |       0 |    5 |   193 |      0 |      0 |    0 |          2 |
|           (grp_top_kernel_Pipeline_VITIS_LOOP_94_8_VITIS_LOOP_95_9_fu_4710)     |        bd_0_hls_inst_0_top_kernel_top_kernel_Pipeline_VITIS_LOOP_94_8_VITIS_LOOP_95_9 |       2439 |       2436 |       0 |    3 |   162 |      0 |      0 |    0 |          1 |
|         mul_6ns_8ns_13_1_1_U1174                                                |                                         bd_0_hls_inst_0_top_kernel_mul_6ns_8ns_13_1_1 |         67 |         67 |       0 |    0 |     6 |      0 |      0 |    0 |          1 |
|         p_ZZ10top_kernelPKfS0_S0_PfE9equalized_0_0_U                            |   bd_0_hls_inst_0_top_kernel_p_ZZ10top_kernelPKfS0_S0_PfE9equalized_0_0_RAM_AUTO_1R1W |         67 |         67 |       0 |    0 |     0 |      1 |      0 |    0 |          0 |
|         p_ZZ10top_kernelPKfS0_S0_PfE9equalized_0_2_U                            | bd_0_hls_inst_0_top_kernel_p_ZZ10top_kernelPKfS0_S0_PfE9equalized_0_0_RAM_AUTO_1R1W_3 |         64 |         64 |       0 |    0 |     0 |      1 |      0 |    0 |          0 |
|         p_ZZ10top_kernelPKfS0_S0_PfE9equalized_1_0_U                            | bd_0_hls_inst_0_top_kernel_p_ZZ10top_kernelPKfS0_S0_PfE9equalized_0_0_RAM_AUTO_1R1W_4 |         96 |         96 |       0 |    0 |     0 |      1 |      0 |    0 |          0 |
|         sitofp_32ns_32_4_no_dsp_1_U1171                                         |                                  bd_0_hls_inst_0_top_kernel_sitofp_32ns_32_4_no_dsp_1 |        163 |        163 |       0 |    0 |   113 |      0 |      0 |    0 |          0 |
|           top_kernel_sitofp_32ns_32_4_no_dsp_1_ip_u                             |                               bd_0_hls_inst_0_top_kernel_sitofp_32ns_32_4_no_dsp_1_ip |        147 |        147 |       0 |    0 |    81 |      0 |      0 |    0 |          0 |
|             U0                                                                  |                               bd_0_hls_inst_0_floating_point_v7_1_20__parameterized13 |        147 |        147 |       0 |    0 |    81 |      0 |      0 |    0 |          0 |
+---------------------------------------------------------------------------------+---------------------------------------------------------------------------------------+------------+------------+---------+------+-------+--------+--------+------+------------+


