================================================================
== Design Size Report
================================================================

* Total Instructions per Compilation Phase
+---------------+-----------------------------+--------------+----------------------------------------------------------------------------------------+
| Phase         | Step                        | Instructions | Description                                                                            |
+---------------+-----------------------------+--------------+----------------------------------------------------------------------------------------+
| Compile/Link  |                             | 34,057       | After all functions are compiled and linked into a single design                       |
|               |                             |              |                                                                                        |
| Unroll/Inline |                             |              | After user unroll and inline pragmas are applied                                       |
|               | (1) unroll                  | 11,823       | user unroll pragmas are applied                                                        |
|               | (2) simplification          |  7,464       | simplification of applied user unroll pragmas                                          |
|               | (3) inline                  |  7,273       | user inline pragmas are applied                                                        |
|               | (4) simplification          |  6,716       | simplification of applied user inline pragmas                                          |
|               |                             |              |                                                                                        |
| Array/Struct  |                             |              | After user array partition and struct aggregate/disaggregate pragmas are applied       |
|               | (1) array partition         | 10,215       | user array partition pragmas are applied                                               |
|               | (2) simplification          |  7,385       | simplification of applied user array partition & struct aggregate/disaggregate pragmas |
|               | (3) aggregate/disaggregate  |  7,385       | user struct aggregate/disaggregate pragmas are applied                                 |
|               | (4) array reshape           |  7,385       | apply array reshape pragmas                                                            |
|               | (5) access patterns         |  7,904       | array access pattern optmizations                                                      |
|               |                             |              |                                                                                        |
| Performance   |                             |              | After transformations are applied to meet performance pragma targets                   |
|               | (1) loop simplification     |  7,903       | loop and instruction simplification                                                    |
|               | (2) parallelization         |  7,392       | loops are unrolled or pipelined to meet performance targets                            |
|               | (3) array partition         | 10,735       | arrays are partitioned to meet performance targets                                     |
|               | (4) simplification          | 10,051       | simplification of design after performance transformations                             |
|               |                             |              |                                                                                        |
| HW Transforms |                             |              | After hardware transfomations                                                          |
|               | (1) lowering                | 10,064       | initial conversion to HW specific instructions                                         |
|               | (2) optimizations           | 10,143       | high level synthesis optimizations                                                     |
+---------------+-----------------------------+--------------+----------------------------------------------------------------------------------------+

* Instructions per Function for each Compilation Phase
+---------------------+-------------+-----------------+---------------+--------------+-------------+---------------+
| Function            | Location    | Compile/Link    | Unroll/Inline | Array/Struct | Performance | HW Transforms |
+---------------------+-------------+-----------------+---------------+--------------+-------------+---------------+
| + top_kernel        | top.cpp:386 | 34,057          | 6,716         | 7,904        | 10,051      | 10,143        |
|  + stage_rgb2eq     | top.cpp:75  | 6,139           | 1,029         | 2,548        | 2,037       | 2,059         |
|     float_to_inter  | top.cpp:44  | 1,454 (2 calls) |               |              |             |               |
|     inter_to_float  | top.cpp:49  |   252 (2 calls) |               |              |             |               |
|    stage_gaussian   | top.cpp:142 | 22,238          | 1,477         | 1,429        | 3,168       | 3,182         |
|  + stage_bilateral  | top.cpp:215 | 4,812           | 3,816         | 3,698        | 4,009       | 4,025         |
|     fast_exp_approx | top.cpp:58  |    36 (2 calls) |               |              |             |               |
|     inter_to_float  | top.cpp:49  |   252 (2 calls) |               |              |             |               |
|    stage_morphology | top.cpp:287 |   672           |  306          |  135         |   744       |   767         |
|    inter_to_float   | top.cpp:49  |   126           |               |              |             |               |
+---------------------+-------------+-----------------+---------------+--------------+-------------+---------------+

* Design Size Message Settings
+---------------------------------------------+--------+------------------------------------------------------------------+
| Message Setting                             | Value  | Description                                                      |
+---------------------------------------------+--------+------------------------------------------------------------------+
| config_compile -design_size_maximum_warning | 100000 | Show a warning when total design instructions exceeds this value |
+---------------------------------------------+--------+------------------------------------------------------------------+


