

================================================================
== Vitis HLS Report for 'stage_gaussian_Pipeline_GAUSSIAN_OUT_VITIS_LOOP_161_1'
================================================================
* Date:           Fri Apr 10 18:54:20 2026

* Version:        2025.1.1 (Build 6214317 on Sep 11 2025)
* Project:        project_1
* Solution:       hls (Vivado IP Flow Target)
* Product family: zynquplus
* Target device:  xczu3eg-sbva484-1-e


================================================================
== Performance Estimates
================================================================
+ Timing: 
    * Summary: 
    +--------+---------+----------+------------+
    |  Clock |  Target | Estimated| Uncertainty|
    +--------+---------+----------+------------+
    |ap_clk  |  4.00 ns|  3.018 ns|     1.08 ns|
    +--------+---------+----------+------------+

+ Latency: 
    * Summary: 
    +---------+---------+-----------+-----------+------+------+------------------------------------------------+
    |  Latency (cycles) |   Latency (absolute)  |   Interval  |                    Pipeline                    |
    |   min   |   max   |    min    |    max    |  min |  max |                      Type                      |
    +---------+---------+-----------+-----------+------+------+------------------------------------------------+
    |     4139|     4139|  16.556 us|  16.556 us|  4097|  4097|  loop auto-rewind stp (delay=0 clock cycles(s))|
    +---------+---------+-----------+-----------+------+------+------------------------------------------------+

    + Detail: 
        * Instance: 
        N/A

        * Loop: 
        +---------------------------------+---------+---------+----------+-----------+-----------+------+----------+
        |                                 |  Latency (cycles) | Iteration|  Initiation Interval  | Trip |          |
        |            Loop Name            |   min   |   max   |  Latency |  achieved |   target  | Count| Pipelined|
        +---------------------------------+---------+---------+----------+-----------+-----------+------+----------+
        |- GAUSSIAN_OUT_VITIS_LOOP_161_1  |     4137|     4137|        43|          1|          1|  4096|       yes|
        +---------------------------------+---------+---------+----------+-----------+-----------+------+----------+



================================================================
== Utilization Estimates
================================================================
* Summary: 
+-----------------+---------+-----+--------+-------+-----+
|       Name      | BRAM_18K| DSP |   FF   |  LUT  | URAM|
+-----------------+---------+-----+--------+-------+-----+
|DSP              |        -|    -|       -|      -|    -|
|Expression       |        -|    -|       0|   2417|    -|
|FIFO             |        -|    -|       -|      -|    -|
|Instance         |        -|  103|    1198|   2573|    -|
|Memory           |        -|    -|       -|      -|    -|
|Multiplexer      |        -|    -|       0|   3238|    -|
|Register         |        -|    -|    3875|    960|    -|
+-----------------+---------+-----+--------+-------+-----+
|Total            |        0|  103|    5073|   9188|    0|
+-----------------+---------+-----+--------+-------+-----+
|Available        |      432|  360|  141120|  70560|    0|
+-----------------+---------+-----+--------+-------+-----+
|Utilization (%)  |        0|   28|       3|     13|    0|
+-----------------+---------+-----+--------+-------+-----+

+ Detail: 
    * Instance: 
    +-----------------------------+-----------------------+---------+----+-----+-----+-----+
    |           Instance          |         Module        | BRAM_18K| DSP|  FF | LUT | URAM|
    +-----------------------------+-----------------------+---------+----+-----+-----+-----+
    |add_12s_12ns_12_1_1_U1201    |add_12s_12ns_12_1_1    |        0|   1|    0|    0|    0|
    |add_20ns_20ns_20_1_1_U1204   |add_20ns_20ns_20_1_1   |        0|   1|    0|    0|    0|
    |add_20ns_20ns_20_1_1_U1207   |add_20ns_20ns_20_1_1   |        0|   1|    0|    0|    0|
    |add_20ns_20ns_20_1_1_U1209   |add_20ns_20ns_20_1_1   |        0|   1|    0|    0|    0|
    |add_20ns_20ns_20_1_1_U1212   |add_20ns_20ns_20_1_1   |        0|   1|    0|    0|    0|
    |add_20ns_20ns_20_1_1_U1215   |add_20ns_20ns_20_1_1   |        0|   1|    0|    0|    0|
    |add_20ns_20ns_20_1_1_U1218   |add_20ns_20ns_20_1_1   |        0|   1|    0|    0|    0|
    |add_20ns_20ns_20_1_1_U1221   |add_20ns_20ns_20_1_1   |        0|   1|    0|    0|    0|
    |add_20ns_20ns_20_1_1_U1224   |add_20ns_20ns_20_1_1   |        0|   1|    0|    0|    0|
    |add_20ns_20ns_20_1_1_U1227   |add_20ns_20ns_20_1_1   |        0|   1|    0|    0|    0|
    |add_20ns_20ns_20_1_1_U1230   |add_20ns_20ns_20_1_1   |        0|   1|    0|    0|    0|
    |add_20ns_20ns_20_1_1_U1233   |add_20ns_20ns_20_1_1   |        0|   1|    0|    0|    0|
    |add_20ns_20ns_20_1_1_U1236   |add_20ns_20ns_20_1_1   |        0|   1|    0|    0|    0|
    |add_20ns_20ns_20_1_1_U1239   |add_20ns_20ns_20_1_1   |        0|   1|    0|    0|    0|
    |add_20ns_20ns_20_1_1_U1242   |add_20ns_20ns_20_1_1   |        0|   1|    0|    0|    0|
    |add_20ns_20ns_20_1_1_U1245   |add_20ns_20ns_20_1_1   |        0|   1|    0|    0|    0|
    |add_20ns_20ns_20_1_1_U1248   |add_20ns_20ns_20_1_1   |        0|   1|    0|    0|    0|
    |add_20ns_20ns_20_1_1_U1251   |add_20ns_20ns_20_1_1   |        0|   1|    0|    0|    0|
    |add_20ns_20ns_20_1_1_U1254   |add_20ns_20ns_20_1_1   |        0|   1|    0|    0|    0|
    |add_20ns_20ns_20_1_1_U1256   |add_20ns_20ns_20_1_1   |        0|   1|    0|    0|    0|
    |add_20ns_20ns_20_1_1_U1259   |add_20ns_20ns_20_1_1   |        0|   1|    0|    0|    0|
    |add_20ns_20ns_20_1_1_U1262   |add_20ns_20ns_20_1_1   |        0|   1|    0|    0|    0|
    |add_20ns_20ns_20_1_1_U1265   |add_20ns_20ns_20_1_1   |        0|   1|    0|    0|    0|
    |add_20ns_20ns_20_1_1_U1267   |add_20ns_20ns_20_1_1   |        0|   1|    0|    0|    0|
    |add_20ns_20ns_20_1_1_U1269   |add_20ns_20ns_20_1_1   |        0|   1|    0|    0|    0|
    |add_36s_36s_36_1_1_U1202     |add_36s_36s_36_1_1     |        0|   1|    0|    0|    0|
    |add_36s_36s_36_1_1_U1205     |add_36s_36s_36_1_1     |        0|   1|    0|    0|    0|
    |add_36s_36s_36_1_1_U1208     |add_36s_36s_36_1_1     |        0|   1|    0|    0|    0|
    |add_36s_36s_36_1_1_U1210     |add_36s_36s_36_1_1     |        0|   1|    0|    0|    0|
    |add_36s_36s_36_1_1_U1213     |add_36s_36s_36_1_1     |        0|   1|    0|    0|    0|
    |add_36s_36s_36_1_1_U1216     |add_36s_36s_36_1_1     |        0|   1|    0|    0|    0|
    |add_36s_36s_36_1_1_U1219     |add_36s_36s_36_1_1     |        0|   1|    0|    0|    0|
    |add_36s_36s_36_1_1_U1222     |add_36s_36s_36_1_1     |        0|   1|    0|    0|    0|
    |add_36s_36s_36_1_1_U1225     |add_36s_36s_36_1_1     |        0|   1|    0|    0|    0|
    |add_36s_36s_36_1_1_U1228     |add_36s_36s_36_1_1     |        0|   1|    0|    0|    0|
    |add_36s_36s_36_1_1_U1231     |add_36s_36s_36_1_1     |        0|   1|    0|    0|    0|
    |add_36s_36s_36_1_1_U1234     |add_36s_36s_36_1_1     |        0|   1|    0|    0|    0|
    |add_36s_36s_36_1_1_U1237     |add_36s_36s_36_1_1     |        0|   1|    0|    0|    0|
    |add_36s_36s_36_1_1_U1240     |add_36s_36s_36_1_1     |        0|   1|    0|    0|    0|
    |add_36s_36s_36_1_1_U1243     |add_36s_36s_36_1_1     |        0|   1|    0|    0|    0|
    |add_36s_36s_36_1_1_U1246     |add_36s_36s_36_1_1     |        0|   1|    0|    0|    0|
    |add_36s_36s_36_1_1_U1249     |add_36s_36s_36_1_1     |        0|   1|    0|    0|    0|
    |add_36s_36s_36_1_1_U1252     |add_36s_36s_36_1_1     |        0|   1|    0|    0|    0|
    |add_36s_36s_36_1_1_U1255     |add_36s_36s_36_1_1     |        0|   1|    0|    0|    0|
    |add_36s_36s_36_1_1_U1257     |add_36s_36s_36_1_1     |        0|   1|    0|    0|    0|
    |add_36s_36s_36_1_1_U1260     |add_36s_36s_36_1_1     |        0|   1|    0|    0|    0|
    |add_36s_36s_36_1_1_U1263     |add_36s_36s_36_1_1     |        0|   1|    0|    0|    0|
    |add_36s_36s_36_1_1_U1266     |add_36s_36s_36_1_1     |        0|   1|    0|    0|    0|
    |add_36s_36s_36_1_1_U1268     |add_36s_36s_36_1_1     |        0|   1|    0|    0|    0|
    |mul_18s_10ns_28_1_1_U1200    |mul_18s_10ns_28_1_1    |        0|   1|    0|    5|    0|
    |mul_18s_10ns_28_1_1_U1206    |mul_18s_10ns_28_1_1    |        0|   1|    0|    5|    0|
    |mul_18s_10ns_28_1_1_U1211    |mul_18s_10ns_28_1_1    |        0|   1|    0|    5|    0|
    |mul_18s_10ns_28_1_1_U1223    |mul_18s_10ns_28_1_1    |        0|   1|    0|    5|    0|
    |mul_18s_10ns_28_1_1_U1241    |mul_18s_10ns_28_1_1    |        0|   1|    0|    5|    0|
    |mul_18s_10ns_28_1_1_U1253    |mul_18s_10ns_28_1_1    |        0|   1|    0|    5|    0|
    |mul_18s_10ns_28_1_1_U1258    |mul_18s_10ns_28_1_1    |        0|   1|    0|    5|    0|
    |mul_18s_10ns_28_1_1_U1264    |mul_18s_10ns_28_1_1    |        0|   1|    0|    5|    0|
    |mul_18s_11ns_29_1_1_U1203    |mul_18s_11ns_29_1_1    |        0|   1|    0|    5|    0|
    |mul_18s_11ns_29_1_1_U1226    |mul_18s_11ns_29_1_1    |        0|   1|    0|    5|    0|
    |mul_18s_11ns_29_1_1_U1238    |mul_18s_11ns_29_1_1    |        0|   1|    0|    5|    0|
    |mul_18s_11ns_29_1_1_U1261    |mul_18s_11ns_29_1_1    |        0|   1|    0|    5|    0|
    |mul_18s_12ns_30_1_1_U1214    |mul_18s_12ns_30_1_1    |        0|   1|    0|    5|    0|
    |mul_18s_12ns_30_1_1_U1220    |mul_18s_12ns_30_1_1    |        0|   1|    0|    5|    0|
    |mul_18s_12ns_30_1_1_U1244    |mul_18s_12ns_30_1_1    |        0|   1|    0|    5|    0|
    |mul_18s_12ns_30_1_1_U1250    |mul_18s_12ns_30_1_1    |        0|   1|    0|    5|    0|
    |mul_18s_13ns_31_1_1_U1217    |mul_18s_13ns_31_1_1    |        0|   1|    0|    5|    0|
    |mul_18s_13ns_31_1_1_U1229    |mul_18s_13ns_31_1_1    |        0|   1|    0|    5|    0|
    |mul_18s_13ns_31_1_1_U1235    |mul_18s_13ns_31_1_1    |        0|   1|    0|    5|    0|
    |mul_18s_13ns_31_1_1_U1247    |mul_18s_13ns_31_1_1    |        0|   1|    0|    5|    0|
    |mul_18s_14ns_32_1_1_U1232    |mul_18s_14ns_32_1_1    |        0|   1|    0|    5|    0|
    |mul_18s_8ns_26_1_1_U1199     |mul_18s_8ns_26_1_1     |        0|   1|    0|    5|    0|
    |mul_5ns_5ns_8_1_1_U1165      |mul_5ns_5ns_8_1_1      |        0|   0|    0|   17|    0|
    |mul_5ns_5ns_8_1_1_U1168      |mul_5ns_5ns_8_1_1      |        0|   0|    0|   17|    0|
    |mul_5ns_5ns_8_1_1_U1169      |mul_5ns_5ns_8_1_1      |        0|   0|    0|   17|    0|
    |mul_64ns_66ns_129_5_1_U1132  |mul_64ns_66ns_129_5_1  |        0|  16|  441|  249|    0|
    |mul_64ns_66ns_129_5_1_U1133  |mul_64ns_66ns_129_5_1  |        0|  16|  441|  249|    0|
    |mul_6ns_8ns_13_1_1_U1170     |mul_6ns_8ns_13_1_1     |        0|   0|    0|   40|    0|
    |mul_6ns_8ns_13_1_1_U1171     |mul_6ns_8ns_13_1_1     |        0|   0|    0|   40|    0|
    |mul_6ns_8ns_13_1_1_U1172     |mul_6ns_8ns_13_1_1     |        0|   0|    0|   40|    0|
    |mul_6ns_8ns_13_1_1_U1173     |mul_6ns_8ns_13_1_1     |        0|   0|    0|   40|    0|
    |mul_7ns_9ns_15_1_1_U1160     |mul_7ns_9ns_15_1_1     |        0|   0|    0|   50|    0|
    |mul_7ns_9ns_15_1_1_U1161     |mul_7ns_9ns_15_1_1     |        0|   0|    0|   50|    0|
    |mul_7ns_9ns_15_1_1_U1163     |mul_7ns_9ns_15_1_1     |        0|   0|    0|   50|    0|
    |mul_7ns_9ns_15_1_1_U1164     |mul_7ns_9ns_15_1_1     |        0|   0|    0|   50|    0|
    |mul_8s_5ns_8_1_1_U1166       |mul_8s_5ns_8_1_1       |        0|   0|    0|   40|    0|
    |mul_8s_5ns_8_1_1_U1167       |mul_8s_5ns_8_1_1       |        0|   0|    0|   40|    0|
    |sparsemux_11_3_16_1_1_U1134  |sparsemux_11_3_16_1_1  |        0|   0|    0|   26|    0|
    |sparsemux_11_3_16_1_1_U1135  |sparsemux_11_3_16_1_1  |        0|   0|    0|   26|    0|
    |sparsemux_11_3_16_1_1_U1136  |sparsemux_11_3_16_1_1  |        0|   0|    0|   26|    0|
    |sparsemux_11_3_16_1_1_U1137  |sparsemux_11_3_16_1_1  |        0|   0|    0|   26|    0|
    |sparsemux_11_3_16_1_1_U1138  |sparsemux_11_3_16_1_1  |        0|   0|    0|   26|    0|
    |sparsemux_11_3_16_1_1_U1139  |sparsemux_11_3_16_1_1  |        0|   0|    0|   26|    0|
    |sparsemux_11_3_16_1_1_U1140  |sparsemux_11_3_16_1_1  |        0|   0|    0|   26|    0|
    |sparsemux_11_3_16_1_1_U1141  |sparsemux_11_3_16_1_1  |        0|   0|    0|   26|    0|
    |sparsemux_11_3_16_1_1_U1142  |sparsemux_11_3_16_1_1  |        0|   0|    0|   26|    0|
    |sparsemux_11_3_16_1_1_U1143  |sparsemux_11_3_16_1_1  |        0|   0|    0|   26|    0|
    |sparsemux_11_3_16_1_1_U1144  |sparsemux_11_3_16_1_1  |        0|   0|    0|   26|    0|
    |sparsemux_11_3_16_1_1_U1145  |sparsemux_11_3_16_1_1  |        0|   0|    0|   26|    0|
    |sparsemux_11_3_16_1_1_U1146  |sparsemux_11_3_16_1_1  |        0|   0|    0|   26|    0|
    |sparsemux_11_3_16_1_1_U1147  |sparsemux_11_3_16_1_1  |        0|   0|    0|   26|    0|
    |sparsemux_11_3_16_1_1_U1148  |sparsemux_11_3_16_1_1  |        0|   0|    0|   26|    0|
    |sparsemux_11_3_16_1_1_U1149  |sparsemux_11_3_16_1_1  |        0|   0|    0|   26|    0|
    |sparsemux_11_3_16_1_1_U1150  |sparsemux_11_3_16_1_1  |        0|   0|    0|   26|    0|
    |sparsemux_11_3_16_1_1_U1151  |sparsemux_11_3_16_1_1  |        0|   0|    0|   26|    0|
    |sparsemux_11_3_16_1_1_U1152  |sparsemux_11_3_16_1_1  |        0|   0|    0|   26|    0|
    |sparsemux_11_3_16_1_1_U1153  |sparsemux_11_3_16_1_1  |        0|   0|    0|   26|    0|
    |sparsemux_11_3_16_1_1_U1154  |sparsemux_11_3_16_1_1  |        0|   0|    0|   26|    0|
    |sparsemux_11_3_16_1_1_U1155  |sparsemux_11_3_16_1_1  |        0|   0|    0|   26|    0|
    |sparsemux_11_3_16_1_1_U1156  |sparsemux_11_3_16_1_1  |        0|   0|    0|   26|    0|
    |sparsemux_11_3_16_1_1_U1157  |sparsemux_11_3_16_1_1  |        0|   0|    0|   26|    0|
    |sparsemux_11_3_16_1_1_U1158  |sparsemux_11_3_16_1_1  |        0|   0|    0|   26|    0|
    |sparsemux_11_3_16_1_1_U1174  |sparsemux_11_3_16_1_1  |        0|   0|    0|   26|    0|
    |sparsemux_11_3_16_1_1_U1175  |sparsemux_11_3_16_1_1  |        0|   0|    0|   26|    0|
    |sparsemux_11_3_16_1_1_U1176  |sparsemux_11_3_16_1_1  |        0|   0|    0|   26|    0|
    |sparsemux_11_3_16_1_1_U1177  |sparsemux_11_3_16_1_1  |        0|   0|    0|   26|    0|
    |sparsemux_11_3_16_1_1_U1178  |sparsemux_11_3_16_1_1  |        0|   0|    0|   26|    0|
    |sparsemux_11_3_16_1_1_U1179  |sparsemux_11_3_16_1_1  |        0|   0|    0|   26|    0|
    |sparsemux_11_3_16_1_1_U1180  |sparsemux_11_3_16_1_1  |        0|   0|    0|   26|    0|
    |sparsemux_11_3_16_1_1_U1181  |sparsemux_11_3_16_1_1  |        0|   0|    0|   26|    0|
    |sparsemux_11_3_16_1_1_U1182  |sparsemux_11_3_16_1_1  |        0|   0|    0|   26|    0|
    |sparsemux_11_3_16_1_1_U1183  |sparsemux_11_3_16_1_1  |        0|   0|    0|   26|    0|
    |sparsemux_11_3_16_1_1_U1184  |sparsemux_11_3_16_1_1  |        0|   0|    0|   26|    0|
    |sparsemux_11_3_16_1_1_U1185  |sparsemux_11_3_16_1_1  |        0|   0|    0|   26|    0|
    |sparsemux_11_3_16_1_1_U1186  |sparsemux_11_3_16_1_1  |        0|   0|    0|   26|    0|
    |sparsemux_11_3_16_1_1_U1187  |sparsemux_11_3_16_1_1  |        0|   0|    0|   26|    0|
    |sparsemux_11_3_16_1_1_U1188  |sparsemux_11_3_16_1_1  |        0|   0|    0|   26|    0|
    |sparsemux_11_3_16_1_1_U1189  |sparsemux_11_3_16_1_1  |        0|   0|    0|   26|    0|
    |sparsemux_11_3_16_1_1_U1190  |sparsemux_11_3_16_1_1  |        0|   0|    0|   26|    0|
    |sparsemux_11_3_16_1_1_U1191  |sparsemux_11_3_16_1_1  |        0|   0|    0|   26|    0|
    |sparsemux_11_3_16_1_1_U1192  |sparsemux_11_3_16_1_1  |        0|   0|    0|   26|    0|
    |sparsemux_11_3_16_1_1_U1193  |sparsemux_11_3_16_1_1  |        0|   0|    0|   26|    0|
    |sparsemux_11_3_16_1_1_U1194  |sparsemux_11_3_16_1_1  |        0|   0|    0|   26|    0|
    |sparsemux_11_3_16_1_1_U1195  |sparsemux_11_3_16_1_1  |        0|   0|    0|   26|    0|
    |sparsemux_11_3_16_1_1_U1196  |sparsemux_11_3_16_1_1  |        0|   0|    0|   26|    0|
    |sparsemux_11_3_16_1_1_U1197  |sparsemux_11_3_16_1_1  |        0|   0|    0|   26|    0|
    |sparsemux_11_3_16_1_1_U1198  |sparsemux_11_3_16_1_1  |        0|   0|    0|   26|    0|
    |urem_7ns_4ns_3_11_1_U1159    |urem_7ns_4ns_3_11_1    |        0|   0|  158|   87|    0|
    |urem_7ns_4ns_3_11_1_U1162    |urem_7ns_4ns_3_11_1    |        0|   0|  158|   87|    0|
    +-----------------------------+-----------------------+---------+----+-----+-----+-----+
    |Total                        |                       |        0| 103| 1198| 2573|    0|
    +-----------------------------+-----------------------+---------+----+-----+-----+-----+

    * DSP: 
    N/A

    * Memory: 
    N/A

    * FIFO: 
    N/A

    * Expression: 
    +------------------------------------+----------+----+---+----+------------+------------+
    |            Variable Name           | Operation| DSP| FF| LUT| Bitwidth P0| Bitwidth P1|
    +------------------------------------+----------+----+---+----+------------+------------+
    |add_ln160_fu_6171_p2                |         +|   0|  0|  20|          13|           1|
    |add_ln161_fu_6266_p2                |         +|   0|  0|  14|           7|           1|
    |add_ln173_1_fu_6746_p2              |         +|   0|  0|  15|           8|           8|
    |add_ln173_fu_6429_p2                |         +|   0|  0|  13|           6|           3|
    |add_ln174_2_fu_6919_p2              |         +|   0|  0|  15|           8|           8|
    |add_ln174_fu_6434_p2                |         +|   0|  0|  13|           6|           2|
    |add_ln175_1_fu_6573_p2              |         +|   0|  0|  15|           8|           8|
    |add_ln176_2_fu_7092_p2              |         +|   0|  0|  15|           8|           8|
    |add_ln176_fu_6439_p2                |         +|   0|  0|  13|           6|           1|
    |add_ln177_2_fu_7265_p2              |         +|   0|  0|  15|           8|           8|
    |add_ln177_fu_6444_p2                |         +|   0|  0|  13|           6|           2|
    |add_ln179_1_fu_6780_p2              |         +|   0|  0|  15|           8|           8|
    |add_ln180_1_fu_6953_p2              |         +|   0|  0|  15|           8|           8|
    |add_ln181_1_fu_6607_p2              |         +|   0|  0|  15|           8|           8|
    |add_ln182_1_fu_7126_p2              |         +|   0|  0|  15|           8|           8|
    |add_ln183_1_fu_7299_p2              |         +|   0|  0|  15|           8|           8|
    |add_ln185_1_fu_6814_p2              |         +|   0|  0|  15|           8|           8|
    |add_ln186_1_fu_6987_p2              |         +|   0|  0|  15|           8|           8|
    |add_ln187_1_fu_6641_p2              |         +|   0|  0|  15|           8|           8|
    |add_ln188_1_fu_7160_p2              |         +|   0|  0|  15|           8|           8|
    |add_ln189_1_fu_7333_p2              |         +|   0|  0|  15|           8|           8|
    |add_ln191_1_fu_6848_p2              |         +|   0|  0|  15|           8|           8|
    |add_ln192_1_fu_7021_p2              |         +|   0|  0|  15|           8|           8|
    |add_ln193_1_fu_6675_p2              |         +|   0|  0|  15|           8|           8|
    |add_ln194_1_fu_7194_p2              |         +|   0|  0|  15|           8|           8|
    |add_ln195_1_fu_7367_p2              |         +|   0|  0|  15|           8|           8|
    |add_ln197_1_fu_6882_p2              |         +|   0|  0|  15|           8|           8|
    |add_ln198_1_fu_7055_p2              |         +|   0|  0|  15|           8|           8|
    |add_ln199_1_fu_6709_p2              |         +|   0|  0|  15|           8|           8|
    |add_ln200_1_fu_7228_p2              |         +|   0|  0|  15|           8|           8|
    |add_ln201_1_fu_7401_p2              |         +|   0|  0|  15|           8|           8|
    |add_ln203_fu_12249_p2               |         +|   0|  0|  23|          16|          16|
    |empty_97_fu_6340_p2                 |         +|   0|  0|  14|           7|           2|
    |empty_98_fu_6385_p2                 |         +|   0|  0|  14|           7|           2|
    |empty_fu_6335_p2                    |         +|   0|  0|  14|           7|           3|
    |indvars_iv_next2703931_fu_6208_p2   |         +|   0|  0|  14|           7|           1|
    |indvars_iv_next270_mid1_fu_6202_p2  |         +|   0|  0|  14|           7|           2|
    |sub_ln177_fu_8720_p2                |         -|   0|  0|  33|          26|          26|
    |sub_ln197_fu_11372_p2               |         -|   0|  0|  33|          26|          26|
    |sub_ln201_fu_12044_p2               |         -|   0|  0|  33|          26|          26|
    |and_ln169_1_fu_12407_p2             |       and|   0|  0|   2|           1|           1|
    |and_ln169_2_fu_12411_p2             |       and|   0|  0|   2|           1|           1|
    |and_ln169_fu_12415_p2               |       and|   0|  0|   2|           1|           1|
    |and_ln173_fu_8230_p2                |       and|   0|  0|   2|           1|           1|
    |and_ln174_1_fu_8382_p2              |       and|   0|  0|   2|           1|           1|
    |and_ln174_fu_8365_p2                |       and|   0|  0|   2|           1|           1|
    |and_ln175_1_fu_8547_p2              |       and|   0|  0|   2|           1|           1|
    |and_ln175_fu_8530_p2                |       and|   0|  0|   2|           1|           1|
    |and_ln176_1_fu_8687_p2              |       and|   0|  0|   2|           1|           1|
    |and_ln176_fu_8670_p2                |       and|   0|  0|   2|           1|           1|
    |and_ln177_1_fu_8889_p2              |       and|   0|  0|   2|           1|           1|
    |and_ln177_fu_8872_p2                |       and|   0|  0|   2|           1|           1|
    |and_ln179_1_fu_9054_p2              |       and|   0|  0|   2|           1|           1|
    |and_ln179_fu_9037_p2                |       and|   0|  0|   2|           1|           1|
    |and_ln180_1_fu_9219_p2              |       and|   0|  0|   2|           1|           1|
    |and_ln180_fu_9202_p2                |       and|   0|  0|   2|           1|           1|
    |and_ln181_1_fu_9384_p2              |       and|   0|  0|   2|           1|           1|
    |and_ln181_fu_9367_p2                |       and|   0|  0|   2|           1|           1|
    |and_ln182_1_fu_9549_p2              |       and|   0|  0|   2|           1|           1|
    |and_ln182_fu_9532_p2                |       and|   0|  0|   2|           1|           1|
    |and_ln183_1_fu_9714_p2              |       and|   0|  0|   2|           1|           1|
    |and_ln183_fu_9697_p2                |       and|   0|  0|   2|           1|           1|
    |and_ln185_1_fu_9879_p2              |       and|   0|  0|   2|           1|           1|
    |and_ln185_fu_9862_p2                |       and|   0|  0|   2|           1|           1|
    |and_ln186_1_fu_10044_p2             |       and|   0|  0|   2|           1|           1|
    |and_ln186_fu_10027_p2               |       and|   0|  0|   2|           1|           1|
    |and_ln187_1_fu_10209_p2             |       and|   0|  0|   2|           1|           1|
    |and_ln187_fu_10192_p2               |       and|   0|  0|   2|           1|           1|
    |and_ln188_1_fu_10374_p2             |       and|   0|  0|   2|           1|           1|
    |and_ln188_fu_10357_p2               |       and|   0|  0|   2|           1|           1|
    |and_ln189_1_fu_10539_p2             |       and|   0|  0|   2|           1|           1|
    |and_ln189_fu_10522_p2               |       and|   0|  0|   2|           1|           1|
    |and_ln191_1_fu_10704_p2             |       and|   0|  0|   2|           1|           1|
    |and_ln191_fu_10687_p2               |       and|   0|  0|   2|           1|           1|
    |and_ln192_1_fu_10869_p2             |       and|   0|  0|   2|           1|           1|
    |and_ln192_fu_10852_p2               |       and|   0|  0|   2|           1|           1|
    |and_ln193_1_fu_11034_p2             |       and|   0|  0|   2|           1|           1|
    |and_ln193_fu_11017_p2               |       and|   0|  0|   2|           1|           1|
    |and_ln194_1_fu_11199_p2             |       and|   0|  0|   2|           1|           1|
    |and_ln194_fu_11182_p2               |       and|   0|  0|   2|           1|           1|
    |and_ln195_1_fu_11339_p2             |       and|   0|  0|   2|           1|           1|
    |and_ln195_fu_11322_p2               |       and|   0|  0|   2|           1|           1|
    |and_ln197_1_fu_11541_p2             |       and|   0|  0|   2|           1|           1|
    |and_ln197_fu_11524_p2               |       and|   0|  0|   2|           1|           1|
    |and_ln198_1_fu_11706_p2             |       and|   0|  0|   2|           1|           1|
    |and_ln198_fu_11689_p2               |       and|   0|  0|   2|           1|           1|
    |and_ln199_1_fu_11871_p2             |       and|   0|  0|   2|           1|           1|
    |and_ln199_fu_11854_p2               |       and|   0|  0|   2|           1|           1|
    |and_ln200_1_fu_12011_p2             |       and|   0|  0|   2|           1|           1|
    |and_ln200_fu_11994_p2               |       and|   0|  0|   2|           1|           1|
    |and_ln201_1_fu_12187_p2             |       and|   0|  0|   2|           1|           1|
    |and_ln201_fu_12171_p2               |       and|   0|  0|   2|           1|           1|
    |and_ln203_1_fu_12317_p2             |       and|   0|  0|   2|           1|           1|
    |and_ln203_2_fu_12331_p2             |       and|   0|  0|   2|           1|           1|
    |and_ln203_3_fu_12355_p2             |       and|   0|  0|   2|           1|           1|
    |and_ln203_4_fu_12361_p2             |       and|   0|  0|   2|           1|           1|
    |and_ln203_5_fu_12379_p2             |       and|   0|  0|   2|           1|           1|
    |and_ln203_fu_12269_p2               |       and|   0|  0|   2|           1|           1|
    |ap_block_pp0_stage0_01001_grp1      |       and|   0|  0|   2|           1|           1|
    |cmp14_fu_6380_p2                    |      icmp|   0|  0|  14|           7|           6|
    |icmp_fu_6240_p2                     |      icmp|   0|  0|  13|           6|           1|
    |icmp_ln160_fu_6165_p2               |      icmp|   0|  0|  21|          13|          14|
    |icmp_ln161_fu_6188_p2               |      icmp|   0|  0|  15|           7|           8|
    |icmp_ln166_1_fu_6330_p2             |      icmp|   0|  0|  14|           7|           6|
    |icmp_ln166_fu_6260_p2               |      icmp|   0|  0|  13|           6|           1|
    |icmp_ln203_1_fu_12297_p2            |      icmp|   0|  0|   9|           2|           1|
    |icmp_ln203_fu_12291_p2              |      icmp|   0|  0|   9|           2|           2|
    |or_ln173_1_fu_8207_p2               |        or|   0|  0|   2|           1|           1|
    |or_ln173_fu_8224_p2                 |        or|   0|  0|   2|           1|           1|
    |or_ln174_1_fu_8387_p2               |        or|   0|  0|   2|           1|           1|
    |or_ln174_2_fu_8337_p2               |        or|   0|  0|   2|           1|           1|
    |or_ln174_3_fu_8371_p2               |        or|   0|  0|   2|           1|           1|
    |or_ln174_fu_8359_p2                 |        or|   0|  0|   2|           1|           1|
    |or_ln175_1_fu_8552_p2               |        or|   0|  0|   2|           1|           1|
    |or_ln175_2_fu_8502_p2               |        or|   0|  0|   2|           1|           1|
    |or_ln175_3_fu_8536_p2               |        or|   0|  0|   2|           1|           1|
    |or_ln175_fu_8524_p2                 |        or|   0|  0|   2|           1|           1|
    |or_ln176_1_fu_8692_p2               |        or|   0|  0|   2|           1|           1|
    |or_ln176_2_fu_8642_p2               |        or|   0|  0|   2|           1|           1|
    |or_ln176_3_fu_8676_p2               |        or|   0|  0|   2|           1|           1|
    |or_ln176_fu_8664_p2                 |        or|   0|  0|   2|           1|           1|
    |or_ln177_1_fu_8894_p2               |        or|   0|  0|   2|           1|           1|
    |or_ln177_2_fu_8844_p2               |        or|   0|  0|   2|           1|           1|
    |or_ln177_3_fu_8878_p2               |        or|   0|  0|   2|           1|           1|
    |or_ln177_fu_8866_p2                 |        or|   0|  0|   2|           1|           1|
    |or_ln179_1_fu_9059_p2               |        or|   0|  0|   2|           1|           1|
    |or_ln179_2_fu_9009_p2               |        or|   0|  0|   2|           1|           1|
    |or_ln179_3_fu_9043_p2               |        or|   0|  0|   2|           1|           1|
    |or_ln179_fu_9031_p2                 |        or|   0|  0|   2|           1|           1|
    |or_ln180_1_fu_9224_p2               |        or|   0|  0|   2|           1|           1|
    |or_ln180_2_fu_9174_p2               |        or|   0|  0|   2|           1|           1|
    |or_ln180_3_fu_9208_p2               |        or|   0|  0|   2|           1|           1|
    |or_ln180_fu_9196_p2                 |        or|   0|  0|   2|           1|           1|
    |or_ln181_1_fu_9389_p2               |        or|   0|  0|   2|           1|           1|
    |or_ln181_2_fu_9339_p2               |        or|   0|  0|   2|           1|           1|
    |or_ln181_3_fu_9373_p2               |        or|   0|  0|   2|           1|           1|
    |or_ln181_fu_9361_p2                 |        or|   0|  0|   2|           1|           1|
    |or_ln182_1_fu_9554_p2               |        or|   0|  0|   2|           1|           1|
    |or_ln182_2_fu_9504_p2               |        or|   0|  0|   2|           1|           1|
    |or_ln182_3_fu_9538_p2               |        or|   0|  0|   2|           1|           1|
    |or_ln182_fu_9526_p2                 |        or|   0|  0|   2|           1|           1|
    |or_ln183_1_fu_9719_p2               |        or|   0|  0|   2|           1|           1|
    |or_ln183_2_fu_9669_p2               |        or|   0|  0|   2|           1|           1|
    |or_ln183_3_fu_9703_p2               |        or|   0|  0|   2|           1|           1|
    |or_ln183_fu_9691_p2                 |        or|   0|  0|   2|           1|           1|
    |or_ln185_1_fu_9884_p2               |        or|   0|  0|   2|           1|           1|
    |or_ln185_2_fu_9834_p2               |        or|   0|  0|   2|           1|           1|
    |or_ln185_3_fu_9868_p2               |        or|   0|  0|   2|           1|           1|
    |or_ln185_fu_9856_p2                 |        or|   0|  0|   2|           1|           1|
    |or_ln186_1_fu_10049_p2              |        or|   0|  0|   2|           1|           1|
    |or_ln186_2_fu_9999_p2               |        or|   0|  0|   2|           1|           1|
    |or_ln186_3_fu_10033_p2              |        or|   0|  0|   2|           1|           1|
    |or_ln186_fu_10021_p2                |        or|   0|  0|   2|           1|           1|
    |or_ln187_1_fu_10214_p2              |        or|   0|  0|   2|           1|           1|
    |or_ln187_2_fu_10164_p2              |        or|   0|  0|   2|           1|           1|
    |or_ln187_3_fu_10198_p2              |        or|   0|  0|   2|           1|           1|
    |or_ln187_fu_10186_p2                |        or|   0|  0|   2|           1|           1|
    |or_ln188_1_fu_10379_p2              |        or|   0|  0|   2|           1|           1|
    |or_ln188_2_fu_10329_p2              |        or|   0|  0|   2|           1|           1|
    |or_ln188_3_fu_10363_p2              |        or|   0|  0|   2|           1|           1|
    |or_ln188_fu_10351_p2                |        or|   0|  0|   2|           1|           1|
    |or_ln189_1_fu_10544_p2              |        or|   0|  0|   2|           1|           1|
    |or_ln189_2_fu_10494_p2              |        or|   0|  0|   2|           1|           1|
    |or_ln189_3_fu_10528_p2              |        or|   0|  0|   2|           1|           1|
    |or_ln189_fu_10516_p2                |        or|   0|  0|   2|           1|           1|
    |or_ln191_1_fu_10709_p2              |        or|   0|  0|   2|           1|           1|
    |or_ln191_2_fu_10659_p2              |        or|   0|  0|   2|           1|           1|
    |or_ln191_3_fu_10693_p2              |        or|   0|  0|   2|           1|           1|
    |or_ln191_fu_10681_p2                |        or|   0|  0|   2|           1|           1|
    |or_ln192_1_fu_10874_p2              |        or|   0|  0|   2|           1|           1|
    |or_ln192_2_fu_10824_p2              |        or|   0|  0|   2|           1|           1|
    |or_ln192_3_fu_10858_p2              |        or|   0|  0|   2|           1|           1|
    |or_ln192_fu_10846_p2                |        or|   0|  0|   2|           1|           1|
    |or_ln193_1_fu_11039_p2              |        or|   0|  0|   2|           1|           1|
    |or_ln193_2_fu_10989_p2              |        or|   0|  0|   2|           1|           1|
    |or_ln193_3_fu_11023_p2              |        or|   0|  0|   2|           1|           1|
    |or_ln193_fu_11011_p2                |        or|   0|  0|   2|           1|           1|
    |or_ln194_1_fu_11204_p2              |        or|   0|  0|   2|           1|           1|
    |or_ln194_2_fu_11154_p2              |        or|   0|  0|   2|           1|           1|
    |or_ln194_3_fu_11188_p2              |        or|   0|  0|   2|           1|           1|
    |or_ln194_fu_11176_p2                |        or|   0|  0|   2|           1|           1|
    |or_ln195_1_fu_11344_p2              |        or|   0|  0|   2|           1|           1|
    |or_ln195_2_fu_11294_p2              |        or|   0|  0|   2|           1|           1|
    |or_ln195_3_fu_11328_p2              |        or|   0|  0|   2|           1|           1|
    |or_ln195_fu_11316_p2                |        or|   0|  0|   2|           1|           1|
    |or_ln197_1_fu_11546_p2              |        or|   0|  0|   2|           1|           1|
    |or_ln197_2_fu_11496_p2              |        or|   0|  0|   2|           1|           1|
    |or_ln197_3_fu_11530_p2              |        or|   0|  0|   2|           1|           1|
    |or_ln197_fu_11518_p2                |        or|   0|  0|   2|           1|           1|
    |or_ln198_1_fu_11711_p2              |        or|   0|  0|   2|           1|           1|
    |or_ln198_2_fu_11661_p2              |        or|   0|  0|   2|           1|           1|
    |or_ln198_3_fu_11695_p2              |        or|   0|  0|   2|           1|           1|
    |or_ln198_fu_11683_p2                |        or|   0|  0|   2|           1|           1|
    |or_ln199_1_fu_11876_p2              |        or|   0|  0|   2|           1|           1|
    |or_ln199_2_fu_11826_p2              |        or|   0|  0|   2|           1|           1|
    |or_ln199_3_fu_11860_p2              |        or|   0|  0|   2|           1|           1|
    |or_ln199_fu_11848_p2                |        or|   0|  0|   2|           1|           1|
    |or_ln200_1_fu_12016_p2              |        or|   0|  0|   2|           1|           1|
    |or_ln200_2_fu_11966_p2              |        or|   0|  0|   2|           1|           1|
    |or_ln200_3_fu_12000_p2              |        or|   0|  0|   2|           1|           1|
    |or_ln200_fu_11988_p2                |        or|   0|  0|   2|           1|           1|
    |or_ln201_1_fu_12199_p2              |        or|   0|  0|   2|           1|           1|
    |or_ln201_2_fu_12143_p2              |        or|   0|  0|   2|           1|           1|
    |or_ln201_3_fu_12177_p2              |        or|   0|  0|   2|           1|           1|
    |or_ln201_fu_12165_p2                |        or|   0|  0|   2|           1|           1|
    |or_ln203_1_fu_12393_p2              |        or|   0|  0|   2|           1|           1|
    |or_ln203_2_fu_12367_p2              |        or|   0|  0|   2|           1|           1|
    |or_ln203_fu_12343_p2                |        or|   0|  0|   2|           1|           1|
    |gaussian_stream_din                 |    select|   0|  0|  16|           1|          16|
    |select_ln160_1_fu_6214_p3           |    select|   0|  0|   7|           1|           7|
    |select_ln160_2_fu_6222_p3           |    select|   0|  0|   7|           1|           7|
    |select_ln160_fu_6194_p3             |    select|   0|  0|   7|           1|           1|
    |select_ln173_fu_8236_p3             |    select|   0|  0|  20|           1|          19|
    |select_ln174_1_fu_8401_p3           |    select|   0|  0|  20|           1|          20|
    |select_ln174_fu_8393_p3             |    select|   0|  0|  21|           1|          19|
    |select_ln175_1_fu_8566_p3           |    select|   0|  0|  20|           1|          20|
    |select_ln175_fu_8558_p3             |    select|   0|  0|  21|           1|          19|
    |select_ln176_1_fu_8734_p3           |    select|   0|  0|  20|           1|          20|
    |select_ln176_fu_8726_p3             |    select|   0|  0|  21|           1|          19|
    |select_ln177_1_fu_8908_p3           |    select|   0|  0|  20|           1|          20|
    |select_ln177_fu_8900_p3             |    select|   0|  0|  21|           1|          19|
    |select_ln179_1_fu_9073_p3           |    select|   0|  0|  20|           1|          20|
    |select_ln179_fu_9065_p3             |    select|   0|  0|  21|           1|          19|
    |select_ln180_1_fu_9238_p3           |    select|   0|  0|  20|           1|          20|
    |select_ln180_fu_9230_p3             |    select|   0|  0|  21|           1|          19|
    |select_ln181_1_fu_9403_p3           |    select|   0|  0|  20|           1|          20|
    |select_ln181_fu_9395_p3             |    select|   0|  0|  21|           1|          19|
    |select_ln182_1_fu_9568_p3           |    select|   0|  0|  20|           1|          20|
    |select_ln182_fu_9560_p3             |    select|   0|  0|  21|           1|          19|
    |select_ln183_1_fu_9733_p3           |    select|   0|  0|  20|           1|          20|
    |select_ln183_fu_9725_p3             |    select|   0|  0|  21|           1|          19|
    |select_ln185_1_fu_9898_p3           |    select|   0|  0|  20|           1|          20|
    |select_ln185_fu_9890_p3             |    select|   0|  0|  21|           1|          19|
    |select_ln186_1_fu_10063_p3          |    select|   0|  0|  20|           1|          20|
    |select_ln186_fu_10055_p3            |    select|   0|  0|  21|           1|          19|
    |select_ln187_1_fu_10228_p3          |    select|   0|  0|  20|           1|          20|
    |select_ln187_fu_10220_p3            |    select|   0|  0|  21|           1|          19|
    |select_ln188_1_fu_10393_p3          |    select|   0|  0|  20|           1|          20|
    |select_ln188_fu_10385_p3            |    select|   0|  0|  21|           1|          19|
    |select_ln189_1_fu_10558_p3          |    select|   0|  0|  20|           1|          20|
    |select_ln189_fu_10550_p3            |    select|   0|  0|  21|           1|          19|
    |select_ln191_1_fu_10723_p3          |    select|   0|  0|  20|           1|          20|
    |select_ln191_fu_10715_p3            |    select|   0|  0|  21|           1|          19|
    |select_ln192_1_fu_10888_p3          |    select|   0|  0|  20|           1|          20|
    |select_ln192_fu_10880_p3            |    select|   0|  0|  21|           1|          19|
    |select_ln193_1_fu_11053_p3          |    select|   0|  0|  20|           1|          20|
    |select_ln193_fu_11045_p3            |    select|   0|  0|  21|           1|          19|
    |select_ln194_1_fu_11218_p3          |    select|   0|  0|  20|           1|          20|
    |select_ln194_fu_11210_p3            |    select|   0|  0|  21|           1|          19|
    |select_ln195_1_fu_11386_p3          |    select|   0|  0|  20|           1|          20|
    |select_ln195_fu_11378_p3            |    select|   0|  0|  21|           1|          19|
    |select_ln197_1_fu_11560_p3          |    select|   0|  0|  20|           1|          20|
    |select_ln197_fu_11552_p3            |    select|   0|  0|  21|           1|          19|
    |select_ln198_1_fu_11725_p3          |    select|   0|  0|  20|           1|          20|
    |select_ln198_fu_11717_p3            |    select|   0|  0|  21|           1|          19|
    |select_ln199_1_fu_11890_p3          |    select|   0|  0|  20|           1|          20|
    |select_ln199_fu_11882_p3            |    select|   0|  0|  21|           1|          19|
    |select_ln200_1_fu_12058_p3          |    select|   0|  0|  20|           1|          20|
    |select_ln200_fu_12050_p3            |    select|   0|  0|  21|           1|          19|
    |select_ln201_fu_12192_p3            |    select|   0|  0|  21|           1|          19|
    |select_ln203_1_fu_12323_p3          |    select|   0|  0|   2|           1|           1|
    |select_ln203_2_fu_12385_p3          |    select|   0|  0|  17|           1|          15|
    |select_ln203_3_fu_12399_p3          |    select|   0|  0|  16|           1|          16|
    |select_ln203_fu_12303_p3            |    select|   0|  0|   2|           1|           1|
    |sum_50_fu_12204_p3                  |    select|   0|  0|  20|           1|          20|
    |ap_enable_pp0                       |       xor|   0|  0|   2|           1|           2|
    |xor_ln173_1_fu_8213_p2              |       xor|   0|  0|   2|           1|           1|
    |xor_ln173_2_fu_8218_p2              |       xor|   0|  0|   2|           1|           2|
    |xor_ln173_fu_8202_p2                |       xor|   0|  0|   2|           1|           2|
    |xor_ln174_1_fu_8343_p2              |       xor|   0|  0|   2|           1|           2|
    |xor_ln174_2_fu_8348_p2              |       xor|   0|  0|   2|           1|           1|
    |xor_ln174_3_fu_8353_p2              |       xor|   0|  0|   2|           1|           2|
    |xor_ln174_4_fu_8376_p2              |       xor|   0|  0|   2|           1|           2|
    |xor_ln174_fu_8332_p2                |       xor|   0|  0|   2|           1|           2|
    |xor_ln175_1_fu_8508_p2              |       xor|   0|  0|   2|           1|           2|
    |xor_ln175_2_fu_8513_p2              |       xor|   0|  0|   2|           1|           1|
    |xor_ln175_3_fu_8518_p2              |       xor|   0|  0|   2|           1|           2|
    |xor_ln175_4_fu_8541_p2              |       xor|   0|  0|   2|           1|           2|
    |xor_ln175_fu_8497_p2                |       xor|   0|  0|   2|           1|           2|
    |xor_ln176_1_fu_8648_p2              |       xor|   0|  0|   2|           1|           2|
    |xor_ln176_2_fu_8653_p2              |       xor|   0|  0|   2|           1|           1|
    |xor_ln176_3_fu_8658_p2              |       xor|   0|  0|   2|           1|           2|
    |xor_ln176_4_fu_8681_p2              |       xor|   0|  0|   2|           1|           2|
    |xor_ln176_fu_8637_p2                |       xor|   0|  0|   2|           1|           2|
    |xor_ln177_1_fu_8850_p2              |       xor|   0|  0|   2|           1|           2|
    |xor_ln177_2_fu_8855_p2              |       xor|   0|  0|   2|           1|           1|
    |xor_ln177_3_fu_8860_p2              |       xor|   0|  0|   2|           1|           2|
    |xor_ln177_4_fu_8883_p2              |       xor|   0|  0|   2|           1|           2|
    |xor_ln177_fu_8839_p2                |       xor|   0|  0|   2|           1|           2|
    |xor_ln179_1_fu_9015_p2              |       xor|   0|  0|   2|           1|           2|
    |xor_ln179_2_fu_9020_p2              |       xor|   0|  0|   2|           1|           1|
    |xor_ln179_3_fu_9025_p2              |       xor|   0|  0|   2|           1|           2|
    |xor_ln179_4_fu_9048_p2              |       xor|   0|  0|   2|           1|           2|
    |xor_ln179_fu_9004_p2                |       xor|   0|  0|   2|           1|           2|
    |xor_ln180_1_fu_9180_p2              |       xor|   0|  0|   2|           1|           2|
    |xor_ln180_2_fu_9185_p2              |       xor|   0|  0|   2|           1|           1|
    |xor_ln180_3_fu_9190_p2              |       xor|   0|  0|   2|           1|           2|
    |xor_ln180_4_fu_9213_p2              |       xor|   0|  0|   2|           1|           2|
    |xor_ln180_fu_9169_p2                |       xor|   0|  0|   2|           1|           2|
    |xor_ln181_1_fu_9345_p2              |       xor|   0|  0|   2|           1|           2|
    |xor_ln181_2_fu_9350_p2              |       xor|   0|  0|   2|           1|           1|
    |xor_ln181_3_fu_9355_p2              |       xor|   0|  0|   2|           1|           2|
    |xor_ln181_4_fu_9378_p2              |       xor|   0|  0|   2|           1|           2|
    |xor_ln181_fu_9334_p2                |       xor|   0|  0|   2|           1|           2|
    |xor_ln182_1_fu_9510_p2              |       xor|   0|  0|   2|           1|           2|
    |xor_ln182_2_fu_9515_p2              |       xor|   0|  0|   2|           1|           1|
    |xor_ln182_3_fu_9520_p2              |       xor|   0|  0|   2|           1|           2|
    |xor_ln182_4_fu_9543_p2              |       xor|   0|  0|   2|           1|           2|
    |xor_ln182_fu_9499_p2                |       xor|   0|  0|   2|           1|           2|
    |xor_ln183_1_fu_9675_p2              |       xor|   0|  0|   2|           1|           2|
    |xor_ln183_2_fu_9680_p2              |       xor|   0|  0|   2|           1|           1|
    |xor_ln183_3_fu_9685_p2              |       xor|   0|  0|   2|           1|           2|
    |xor_ln183_4_fu_9708_p2              |       xor|   0|  0|   2|           1|           2|
    |xor_ln183_fu_9664_p2                |       xor|   0|  0|   2|           1|           2|
    |xor_ln185_1_fu_9840_p2              |       xor|   0|  0|   2|           1|           2|
    |xor_ln185_2_fu_9845_p2              |       xor|   0|  0|   2|           1|           1|
    |xor_ln185_3_fu_9850_p2              |       xor|   0|  0|   2|           1|           2|
    |xor_ln185_4_fu_9873_p2              |       xor|   0|  0|   2|           1|           2|
    |xor_ln185_fu_9829_p2                |       xor|   0|  0|   2|           1|           2|
    |xor_ln186_1_fu_10005_p2             |       xor|   0|  0|   2|           1|           2|
    |xor_ln186_2_fu_10010_p2             |       xor|   0|  0|   2|           1|           1|
    |xor_ln186_3_fu_10015_p2             |       xor|   0|  0|   2|           1|           2|
    |xor_ln186_4_fu_10038_p2             |       xor|   0|  0|   2|           1|           2|
    |xor_ln186_fu_9994_p2                |       xor|   0|  0|   2|           1|           2|
    |xor_ln187_1_fu_10170_p2             |       xor|   0|  0|   2|           1|           2|
    |xor_ln187_2_fu_10175_p2             |       xor|   0|  0|   2|           1|           1|
    |xor_ln187_3_fu_10180_p2             |       xor|   0|  0|   2|           1|           2|
    |xor_ln187_4_fu_10203_p2             |       xor|   0|  0|   2|           1|           2|
    |xor_ln187_fu_10159_p2               |       xor|   0|  0|   2|           1|           2|
    |xor_ln188_1_fu_10335_p2             |       xor|   0|  0|   2|           1|           2|
    |xor_ln188_2_fu_10340_p2             |       xor|   0|  0|   2|           1|           1|
    |xor_ln188_3_fu_10345_p2             |       xor|   0|  0|   2|           1|           2|
    |xor_ln188_4_fu_10368_p2             |       xor|   0|  0|   2|           1|           2|
    |xor_ln188_fu_10324_p2               |       xor|   0|  0|   2|           1|           2|
    |xor_ln189_1_fu_10500_p2             |       xor|   0|  0|   2|           1|           2|
    |xor_ln189_2_fu_10505_p2             |       xor|   0|  0|   2|           1|           1|
    |xor_ln189_3_fu_10510_p2             |       xor|   0|  0|   2|           1|           2|
    |xor_ln189_4_fu_10533_p2             |       xor|   0|  0|   2|           1|           2|
    |xor_ln189_fu_10489_p2               |       xor|   0|  0|   2|           1|           2|
    |xor_ln191_1_fu_10665_p2             |       xor|   0|  0|   2|           1|           2|
    |xor_ln191_2_fu_10670_p2             |       xor|   0|  0|   2|           1|           1|
    |xor_ln191_3_fu_10675_p2             |       xor|   0|  0|   2|           1|           2|
    |xor_ln191_4_fu_10698_p2             |       xor|   0|  0|   2|           1|           2|
    |xor_ln191_fu_10654_p2               |       xor|   0|  0|   2|           1|           2|
    |xor_ln192_1_fu_10830_p2             |       xor|   0|  0|   2|           1|           2|
    |xor_ln192_2_fu_10835_p2             |       xor|   0|  0|   2|           1|           1|
    |xor_ln192_3_fu_10840_p2             |       xor|   0|  0|   2|           1|           2|
    |xor_ln192_4_fu_10863_p2             |       xor|   0|  0|   2|           1|           2|
    |xor_ln192_fu_10819_p2               |       xor|   0|  0|   2|           1|           2|
    |xor_ln193_1_fu_10995_p2             |       xor|   0|  0|   2|           1|           2|
    |xor_ln193_2_fu_11000_p2             |       xor|   0|  0|   2|           1|           1|
    |xor_ln193_3_fu_11005_p2             |       xor|   0|  0|   2|           1|           2|
    |xor_ln193_4_fu_11028_p2             |       xor|   0|  0|   2|           1|           2|
    |xor_ln193_fu_10984_p2               |       xor|   0|  0|   2|           1|           2|
    |xor_ln194_1_fu_11160_p2             |       xor|   0|  0|   2|           1|           2|
    |xor_ln194_2_fu_11165_p2             |       xor|   0|  0|   2|           1|           1|
    |xor_ln194_3_fu_11170_p2             |       xor|   0|  0|   2|           1|           2|
    |xor_ln194_4_fu_11193_p2             |       xor|   0|  0|   2|           1|           2|
    |xor_ln194_fu_11149_p2               |       xor|   0|  0|   2|           1|           2|
    |xor_ln195_1_fu_11300_p2             |       xor|   0|  0|   2|           1|           2|
    |xor_ln195_2_fu_11305_p2             |       xor|   0|  0|   2|           1|           1|
    |xor_ln195_3_fu_11310_p2             |       xor|   0|  0|   2|           1|           2|
    |xor_ln195_4_fu_11333_p2             |       xor|   0|  0|   2|           1|           2|
    |xor_ln195_fu_11289_p2               |       xor|   0|  0|   2|           1|           2|
    |xor_ln197_1_fu_11502_p2             |       xor|   0|  0|   2|           1|           2|
    |xor_ln197_2_fu_11507_p2             |       xor|   0|  0|   2|           1|           1|
    |xor_ln197_3_fu_11512_p2             |       xor|   0|  0|   2|           1|           2|
    |xor_ln197_4_fu_11535_p2             |       xor|   0|  0|   2|           1|           2|
    |xor_ln197_fu_11491_p2               |       xor|   0|  0|   2|           1|           2|
    |xor_ln198_1_fu_11667_p2             |       xor|   0|  0|   2|           1|           2|
    |xor_ln198_2_fu_11672_p2             |       xor|   0|  0|   2|           1|           1|
    |xor_ln198_3_fu_11677_p2             |       xor|   0|  0|   2|           1|           2|
    |xor_ln198_4_fu_11700_p2             |       xor|   0|  0|   2|           1|           2|
    |xor_ln198_fu_11656_p2               |       xor|   0|  0|   2|           1|           2|
    |xor_ln199_1_fu_11832_p2             |       xor|   0|  0|   2|           1|           2|
    |xor_ln199_2_fu_11837_p2             |       xor|   0|  0|   2|           1|           1|
    |xor_ln199_3_fu_11842_p2             |       xor|   0|  0|   2|           1|           2|
    |xor_ln199_4_fu_11865_p2             |       xor|   0|  0|   2|           1|           2|
    |xor_ln199_fu_11821_p2               |       xor|   0|  0|   2|           1|           2|
    |xor_ln200_1_fu_11972_p2             |       xor|   0|  0|   2|           1|           2|
    |xor_ln200_2_fu_11977_p2             |       xor|   0|  0|   2|           1|           1|
    |xor_ln200_3_fu_11982_p2             |       xor|   0|  0|   2|           1|           2|
    |xor_ln200_4_fu_12005_p2             |       xor|   0|  0|   2|           1|           2|
    |xor_ln200_fu_11961_p2               |       xor|   0|  0|   2|           1|           2|
    |xor_ln201_1_fu_12149_p2             |       xor|   0|  0|   2|           1|           2|
    |xor_ln201_2_fu_12154_p2             |       xor|   0|  0|   2|           1|           1|
    |xor_ln201_3_fu_12159_p2             |       xor|   0|  0|   2|           1|           2|
    |xor_ln201_4_fu_12181_p2             |       xor|   0|  0|   2|           1|           2|
    |xor_ln201_fu_12138_p2               |       xor|   0|  0|   2|           1|           2|
    |xor_ln203_1_fu_12311_p2             |       xor|   0|  0|   2|           1|           2|
    |xor_ln203_2_fu_12337_p2             |       xor|   0|  0|   2|           1|           2|
    |xor_ln203_3_fu_12349_p2             |       xor|   0|  0|   2|           1|           2|
    |xor_ln203_4_fu_12373_p2             |       xor|   0|  0|   2|           1|           2|
    |xor_ln203_fu_12263_p2               |       xor|   0|  0|   2|           1|           2|
    +------------------------------------+----------+----+---+----+------------+------------+
    |Total                               |          |   0|  0|2417|         769|        1765|
    +------------------------------------+----------+----+---+----+------------+------------+

    * Multiplexer: 
    +--------------------------------------+-----+-----------+-----+-----------+
    |                 Name                 | LUT | Input Size| Bits| Total Bits|
    +--------------------------------------+-----+-----------+-----+-----------+
    |ap_done_int                           |    9|          2|    1|          2|
    |ap_enable_reg_pp0_iter1               |    9|          2|    1|          2|
    |ap_sig_allocacmp_indvar_flatten_load  |    9|          2|   13|         26|
    |c_fu_318                              |    9|          2|    7|         14|
    |gaussian_stream_blk_n                 |    9|          2|    1|          2|
    |grid_10_address0_local                |  127|         26|    8|        208|
    |grid_11_address0_local                |  127|         26|    8|        208|
    |grid_12_address0_local                |  127|         26|    8|        208|
    |grid_13_address0_local                |  127|         26|    8|        208|
    |grid_14_address0_local                |  127|         26|    8|        208|
    |grid_15_address0_local                |  127|         26|    8|        208|
    |grid_16_address0_local                |  127|         26|    8|        208|
    |grid_17_address0_local                |  127|         26|    8|        208|
    |grid_18_address0_local                |  127|         26|    8|        208|
    |grid_19_address0_local                |  127|         26|    8|        208|
    |grid_1_address0_local                 |  127|         26|    8|        208|
    |grid_20_address0_local                |  127|         26|    8|        208|
    |grid_21_address0_local                |  127|         26|    8|        208|
    |grid_22_address0_local                |  127|         26|    8|        208|
    |grid_23_address0_local                |  127|         26|    8|        208|
    |grid_24_address0_local                |  127|         26|    8|        208|
    |grid_2_address0_local                 |  127|         26|    8|        208|
    |grid_3_address0_local                 |  127|         26|    8|        208|
    |grid_4_address0_local                 |  127|         26|    8|        208|
    |grid_5_address0_local                 |  127|         26|    8|        208|
    |grid_6_address0_local                 |  127|         26|    8|        208|
    |grid_7_address0_local                 |  127|         26|    8|        208|
    |grid_8_address0_local                 |  127|         26|    8|        208|
    |grid_9_address0_local                 |  127|         26|    8|        208|
    |grid_address0_local                   |  127|         26|    8|        208|
    |indvar_flatten_fu_326                 |    9|          2|   13|         26|
    |r_fu_322                              |    9|          2|    7|         14|
    +--------------------------------------+-----+-----------+-----+-----------+
    |Total                                 | 3238|        664|  243|       5286|
    +--------------------------------------+-----+-----------+-----+-----------+

    * Register: 
    +----------------------------------------+----+----+-----+-----------+
    |                  Name                  | FF | LUT| Bits| Const Bits|
    +----------------------------------------+----+----+-----+-----------+
    |add_ln173_reg_12558                     |   6|   0|    6|          0|
    |add_ln174_reg_12563                     |   6|   0|    6|          0|
    |add_ln176_reg_12568                     |   6|   0|    6|          0|
    |add_ln177_reg_12573                     |   6|   0|    6|          0|
    |and_ln201_reg_16638                     |   1|   0|    1|          0|
    |ap_CS_fsm                               |   1|   0|    1|          0|
    |ap_done_reg                             |   1|   0|    1|          0|
    |ap_enable_reg_pp0_iter1                 |   1|   0|    1|          0|
    |ap_enable_reg_pp0_iter10                |   1|   0|    1|          0|
    |ap_enable_reg_pp0_iter11                |   1|   0|    1|          0|
    |ap_enable_reg_pp0_iter12                |   1|   0|    1|          0|
    |ap_enable_reg_pp0_iter13                |   1|   0|    1|          0|
    |ap_enable_reg_pp0_iter14                |   1|   0|    1|          0|
    |ap_enable_reg_pp0_iter15                |   1|   0|    1|          0|
    |ap_enable_reg_pp0_iter16                |   1|   0|    1|          0|
    |ap_enable_reg_pp0_iter17                |   1|   0|    1|          0|
    |ap_enable_reg_pp0_iter18                |   1|   0|    1|          0|
    |ap_enable_reg_pp0_iter19                |   1|   0|    1|          0|
    |ap_enable_reg_pp0_iter2                 |   1|   0|    1|          0|
    |ap_enable_reg_pp0_iter20                |   1|   0|    1|          0|
    |ap_enable_reg_pp0_iter21                |   1|   0|    1|          0|
    |ap_enable_reg_pp0_iter22                |   1|   0|    1|          0|
    |ap_enable_reg_pp0_iter23                |   1|   0|    1|          0|
    |ap_enable_reg_pp0_iter24                |   1|   0|    1|          0|
    |ap_enable_reg_pp0_iter25                |   1|   0|    1|          0|
    |ap_enable_reg_pp0_iter26                |   1|   0|    1|          0|
    |ap_enable_reg_pp0_iter27                |   1|   0|    1|          0|
    |ap_enable_reg_pp0_iter28                |   1|   0|    1|          0|
    |ap_enable_reg_pp0_iter29                |   1|   0|    1|          0|
    |ap_enable_reg_pp0_iter3                 |   1|   0|    1|          0|
    |ap_enable_reg_pp0_iter30                |   1|   0|    1|          0|
    |ap_enable_reg_pp0_iter31                |   1|   0|    1|          0|
    |ap_enable_reg_pp0_iter32                |   1|   0|    1|          0|
    |ap_enable_reg_pp0_iter33                |   1|   0|    1|          0|
    |ap_enable_reg_pp0_iter34                |   1|   0|    1|          0|
    |ap_enable_reg_pp0_iter35                |   1|   0|    1|          0|
    |ap_enable_reg_pp0_iter36                |   1|   0|    1|          0|
    |ap_enable_reg_pp0_iter37                |   1|   0|    1|          0|
    |ap_enable_reg_pp0_iter38                |   1|   0|    1|          0|
    |ap_enable_reg_pp0_iter39                |   1|   0|    1|          0|
    |ap_enable_reg_pp0_iter4                 |   1|   0|    1|          0|
    |ap_enable_reg_pp0_iter40                |   1|   0|    1|          0|
    |ap_enable_reg_pp0_iter41                |   1|   0|    1|          0|
    |ap_enable_reg_pp0_iter42                |   1|   0|    1|          0|
    |ap_enable_reg_pp0_iter5                 |   1|   0|    1|          0|
    |ap_enable_reg_pp0_iter6                 |   1|   0|    1|          0|
    |ap_enable_reg_pp0_iter7                 |   1|   0|    1|          0|
    |ap_enable_reg_pp0_iter8                 |   1|   0|    1|          0|
    |ap_enable_reg_pp0_iter9                 |   1|   0|    1|          0|
    |ap_loop_exit_ready_pp0_iter10_reg       |   1|   0|    1|          0|
    |ap_loop_exit_ready_pp0_iter11_reg       |   1|   0|    1|          0|
    |ap_loop_exit_ready_pp0_iter12_reg       |   1|   0|    1|          0|
    |ap_loop_exit_ready_pp0_iter13_reg       |   1|   0|    1|          0|
    |ap_loop_exit_ready_pp0_iter14_reg       |   1|   0|    1|          0|
    |ap_loop_exit_ready_pp0_iter15_reg       |   1|   0|    1|          0|
    |ap_loop_exit_ready_pp0_iter16_reg       |   1|   0|    1|          0|
    |ap_loop_exit_ready_pp0_iter17_reg       |   1|   0|    1|          0|
    |ap_loop_exit_ready_pp0_iter18_reg       |   1|   0|    1|          0|
    |ap_loop_exit_ready_pp0_iter19_reg       |   1|   0|    1|          0|
    |ap_loop_exit_ready_pp0_iter1_reg        |   1|   0|    1|          0|
    |ap_loop_exit_ready_pp0_iter20_reg       |   1|   0|    1|          0|
    |ap_loop_exit_ready_pp0_iter21_reg       |   1|   0|    1|          0|
    |ap_loop_exit_ready_pp0_iter22_reg       |   1|   0|    1|          0|
    |ap_loop_exit_ready_pp0_iter23_reg       |   1|   0|    1|          0|
    |ap_loop_exit_ready_pp0_iter24_reg       |   1|   0|    1|          0|
    |ap_loop_exit_ready_pp0_iter25_reg       |   1|   0|    1|          0|
    |ap_loop_exit_ready_pp0_iter26_reg       |   1|   0|    1|          0|
    |ap_loop_exit_ready_pp0_iter27_reg       |   1|   0|    1|          0|
    |ap_loop_exit_ready_pp0_iter28_reg       |   1|   0|    1|          0|
    |ap_loop_exit_ready_pp0_iter29_reg       |   1|   0|    1|          0|
    |ap_loop_exit_ready_pp0_iter2_reg        |   1|   0|    1|          0|
    |ap_loop_exit_ready_pp0_iter30_reg       |   1|   0|    1|          0|
    |ap_loop_exit_ready_pp0_iter31_reg       |   1|   0|    1|          0|
    |ap_loop_exit_ready_pp0_iter32_reg       |   1|   0|    1|          0|
    |ap_loop_exit_ready_pp0_iter33_reg       |   1|   0|    1|          0|
    |ap_loop_exit_ready_pp0_iter34_reg       |   1|   0|    1|          0|
    |ap_loop_exit_ready_pp0_iter35_reg       |   1|   0|    1|          0|
    |ap_loop_exit_ready_pp0_iter36_reg       |   1|   0|    1|          0|
    |ap_loop_exit_ready_pp0_iter37_reg       |   1|   0|    1|          0|
    |ap_loop_exit_ready_pp0_iter38_reg       |   1|   0|    1|          0|
    |ap_loop_exit_ready_pp0_iter39_reg       |   1|   0|    1|          0|
    |ap_loop_exit_ready_pp0_iter3_reg        |   1|   0|    1|          0|
    |ap_loop_exit_ready_pp0_iter40_reg       |   1|   0|    1|          0|
    |ap_loop_exit_ready_pp0_iter41_reg       |   1|   0|    1|          0|
    |ap_loop_exit_ready_pp0_iter4_reg        |   1|   0|    1|          0|
    |ap_loop_exit_ready_pp0_iter5_reg        |   1|   0|    1|          0|
    |ap_loop_exit_ready_pp0_iter6_reg        |   1|   0|    1|          0|
    |ap_loop_exit_ready_pp0_iter7_reg        |   1|   0|    1|          0|
    |ap_loop_exit_ready_pp0_iter8_reg        |   1|   0|    1|          0|
    |ap_loop_exit_ready_pp0_iter9_reg        |   1|   0|    1|          0|
    |c_fu_318                                |   7|   0|    7|          0|
    |cmp14_reg_12533                         |   1|   0|    1|          0|
    |empty_97_reg_12513                      |   7|   0|    7|          0|
    |empty_98_reg_12538                      |   7|   0|    7|          0|
    |empty_reg_12508                         |   7|   0|    7|          0|
    |icmp_ln166_1_reg_12503                  |   1|   0|    1|          0|
    |icmp_ln166_reg_12488                    |   1|   0|    1|          0|
    |icmp_reg_12475                          |   1|   0|    1|          0|
    |indvar_flatten_fu_326                   |  13|   0|   13|          0|
    |mul_ln160_1_reg_12578                   |   8|   0|    8|          0|
    |mul_ln161_1_reg_12643                   |   8|   0|    8|          0|
    |mul_ln173_1_reg_12616                   |   8|   0|    8|          0|
    |mul_ln174_reg_15971                     |  28|   0|   28|          0|
    |mul_ln175_reg_15999                     |  29|   0|   29|          0|
    |mul_ln176_reg_16027                     |  28|   0|   28|          0|
    |mul_ln179_1_reg_12625                   |   8|   0|    8|          0|
    |mul_ln179_reg_16078                     |  28|   0|   28|          0|
    |mul_ln180_reg_16106                     |  30|   0|   30|          0|
    |mul_ln181_reg_16134                     |  31|   0|   31|          0|
    |mul_ln182_reg_16162                     |  30|   0|   30|          0|
    |mul_ln183_reg_16190                     |  28|   0|   28|          0|
    |mul_ln185_reg_16218                     |  29|   0|   29|          0|
    |mul_ln186_reg_16246                     |  31|   0|   31|          0|
    |mul_ln187_reg_16274                     |  32|   0|   32|          0|
    |mul_ln188_reg_16302                     |  31|   0|   31|          0|
    |mul_ln189_reg_16330                     |  29|   0|   29|          0|
    |mul_ln191_1_reg_12634                   |   8|   0|    8|          0|
    |mul_ln191_reg_16358                     |  28|   0|   28|          0|
    |mul_ln192_reg_16386                     |  30|   0|   30|          0|
    |mul_ln193_reg_16414                     |  31|   0|   31|          0|
    |mul_ln194_reg_16442                     |  30|   0|   30|          0|
    |mul_ln195_reg_16470                     |  28|   0|   28|          0|
    |mul_ln198_reg_16521                     |  28|   0|   28|          0|
    |mul_ln199_reg_16549                     |  29|   0|   29|          0|
    |mul_ln200_reg_16577                     |  28|   0|   28|          0|
    |r_fu_322                                |   7|   0|    7|          0|
    |select_ln160_1_reg_12460                |   7|   0|    7|          0|
    |select_ln160_2_reg_12465                |   7|   0|    7|          0|
    |select_ln160_reg_12453                  |   7|   0|    7|          0|
    |select_ln203_3_reg_16644                |  16|   0|   16|          0|
    |sum_10_reg_16095                        |  20|   0|   20|          0|
    |sum_12_reg_16123                        |  20|   0|   20|          0|
    |sum_14_reg_16151                        |  20|   0|   20|          0|
    |sum_16_reg_16179                        |  20|   0|   20|          0|
    |sum_18_reg_16207                        |  20|   0|   20|          0|
    |sum_20_reg_16235                        |  20|   0|   20|          0|
    |sum_22_reg_16263                        |  20|   0|   20|          0|
    |sum_24_reg_16291                        |  20|   0|   20|          0|
    |sum_26_reg_16319                        |  20|   0|   20|          0|
    |sum_28_reg_16347                        |  20|   0|   20|          0|
    |sum_2_reg_15988                         |  20|   0|   20|          0|
    |sum_30_reg_16375                        |  20|   0|   20|          0|
    |sum_32_reg_16403                        |  20|   0|   20|          0|
    |sum_34_reg_16431                        |  20|   0|   20|          0|
    |sum_36_reg_16459                        |  20|   0|   20|          0|
    |sum_38_reg_16487                        |  20|   0|   20|          0|
    |sum_40_reg_16505                        |  20|   0|   20|          0|
    |sum_42_reg_16538                        |  20|   0|   20|          0|
    |sum_44_reg_16566                        |  20|   0|   20|          0|
    |sum_46_reg_16594                        |  20|   0|   20|          0|
    |sum_48_reg_16612                        |  20|   0|   20|          0|
    |sum_49_reg_16628                        |  20|   0|   20|          0|
    |sum_4_reg_16016                         |  20|   0|   20|          0|
    |sum_6_reg_16044                         |  20|   0|   20|          0|
    |sum_8_reg_16062                         |  20|   0|   20|          0|
    |sum_reg_15961                           |  11|   0|   11|          0|
    |tmp_100_reg_15836                       |  16|   0|   16|          0|
    |tmp_100_reg_15836_pp0_iter15_reg        |  16|   0|   16|          0|
    |tmp_103_reg_12528                       |   5|   0|    5|          0|
    |tmp_103_reg_12528_pp0_iter11_reg        |   5|   0|    5|          0|
    |tmp_108_reg_15841                       |  16|   0|   16|          0|
    |tmp_111_reg_12493                       |   5|   0|    5|          0|
    |tmp_112_reg_12553                       |   5|   0|    5|          0|
    |tmp_113_reg_12498                       |   5|   0|    5|          0|
    |tmp_118_reg_15846                       |  16|   0|   16|          0|
    |tmp_121_reg_12681                       |   4|   0|    4|          0|
    |tmp_122_reg_15955                       |   1|   0|    1|          0|
    |tmp_123_reg_15966                       |   1|   0|    1|          0|
    |tmp_128_reg_15852                       |  16|   0|   16|          0|
    |tmp_131_reg_12686                       |   4|   0|    4|          0|
    |tmp_132_reg_15981                       |   1|   0|    1|          0|
    |tmp_133_reg_15976                       |   1|   0|    1|          0|
    |tmp_133_reg_15976_pp0_iter16_reg        |   1|   0|    1|          0|
    |tmp_134_reg_15993                       |   1|   0|    1|          0|
    |tmp_138_reg_15857                       |  16|   0|   16|          0|
    |tmp_142_reg_16009                       |   1|   0|    1|          0|
    |tmp_143_reg_16004                       |   1|   0|    1|          0|
    |tmp_143_reg_16004_pp0_iter17_reg        |   1|   0|    1|          0|
    |tmp_144_reg_16021                       |   1|   0|    1|          0|
    |tmp_148_reg_15862                       |  16|   0|   16|          0|
    |tmp_152_reg_12691                       |   4|   0|    4|          0|
    |tmp_153_reg_16037                       |   1|   0|    1|          0|
    |tmp_154_reg_16032                       |   1|   0|    1|          0|
    |tmp_154_reg_16032_pp0_iter18_reg        |   1|   0|    1|          0|
    |tmp_158_reg_15867                       |  16|   0|   16|          0|
    |tmp_161_reg_16049                       |   1|   0|    1|          0|
    |tmp_163_reg_12696                       |   4|   0|    4|          0|
    |tmp_168_reg_15872                       |  16|   0|   16|          0|
    |tmp_172_reg_16055                       |   1|   0|    1|          0|
    |tmp_173_reg_16067                       |   1|   0|    1|          0|
    |tmp_174_reg_16072                       |   1|   0|    1|          0|
    |tmp_178_reg_15877                       |  16|   0|   16|          0|
    |tmp_182_reg_16088                       |   1|   0|    1|          0|
    |tmp_183_reg_16083                       |   1|   0|    1|          0|
    |tmp_183_reg_16083_pp0_iter20_reg        |   1|   0|    1|          0|
    |tmp_184_reg_16100                       |   1|   0|    1|          0|
    |tmp_188_reg_15882                       |  16|   0|   16|          0|
    |tmp_192_reg_16116                       |   1|   0|    1|          0|
    |tmp_193_reg_16111                       |   1|   0|    1|          0|
    |tmp_193_reg_16111_pp0_iter21_reg        |   1|   0|    1|          0|
    |tmp_194_reg_16128                       |   1|   0|    1|          0|
    |tmp_198_reg_15887                       |  16|   0|   16|          0|
    |tmp_202_reg_16144                       |   1|   0|    1|          0|
    |tmp_203_reg_16139                       |   1|   0|    1|          0|
    |tmp_203_reg_16139_pp0_iter22_reg        |   1|   0|    1|          0|
    |tmp_204_reg_16156                       |   1|   0|    1|          0|
    |tmp_208_reg_15893                       |  16|   0|   16|          0|
    |tmp_212_reg_16172                       |   1|   0|    1|          0|
    |tmp_213_reg_16167                       |   1|   0|    1|          0|
    |tmp_213_reg_16167_pp0_iter23_reg        |   1|   0|    1|          0|
    |tmp_214_reg_16184                       |   1|   0|    1|          0|
    |tmp_218_reg_15898                       |  16|   0|   16|          0|
    |tmp_222_reg_16200                       |   1|   0|    1|          0|
    |tmp_223_reg_16195                       |   1|   0|    1|          0|
    |tmp_223_reg_16195_pp0_iter24_reg        |   1|   0|    1|          0|
    |tmp_224_reg_16212                       |   1|   0|    1|          0|
    |tmp_228_reg_15903                       |  16|   0|   16|          0|
    |tmp_232_reg_16228                       |   1|   0|    1|          0|
    |tmp_233_reg_16223                       |   1|   0|    1|          0|
    |tmp_233_reg_16223_pp0_iter25_reg        |   1|   0|    1|          0|
    |tmp_234_reg_16240                       |   1|   0|    1|          0|
    |tmp_238_reg_15908                       |  16|   0|   16|          0|
    |tmp_242_reg_16256                       |   1|   0|    1|          0|
    |tmp_243_reg_16251                       |   1|   0|    1|          0|
    |tmp_243_reg_16251_pp0_iter26_reg        |   1|   0|    1|          0|
    |tmp_244_reg_16268                       |   1|   0|    1|          0|
    |tmp_248_reg_15913                       |  16|   0|   16|          0|
    |tmp_252_reg_16284                       |   1|   0|    1|          0|
    |tmp_253_reg_16279                       |   1|   0|    1|          0|
    |tmp_253_reg_16279_pp0_iter27_reg        |   1|   0|    1|          0|
    |tmp_254_reg_16296                       |   1|   0|    1|          0|
    |tmp_258_reg_15918                       |  16|   0|   16|          0|
    |tmp_262_reg_16312                       |   1|   0|    1|          0|
    |tmp_263_reg_16307                       |   1|   0|    1|          0|
    |tmp_263_reg_16307_pp0_iter28_reg        |   1|   0|    1|          0|
    |tmp_264_reg_16324                       |   1|   0|    1|          0|
    |tmp_268_reg_15923                       |  16|   0|   16|          0|
    |tmp_272_reg_16340                       |   1|   0|    1|          0|
    |tmp_273_reg_16335                       |   1|   0|    1|          0|
    |tmp_273_reg_16335_pp0_iter29_reg        |   1|   0|    1|          0|
    |tmp_274_reg_16352                       |   1|   0|    1|          0|
    |tmp_278_reg_15928                       |  16|   0|   16|          0|
    |tmp_282_reg_16368                       |   1|   0|    1|          0|
    |tmp_283_reg_16363                       |   1|   0|    1|          0|
    |tmp_283_reg_16363_pp0_iter30_reg        |   1|   0|    1|          0|
    |tmp_284_reg_16380                       |   1|   0|    1|          0|
    |tmp_288_reg_15934                       |  16|   0|   16|          0|
    |tmp_292_reg_16396                       |   1|   0|    1|          0|
    |tmp_293_reg_16391                       |   1|   0|    1|          0|
    |tmp_293_reg_16391_pp0_iter31_reg        |   1|   0|    1|          0|
    |tmp_294_reg_16408                       |   1|   0|    1|          0|
    |tmp_298_reg_15939                       |  16|   0|   16|          0|
    |tmp_302_reg_16424                       |   1|   0|    1|          0|
    |tmp_303_reg_16419                       |   1|   0|    1|          0|
    |tmp_303_reg_16419_pp0_iter32_reg        |   1|   0|    1|          0|
    |tmp_304_reg_16436                       |   1|   0|    1|          0|
    |tmp_308_reg_15944                       |  16|   0|   16|          0|
    |tmp_312_reg_16452                       |   1|   0|    1|          0|
    |tmp_313_reg_16447                       |   1|   0|    1|          0|
    |tmp_313_reg_16447_pp0_iter33_reg        |   1|   0|    1|          0|
    |tmp_314_reg_16464                       |   1|   0|    1|          0|
    |tmp_318_reg_15949                       |  16|   0|   16|          0|
    |tmp_322_reg_16480                       |   1|   0|    1|          0|
    |tmp_323_reg_16475                       |   1|   0|    1|          0|
    |tmp_323_reg_16475_pp0_iter34_reg        |   1|   0|    1|          0|
    |tmp_324_reg_16492                       |   1|   0|    1|          0|
    |tmp_334_reg_16498                       |   1|   0|    1|          0|
    |tmp_341_reg_16510                       |   1|   0|    1|          0|
    |tmp_342_reg_16515                       |   1|   0|    1|          0|
    |tmp_344_reg_16531                       |   1|   0|    1|          0|
    |tmp_345_reg_16526                       |   1|   0|    1|          0|
    |tmp_345_reg_16526_pp0_iter36_reg        |   1|   0|    1|          0|
    |tmp_346_reg_16543                       |   1|   0|    1|          0|
    |tmp_348_reg_16559                       |   1|   0|    1|          0|
    |tmp_349_reg_16554                       |   1|   0|    1|          0|
    |tmp_349_reg_16554_pp0_iter37_reg        |   1|   0|    1|          0|
    |tmp_351_cast_reg_12543                  |   8|   0|    8|          0|
    |tmp_351_reg_16571                       |   1|   0|    1|          0|
    |tmp_352_cast_reg_12548                  |   8|   0|    8|          0|
    |tmp_353_reg_16587                       |   1|   0|    1|          0|
    |tmp_354_reg_16582                       |   1|   0|    1|          0|
    |tmp_354_reg_16582_pp0_iter38_reg        |   1|   0|    1|          0|
    |tmp_355_reg_16599                       |   1|   0|    1|          0|
    |tmp_359_reg_16605                       |   1|   0|    1|          0|
    |tmp_359_reg_16605_pp0_iter40_reg        |   1|   0|    1|          0|
    |tmp_360_reg_16617                       |   1|   0|    1|          0|
    |tmp_361_reg_16622                       |   1|   0|    1|          0|
    |tmp_361_reg_16622_pp0_iter40_reg        |   1|   0|    1|          0|
    |tmp_362_reg_16633                       |   1|   0|    1|          0|
    |tmp_88_reg_15826                        |  16|   0|   16|          0|
    |tmp_94_reg_15831                        |  16|   0|   16|          0|
    |trunc_ln160_reg_12587                   |   3|   0|    3|          0|
    |trunc_ln160_reg_12587_pp0_iter13_reg    |   3|   0|    3|          0|
    |trunc_ln161_1_reg_12652                 |   3|   0|    3|          0|
    |trunc_ln161_1_reg_12652_pp0_iter13_reg  |   3|   0|    3|          0|
    |trunc_ln161_reg_12480                   |   6|   0|    6|          0|
    |cmp14_reg_12533                         |  64|  32|    1|          0|
    |icmp_ln166_1_reg_12503                  |  64|  32|    1|          0|
    |icmp_ln166_reg_12488                    |  64|  32|    1|          0|
    |icmp_reg_12475                          |  64|  32|    1|          0|
    |select_ln160_2_reg_12465                |  64|  32|    7|          0|
    |tmp_108_reg_15841                       |  64|  32|   16|          0|
    |tmp_111_reg_12493                       |  64|  32|    5|          0|
    |tmp_113_reg_12498                       |  64|  32|    5|          0|
    |tmp_118_reg_15846                       |  64|  32|   16|          0|
    |tmp_128_reg_15852                       |  64|  32|   16|          0|
    |tmp_138_reg_15857                       |  64|  32|   16|          0|
    |tmp_148_reg_15862                       |  64|  32|   16|          0|
    |tmp_158_reg_15867                       |  64|  32|   16|          0|
    |tmp_168_reg_15872                       |  64|  32|   16|          0|
    |tmp_178_reg_15877                       |  64|  32|   16|          0|
    |tmp_188_reg_15882                       |  64|  32|   16|          0|
    |tmp_198_reg_15887                       |  64|  32|   16|          0|
    |tmp_208_reg_15893                       |  64|  32|   16|          0|
    |tmp_218_reg_15898                       |  64|  32|   16|          0|
    |tmp_228_reg_15903                       |  64|  32|   16|          0|
    |tmp_238_reg_15908                       |  64|  32|   16|          0|
    |tmp_248_reg_15913                       |  64|  32|   16|          0|
    |tmp_258_reg_15918                       |  64|  32|   16|          0|
    |tmp_268_reg_15923                       |  64|  32|   16|          0|
    |tmp_278_reg_15928                       |  64|  32|   16|          0|
    |tmp_288_reg_15934                       |  64|  32|   16|          0|
    |tmp_298_reg_15939                       |  64|  32|   16|          0|
    |tmp_308_reg_15944                       |  64|  32|   16|          0|
    |tmp_318_reg_15949                       |  64|  32|   16|          0|
    |trunc_ln161_reg_12480                   |  64|  32|    6|          0|
    +----------------------------------------+----+----+-----+-----------+
    |Total                                   |3875| 960| 2334|          0|
    +----------------------------------------+----+----+-----+-----------+



================================================================
== Interface
================================================================
* Summary: 
+--------------------------------+-----+-----+------------+-------------------------------------------------------+--------------+
|            RTL Ports           | Dir | Bits|  Protocol  |                     Source Object                     |    C Type    |
+--------------------------------+-----+-----+------------+-------------------------------------------------------+--------------+
|ap_clk                          |   in|    1|  ap_ctrl_hs|  stage_gaussian_Pipeline_GAUSSIAN_OUT_VITIS_LOOP_161_1|  return value|
|ap_rst                          |   in|    1|  ap_ctrl_hs|  stage_gaussian_Pipeline_GAUSSIAN_OUT_VITIS_LOOP_161_1|  return value|
|ap_start                        |   in|    1|  ap_ctrl_hs|  stage_gaussian_Pipeline_GAUSSIAN_OUT_VITIS_LOOP_161_1|  return value|
|ap_done                         |  out|    1|  ap_ctrl_hs|  stage_gaussian_Pipeline_GAUSSIAN_OUT_VITIS_LOOP_161_1|  return value|
|ap_idle                         |  out|    1|  ap_ctrl_hs|  stage_gaussian_Pipeline_GAUSSIAN_OUT_VITIS_LOOP_161_1|  return value|
|ap_ready                        |  out|    1|  ap_ctrl_hs|  stage_gaussian_Pipeline_GAUSSIAN_OUT_VITIS_LOOP_161_1|  return value|
|gaussian_stream_din             |  out|   16|     ap_fifo|                                        gaussian_stream|       pointer|
|gaussian_stream_full_n          |   in|    1|     ap_fifo|                                        gaussian_stream|       pointer|
|gaussian_stream_write           |  out|    1|     ap_fifo|                                        gaussian_stream|       pointer|
|gaussian_stream_num_data_valid  |   in|   32|     ap_fifo|                                        gaussian_stream|       pointer|
|gaussian_stream_fifo_cap        |   in|   32|     ap_fifo|                                        gaussian_stream|       pointer|
|grid_address0                   |  out|    8|   ap_memory|                                                   grid|         array|
|grid_ce0                        |  out|    1|   ap_memory|                                                   grid|         array|
|grid_q0                         |   in|   16|   ap_memory|                                                   grid|         array|
|grid_1_address0                 |  out|    8|   ap_memory|                                                 grid_1|         array|
|grid_1_ce0                      |  out|    1|   ap_memory|                                                 grid_1|         array|
|grid_1_q0                       |   in|   16|   ap_memory|                                                 grid_1|         array|
|grid_2_address0                 |  out|    8|   ap_memory|                                                 grid_2|         array|
|grid_2_ce0                      |  out|    1|   ap_memory|                                                 grid_2|         array|
|grid_2_q0                       |   in|   16|   ap_memory|                                                 grid_2|         array|
|grid_3_address0                 |  out|    8|   ap_memory|                                                 grid_3|         array|
|grid_3_ce0                      |  out|    1|   ap_memory|                                                 grid_3|         array|
|grid_3_q0                       |   in|   16|   ap_memory|                                                 grid_3|         array|
|grid_4_address0                 |  out|    8|   ap_memory|                                                 grid_4|         array|
|grid_4_ce0                      |  out|    1|   ap_memory|                                                 grid_4|         array|
|grid_4_q0                       |   in|   16|   ap_memory|                                                 grid_4|         array|
|grid_5_address0                 |  out|    8|   ap_memory|                                                 grid_5|         array|
|grid_5_ce0                      |  out|    1|   ap_memory|                                                 grid_5|         array|
|grid_5_q0                       |   in|   16|   ap_memory|                                                 grid_5|         array|
|grid_6_address0                 |  out|    8|   ap_memory|                                                 grid_6|         array|
|grid_6_ce0                      |  out|    1|   ap_memory|                                                 grid_6|         array|
|grid_6_q0                       |   in|   16|   ap_memory|                                                 grid_6|         array|
|grid_7_address0                 |  out|    8|   ap_memory|                                                 grid_7|         array|
|grid_7_ce0                      |  out|    1|   ap_memory|                                                 grid_7|         array|
|grid_7_q0                       |   in|   16|   ap_memory|                                                 grid_7|         array|
|grid_8_address0                 |  out|    8|   ap_memory|                                                 grid_8|         array|
|grid_8_ce0                      |  out|    1|   ap_memory|                                                 grid_8|         array|
|grid_8_q0                       |   in|   16|   ap_memory|                                                 grid_8|         array|
|grid_9_address0                 |  out|    8|   ap_memory|                                                 grid_9|         array|
|grid_9_ce0                      |  out|    1|   ap_memory|                                                 grid_9|         array|
|grid_9_q0                       |   in|   16|   ap_memory|                                                 grid_9|         array|
|grid_10_address0                |  out|    8|   ap_memory|                                                grid_10|         array|
|grid_10_ce0                     |  out|    1|   ap_memory|                                                grid_10|         array|
|grid_10_q0                      |   in|   16|   ap_memory|                                                grid_10|         array|
|grid_11_address0                |  out|    8|   ap_memory|                                                grid_11|         array|
|grid_11_ce0                     |  out|    1|   ap_memory|                                                grid_11|         array|
|grid_11_q0                      |   in|   16|   ap_memory|                                                grid_11|         array|
|grid_12_address0                |  out|    8|   ap_memory|                                                grid_12|         array|
|grid_12_ce0                     |  out|    1|   ap_memory|                                                grid_12|         array|
|grid_12_q0                      |   in|   16|   ap_memory|                                                grid_12|         array|
|grid_13_address0                |  out|    8|   ap_memory|                                                grid_13|         array|
|grid_13_ce0                     |  out|    1|   ap_memory|                                                grid_13|         array|
|grid_13_q0                      |   in|   16|   ap_memory|                                                grid_13|         array|
|grid_14_address0                |  out|    8|   ap_memory|                                                grid_14|         array|
|grid_14_ce0                     |  out|    1|   ap_memory|                                                grid_14|         array|
|grid_14_q0                      |   in|   16|   ap_memory|                                                grid_14|         array|
|grid_15_address0                |  out|    8|   ap_memory|                                                grid_15|         array|
|grid_15_ce0                     |  out|    1|   ap_memory|                                                grid_15|         array|
|grid_15_q0                      |   in|   16|   ap_memory|                                                grid_15|         array|
|grid_16_address0                |  out|    8|   ap_memory|                                                grid_16|         array|
|grid_16_ce0                     |  out|    1|   ap_memory|                                                grid_16|         array|
|grid_16_q0                      |   in|   16|   ap_memory|                                                grid_16|         array|
|grid_17_address0                |  out|    8|   ap_memory|                                                grid_17|         array|
|grid_17_ce0                     |  out|    1|   ap_memory|                                                grid_17|         array|
|grid_17_q0                      |   in|   16|   ap_memory|                                                grid_17|         array|
|grid_18_address0                |  out|    8|   ap_memory|                                                grid_18|         array|
|grid_18_ce0                     |  out|    1|   ap_memory|                                                grid_18|         array|
|grid_18_q0                      |   in|   16|   ap_memory|                                                grid_18|         array|
|grid_19_address0                |  out|    8|   ap_memory|                                                grid_19|         array|
|grid_19_ce0                     |  out|    1|   ap_memory|                                                grid_19|         array|
|grid_19_q0                      |   in|   16|   ap_memory|                                                grid_19|         array|
|grid_20_address0                |  out|    8|   ap_memory|                                                grid_20|         array|
|grid_20_ce0                     |  out|    1|   ap_memory|                                                grid_20|         array|
|grid_20_q0                      |   in|   16|   ap_memory|                                                grid_20|         array|
|grid_21_address0                |  out|    8|   ap_memory|                                                grid_21|         array|
|grid_21_ce0                     |  out|    1|   ap_memory|                                                grid_21|         array|
|grid_21_q0                      |   in|   16|   ap_memory|                                                grid_21|         array|
|grid_22_address0                |  out|    8|   ap_memory|                                                grid_22|         array|
|grid_22_ce0                     |  out|    1|   ap_memory|                                                grid_22|         array|
|grid_22_q0                      |   in|   16|   ap_memory|                                                grid_22|         array|
|grid_23_address0                |  out|    8|   ap_memory|                                                grid_23|         array|
|grid_23_ce0                     |  out|    1|   ap_memory|                                                grid_23|         array|
|grid_23_q0                      |   in|   16|   ap_memory|                                                grid_23|         array|
|grid_24_address0                |  out|    8|   ap_memory|                                                grid_24|         array|
|grid_24_ce0                     |  out|    1|   ap_memory|                                                grid_24|         array|
|grid_24_q0                      |   in|   16|   ap_memory|                                                grid_24|         array|
+--------------------------------+-----+-----+------------+-------------------------------------------------------+--------------+

