

================================================================
== Synthesis Summary Report of 'top_kernel'
================================================================
+ General Information: 
    * Date:           Sat Mar 28 22:38:22 2026
    * Version:        2025.1.1 (Build 6214317 on Sep 11 2025)
    * Project:        project_1
    * Solution:       hls (Vivado IP Flow Target)
    * Product family: zynquplus
    * Target device:  xczu3eg-sbva484-1-e
    

+ Performance & Resource Estimates: 
    
    PS: '+' for module; 'o' for loop; '*' for dataflow
    +-------------------------+------+------+---------+-----------+----------+---------+-------+----------+----------+----+-----------+-----------+-----+
    |         Modules         | Issue|      |       Latency       | Iteration|         |  Trip |          |          |    |           |           |     |
    |         & Loops         | Type | Slack| (cycles)|    (ns)   |  Latency | Interval| Count | Pipelined|   BRAM   | DSP|     FF    |    LUT    | URAM|
    +-------------------------+------+------+---------+-----------+----------+---------+-------+----------+----------+----+-----------+-----------+-----+
    |+ top_kernel             |     -|  3.11|  2622726|  2.623e+07|         -|  2622727|      -|        no|  64 (14%)|   -|  595 (~0%)|  1723 (2%)|    -|
    | o VITIS_LOOP_163_1      |     -|  7.30|   459008|  4.590e+06|      3586|        -|    128|        no|         -|   -|          -|          -|    -|
    |  o VITIS_LOOP_164_2     |     -|  7.30|     3584|  3.584e+04|        28|        -|    128|        no|         -|   -|          -|          -|    -|
    |   o VITIS_LOOP_167_3    |     -|  7.30|       24|    240.000|         8|        -|      3|        no|         -|   -|          -|          -|    -|
    |    o VITIS_LOOP_168_4   |     -|  7.30|        6|     60.000|         2|        -|      3|        no|         -|   -|          -|          -|    -|
    | o VITIS_LOOP_178_5      |     -|  7.30|  1032448|  1.032e+07|      8066|        -|    128|        no|         -|   -|          -|          -|    -|
    |  o VITIS_LOOP_179_6     |     -|  7.30|     8064|  8.064e+04|        63|        -|    128|        no|         -|   -|          -|          -|    -|
    |   o VITIS_LOOP_182_7    |     -|  7.30|       60|    600.000|        12|        -|      5|        no|         -|   -|          -|          -|    -|
    |    o VITIS_LOOP_183_8   |     -|  7.30|       10|    100.000|         2|        -|      5|        no|         -|   -|          -|          -|    -|
    | o VITIS_LOOP_193_9      |     -|  7.30|  1032448|  1.032e+07|      8066|        -|    128|        no|         -|   -|          -|          -|    -|
    |  o VITIS_LOOP_194_10    |     -|  7.30|     8064|  8.064e+04|        63|        -|    128|        no|         -|   -|          -|          -|    -|
    |   o VITIS_LOOP_197_11   |     -|  7.30|       60|    600.000|        12|        -|      5|        no|         -|   -|          -|          -|    -|
    |    o VITIS_LOOP_198_12  |     -|  7.30|       10|    100.000|         2|        -|      5|        no|         -|   -|          -|          -|    -|
    | o VITIS_LOOP_208_13     |     -|  7.30|    33024|  3.302e+05|       258|        -|    128|        no|         -|   -|          -|          -|    -|
    |  o VITIS_LOOP_209_14    |     -|  7.30|      256|  2.560e+03|         2|        -|    128|        no|         -|   -|          -|          -|    -|
    | o VITIS_LOOP_216_15     |     -|  7.30|    33024|  3.302e+05|       258|        -|    128|        no|         -|   -|          -|          -|    -|
    |  o VITIS_LOOP_217_16    |     -|  7.30|      256|  2.560e+03|         2|        -|    128|        no|         -|   -|          -|          -|    -|
    | o VITIS_LOOP_223_17     |     -|  7.30|    32768|  3.277e+05|         2|        -|  16384|        no|         -|   -|          -|          -|    -|
    +-------------------------+------+------+---------+-----------+----------+---------+-------+----------+----------+----+-----------+-----------+-----+


================================================================
== HW Interfaces
================================================================
* AP_MEMORY
+----------------+-----------+----------+
| Port           | Direction | Bitwidth |
+----------------+-----------+----------+
| in_r_address0  | out       | 14       |
| in_r_q0        | in        | 16       |
| out_r_address0 | out       | 14       |
| out_r_d0       | out       | 16       |
+----------------+-----------+----------+

* TOP LEVEL CONTROL
+-----------+------------+-----------------------------------+
| Interface | Type       | Ports                             |
+-----------+------------+-----------------------------------+
| ap_clk    | clock      | ap_clk                            |
| ap_rst    | reset      | ap_rst                            |
| ap_ctrl   | ap_ctrl_hs | ap_done ap_idle ap_ready ap_start |
+-----------+------------+-----------------------------------+


================================================================
== SW I/O Information
================================================================
* Top Function Arguments
+----------+-----------+---------------------------------------------+
| Argument | Direction | Datatype                                    |
+----------+-----------+---------------------------------------------+
| in       | in        | ap_fixed<16, 8, AP_TRN, AP_WRAP, 0> const * |
| out      | out       | ap_fixed<16, 8, AP_TRN, AP_WRAP, 0>*        |
+----------+-----------+---------------------------------------------+

* SW-to-HW Mapping
+----------+----------------+---------+----------+
| Argument | HW Interface   | HW Type | HW Usage |
+----------+----------------+---------+----------+
| in       | in_r_address0  | port    | offset   |
| in       | in_r_ce0       | port    |          |
| in       | in_r_q0        | port    |          |
| out      | out_r_address0 | port    | offset   |
| out      | out_r_ce0      | port    |          |
| out      | out_r_we0      | port    |          |
| out      | out_r_d0       | port    |          |
+----------+----------------+---------+----------+


================================================================
== Bind Op Report
================================================================
+----------------------------+-----+--------+---------------+--------+----------+---------+
| Name                       | DSP | Pragma | Variable      | Op     | Impl     | Latency |
+----------------------------+-----+--------+---------------+--------+----------+---------+
| + top_kernel               | 0   |        |               |        |          |         |
|   icmp_ln163_fu_572_p2     |     |        | icmp_ln163    | seteq  | auto     | 0       |
|   add_ln163_fu_578_p2      |     |        | add_ln163     | add    | fabric   | 0       |
|   cmp5_fu_596_p2           |     |        | cmp5          | seteq  | auto     | 0       |
|   cmp6_fu_602_p2           |     |        | cmp6          | setlt  | auto     | 0       |
|   brmerge_not_fu_608_p2    |     |        | brmerge_not   | xor    | auto     | 0       |
|   icmp_ln164_fu_619_p2     |     |        | icmp_ln164    | seteq  | auto     | 0       |
|   add_ln164_fu_625_p2      |     |        | add_ln164     | add    | fabric   | 0       |
|   add_ln170_fu_635_p2      |     |        | add_ln170     | add    | fabric   | 0       |
|   add_ln165_fu_657_p2      |     |        | add_ln165     | add    | fabric   | 0       |
|   icmp_ln165_fu_663_p2     |     |        | icmp_ln165    | setlt  | auto     | 0       |
|   and_ln165_fu_669_p2      |     |        | and_ln165     | and    | auto     | 0       |
|   icmp_ln167_fu_678_p2     |     |        | icmp_ln167    | seteq  | auto     | 0       |
|   empty_32_fu_692_p2       |     |        | empty_32      | add    | fabric   | 0       |
|   icmp_ln168_fu_705_p2     |     |        | icmp_ln168    | seteq  | auto     | 0       |
|   add_ln169_fu_715_p2      |     |        | add_ln169     | add    | fabric   | 0       |
|   add_ln169_1_fu_724_p2    |     |        | add_ln169_1   | add    | fabric   | 0       |
|   sum_3_fu_746_p2          |     |        | sum_3         | add    | fabric   | 0       |
|   add_ln168_fu_734_p2      |     |        | add_ln168     | add    | fabric   | 0       |
|   add_ln167_fu_740_p2      |     |        | add_ln167     | add    | fabric   | 0       |
|   sub_ln170_1_fu_776_p2    |     |        | sub_ln170_1   | sub    | fabric   | 0       |
|   sub_ln170_fu_796_p2      |     |        | sub_ln170     | sub    | fabric   | 0       |
|   icmp_ln178_fu_805_p2     |     |        | icmp_ln178    | seteq  | auto     | 0       |
|   add_ln178_fu_811_p2      |     |        | add_ln178     | add    | fabric   | 0       |
|   icmp_fu_839_p2           |     |        | icmp          | seteq  | auto     | 0       |
|   cmp59_fu_845_p2          |     |        | cmp59         | setlt  | auto     | 0       |
|   brmerge33_not_fu_851_p2  |     |        | brmerge33_not | xor    | auto     | 0       |
|   icmp_ln179_fu_862_p2     |     |        | icmp_ln179    | seteq  | auto     | 0       |
|   add_ln179_fu_868_p2      |     |        | add_ln179     | add    | fabric   | 0       |
|   add_ln185_fu_878_p2      |     |        | add_ln185     | add    | fabric   | 0       |
|   icmp_ln180_fu_898_p2     |     |        | icmp_ln180    | setne  | auto     | 0       |
|   icmp_ln180_1_fu_904_p2   |     |        | icmp_ln180_1  | setlt  | auto     | 0       |
|   and_ln180_fu_910_p2      |     |        | and_ln180     | and    | auto     | 0       |
|   and_ln180_1_fu_916_p2    |     |        | and_ln180_1   | and    | auto     | 0       |
|   icmp_ln182_fu_925_p2     |     |        | icmp_ln182    | seteq  | auto     | 0       |
|   empty_33_fu_935_p2       |     |        | empty_33      | add    | fabric   | 0       |
|   icmp_ln183_fu_948_p2     |     |        | icmp_ln183    | seteq  | auto     | 0       |
|   add_ln184_fu_958_p2      |     |        | add_ln184     | add    | fabric   | 0       |
|   add_ln184_1_fu_968_p2    |     |        | add_ln184_1   | add    | fabric   | 0       |
|   icmp_ln184_fu_990_p2     |     |        | icmp_ln184    | setlt  | auto     | 0       |
|   select_ln184_fu_996_p3   |     |        | select_ln184  | select | auto_sel | 0       |
|   add_ln183_fu_978_p2      |     |        | add_ln183     | add    | fabric   | 0       |
|   add_ln182_fu_984_p2      |     |        | add_ln182     | add    | fabric   | 0       |
|   icmp_ln193_fu_1007_p2    |     |        | icmp_ln193    | seteq  | auto     | 0       |
|   add_ln193_fu_1013_p2     |     |        | add_ln193     | add    | fabric   | 0       |
|   icmp9_fu_1041_p2         |     |        | icmp9         | seteq  | auto     | 0       |
|   cmp125_fu_1047_p2        |     |        | cmp125        | setlt  | auto     | 0       |
|   brmerge36_not_fu_1053_p2 |     |        | brmerge36_not | xor    | auto     | 0       |
|   icmp_ln194_fu_1064_p2    |     |        | icmp_ln194    | seteq  | auto     | 0       |
|   add_ln194_fu_1070_p2     |     |        | add_ln194     | add    | fabric   | 0       |
|   add_ln200_fu_1080_p2     |     |        | add_ln200     | add    | fabric   | 0       |
|   icmp_ln195_fu_1100_p2    |     |        | icmp_ln195    | setne  | auto     | 0       |
|   icmp_ln195_1_fu_1106_p2  |     |        | icmp_ln195_1  | setlt  | auto     | 0       |
|   and_ln195_fu_1112_p2     |     |        | and_ln195     | and    | auto     | 0       |
|   and_ln195_1_fu_1118_p2   |     |        | and_ln195_1   | and    | auto     | 0       |
|   icmp_ln197_fu_1127_p2    |     |        | icmp_ln197    | seteq  | auto     | 0       |
|   empty_35_fu_1137_p2      |     |        | empty_35      | add    | fabric   | 0       |
|   icmp_ln198_fu_1150_p2    |     |        | icmp_ln198    | seteq  | auto     | 0       |
|   add_ln199_fu_1160_p2     |     |        | add_ln199     | add    | fabric   | 0       |
|   add_ln199_1_fu_1170_p2   |     |        | add_ln199_1   | add    | fabric   | 0       |
|   icmp_ln199_fu_1192_p2    |     |        | icmp_ln199    | setgt  | auto     | 0       |
|   select_ln199_fu_1198_p3  |     |        | select_ln199  | select | auto_sel | 0       |
|   add_ln198_fu_1180_p2     |     |        | add_ln198     | add    | fabric   | 0       |
|   add_ln197_fu_1186_p2     |     |        | add_ln197     | add    | fabric   | 0       |
|   icmp_ln208_fu_1209_p2    |     |        | icmp_ln208    | seteq  | auto     | 0       |
|   add_ln208_fu_1215_p2     |     |        | add_ln208     | add    | fabric   | 0       |
|   icmp_ln209_fu_1243_p2    |     |        | icmp_ln209    | seteq  | auto     | 0       |
|   add_ln209_fu_1249_p2     |     |        | add_ln209     | add    | fabric   | 0       |
|   add_ln210_fu_1259_p2     |     |        | add_ln210     | add    | fabric   | 0       |
|   sub_ln210_fu_1274_p2     |     |        | sub_ln210     | sub    | fabric   | 0       |
|   icmp_ln216_fu_1284_p2    |     |        | icmp_ln216    | seteq  | auto     | 0       |
|   add_ln216_fu_1290_p2     |     |        | add_ln216     | add    | fabric   | 0       |
|   icmp_ln217_fu_1391_p2    |     |        | icmp_ln217    | seteq  | auto     | 0       |
|   add_ln217_fu_1397_p2     |     |        | add_ln217     | add    | fabric   | 0       |
|   add_ln218_fu_1407_p2     |     |        | add_ln218     | add    | fabric   | 0       |
|   total_sum_2_fu_1433_p2   |     |        | total_sum_2   | add    | fabric   | 0       |
|   sub_ln221_fu_1324_p2     |     |        | sub_ln221     | sub    | fabric   | 0       |
|   sub_ln221_1_fu_1344_p2   |     |        | sub_ln221_1   | sub    | fabric   | 0       |
|   global_avg_fu_1374_p3    |     |        | global_avg    | select | auto_sel | 0       |
|   icmp_ln223_fu_1447_p2    |     |        | icmp_ln223    | seteq  | auto     | 0       |
|   add_ln223_fu_1453_p2     |     |        | add_ln223     | add    | fabric   | 0       |
|   icmp_ln224_fu_1477_p2    |     |        | icmp_ln224    | setgt  | auto     | 0       |
|   select_ln224_fu_1482_p3  |     |        | select_ln224  | select | auto_sel | 0       |
+----------------------------+-----+--------+---------------+--------+----------+---------+


================================================================
== Storage Report
================================================================
+----------------+--------+------+------+------+--------+------------+------+---------+------------------+
| Name           | Usage  | Type | BRAM | URAM | Pragma | Variable   | Impl | Latency | Bitwidth, Depth, |
|                |        |      |      |      |        |            |      |         | Banks            |
+----------------+--------+------+------+------+--------+------------+------+---------+------------------+
| + top_kernel   |        |      | 64   | 0    |        |            |      |         |                  |
|   stage1_out_U | ram_1p |      | 16   |      |        | stage1_out | auto | 1       | 16, 16384, 1     |
|   stage2_out_U | ram_1p |      | 16   |      |        | stage2_out | auto | 1       | 16, 16384, 1     |
|   stage3_out_U | ram_1p |      | 16   |      |        | stage3_out | auto | 1       | 16, 16384, 1     |
|   stage4_out_U | ram_1p |      | 16   |      |        | stage4_out | auto | 1       | 16, 16384, 1     |
+----------------+--------+------+------+------+--------+------------+------+---------+------------------+


================================================================
== Pragma Report
================================================================
  No pragmas found

